--------- beginning of main
02-24 20:20:32.814 W/auditd  (  334): type=2000 audit(0.0:1): initialized
--------- beginning of system
02-24 20:20:35.414 I/vold    (  337): Vold 3.0 (the awakening) firing up
02-24 20:20:35.414 V/vold    (  337): Detected support for: ext4 vfat
02-24 20:20:35.674 I/rmt_storage(  369): Shared memory initialised successfully.
02-24 20:20:35.689 I/rmt_storage(  369): No EBR found
02-24 20:20:35.689 I/rmt_storage(  369): Error (-1) parsing MBR partitions
02-24 20:20:35.689 I/rmt_storage(  369): Registering modemst1: 0x4a /boot/modem_fs1
02-24 20:20:35.689 I/rmt_storage(  369): Registering modemst2: 0x4b /boot/modem_fs2
02-24 20:20:35.689 I/rmt_storage(  369): Registering fsc: 0xff /boot/modem_fsc
02-24 20:20:35.689 I/rmt_storage(  369): Registering fsg: 0x58 /boot/modem_fsg
02-24 20:20:35.689 I/rmt_storage(  369): 4 GPT partitions found
02-24 20:20:35.689 I/rmt_storage(  369): Capset success!
02-24 20:20:35.696 I/MSM-irqbalance(  372): msm-irq_balance (1.3) initialized
02-24 20:20:35.696 I/MSM-irqbalance(  372): Configuration
02-24 20:20:35.696 I/MSM-irqbalance(  372): Rate: 0.2 Hz
02-24 20:20:35.696 I/MSM-irqbalance(  372): Decay Factor: 75.0
02-24 20:20:35.696 I/MSM-irqbalance(  372): Balancing Factor: 0.1
02-24 20:20:35.696 I/MSM-irqbalance(  372): Debug Log: OFF
02-24 20:20:35.696 I/MSM-irqbalance(  372): Cfg file: /vendor/etc/msm_irqbalance.conf
02-24 20:20:35.696 I/MSM-irqbalance(  372): CPU PRIO: CPU0: 1 CPU1: 1 CPU2: 1 CPU3: 1 CPU4: 0 CPU5: 0 
02-24 20:20:35.696 I/MSM-irqbalance(  372): Ignored IRQs: 20 40 200 203 155 157 
02-24 20:20:35.701 I/lowmemorykiller(  366): Using in-kernel low memory killer interface
02-24 20:20:35.705 D/QSEECOMD: (  371): qseecom listener services process entry PPID = 1
02-24 20:20:35.705 E/QSEECOMD: (  371): Listener: index = 0, hierarchy = 0
02-24 20:20:35.709 D/QSEECOMD: (  371): Init dlopen(librpmb.so, RTLD_NOW) succeeds
02-24 20:20:35.709 D/QSEECOMD: (  371): Init::Init dlsym(g_FSHandle rpmb_init_service) succeeds
02-24 20:20:35.709 I/rpmb_emmc(  371): RPMB Mult = 16384, Rel_sec_cnt = 1
02-24 20:20:35.709 E/DrmLibRpmb(  371): rpmb_init succeeded! with ret = 0
02-24 20:20:35.709 D/QSEECOMD: (  371): Init rpmb_init_service ret = 0
02-24 20:20:35.709 D/QSEECOMD: (  371): RPMB system services: init (Listener ID = 8192)
02-24 20:20:35.709 E/QSEECOMD: (  371): Listener: index = 1, hierarchy = 0
02-24 20:20:35.720 D/QSEECOMD: (  371): Init dlopen(libssd.so, RTLD_NOW) succeeds
02-24 20:20:35.721 D/QSEECOMD: (  371): Init::Init dlsym(g_FSHandle ssd_init_service) succeeds
02-24 20:20:35.721 E/SSD     (  371): ssd_init_service succeeded!
02-24 20:20:35.721 D/QSEECOMD: (  371): Init ssd_init_service ret = 0
02-24 20:20:35.721 D/QSEECOMD: (  371): SSD system services: init (Listener ID = 12288)
02-24 20:20:35.721 E/QSEECOMD: (  371): Listener: index = 2, hierarchy = 0
02-24 20:20:35.721 E/QSEECOMD: (  371): Init dlopen(libsecureui.so, RLTD_NOW) is failed....
02-24 20:20:35.721 D/QSEECOMD: (  371): SEC_UI_INIT failed, shall not start secure ui listener
02-24 20:20:35.721 E/QSEECOMD: (  371): Listener: index = 5, hierarchy = 0
02-24 20:20:35.721 E/QSEECOMD: (  371): Init dlopen(libmdtp.so, RLTD_NOW) is failed....
02-24 20:20:35.721 D/QSEECOMD: (  371): ERROR: MDTP_INIT failed, shall not start MDTP listener
02-24 20:20:35.722 D/QSEECOMD: (  371): Parent qseecom daemon process paused!! 
02-24 20:20:35.722 D/QSEECOMD: (  382): qseecom listener service threads starting!!! 
02-24 20:20:35.722 D/QSEECOMD: (  382): Total listener services to start = 7
02-24 20:20:35.722 E/QSEECOMD: (  382): Listener: index = 0, hierarchy = 1
02-24 20:20:35.722 D/QSEECOMD: (  382): Init dlopen(librpmb.so, RTLD_NOW) succeeds
02-24 20:20:35.722 D/QSEECOMD: (  382): Init::Init dlsym(g_FSHandle rpmb_start) succeeds
02-24 20:20:35.722 D/QSEECOMAPI: (  382): QSEECom_register_listener 8192 sb_length = 0x5000
02-24 20:20:35.723 I/libmdmdetect(  370): ESOC framework not supported
02-24 20:20:35.723 D/QSEECOMD: (  382): Init rpmb_start ret = 0
02-24 20:20:35.724 D/QSEECOMD: (  382): RPMB system services: Started (Listener ID = 8192)
02-24 20:20:35.724 E/QSEECOMD: (  382): Listener: index = 1, hierarchy = 1
02-24 20:20:35.724 D/QSEECOMD: (  382): Init dlopen(libssd.so, RTLD_NOW) succeeds
02-24 20:20:35.724 D/QSEECOMD: (  382): Init::Init dlsym(g_FSHandle ssd_start) succeeds
02-24 20:20:35.724 D/QSEECOMAPI: (  382): QSEECom_register_listener 12288 sb_length = 0x5000
02-24 20:20:35.724 I/libmdmdetect(  370): Found internal modem: modem
02-24 20:20:35.724 D/QSEECOMD: (  382): Init ssd_start ret = 0
02-24 20:20:35.724 D/QSEECOMD: (  382): SSD system services: Started (Listener ID = 12288)
02-24 20:20:35.724 E/QSEECOMD: (  382): Listener: index = 2, hierarchy = 1
02-24 20:20:35.725 E/QSEECOMD: (  382): Init dlopen(libsecureui.so, RLTD_NOW) is failed....
02-24 20:20:35.725 E/QSEECOMD: (  382): Listener: index = 3, hierarchy = 1
02-24 20:20:35.726 I/PerMgrSrv(  370): Peripheral Mananager service start
02-24 20:20:35.726 I/PerMgrSrv(  370): power-off timeout 500,ms; event-ack timeout 200,ms; debug-mode false
02-24 20:20:35.726 I/PerMgrSrv(  370): Statistics for : modem
02-24 20:20:35.727 I/PerMgrSrv(  370): modem: Current State : is off-line
02-24 20:20:35.727 I/PerMgrSrv(  370): modem: Voter/Listener count : 0/0
02-24 20:20:35.727 I/PerMgrSrv(  370): modem: Power on count : 0
02-24 20:20:35.727 I/PerMgrSrv(  370): modem: Power off count: 0
02-24 20:20:35.727 I/PerMgrSrv(  370): modem: Client list:
02-24 20:20:35.727 I/PerMgrSrv(  370): QMI service start
02-24 20:20:35.748 D/QSEECOMD: (  382): Init dlopen(libdrmtime.so, RTLD_NOW) succeeds
02-24 20:20:35.748 D/QSEECOMD: (  382): Init::Init dlsym(g_FSHandle atime_start) succeeds
02-24 20:20:35.749 D/DrmLibTime(  382): QSEE Time Listener: atime_start
02-24 20:20:35.749 D/QSEECOMAPI: (  382): QSEECom_register_listener 11 sb_length = 0x5000
02-24 20:20:35.750 D/DrmLibTime(  382): registering fs service to QSEECom is done!
02-24 20:20:35.750 D/DrmLibTime(  382): begin to create a thread!
02-24 20:20:35.750 D/DrmLibTime(  382): Creating a pthread in atime_start is done! return 0
02-24 20:20:35.750 D/QSEECOMD: (  382): Init atime_start ret = 0
02-24 20:20:35.750 D/DrmLibTime(  382): QSEE Time Listener: dispatch
02-24 20:20:35.750 D/QSEECOMD: (  382): time services: Started (Listener ID = 11)
02-24 20:20:35.750 D/DrmLibTime(  382): before calling ioctl to read the next time_cmd
02-24 20:20:35.750 E/QSEECOMD: (  382): Listener: index = 4, hierarchy = 1
02-24 20:20:35.750 D/QSEECOMD: (  382): Init dlopen(libdrmfs.so, RTLD_NOW) succeeds
02-24 20:20:35.750 D/QSEECOMD: (  382): Init::Init dlsym(g_FSHandle fs_start) succeeds
02-24 20:20:35.750 D/QSEECOMAPI: (  382): QSEECom_register_listener 10 sb_length = 0x5000
02-24 20:20:35.751 D/QSEECOMD: (  382): Init fs_start ret = 0
02-24 20:20:35.751 D/QSEECOMD: (  382): file system services: Started (Listener ID = 10)
02-24 20:20:35.751 E/QSEECOMD: (  382): Listener: index = 5, hierarchy = 1
02-24 20:20:35.751 E/QSEECOMD: (  382): Init dlopen(libmdtp.so, RLTD_NOW) is failed....
02-24 20:20:35.751 E/QSEECOMD: (  382): Listener: index = 6, hierarchy = 1
02-24 20:20:35.751 D/QSEECOMD: (  382): Init dlopen(libdrmfs.so, RTLD_NOW) succeeds
02-24 20:20:35.751 D/QSEECOMD: (  382): Init::Init dlsym(g_FSHandle gpfs_start) succeeds
02-24 20:20:35.751 D/QSEECOMAPI: (  382): QSEECom_register_listener 28672 sb_length = 0x7e000
02-24 20:20:35.756 D/QSEECOMD: (  382): Init gpfs_start ret = 0
02-24 20:20:35.756 D/QSEECOMD: (  382): gpfile system services: Started (Listener ID = 28672)
02-24 20:20:35.757 D/QSEECOMAPI: (  382): QSEECom_get_handle sb_length = 0x400
02-24 20:20:35.757 D/QSEECOMAPI: (  382): App is not loaded in QSEE
02-24 20:20:35.758 E/QSEECOMAPI: (  382): Error::Cannot open the file /firmware/image/keymaste.mdt
02-24 20:20:35.758 E/QSEECOMAPI: (  382): Error::Loading image failed with ret = -1
02-24 20:20:35.758 E/QSEECOMD: (  382): Loading keymaster app failed
02-24 20:20:35.758 D/QSEECOMD: (  382): QSEECOM DAEMON RUNNING 
02-24 20:20:35.785 I/SurfaceFlinger(  368): SurfaceFlinger is starting
02-24 20:20:35.786 I/SurfaceFlinger(  368): SurfaceFlinger's main thread ready to run. Initializing graphics H/W...
02-24 20:20:35.795 D/libEGL  (  368): loaded /vendor/lib64/egl/libEGL_adreno.so
02-24 20:20:35.847 D/VoldCryptCmdListener(  337): cryptfs mountdefaultencrypted
02-24 20:20:35.847 I/Ext4Crypt(  337): ext4 crypto complete called on /data
02-24 20:20:35.847 I/Ext4Crypt(  337): No master key, so not ext4enc
02-24 20:20:35.848 I/Cryptfs (  337): cryptfs_check_passwd
02-24 20:20:35.848 I/Ext4Crypt(  337): ext4 crypto complete called on /data
02-24 20:20:35.848 I/Ext4Crypt(  337): No master key, so not ext4enc
02-24 20:20:35.848 D/Cryptfs (  337): crypt_ftr->fs_size = 22994908
02-24 20:20:35.849 I/Cryptfs (  337): Using scrypt with keymaster for cryptfs KDF
02-24 20:20:35.861 E/PerMgrProxy(  406): Starting pm-proxy service
02-24 20:20:35.861 I/libmdmdetect(  406): ESOC framework not supported
02-24 20:20:35.861 I/libmdmdetect(  406): Found internal modem: modem
02-24 20:20:35.862 I/PerMgrProxy(  406): Found internal modem
02-24 20:20:35.862 D/PerMgrSrv(  370): modem state: is off-line, add client PM-PROXY-THREAD
02-24 20:20:35.863 D/PerMgrSrv(  370): PM-PROXY-THREAD registered
02-24 20:20:35.863 D/PerMgrLib(  406): PM-PROXY-THREAD successfully registered for modem
02-24 20:20:35.863 I/PerMgrProxy(  406): pm-proxy-thread Voting for internal modem
02-24 20:20:35.863 D/PerMgrLib(  406): PM-PROXY-THREAD voting for modem
02-24 20:20:35.863 D/PerMgrSrv(  370): PM-PROXY-THREAD voting for modem
02-24 20:20:35.863 D/PerMgrSrv(  370): modem new state: going on-line
02-24 20:20:35.863 D/PerMgrSrv(  370): modem num voters is 1
02-24 20:20:35.954 D/libEGL  (  368): loaded /vendor/lib64/egl/libGLESv1_CM_adreno.so
02-24 20:20:35.965 D/libEGL  (  368): loaded /vendor/lib64/egl/libGLESv2_adreno.so
02-24 20:20:35.988 I/Adreno  (  368): QUALCOMM build                   : 63c06b2, I8366cd0437
02-24 20:20:35.988 I/Adreno  (  368): Build Date                       : 10/21/15
02-24 20:20:35.988 I/Adreno  (  368): OpenGL ES Shader Compiler Version: XE031.05.13.02
02-24 20:20:35.988 I/Adreno  (  368): Local Branch                     : 
02-24 20:20:35.988 I/Adreno  (  368): Remote Branch                    : quic/LA.BF64.1.2.9_v2
02-24 20:20:35.988 I/Adreno  (  368): Remote Branch                    : NONE
02-24 20:20:35.988 I/Adreno  (  368): Reconstruct Branch               : NOTHING
02-24 20:20:36.148 I/qdutils (  368): PartialUpdate status: Enabled
02-24 20:20:36.148 I/qdutils (  368): Left Align: 0
02-24 20:20:36.148 I/qdutils (  368): Width Align: 0
02-24 20:20:36.148 I/qdutils (  368): Top Align: 16
02-24 20:20:36.148 I/qdutils (  368): Height Align: 16
02-24 20:20:36.148 I/qdutils (  368): Min ROI Width: 1080
02-24 20:20:36.148 I/qdutils (  368): Min ROI Height: 0
02-24 20:20:36.149 I/qdutils (  368): Needs ROI Merge: 0
02-24 20:20:36.149 I/qdutils (  368): Dynamic Fps: Disabled
02-24 20:20:36.149 I/qdutils (  368): Min Panel fps: 0
02-24 20:20:36.149 I/qdutils (  368): Max Panel fps: 0
02-24 20:20:36.149 D/qdutils (  368): int qdutils::getHDMINode(): fb node 2 not present
02-24 20:20:36.149 I/qdutils (  368): int qdutils::getHDMINode(): No HDMI node on this device
02-24 20:20:36.151 W/qdhwcomposer(  368): Unable to load libmm-qdcm
02-24 20:20:36.151 I/qdhwcomposer(  368): Initializing Qualcomm Hardware Composer
02-24 20:20:36.151 I/qdhwcomposer(  368): MDP version: 500
02-24 20:20:36.151 I/SurfaceFlinger(  368): Using composer version 1.5
02-24 20:20:36.151 I/qdhwcomposer(  368): hwc_registerProcs
02-24 20:20:36.151 I/qdhwcomposer(  368): Initializing UEVENT Thread
02-24 20:20:36.151 I/qdhwcomposer(  368): Initializing VSYNC Thread
02-24 20:20:36.152 D/qdhwcomposer(  368): hwc_getDisplayAttributes disp = 0, width = 1080
02-24 20:20:36.152 D/qdhwcomposer(  368): hwc_getDisplayAttributes disp = 0, height = 1920
02-24 20:20:36.152 E/qdhwcomposer(  368): hwc_getDisplayConfigs display (1) is inactive
02-24 20:20:36.152 I/qdhwcomposer(  368): vsync_loop: Reading event 0 for dpy 0 from /sys/class/graphics/fb0/vsync_event
02-24 20:20:36.152 I/qdhwcomposer(  368): vsync_loop: Reading event 1 for dpy 0 from /sys/class/graphics/fb0/show_blank_event
02-24 20:20:36.152 I/qdhwcomposer(  368): vsync_loop: Reading event 2 for dpy 0 from /sys/class/graphics/fb0/msm_fb_thermal_level
02-24 20:20:36.152 I/qdhwcomposer(  368): vsync_loop: Reading event 0 for dpy 1 from /sys/class/graphics/fb-1/vsync_event
02-24 20:20:36.152 I/qdhwcomposer(  368): vsync_loop: Reading event 1 for dpy 1 from /sys/class/graphics/fb-1/show_blank_event
02-24 20:20:36.152 I/qdhwcomposer(  368): vsync_loop: Reading event 2 for dpy 1 from /sys/class/graphics/fb-1/msm_fb_thermal_level
02-24 20:20:36.153 I/SurfaceFlinger(  368): EGL information:
02-24 20:20:36.153 I/SurfaceFlinger(  368): vendor    : Android
02-24 20:20:36.153 I/SurfaceFlinger(  368): version   : 1.4 Android META-EGL
02-24 20:20:36.153 I/SurfaceFlinger(  368): extensions: EGL_KHR_get_all_proc_addresses EGL_ANDROID_presentation_time EGL_KHR_swap_buffers_with_damage EGL_KHR_image EGL_KHR_image_base EGL_KHR_lock_surface EGL_KHR_gl_texture_2D_image EGL_KHR_gl_texture_3D_image EGL_KHR_gl_texture_cubemap_image EGL_KHR_gl_renderbuffer_image EGL_KHR_reusable_sync EGL_KHR_fence_sync EGL_KHR_create_context EGL_KHR_surfaceless_context EGL_EXT_create_context_robustness EGL_ANDROID_image_native_buffer EGL_KHR_wait_sync EGL_ANDROID_recordable EGL_KHR_partial_update EGL_KHR_create_context_no_error 
02-24 20:20:36.153 I/SurfaceFlinger(  368): Client API: OpenGL_ES
02-24 20:20:36.153 I/SurfaceFlinger(  368): EGLSurface: 8-8-8-8, config=0x7fa9951900
02-24 20:20:36.158 I/SurfaceFlinger(  368): OpenGL ES informations:
02-24 20:20:36.158 I/SurfaceFlinger(  368): vendor    : Qualcomm
02-24 20:20:36.158 I/SurfaceFlinger(  368): renderer  : Adreno (TM) 418
02-24 20:20:36.158 I/SurfaceFlinger(  368): version   : OpenGL ES 3.1 V@127.0 (GIT@I8366cd0437)
02-24 20:20:36.158 I/SurfaceFlinger(  368): extensions: GL_OES_EGL_image GL_OES_EGL_image_external GL_OES_EGL_sync GL_OES_vertex_half_float GL_OES_framebuffer_object GL_OES_rgb8_rgba8 GL_OES_compressed_ETC1_RGB8_texture GL_AMD_compressed_ATC_texture GL_KHR_texture_compression_astc_ldr GL_OES_texture_npot GL_EXT_texture_filter_anisotropic GL_EXT_texture_format_BGRA8888 GL_OES_texture_3D GL_EXT_color_buffer_float GL_EXT_color_buffer_half_float GL_QCOM_alpha_test GL_OES_depth24 GL_OES_packed_depth_stencil GL_OES_depth_texture GL_OES_depth_texture_cube_map GL_EXT_sRGB GL_OES_texture_float GL_OES_texture_float_linear GL_OES_texture_half_float GL_OES_texture_half_float_linear GL_EXT_texture_type_2_10_10_10_REV GL_EXT_texture_sRGB_decode GL_OES_element_index_uint GL_EXT_copy_image GL_EXT_geometry_shader GL_EXT_tessellation_shader GL_OES_texture_stencil8 GL_EXT_shader_io_blocks GL_OES_shader_image_atomic GL_OES_sample_variables GL_EXT_texture_border_clamp GL_EXT_multisampled_render_to_texture GL_OES_shader_multisample_interpolation GL_EXT_texture_cube_map_arr
02-24 20:20:36.158 I/SurfaceFlinger(  368): GL_MAX_TEXTURE_SIZE = 16384
02-24 20:20:36.158 I/SurfaceFlinger(  368): GL_MAX_VIEWPORT_DIMS = 16384
02-24 20:20:36.160 D/SurfaceFlinger(  368): Set power mode=2, type=0 flinger=0x7fa9943c00
02-24 20:20:36.160 D/qdhwcomposer(  368): hwc_setPowerMode: Setting mode 2 on display: 0
02-24 20:20:36.160 D/qdhwcomposer(  368): hwc_setPowerMode: Done setting mode 2 on display 0
02-24 20:20:36.160 I/qdhwcomposer(  368): handle_blank_event: dpy:0 panel power state: 1
02-24 20:20:36.253 D/vold    (  337): Disk at 253:0 changed
02-24 20:20:36.275 D/libEGL  (  429): loaded /vendor/lib64/egl/libEGL_adreno.so
02-24 20:20:36.318 D/libEGL  (  429): loaded /vendor/lib64/egl/libGLESv1_CM_adreno.so
02-24 20:20:36.325 D/libEGL  (  429): loaded /vendor/lib64/egl/libGLESv2_adreno.so
02-24 20:20:36.336 I/Adreno  (  429): QUALCOMM build                   : 63c06b2, I8366cd0437
02-24 20:20:36.336 I/Adreno  (  429): Build Date                       : 10/21/15
02-24 20:20:36.336 I/Adreno  (  429): OpenGL ES Shader Compiler Version: XE031.05.13.02
02-24 20:20:36.336 I/Adreno  (  429): Local Branch                     : 
02-24 20:20:36.336 I/Adreno  (  429): Remote Branch                    : quic/LA.BF64.1.2.9_v2
02-24 20:20:36.336 I/Adreno  (  429): Remote Branch                    : NONE
02-24 20:20:36.336 I/Adreno  (  429): Reconstruct Branch               : NOTHING
02-24 20:20:36.354 E/BootAnimation(  429): couldn't find audio_conf.txt
02-24 20:20:36.399 I/Cryptfs (  337): keymaster module name is Keymaster QTI HAL
02-24 20:20:36.399 I/Cryptfs (  337): keymaster version is 256
02-24 20:20:36.399 I/Cryptfs (  337): Found keymaster1 module, using keymaster1 API.
02-24 20:20:36.400 D/QSEECOMAPI: (  337): QSEECom_get_handle sb_length = 0xa000
02-24 20:20:36.400 D/QSEECOMAPI: (  337): App is already loaded QSEE and app id = 3
02-24 20:20:36.401 E/keymaster1_device(  337): TA API Major Verion: 1
02-24 20:20:36.401 E/keymaster1_device(  337): TA API Minor Verion: 0
02-24 20:20:36.401 E/keymaster1_device(  337): TA Major Verion: 1
02-24 20:20:36.402 E/keymaster1_device(  337): TA Minor Verion: 5
02-24 20:20:36.402 I/Cryptfs (  337): Signing safely-padded object
02-24 20:20:36.439 D/DrmLibTime(  382): got the req here! ret=0
02-24 20:20:36.439 D/DrmLibTime(  382): command id, time_cmd_id = 770
02-24 20:20:36.439 D/DrmLibTime(  382): time_getutcsec starts!
02-24 20:20:36.439 D/DrmLibTime(  382): QSEE Time Listener: time_getutcsec
02-24 20:20:36.439 D/DrmLibTime(  382): QSEE Time Listener: get_utc_seconds
02-24 20:20:36.439 D/DrmLibTime(  382): QSEE Time Listener: time_get_modem_time
02-24 20:20:36.439 D/DrmLibTime(  382): QSEE Time Listener: Checking if ATS_MODEM is set or not.
02-24 20:20:36.439 D/QC-time-services(  382): Lib:time_genoff_operation: pargs->base = 13
02-24 20:20:36.439 D/QC-time-services(  382): Lib:time_genoff_operation: pargs->operation = 2
02-24 20:20:36.439 D/QC-time-services(  382): Lib:time_genoff_operation: pargs->ts_val = 0
02-24 20:20:36.440 E/QC-time-services(  382): Lib:time_genoff_operation: Connection failed !!
02-24 20:20:36.440 D/DrmLibTime(  382): QSEE Time Listener: ATS_MODEM is not set. Fallback to Android system time.
02-24 20:20:36.440 D/DrmLibTime(  382): QSEE Time Listener: Retrieved Android system time: 4735236
02-24 20:20:36.440 D/DrmLibTime(  382): time_getutcsec returns 0, sec = 4735236; nsec = 0
02-24 20:20:36.440 D/DrmLibTime(  382): time_getutcsec finished! 
02-24 20:20:36.440 D/DrmLibTime(  382): iotcl_continue_command finished! and return 0 
02-24 20:20:36.440 D/DrmLibTime(  382): before calling ioctl to read the next time_cmd
02-24 20:20:36.490 E/keymaster1_device(  337): HwKmClose
02-24 20:20:36.491 D/QSEECOMAPI: (  337): QSEECom_dealloc_memory 
02-24 20:20:36.492 D/QSEECOMAPI: (  337): QSEECom_shutdown_app, app_id = 3
02-24 20:20:36.920 D/SurfaceFlinger(  368): shader cache generated - 24 shaders in 377.395050 ms
02-24 20:20:36.933 D/qdutils (  368): DEBUG_CALC_FPS: 0
02-24 20:20:36.933 D/qdutils (  368): period: 10
02-24 20:20:36.933 D/qdutils (  368): ignorethresh_us: 500000
02-24 20:20:36.988 I/Cryptfs (  337): Enabling support for allow_discards in dmcrypt.
02-24 20:20:36.989 D/vold    (  337): Disk at 253:2 changed
02-24 20:20:37.486 I/Cryptfs (  337): Password matches
02-24 20:20:37.487 D/Cryptfs (  337): test_mount_encrypted_fs(): Master key saved
02-24 20:20:37.487 I/Cryptfs (  337): keymaster module name is Keymaster QTI HAL
02-24 20:20:37.487 I/Cryptfs (  337): keymaster version is 256
02-24 20:20:37.487 I/Cryptfs (  337): Found keymaster1 module, using keymaster1 API.
02-24 20:20:37.487 D/QSEECOMAPI: (  337): QSEECom_get_handle sb_length = 0xa000
02-24 20:20:37.487 D/QSEECOMAPI: (  337): App is already loaded QSEE and app id = 3
02-24 20:20:37.488 E/keymaster1_device(  337): TA API Major Verion: 1
02-24 20:20:37.488 E/keymaster1_device(  337): TA API Minor Verion: 0
02-24 20:20:37.488 E/keymaster1_device(  337): TA Major Verion: 1
02-24 20:20:37.488 E/keymaster1_device(  337): TA Minor Verion: 5
02-24 20:20:37.488 E/keymaster1_device(  337): HwKmClose
02-24 20:20:37.488 D/QSEECOMAPI: (  337): QSEECom_dealloc_memory 
02-24 20:20:37.488 D/QSEECOMAPI: (  337): QSEECom_shutdown_app, app_id = 3
02-24 20:20:37.488 D/Cryptfs (  337): Password is default - restarting filesystem
02-24 20:20:37.489 D/Cryptfs (  337): unmounting /data succeeded
02-24 20:20:37.501 D/PerMgrSrv(  370): modem new state: is on-line
02-24 20:20:37.567 I/rmt_storage(  369): rmt_storage_connect_cb: clnt_h=0x1 conn_h=0x7fad1ba000
02-24 20:20:37.567 I/rmt_storage(  369): rmt_storage_open_cb: /boot/modem_fs1: clnt_h=0x1: req_h=0x1 msg_id=1: Client found
02-24 20:20:37.567 I/rmt_storage(  369): rmt_storage_client_thread: /boot/modem_fs1: clnt_h=0x1 Worker thread started
02-24 20:20:37.567 I/rmt_storage(  369): rmt_storage_open_cb: /boot/modem_fs1: clnt_h=0x1: req_h=0x1 msg_id=1: Send response: res=0 err=0
02-24 20:20:37.567 I/rmt_storage(  369): wake lock name: rmt_storage_548361466944, name creation success: 24
02-24 20:20:37.567 I/rmt_storage(  369): rmt_storage_disconnect_cb: clnt_h=0x1 conn_h=0x7fad1ba000
02-24 20:20:37.567 I/rmt_storage(  369): rmt_storage_connect_cb: clnt_h=0x2 conn_h=0x7fad1ba000
02-24 20:20:37.567 I/rmt_storage(  369): rmt_storage_open_cb: /boot/modem_fs2: clnt_h=0x2: req_h=0x2 msg_id=1: Client found
02-24 20:20:37.567 I/rmt_storage(  369): rmt_storage_open_cb: /boot/modem_fs2: clnt_h=0x2: req_h=0x2 msg_id=1: Send response: res=0 err=0
02-24 20:20:37.567 I/rmt_storage(  369): rmt_storage_client_thread: /boot/modem_fs2: clnt_h=0x2 Worker thread started
02-24 20:20:37.567 I/rmt_storage(  369): wake lock name: rmt_storage_548360422464, name creation success: 24
02-24 20:20:37.568 I/rmt_storage(  369): rmt_storage_disconnect_cb: clnt_h=0x2 conn_h=0x7fad1ba000
02-24 20:20:37.568 I/rmt_storage(  369): rmt_storage_connect_cb: clnt_h=0x3 conn_h=0x7fad1ba000
02-24 20:20:37.568 I/rmt_storage(  369): rmt_storage_open_cb: /boot/modem_fsg: clnt_h=0x3: req_h=0x3 msg_id=1: Client found
02-24 20:20:37.568 I/rmt_storage(  369): rmt_storage_client_thread: /boot/modem_fsg: clnt_h=0x3 Worker thread started
02-24 20:20:37.568 I/rmt_storage(  369): rmt_storage_open_cb: /boot/modem_fsg: clnt_h=0x3: req_h=0x3 msg_id=1: Send response: res=0 err=0
02-24 20:20:37.568 I/rmt_storage(  369): wake lock name: rmt_storage_548359377984, name creation success: 24
02-24 20:20:37.568 I/rmt_storage(  369): rmt_storage_disconnect_cb: clnt_h=0x3 conn_h=0x7fad1ba000
02-24 20:20:37.568 I/rmt_storage(  369): rmt_storage_connect_cb: clnt_h=0x4 conn_h=0x7fad1ba000
02-24 20:20:37.569 I/rmt_storage(  369): rmt_storage_open_cb: /boot/modem_fsc: clnt_h=0x4: req_h=0x4 msg_id=1: Client found
02-24 20:20:37.569 I/rmt_storage(  369): rmt_storage_client_thread: /boot/modem_fsc: clnt_h=0x4 Worker thread started
02-24 20:20:37.569 I/rmt_storage(  369): rmt_storage_open_cb: /boot/modem_fsc: clnt_h=0x4: req_h=0x4 msg_id=1: Send response: res=0 err=0
02-24 20:20:37.569 I/rmt_storage(  369): wake lock name: rmt_storage_548358333504, name creation success: 24
02-24 20:20:37.569 I/rmt_storage(  369): rmt_storage_disconnect_cb: clnt_h=0x4 conn_h=0x7fad1ba000
02-24 20:20:37.569 I/rmt_storage(  369): rmt_storage_connect_cb: clnt_h=0x5 conn_h=0x7fad1ba000
02-24 20:20:37.569 I/rmt_storage(  369): rmt_storage_alloc_buff_cb: /boot/modem_fs1: clnt_h=0x5: req_h=0x5 msg_id=4: Alloc request received: Size: 0
02-24 20:20:37.569 I/rmt_storage(  369): rmt_storage_alloc_buff_cb: /boot/modem_fs1: clnt_h=0x5: req_h=0x5 msg_id=4: New client making a dummy request with buffer req size 0
02-24 20:20:37.569 I/rmt_storage(  369): rmt_storage_alloc_buff_cb: /boot/modem_fs1: clnt_h=0x5: req_h=0x5 msg_id=4: Send response: res=0 err=0
02-24 20:20:37.570 I/rmt_storage(  369): rmt_storage_disconnect_cb: clnt_h=0x5 conn_h=0x7fad1ba000
02-24 20:20:37.570 I/rmt_storage(  369): rmt_storage_connect_cb: clnt_h=0x6 conn_h=0x7fad1ba000
02-24 20:20:37.570 I/rmt_storage(  369): rmt_storage_rw_iovec_cb: /boot/modem_fs1: clnt_h=0x6: req_h=0x6 msg_id=3: R/W request received
02-24 20:20:37.570 I/rmt_storage(  369): wakelock acquired: 1, error no: 42
02-24 20:20:37.570 I/rmt_storage(  369): rmt_storage_client_thread: /boot/modem_fs1: clnt_h=0x6 Unblock worker thread (th_id: 548361466944)
02-24 20:20:37.571 I/rmt_storage(  369): rmt_storage_client_thread: /boot/modem_fs1: clnt_h=0x6: req_h=0x6 msg_id=3: Bytes read = 512
02-24 20:20:37.571 I/rmt_storage(  369): rmt_storage_client_thread: /boot/modem_fs1: clnt_h=0x6: req_h=0x6 msg_id=3: Send response: res=0 err=0
02-24 20:20:37.571 I/rmt_storage(  369): rmt_storage_client_thread: /boot/modem_fs1: clnt_h=0x6 About to block rmt_storage client thread (th_id: 548361466944) wakelock released: 1, error no: 0
02-24 20:20:37.571 I/rmt_storage(  369): 
02-24 20:20:37.571 I/rmt_storage(  369): rmt_storage_disconnect_cb: clnt_h=0x6 conn_h=0x7fad1ba000
02-24 20:20:37.571 I/rmt_storage(  369): rmt_storage_connect_cb: clnt_h=0x7 conn_h=0x7fad1ba000
02-24 20:20:37.571 I/rmt_storage(  369): rmt_storage_rw_iovec_cb: /boot/modem_fs2: clnt_h=0x7: req_h=0x7 msg_id=3: R/W request received
02-24 20:20:37.571 I/rmt_storage(  369): wakelock acquired: 1, error no: 42
02-24 20:20:37.571 I/rmt_storage(  369): rmt_storage_client_thread: /boot/modem_fs2: clnt_h=0x7 Unblock worker thread (th_id: 548360422464)
02-24 20:20:37.572 I/rmt_storage(  369): rmt_storage_client_thread: /boot/modem_fs2: clnt_h=0x7: req_h=0x7 msg_id=3: Bytes read = 512
02-24 20:20:37.572 I/rmt_storage(  369): rmt_storage_client_thread: /boot/modem_fs2: clnt_h=0x7: req_h=0x7 msg_id=3: Send response: res=0 err=0
02-24 20:20:37.572 I/rmt_storage(  369): rmt_storage_client_thread: /boot/modem_fs2: clnt_h=0x7 About to block rmt_storage client thread (th_id: 548360422464) wakelock released: 1, error no: 0
02-24 20:20:37.572 I/rmt_storage(  369): 
02-24 20:20:37.572 I/rmt_storage(  369): rmt_storage_disconnect_cb: clnt_h=0x7 conn_h=0x7fad1ba000
02-24 20:20:37.573 I/rmt_storage(  369): rmt_storage_connect_cb: clnt_h=0x8 conn_h=0x7fad1ba000
02-24 20:20:37.573 I/rmt_storage(  369): rmt_storage_rw_iovec_cb: /boot/modem_fs1: clnt_h=0x8: req_h=0x8 msg_id=3: R/W request received
02-24 20:20:37.573 I/rmt_storage(  369): wakelock acquired: 1, error no: 42
02-24 20:20:37.573 I/rmt_storage(  369): rmt_storage_client_thread: /boot/modem_fs1: clnt_h=0x8 Unblock worker thread (th_id: 548361466944)
02-24 20:20:37.581 I/rmt_storage(  369): rmt_storage_client_thread: /boot/modem_fs1: clnt_h=0x8: req_h=0x8 msg_id=3: Bytes read = 1571840
02-24 20:20:37.581 I/rmt_storage(  369): rmt_storage_client_thread: /boot/modem_fs1: clnt_h=0x8: req_h=0x8 msg_id=3: Send response: res=0 err=0
02-24 20:20:37.581 I/rmt_storage(  369): rmt_storage_client_thread: /boot/modem_fs1: clnt_h=0x8 About to block rmt_storage client thread (th_id: 548361466944) wakelock released: 1, error no: 0
02-24 20:20:37.581 I/rmt_storage(  369): 
02-24 20:20:37.581 I/rmt_storage(  369): rmt_storage_disconnect_cb: clnt_h=0x8 conn_h=0x7fad1ba000
02-24 20:20:37.609 D/Cryptfs (  337): Just triggered post_fs_data
02-24 20:20:37.657 I//system/bin/tzdatacheck(  479): tzdata file /data/misc/zoneinfo/current/tzdata does not exist. No action required.
02-24 20:20:37.710 D/Cryptfs (  337): post_fs_data done
02-24 20:20:37.710 D/Cryptfs (  337): Just triggered restart_framework
02-24 20:20:37.728 I/        (  483): debuggerd: starting
02-24 20:20:37.736 I/irsc_util(  491): Starting irsc tool
02-24 20:20:37.750 I/installd(  487): installd firing up
02-24 20:20:37.764 I/keystore(  490): Found keymaster1 module Keymaster QTI HAL, version 100
02-24 20:20:37.764 I/SoftKeymaster(  490): system/keymaster/soft_keymaster_device.cpp, Line 122: Creating device
02-24 20:20:37.764 D/SoftKeymaster(  490): system/keymaster/soft_keymaster_device.cpp, Line 123: Device address: 0x7fb21a3000
02-24 20:20:37.765 D/QSEECOMAPI: (  490): QSEECom_get_handle sb_length = 0xa000
02-24 20:20:37.765 D/QSEECOMAPI: (  490): App is already loaded QSEE and app id = 3
02-24 20:20:37.766 E/keymaster1_device(  490): TA API Major Verion: 1
02-24 20:20:37.767 E/keymaster1_device(  490): TA API Minor Verion: 0
02-24 20:20:37.767 E/keymaster1_device(  490): TA Major Verion: 1
02-24 20:20:37.767 E/keymaster1_device(  490): TA Minor Verion: 5
02-24 20:20:37.767 D/SoftKeymaster(  490): system/keymaster/soft_keymaster_device.cpp, Line 173: Reinitializing SoftKeymasterDevice to use HW keymaster1
02-24 20:20:37.771 I/keystore(  490): Keymaster1 module is incomplete, using SoftKeymasterDevice wrapper
02-24 20:20:37.771 I/SoftKeymaster(  490): system/keymaster/soft_keymaster_device.cpp, Line 122: Creating device
02-24 20:20:37.771 D/SoftKeymaster(  490): system/keymaster/soft_keymaster_device.cpp, Line 123: Device address: 0x7fb21a3300
02-24 20:20:37.785 I/Netd    (  481): Netd 1.0 starting
02-24 20:20:37.786 D/TetherController(  481): Setting IP forward enable = 0
02-24 20:20:37.789 E/Diag_Lib(  497):  Diag_LSM_Init: Failed to open handle to diag driver, error = 13
02-24 20:20:37.789 E/Diag_Lib(  497): qpLogDiagInit <== result : 0
02-24 20:20:37.789 E/Diag_Lib(  497): QMID : gIsQXDMDisabled 0, gIsADBDisabled 1, gIsDebugDisabled 0, gIsIMSLogsDisabled 0
02-24 20:20:37.789 E/Diag_Lib(  497):  Diag_LSM_Init: Failed to open handle to diag driver, error = 13
02-24 20:20:37.789 E/Diag_Lib(  497): qpLogDiagInit <== result : 0
02-24 20:20:37.789 E/Diag_Lib(  497): QMID : gIsQXDMDisabled 0, gIsADBDisabled 1, gIsDebugDisabled 0, gIsIMSLogsDisabled 0
02-24 20:20:37.789 E/Diag_Lib(  497):  Diag_LSM_Init: Failed to open handle to diag driver, error = 13
02-24 20:20:37.789 E/Diag_Lib(  497): qpLogDiagInit <== result : 0
02-24 20:20:37.789 E/Diag_Lib(  497): QMID : gIsQXDMDisabled 0, gIsADBDisabled 1, gIsDebugDisabled 0, gIsIMSLogsDisabled 0
02-24 20:20:37.789 E/Diag_Lib(  497):  Diag_LSM_Init: Failed to open handle to diag driver, error = 13
02-24 20:20:37.789 E/Diag_Lib(  497): qpLogDiagInit <== result : 0
02-24 20:20:37.789 E/Diag_Lib(  497): QMID : gIsQXDMDisabled 0, gIsADBDisabled 1, gIsDebugDisabled 0, gIsIMSLogsDisabled 0
02-24 20:20:37.789 E/Diag_Lib(  497):  Diag_LSM_Init: Failed to open handle to diag driver, error = 13
02-24 20:20:37.789 E/Diag_Lib(  497): qpLogDiagInit <== result : 0
02-24 20:20:37.789 E/Diag_Lib(  497): QMID : gIsQXDMDisabled 0, gIsADBDisabled 1, gIsDebugDisabled 0, gIsIMSLogsDisabled 0
02-24 20:20:37.789 E/Diag_Lib(  497):  Diag_LSM_Init: Failed to open handle to diag driver, error = 13
02-24 20:20:37.789 E/Diag_Lib(  497): qpLogDiagInit <== result : 0
02-24 20:20:37.790 E/Diag_Lib(  497): QMID : gIsQXDMDisabled 0, gIsADBDisabled 1, gIsDebugDisabled 0, gIsIMSLogsDisabled 0
02-24 20:20:37.790 I/rmt_storage(  369): rmt_storage_connect_cb: clnt_h=0x9 conn_h=0x7fad1ba000
02-24 20:20:37.790 I/rmt_storage(  369): rmt_storage_rw_iovec_cb: /boot/modem_fs2: clnt_h=0x9: req_h=0x9 msg_id=3: R/W request received
02-24 20:20:37.790 I/rmt_storage(  369): wakelock acquired: 1, error no: 42
02-24 20:20:37.790 I/rmt_storage(  369): rmt_storage_client_thread: /boot/modem_fs2: clnt_h=0x9 Unblock worker thread (th_id: 548360422464)
02-24 20:20:37.821 I/gatekeeperd(  501): Starting gatekeeperd...
02-24 20:20:37.826 E/Diag_Lib(  497):  Diag_LSM_Init: Failed to open handle to diag driver, error = 13
02-24 20:20:37.826 E/Diag_Lib(  497): qpLogDiagInit <== result : 0
02-24 20:20:37.826 E/Diag_Lib(  497): QMID : gIsQXDMDisabled 0, gIsADBDisabled 1, gIsDebugDisabled 0, gIsIMSLogsDisabled 0
02-24 20:20:37.826 E/Diag_Lib(  497):  Diag_LSM_Init: Failed to open handle to diag driver, error = 13
02-24 20:20:37.826 E/Diag_Lib(  497): qpLogDiagInit <== result : 0
02-24 20:20:37.826 E/Diag_Lib(  497): QMID : gIsQXDMDisabled 0, gIsADBDisabled 1, gIsDebugDisabled 0, gIsIMSLogsDisabled 0
02-24 20:20:37.827 E/Diag_Lib(  497):  Diag_LSM_Init: Failed to open handle to diag driver, error = 13
02-24 20:20:37.827 E/Diag_Lib(  497): qpLogDiagInit <== result : 0
02-24 20:20:37.827 E/Diag_Lib(  497): QMID : gIsQXDMDisabled 0, gIsADBDisabled 1, gIsDebugDisabled 0, gIsIMSLogsDisabled 0
02-24 20:20:37.845 I/rmt_storage(  369): rmt_storage_client_thread: /boot/modem_fs2: clnt_h=0x9: req_h=0x9 msg_id=3: Bytes written = 1572864
02-24 20:20:37.845 I/rmt_storage(  369): rmt_storage_client_thread: /boot/modem_fs2: clnt_h=0x9: req_h=0x9 msg_id=3: Send response: res=0 err=0
02-24 20:20:37.846 I/rmt_storage(  369): rmt_storage_client_thread: /boot/modem_fs2: clnt_h=0x9 About to block rmt_storage client thread (th_id: 548360422464) wakelock released: 1, error no: 0
02-24 20:20:37.846 I/rmt_storage(  369): 
02-24 20:20:37.846 I/rmt_storage(  369): rmt_storage_disconnect_cb: clnt_h=0x9 conn_h=0x7fad1ba000
02-24 20:20:37.890 D/gatekeeper_device(  501): HwKmOpen called
02-24 20:20:37.891 D/QSEECOMAPI: (  501): QSEECom_get_handle sb_length = 0xa000
02-24 20:20:37.891 D/QSEECOMAPI: (  501): App is already loaded QSEE and app id = 3
02-24 20:20:37.902 I/rmt_storage(  369): rmt_storage_connect_cb: clnt_h=0xa conn_h=0x7fad1ba000
02-24 20:20:37.902 I/rmt_storage(  369): rmt_storage_rw_iovec_cb: /boot/modem_fs1: clnt_h=0xa: req_h=0xa msg_id=3: R/W request received
02-24 20:20:37.902 I/rmt_storage(  369): wakelock acquired: 1, error no: 42
02-24 20:20:37.902 I/rmt_storage(  369): rmt_storage_client_thread: /boot/modem_fs1: clnt_h=0xa Unblock worker thread (th_id: 548361466944)
02-24 20:20:37.930 D/QC-time-services(  512): Daemon:genoff_pre_init::Base = 0
02-24 20:20:37.930 D/QC-time-services(  512): Daemon:ats_rtc_init: Time read from RTC -- year = 70, month = 1,day = 24
02-24 20:20:37.953 I/rmt_storage(  369): rmt_storage_client_thread: /boot/modem_fs1: clnt_h=0xa: req_h=0xa msg_id=3: Bytes written = 1572864
02-24 20:20:37.953 I/rmt_storage(  369): rmt_storage_client_thread: /boot/modem_fs1: clnt_h=0xa: req_h=0xa msg_id=3: Send response: res=0 err=0
02-24 20:20:37.953 I/rmt_storage(  369): rmt_storage_client_thread: /boot/modem_fs1: clnt_h=0xa About to block rmt_storage client thread (th_id: 548361466944) wakelock released: 1, error no: 0
02-24 20:20:37.953 I/rmt_storage(  369): 
02-24 20:20:37.953 I/rmt_storage(  369): rmt_storage_disconnect_cb: clnt_h=0xa conn_h=0x7fad1ba000
02-24 20:20:37.979 E/Diag_Lib(  511):  Diag_LSM_Init: Failed to open handle to diag driver, error = 13
02-24 20:20:37.979 E/QC-QMI  (  511): qmi_client [511]: unable to bind to client socket, rc = -1 errno[13:Permission denied]
02-24 20:20:37.979 E/QC-QMI  (  511): qmi_qmux_if_pwr_up_init_ex:  Initialization failed, rc = -1
02-24 20:20:37.979 E/QMI_FW  (  511): QMUXD: WARNING qmi_qmux_if_pwr_up_init failed! rc=-1
02-24 20:20:37.980 E/QC-QMI  (  511): qmi_client [511]: unable to bind to client socket, rc = -1 errno[13:Permission denied]
02-24 20:20:37.980 E/QC-QMI  (  511): qmi_qmux_if_pwr_up_init_ex:  Initialization failed, rc = -1
02-24 20:20:37.980 E/QMI_FW  (  511): QMUXD: WARNING qmi_qmux_if_pwr_up_init failed! rc=-1
02-24 20:20:37.980 E/QC-QMI  (  511): qmi_client [511]: unable to bind to client socket, rc = -1 errno[13:Permission denied]
02-24 20:20:37.980 E/QC-QMI  (  511): qmi_qmux_if_pwr_up_init_ex:  Initialization failed, rc = -1
02-24 20:20:37.980 E/QMI_FW  (  511): QMUXD: WARNING qmi_qmux_if_pwr_up_init failed! rc=-1
02-24 20:20:37.980 E/QC-QMI  (  511): qmi_client [511]: unable to bind to client socket, rc = -1 errno[13:Permission denied]
02-24 20:20:37.980 E/QC-QMI  (  511): qmi_qmux_if_pwr_up_init_ex:  Initialization failed, rc = -1
02-24 20:20:37.980 E/QMI_FW  (  511): QMUXD: WARNING qmi_qmux_if_pwr_up_init failed! rc=-1
02-24 20:20:37.988 I/fingerprintd(  517): Starting fingerprintd
02-24 20:20:38.007 I/irsc_util(  491): Num of entries:27
02-24 20:20:38.008 I/irsc_util(  491): Ending irsc tool
02-24 20:20:38.019 D/QC-time-services(  512): Daemon:Value read from RTC seconds = 4735237000
02-24 20:20:38.019 D/QC-time-services(  512): Daemon:genoff_init_config: ATS_RTC initialized with rc: 0
02-24 20:20:38.019 D/QC-time-services(  512): Daemon:genoff_pre_init::Base = 1
02-24 20:20:38.019 D/QC-time-services(  512): Daemon: Storage Name: ats_1 
02-24 20:20:38.019 D/QC-time-services(  512): Daemon:Opening File: /data/time/ats_1
02-24 20:20:38.019 D/QC-time-services(  512): Daemon:time_persistent_memory_opr:Genoff Read operation 
02-24 20:20:38.021 D/QC-time-services(  512): Daemon:genoff_pre_init::Base = 2
02-24 20:20:38.021 D/QC-time-services(  512): Daemon: Storage Name: ats_2 
02-24 20:20:38.021 D/QC-time-services(  512): Daemon:Opening File: /data/time/ats_2
02-24 20:20:38.021 D/QC-time-services(  512): Daemon:time_persistent_memory_opr:Genoff Read operation 
02-24 20:20:38.037 I/ThermalEngine(  496): Thermal daemon started
02-24 20:20:38.037 D/QC-time-services(  512): Daemon:genoff_pre_init::Base = 3
02-24 20:20:38.037 D/QC-time-services(  512): Daemon: Storage Name: ats_3 
02-24 20:20:38.037 D/QC-time-services(  512): Daemon:Opening File: /data/time/ats_3
02-24 20:20:38.037 D/QC-time-services(  512): Daemon:time_persistent_memory_opr:Genoff Read operation 
02-24 20:20:38.037 D/QC-time-services(  512): Daemon:Unable to open filefor read
02-24 20:20:38.037 I/ThermalEngine(  496): Using target config file '/system/etc/thermal-engine-8992.conf'
02-24 20:20:38.037 D/QC-time-services(  512): Daemon:genoff_post_init:Error in accessing storage
02-24 20:20:38.037 I/ThermalEngine(  496): devices_manager_init: Init
02-24 20:20:38.037 D/QC-time-services(  512): Daemon:genoff_pre_init::Base = 4
02-24 20:20:38.037 D/QC-time-services(  512): Daemon: Storage Name: ats_4 
02-24 20:20:38.037 D/QC-time-services(  512): Daemon:Opening File: /data/time/ats_4
02-24 20:20:38.037 D/QC-time-services(  512): Daemon:time_persistent_memory_opr:Genoff Read operation 
02-24 20:20:38.037 I/ThermalEngine(  496): Number of gpus :1
02-24 20:20:38.037 D/QC-time-services(  512): Daemon:Unable to open filefor read
02-24 20:20:38.038 D/QC-time-services(  512): Daemon:genoff_post_init:Error in accessing storage
02-24 20:20:38.038 D/QC-time-services(  512): Daemon:genoff_pre_init::Base = 5
02-24 20:20:38.038 D/QC-time-services(  512): Daemon: Storage Name: ats_5 
02-24 20:20:38.038 D/QC-time-services(  512): Daemon:Opening File: /data/time/ats_5
02-24 20:20:38.038 I/Thermal-IOCTL(  496): KTM IOCTL interface "/dev/msm_thermal_query" opened
02-24 20:20:38.038 D/QC-time-services(  512): Daemon:time_persistent_memory_opr:Genoff Read operation 
02-24 20:20:38.038 D/QC-time-services(  512): Daemon:Unable to open filefor read
02-24 20:20:38.038 D/QC-time-services(  512): Daemon:genoff_post_init:Error in accessing storage
02-24 20:20:38.038 E/ThermalEngine(  496): update_cpu_topology: Cluster Info[0]. Cluster Id: 0 cpu_bits:0xf sync:1
02-24 20:20:38.038 D/QC-time-services(  512): Daemon:genoff_pre_init::Base = 6
02-24 20:20:38.038 D/QC-time-services(  512): Daemon: Storage Name: ats_6 
02-24 20:20:38.038 E/ThermalEngine(  496): update_cpu_topology: Cluster Info[1]. Cluster Id: 1 cpu_bits:0x30 sync:1
02-24 20:20:38.038 D/QC-time-services(  512): Daemon:Opening File: /data/time/ats_6
02-24 20:20:38.038 D/QC-time-services(  512): Daemon:time_persistent_memory_opr:Genoff Read operation 
02-24 20:20:38.038 D/QC-time-services(  512): Daemon:Unable to open filefor read
02-24 20:20:38.038 D/QC-time-services(  512): Daemon:genoff_post_init:Error in accessing storage
02-24 20:20:38.038 D/QC-time-services(  512): Daemon:genoff_pre_init::Base = 7
02-24 20:20:38.038 D/QC-time-services(  512): Daemon: Storage Name: ats_7 
02-24 20:20:38.038 D/QC-time-services(  512): Daemon:Opening File: /data/time/ats_7
02-24 20:20:38.038 D/QC-time-services(  512): Daemon:time_persistent_memory_opr:Genoff Read operation 
02-24 20:20:38.038 D/QC-time-services(  512): Daemon:Unable to open filefor read
02-24 20:20:38.038 D/QC-time-services(  512): Daemon:genoff_post_init:Error in accessing storage
02-24 20:20:38.038 D/QC-time-services(  512): Daemon:genoff_pre_init::Base = 8
02-24 20:20:38.038 D/QC-time-services(  512): Daemon: Storage Name: ats_8 
02-24 20:20:38.038 D/QC-time-services(  512): Daemon:Opening File: /data/time/ats_8
02-24 20:20:38.038 D/QC-time-services(  512): Daemon:time_persistent_memory_opr:Genoff Read operation 
02-24 20:20:38.038 D/QC-time-services(  512): Daemon:Unable to open filefor read
02-24 20:20:38.038 D/QC-time-services(  512): Daemon:genoff_post_init:Error in accessing storage
02-24 20:20:38.038 D/QC-time-services(  512): Daemon:genoff_pre_init::Base = 9
02-24 20:20:38.038 D/QC-time-services(  512): Daemon: Storage Name: ats_9 
02-24 20:20:38.038 D/QC-time-services(  512): Daemon:Opening File: /data/time/ats_9
02-24 20:20:38.038 D/QC-time-services(  512): Daemon:time_persistent_memory_opr:Genoff Read operation 
02-24 20:20:38.038 D/QC-time-services(  512): Daemon:Unable to open filefor read
02-24 20:20:38.039 D/QC-time-services(  512): Daemon:genoff_post_init:Error in accessing storage
02-24 20:20:38.039 D/QC-time-services(  512): Daemon:genoff_pre_init::Base = 10
02-24 20:20:38.039 D/QC-time-services(  512): Daemon: Storage Name: ats_10 
02-24 20:20:38.039 I/ThermalEngine(  496): vdd_rstr_init: Init KTM VDD RSTR enabled: 0
02-24 20:20:38.039 D/QC-time-services(  512): Daemon:Opening File: /data/time/ats_10
02-24 20:20:38.039 D/QC-time-services(  512): Daemon:time_persistent_memory_opr:Genoff Read operation 
02-24 20:20:38.039 D/QC-time-services(  512): Daemon:Unable to open filefor read
02-24 20:20:38.039 D/QC-time-services(  512): Daemon:genoff_post_init:Error in accessing storage
02-24 20:20:38.039 D/QC-time-services(  512): Daemon:genoff_pre_init::Base = 11
02-24 20:20:38.039 D/QC-time-services(  512): Daemon: Storage Name: ats_11 
02-24 20:20:38.039 D/QC-time-services(  512): Daemon:Opening File: /data/time/ats_11
02-24 20:20:38.039 D/QC-time-services(  512): Daemon:time_persistent_memory_opr:Genoff Read operation 
02-24 20:20:38.039 D/QC-time-services(  512): Daemon:Unable to open filefor read
02-24 20:20:38.039 I/ThermalEngine(  496): sensors_manager_init: Init
02-24 20:20:38.039 D/QC-time-services(  512): Daemon:genoff_post_init:Error in accessing storage
02-24 20:20:38.039 D/QC-time-services(  512): Daemon:genoff_pre_init::Base = 12
02-24 20:20:38.039 D/QC-time-services(  512): Daemon: Storage Name: ats_12 
02-24 20:20:38.039 D/QC-time-services(  512): Daemon:Opening File: /data/time/ats_12
02-24 20:20:38.039 D/QC-time-services(  512): Daemon:time_persistent_memory_opr:Genoff Read operation 
02-24 20:20:38.039 D/QC-time-services(  512): Daemon:Unable to open filefor read
02-24 20:20:38.039 D/QC-time-services(  512): Daemon:genoff_post_init:Error in accessing storage
02-24 20:20:38.039 D/QC-time-services(  512): Daemon:genoff_pre_init::Base = 13
02-24 20:20:38.039 D/QC-time-services(  512): Daemon: Storage Name: ats_13 
02-24 20:20:38.039 D/QC-time-services(  512): Daemon:Opening File: /data/time/ats_13
02-24 20:20:38.039 D/QC-time-services(  512): Daemon:time_persistent_memory_opr:Genoff Read operation 
02-24 20:20:38.039 E/Diag_Lib(  496):  Diag_LSM_Init: Failed to open handle to diag driver, error = 13
02-24 20:20:38.040 E/QC-QMI  (  496): qmi_client [496]: unable to connect to server, errno=[2:No such file or directory], attempt=1
02-24 20:20:38.054 E/ThermalEngine(  496): bcl_setup: Unexpected node error
02-24 20:20:38.054 E/ThermalEngine(  496): add_tgt_sensors_set: Error adding bcl
02-24 20:20:38.054 E/ThermalEngine(  496): sensors_init: Error adding BCL TS
02-24 20:20:38.055 I/ThermalEngine(  496): Loading config file for virtual sensor
02-24 20:20:38.055 I/ThermalEngine(  496): Loading configuration file /system/etc/thermal-engine-8992.conf
02-24 20:20:38.100 I/ThermalEngine(  496): Parsing section global
02-24 20:20:38.100 I/ThermalEngine(  496): Found field 'sampling'
02-24 20:20:38.100 I/ThermalEngine(  496): Found field 'charger_offset'
02-24 20:20:38.100 D/QC-time-services(  512): Daemon:genoff_pre_init::Base = 14
02-24 20:20:38.100 D/QC-time-services(  512): Daemon: Storage Name: ats_14 
02-24 20:20:38.100 D/QC-time-services(  512): Daemon:Opening File: /data/time/ats_14
02-24 20:20:38.100 D/QC-time-services(  512): Daemon:time_persistent_memory_opr:Genoff Read operation 
02-24 20:20:38.100 E/ThermalEngine(  496): virtual_sensors_init: Error getting virtual sensors set
02-24 20:20:38.100 I/ThermalEngine(  496): Loading configuration file /system/etc/thermal-engine-8992.conf
02-24 20:20:38.100 D/QC-time-services(  512): Daemon:Unable to open filefor read
02-24 20:20:38.100 D/QC-time-services(  512): Daemon:genoff_post_init:Error in accessing storage
02-24 20:20:38.100 I/ThermalEngine(  496): Parsing section global
02-24 20:20:38.100 D/QC-time-services(  512): Daemon:genoff_init_config: Other bases initilized, exiting genoff_init
02-24 20:20:38.100 I/ThermalEngine(  496): Found field 'sampling'
02-24 20:20:38.100 I/ThermalEngine(  496): Found field 'charger_offset'
02-24 20:20:38.100 I/ThermalEngine(  496): Created section 'CPU0_MONITOR'
02-24 20:20:38.100 I/ThermalEngine(  496): Algo Type 'monitor'
02-24 20:20:38.100 D/QC-time-services(  512): Daemon:rtc_get: Time read from RTC -- MM/DD/YY HH:MM:SS1/24/70 19:20:38
02-24 20:20:38.100 I/ThermalEngine(  496): Parsing section CPU0_MONITOR
02-24 20:20:38.100 I/ThermalEngine(  496): Found field 'sensor'
02-24 20:20:38.101 I/ThermalEngine(  496): Found field 'sampling'
02-24 20:20:38.101 D/QC-time-services(  512): Daemon:genoff_opr: Base = 1, val = 0, operation = 1
02-24 20:20:38.101 I/ThermalEngine(  496): Found field 'thresholds'
02-24 20:20:38.101 D/QC-time-services(  512): Daemon: genoff get for 1
02-24 20:20:38.101 I/ThermalEngine(  496): Found field 'thresholds_clr'
02-24 20:20:38.101 I/ThermalEngine(  496): Found field 'actions'
02-24 20:20:38.101 I/ThermalEngine(  496): Found field 'action_info'
02-24 20:20:38.101 D/QC-time-services(  512): Daemon:rtc_get: Time read from RTC -- MM/DD/YY HH:MM:SS1/24/70 19:20:38
02-24 20:20:38.101 I/ThermalEngine(  496): Created section 'CPU2_MONITOR'
02-24 20:20:38.101 D/QC-time-services(  512): Daemon:Value read from RTC seconds = 4735238000
02-24 20:20:38.101 I/ThermalEngine(  496): Algo Type 'monitor'
02-24 20:20:38.101 I/ThermalEngine(  496): Parsing section CPU2_MONITOR
02-24 20:20:38.101 D/QC-time-services(  512): Daemon:Value read from generic offset = 1445478280107
02-24 20:20:38.101 I/ThermalEngine(  496): Found field 'sensor'
02-24 20:20:38.101 D/QC-time-services(  512): Daemon:Final Time = 1450213518107
02-24 20:20:38.101 I/ThermalEngine(  496): Found field 'sampling'
02-24 20:20:38.101 I/ThermalEngine(  496): Found field 'thresholds'
02-24 20:20:38.101 I/ThermalEngine(  496): Found field 'thresholds_clr'
02-24 20:20:38.101 D/QC-time-services(  512): Daemon:genoff_boot_tod_init: Setting system time to sec =1450213518, nsec =107000000
02-24 20:20:38.101 I/ThermalEngine(  496): Found field 'actions'
04-20 15:41:06.754 I/auditd  (  334): type=1403 audit(0.0:2): policy loaded auid=4294967295 ses=4294967295
04-20 15:41:06.754 W/auditd  (  334): type=1404 audit(0.0:3): enforcing=1 old_enforcing=0 auid=4294967295 ses=4294967295
04-20 15:41:07.974 W/irq/502-wcd9xxx(  399): type=1400 audit(0.0:4): avc: granted { setsched } for scontext=u:r:kernel:s0 tcontext=u:r:kernel:s0 tclass=process
04-20 15:41:07.994 W/irq/215-fc38800(  402): type=1400 audit(0.0:5): avc: granted { setsched } for scontext=u:r:kernel:s0 tcontext=u:r:kernel:s0 tclass=process
04-20 15:41:08.014 W/init    (    1): type=1400 audit(0.0:6): avc: denied { unlink } for name="diag" dev="tmpfs" ino=10607 scontext=u:r:init:s0 tcontext=u:object_r:diag_device:s0 tclass=chr_file permissive=0
04-20 15:41:08.324 W/mdss_fb0(  425): type=1400 audit(0.0:7): avc: granted { setsched } for scontext=u:r:kernel:s0 tcontext=u:r:kernel:s0 tclass=process
04-20 15:41:09.964 W/imsqmidaemon(  497): type=1400 audit(0.0:8): avc: denied { read write } for name="diag" dev="tmpfs" ino=10607 scontext=u:r:ims:s0 tcontext=u:object_r:diag_device:s0 tclass=chr_file permissive=0
04-20 15:41:09.964 W/imsqmidaemon(  497): type=1400 audit(0.0:9): avc: denied { read write } for name="diag" dev="tmpfs" ino=10607 scontext=u:r:ims:s0 tcontext=u:object_r:diag_device:s0 tclass=chr_file permissive=0
04-20 15:41:09.964 W/imsqmidaemon(  497): type=1400 audit(0.0:10): avc: denied { read write } for name="diag" dev="tmpfs" ino=10607 scontext=u:r:ims:s0 tcontext=u:object_r:diag_device:s0 tclass=chr_file permissive=0
04-20 15:41:09.964 W/imsqmidaemon(  497): type=1400 audit(0.0:11): avc: denied { read write } for name="diag" dev="tmpfs" ino=10607 scontext=u:r:ims:s0 tcontext=u:object_r:diag_device:s0 tclass=chr_file permissive=0
04-20 15:41:09.964 W/imsqmidaemon(  497): type=1400 audit(0.0:12): avc: denied { read write } for name="diag" dev="tmpfs" ino=10607 scontext=u:r:ims:s0 tcontext=u:object_r:diag_device:s0 tclass=chr_file permissive=0
04-20 15:41:09.964 W/imsqmidaemon(  497): type=1400 audit(0.0:13): avc: denied { read write } for name="diag" dev="tmpfs" ino=10607 scontext=u:r:ims:s0 tcontext=u:object_r:diag_device:s0 tclass=chr_file permissive=0
04-20 15:41:10.004 W/imsqmidaemon(  497): type=1400 audit(0.0:14): avc: denied { read write } for name="diag" dev="tmpfs" ino=10607 scontext=u:r:ims:s0 tcontext=u:object_r:diag_device:s0 tclass=chr_file permissive=0
04-20 15:41:10.004 W/imsqmidaemon(  497): type=1400 audit(0.0:15): avc: denied { read write } for name="diag" dev="tmpfs" ino=10607 scontext=u:r:ims:s0 tcontext=u:object_r:diag_device:s0 tclass=chr_file permissive=0
04-20 15:41:10.004 W/imsqmidaemon(  497): type=1400 audit(0.0:16): avc: denied { read write } for name="diag" dev="tmpfs" ino=10607 scontext=u:r:ims:s0 tcontext=u:object_r:diag_device:s0 tclass=chr_file permissive=0
