12-16 09:37:57.244 W/PackageManager(  883): Unknown permission android.permission.NFC_UNLOCK in package com.android.nfc
12-16 09:37:57.245 W/PackageManager(  883): Unknown permission com.android.launcher.permission.READ_SETTINGS in package com.google.android.launcher
12-16 09:37:57.245 W/PackageManager(  883): Unknown permission com.android.launcher.permission.WRITE_SETTINGS in package com.google.android.launcher
12-16 09:37:57.245 W/PackageManager(  883): Unknown permission com.google.android.email.permission.ACCESS_PROVIDER in package com.google.android.gm
12-16 09:37:57.245 W/PackageManager(  883): Unknown permission android.permission.READ_OWNER_DATA in package com.google.android.setupwizard
12-16 09:37:57.245 W/PackageManager(  883): Unknown permission android.permission.WRITE_OWNER_DATA in package com.google.android.setupwizard
12-16 09:37:57.246 W/PackageManager(  883): Unknown permission android.permission.WRITE_SYNC_STATS in package com.google.android.apps.docs
12-16 09:37:57.246 W/PackageManager(  883): Not granting permission android.permission.INTERACT_ACROSS_USERS to package com.google.android.syncadapters.contacts (protectionLevel=50 flags=0x38883e45)
12-16 09:37:57.246 W/PackageManager(  883): Unknown permission com.google.android.gms.permission.CONTACTS_SYNC_DELEGATION in package com.google.android.syncadapters.contacts
12-16 09:37:57.247 W/PackageManager(  883): Unknown permission com.chrome.permission.DEVICE_EXTRAS in package com.android.chrome
12-16 09:37:57.247 W/PackageManager(  883): Unknown permission com.sec.enterprise.knox.MDM_CONTENT_PROVIDER in package com.android.chrome
12-16 09:37:57.247 W/PackageManager(  883): Unknown permission com.google.android.wearable.READ_SETTINGS in package com.google.android.gms
12-16 09:37:57.247 W/PackageManager(  883): Not granting permission android.permission.MANAGE_DOCUMENTS to package com.google.android.gms (protectionLevel=2 flags=0xb8483e45)
12-16 09:37:57.248 W/PackageManager(  883): Unknown permission com.android.launcher.permission.PRELOAD_WORKSPACE in package com.google.android.partnersetup
12-16 09:37:57.248 W/PackageManager(  883): Not granting permission com.google.android.googleapps.permission.GOOGLE_AUTH to package com.google.android.videos (protectionLevel=2 flags=0x38583e45)
12-16 09:37:57.248 W/PackageManager(  883): Unknown permission com.google.android.gallery3d.permission.PICASA_STORE in package com.google.android.apps.photos
12-16 09:37:57.248 W/PackageManager(  883): Not granting permission android.permission.CONTROL_KEYGUARD to package com.google.android.gsf.login (protectionLevel=2 flags=0x3048be45)
12-16 09:37:57.248 W/PackageManager(  883): Unknown permission com.android.vending.billing.IBillingAccountService.BIND2 in package com.google.android.gsf.login
12-16 09:37:57.249 W/PackageManager(  883): Unknown permission com.android.launcher.permission.READ_SETTINGS in package com.android.settings
12-16 09:37:57.249 W/PackageManager(  883): Unknown permission com.android.launcher.permission.WRITE_SETTINGS in package com.android.settings
12-16 09:37:57.249 W/PackageManager(  883): Unknown permission com.android.permission.DCMO_SETTINGS in package com.android.omadm.service
12-16 09:37:57.249 W/PackageManager(  883): Not granting permission android.permission.REGISTER_CONNECTION_MANAGER to package com.google.android.talk (protectionLevel=18 flags=0x3849be45)
12-16 09:37:57.249 W/PackageManager(  883): Unknown permission com.android.smspush.WAPPUSH_MANAGER_BIND in package com.android.phone
12-16 09:37:57.250 W/PackageManager(  883): Unknown permission com.google.android.gallery3d.permission.GALLERY_PROVIDER in package com.android.bluetooth
12-16 09:37:57.250 W/PackageManager(  883): Unknown permission com.android.gallery3d.permission.GALLERY_PROVIDER in package com.android.bluetooth
12-16 09:37:57.251 W/PackageManager(  883): Not granting permission android.permission.BIND_WALLPAPER to package com.google.android.GoogleCamera (protectionLevel=18 flags=0x30583c45)
12-16 09:37:57.251 W/PackageManager(  883): Unknown permission com.google.android.gallery3d.permission.GALLERY_PROVIDER in package com.google.android.GoogleCamera
12-16 09:37:57.253 I/UsageStatsService(  883): User[0] Rollover scheduled @ 2015-12-16 01:00:00(1450224000000)
12-16 09:37:57.253 I/UsageStatsService(  883): User[0] Rolling over usage stats
12-16 09:37:57.261 I/SystemServiceManager(  883): Starting com.android.server.DeviceIdleController
12-16 09:37:57.272 I/UsageStatsService(  883): User[0] Rollover scheduled @ 2015-12-17 01:00:00(1450310400000)
12-16 09:37:57.273 I/UsageStatsService(  883): User[0] Rolling over usage stats complete. Took 19 milliseconds
12-16 09:37:57.321 W/Atfwd_Sendcmd(  510): AtCmdFwd service not published, waiting... retryCnt : 1
12-16 09:37:57.324 W/MountService(  883): No primary storage defined yet; hacking together a stub
12-16 09:37:57.325 W/MountService(  883): No primary storage defined yet; hacking together a stub
12-16 09:37:57.326 W/MountService(  883): No primary storage mounted!
12-16 09:37:57.326 D/VoldConnector(  883): SND -> {2 asec list}
12-16 09:37:57.327 D/VoldConnector(  883): RCV <- {200 2 asec operation succeeded}
12-16 09:37:57.329 I/SystemServiceManager(  883): Starting com.android.server.devicepolicy.DevicePolicyManagerService$Lifecycle
12-16 09:37:57.334 I/SystemServer(  883): Status Bar
12-16 09:37:57.337 I/SystemServer(  883): Clipboard Service
12-16 09:37:57.341 I/SystemServer(  883): NetworkManagement Service
12-16 09:37:57.347 I/SystemServer(  883): Text Service Manager Service
12-16 09:37:57.352 I/SystemServer(  883): Network Score Service
12-16 09:37:57.354 I/SystemServer(  883): NetworkStats Service
12-16 09:37:57.360 I/SystemServer(  883): NetworkPolicy Service
12-16 09:37:57.367 I/SystemServiceManager(  883): Starting com.android.server.wifi.p2p.WifiP2pService
12-16 09:37:57.393 I/WifiP2pService(  883): Registering wifip2p
12-16 09:37:57.394 I/SystemServiceManager(  883): Starting com.android.server.wifi.WifiService
12-16 09:37:57.458 D/HS20    (  883): Passpoint is enabled
12-16 09:37:57.464 D/WifiStateMachine(  883): initializing with and will revert to 00 on MCC loss
12-16 09:37:57.467 D/WifiController(  883): isAirplaneModeOn = false, isWifiEnabled = true, isScanningAvailable = true
12-16 09:37:57.468 I/WifiService(  883): Registering wifi
12-16 09:37:57.470 I/SystemServiceManager(  883): Starting com.android.server.wifi.WifiScanningService
12-16 09:37:57.470 I/WifiScanningService(  883): Creating wifiscanner
12-16 09:37:57.470 I/WifiScanningService(  883): Starting wifiscanner
12-16 09:37:57.471 I/SystemServiceManager(  883): Starting com.android.server.wifi.RttService
12-16 09:37:57.471 I/RttService(  883): Creating rttmanager
12-16 09:37:57.471 I/RttService(  883): Starting rttmanager
12-16 09:37:57.472 I/SystemServiceManager(  883): Starting com.android.server.ethernet.EthernetService
12-16 09:37:57.474 I/EthernetServiceImpl(  883): Creating EthernetConfigStore
12-16 09:37:57.475 E/IpConfigStore(  883): Error parsing configuration: java.io.FileNotFoundException: /data/misc/ethernet/ipconfig.txt: open failed: ENOENT (No such file or directory)
12-16 09:37:57.475 W/EthernetConfigStore(  883): No Ethernet configuration found. Using default.
12-16 09:37:57.476 I/EthernetServiceImpl(  883): Read stored IP configuration: IP assignment: DHCP
12-16 09:37:57.476 I/EthernetServiceImpl(  883): Proxy settings: NONE
12-16 09:37:57.476 I/EthernetService(  883): Registering service ethernet
12-16 09:37:57.477 I/SystemServer(  883): Connectivity Service
12-16 09:37:57.479 D/ConnectivityService(  883): ConnectivityService starting up
12-16 09:37:57.481 D/ConnectivityService(  883): wifiOnly=false
12-16 09:37:57.487 I/SystemServer(  883): Network Service Discovery Service
12-16 09:37:57.489 D/NsdService(  883): Network service discovery enabled true
12-16 09:37:57.492 I/SystemServer(  883): UpdateLock Service
12-16 09:37:57.493 I/SystemServiceManager(  883): Starting com.android.server.notification.NotificationManagerService
12-16 09:37:57.507 I/SystemServiceManager(  883): Starting com.android.server.storage.DeviceStorageMonitorService
12-16 09:37:57.509 I/SystemServer(  883): Location Manager
12-16 09:37:57.510 I/SystemServer(  883): Country Detector
12-16 09:37:57.511 I/SystemServer(  883): Search Service
12-16 09:37:57.512 I/SystemServer(  883): DropBox Service
12-16 09:37:57.514 I/SystemServer(  883): Wallpaper Service
12-16 09:37:57.517 I/SystemServer(  883): Audio Service
12-16 09:37:57.524 W/TelecomManager(  883): Telecom Service not found.
12-16 09:37:57.524 I/ServiceManager(  883): Waiting for service media.audio_policy...
12-16 09:37:57.627 I/AudioPolicyService(  489): AudioPolicyService CSTOR in new mode
12-16 09:37:57.634 I/APM::ConfigParsingUtils(  489): loadAudioPolicyConfig() loaded /system/etc/audio_policy.conf
12-16 09:37:57.654 D/audio_hw_primary(  489): adev_open: enter
12-16 09:37:57.657 D/msm8974_platform(  489): platform_set_parameters: add operator[verizon] mccmnc[310004;311480]
12-16 09:37:57.657 D/msm8974_platform(  489): platform_set_parameters: add operator[uscellular] mccmnc[311220;311580]
12-16 09:37:57.658 D/msm8974_platform(  489): platform_add_operator_specific_device : deivce[voice-dmic-ef] -> operator[verizon] mixer_path[voice-dmic-ef-vzwusc] acdb_id [130]
12-16 09:37:57.658 D/msm8974_platform(  489): platform_add_operator_specific_device : deivce[voice-dmic-ef-vzwusc] -> operator[uscellular] mixer_path[voice-dmic-ef-vzwusc] acdb_id [130]
12-16 09:37:57.658 D/msm8974_platform(  489): platform_add_operator_specific_device : deivce[voice-handset] -> operator[verizon] mixer_path[voice-handset-vzwusc] acdb_id [131]
12-16 09:37:57.658 D/msm8974_platform(  489): platform_add_operator_specific_device : deivce[voice-handset-vzwusc] -> operator[uscellular] mixer_path[voice-handset-vzwusc] acdb_id [131]
12-16 09:37:57.658 D/msm8974_platform(  489): platform_add_operator_specific_device : deivce[voice-headset-mic] -> operator[verizon] mixer_path[voice-headset-mic-vzwusc] acdb_id [132]
12-16 09:37:57.658 D/msm8974_platform(  489): platform_add_operator_specific_device : deivce[voice-headset-mic-vzwusc] -> operator[uscellular] mixer_path[voice-headset-mic-vzwusc] acdb_id [132]
12-16 09:37:57.658 D/msm8974_platform(  489): platform_add_operator_specific_device : deivce[voice-headphones] -> operator[verizon] mixer_path[voice-headphones-vzwusc] acdb_id [133]
12-16 09:37:57.658 D/msm8974_platform(  489): platform_add_operator_specific_device : deivce[voice-headphones-vzwusc] -> operator[uscellular] mixer_path[voice-headphones-vzwusc] acdb_id [133]
12-16 09:37:57.669 D/WifiApConfigStore(  883): 2G band allowed channels are:1,6,11
12-16 09:37:57.701 D/msm8974_platform(  489): platform_init: snd_card_name: msm8994-tomtom-snd-card
12-16 09:37:57.791 E/audio_route(  489): Control 'MultiMedia4 Mixer MI2S_TX' doesn't exist - skipping
12-16 09:37:57.791 E/audio_route(  489): Control 'MultiMedia7 Mixer MI2S_TX' doesn't exist - skipping
12-16 09:37:57.792 E/audio_route(  489): Control 'MultiMedia10 Mixer MI2S_TX' doesn't exist - skipping
12-16 09:37:57.792 E/audio_route(  489): Control 'MultiMedia11 Mixer MI2S_TX' doesn't exist - skipping
12-16 09:37:57.792 E/audio_route(  489): Control 'MultiMedia12 Mixer MI2S_TX' doesn't exist - skipping
12-16 09:37:57.792 E/audio_route(  489): Control 'MultiMedia13 Mixer MI2S_TX' doesn't exist - skipping
12-16 09:37:57.792 E/audio_route(  489): Control 'MultiMedia14 Mixer MI2S_TX' doesn't exist - skipping
12-16 09:37:57.792 E/audio_route(  489): Control 'MultiMedia15 Mixer MI2S_TX' doesn't exist - skipping
12-16 09:37:57.793 E/audio_route(  489): Control 'MultiMedia16 Mixer MI2S_TX' doesn't exist - skipping
12-16 09:37:57.799 E/audio_route(  489): Control 'RX4 DSM MUX' doesn't exist - skipping
12-16 09:37:57.799 E/audio_route(  489): Control 'RX6 DSM MUX' doesn't exist - skipping
12-16 09:37:57.801 E/audio_route(  489): Control 'AFE_PCM_RX Port Mixer PRI_MI2S_TX' doesn't exist - skipping
12-16 09:37:57.807 E/audio_route(  489): Control 'MultiMedia8 Mixer SEC_AUX_PCM_UL_TX' doesn't exist - skipping
12-16 09:37:57.807 E/audio_route(  489): Control 'MultiMedia5 Mixer SEC_AUX_PCM_UL_TX' doesn't exist - skipping
12-16 09:37:57.807 E/audio_route(  489): Control 'MultiMedia5 Mixer PRI_MI2S_TX' doesn't exist - skipping
12-16 09:37:57.818 E/audio_route(  489): Control 'HPHR DAC Switch' doesn't exist - skipping
12-16 09:37:57.830 D/msm8974_platform(  489): platform_init: Opened sound card:0
12-16 09:37:57.893 E/Diag_Lib(  489):  Diag_LSM_Init: Failed to open handle to diag driver, error = 13
12-16 09:37:57.893 E/        (  489): actp_diag_init: Diag init failed
12-16 09:37:57.894 E/Diag_Lib(  489):  diagpkt_tbl_reg: Registration failed.
12-16 09:37:57.894 E/MCS-RT-CTL(  489): Can't open the configuration file /system/etc/aanc_tuning_mixer.txt.
12-16 09:37:57.894 E/ACDB-MCS(  489): acdb_mcs_init: MCS routing control initialization failed.
12-16 09:37:57.900 I/ACDB-LOADER(  489): get_afe_custom_topology: ACDB get afe custom topologies returned = -18
12-16 09:37:57.900 I/ACDB-LOADER(  489): get_lsm_custom_topology: ACDB get lsm custom topologies returned = -18
12-16 09:37:57.900 I/ACDB-LOADER(  489): send_meta_info: Empty metainfo
12-16 09:37:57.900 D/audio_hw_spkr_prot(  489): audio_extn_spkr_prot_init: Initialize speaker protection module
12-16 09:37:57.916 I/Thermal-Lib(  489): Thermal-Lib-Client: Registraion successful for spkr with handle:1
12-16 09:37:57.916 D/audio_hw_spkr_prot(  489): audio_extn_spkr_prot_init: spkr_prot thermal_client_register_callback success
12-16 09:37:57.916 D/audio_hw_spkr_prot(  489): audio_extn_spkr_prot_init: Create calibration thread
12-16 09:37:57.916 D/hardware_cal(  489): hw_util_open: Opening device /dev/snd/hwC0D1000
12-16 09:37:57.916 D/audio_hw_spkr_prot(  489): spkr_prot_thread enable prot Entry
12-16 09:37:57.916 D/hardware_cal(  489): hw_util_open: success
12-16 09:37:57.916 D/audio_hw_spkr_prot(  489): set_spkr_prot_cal: quick calibration disabled
12-16 09:37:57.916 I/ThermalEngine(  498): Thermal-Server: Adding thermal event listener on fd 17
12-16 09:37:57.916 D/audio_hw_spkr_prot(  489): spkr_calibration_thread: wait for callback from thermal daemon
12-16 09:37:57.916 D/hardware_cal(  489): send_codec_cal cal sent for anc_cal
12-16 09:37:57.916 E/ACDB-LOADER(  489): ACDB -> send_codec_cal
12-16 09:37:57.916 I/Thermal-Lib(  489): Thermal-Lib-Client: Client request sent
12-16 09:37:57.916 E/ACDB-LOADER(  489): ACDB -> ACDB_CMD_GET_CODEC_CAL_DATA
12-16 09:37:57.916 D/hardware_cal(  489): send_codec_cal cal sent for mad_cal
12-16 09:37:57.916 I/ThermalEngine(  498): Thermal-Server: Thermal received msg from  spkr
12-16 09:37:57.916 D/hardware_cal(  489): send_codec_cal cal sent for mbhc_cal
12-16 09:37:57.916 E/ThermalEngine(  498): Thermal-Server: No clients are connected for spkr
12-16 09:37:57.916 I/Thermal-Lib(  489): Thermal-Lib-Client: Client received msg camera 0
12-16 09:37:57.917 E/Thermal-Lib(  489): Thermal-Lib-Client: No Callback registered for camera
12-16 09:37:57.917 I/Thermal-Lib(  489): Thermal-Lib-Client: Client received msg camcorder 0
12-16 09:37:57.917 E/Thermal-Lib(  489): Thermal-Lib-Client: No Callback registered for camcorder
12-16 09:37:57.918 E/ext_speaker(  489): open_speaker_bundle: DLOPEN failed for /system/lib/soundfx/libspeakerbundle.so
12-16 09:37:57.918 I/soundtrigger(  489): audio_extn_sound_trigger_init: Enter
12-16 09:37:57.921 I/soundtrigger(  489): audio_extn_sound_trigger_init: DLOPEN successful for /system/vendor/lib/hw/sound_trigger.primary.msm8992.so
12-16 09:37:57.928 D/audio_hw_extn(  489): audio_extn_perf_lock_init: Perf lock handles Success
12-16 09:37:57.928 I/AudioFlinger(  489): loadHwModule() Loaded primary audio interface from QCOM Audio HAL (audio) handle 1
12-16 09:37:57.928 I/AudioFlinger(  489): openOutput(), module 1 Device 2, SamplingRate 48000, Format 0x000001, Channels 3, flags 6
12-16 09:37:57.929 I/AudioFlinger(  489): AudioStreamOut::open(), mHalFormatIsLinearPcm = 1
12-16 09:37:57.929 I/AudioFlinger(  489): HAL output buffer size 192 frames, normal sink buffer size 1152 frames
12-16 09:37:57.946 D/volume_listener(  489): init_once Called 
12-16 09:37:57.946 I/BufferProvider(  489): found effect "Downmixer" from Fraunhofer IIS
12-16 09:37:57.947 E/MonoPipe(  489): Failed to fetch local time frequency when constructing a MonoPipe (res = -32).  getNextWriteTimestamp calls will be non-functional
12-16 09:37:57.947 I/AudioFlinger(  489): Using module 1 has the primary audio interface
12-16 09:37:57.947 I/AudioFlinger(  489): AudioFlinger's thread 0xf4240000 ready to run
12-16 09:37:57.948 D/audio_hw_primary(  489): out_set_parameters: enter: usecase(1: low-latency-playback) kvpairs: routing=2
12-16 09:37:57.948 E/AudioFlinger(  489): no wake lock to update!
12-16 09:37:57.949 I/AudioFlinger(  489): openOutput(), module 1 Device 2, SamplingRate 48000, Format 0x000001, Channels 3, flags 104
12-16 09:37:57.949 I/AudioFlinger(  489): AudioStreamOut::open(), mHalFormatIsLinearPcm = 1
12-16 09:37:57.949 I/AudioFlinger(  489): HAL output buffer size 192 frames, normal sink buffer size 1152 frames
12-16 09:37:57.950 I/AudioFlinger(  489): AudioFlinger's thread 0xf3ec0000 ready to run
12-16 09:37:57.950 D/audio_hw_primary(  489): out_set_parameters: enter: usecase(5: audio-ull-playback) kvpairs: routing=2
12-16 09:37:57.950 E/AudioFlinger(  489): no wake lock to update!
12-16 09:37:57.951 I/AudioFlinger(  489): openOutput(), module 1 Device 2, SamplingRate 48000, Format 0x000001, Channels 3, flags 8
12-16 09:37:57.951 I/AudioFlinger(  489): AudioStreamOut::open(), mHalFormatIsLinearPcm = 1
12-16 09:37:57.951 I/AudioFlinger(  489): HAL output buffer size 1920 frames, normal sink buffer size 1920 frames
12-16 09:37:57.952 I/AudioFlinger(  489): AudioFlinger's thread 0xf3bc0000 ready to run
12-16 09:37:57.952 D/audio_hw_primary(  489): out_set_parameters: enter: usecase(0: deep-buffer-playback) kvpairs: routing=2
12-16 09:37:57.952 E/AudioFlinger(  489): no wake lock to update!
12-16 09:37:57.953 I/AudioFlinger(  489): openOutput(), module 1 Device 10000, SamplingRate 48000, Format 0x000001, Channels 3, flags 0
12-16 09:37:57.953 I/AudioFlinger(  489): AudioStreamOut::open(), mHalFormatIsLinearPcm = 1
12-16 09:37:57.953 I/AudioFlinger(  489): HAL output buffer size 768 frames, normal sink buffer size 1152 frames
12-16 09:37:57.954 I/AudioFlinger(  489): AudioFlinger's thread 0xf3a40000 ready to run
12-16 09:37:57.954 D/audio_hw_primary(  489): out_set_parameters: enter: usecase(20: afe-proxy-playback) kvpairs: routing=65536
12-16 09:37:57.954 E/AudioFlinger(  489): no wake lock to update!
12-16 09:37:57.955 I/AudioFlinger(  489): openOutput(), module 1 Device 2, SamplingRate 48000, Format 0x000001, Channels 3, flags 80
12-16 09:37:57.955 I/AudioFlinger(  489): AudioStreamOut::open(), mHalFormatIsLinearPcm = 1
12-16 09:37:57.955 I/AudioFlinger(  489): HAL output buffer size 1920 frames, normal sink buffer size 1920 frames
12-16 09:37:57.955 I/AudioFlinger(  489): AudioFlinger's thread 0xf3740000 ready to run
12-16 09:37:57.956 D/audio_hw_primary(  489): out_set_parameters: enter: usecase(4: audio-tts-playback) kvpairs: routing=2
12-16 09:37:57.956 E/AudioFlinger(  489): no wake lock to update!
12-16 09:37:57.958 I/AudioFlinger(  489): AudioFlinger's thread 0xf3580000 ready to run
12-16 09:37:57.959 I/AudioFlinger(  489): AudioFlinger's thread 0xf3580000 ready to run
12-16 09:37:57.962 I/bt_a2dp_hw(  489): adev_open:  adev_open in A2dp_hw module
12-16 09:37:57.962 I/AudioFlinger(  489): loadHwModule() Loaded a2dp audio interface from A2DP Audio HW HAL (audio) handle 14
12-16 09:37:57.965 I/AudioFlinger(  489): loadHwModule() Loaded usb audio interface from USB audio HW HAL (audio) handle 15
12-16 09:37:57.967 I/r_submix(  489): adev_open(name=audio_hw_if)
12-16 09:37:57.967 I/r_submix(  489): adev_init_check()
12-16 09:37:57.967 I/AudioFlinger(  489): loadHwModule() Loaded r_submix audio interface from Wifi Display audio HAL (audio) handle 16
12-16 09:37:57.967 D/r_submix(  489): adev_open_input_stream(addr=0)
12-16 09:37:57.967 D/r_submix(  489): submix_audio_device_create_pipe_l(addr=0, idx=9)
12-16 09:37:57.967 D/r_submix(  489):   now using address 0 for route 9
12-16 09:37:57.968 I/AudioFlinger(  489): AudioFlinger's thread 0xf3580000 ready to run
12-16 09:37:57.968 D/r_submix(  489): adev_close_input_stream()
12-16 09:37:57.968 D/r_submix(  489): submix_audio_device_release_pipe_l(idx=9) addr=0
12-16 09:37:57.968 D/r_submix(  489): submix_audio_device_destroy_pipe_l(): pipe destroyed
12-16 09:37:57.970 D/sound_trigger_hw(  489): stdev_open: Enter
12-16 09:37:57.970 I/sound_trigger_platform(  489): platform_stdev_init: Enter
12-16 09:37:58.093 I/sound_trigger_platform(  489): platform_stdev_init: acdb_init: msm8994-tomtom-snd-card
12-16 09:37:58.093 D/sound_trigger_platform(  489): platform_stdev_init Opening device /dev/snd/hwC0D1000
12-16 09:37:58.095 W/sound_trigger_platform(  489): platform_stdev_init: dlopen failed for libsmwrapper.so
12-16 09:37:58.099 I/sound_trigger_hw(  489): stdev_get_properties
12-16 09:37:58.099 I/SoundTriggerHwService(  489): loaded default module Sound Trigger HAL, handle 1
12-16 09:37:58.100 I/RadioService(  489): RadioService
12-16 09:37:58.100 I/RadioService(  489): onFirstRef
12-16 09:37:58.100 E/RadioService(  489): couldn't load radio module radio.primary (No such file or directory)
12-16 09:37:58.102 D/PermissionCache(  489): checking android.permission.MODIFY_AUDIO_SETTINGS for uid=1000 => granted (973 us)
12-16 09:37:58.103 D/audio_hw_primary(  489): adev_set_mic_mute: state 0
12-16 09:37:58.107 I/hubconnection(  883): sensorhub said: 'Found Bosch BMM150 Mag Sensor'
12-16 09:37:58.539 E/AudioFlinger(  489): no wake lock to update!
12-16 09:37:58.540 E/AudioFlinger(  489): no wake lock to update!
12-16 09:37:58.541 E/AudioFlinger(  489): no wake lock to update!
12-16 09:37:58.542 E/AudioFlinger(  489): no wake lock to update!
12-16 09:37:58.543 E/AudioFlinger(  489): no wake lock to update!
12-16 09:37:58.584 I/SystemServiceManager(  883): Starting com.android.server.DockObserver
12-16 09:37:58.586 W/DockObserver(  883): This kernel does not have dock station support
12-16 09:37:58.590 I/SystemServer(  883): Wired Accessory Manager
12-16 09:37:58.592 W/WiredAccessoryManager(  883): This kernel does not have usb audio support
12-16 09:37:58.593 W/WiredAccessoryManager(  883): This kernel does not have HDMI audio support
12-16 09:37:58.594 I/SystemServiceManager(  883): Starting com.android.server.midi.MidiService$Lifecycle
12-16 09:37:58.605 I/SystemServiceManager(  883): Starting com.android.server.usb.UsbService$Lifecycle
12-16 09:37:58.622 I/SystemServer(  883): Serial Service
12-16 09:37:58.624 I/SystemServiceManager(  883): Starting com.android.server.twilight.TwilightService
12-16 09:37:58.627 I/SystemServiceManager(  883): Starting com.android.server.job.JobSchedulerService
12-16 09:37:58.635 I/SystemServiceManager(  883): Starting com.android.server.backup.BackupManagerService$Lifecycle
12-16 09:37:58.640 I/SystemServiceManager(  883): Starting com.android.server.appwidget.AppWidgetService
12-16 09:37:58.644 I/SystemServiceManager(  883): Starting com.android.server.voiceinteraction.VoiceInteractionManagerService
12-16 09:37:58.645 D/PermissionCache(  489): checking android.permission.CAPTURE_AUDIO_HOTWORD for uid=1000 => granted (192 us)
12-16 09:37:58.649 I/SystemServer(  883): Gesture Launcher Service
12-16 09:37:58.650 I/SystemServiceManager(  883): Starting com.android.server.GestureLauncherService
12-16 09:37:58.650 I/SystemServer(  883): DiskStats Service
12-16 09:37:58.651 I/SystemServer(  883): SamplingProfiler Service
12-16 09:37:58.660 I/SystemServer(  883): NetworkTimeUpdateService
12-16 09:37:58.661 I/SystemServer(  883): CommonTimeManagementService
12-16 09:37:58.665 I/SystemServer(  883): CertBlacklister
12-16 09:37:58.667 I/SystemServiceManager(  883): Starting com.android.server.dreams.DreamManagerService
12-16 09:37:58.669 I/SystemServer(  883): Assets Atlas Service
12-16 09:37:58.676 I/SystemServiceManager(  883): Starting com.android.server.print.PrintManagerService
12-16 09:37:58.678 D/AssetAtlas(  883): Loaded configuration: SliceMinArea (1600x2048) flags=0x2 count=360
12-16 09:37:58.679 I/SystemServiceManager(  883): Starting com.android.server.restrictions.RestrictionsManagerService
12-16 09:37:58.681 I/SystemServiceManager(  883): Starting com.android.server.media.MediaSessionService
12-16 09:37:58.686 I/SystemServer(  883): Media Router Service
12-16 09:37:58.688 I/SystemServiceManager(  883): Starting com.android.server.trust.TrustManagerService
12-16 09:37:58.694 I/SystemServiceManager(  883): Starting com.android.server.fingerprint.FingerprintService
12-16 09:37:58.701 D/PermissionCache(  513): checking android.permission.MANAGE_FINGERPRINT for uid=1000 => granted (987 us)
12-16 09:37:58.701 V/fingerprintd(  513): nativeOpenHal()
12-16 09:37:58.707 D/QSEECOMAPI: (  513): QSEECom_get_handle sb_length = 0x400
12-16 09:37:58.708 D/QSEECOMAPI: (  513): App is not loaded in QSEE
12-16 09:37:58.741 I/Adreno  (  883): QUALCOMM build                   : 63c06b2, I8366cd0437
12-16 09:37:58.741 I/Adreno  (  883): Build Date                       : 10/21/15
12-16 09:37:58.741 I/Adreno  (  883): OpenGL ES Shader Compiler Version: XE031.05.13.02
12-16 09:37:58.741 I/Adreno  (  883): Local Branch                     : 
12-16 09:37:58.741 I/Adreno  (  883): Remote Branch                    : quic/LA.BF64.1.2.9_v2
12-16 09:37:58.741 I/Adreno  (  883): Remote Branch                    : NONE
12-16 09:37:58.741 I/Adreno  (  883): Reconstruct Branch               : NOTHING
12-16 09:37:58.772 D/AssetAtlas(  883): Rendered atlas in 85,08ms (49,35+35,73ms)
12-16 09:37:58.802 D/QSEECOMAPI: (  513): Loaded image: APP id = 4
12-16 09:37:58.803 D/QSEECOMAPI: (  513): QSEECom_get_handle sb_length = 0x400
12-16 09:37:58.803 D/QSEECOMAPI: (  513): App is already loaded QSEE and app id = 3
12-16 09:37:58.806 D/QSEECOMAPI: (  513): QSEECom_dealloc_memory 
12-16 09:37:58.806 D/QSEECOMAPI: (  513): QSEECom_shutdown_app, app_id = 3
12-16 09:37:59.408 E/fingerprintd(  513): Wrong fp version. Expected 512, got 256
12-16 09:37:59.408 V/fingerprintd(  513): fingerprint HAL successfully initialized
12-16 09:37:59.410 V/fingerprintd(  513): setActiveGroup(0, /data/system/users/0/fpdata, 27)
12-16 09:37:59.452 V/FingerprintService(  883): Fingerprint HAL id: 548391292928
12-16 09:37:59.453 I/SystemServer(  883): BackgroundDexOptService
12-16 09:37:59.454 I/SystemServiceManager(  883): Starting com.android.server.pm.LauncherAppsService
12-16 09:37:59.455 I/SystemServiceManager(  883): Starting com.android.server.media.projection.MediaProjectionManagerService
12-16 09:37:59.460 I/WindowManager(  883): SAFE MODE not enabled
12-16 09:37:59.461 I/SystemServiceManager(  883): Starting com.android.server.MmsServiceBroker
12-16 09:37:59.545 E/LockSettingsStorage(  883): Cannot read file java.io.FileNotFoundException: /data/system/password.key: open failed: ENOENT (No such file or directory)
12-16 09:37:59.547 I/SystemServiceManager(  883): Starting phase 480
12-16 09:37:59.562 I/SystemServiceManager(  883): Starting phase 500
12-16 09:37:59.565 D/BluetoothService(  883): onBootPhase: PHASE_SYSTEM_SERVICES_READY
12-16 09:37:59.568 I/WifiService(  883): WifiService starting up with Wi-Fi enabled
12-16 09:37:59.570 D/WifiService(  883): setWifiEnabled: true pid=883, uid=1000
12-16 09:37:59.570 E/WifiService(  883): Invoking mWifiStateMachine.setWifiEnabled
12-16 09:37:59.572 D/WifiController(  883): WifiController msg { when=0 what=155656 target=com.android.internal.util.StateMachine$SmHandler } deferred for 500ms
12-16 09:37:59.576 D/WifiService(  883): New client listening to asynchronous messages
12-16 09:37:59.579 I/WifiScanningService(  883): Registering wifiscanner
12-16 09:37:59.582 I/RttService(  883): Registering rttmanager
12-16 09:37:59.584 I/EthernetServiceImpl(  883): Starting Ethernet service
12-16 09:37:59.587 D/Ethernet(  883): Registering NetworkFactory
12-16 09:37:59.587 D/ConnectivityService(  883): Got NetworkFactory Messenger for Ethernet
12-16 09:37:59.588 D/Ethernet(  883): got request NetworkRequest [ id=1, legacyType=-1, [ Capabilities: INTERNET&NOT_RESTRICTED&TRUSTED&NOT_VPN] ] with score 0
12-16 09:38:00.078 D/WifiController(  883): DEFERRED_TOGGLE handled
12-16 09:38:00.454 D/Tethering(  883): sendTetherStateChangedBroadcast 1, 0, 0
12-16 09:38:00.454 D/Tethering(  883): InitialState.processMessage what=4
12-16 09:38:00.462 E/cnss-daemon(  506): wlan0CA6174_REV3_2 interface name wlan0 5
12-16 09:38:00.462 D/Tethering(  883): sendTetherStateChangedBroadcast 0, 0, 0
12-16 09:38:00.462 E/cnss-daemon(  506): p2p00CA6174_REV3_2 interface name p2p0 4
12-16 09:38:00.463 E/cnss-daemon(  506): wlan_service_rps_enable: unable to open /sys/class/net/p2p0/queues/rx-0/rps_cpus
12-16 09:38:00.463 D/SoftapController(  483): Softap fwReload - Ok
12-16 09:38:00.464 E/NetdConnector(  883): NDC Command {1 softap fwreload wlan0 STA} took too long (893ms)
12-16 09:38:00.473 E/NetdConnector(  883): NDC Command {2 interface list} took too long (886ms)
12-16 09:38:00.475 D/CommandListener(  483): Setting iface cfg
12-16 09:38:00.475 D/CommandListener(  483): Trying to bring down wlan0
12-16 09:38:00.476 D/CommandListener(  483): Clearing all IP addresses on wlan0
12-16 09:38:00.481 E/WifiMonitor(  883): killSupplicant p2ptrue init.svc.wpa_supplicant=unknown init.svc.p2p_supplicant=unknown
12-16 09:38:00.483 V/BackupManagerService(  883): No ancestral data
12-16 09:38:00.532 V/KeyValueBackupJob(  883): Scheduling k/v pass in 240 minutes
12-16 09:38:00.581 V/BackupManagerService(  883): Starting with transport com.google.android.gms/.backup.BackupTransportService
12-16 09:38:00.581 V/BackupManagerService(  883): Found transports: 2
12-16 09:38:00.588 I/BackupManagerService(  883): Found stale backup journal, scheduling
12-16 09:38:00.606 D/wifi    (  883): set interface wlan0 flags (UP)
12-16 09:38:00.607 I/WifiHAL (  883): Initializing wifi
12-16 09:38:00.608 I/WifiHAL (  883): nl_socket_set_buffer_size successful for user_sock
12-16 09:38:00.608 I/WifiHAL (  883): Initiialized diag sock successfully
12-16 09:38:00.609 D/WifiHAL (  883): WifihalGeneric 0x7f6c7feb90 constructed
12-16 09:38:00.609 I/WifiHAL (  883): ******HexDump len:0*********
12-16 09:38:00.609 I/WifiHAL (  883): ******HexDump End***********
12-16 09:38:00.609 I/WifiHAL (  883): Got a Wi-Fi HAL module message from Driver
12-16 09:38:00.609 I/WifiHAL (  883): Supported feature set : db9bf
12-16 09:38:00.609 D/WifiHAL (  883): WifihalGeneric 0x7f6c7feb90 destructor
12-16 09:38:00.609 I/WifiHAL (  883): Initializing Gscan Event Handlers
12-16 09:38:00.609 I/WifiHAL (  883): Initialized Wifi HAL Successfully; vendor cmd = 103 Supported features : db9bf
12-16 09:38:00.609 D/wifi    (  883): Did set static halHandle = 0x7f6e66c500
12-16 09:38:00.609 D/wifi    (  883): halHandle = 0x7f6e66c500, mVM = 0x7f88e0d140, mCls = 0x100676
12-16 09:38:00.609 D/wifi    (  883): array field set
12-16 09:38:00.610 I/WifiNative-HAL(  883): interface[0] = p2p0
12-16 09:38:00.610 I/WifiNative-HAL(  883): interface[1] = wlan0
12-16 09:38:00.611 I/WifiNative-HAL(  883): Waiting for HAL events mWifiHalHandle=547313075456
12-16 09:38:00.611 D/wifi    (  883): waitForHalEvents called, vm = 0x7f88e0d140, obj = 0x100676, env = 0x7f6d9f6ec0
12-16 09:38:00.657 W/KeyguardServiceDelegate(  883): onScreenTurningOn(): no keyguard service!
12-16 09:38:00.660 I/sensors (  883): batch
12-16 09:38:00.660 I/sensors (  883): activate
12-16 09:38:00.665 I/hubconnection(  883): sensorhub said: 'batch 7 flags:0, sampling_rate_Hz:4.00, max_report_latency_us:0'
12-16 09:38:00.665 I/hubconnection(  883): sensorhub said: 'activate 7 enable:1'
12-16 09:38:00.666 I/ActivityManager(  883): System now ready
12-16 09:38:00.669 I/SystemServer(  883): Making services ready
12-16 09:38:00.669 I/SystemServiceManager(  883): Starting phase 550
12-16 09:38:00.672 D/MountService(  883): Thinking about reset, mSystemReady=true, mDaemonConnected=true
12-16 09:38:00.672 D/VoldConnector(  883): SND -> {3 volume reset}
12-16 09:38:00.672 I/ActivityManager(  883): Force stopping com.android.providers.media appid=10009 user=-1: vold reset
12-16 09:38:00.674 D/VoldConnector(  883): RCV <- {651 emulated 7}
12-16 09:38:00.674 D/UsbAlsaManager(  883): Adding ALSA device AlsaDevice: [card: 0, device: 0, type: 2]
12-16 09:38:00.674 D/UsbAlsaManager(  883): Adding ALSA device AlsaDevice: [card: 0, device: 0, type: 1]
12-16 09:38:00.674 D/UsbAlsaManager(  883): Adding ALSA device AlsaDevice: [card: 0, device: 1, type: 2]
12-16 09:38:00.674 D/UsbAlsaManager(  883): Adding ALSA device AlsaDevice: [card: 0, device: 1, type: 1]
12-16 09:38:00.674 D/UsbAlsaManager(  883): Adding ALSA device AlsaDevice: [card: 0, device: 2, type: 2]
12-16 09:38:00.674 D/UsbAlsaManager(  883): Adding ALSA device AlsaDevice: [card: 0, device: 2, type: 1]
12-16 09:38:00.674 D/UsbAlsaManager(  883): Adding ALSA device AlsaDevice: [card: 0, device: 3, type: 2]
12-16 09:38:00.674 D/VoldConnector(  883): RCV <- {659 emulated}
12-16 09:38:00.674 D/UsbAlsaManager(  883): Adding ALSA device AlsaDevice: [card: 0, device: 3, type: 1]
12-16 09:38:00.674 D/UsbAlsaManager(  883): Adding ALSA device AlsaDevice: [card: 0, device: 4, type: 1]
12-16 09:38:00.674 D/UsbAlsaManager(  883): Adding ALSA device AlsaDevice: [card: 0, device: 5, type: 2]
12-16 09:38:00.674 D/UsbAlsaManager(  883): Adding ALSA device AlsaDevice: [card: 0, device: 5, type: 1]
12-16 09:38:00.675 D/VoldConnector(  883): RCV <- {650 emulated 2 "" ""}
12-16 09:38:00.675 D/UsbAlsaManager(  883): Adding ALSA device AlsaDevice: [card: 0, device: 6, type: 2]
12-16 09:38:00.675 D/UsbAlsaManager(  883): Adding ALSA device AlsaDevice: [card: 0, device: 7, type: 1]
12-16 09:38:00.675 D/VoldConnector(  883): RCV <- {651 emulated 0}
12-16 09:38:00.675 D/UsbAlsaManager(  883): Adding ALSA device AlsaDevice: [card: 0, device: 8, type: 2]
12-16 09:38:00.675 D/UsbAlsaManager(  883): Adding ALSA device AlsaDevice: [card: 0, device: 10, type: 2]
12-16 09:38:00.675 D/VoldConnector(  883): RCV <- {200 3 Command succeeded}
12-16 09:38:00.675 D/UsbAlsaManager(  883): Adding ALSA device AlsaDevice: [card: 0, device: 10, type: 1]
12-16 09:38:00.675 D/UsbAlsaManager(  883): Adding ALSA device AlsaDevice: [card: 0, device: 11, type: 2]
12-16 09:38:00.675 D/UsbAlsaManager(  883): Adding ALSA device AlsaDevice: [card: 0, device: 11, type: 1]
12-16 09:38:00.675 D/UsbAlsaManager(  883): Adding ALSA device AlsaDevice: [card: 0, device: 12, type: 2]
12-16 09:38:00.675 D/UsbAlsaManager(  883): Adding ALSA device AlsaDevice: [card: 0, device: 12, type: 1]
12-16 09:38:00.675 D/UsbAlsaManager(  883): Adding ALSA device AlsaDevice: [card: 0, device: 13, type: 2]
12-16 09:38:00.675 D/UsbAlsaManager(  883): Adding ALSA device AlsaDevice: [card: 0, device: 13, type: 1]
12-16 09:38:00.675 D/UsbAlsaManager(  883): Adding ALSA device AlsaDevice: [card: 0, device: 14, type: 2]
12-16 09:38:00.675 D/UsbAlsaManager(  883): Adding ALSA device AlsaDevice: [card: 0, device: 14, type: 1]
12-16 09:38:00.675 D/VoldConnector(  883): SND -> {4 volume user_added 0 0}
12-16 09:38:00.675 D/UsbAlsaManager(  883): Adding ALSA device AlsaDevice: [card: 0, device: 15, type: 2]
12-16 09:38:00.675 D/UsbAlsaManager(  883): Adding ALSA device AlsaDevice: [card: 0, device: 15, type: 1]
12-16 09:38:00.675 D/UsbAlsaManager(  883): Adding ALSA device AlsaDevice: [card: 0, device: 16, type: 2]
12-16 09:38:00.676 D/UsbAlsaManager(  883): Adding ALSA device AlsaDevice: [card: 0, device: 19, type: 2]
12-16 09:38:00.676 D/UsbAlsaManager(  883): Adding ALSA device AlsaDevice: [card: 0, device: 19, type: 1]
12-16 09:38:00.676 D/VoldConnector(  883): RCV <- {200 4 Command succeeded}
12-16 09:38:00.676 D/UsbAlsaManager(  883): Adding ALSA device AlsaDevice: [card: 0, device: 20, type: 2]
12-16 09:38:00.676 D/UsbAlsaManager(  883): Adding ALSA device AlsaDevice: [card: 0, device: 20, type: 1]
12-16 09:38:00.676 D/UsbAlsaManager(  883): Adding ALSA device AlsaDevice: [card: 0, device: 21, type: 1]
12-16 09:38:00.676 D/UsbAlsaManager(  883): Adding ALSA device AlsaDevice: [card: 0, device: 22, type: 2]
12-16 09:38:00.676 D/UsbAlsaManager(  883): Adding ALSA device AlsaDevice: [card: 0, device: 22, type: 1]
12-16 09:38:00.676 D/UsbAlsaManager(  883): Adding ALSA device AlsaDevice: [card: 0, device: 23, type: 2]
12-16 09:38:00.676 D/UsbAlsaManager(  883): Adding ALSA device AlsaDevice: [card: 0, device: 23, type: 1]
12-16 09:38:00.676 D/UsbAlsaManager(  883): Adding ALSA device AlsaDevice: [card: 0, device: 24, type: 2]
12-16 09:38:00.676 D/UsbAlsaManager(  883): Adding ALSA device AlsaDevice: [card: 0, device: 24, type: 1]
12-16 09:38:00.676 D/UsbAlsaManager(  883): Adding ALSA device AlsaDevice: [card: 0, device: 25, type: 2]
12-16 09:38:00.676 D/UsbAlsaManager(  883): Adding ALSA device AlsaDevice: [card: 0, device: 26, type: 1]
12-16 09:38:00.676 D/UsbAlsaManager(  883): Adding ALSA device AlsaDevice: [card: 0, device: 27, type: 2]
12-16 09:38:00.677 D/UsbAlsaManager(  883): Adding ALSA device AlsaDevice: [card: 0, device: 28, type: 2]
12-16 09:38:00.677 D/UsbAlsaManager(  883): Adding ALSA device AlsaDevice: [card: 0, device: 29, type: 2]
12-16 09:38:00.677 D/UsbAlsaManager(  883): Adding ALSA device AlsaDevice: [card: 0, device: 30, type: 2]
12-16 09:38:00.677 D/UsbAlsaManager(  883): Adding ALSA device AlsaDevice: [card: 0, device: 31, type: 2]
12-16 09:38:00.677 D/UsbAlsaManager(  883): Adding ALSA device AlsaDevice: [card: 0, device: 32, type: 2]
12-16 09:38:00.677 D/UsbAlsaManager(  883): Adding ALSA device AlsaDevice: [card: 0, device: 33, type: 2]
12-16 09:38:00.677 D/UsbAlsaManager(  883): Adding ALSA device AlsaDevice: [card: 0, device: 34, type: 2]
12-16 09:38:00.677 D/UsbAlsaManager(  883): Adding ALSA device AlsaDevice: [card: 0, device: 35, type: 2]
12-16 09:38:00.677 D/UsbAlsaManager(  883): Adding ALSA device AlsaDevice: [card: 0, device: 35, type: 1]
12-16 09:38:00.677 D/UsbAlsaManager(  883): Adding ALSA device AlsaDevice: [card: 0, device: 36, type: 2]
12-16 09:38:00.677 D/UsbAlsaManager(  883): Adding ALSA device AlsaDevice: [card: 0, device: 36, type: 1]
12-16 09:38:00.677 D/UsbAlsaManager(  883): Adding ALSA device AlsaDevice: [card: 0, device: 43, type: 2]
12-16 09:38:00.678 V/MountService(  883): Found primary storage at VolumeInfo{emulated}:
12-16 09:38:00.678 V/MountService(  883):     type=EMULATED diskId=null partGuid=null mountFlags=0 mountUserId=-1 
12-16 09:38:00.678 V/MountService(  883):     state=UNMOUNTED 
12-16 09:38:00.678 V/MountService(  883):     fsType=null fsUuid=null fsLabel=null 
12-16 09:38:00.678 V/MountService(  883):     path=null internalPath=null 
12-16 09:38:00.678 D/VoldConnector(  883): SND -> {5 volume mount emulated 3 -1}
12-16 09:38:00.680 V/vold    (  337): Waiting for FUSE to spin up...
12-16 09:38:00.680 D/VoldConnector(  883): RCV <- {651 emulated 1}
12-16 09:38:00.680 D/VoldConnector(  883): RCV <- {656 emulated /data/media}
12-16 09:38:00.680 D/VoldConnector(  883): RCV <- {655 emulated /storage/emulated}
12-16 09:38:00.682 I/SystemServer(  883): WebViewFactory preparation
12-16 09:38:00.686 I/wpa_supplicant( 2977): Successfully initialized wpa_supplicant
12-16 09:38:00.687 I/UsbPortManager(  883): USB port added: port=UsbPort{id=otg_default, supportedModes=dual}, status=UsbPortStatus{connected=false, currentMode=none, currentPowerRole=no-power, currentDataRole=no-data, supportedRoleCombinations=[no-power:no-data]}, canChangeMode=true, canChangePowerRole=false, canChangeDataRole=false
12-16 09:38:00.691 I/wpa_supplicant( 2977): rfkill: Cannot open RFKILL control device
12-16 09:38:00.697 I/Zygote  (  883): Process: zygote socket opened, supported ABIS: arm64-v8a
12-16 09:38:00.702 I/WifiHAL (  883): event received NL80211_CMD_VENDOR, vendor_id = 0x1374, subcmd = 0xa
12-16 09:38:00.708 I/ActivityManager(  883): Start proc 2986:android.process.media/u0a9 for broadcast com.android.providers.media/.MtpReceiver
12-16 09:38:00.710 I/Zygote  (  883): Process: zygote socket opened, supported ABIS: armeabi-v7a,armeabi
12-16 09:38:00.711 I/art     (  502): Starting a blocking GC Background
12-16 09:38:00.730 D/VoldConnector(  883): RCV <- {651 emulated 2}
12-16 09:38:00.731 D/VoldConnector(  883): RCV <- {200 5 Command succeeded}
12-16 09:38:00.749 I/ActivityManager(  883): Start proc 2998:WebViewLoader-armeabi-v7a/1037 [android.webkit.WebViewFactory$RelroFileCreator] for 
12-16 09:38:00.757 V/WebViewFactory( 2998): RelroFileCreator (64bit = false),  32-bit lib: /system/app/WebViewGoogle/WebViewGoogle.apk!/lib/armeabi-v7a/libwebviewchromium.so, 64-bit lib: /system/app/WebViewGoogle/WebViewGoogle.apk!/lib/arm64-v8a/libwebviewchromium.so
12-16 09:38:00.761 I/ActivityManager(  883): Start proc 3008:WebViewLoader-arm64-v8a/1037 [android.webkit.WebViewFactory$RelroFileCreator] for 
12-16 09:38:00.762 D/WifiMonitor(  883): startMonitoring(wlan0) with mConnected = false
12-16 09:38:00.762 I/wpa_supplicant( 2977): rfkill: Cannot open RFKILL control device
12-16 09:38:00.766 V/WebViewFactory( 3008): RelroFileCreator (64bit = true),  32-bit lib: /system/app/WebViewGoogle/WebViewGoogle.apk!/lib/armeabi-v7a/libwebviewchromium.so, 64-bit lib: /system/app/WebViewGoogle/WebViewGoogle.apk!/lib/arm64-v8a/libwebviewchromium.so
12-16 09:38:00.773 I/ActivityManager(  883): Start proc 3022:com.google.android.apps.gcs/u0a12 for broadcast com.google.android.apps.gcs/.receiver.WifiStateChangedReceiver
12-16 09:38:00.792 W/System  ( 2986): ClassLoader referenced unknown path: /system/priv-app/MediaProvider/lib/arm64
12-16 09:38:00.793 I/ActivityManager(  883): Start proc 3035:com.android.systemui/u0a29 for service com.android.systemui/.SystemUIService
12-16 09:38:00.794 D/NetworkManagement(  883): enabling bandwidth control
12-16 09:38:00.803 W/System  ( 2986): ClassLoader referenced unknown path: /system/priv-app/DownloadProvider/lib/arm64
12-16 09:38:00.808 I/wpa_supplicant( 2977): wlan0: CTRL-EVENT-AVOID-FREQ ranges=
12-16 09:38:00.811 I/wpa_supplicant( 2977): wlan0: CTRL-EVENT-REGDOM-CHANGE init=USER type=UNKNOWN
12-16 09:38:00.813 D/WifiConfigStore(  883): Loading config and enabling all networks 
12-16 09:38:00.821 D/WifiConfigStore(  883): loaded 0 passpoint configs
12-16 09:38:00.822 E/WifiConfigStore(  883): Error parsing configuration: java.io.FileNotFoundException: /data/misc/wifi/ipconfig.txt: open failed: ENOENT (No such file or directory)
12-16 09:38:00.824 W/WifiConfigStore(  883): Upgrading network 0 to android.uid.system:1000
12-16 09:38:00.825 E/WifiConfigStore(  883): readAutoJoinStatus: Error parsing configurationjava.io.FileNotFoundException: /data/misc/wifi/autojoinconfig.txt: open failed: ENOENT (No such file or directory)
12-16 09:38:00.825 E/WifiConfigStore(  883): buildPnoList sortedWifiConfigurations size 1
12-16 09:38:00.825 E/WifiConfigStore(  883): found sortedWifiConfigurations : "1011001000"WPA_PSK
12-16 09:38:00.831 D/WifiNative-HAL(  883): Setting external_sim to 1
12-16 09:38:00.831 D/wifi    (  883): setting dfs flag to true, 0x7f7129a560
12-16 09:38:00.831 I/WifiHAL (  883): ******HexDump len:0*********
12-16 09:38:00.831 I/WifiHAL (  883): ******HexDump End***********
12-16 09:38:00.831 D/WifiHAL (  883): requestResponse: request a response
12-16 09:38:00.832 D/WifiStateMachine(  883): Setting OUI to DA-A1-19
12-16 09:38:00.832 D/wifi    (  883): setting scan oui 0x7f7129a560
12-16 09:38:00.832 I/WifiHAL (  883): ******HexDump len:0*********
12-16 09:38:00.832 I/WifiHAL (  883): ******HexDump End***********
12-16 09:38:00.832 I/WifiHAL (  883): wifi_set_scanning_mac_oui: MAC_OUI - da:a1:19
12-16 09:38:00.832 D/WifiHAL (  883): requestResponse: request a response
12-16 09:38:00.839 E/WifiHAL (  883): wifi_error wifi_get_link_stats(wifi_request_id, wifi_interface_handle, wifi_stats_result_handler): requestResponse Error:-22
12-16 09:38:00.839 E/wifi    (  883): android_net_wifi_getLinkLayerStats: failed to get link statistics
12-16 09:38:00.841 D/WifiHAL (  883): WifihalGeneric 0x7f6c7feb90 constructed
12-16 09:38:00.841 I/WifiHAL (  883): ******HexDump len:0*********
12-16 09:38:00.841 I/WifiHAL (  883): ******HexDump End***********
12-16 09:38:00.842 I/WifiHAL (  883): Got a Wi-Fi HAL module message from Driver
12-16 09:38:00.842 I/WifiHAL (  883): Supported feature set : db9bf
12-16 09:38:00.842 D/WifiHAL (  883): WifihalGeneric 0x7f6c7feb90 destructor
12-16 09:38:00.842 I/WifiHAL (  883): Supported feature set acquired : db9bf
12-16 09:38:00.842 D/wifi    (  883): android_net_wifi_setLinkLayerStats: 1
12-16 09:38:00.842 I/WifiHAL (  883): mpdu_size_threshold : 128, aggressive_statistics_gathering : 1
12-16 09:38:00.847 W/System  ( 3022): ClassLoader referenced unknown path: /system/priv-app/GCS/lib/arm64
12-16 09:38:00.852 D/WifiConfigStore(  883): Loading config and enabling all networks 
12-16 09:38:00.852 W/System  ( 3035): ClassLoader referenced unknown path: /system/priv-app/SystemUI/lib/arm64
12-16 09:38:00.856 D/WifiConfigStore(  883): loaded 0 passpoint configs
12-16 09:38:00.856 E/WifiCo