--------- beginning of main
02-24 19:34:06.609 W/auditd  (  334): type=2000 audit(0.0:1): initialized
--------- beginning of system
02-24 19:34:09.530 I/vold    (  337): Vold 3.0 (the awakening) firing up
02-24 19:34:09.530 V/vold    (  337): Detected support for: ext4 vfat
02-24 19:34:09.791 I/lowmemorykiller(  365): Using in-kernel low memory killer interface
02-24 19:34:09.793 I/rmt_storage(  368): Shared memory initialised successfully.
02-24 19:34:09.806 I/rmt_storage(  368): No EBR found
02-24 19:34:09.806 I/rmt_storage(  368): Error (-1) parsing MBR partitions
02-24 19:34:09.807 I/rmt_storage(  368): Registering modemst1: 0x4a /boot/modem_fs1
02-24 19:34:09.807 I/rmt_storage(  368): Registering modemst2: 0x4b /boot/modem_fs2
02-24 19:34:09.807 I/rmt_storage(  368): Registering fsc: 0xff /boot/modem_fsc
02-24 19:34:09.807 I/rmt_storage(  368): Registering fsg: 0x58 /boot/modem_fsg
02-24 19:34:09.807 I/rmt_storage(  368): 4 GPT partitions found
02-24 19:34:09.807 I/rmt_storage(  368): Capset success!
02-24 19:34:09.817 I/MSM-irqbalance(  371): msm-irq_balance (1.3) initialized
02-24 19:34:09.817 I/MSM-irqbalance(  371): Configuration
02-24 19:34:09.817 I/MSM-irqbalance(  371): Rate: 0.2 Hz
02-24 19:34:09.817 I/MSM-irqbalance(  371): Decay Factor: 75.0
02-24 19:34:09.817 I/MSM-irqbalance(  371): Balancing Factor: 0.1
02-24 19:34:09.817 I/MSM-irqbalance(  371): Debug Log: OFF
02-24 19:34:09.818 I/MSM-irqbalance(  371): Cfg file: /vendor/etc/msm_irqbalance.conf
02-24 19:34:09.818 I/MSM-irqbalance(  371): CPU PRIO: CPU0: 1 CPU1: 1 CPU2: 1 CPU3: 1 CPU4: 0 CPU5: 0 
02-24 19:34:09.818 I/MSM-irqbalance(  371): Ignored IRQs: 20 40 200 203 155 157 
02-24 19:34:09.823 D/QSEECOMD: (  370): qseecom listener services process entry PPID = 1
02-24 19:34:09.823 E/QSEECOMD: (  370): Listener: index = 0, hierarchy = 0
02-24 19:34:09.826 D/QSEECOMD: (  370): Init dlopen(librpmb.so, RTLD_NOW) succeeds
02-24 19:34:09.826 D/QSEECOMD: (  370): Init::Init dlsym(g_FSHandle rpmb_init_service) succeeds
02-24 19:34:09.827 I/rpmb_emmc(  370): RPMB Mult = 16384, Rel_sec_cnt = 1
02-24 19:34:09.827 E/DrmLibRpmb(  370): rpmb_init succeeded! with ret = 0
02-24 19:34:09.827 D/QSEECOMD: (  370): Init rpmb_init_service ret = 0
02-24 19:34:09.827 D/QSEECOMD: (  370): RPMB system services: init (Listener ID = 8192)
02-24 19:34:09.827 E/QSEECOMD: (  370): Listener: index = 1, hierarchy = 0
02-24 19:34:09.828 D/QSEECOMD: (  370): Init dlopen(libssd.so, RTLD_NOW) succeeds
02-24 19:34:09.828 D/QSEECOMD: (  370): Init::Init dlsym(g_FSHandle ssd_init_service) succeeds
02-24 19:34:09.828 E/SSD     (  370): ssd_init_service succeeded!
02-24 19:34:09.828 D/QSEECOMD: (  370): Init ssd_init_service ret = 0
02-24 19:34:09.828 D/QSEECOMD: (  370): SSD system services: init (Listener ID = 12288)
02-24 19:34:09.828 E/QSEECOMD: (  370): Listener: index = 2, hierarchy = 0
02-24 19:34:09.828 E/QSEECOMD: (  370): Init dlopen(libsecureui.so, RLTD_NOW) is failed....
02-24 19:34:09.829 D/QSEECOMD: (  370): SEC_UI_INIT failed, shall not start secure ui listener
02-24 19:34:09.829 E/QSEECOMD: (  370): Listener: index = 5, hierarchy = 0
02-24 19:34:09.829 E/QSEECOMD: (  370): Init dlopen(libmdtp.so, RLTD_NOW) is failed....
02-24 19:34:09.829 D/QSEECOMD: (  370): ERROR: MDTP_INIT failed, shall not start MDTP listener
02-24 19:34:09.829 D/QSEECOMD: (  370): Parent qseecom daemon process paused!! 
02-24 19:34:09.829 D/QSEECOMD: (  382): qseecom listener service threads starting!!! 
02-24 19:34:09.829 D/QSEECOMD: (  382): Total listener services to start = 7
02-24 19:34:09.829 E/QSEECOMD: (  382): Listener: index = 0, hierarchy = 1
02-24 19:34:09.829 D/QSEECOMD: (  382): Init dlopen(librpmb.so, RTLD_NOW) succeeds
02-24 19:34:09.829 D/QSEECOMD: (  382): Init::Init dlsym(g_FSHandle rpmb_start) succeeds
02-24 19:34:09.829 D/QSEECOMAPI: (  382): QSEECom_register_listener 8192 sb_length = 0x5000
02-24 19:34:09.830 D/QSEECOMD: (  382): Init rpmb_start ret = 0
02-24 19:34:09.830 D/QSEECOMD: (  382): RPMB system services: Started (Listener ID = 8192)
02-24 19:34:09.830 E/QSEECOMD: (  382): Listener: index = 1, hierarchy = 1
02-24 19:34:09.831 D/QSEECOMD: (  382): Init dlopen(libssd.so, RTLD_NOW) succeeds
02-24 19:34:09.831 D/QSEECOMD: (  382): Init::Init dlsym(g_FSHandle ssd_start) succeeds
02-24 19:34:09.831 D/QSEECOMAPI: (  382): QSEECom_register_listener 12288 sb_length = 0x5000
02-24 19:34:09.831 D/QSEECOMD: (  382): Init ssd_start ret = 0
02-24 19:34:09.831 D/QSEECOMD: (  382): SSD system services: Started (Listener ID = 12288)
02-24 19:34:09.831 E/QSEECOMD: (  382): Listener: index = 2, hierarchy = 1
02-24 19:34:09.831 E/QSEECOMD: (  382): Init dlopen(libsecureui.so, RLTD_NOW) is failed....
02-24 19:34:09.831 E/QSEECOMD: (  382): Listener: index = 3, hierarchy = 1
02-24 19:34:09.840 I/libmdmdetect(  369): ESOC framework not supported
02-24 19:34:09.841 I/libmdmdetect(  369): Found internal modem: modem
02-24 19:34:09.842 I/PerMgrSrv(  369): Peripheral Mananager service start
02-24 19:34:09.843 I/PerMgrSrv(  369): power-off timeout 500,ms; event-ack timeout 200,ms; debug-mode false
02-24 19:34:09.843 I/PerMgrSrv(  369): Statistics for : modem
02-24 19:34:09.843 I/PerMgrSrv(  369): modem: Current State : is off-line
02-24 19:34:09.843 I/PerMgrSrv(  369): modem: Voter/Listener count : 0/0
02-24 19:34:09.843 I/PerMgrSrv(  369): modem: Power on count : 0
02-24 19:34:09.843 I/PerMgrSrv(  369): modem: Power off count: 0
02-24 19:34:09.843 I/PerMgrSrv(  369): modem: Client list:
02-24 19:34:09.843 I/PerMgrSrv(  369): QMI service start
02-24 19:34:09.855 D/QSEECOMD: (  382): Init dlopen(libdrmtime.so, RTLD_NOW) succeeds
02-24 19:34:09.856 D/QSEECOMD: (  382): Init::Init dlsym(g_FSHandle atime_start) succeeds
02-24 19:34:09.856 D/DrmLibTime(  382): QSEE Time Listener: atime_start
02-24 19:34:09.856 D/QSEECOMAPI: (  382): QSEECom_register_listener 11 sb_length = 0x5000
02-24 19:34:09.857 D/DrmLibTime(  382): registering fs service to QSEECom is done!
02-24 19:34:09.857 D/DrmLibTime(  382): begin to create a thread!
02-24 19:34:09.857 D/DrmLibTime(  382): Creating a pthread in atime_start is done! return 0
02-24 19:34:09.857 D/QSEECOMD: (  382): Init atime_start ret = 0
02-24 19:34:09.857 D/DrmLibTime(  382): QSEE Time Listener: dispatch
02-24 19:34:09.857 D/QSEECOMD: (  382): time services: Started (Listener ID = 11)
02-24 19:34:09.857 E/QSEECOMD: (  382): Listener: index = 4, hierarchy = 1
02-24 19:34:09.857 D/DrmLibTime(  382): before calling ioctl to read the next time_cmd
02-24 19:34:09.857 D/QSEECOMD: (  382): Init dlopen(libdrmfs.so, RTLD_NOW) succeeds
02-24 19:34:09.858 D/QSEECOMD: (  382): Init::Init dlsym(g_FSHandle fs_start) succeeds
02-24 19:34:09.858 D/QSEECOMAPI: (  382): QSEECom_register_listener 10 sb_length = 0x5000
02-24 19:34:09.858 D/QSEECOMD: (  382): Init fs_start ret = 0
02-24 19:34:09.858 D/QSEECOMD: (  382): file system services: Started (Listener ID = 10)
02-24 19:34:09.858 E/QSEECOMD: (  382): Listener: index = 5, hierarchy = 1
02-24 19:34:09.858 E/QSEECOMD: (  382): Init dlopen(libmdtp.so, RLTD_NOW) is failed....
02-24 19:34:09.858 E/QSEECOMD: (  382): Listener: index = 6, hierarchy = 1
02-24 19:34:09.858 D/QSEECOMD: (  382): Init dlopen(libdrmfs.so, RTLD_NOW) succeeds
02-24 19:34:09.859 D/QSEECOMD: (  382): Init::Init dlsym(g_FSHandle gpfs_start) succeeds
02-24 19:34:09.859 D/QSEECOMAPI: (  382): QSEECom_register_listener 28672 sb_length = 0x7e000
02-24 19:34:09.863 D/QSEECOMD: (  382): Init gpfs_start ret = 0
02-24 19:34:09.863 D/QSEECOMD: (  382): gpfile system services: Started (Listener ID = 28672)
02-24 19:34:09.864 D/QSEECOMAPI: (  382): QSEECom_get_handle sb_length = 0x400
02-24 19:34:09.864 D/QSEECOMAPI: (  382): App is not loaded in QSEE
02-24 19:34:09.870 E/QSEECOMAPI: (  382): Error::Cannot open the file /firmware/image/keymaste.mdt
02-24 19:34:09.870 E/QSEECOMAPI: (  382): Error::Loading image failed with ret = -1
02-24 19:34:09.870 E/QSEECOMD: (  382): Loading keymaster app failed
02-24 19:34:09.870 D/QSEECOMD: (  382): QSEECOM DAEMON RUNNING 
02-24 19:34:09.898 I/SurfaceFlinger(  367): SurfaceFlinger is starting
02-24 19:34:09.899 I/SurfaceFlinger(  367): SurfaceFlinger's main thread ready to run. Initializing graphics H/W...
02-24 19:34:09.907 D/libEGL  (  367): loaded /vendor/lib64/egl/libEGL_adreno.so
02-24 19:34:09.958 D/VoldCryptCmdListener(  337): cryptfs mountdefaultencrypted
02-24 19:34:09.958 I/Ext4Crypt(  337): ext4 crypto complete called on /data
02-24 19:34:09.958 I/Ext4Crypt(  337): No master key, so not ext4enc
02-24 19:34:09.961 I/Cryptfs (  337): cryptfs_check_passwd
02-24 19:34:09.961 I/Ext4Crypt(  337): ext4 crypto complete called on /data
02-24 19:34:09.961 I/Ext4Crypt(  337): No master key, so not ext4enc
02-24 19:34:09.962 D/Cryptfs (  337): crypt_ftr->fs_size = 22994908
02-24 19:34:09.962 I/Cryptfs (  337): Using scrypt with keymaster for cryptfs KDF
02-24 19:34:09.967 E/PerMgrProxy(  405): Starting pm-proxy service
02-24 19:34:09.967 I/libmdmdetect(  405): ESOC framework not supported
02-24 19:34:09.967 I/libmdmdetect(  405): Found internal modem: modem
02-24 19:34:09.967 I/PerMgrProxy(  405): Found internal modem
02-24 19:34:09.968 D/PerMgrSrv(  369): modem state: is off-line, add client PM-PROXY-THREAD
02-24 19:34:09.969 D/PerMgrSrv(  369): PM-PROXY-THREAD registered
02-24 19:34:09.969 D/PerMgrLib(  405): PM-PROXY-THREAD successfully registered for modem
02-24 19:34:09.969 I/PerMgrProxy(  405): pm-proxy-thread Voting for internal modem
02-24 19:34:09.969 D/PerMgrLib(  405): PM-PROXY-THREAD voting for modem
02-24 19:34:09.969 D/PerMgrSrv(  369): PM-PROXY-THREAD voting for modem
02-24 19:34:09.969 D/PerMgrSrv(  369): modem new state: going on-line
02-24 19:34:09.969 D/PerMgrSrv(  369): modem num voters is 1
02-24 19:34:10.067 D/libEGL  (  367): loaded /vendor/lib64/egl/libGLESv1_CM_adreno.so
02-24 19:34:10.078 D/libEGL  (  367): loaded /vendor/lib64/egl/libGLESv2_adreno.so
02-24 19:34:10.101 I/Adreno  (  367): QUALCOMM build                   : 63c06b2, I8366cd0437
02-24 19:34:10.101 I/Adreno  (  367): Build Date                       : 10/21/15
02-24 19:34:10.101 I/Adreno  (  367): OpenGL ES Shader Compiler Version: XE031.05.13.02
02-24 19:34:10.101 I/Adreno  (  367): Local Branch                     : 
02-24 19:34:10.101 I/Adreno  (  367): Remote Branch                    : quic/LA.BF64.1.2.9_v2
02-24 19:34:10.101 I/Adreno  (  367): Remote Branch                    : NONE
02-24 19:34:10.101 I/Adreno  (  367): Reconstruct Branch               : NOTHING
02-24 19:34:10.268 I/qdutils (  367): PartialUpdate status: Enabled
02-24 19:34:10.268 I/qdutils (  367): Left Align: 0
02-24 19:34:10.268 I/qdutils (  367): Width Align: 0
02-24 19:34:10.268 I/qdutils (  367): Top Align: 16
02-24 19:34:10.268 I/qdutils (  367): Height Align: 16
02-24 19:34:10.268 I/qdutils (  367): Min ROI Width: 1080
02-24 19:34:10.268 I/qdutils (  367): Min ROI Height: 0
02-24 19:34:10.268 I/qdutils (  367): Needs ROI Merge: 0
02-24 19:34:10.268 I/qdutils (  367): Dynamic Fps: Disabled
02-24 19:34:10.268 I/qdutils (  367): Min Panel fps: 0
02-24 19:34:10.268 I/qdutils (  367): Max Panel fps: 0
02-24 19:34:10.268 D/qdutils (  367): int qdutils::getHDMINode(): fb node 2 not present
02-24 19:34:10.268 I/qdutils (  367): int qdutils::getHDMINode(): No HDMI node on this device
02-24 19:34:10.272 W/qdhwcomposer(  367): Unable to load libmm-qdcm
02-24 19:34:10.272 I/qdhwcomposer(  367): Initializing Qualcomm Hardware Composer
02-24 19:34:10.272 I/qdhwcomposer(  367): MDP version: 500
02-24 19:34:10.272 I/SurfaceFlinger(  367): Using composer version 1.5
02-24 19:34:10.272 I/qdhwcomposer(  367): hwc_registerProcs
02-24 19:34:10.272 I/qdhwcomposer(  367): Initializing UEVENT Thread
02-24 19:34:10.272 I/qdhwcomposer(  367): Initializing VSYNC Thread
02-24 19:34:10.272 D/qdhwcomposer(  367): hwc_getDisplayAttributes disp = 0, width = 1080
02-24 19:34:10.272 D/qdhwcomposer(  367): hwc_getDisplayAttributes disp = 0, height = 1920
02-24 19:34:10.272 I/qdhwcomposer(  367): vsync_loop: Reading event 0 for dpy 0 from /sys/class/graphics/fb0/vsync_event
02-24 19:34:10.272 E/qdhwcomposer(  367): hwc_getDisplayConfigs display (1) is inactive
02-24 19:34:10.272 I/qdhwcomposer(  367): vsync_loop: Reading event 1 for dpy 0 from /sys/class/graphics/fb0/show_blank_event
02-24 19:34:10.272 I/qdhwcomposer(  367): vsync_loop: Reading event 2 for dpy 0 from /sys/class/graphics/fb0/msm_fb_thermal_level
02-24 19:34:10.273 I/qdhwcomposer(  367): vsync_loop: Reading event 0 for dpy 1 from /sys/class/graphics/fb-1/vsync_event
02-24 19:34:10.273 I/qdhwcomposer(  367): vsync_loop: Reading event 1 for dpy 1 from /sys/class/graphics/fb-1/show_blank_event
02-24 19:34:10.273 I/qdhwcomposer(  367): vsync_loop: Reading event 2 for dpy 1 from /sys/class/graphics/fb-1/msm_fb_thermal_level
02-24 19:34:10.274 I/SurfaceFlinger(  367): EGL information:
02-24 19:34:10.274 I/SurfaceFlinger(  367): vendor    : Android
02-24 19:34:10.274 I/SurfaceFlinger(  367): version   : 1.4 Android META-EGL
02-24 19:34:10.274 I/SurfaceFlinger(  367): extensions: EGL_KHR_get_all_proc_addresses EGL_ANDROID_presentation_time EGL_KHR_swap_buffers_with_damage EGL_KHR_image EGL_KHR_image_base EGL_KHR_lock_surface EGL_KHR_gl_texture_2D_image EGL_KHR_gl_texture_3D_image EGL_KHR_gl_texture_cubemap_image EGL_KHR_gl_renderbuffer_image EGL_KHR_reusable_sync EGL_KHR_fence_sync EGL_KHR_create_context EGL_KHR_surfaceless_context EGL_EXT_create_context_robustness EGL_ANDROID_image_native_buffer EGL_KHR_wait_sync EGL_ANDROID_recordable EGL_KHR_partial_update EGL_KHR_create_context_no_error 
02-24 19:34:10.274 I/SurfaceFlinger(  367): Client API: OpenGL_ES
02-24 19:34:10.274 I/SurfaceFlinger(  367): EGLSurface: 8-8-8-8, config=0x7fa1711900
02-24 19:34:10.278 I/SurfaceFlinger(  367): OpenGL ES informations:
02-24 19:34:10.278 I/SurfaceFlinger(  367): vendor    : Qualcomm
02-24 19:34:10.278 I/SurfaceFlinger(  367): renderer  : Adreno (TM) 418
02-24 19:34:10.278 I/SurfaceFlinger(  367): version   : OpenGL ES 3.1 V@127.0 (GIT@I8366cd0437)
02-24 19:34:10.278 I/SurfaceFlinger(  367): extensions: GL_OES_EGL_image GL_OES_EGL_image_external GL_OES_EGL_sync GL_OES_vertex_half_float GL_OES_framebuffer_object GL_OES_rgb8_rgba8 GL_OES_compressed_ETC1_RGB8_texture GL_AMD_compressed_ATC_texture GL_KHR_texture_compression_astc_ldr GL_OES_texture_npot GL_EXT_texture_filter_anisotropic GL_EXT_texture_format_BGRA8888 GL_OES_texture_3D GL_EXT_color_buffer_float GL_EXT_color_buffer_half_float GL_QCOM_alpha_test GL_OES_depth24 GL_OES_packed_depth_stencil GL_OES_depth_texture GL_OES_depth_texture_cube_map GL_EXT_sRGB GL_OES_texture_float GL_OES_texture_float_linear GL_OES_texture_half_float GL_OES_texture_half_float_linear GL_EXT_texture_type_2_10_10_10_REV GL_EXT_texture_sRGB_decode GL_OES_element_index_uint GL_EXT_copy_image GL_EXT_geometry_shader GL_EXT_tessellation_shader GL_OES_texture_stencil8 GL_EXT_shader_io_blocks GL_OES_shader_image_atomic GL_OES_sample_variables GL_EXT_texture_border_clamp GL_EXT_multisampled_render_to_texture GL_OES_shader_multisample_interpolation GL_EXT_texture_cube_map_arr
02-24 19:34:10.278 I/SurfaceFlinger(  367): GL_MAX_TEXTURE_SIZE = 16384
02-24 19:34:10.278 I/SurfaceFlinger(  367): GL_MAX_VIEWPORT_DIMS = 16384
02-24 19:34:10.281 D/SurfaceFlinger(  367): Set power mode=2, type=0 flinger=0x7fa1703c00
02-24 19:34:10.281 D/qdhwcomposer(  367): hwc_setPowerMode: Setting mode 2 on display: 0
02-24 19:34:10.281 D/qdhwcomposer(  367): hwc_setPowerMode: Done setting mode 2 on display 0
02-24 19:34:10.281 I/qdhwcomposer(  367): handle_blank_event: dpy:0 panel power state: 1
02-24 19:34:10.378 D/vold    (  337): Disk at 253:0 changed
02-24 19:34:10.401 D/libEGL  (  429): loaded /vendor/lib64/egl/libEGL_adreno.so
02-24 19:34:10.448 D/libEGL  (  429): loaded /vendor/lib64/egl/libGLESv1_CM_adreno.so
02-24 19:34:10.456 D/libEGL  (  429): loaded /vendor/lib64/egl/libGLESv2_adreno.so
02-24 19:34:10.467 I/Adreno  (  429): QUALCOMM build                   : 63c06b2, I8366cd0437
02-24 19:34:10.467 I/Adreno  (  429): Build Date                       : 10/21/15
02-24 19:34:10.467 I/Adreno  (  429): OpenGL ES Shader Compiler Version: XE031.05.13.02
02-24 19:34:10.467 I/Adreno  (  429): Local Branch                     : 
02-24 19:34:10.467 I/Adreno  (  429): Remote Branch                    : quic/LA.BF64.1.2.9_v2
02-24 19:34:10.467 I/Adreno  (  429): Remote Branch                    : NONE
02-24 19:34:10.467 I/Adreno  (  429): Reconstruct Branch               : NOTHING
02-24 19:34:10.481 E/BootAnimation(  429): couldn't find audio_conf.txt
02-24 19:34:10.517 I/Cryptfs (  337): keymaster module name is Keymaster QTI HAL
02-24 19:34:10.517 I/Cryptfs (  337): keymaster version is 256
02-24 19:34:10.517 I/Cryptfs (  337): Found keymaster1 module, using keymaster1 API.
02-24 19:34:10.518 D/QSEECOMAPI: (  337): QSEECom_get_handle sb_length = 0xa000
02-24 19:34:10.518 D/QSEECOMAPI: (  337): App is already loaded QSEE and app id = 3
02-24 19:34:10.520 E/keymaster1_device(  337): TA API Major Verion: 1
02-24 19:34:10.521 E/keymaster1_device(  337): TA API Minor Verion: 0
02-24 19:34:10.521 E/keymaster1_device(  337): TA Major Verion: 1
02-24 19:34:10.521 E/keymaster1_device(  337): TA Minor Verion: 5
02-24 19:34:10.521 I/Cryptfs (  337): Signing safely-padded object
02-24 19:34:10.557 D/DrmLibTime(  382): got the req here! ret=0
02-24 19:34:10.558 D/DrmLibTime(  382): command id, time_cmd_id = 770
02-24 19:34:10.558 D/DrmLibTime(  382): time_getutcsec starts!
02-24 19:34:10.558 D/DrmLibTime(  382): QSEE Time Listener: time_getutcsec
02-24 19:34:10.558 D/DrmLibTime(  382): QSEE Time Listener: get_utc_seconds
02-24 19:34:10.558 D/DrmLibTime(  382): QSEE Time Listener: time_get_modem_time
02-24 19:34:10.558 D/DrmLibTime(  382): QSEE Time Listener: Checking if ATS_MODEM is set or not.
02-24 19:34:10.558 D/QC-time-services(  382): Lib:time_genoff_operation: pargs->base = 13
02-24 19:34:10.558 D/QC-time-services(  382): Lib:time_genoff_operation: pargs->operation = 2
02-24 19:34:10.558 D/QC-time-services(  382): Lib:time_genoff_operation: pargs->ts_val = 0
02-24 19:34:10.558 E/QC-time-services(  382): Lib:time_genoff_operation: Connection failed !!
02-24 19:34:10.558 D/DrmLibTime(  382): QSEE Time Listener: ATS_MODEM is not set. Fallback to Android system time.
02-24 19:34:10.558 D/DrmLibTime(  382): QSEE Time Listener: Retrieved Android system time: 4732450
02-24 19:34:10.558 D/DrmLibTime(  382): time_getutcsec returns 0, sec = 4732450; nsec = 0
02-24 19:34:10.558 D/DrmLibTime(  382): time_getutcsec finished! 
02-24 19:34:10.558 D/DrmLibTime(  382): iotcl_continue_command finished! and return 0 
02-24 19:34:10.559 D/DrmLibTime(  382): before calling ioctl to read the next time_cmd
02-24 19:34:10.609 E/keymaster1_device(  337): HwKmClose
02-24 19:34:10.610 D/QSEECOMAPI: (  337): QSEECom_dealloc_memory 
02-24 19:34:10.611 D/QSEECOMAPI: (  337): QSEECom_shutdown_app, app_id = 3
02-24 19:34:11.047 D/SurfaceFlinger(  367): shader cache generated - 24 shaders in 368.179321 ms
02-24 19:34:11.060 D/qdutils (  367): DEBUG_CALC_FPS: 0
02-24 19:34:11.061 D/qdutils (  367): period: 10
02-24 19:34:11.061 D/qdutils (  367): ignorethresh_us: 500000
02-24 19:34:11.112 I/Cryptfs (  337): Enabling support for allow_discards in dmcrypt.
02-24 19:34:11.113 D/vold    (  337): Disk at 253:2 changed
02-24 19:34:11.606 I/Cryptfs (  337): Password matches
02-24 19:34:11.607 D/Cryptfs (  337): test_mount_encrypted_fs(): Master key saved
02-24 19:34:11.607 I/Cryptfs (  337): keymaster module name is Keymaster QTI HAL
02-24 19:34:11.607 I/Cryptfs (  337): keymaster version is 256
02-24 19:34:11.607 I/Cryptfs (  337): Found keymaster1 module, using keymaster1 API.
02-24 19:34:11.607 D/QSEECOMAPI: (  337): QSEECom_get_handle sb_length = 0xa000
02-24 19:34:11.607 D/QSEECOMAPI: (  337): App is already loaded QSEE and app id = 3
02-24 19:34:11.608 E/keymaster1_device(  337): TA API Major Verion: 1
02-24 19:34:11.608 E/keymaster1_device(  337): TA API Minor Verion: 0
02-24 19:34:11.608 E/keymaster1_device(  337): TA Major Verion: 1
02-24 19:34:11.608 E/keymaster1_device(  337): TA Minor Verion: 5
02-24 19:34:11.608 E/keymaster1_device(  337): HwKmClose
02-24 19:34:11.608 D/QSEECOMAPI: (  337): QSEECom_dealloc_memory 
02-24 19:34:11.608 D/QSEECOMAPI: (  337): QSEECom_shutdown_app, app_id = 3
02-24 19:34:11.608 D/Cryptfs (  337): Password is default - restarting filesystem
02-24 19:34:11.609 D/Cryptfs (  337): unmounting /data succeeded
02-24 19:34:11.629 D/PerMgrSrv(  369): modem new state: is on-line
02-24 19:34:11.696 I/rmt_storage(  368): rmt_storage_connect_cb: clnt_h=0x1 conn_h=0x7f7d0fa000
02-24 19:34:11.697 I/rmt_storage(  368): rmt_storage_open_cb: /boot/modem_fs1: clnt_h=0x1: req_h=0x1 msg_id=1: Client found
02-24 19:34:11.697 I/rmt_storage(  368): rmt_storage_client_thread: /boot/modem_fs1: clnt_h=0x1 Worker thread started
02-24 19:34:11.697 I/rmt_storage(  368): rmt_storage_open_cb: /boot/modem_fs1: clnt_h=0x1: req_h=0x1 msg_id=1: Send response: res=0 err=0
02-24 19:34:11.697 I/rmt_storage(  368): wake lock name: rmt_storage_547555374144, name creation success: 24
02-24 19:34:11.697 I/rmt_storage(  368): rmt_storage_disconnect_cb: clnt_h=0x1 conn_h=0x7f7d0fa000
02-24 19:34:11.697 I/rmt_storage(  368): rmt_storage_connect_cb: clnt_h=0x2 conn_h=0x7f7d0fa000
02-24 19:34:11.697 I/rmt_storage(  368): rmt_storage_open_cb: /boot/modem_fs2: clnt_h=0x2: req_h=0x2 msg_id=1: Client found
02-24 19:34:11.697 I/rmt_storage(  368): rmt_storage_client_thread: /boot/modem_fs2: clnt_h=0x2 Worker thread started
02-24 19:34:11.697 I/rmt_storage(  368): rmt_storage_open_cb: /boot/modem_fs2: clnt_h=0x2: req_h=0x2 msg_id=1: Send response: res=0 err=0
02-24 19:34:11.697 I/rmt_storage(  368): wake lock name: rmt_storage_547554309184, name creation success: 24
02-24 19:34:11.698 I/rmt_storage(  368): rmt_storage_disconnect_cb: clnt_h=0x2 conn_h=0x7f7d0fa000
02-24 19:34:11.698 I/rmt_storage(  368): rmt_storage_connect_cb: clnt_h=0x3 conn_h=0x7f7d0fa000
02-24 19:34:11.698 I/rmt_storage(  368): rmt_storage_open_cb: /boot/modem_fsg: clnt_h=0x3: req_h=0x3 msg_id=1: Client found
02-24 19:34:11.698 I/rmt_storage(  368): rmt_storage_client_thread: /boot/modem_fsg: clnt_h=0x3 Worker thread started
02-24 19:34:11.698 I/rmt_storage(  368): rmt_storage_open_cb: /boot/modem_fsg: clnt_h=0x3: req_h=0x3 msg_id=1: Send response: res=0 err=0
02-24 19:34:11.698 I/rmt_storage(  368): wake lock name: rmt_storage_547553244224, name creation success: 24
02-24 19:34:11.698 I/rmt_storage(  368): rmt_storage_disconnect_cb: clnt_h=0x3 conn_h=0x7f7d0fa000
02-24 19:34:11.698 I/rmt_storage(  368): rmt_storage_connect_cb: clnt_h=0x4 conn_h=0x7f7d0fa000
02-24 19:34:11.699 I/rmt_storage(  368): rmt_storage_open_cb: /boot/modem_fsc: clnt_h=0x4: req_h=0x4 msg_id=1: Client found
02-24 19:34:11.699 I/rmt_storage(  368): rmt_storage_client_thread: /boot/modem_fsc: clnt_h=0x4 Worker thread started
02-24 19:34:11.699 I/rmt_storage(  368): rmt_storage_open_cb: /boot/modem_fsc: clnt_h=0x4: req_h=0x4 msg_id=1: Send response: res=0 err=0
02-24 19:34:11.699 I/rmt_storage(  368): wake lock name: rmt_storage_547552179264, name creation success: 24
02-24 19:34:11.699 I/rmt_storage(  368): rmt_storage_disconnect_cb: clnt_h=0x4 conn_h=0x7f7d0fa000
02-24 19:34:11.699 I/rmt_storage(  368): rmt_storage_connect_cb: clnt_h=0x5 conn_h=0x7f7d0fa000
02-24 19:34:11.699 I/rmt_storage(  368): rmt_storage_alloc_buff_cb: /boot/modem_fs1: clnt_h=0x5: req_h=0x5 msg_id=4: Alloc request received: Size: 0
02-24 19:34:11.700 I/rmt_storage(  368): rmt_storage_alloc_buff_cb: /boot/modem_fs1: clnt_h=0x5: req_h=0x5 msg_id=4: New client making a dummy request with buffer req size 0
02-24 19:34:11.700 I/rmt_storage(  368): rmt_storage_alloc_buff_cb: /boot/modem_fs1: clnt_h=0x5: req_h=0x5 msg_id=4: Send response: res=0 err=0
02-24 19:34:11.700 I/rmt_storage(  368): rmt_storage_disconnect_cb: clnt_h=0x5 conn_h=0x7f7d0fa000
02-24 19:34:11.700 I/rmt_storage(  368): rmt_storage_connect_cb: clnt_h=0x6 conn_h=0x7f7d0fa000
02-24 19:34:11.700 I/rmt_storage(  368): rmt_storage_rw_iovec_cb: /boot/modem_fs1: clnt_h=0x6: req_h=0x6 msg_id=3: R/W request received
02-24 19:34:11.700 I/rmt_storage(  368): wakelock acquired: 1, error no: 42
02-24 19:34:11.700 I/rmt_storage(  368): rmt_storage_client_thread: /boot/modem_fs1: clnt_h=0x6 Unblock worker thread (th_id: 547555374144)
02-24 19:34:11.701 I/rmt_storage(  368): rmt_storage_client_thread: /boot/modem_fs1: clnt_h=0x6: req_h=0x6 msg_id=3: Bytes read = 512
02-24 19:34:11.701 I/rmt_storage(  368): rmt_storage_client_thread: /boot/modem_fs1: clnt_h=0x6: req_h=0x6 msg_id=3: Send response: res=0 err=0
02-24 19:34:11.701 I/rmt_storage(  368): rmt_storage_client_thread: /boot/modem_fs1: clnt_h=0x6 About to block rmt_storage client thread (th_id: 547555374144) wakelock released: 1, error no: 0
02-24 19:34:11.701 I/rmt_storage(  368): 
02-24 19:34:11.702 I/rmt_storage(  368): rmt_storage_disconnect_cb: clnt_h=0x6 conn_h=0x7f7d0fa000
02-24 19:34:11.702 I/rmt_storage(  368): rmt_storage_connect_cb: clnt_h=0x7 conn_h=0x7f7d0fa000
02-24 19:34:11.702 I/rmt_storage(  368): rmt_storage_rw_iovec_cb: /boot/modem_fs2: clnt_h=0x7: req_h=0x7 msg_id=3: R/W request received
02-24 19:34:11.702 I/rmt_storage(  368): wakelock acquired: 1, error no: 42
02-24 19:34:11.702 I/rmt_storage(  368): rmt_storage_client_thread: /boot/modem_fs2: clnt_h=0x7 Unblock worker thread (th_id: 547554309184)
02-24 19:34:11.702 I/rmt_storage(  368): rmt_storage_client_thread: /boot/modem_fs2: clnt_h=0x7: req_h=0x7 msg_id=3: Bytes read = 512
02-24 19:34:11.702 I/rmt_storage(  368): rmt_storage_client_thread: /boot/modem_fs2: clnt_h=0x7: req_h=0x7 msg_id=3: Send response: res=0 err=0
02-24 19:34:11.703 I/rmt_storage(  368): rmt_storage_client_thread: /boot/modem_fs2: clnt_h=0x7 About to block rmt_storage client thread (th_id: 547554309184) wakelock released: 1, error no: 0
02-24 19:34:11.703 I/rmt_storage(  368): 
02-24 19:34:11.703 I/rmt_storage(  368): rmt_storage_disconnect_cb: clnt_h=0x7 conn_h=0x7f7d0fa000
02-24 19:34:11.704 I/rmt_storage(  368): rmt_storage_connect_cb: clnt_h=0x8 conn_h=0x7f7d0fa000
02-24 19:34:11.704 I/rmt_storage(  368): rmt_storage_rw_iovec_cb: /boot/modem_fs1: clnt_h=0x8: req_h=0x8 msg_id=3: R/W request received
02-24 19:34:11.704 I/rmt_storage(  368): wakelock acquired: 1, error no: 42
02-24 19:34:11.704 I/rmt_storage(  368): rmt_storage_client_thread: /boot/modem_fs1: clnt_h=0x8 Unblock worker thread (th_id: 547555374144)
02-24 19:34:11.713 I/rmt_storage(  368): rmt_storage_client_thread: /boot/modem_fs1: clnt_h=0x8: req_h=0x8 msg_id=3: Bytes read = 1571840
02-24 19:34:11.713 I/rmt_storage(  368): rmt_storage_client_thread: /boot/modem_fs1: clnt_h=0x8: req_h=0x8 msg_id=3: Send response: res=0 err=0
02-24 19:34:11.713 I/rmt_storage(  368): rmt_storage_client_thread: /boot/modem_fs1: clnt_h=0x8 About to block rmt_storage client thread (th_id: 547555374144) wakelock released: 1, error no: 0
02-24 19:34:11.713 I/rmt_storage(  368): 
02-24 19:34:11.713 I/rmt_storage(  368): rmt_storage_disconnect_cb: clnt_h=0x8 conn_h=0x7f7d0fa000
02-24 19:34:11.734 D/Cryptfs (  337): Just triggered post_fs_data
02-24 19:34:11.781 I//system/bin/tzdatacheck(  478): tzdata file /data/misc/zoneinfo/current/tzdata does not exist. No action required.
02-24 19:34:11.835 D/Cryptfs (  337): post_fs_data done
02-24 19:34:11.835 D/Cryptfs (  337): Just triggered restart_framework
02-24 19:34:11.855 I/        (  482): debuggerd: starting
02-24 19:34:11.861 I/irsc_util(  489): Starting irsc tool
02-24 19:34:11.865 I/installd(  486): installd firing up
02-24 19:34:11.878 I/Netd    (  480): Netd 1.0 starting
02-24 19:34:11.885 I/keystore(  488): Found keymaster1 module Keymaster QTI HAL, version 100
02-24 19:34:11.885 I/SoftKeymaster(  488): system/keymaster/soft_keymaster_device.cpp, Line 122: Creating device
02-24 19:34:11.885 D/SoftKeymaster(  488): system/keymaster/soft_keymaster_device.cpp, Line 123: Device address: 0x7fa8563000
02-24 19:34:11.885 D/QSEECOMAPI: (  488): QSEECom_get_handle sb_length = 0xa000
02-24 19:34:11.886 D/QSEECOMAPI: (  488): App is already loaded QSEE and app id = 3
02-24 19:34:11.887 E/keymaster1_device(  488): TA API Major Verion: 1
02-24 19:34:11.887 E/keymaster1_device(  488): TA API Minor Verion: 0
02-24 19:34:11.887 E/keymaster1_device(  488): TA Major Verion: 1
02-24 19:34:11.887 E/keymaster1_device(  488): TA Minor Verion: 5
02-24 19:34:11.887 D/SoftKeymaster(  488): system/keymaster/soft_keymaster_device.cpp, Line 173: Reinitializing SoftKeymasterDevice to use HW keymaster1
02-24 19:34:11.891 I/keystore(  488): Keymaster1 module is incomplete, using SoftKeymasterDevice wrapper
02-24 19:34:11.891 I/SoftKeymaster(  488): system/keymaster/soft_keymaster_device.cpp, Line 122: Creating device
02-24 19:34:11.891 D/SoftKeymaster(  488): system/keymaster/soft_keymaster_device.cpp, Line 123: Device address: 0x7fa8563300
02-24 19:34:11.892 I/irsc_util(  489): Num of entries:27
02-24 19:34:11.892 I/irsc_util(  489): Ending irsc tool
02-24 19:34:11.922 I/ThermalEngine(  496): Thermal daemon started
02-24 19:34:11.922 I/ThermalEngine(  496): Using target config file '/system/etc/thermal-engine-8992.conf'
02-24 19:34:11.922 I/ThermalEngine(  496): devices_manager_init: Init
02-24 19:34:11.922 I/ThermalEngine(  496): Number of gpus :1
02-24 19:34:11.922 I/Thermal-IOCTL(  496): KTM IOCTL interface "/dev/msm_thermal_query" opened
02-24 19:34:11.922 E/ThermalEngine(  496): update_cpu_topology: Cluster Info[0]. Cluster Id: 0 cpu_bits:0xf sync:1
02-24 19:34:11.922 E/ThermalEngine(  496): update_cpu_topology: Cluster Info[1]. Cluster Id: 1 cpu_bits:0x30 sync:1
02-24 19:34:11.922 I/rmt_storage(  368): rmt_storage_connect_cb: clnt_h=0x9 conn_h=0x7f7d0fa000
02-24 19:34:11.923 I/rmt_storage(  368): rmt_storage_rw_iovec_cb: /boot/modem_fs2: clnt_h=0x9: req_h=0x9 msg_id=3: R/W request received
02-24 19:34:11.923 I/rmt_storage(  368): wakelock acquired: 1, error no: 42
02-24 19:34:11.923 I/rmt_storage(  368): rmt_storage_client_thread: /boot/modem_fs2: clnt_h=0x9 Unblock worker thread (th_id: 547554309184)
02-24 19:34:11.923 I/ThermalEngine(  496): vdd_rstr_init: Init KTM VDD RSTR enabled: 0
02-24 19:34:11.924 I/ThermalEngine(  496): sensors_manager_init: Init
02-24 19:34:11.924 E/Diag_Lib(  496):  Diag_LSM_Init: Failed to open handle to diag driver, error = 13
02-24 19:34:11.925 E/QC-QMI  (  496): qmi_client [496]: unable to connect to server, errno=[2:No such file or directory], attempt=1
02-24 19:34:11.925 E/Diag_Lib(  490):  Diag_LSM_Init: Failed to open handle to diag driver, error = 13
02-24 19:34:11.926 E/QC-QMI  (  490): qmuxd: linux_qmi_read_sysfs_config: couldn't open file /sys/module/f_rmnet/parameters/rmnet_ctl_ch
02-24 19:34:11.926 E/QC-QMI  (  490): qmuxd: linux_qmi_read_sysfs_config: couldn't open /sys/module/rmnet/parameters/rmnet_ctl_ch
02-24 19:34:11.927 E/Diag_Lib(  490):  Diag_LSM_Init: Failed to open handle to diag driver, error = 13
02-24 19:34:11.929 E/Diag_Lib(  490):  Diag_LSM_Init: Failed to open handle to diag driver, error = 13
02-24 19:34:11.937 E/ThermalEngine(  496): bcl_setup: Unexpected node error
02-24 19:34:11.937 E/ThermalEngine(  496): add_tgt_sensors_set: Error adding bcl
02-24 19:34:11.937 E/ThermalEngine(  496): sensors_init: Error adding BCL TS
02-24 19:34:11.938 I/ThermalEngine(  496): Loading config file for virtual sensor
02-24 19:34:11.938 I/ThermalEngine(  496): Loading configuration file /system/etc/thermal-engine-8992.conf
02-24 19:34:11.950 E/Diag_Lib(  492):  Diag_LSM_Init: Failed to open handle to diag driver, error = 13
02-24 19:34:11.950 E/Diag_Lib(  492):  Diag_LSM_Init: Failed to open handle to diag driver, error = 13
02-24 19:34:11.951 E/QC-QMI  (  492): qmi_client [492]: unable to connect to server, errno=[2:No such file or directory], attempt=1
02-24 19:34:11.969 I/rmt_storage(  368): rmt_storage_client_thread: /boot/modem_fs2: clnt_h=0x9: req_h=0x9 msg_id=3: Bytes written = 1572864
02-24 19:34:11.969 I/rmt_storage(  368): rmt_storage_client_thread: /boot/modem_fs2: clnt_h=0x9: req_h=0x9 msg_id=3: Send response: res=0 err=0
02-24 19:34:11.970 I/rmt_storage(  368): rmt_storage_client_thread: /boot/modem_fs2: clnt_h=0x9 About to block rmt_storage client thread (th_id: 547554309184) wakelock released: 1, error no: 0
02-24 19:34:11.970 I/rmt_storage(  368): 
02-24 19:34:11.970 I/rmt_storage(  368): rmt_storage_disconnect_cb: clnt_h=0x9 conn_h=0x7f7d0fa000
02-24 19:34:11.992 D/TetherController(  480): Setting IP forward enable = 0
02-24 19:34:12.026 I/rmt_storage(  368): rmt_storage_connect_cb: clnt_h=0xa conn_h=0x7f7d0fa000
02-24 19:34:12.026 I/rmt_storage(  368): rmt_storage_rw_iovec_cb: /boot/modem_fs1: clnt_h=0xa: req_h=0xa msg_id=3: R/W request received
02-24 19:34:12.026 I/rmt_storage(  368): wakelock acquired: 1, error no: 42
02-24 19:34:12.027 I/rmt_storage(  368): rmt_storage_client_thread: /boot/modem_fs1: clnt_h=0xa Unblock worker thread (th_id: 547555374144)
02-24 19:34:12.031 E/Diag_Lib(  497):  Diag_LSM_Init: Failed to open handle to diag driver, error = 13
02-24 19:34:12.032 E/Diag_Lib(  497): qpLogDiagInit <== result : 0
02-24 19:34:12.032 E/Diag_Lib(  497): QMID : gIsQXDMDisabled 0, gIsADBDisabled 1, gIsDebugDisabled 0, gIsIMSLogsDisabled 0
02-24 19:34:12.032 E/Diag_Lib(  497):  Diag_LSM_Init: Failed to open handle to diag driver, error = 13
02-24 19:34:12.032 E/Diag_Lib(  497): qpLogDiagInit <== result : 0
02-24 19:34:12.032 E/Diag_Lib(  497): QMID : gIsQXDMDisabled 0, gIsADBDisabled 1, gIsDebugDisabled 0, gIsIMSLogsDisabled 0
02-24 19:34:12.032 E/Diag_Lib(  497):  Diag_LSM_Init: Failed to open handle to diag driver, error = 13
02-24 19:34:12.032 E/Diag_Lib(  497): qpLogDiagInit <== result : 0
02-24 19:34:12.032 E/Diag_Lib(  497): QMID : gIsQXDMDisabled 0, gIsADBDisabled 1, gIsDebugDisabled 0, gIsIMSLogsDisabled 0
02-24 19:34:12.032 E/Diag_Lib(  497):  Diag_LSM_Init: Failed to open handle to diag driver, error = 13
02-24 19:34:12.032 E/Diag_Lib(  497): qpLogDiagInit <== result : 0
02-24 19:34:12.032 E/Diag_Lib(  497): QMID : gIsQXDMDisabled 0, gIsADBDisabled 1, gIsDebugDisabled 0, gIsIMSLogsDisabled 0
02-24 19:34:12.032 E/Diag_Lib(  497):  Diag_LSM_Init: Failed to open handle to diag driver, error = 13
02-24 19:34:12.032 E/Diag_Lib(  497): qpLogDiagInit <== result : 0
02-24 19:34:12.032 E/Diag_Lib(  497): QMID : gIsQXDMDisabled 0, gIsADBDisabled 1, gIsDebugDisabled 0, gIsIMSLogsDisabled 0
02-24 19:34:12.032 E/Diag_Lib(  497):  Diag_LSM_Init: Failed to open handle to diag driver, error = 13
02-24 19:34:12.032 E/Diag_Lib(  497): qpLogDiagInit <== result : 0
02-24 19:34:12.032 E/Diag_Lib(  497): QMID : gIsQXDMDisabled 0, gIsADBDisabled 1, gIsDebugDisabled 0, gIsIMSLogsDisabled 0
02-24 19:34:12.033 E/Diag_Lib(  497):  Diag_LSM_Init: Failed to open handle to diag driver, error = 13
02-24 19:34:12.033 E/Diag_Lib(  497): qpLogDiagInit <== result : 0
02-24 19:34:12.033 I/fingerprintd(  553): Starting fingerprintd
02-24 19:34:12.033 E/Diag_Lib(  497): QMID : gIsQXDMDisabled 0, gIsADBDisabled 1, gIsDebugDisabled 0, gIsIMSLogsDisabled 0
02-24 19:34:12.033 E/Diag_Lib(  497):  Diag_LSM_Init: Failed to open handle to diag driver, error = 13
02-24 19:34:12.034 E/Diag_Lib(  497): qpLogDiagInit <== result : 0
02-24 19:34:12.034 E/Diag_Lib(  497): QMID : gIsQXDMDisabled 0, gIsADBDisabled 1, gIsDebugDisabled 0, gIsIMSLogsDisabled 0
02-24 19:34:12.034 E/Diag_Lib(  497):  Diag_LSM_Init: Failed to open handle to diag driver, error = 13
02-24 19:34:12.034 E/Diag_Lib(  497): qpLogDiagInit <== result : 0
02-24 19:34:12.034 E/Diag_Lib(  497): QMID : gIsQXDMDisabled 0, gIsADBDisabled 1, gIsDebugDisabled 0, gIsIMSLogsDisabled 0
02-24 19:34:12.055 E/Diag_Lib(  547):  Diag_LSM_Init: Failed to open handle to diag driver, error = 13
02-24 19:34:12.055 E/QC-QMI  (  547): qmi_client [547]: unable to bind to client socket, rc = -1 errno[13:Permission denied]
02-24 19:34:12.055 E/QC-QMI  (  547): qmi_qmux_if_pwr_up_init_ex:  Initialization failed, rc = -1
02-24 19:34:12.055 E/QMI_FW  (  547): QMUXD: WARNING qmi_qmux_if_pwr_up_init failed! rc=-1
02-24 19:34:12.055 E/QC-QMI  (  547): qmi_client [547]: unable to bind to client socket, rc = -1 errno[13:Permission denied]
02-24 19:34:12.055 E/QC-QMI  (  547): qmi_qmux_if_pwr_up_init_ex:  Initialization failed, rc = -1
02-24 19:34:12.055 E/QMI_FW  (  547): QMUXD: WARNING qmi_qmux_if_pwr_up_init failed! rc=-1
02-24 19:34:12.055 E/QC-QMI  (  547): qmi_client [547]: unable to bind to client socket, rc = -1 errno[13:Permission denied]
02-24 19:34:12.055 E/QC-QMI  (  547): qmi_qmux_if_pwr_up_init_ex:  Initialization failed, rc = -1
02-24 19:34:12.056 E/QMI_FW  (  547): QMUXD: WARNING qmi_qmux_if_pwr_up_init failed! rc=-1
02-24 19:34:12.056 E/QC-QMI  (  547): qmi_client [547]: unable to bind to client socket, rc = -1 errno[13:Permission denied]
02-24 19:34:12.056 E/QC-QMI  (  547): qmi_qmux_if_pwr_up_init_ex:  Initialization failed, rc = -1
02-24 19:34:12.056 E/QMI_FW  (  547): QMUXD: WARNING qmi_qmux_if_pwr_up_init failed! rc=-1
02-24 19:34:12.058 E/Diag_Lib(  495):  Diag_LSM_Init: Failed to open handle to diag driver, error = 13
02-24 19:34:12.065 E/QCNEA   (  551): Cne Version 4.8
02-24 19:34:12.065 E/Diag_Lib(  551):  Diag_LSM_Init: Failed to open handle to diag driver, error = 13
02-24 19:34:12.066 E/Diag_Lib(  551):  Diag_LSM_Init: Failed to open handle to diag driver, error = 13
02-24 19:34:12.066 E/QC-QMI  (  551): qmi_client [551]: unable to connect to server, errno=[2:No such file or directory], attempt=1
02-24 19:34:12.071 I/rmt_storage(  368): rmt_storage_client_thread: /boot/modem_fs1: clnt_h=0xa: req_h=0xa msg_id=3: Bytes written = 1572864
02-24 19:34:12.071 I/rmt_storage(  368): rmt_storage_client_thread: /boot/modem_fs1: clnt_h=0xa: req_h=0xa msg_id=3: Send response: res=0 err=0
02-24 19:34:12.071 I/rmt_storage(  368): rmt_storage_client_thread: /boot/modem_fs1: clnt_h=0xa About to block rmt_storage client thread (th_id: 547555374144) wakelock released: 1, error no: 0
02-24 19:34:12.071 I/rmt_storage(  368): 
02-24 19:34:12.072 I/rmt_storage(  368): rmt_storage_disconnect_cb: clnt_h=0xa conn_h=0x7f7d0fa000
02-24 19:34:12.131 I/ThermalEngine(  496): Parsing section global
02-24 19:34:12.131 I/ThermalEngine(  496): Found field 'sampling'
02-24 19:34:12.131 I/ThermalEngine(  496): Found field 'charger_offset'
02-24 19:34:12.131 E/ThermalEngine(  496): virtual_sensors_init: Error getting virtual sensors set
02-24 19:34:12.131 I/ThermalEngine(  496): Loading configuration file /system/etc/thermal-engine-8992.conf
02-24 19:34:12.131 I/ThermalEngine(  496): Parsing section global
02-24 19:34:12.131 I/ThermalEngine(  496): Found field 'sampling'
02-24 19:34:12.131 I/ThermalEngine(  496): Found field 'charger_offset'
02-24 19:34:12.131 I/ThermalEngine(  496): Created section 'CPU0_MONITOR'
02-24 19:34:12.131 I/ThermalEngine(  496): Algo Type 'monitor'
02-24 19:34:12.131 I/ThermalEngine(  496): Parsing section CPU0_MONITOR
02-24 19:34:12.132 I/ThermalEngine(  496): Found field 'sensor'
02-24 19:34:12.132 I/ThermalEngine(  496): Found field 'sampling'
02-24 19:34:12.132 I/ThermalEngine(  496): Found field 'thresholds'
02-24 19:34:12.132 I/ThermalEngine(  496): Found field 'thresholds_clr'
02-24 19:34:12.132 I/ThermalEngine(  496): Found field 'actions'
02-24 19:34:12.132 I/ThermalEngine(  496): Found field 'action_info'
02-24 19:34:12.132 I/ThermalEngine(  496): Created section 'CPU2_MONITOR'
02-24 19:34:12.132 I/ThermalEngine(  496): Algo Type 'monitor'
02-24 19:34:12.132 I/ThermalEngine(  496): Parsing section CPU2_MONITOR
02-24 19:34:12.132 I/ThermalEngine(  496): Found field 'sensor'
02-24 19:34:12.132 I/ThermalEngine(  496): Found field 'sampling'
02-24 19:34:12.132 I/ThermalEngine(  496): Found field 'thresholds'
02-24 19:34:12.132 I/ThermalEngine(  496): Found field 'thresholds_clr'
02-24 19:34:12.132 I/ThermalEngine(  496): Found field 'actions'
02-24 19:34:12.132 I/ThermalEngine(  496): Found field 'action_info'
02-24 19:34:12.132 I/ThermalEngine(  496): Created section 'CPU3_MONITOR'
02-24 19:34:12.132 I/ThermalEngine(  496): Algo Type 'monitor'
02-24 19:34:12.132 I/ThermalEngine(  496): Parsing section CPU3_MONITOR
02-24 19:34:12.132 I/ThermalEngine(  496): Found field 'sensor'
02-24 19:34:12.132 I/ThermalEngine(  496): Found field 'sampling'
02-24 19:34:12.132 I/ThermalEngine(  496): Found field 'thresholds'
02-24 19:34:12.132 I/ThermalEngine(  496): Found field 'thresholds_clr'
02-24 19:34:12.132 I/ThermalEngine(  496): Found field 'actions'
02-24 19:34:12.132 I/ThermalEngine(  496): Found field 'action_info'
02-24 19:34:12.132 I/ThermalEngine(  496): Created section 'CPU4_MONITOR'
02-24 19:34:12.132 I/ThermalEngine(  496): Algo Type 'monitor'
02-24 19:34:12.132 I/ThermalEngine(  496): Parsing section CPU4_MONITOR
02-24 19:34:12.132 I/ThermalEngine(  496): Found field 'sensor'
02-24 19:34:12.132 I/ThermalEngine(  496): Found field 'sampling'
02-24 19:34:12.132 I/ThermalEngine(  496): Found field 'thresholds'
02-24 19:34:12.132 I/ThermalEngine(  496): Found field 'thresholds_clr'
02-24 19:34:12.132 I/ThermalEngine(  496): Found field 'actions'
02-24 19:34:12.133 I/ThermalEngine(  496): Found field 'action_info'
02-24 19:34:12.133 I/ThermalEngine(  496): Created section 'CPU5_MONITOR'
02-24 19:34:12.133 I/ThermalEngine(  496): Algo Type 'monitor'
02-24 19:34:12.133 I/ThermalEngine(  496): Parsing section CPU5_MONITOR
02-24 19:34:12.133 I/ThermalEngine(  496): Found field 'sensor'
02-24 19:34:12.133 I/ThermalEngine(  496): Found field 'sampling'
02-24 19:34:12.133 I/ThermalEngine(  496): Found field 'thresholds'
02-24 19:34:12.133 I/ThermalEngine(  496): Found field 'thresholds_clr'
02-24 19:34:12.133 I/ThermalEngine(  496): Found field 'actions'
02-24 19:34:12.133 I/ThermalEngine(  496): Found field 'action_info'
02-24 19:34:12.133 I/ThermalEngine(  496): Created section 'CPU4_HOTPLUG_MONITOR'
02-24 19:34:12.133 I/ThermalEngine(  496): Algo Type 'monitor'
02-24 19:34:12.133 I/ThermalEngine(  496): Parsing section CPU4_HOTPLUG_MONITOR
02-24 19:34:12.133 I/ThermalEngine(  496): Found field 'sensor'
02-24 19:34:12.133 I/ThermalEngine(  496): Found field 'sampling'
02-24 19:34:12.133 I/ThermalEngine(  496): Found field 'thresholds'
02-24 19:34:12.133 I/ThermalEngine(  496): Found field 'thresholds_clr'
02-24 19:34:12.133 I/ThermalEngine(  496): Found field 'actions'
02-24 19:34:12.133 I/ThermalEngine(  496): Found field 'action_info'
02-24 19:34:12.133 I/ThermalEngine(  496): Created section 'CPU5_HOTPLUG_MONITOR'
02-24 19:34:12.133 I/ThermalEngine(  496): Algo Type 'monitor'
02-24 19:34:12.133 I/ThermalEngine(  496): Parsing section CPU5_HOTPLUG_MONITOR
02-24 19:34:12.133 I/ThermalEngine(  496): Found field 'sensor'
02-24 19:34:12.133 I/ThermalEngine(  496): Found field 'sampling'
02-24 19:34:12.133 I/ThermalEngine(  496): Found field 'thresholds'
02-24 19:34:12.133 I/ThermalEngine(  496): Found field 'thresholds_clr'
02-24 19:34:12.133 I/ThermalEngine(  496): Found field 'actions'
02-24 19:34:12.133 I/ThermalEngine(  496): Found field 'action_info'
02-24 19:34:12.133 I/ThermalEngine(  496): Created section 'LCD_management'
02-24 19:34:12.133 I/ThermalEngine(  496): Algo Type 'monitor'
02-24 19:34:12.133 I/ThermalEngine(  496): Parsing section LCD_management
02-24 19:34:12.134 I/ThermalEngine(  496): Found field 'sensor'
02-24 19:34:12.134 I/ThermalEngine(  496): Found field 'sampling'
02-24 19:34:12.134 I/ThermalEngine(  496): Found field 'thresholds'
02-24 19:34:12.134 I/ThermalEngine(  496): Found field 'thresholds_clr'
02-24 19:34:12.134 I/ThermalEngine(  496): Found field 'actions'
02-24 19:34:12.134 I/ThermalEngine(  496): Found field 'action_info'
02-24 19:34:12.134 I/ThermalEngine(  496): Created section 'battery_monitor'
02-24 19:34:12.134 I/ThermalEngine(  496): Algo Type 'monitor'
02-24 19:34:12.134 I/ThermalEngine(  496): Parsing section battery_monitor
02-24 19:34:12.134 I/ThermalEngine(  496): Found field 'sensor'
02-24 19:34:12.134 I/ThermalEngine(  496): Found field 'sampling'
02-24 19:34:12.134 I/ThermalEngine(  496): Found field 'thresholds'
02-24 19:34:12.134 I/ThermalEngine(  496): Found field 'thresholds_clr'
02-24 19:34:12.134 I/ThermalEngine(  496): Found field 'actions'
02-24 19:34:12.134 I/ThermalEngine(  496): Found field 'action_info'
02-24 19:34:12.134 I/ThermalEngine(  496): Created section 'PID-LITTLE_CLUSTER_management'
02-24 19:34:12.134 I/ThermalEngine(  496): Algo Type 'pid'
02-24 19:34:12.134 I/ThermalEngine(  496): Parsing section PID-LITTLE_CLUSTER_management
02-24 19:34:12.134 I/ThermalEngine(  496): Found field 'sampling'
02-24 19:34:12.134 I/ThermalEngine(  496): Found field 'sensor'
02-24 19:34:12.134 I/ThermalEngine(  496): Found field 'device'
02-24 19:34:12.134 I/ThermalEngine(  496): Found field 'set_point'
02-24 19:34:12.134 I/ThermalEngine(  496): Found field 'set_point_clr'
02-24 19:34:12.134 I/ThermalEngine(  496): Found field 'p_const'
02-24 19:34:12.134 I/ThermalEngine(  496): Found field 'i_const'
02-24 19:34:12.134 I/ThermalEngine(  496): Found field 'd_const'
02-24 19:34:12.134 I/ThermalEngine(  496): Found field 'i_samples'
02-24 19:34:12.134 I/ThermalEngine(  496): Found field 'dev_units_per_calc'
02-24 19:34:12.134 I/ThermalEngine(  496): Found field 'limit'
02-24 19:34:12.135 I/ThermalEngine(  496): Created section 'PID-BIG_CLUSTER_management'
02-24 19:34:12.135 I/ThermalEngine(  496): Algo Type 'pid'
02-24 19:34:12.135 I/ThermalEngine(  496): Parsing section PID-BIG_CLUSTER_management
02-24 19:34:12.135 I/ThermalEngine(  496): Found field 'sampling'
02-24 19:34:12.135 I/ThermalEngine(  496): Found field 'sensor'
02-24 19:34:12.135 I/ThermalEngine(  496): Found field 'device'
02-24 19:34:12.135 I/ThermalEngine(  496): Found field 'set_point'
02-24 19:34:12.135 I/ThermalEngine(  496): Found field 'set_point_clr'
02-24 19:34:12.135 I/ThermalEngine(  496): Found field 'p_const'
02-24 19:34:12.135 I/ThermalEngine(  496): Found field 'i_const'
02-24 19:34:12.135 I/ThermalEngine(  496): Found field 'd_const'
02-24 19:34:12.135 I/ThermalEngine(  496): Found field 'i_samples'
02-24 19:34:12.135 I/ThermalEngine(  496): Found field 'dev_units_per_calc'
02-24 19:34:12.135 I/ThermalEngine(  496): Found field 'limit'
02-24 19:34:12.135 I/ThermalEngine(  496): Created section 'SS-GPU_management'
02-24 19:34:12.135 I/ThermalEngine(  496): Algo Type 'pid'
02-24 19:34:12.135 I/ThermalEngine(  496): Parsing section SS-GPU_management
02-24 19:34:12.135 I/ThermalEngine(  496): Found field 'sensor'
02-24 19:34:12.135 I/ThermalEngine(  496): Found field 'sampling'
02-24 19:34:12.135 I/ThermalEngine(  496): Found field 'device'
02-24 19:34:12.135 I/ThermalEngine(  496): Found field 'set_point'
02-24 19:34:12.135 I/ThermalEngine(  496): Found field 'set_point_clr'
02-24 19:34:12.135 I/ThermalEngine(  496): Found field 'p_const'
02-24 19:34:12.135 I/ThermalEngine(  496): Found field 'i_const'
02-24 19:34:12.135 I/ThermalEngine(  496): Found field 'd_const'
02-24 19:34:12.135 I/ThermalEngine(  496): Found field 'i_samples'
02-24 19:34:12.135 I/ThermalEngine(  496): Found field 'dev_units_per_calc'
02-24 19:34:12.135 I/ThermalEngine(  496): Found field 'limit'
02-24 19:34:12.135 I/ThermalEngine(  496): [SS-GPU_management]
02-24 19:34:12.136 I/ThermalEngine(  496): algo_type pid
02-24 19:34:12.136 I/ThermalEngine(  496): sampling 5000
02-24 19:34:12.136 I/ThermalEngine(  496): sensor xo_therm
02-24 19:34:12.136 I/ThermalEngine(  496): device gpu
02-24 19:34:12.136 I/ThermalEngine(  496): set_point 44000
02-24 19:34:12.136 I/ThermalEngine(  496): set_point_clr 41000
02-24 19:34:12.136 I/ThermalEngine(  496): p_const 5.000000
02-24 19:34:12.136 I/ThermalEngine(  496): i_const 0.050000
02-24 19:34:12.136 I/ThermalEngine(  496): d_const 0.000000
02-24 19:34:12.136 I/ThermalEngine(  496): i_samples 20
02-24 19:34:12.136 I/ThermalEngine(  496): dev_units_per_calc 3500000
02-24 19:34:12.136 I/ThermalEngine(  496): [PID-BIG_CLUSTER_management]
02-24 19:34:12.136 I/ThermalEngine(  496): algo_type pid
02-24 19:34:12.136 I/ThermalEngine(  496): sampling 1000
02-24 19:34:12.136 I/ThermalEngine(  496): sensor xo_therm
02-24 19:34:12.136 I/ThermalEngine(  496): device cluster1
02-24 19:34:12.136 I/ThermalEngine(  496): set_point 39000
02-24 19:34:12.136 I/ThermalEngine(  496): set_point_clr 37000
02-24 19:34:12.136 I/ThermalEngine(  496): p_const 10.000000
02-24 19:34:12.136 I/ThermalEngine(  496): i_const 0.090000
02-24 19:34:12.136 I/ThermalEngine(  496): d_const 0.000000
02-24 19:34:12.136 I/ThermalEngine(  496): i_samples 10
02-24 19:34:12.136 I/ThermalEngine(  496): dev_units_per_calc 10000
02-24 19:34:12.136 I/ThermalEngine(  496): [PID-LITTLE_CLUSTER_management]
02-24 19:34:12.136 I/ThermalEngine(  496): algo_type pid
02-24 19:34:12.136 I/ThermalEngine(  496): sampling 5000
02-24 19:34:12.136 I/ThermalEngine(  496): sensor xo_therm
02-24 19:34:12.136 I/ThermalEngine(  496): device cluster0
02-24 19:34:12.136 I/ThermalEngine(  496): set_point 44000
02-24 19:34:12.136 I/ThermalEngine(  496): set_point_clr 41000
02-24 19:34:12.136 I/ThermalEngine(  496): p_const 5.000000
02-24 19:34:12.136 I/ThermalEngine(  496): i_const 0.100000
02-24 19:34:12.136 I/ThermalEngine(  496): d_const 0.000000
02-24 19:34:12.136 I/ThermalEngine(  496): i_samples 10
02-24 19:34:12.136 I/ThermalEngine(  496): dev_units_per_calc 10000
02-24 19:34:12.136 I/ThermalEngine(  496): [battery_monitor]
02-24 19:34:12.136 I/ThermalEngine(  496): algo_type monitor
02-24 19:34:12.136 I/ThermalEngine(  496): sampling 10000
02-24 19:34:12.136 I/ThermalEngine(  496): sensor xo_batt
02-24 19:34:12.136 I/ThermalEngine(  496): thresholds 36000 39000
02-24 19:34:12.136 I/ThermalEngine(  496): thresholds_clr 34000 38000
02-24 19:34:12.136 I/ThermalEngine(  496): actions battery battery
