12-15 22:10:00.495 I/sensors (  882): get_sensors_list
12-15 22:10:00.498 I/SystemServiceManager(  882): Starting com.android.server.BatteryService
12-15 22:10:00.498 D/SensorService(  882): new thread SensorEventAckReceiver
12-15 22:10:00.503 D/SensorService(  882): nuSensorService thread starting...
12-15 22:10:00.508 I/hubconnection(  882): sensorhub said: 'init: 24 -19 -1, -9 13 -25, 0.00, 7'
12-15 22:10:00.513 I/SystemServiceManager(  882): Starting com.android.server.usage.UsageStatsService
12-15 22:10:00.518 I/hubconnection(  882): sensorhub said: 'activate 18 enable:1'
12-15 22:10:00.521 I/hubconnection(  882): sensorhub said: 'activate 6 enable:0'
12-15 22:10:00.522 I/SystemServiceManager(  882): Starting com.android.server.webkit.WebViewUpdateService
12-15 22:10:00.523 I/hubconnection(  882): sensorhub said: 'activate 7 enable:0'
12-15 22:10:00.524 I/SystemServer(  882): Reading configuration...
12-15 22:10:00.524 I/SystemServer(  882): Scheduling Policy
12-15 22:10:00.524 I/hubconnection(  882): sensorhub said: 'activate 1 enable:0'
12-15 22:10:00.525 I/SystemServiceManager(  882): Starting com.android.server.telecom.TelecomLoaderService
12-15 22:10:00.525 I/SystemServer(  882): Telephony Registry
12-15 22:10:00.528 I/hubconnection(  882): sensorhub said: 'activate 2 enable:0'
12-15 22:10:00.529 I/SystemServer(  882): Entropy Mixer
12-15 22:10:00.530 I/hubconnection(  882): sensorhub said: 'activate 26 enable:0'
12-15 22:10:00.532 I/hubconnection(  882): sensorhub said: 'activate 3 enable:0'
12-15 22:10:00.533 I/hubconnection(  882): sensorhub said: 'activate 25 enable:0'
12-15 22:10:00.535 I/hubconnection(  882): sensorhub said: 'activate 4 enable:0'
12-15 22:10:00.535 I/EntropyMixer(  882): Added HW RNG output to entropy pool
12-15 22:10:00.535 I/EntropyMixer(  882): Writing entropy...
12-15 22:10:00.536 I/hubconnection(  882): sensorhub said: 'activate 5 enable:0'
12-15 22:10:00.538 I/hubconnection(  882): sensorhub said: 'activate 8 enable:0'
12-15 22:10:00.540 I/hubconnection(  882): sensorhub said: 'activate 9 enable:0'
12-15 22:10:00.541 I/hubconnection(  882): sensorhub said: 'activate 24 enable:0'
12-15 22:10:00.542 I/hubconnection(  882): sensorhub said: 'activate 12 enable:0'
12-15 22:10:00.544 I/hubconnection(  882): sensorhub said: 'activate 15 enable:0'
12-15 22:10:00.545 I/hubconnection(  882): sensorhub said: 'activate 16 enable:0'
12-15 22:10:00.547 I/hubconnection(  882): sensorhub said: 'activate 17 enable:0'
12-15 22:10:00.547 I/SystemServer(  882): Camera Service
12-15 22:10:00.547 I/SystemServiceManager(  882): Starting com.android.server.camera.CameraService
12-15 22:10:00.548 I/hubconnection(  882): sensorhub said: 'activate 19 enable:0'
12-15 22:10:00.549 I/hubconnection(  882): sensorhub said: 'activate 20 enable:0'
12-15 22:10:00.551 I/SystemServer(  882): Account Manager
12-15 22:10:00.551 I/hubconnection(  882): sensorhub said: 'activate 22 enable:0'
12-15 22:10:00.553 I/hubconnection(  882): sensorhub said: 'activate 21 enable:0'
12-15 22:10:00.554 I/hubconnection(  882): sensorhub said: 'activate 28 enable:0'
12-15 22:10:00.555 I/hubconnection(  882): sensorhub said: 'activate 29 enable:0'
12-15 22:10:00.556 I/SystemServer(  882): Content Manager
12-15 22:10:00.556 I/hubconnection(  882): sensorhub said: 'activate 30 enable:0'
12-15 22:10:00.558 I/hubconnection(  882): sensorhub said: 'activate 31 enable:0'
12-15 22:10:00.558 I/SystemServer(  882): System Content Providers
12-15 22:10:00.564 W/System  (  882): ClassLoader referenced unknown path: /system/priv-app/SettingsProvider/lib/arm64
12-15 22:10:00.588 I/SystemServer(  882): Vibrator Service
12-15 22:10:00.591 I/SystemServer(  882): Consumer IR Service
12-15 22:10:00.591 E/ConsumerIrService(  882): Can't open consumer IR HW Module, error: -2
12-15 22:10:00.592 I/SystemServiceManager(  882): Starting com.android.server.AlarmManagerService
12-15 22:10:00.594 D/AlarmManagerService(  882): Kernel timezone updated to -60 minutes west of GMT
12-15 22:10:00.598 I/SystemServer(  882): Init Watchdog
12-15 22:10:00.599 I/SystemServer(  882): Input Manager
12-15 22:10:00.600 I/InputManager(  882): Initializing input manager, mUseDevInputEventForAudioJack=true
12-15 22:10:00.601 I/SystemServer(  882): Window Manager
12-15 22:10:00.611 I/WindowManager(  882): No existing display settings /data/system/display_settings.xml; starting empty
12-15 22:10:00.654 I/InputManager(  882): Starting input manager
12-15 22:10:00.656 I/SystemServer(  882): Bluetooth Service
12-15 22:10:00.656 I/SystemServiceManager(  882): Starting com.android.server.BluetoothService
12-15 22:10:00.657 D/EventHub(  882): No input device configuration file found for device 'uinput-folio'.
12-15 22:10:00.657 I/EventHub(  882): New device: id=1, fd=83, path='/dev/input/event6', name='uinput-folio', classes=0x80, configuration='', keyLayout='', keyCharacterMap='', builtinKeyboard=false, wakeMechanism=EPOLLWAKEUP, usingClockIoctl=true
12-15 22:10:00.657 D/EventHub(  882): No input device configuration file found for device 'msm8994-tomtom-snd-card Headset Jack'.
12-15 22:10:00.658 I/EventHub(  882): New device: id=2, fd=84, path='/dev/input/event5', name='msm8994-tomtom-snd-card Headset Jack', classes=0x80, configuration='', keyLayout='', keyCharacterMap='', builtinKeyboard=false, wakeMechanism=EPOLLWAKEUP, usingClockIoctl=true
12-15 22:10:00.658 D/EventHub(  882): No input device configuration file found for device 'msm8994-tomtom-snd-card Button Jack'.
12-15 22:10:00.659 D/BluetoothService(  882): onStart: publishing BluetoothManagerService
12-15 22:10:00.659 I/SystemServer(  882): Input Method Service
12-15 22:10:00.664 W/EventHub(  882): Unable to disable kernel key repeat for /dev/input/event4: Function not implemented
12-15 22:10:00.664 I/EventHub(  882): New device: id=3, fd=85, path='/dev/input/event4', name='msm8994-tomtom-snd-card Button Jack', classes=0x1, configuration='', keyLayout='/system/usr/keylayout/Generic.kl', keyCharacterMap='/system/usr/keychars/Generic.kcm', builtinKeyboard=false, wakeMechanism=EPOLLWAKEUP, usingClockIoctl=true
12-15 22:10:00.664 D/EventHub(  882): No input device configuration file found for device 'qpnp_pon'.
12-15 22:10:00.667 W/EventHub(  882): Unable to disable kernel key repeat for /dev/input/event2: Function not implemented
12-15 22:10:00.667 I/EventHub(  882): New device: id=4, fd=86, path='/dev/input/event2', name='qpnp_pon', classes=0x1, configuration='', keyLayout='/system/usr/keylayout/qpnp_pon.kl', keyCharacterMap='/system/usr/keychars/Generic.kcm', builtinKeyboard=false, wakeMechanism=EPOLLWAKEUP, usingClockIoctl=true
12-15 22:10:00.668 D/EventHub(  882): No input device configuration file found for device 'STM VL6180 proximity sensor'.
12-15 22:10:00.693 I/SystemServer(  882): Accessibility Manager
12-15 22:10:00.697 I/ActivityManager(  882): Config changes=1df8 {1.0 ?mcc?mnc de_DE ldltr sw411dp w411dp h731dp 420dpi nrml long port ?uimode ?night -touch -keyb/v/h -nav/h s.2}
12-15 22:10:00.702 D/EventHub(  882): No input device configuration file found for device 'gpio-keys'.
12-15 22:10:00.706 W/EventHub(  882): Unable to disable kernel key repeat for /dev/input/event3: Function not implemented
12-15 22:10:00.706 I/EventHub(  882): New device: id=6, fd=92, path='/dev/input/event3', name='gpio-keys', classes=0x1, configuration='', keyLayout='/system/usr/keylayout/gpio-keys.kl', keyCharacterMap='/system/usr/keychars/Generic.kcm', builtinKeyboard=false, wakeMechanism=EPOLLWAKEUP, usingClockIoctl=true
12-15 22:10:00.707 I/EventHub(  882): New device: id=7, fd=94, path='/dev/input/event0', name='synaptics_rmi4_i2c', classes=0x14, configuration='/system/usr/idc/synaptics_rmi4_i2c.idc', keyLayout='', keyCharacterMap='', builtinKeyboard=false, wakeMechanism=EPOLLWAKEUP, usingClockIoctl=true
12-15 22:10:00.711 I/InputReader(  882): Device added: id=-1, name='Virtual', sources=0x00000301
12-15 22:10:00.711 I/ActivityManager(  882): Config changes=500 {1.0 ?mcc?mnc de_DE ldltr sw411dp w411dp h659dp 420dpi nrml port ?uimode ?night -touch -keyb/v/h -nav/h s.3}
12-15 22:10:00.712 I/InputReader(  882):   Touch device 'synaptics_rmi4_i2c' could not query the properties of its associated display.  The device will be inoperable until the display size becomes available.
12-15 22:10:00.712 I/InputReader(  882): Device added: id=7, name='synaptics_rmi4_i2c', sources=0x00001002
12-15 22:10:00.712 I/InputReader(  882): Device added: id=6, name='gpio-keys', sources=0x00000101
12-15 22:10:00.712 I/InputReader(  882): Device added: id=4, name='qpnp_pon', sources=0x00000101
12-15 22:10:00.712 I/InputReader(  882): Device added: id=3, name='msm8994-tomtom-snd-card Button Jack', sources=0x00000101
12-15 22:10:00.712 I/InputReader(  882): Device added: id=2, name='msm8994-tomtom-snd-card Headset Jack', sources=0x80000000
12-15 22:10:00.712 I/InputReader(  882): Device added: id=1, name='uinput-folio', sources=0x80000000
12-15 22:10:00.713 I/SystemServiceManager(  882): Starting com.android.server.MountService$Lifecycle
12-15 22:10:00.714 I/InputReader(  882): Reconfiguring input devices.  changes=0x00000004
12-15 22:10:00.714 I/InputReader(  882): Device reconfigured: id=7, name='synaptics_rmi4_i2c', size 1080x1920, orientation 0, mode 1, display id 0
12-15 22:10:00.714 I/ActivityManager(  882): Config changes=8 {1.0 ?mcc?mnc de_DE ldltr sw411dp w411dp h659dp 420dpi nrml port ?uimode ?night finger -keyb/v/h -nav/h s.4}
12-15 22:10:00.720 D/MountService(  882): Thinking about reset, mSystemReady=false, mDaemonConnected=true
12-15 22:10:00.722 D/MountService(  882): Thinking about reset, mSystemReady=false, mDaemonConnected=true
12-15 22:10:00.722 I/SystemServiceManager(  882): Starting com.android.server.UiModeManagerService
12-15 22:10:00.723 D/CryptdConnector(  882): SND -> {1 cryptfs getfield SystemLocale}
12-15 22:10:00.724 I/Ext4Crypt(  337): ext4 crypto complete called on /data
12-15 22:10:00.724 I/Ext4Crypt(  337): No master key, so not ext4enc
12-15 22:10:00.725 I/ActivityManager(  882): Config changes=200 {1.0 ?mcc?mnc de_DE ldltr sw411dp w411dp h659dp 420dpi nrml port finger -keyb/v/h -nav/h s.5}
12-15 22:10:00.727 D/CryptdConnector(  882): RCV <- {113 1 de-DE}
12-15 22:10:00.728 D/CryptdConnector(  882): RCV <- {200 1 0}
12-15 22:10:00.728 D/MountService(  882): Got locale de-DE from mount service
12-15 22:10:00.728 I/SystemServer(  882): LockSettingsService
12-15 22:10:00.730 D/MountService(  882): Setting system properties to de-DE from mount service
12-15 22:10:00.732 I/SystemServiceManager(  882): Starting com.android.server.PersistentDataBlockService
12-15 22:10:00.737 W/MountService(  882): No primary storage mounted!
12-15 22:10:00.738 D/VoldConnector(  882): SND -> {1 asec list}
12-15 22:10:00.741 D/VoldConnector(  882): RCV <- {200 1 asec operation succeeded}
12-15 22:10:00.741 I/PackageManager(  882): No secure containers found
12-15 22:10:00.742 W/PackageManager(  882): Not granting permission android.permission.MANAGE_DOCUMENTS to package com.google.android.youtube (protectionLevel=2 flags=0x38583e45)
12-15 22:10:00.742 W/PackageManager(  882): Not granting permission com.google.android.googleapps.permission.GOOGLE_AUTH to package com.google.android.youtube (protectionLevel=2 flags=0x38583e45)
12-15 22:10:00.742 W/PackageManager(  882): Not granting permission com.google.android.googleapps.permission.GOOGLE_AUTH.youtube to package com.google.android.youtube (protectionLevel=2 flags=0x38583e45)
12-15 22:10:00.742 W/PackageManager(  882): Not granting permission com.google.android.googleapps.permission.GOOGLE_AUTH.YouTubeUser to package com.google.android.youtube (protectionLevel=2 flags=0x38583e45)
12-15 22:10:00.743 W/PackageManager(  882): Unknown permission com.google.android.voicesearch.SHORTCUTS_ACCESS in package com.google.android.googlequicksearchbox
12-15 22:10:00.743 W/PackageManager(  882): Unknown permission com.google.android.voicesearch.ACCESS_SETTINGS in package com.google.android.googlequicksearchbox
12-15 22:10:00.743 W/PackageManager(  882): Unknown permission com.android.browser.permission.PRELOAD in package com.google.android.googlequicksearchbox
12-15 22:10:00.743 W/PackageManager(  882): Unknown permission com.google.android.ears.permission.WRITE in package com.google.android.googlequicksearchbox
12-15 22:10:00.743 W/PackageManager(  882): Unknown permission com.google.android.apps.googlevoice.permission.AUTO_SEND in package com.google.android.googlequicksearchbox
12-15 22:10:00.743 W/PackageManager(  882): Unknown permission com.android.chrome.PRERENDER_URL in package com.google.android.googlequicksearchbox
12-15 22:10:00.743 W/PackageManager(  882): Not granting permission com.google.android.googleapps.permission.GOOGLE_AUTH to package com.android.providers.calendar (protectionLevel=2 flags=0x30083e45)
12-15 22:10:00.744 W/PackageManager(  882): Not granting permission com.google.android.googleapps.permission.GOOGLE_AUTH.cl to package com.android.providers.calendar (protectionLevel=2 flags=0x30083e45)
12-15 22:10:00.744 W/PackageManager(  882): Unknown permission com.android.nfc.permission.NFCEE_ADMIN in package org.simalliance.openmobileapi.service
12-15 22:10:00.744 W/PackageManager(  882): Not granting permission android.permission.WRITE_SECURE_SETTINGS to package com.google.android.apps.enterprise.dmagent (protectionLevel=50 flags=0x38083e05)
12-15 22:10:00.744 W/PackageManager(  882): Not granting permission android.permission.CONNECTIVITY_INTERNAL to package com.google.android.apps.enterprise.dmagent (protectionLevel=18 flags=0x38083e05)
12-15 22:10:00.744 W/PackageManager(  882): Not granting permission android.permission.MANAGE_USB to package com.google.android.apps.enterprise.dmagent (protectionLevel=18 flags=0x38083e05)
12-15 22:10:00.744 W/PackageManager(  882): Not granting permission android.permission.CHANGE_COMPONENT_ENABLED_STATE to package com.google.android.apps.enterprise.dmagent (protectionLevel=18 flags=0x38083e05)
12-15 22:10:00.744 W/PackageManager(  882): Not granting permission android.permission.MANAGE_CA_CERTIFICATES to package com.google.android.apps.enterprise.dmagent (protectionLevel=18 flags=0x38083e05)
12-15 22:10:00.744 W/PackageManager(  882): Not granting permission android.permission.MANAGE_USERS to package com.google.android.apps.enterprise.dmagent (protectionLevel=18 flags=0x38083e05)
12-15 22:10:00.745 W/PackageManager(  882): Not granting permission android.permission.SEND_DOWNLOAD_COMPLETED_INTENTS to package com.android.vending (protectionLevel=2 flags=0x384abe45)
12-15 22:10:00.745 W/PackageManager(  882): Unknown permission android.permission.SEND_SMS_NO_CONFIRMATION in package com.android.vending
12-15 22:10:00.745 W/PackageManager(  882): Unknown permission android.permission.NFC_TRANSACTION in package at.psa.app.bankaustria
12-15 22:10:00.745 W/PackageManager(  882): Unknown permission android.permission.SMARTCARD in package at.psa.app.bankaustria
12-15 22:10:00.745 W/PackageManager(  882): Unknown permission com.rise.world.apps.ipc.permission.SMCC in package at.psa.app.bankaustria
12-15 22:10:00.745 W/PackageManager(  882): Unknown permission com.gsma.services.nfc.permission.TRANSACTION_EVENT in package at.psa.app.bankaustria
12-15 22:10:00.745 W/PackageManager(  882): Unknown permission android.permission.NFC_UNLOCK in package com.android.nfc
12-15 22:10:00.745 W/PackageManager(  882): Unknown permission com.android.launcher.permission.READ_SETTINGS in package com.google.android.launcher
12-15 22:10:00.745 W/PackageManager(  882): Unknown permission com.android.launcher.permission.WRITE_SETTINGS in package com.google.android.launcher
12-15 22:10:00.746 W/PackageManager(  882): Unknown permission com.google.android.email.permission.ACCESS_PROVIDER in package com.google.android.gm
12-15 22:10:00.746 W/PackageManager(  882): Unknown permission android.permission.READ_OWNER_DATA in package com.google.android.setupwizard
12-15 22:10:00.746 W/PackageManager(  882): Unknown permission android.permission.WRITE_OWNER_DATA in package com.google.android.setupwizard
12-15 22:10:00.746 W/PackageManager(  882): Unknown permission android.permission.WRITE_SYNC_STATS in package com.google.android.apps.docs
12-15 22:10:00.747 W/PackageManager(  882): Not granting permission android.permission.INTERACT_ACROSS_USERS to package com.google.android.syncadapters.contacts (protectionLevel=50 flags=0x38883e45)
12-15 22:10:00.747 W/PackageManager(  882): Unknown permission com.google.android.gms.permission.CONTACTS_SYNC_DELEGATION in package com.google.android.syncadapters.contacts
12-15 22:10:00.747 I/UsageStatsService(  882): User[0] Rollover scheduled @ 2015-12-16 01:00:00(1450224000000)
12-15 22:10:00.747 W/PackageManager(  882): Unknown permission com.chrome.permission.DEVICE_EXTRAS in package com.android.chrome
12-15 22:10:00.747 W/PackageManager(  882): Unknown permission com.sec.enterprise.knox.MDM_CONTENT_PROVIDER in package com.android.chrome
12-15 22:10:00.747 W/PackageManager(  882): Unknown permission com.google.android.wearable.READ_SETTINGS in package com.google.android.gms
12-15 22:10:00.748 W/PackageManager(  882): Not granting permission android.permission.MANAGE_DOCUMENTS to package com.google.android.gms (protectionLevel=2 flags=0xb8483e45)
12-15 22:10:00.748 W/PackageManager(  882): Unknown permission com.android.launcher.permission.PRELOAD_WORKSPACE in package com.google.android.partnersetup
12-15 22:10:00.748 W/PackageManager(  882): Not granting permission com.google.android.googleapps.permission.GOOGLE_AUTH to package com.google.android.videos (protectionLevel=2 flags=0x38583e45)
12-15 22:10:00.748 W/PackageManager(  882): Unknown permission com.google.android.gallery3d.permission.PICASA_STORE in package com.google.android.apps.photos
12-15 22:10:00.749 W/PackageManager(  882): Not granting permission android.permission.CONTROL_KEYGUARD to package com.google.android.gsf.login (protectionLevel=2 flags=0x3048be45)
12-15 22:10:00.749 W/PackageManager(  882): Unknown permission com.android.vending.billing.IBillingAccountService.BIND2 in package com.google.android.gsf.login
12-15 22:10:00.749 W/PackageManager(  882): Unknown permission com.android.launcher.permission.READ_SETTINGS in package com.android.settings
12-15 22:10:00.749 W/PackageManager(  882): Unknown permission com.android.launcher.permission.WRITE_SETTINGS in package com.android.settings
12-15 22:10:00.749 W/PackageManager(  882): Unknown permission com.android.permission.DCMO_SETTINGS in package com.android.omadm.service
12-15 22:10:00.749 W/PackageManager(  882): Not granting permission android.permission.REGISTER_CONNECTION_MANAGER to package com.google.android.talk (protectionLevel=18 flags=0x3849be45)
12-15 22:10:00.750 W/PackageManager(  882): Unknown permission com.android.smspush.WAPPUSH_MANAGER_BIND in package com.android.phone
12-15 22:10:00.751 W/PackageManager(  882): Unknown permission com.google.android.gallery3d.permission.GALLERY_PROVIDER in package com.android.bluetooth
12-15 22:10:00.751 W/PackageManager(  882): Unknown permission com.android.gallery3d.permission.GALLERY_PROVIDER in package com.android.bluetooth
12-15 22:10:00.751 W/PackageManager(  882): Not granting permission android.permission.BIND_WALLPAPER to package com.google.android.GoogleCamera (protectionLevel=18 flags=0x30583c45)
12-15 22:10:00.751 W/PackageManager(  882): Unknown permission com.google.android.gallery3d.permission.GALLERY_PROVIDER in package com.google.android.GoogleCamera
12-15 22:10:00.752 I/SystemServiceManager(  882): Starting com.android.server.DeviceIdleController
12-15 22:10:00.815 W/MountService(  882): No primary storage defined yet; hacking together a stub
12-15 22:10:00.816 W/MountService(  882): No primary storage defined yet; hacking together a stub
12-15 22:10:00.816 W/MountService(  882): No primary storage mounted!
12-15 22:10:00.816 D/VoldConnector(  882): SND -> {2 asec list}
12-15 22:10:00.817 D/VoldConnector(  882): RCV <- {200 2 asec operation succeeded}
12-15 22:10:00.819 I/SystemServiceManager(  882): Starting com.android.server.devicepolicy.DevicePolicyManagerService$Lifecycle
12-15 22:10:00.822 I/SystemServer(  882): Status Bar
12-15 22:10:00.824 I/SystemServer(  882): Clipboard Service
12-15 22:10:00.825 I/SystemServer(  882): NetworkManagement Service
12-15 22:10:00.829 I/SystemServer(  882): Text Service Manager Service
12-15 22:10:00.832 I/SystemServer(  882): Network Score Service
12-15 22:10:00.833 I/SystemServer(  882): NetworkStats Service
12-15 22:10:00.837 I/SystemServer(  882): NetworkPolicy Service
12-15 22:10:00.843 I/SystemServiceManager(  882): Starting com.android.server.wifi.p2p.WifiP2pService
12-15 22:10:00.870 I/WifiP2pService(  882): Registering wifip2p
12-15 22:10:00.872 I/SystemServiceManager(  882): Starting com.android.server.wifi.WifiService
12-15 22:10:00.885 W/Atfwd_Sendcmd(  509): AtCmdFwd service not published, waiting... retryCnt : 1
12-15 22:10:00.933 D/HS20    (  882): Passpoint is enabled
12-15 22:10:00.939 D/WifiStateMachine(  882): initializing with and will revert to 00 on MCC loss
12-15 22:10:00.944 D/WifiController(  882): isAirplaneModeOn = false, isWifiEnabled = true, isScanningAvailable = true
12-15 22:10:00.945 I/WifiService(  882): Registering wifi
12-15 22:10:00.946 I/SystemServiceManager(  882): Starting com.android.server.wifi.WifiScanningService
12-15 22:10:00.946 I/WifiScanningService(  882): Creating wifiscanner
12-15 22:10:00.947 I/WifiScanningService(  882): Starting wifiscanner
12-15 22:10:00.948 I/SystemServiceManager(  882): Starting com.android.server.wifi.RttService
12-15 22:10:00.948 I/RttService(  882): Creating rttmanager
12-15 22:10:00.948 I/RttService(  882): Starting rttmanager
12-15 22:10:00.949 I/SystemServiceManager(  882): Starting com.android.server.ethernet.EthernetService
12-15 22:10:00.950 I/EthernetServiceImpl(  882): Creating EthernetConfigStore
12-15 22:10:00.952 E/IpConfigStore(  882): Error parsing configuration: java.io.FileNotFoundException: /data/misc/ethernet/ipconfig.txt: open failed: ENOENT (No such file or directory)
12-15 22:10:00.952 W/EthernetConfigStore(  882): No Ethernet configuration found. Using default.
12-15 22:10:00.953 I/EthernetServiceImpl(  882): Read stored IP configuration: IP assignment: DHCP
12-15 22:10:00.953 I/EthernetServiceImpl(  882): Proxy settings: NONE
12-15 22:10:00.953 I/EthernetService(  882): Registering service ethernet
12-15 22:10:00.954 I/SystemServer(  882): Connectivity Service
12-15 22:10:00.956 D/ConnectivityService(  882): ConnectivityService starting up
12-15 22:10:00.960 D/ConnectivityService(  882): wifiOnly=false
12-15 22:10:00.967 I/SystemServer(  882): Network Service Discovery Service
12-15 22:10:00.969 D/NsdService(  882): Network service discovery enabled true
12-15 22:10:00.971 I/SystemServer(  882): UpdateLock Service
12-15 22:10:00.972 I/SystemServiceManager(  882): Starting com.android.server.notification.NotificationManagerService
12-15 22:10:00.985 I/SystemServiceManager(  882): Starting com.android.server.storage.DeviceStorageMonitorService
12-15 22:10:00.987 I/SystemServer(  882): Location Manager
12-15 22:10:00.989 I/SystemServer(  882): Country Detector
12-15 22:10:00.989 I/SystemServer(  882): Search Service
12-15 22:10:00.991 I/SystemServer(  882): DropBox Service
12-15 22:10:00.992 I/SystemServer(  882): Wallpaper Service
12-15 22:10:00.996 I/SystemServer(  882): Audio Service
12-15 22:10:01.002 W/TelecomManager(  882): Telecom Service not found.
12-15 22:10:01.003 I/ServiceManager(  882): Waiting for service media.audio_policy...
12-15 22:10:01.147 D/WifiApConfigStore(  882): 2G band allowed channels are:1,6,11
12-15 22:10:01.182 I/AudioPolicyService(  489): AudioPolicyService CSTOR in new mode
12-15 22:10:01.185 I/APM::ConfigParsingUtils(  489): loadAudioPolicyConfig() loaded /system/etc/audio_policy.conf
12-15 22:10:01.202 D/audio_hw_primary(  489): adev_open: enter
12-15 22:10:01.204 D/msm8974_platform(  489): platform_set_parameters: add operator[verizon] mccmnc[310004;311480]
12-15 22:10:01.204 D/msm8974_platform(  489): platform_set_parameters: add operator[uscellular] mccmnc[311220;311580]
12-15 22:10:01.205 D/msm8974_platform(  489): platform_add_operator_specific_device : deivce[voice-dmic-ef] -> operator[verizon] mixer_path[voice-dmic-ef-vzwusc] acdb_id [130]
12-15 22:10:01.205 D/msm8974_platform(  489): platform_add_operator_specific_device : deivce[voice-dmic-ef-vzwusc] -> operator[uscellular] mixer_path[voice-dmic-ef-vzwusc] acdb_id [130]
12-15 22:10:01.205 D/msm8974_platform(  489): platform_add_operator_specific_device : deivce[voice-handset] -> operator[verizon] mixer_path[voice-handset-vzwusc] acdb_id [131]
12-15 22:10:01.205 D/msm8974_platform(  489): platform_add_operator_specific_device : deivce[voice-handset-vzwusc] -> operator[uscellular] mixer_path[voice-handset-vzwusc] acdb_id [131]
12-15 22:10:01.205 D/msm8974_platform(  489): platform_add_operator_specific_device : deivce[voice-headset-mic] -> operator[verizon] mixer_path[voice-headset-mic-vzwusc] acdb_id [132]
12-15 22:10:01.205 D/msm8974_platform(  489): platform_add_operator_specific_device : deivce[voice-headset-mic-vzwusc] -> operator[uscellular] mixer_path[voice-headset-mic-vzwusc] acdb_id [132]
12-15 22:10:01.205 D/msm8974_platform(  489): platform_add_operator_specific_device : deivce[voice-headphones] -> operator[verizon] mixer_path[voice-headphones-vzwusc] acdb_id [133]
12-15 22:10:01.205 D/msm8974_platform(  489): platform_add_operator_specific_device : deivce[voice-headphones-vzwusc] -> operator[uscellular] mixer_path[voice-headphones-vzwusc] acdb_id [133]
12-15 22:10:01.239 D/msm8974_platform(  489): platform_init: snd_card_name: msm8994-tomtom-snd-card
12-15 22:10:01.334 E/audio_route(  489): Control 'MultiMedia4 Mixer MI2S_TX' doesn't exist - skipping
12-15 22:10:01.335 E/audio_route(  489): Control 'MultiMedia7 Mixer MI2S_TX' doesn't exist - skipping
12-15 22:10:01.335 E/audio_route(  489): Control 'MultiMedia10 Mixer MI2S_TX' doesn't exist - skipping
12-15 22:10:01.335 E/audio_route(  489): Control 'MultiMedia11 Mixer MI2S_TX' doesn't exist - skipping
12-15 22:10:01.335 E/audio_route(  489): Control 'MultiMedia12 Mixer MI2S_TX' doesn't exist - skipping
12-15 22:10:01.335 E/audio_route(  489): Control 'MultiMedia13 Mixer MI2S_TX' doesn't exist - skipping
12-15 22:10:01.336 E/audio_route(  489): Control 'MultiMedia14 Mixer MI2S_TX' doesn't exist - skipping
12-15 22:10:01.336 E/audio_route(  489): Control 'MultiMedia15 Mixer MI2S_TX' doesn't exist - skipping
12-15 22:10:01.336 E/audio_route(  489): Control 'MultiMedia16 Mixer MI2S_TX' doesn't exist - skipping
12-15 22:10:01.343 E/audio_route(  489): Control 'RX4 DSM MUX' doesn't exist - skipping
12-15 22:10:01.343 E/audio_route(  489): Control 'RX6 DSM MUX' doesn't exist - skipping
12-15 22:10:01.343 E/audio_route(  489): Control 'AFE_PCM_RX Port Mixer PRI_MI2S_TX' doesn't exist - skipping
12-15 22:10:01.347 E/audio_route(  489): Control 'MultiMedia8 Mixer SEC_AUX_PCM_UL_TX' doesn't exist - skipping
12-15 22:10:01.347 E/audio_route(  489): Control 'MultiMedia5 Mixer SEC_AUX_PCM_UL_TX' doesn't exist - skipping
12-15 22:10:01.347 E/audio_route(  489): Control 'MultiMedia5 Mixer PRI_MI2S_TX' doesn't exist - skipping
12-15 22:10:01.359 E/audio_route(  489): Control 'HPHR DAC Switch' doesn't exist - skipping
12-15 22:10:01.370 D/msm8974_platform(  489): platform_init: Opened sound card:0
12-15 22:10:01.432 E/Diag_Lib(  489):  Diag_LSM_Init: Failed to open handle to diag driver, error = 13
12-15 22:10:01.432 E/        (  489): actp_diag_init: Diag init failed
12-15 22:10:01.432 E/Diag_Lib(  489):  diagpkt_tbl_reg: Registration failed.
12-15 22:10:01.432 E/MCS-RT-CTL(  489): Can't open the configuration file /system/etc/aanc_tuning_mixer.txt.
12-15 22:10:01.432 E/ACDB-MCS(  489): acdb_mcs_init: MCS routing control initialization failed.
12-15 22:10:01.438 I/ACDB-LOADER(  489): get_afe_custom_topology: ACDB get afe custom topologies returned = -18
12-15 22:10:01.438 I/ACDB-LOADER(  489): get_lsm_custom_topology: ACDB get lsm custom topologies returned = -18
12-15 22:10:01.438 I/ACDB-LOADER(  489): send_meta_info: Empty metainfo
12-15 22:10:01.438 D/audio_hw_spkr_prot(  489): audio_extn_spkr_prot_init: Initialize speaker protection module
12-15 22:10:01.451 I/Thermal-Lib(  489): Thermal-Lib-Client: Registraion successful for spkr with handle:1
12-15 22:10:01.451 D/audio_hw_spkr_prot(  489): audio_extn_spkr_prot_init: spkr_prot thermal_client_register_callback success
12-15 22:10:01.451 D/audio_hw_spkr_prot(  489): audio_extn_spkr_prot_init: Create calibration thread
12-15 22:10:01.451 D/hardware_cal(  489): hw_util_open: Opening device /dev/snd/hwC0D1000
12-15 22:10:01.451 D/audio_hw_spkr_prot(  489): spkr_prot_thread enable prot Entry
12-15 22:10:01.451 D/hardware_cal(  489): hw_util_open: success
12-15 22:10:01.451 D/audio_hw_spkr_prot(  489): set_spkr_prot_cal: quick calibration disabled
12-15 22:10:01.451 I/ThermalEngine(  498): Thermal-Server: Adding thermal event listener on fd 58
12-15 22:10:01.451 D/audio_hw_spkr_prot(  489): spkr_calibration_thread: wait for callback from thermal daemon
12-15 22:10:01.451 D/hardware_cal(  489): send_codec_cal cal sent for anc_cal
12-15 22:10:01.451 E/ACDB-LOADER(  489): ACDB -> send_codec_cal
12-15 22:10:01.451 I/Thermal-Lib(  489): Thermal-Lib-Client: Client request sent
12-15 22:10:01.451 E/ACDB-LOADER(  489): ACDB -> ACDB_CMD_GET_CODEC_CAL_DATA
12-15 22:10:01.451 I/ThermalEngine(  498): Thermal-Server: Thermal received msg from  spkr
12-15 22:10:01.451 E/ThermalEngine(  498): Thermal-Server: No clients are connected for spkr
12-15 22:10:01.452 I/Thermal-Lib(  489): Thermal-Lib-Client: Client received msg camera 0
12-15 22:10:01.452 E/Thermal-Lib(  489): Thermal-Lib-Client: No Callback registered for camera
12-15 22:10:01.452 I/Thermal-Lib(  489): Thermal-Lib-Client: Client received msg camcorder 0
12-15 22:10:01.452 E/Thermal-Lib(  489): Thermal-Lib-Client: No Callback registered for camcorder
12-15 22:10:01.452 D/hardware_cal(  489): send_codec_cal cal sent for mad_cal
12-15 22:10:01.452 D/hardware_cal(  489): send_codec_cal cal sent for mbhc_cal
12-15 22:10:01.454 E/ext_speaker(  489): open_speaker_bundle: DLOPEN failed for /system/lib/soundfx/libspeakerbundle.so
12-15 22:10:01.454 I/soundtrigger(  489): audio_extn_sound_trigger_init: Enter
12-15 22:10:01.456 I/soundtrigger(  489): audio_extn_sound_trigger_init: DLOPEN successful for /system/vendor/lib/hw/sound_trigger.primary.msm8992.so
12-15 22:10:01.463 D/audio_hw_extn(  489): audio_extn_perf_lock_init: Perf lock handles Success
12-15 22:10:01.463 I/AudioFlinger(  489): loadHwModule() Loaded primary audio interface from QCOM Audio HAL (audio) handle 1
12-15 22:10:01.463 I/AudioFlinger(  489): openOutput(), module 1 Device 2, SamplingRate 48000, Format 0x000001, Channels 3, flags 6
12-15 22:10:01.463 I/AudioFlinger(  489): AudioStreamOut::open(), mHalFormatIsLinearPcm = 1
12-15 22:10:01.463 I/AudioFlinger(  489): HAL output buffer size 192 frames, normal sink buffer size 1152 frames
12-15 22:10:01.480 D/volume_listener(  489): init_once Called 
12-15 22:10:01.480 I/BufferProvider(  489): found effect "Downmixer" from Fraunhofer IIS
12-15 22:10:01.481 E/MonoPipe(  489): Failed to fetch local time frequency when constructing a MonoPipe (res = -32).  getNextWriteTimestamp calls will be non-functional
12-15 22:10:01.481 I/AudioFlinger(  489): AudioFlinger's thread 0xf3fc0000 ready to run
12-15 22:10:01.481 I/AudioFlinger(  489): Using module 1 has the primary audio interface
12-15 22:10:01.482 D/audio_hw_primary(  489): out_set_parameters: enter: usecase(1: low-latency-playback) kvpairs: routing=2
12-15 22:10:01.482 E/AudioFlinger(  489): no wake lock to update!
12-15 22:10:01.483 I/AudioFlinger(  489): openOutput(), module 1 Device 2, SamplingRate 48000, Format 0x000001, Channels 3, flags 104
12-15 22:10:01.483 I/AudioFlinger(  489): AudioStreamOut::open(), mHalFormatIsLinearPcm = 1
12-15 22:10:01.483 I/AudioFlinger(  489): HAL output buffer size 192 frames, normal sink buffer size 1152 frames
12-15 22:10:01.484 I/AudioFlinger(  489): AudioFlinger's thread 0xf3c40000 ready to run
12-15 22:10:01.484 D/audio_hw_primary(  489): out_set_parameters: enter: usecase(5: audio-ull-playback) kvpairs: routing=2
12-15 22:10:01.485 E/AudioFlinger(  489): no wake lock to update!
12-15 22:10:01.485 I/AudioFlinger(  489): openOutput(), module 1 Device 2, SamplingRate 48000, Format 0x000001, Channels 3, flags 8
12-15 22:10:01.485 I/AudioFlinger(  489): AudioStreamOut::open(), mHalFormatIsLinearPcm = 1
12-15 22:10:01.486 I/AudioFlinger(  489): HAL output buffer size 1920 frames, normal sink buffer size 1920 frames
12-15 22:10:01.486 I/AudioFlinger(  489): AudioFlinger's thread 0xf3940000 ready to run
12-15 22:10:01.486 D/audio_hw_primary(  489): out_set_parameters: enter: usecase(0: deep-buffer-playback) kvpairs: routing=2
12-15 22:10:01.486 E/AudioFlinger(  489): no wake lock to update!
12-15 22:10:01.487 I/AudioFlinger(  489): openOutput(), module 1 Device 10000, SamplingRate 48000, Format 0x000001, Channels 3, flags 0
12-15 22:10:01.487 I/AudioFlinger(  489): AudioStreamOut::open(), mHalFormatIsLinearPcm = 1
12-15 22:10:01.488 I/AudioFlinger(  489): HAL output buffer size 768 frames, normal sink buffer size 1152 frames
12-15 22:10:01.488 I/AudioFlinger(  489): AudioFlinger's thread 0xf37c0000 ready to run
12-15 22:10:01.488 D/audio_hw_primary(  489): out_set_parameters: enter: usecase(20: afe-proxy-playback) kvpairs: routing=65536
12-15 22:10:01.489 E/AudioFlinger(  489): no wake lock to update!
12-15 22:10:01.490 I/AudioFlinger(  489): openOutput(), module 1 Device 2, SamplingRate 48000, Format 0x000001, Channels 3, flags 80
12-15 22:10:01.490 I/AudioFlinger(  489): AudioStreamOut::open(), mHalFormatIsLinearPcm = 1
12-15 22:10:01.490 I/AudioFlinger(  489): HAL output buffer size 1920 frames, normal sink buffer size 1920 frames
12-15 22:10:01.490 I/AudioFlinger(  489): AudioFlinger's thread 0xf34c0000 ready to run
12-15 22:10:01.490 D/audio_hw_primary(  489): out_set_parameters: enter: usecase(4: audio-tts-playback) kvpairs: routing=2
12-15 22:10:01.491 E/AudioFlinger(  489): no wake lock to update!
12-15 22:10:01.493 I/AudioFlinger(  489): AudioFlinger's thread 0xf3300000 ready to run
12-15 22:10:01.494 I/AudioFlinger(  489): AudioFlinger's thread 0xf3300000 ready to run
12-15 22:10:01.497 I/bt_a2dp_hw(  489): adev_open:  adev_open in A2dp_hw module
12-15 22:10:01.497 I/AudioFlinger(  489): loadHwModule() Loaded a2dp audio interface from A2DP Audio HW HAL (audio) handle 14
12-15 22:10:01.500 I/AudioFlinger(  489): loadHwModule() Loaded usb audio interface from USB audio HW HAL (audio) handle 15
12-15 22:10:01.503 I/r_submix(  489): adev_open(name=audio_hw_if)
12-15 22:10:01.503 I/r_submix(  489): adev_init_check()
12-15 22:10:01.503 I/AudioFlinger(  489): loadHwModule() Loaded r_submix audio interface from Wifi Display audio HAL (audio) handle 16
12-15 22:10:01.503 D/r_submix(  489): adev_open_input_stream(addr=0)
12-15 22:10:01.503 D/r_submix(  489): submix_audio_device_create_pipe_l(addr=0, idx=9)
12-15 22:10:01.503 D/r_submix(  489):   now using address 0 for route 9
12-15 22:10:01.504 I/AudioFlinger(  489): AudioFlinger's thread 0xf3300000 ready to run
12-15 22:10:01.504 D/r_submix(  489): adev_close_input_stream()
12-15 22:10:01.504 D/r_submix(  489): submix_audio_device_release_pipe_l(idx=9) addr=0
12-15 22:10:01.504 D/r_submix(  489): submix_audio_device_destroy_pipe_l(): pipe destroyed
12-15 22:10:01.505 D/sound_trigger_hw(  489): stdev_open: Enter
12-15 22:10:01.506 I/sound_trigger_platform(  489): platform_stdev_init: Enter
12-15 22:10:01.617 I/hubconnection(  882): sensorhub said: 'Found Bosch BMM150 Mag Sensor'
12-15 22:10:01.619 I/sound_trigger_platform(  489): platform_stdev_init: acdb_init: msm8994-tomtom-snd-card
12-15 22:10:01.619 D/sound_trigger_platform(  489): platform_stdev_init Opening device /dev/snd/hwC0D1000
12-15 22:10:01.620 W/sound_trigger_platform(  489): platform_stdev_init: dlopen failed for libsmwrapper.so
12-15 22:10:01.622 I/sound_trigger_hw(  489): stdev_get_properties
12-15 22:10:01.622 I/SoundTriggerHwService(  489): loaded default module Sound Trigger HAL, handle 1
12-15 22:10:01.623 I/RadioService(  489): RadioService
12-15 22:10:01.623 I/RadioService(  489): onFirstRef
12-15 22:10:01.623 E/RadioService(  489): couldn't load radio module radio.primary (No such file or directory)
12-15 22:10:01.625 D/PermissionCache(  489): checking android.permission.MODIFY_AUDIO_SETTINGS for uid=1000 => granted (868 us)
12-15 22:10:01.626 D/audio_hw_primary(  489): adev_set_mic_mute: state 0
12-15 22:10:02.021 E/AudioFlinger(  489): no wake lock to update!
12-15 22:10:02.023 E/AudioFlinger(  489): no wake lock to update!
12-15 22:10:02.025 E/AudioFlinger(  489): no wake lock to update!
12-15 22:10:02.026 E/AudioFlinger(  489): no wake lock to update!
12-15 22:10:02.026 E/AudioFlinger(  489): no wake lock to update!
12-15 22:10:02.064 I/SystemServiceManager(  882): Starting com.android.server.DockObserver
12-15 22:10:02.065 W/DockObserver(  882): This kernel does not have dock station support
12-15 22:10:02.068 I/SystemServer(  882): Wired Accessory Manager
12-15 22:10:02.071 W/WiredAccessoryManager(  882): This kernel does not have usb audio support
12-15 22:10:02.072 W/WiredAccessoryManager(  882): This kernel does not have HDMI audio support
12-15 22:10:02.072 I/SystemServiceManager(  882): Starting com.android.server.midi.MidiService$Lifecycle
12-15 22:10:02.082 I/SystemServiceManager(  882): Starting com.android.server.usb.UsbService$Lifecycle
12-15 22:10:02.102 I/SystemServer(  882): Serial Service
12-15 22:10:02.104 I/SystemServiceManager(  882): Starting com.android.server.twilight.TwilightService
12-15 22:10:02.107 I/SystemServiceManager(  882): Starting com.android.server.job.JobSchedulerService
12-15 22:10:02.115 I/SystemServiceManager(  882): Starting com.android.server.backup.BackupManagerService$Lifecycle
12-15 22:10:02.118 I/SystemServiceManager(  882): Starting com.android.server.appwidget.AppWidgetService
12-15 22:10:02.123 I/SystemServiceManager(  882): Starting com.android.server.voiceinteraction.VoiceInteractionManagerService
12-15 22:10:02.124 D/PermissionCache(  489): checking android.permission.CAPTURE_AUDIO_HOTWORD for uid=1000 => granted (199 us)
12-15 22:10:02.128 I/SystemServer(  882): Gesture Launcher Service
12-15 22:10:02.128 I/SystemServiceManager(  882): Starting com.android.server.GestureLauncherService
12-15 22:10:02.129 I/SystemServer(  882): DiskStats Service
12-15 22:10:02.130 I/SystemServer(  882): SamplingProfiler Service
12-15 22:10:02.138 I/SystemServer(  882): NetworkTimeUpdateService
12-15 22:10:02.139 I/SystemServer(  882): CommonTimeManagementService
12-15 22:10:02.141 I/SystemServer(  882): CertBlacklister
12-15 22:10:02.142 I/SystemServiceManager(  882): Starting com.android.server.dreams.DreamManagerService
12-15 22:10:02.146 I/SystemServer(  882): Assets Atlas Service
12-15 22:10:02.154 I/SystemServiceManager(  882): Starting com.android.server.print.PrintManagerService
12-15 22:10:02.155 D/AssetAtlas(  882): Loaded configuration: SliceMinArea (1600x2048) flags=0x2 count=360
12-15 22:10:02.158 I/SystemServiceManager(  882): Starting com.android.server.restrictions.RestrictionsManagerService
12-15 22:10:02.161 I/SystemServiceManager(  882): Starting com.android.server.media.MediaSessionService
12-15 22:10:02.168 I/SystemServer(  882): Media Router Service
12-15 22:10:02.172 I/SystemServiceManager(  882): Starting com.android.server.trust.TrustManagerService
12-15 22:10:02.176 I/SystemServiceManager(  882): Starting com.android.server.fingerprint.FingerprintService
12-15 22:10:02.181 D/PermissionCache(  512): checking android.permission.MANAGE_FINGERPRINT for uid=1000 => granted (1017 us)
12-15 22:10:02.182 V/fingerprintd(  512): nativeOpenHal()
12-15 22:10:02.187 D/QSEECOMAPI: (  512): QSEECom_get_handle sb_length = 0x400
12-15 22:10:02.187 D/QSEECOMAPI: (  512): App is not loaded in QSEE
12-15 22:10:02.221 I/Adreno  (  882): QUALCOMM build                   : 63c06b2, I8366cd0437
12-15 22:10:02.221 I/Adreno  (  882): Build Date                       : 10/21/15
12-15 22:10:02.221 I/Adreno  (  882): OpenGL ES Shader Compiler Version: XE031.05.13.02
12-15 22:10:02.221 I/Adreno  (  882): Local Branch                     : 
12-15 22:10:02.221 I/Adreno  (  882): Remote Branch                    : quic/LA.BF64.1.2.9_v2
12-15 22:10:02.221 I/Adreno  (  882): Remote Branch                    : NONE
12-15 22:10:02.221 I/Adreno  (  882): Reconstruct Branch               : NOTHING
12-15 22:10:02.247 D/AssetAtlas(  882): Rendered atlas in 84,52ms (53,06+31,46ms)
12-15 22:10:02.293 D/QSEECOMAPI: (  512): Loaded image: APP id = 4
12-15 22:10:02.294 D/QSEECOMAPI: (  512): QSEECom_get_handle sb_length = 0x400
12-15 22:10:02.294 D/QSEECOMAPI: (  512): App is already loaded QSEE and app id = 3
12-15 22:10:02.297 D/QSEECOMAPI: (  512): QSEECom_dealloc_memory 
12-15 22:10:02.297 D/QSEECOMAPI: (  512): QSEECom_shutdown_app, app_id = 3
12-15 22:10:02.907 E/fingerprintd(  512): Wrong fp version. Expected 512, got 256
12-15 22:10:02.907 V/fingerprintd(  512): fingerprint HAL successfully initialized
12-15 22:10:02.908 V/fingerprintd(  512): setActiveGroup(0, /data/system/users/0/fpdata, 27)
12-15 22:10:02.955 V/FingerprintService(  882): Fingerprint HAL id: 548475703296
12-15 22:10:02.955 I/SystemServer(  882): BackgroundDexOptService
12-15 22:10:02.956 I/SystemServiceManager(  882): Starting com.android.server.pm.LauncherAppsService
12-15 22:10:02.957 I/SystemServiceManager(  882): Starting com.android.server.media.projection.MediaProjectionManagerService
12-15 22:10:02.961 I/WindowManager(  882): SAFE MODE not enabled
12-15 22:10:02.963 I/SystemServiceManager(  882): Starting com.android.server.MmsServiceBroker
12-15 22:10:03.051 E/LockSettingsStorage(  882): Cannot read file java.io.FileNotFoundException: /data/system/password.key: open failed: ENOENT (No such file or directory)
12-15 22:10:03.053 I/SystemServiceManager(  882): Starting phase 480
12-15 22:10:03.068 I/SystemServiceManager(  882): Starting phase 500
12-15 22:10:03.071 D/BluetoothService(  882): onBootPhase: PHASE_SYSTEM_SERVICES_READY
12-15 22:10:03.074 I/WifiService(  882): WifiService starting up with Wi-Fi enabled
12-15 22:10:03.076 D/WifiService(  882): setWifiEnabled: true pid=882, uid=1000
12-15 22:10:03.076 E/WifiService(  882): Invoking mWifiStateMachine.setWifiEnabled
12-15 22:10:03.077 D/WifiController(  882): WifiController msg { when=-1ms what=155656 target=com.android.internal.util.StateMachine$SmHandler } deferred for 499ms
12-15 22:10:03.082 D/WifiService(  882): New client listening to asynchronous messages
12-15 22:10:03.083 I/WifiScanningService(  882): Registering wifiscanner
12-15 22:10:03.087 I/RttService(  882): Registering rttmanager
12-15 22:10:03.089 I/EthernetServiceImpl(  882): Starting Ethernet service
12-15 22:10:03.092 D/Ethernet(  882): Registering NetworkFactory
12-15 22:10:03.093 D/ConnectivityService(  882): Got NetworkFactory Messenger for Ethernet
12-15 22:10:03.093 D/Ethernet(  882): got request NetworkRequest [ id=1, legacyType=-1, [ Capabilities: INTERNET&NOT_RESTRICTED&TRUSTED&NOT_VPN] ] with score 0
12-15 22:10:03.583 D/WifiController(  882): DEFERRED_TOGGLE handled
12-15 22:10:03.965 D/Tethering(  882): sendTetherStateChangedBroadcast 1, 0, 0
12-15 22:10:03.975 D/Tethering(  882): InitialState.processMessage what=4
12-15 22:10:03.981 D/Tethering(  882): sendTetherStateChangedBroadcast 0, 0, 0
12-15 22:10:03.988 E/cnss-daemon(  506): wlan0CA6174_REV3_2 interface name wlan0 5
12-15 22:10:03.990 E/cnss-daemon(  506): p2p0 interface name p2p0 4
12-15 22:10:03.990 E/cnss-daemon(  506): wlan_service_rps_enable: unable to open /sys/class/net/p2p0/queues/rx-0/rps_cpus
12-15 22:10:03.991 D/SoftapController(  484): Softap fwReload - Ok
12-15 22:10:03.992 E/NetdConnector(  882): NDC Command {1 softap fwreload wlan0 STA} took too long (913ms)
12-15 22:10:03.998 E/NetdConnector(  882): NDC Command {2 interface list} took too long (905ms)
12-15 22:10:03.999 D/CommandListener(  484): Setting iface cfg
12-15 22:10:04.000 D/CommandListener(  484): Trying to bring down wlan0
12-15 22:10:04.001 D/CommandListener(  484): Clearing all IP addresses on wlan0
12-15 22:10:04.006 E/WifiMonitor(  882): killSupplicant p2ptrue init.svc.wpa_supplicant=unknown init.svc.p2p_supplicant=unknown
12-15 22:10:04.009 V/BackupManagerService(  882): No ancestral data
12-15 22:10:04.060 V/KeyValueBackupJob(  882): Scheduling k/v pass in 246 minutes
12-15 22:10:04.131 D/wifi    (  882): set interface wlan0 flags (UP)
12-15 22:10:04.131 I/WifiHAL (  882): Initializing wifi
12-15 22:10:04.133 I/WifiHAL (  882): nl_socket_set_buffer_size successful for user_sock
12-15 22:10:04.133 I/WifiHAL (  882): Initiialized diag sock successfully
12-15 22:10:04.133 D/WifiHAL (  882): WifihalGeneric 0x7f6d7feb90 constructed