12-15 21:01:48.532 W/PackageParser(  883): Ignoring duplicate uses-permissions/uses-permissions-sdk-m: android.permission.WRITE_SETTINGS in package: com.google.android.gms at: Binary XML file line #300
12-15 21:01:48.532 W/PackageParser(  883): Ignoring duplicate uses-permissions/uses-permissions-sdk-m: android.permission.CAPTURE_AUDIO_OUTPUT in package: com.google.android.gms at: Binary XML file line #315
12-15 21:01:48.532 W/PackageParser(  883): Ignoring duplicate uses-permissions/uses-permissions-sdk-m: android.permission.CAPTURE_VIDEO_OUTPUT in package: com.google.android.gms at: Binary XML file line #316
12-15 21:01:48.712 W/PackageManager(  883): Permission com.google.android.gms.permission.ACTIVITY_RECOGNITION from package com.google.android.gms in an unknown group android.permission-group.PERSONAL_INFO
12-15 21:01:48.781 W/PackageParser(  883): Ignoring duplicate uses-permissions/uses-permissions-sdk-m: android.permission.USE_CREDENTIALS in package: com.android.settings at: Binary XML file line #55
12-15 21:01:48.781 W/PackageParser(  883): Ignoring duplicate uses-permissions/uses-permissions-sdk-m: android.permission.READ_SYNC_SETTINGS in package: com.android.settings at: Binary XML file line #60
12-15 21:01:48.781 W/PackageParser(  883): Ignoring duplicate uses-permissions/uses-permissions-sdk-m: android.permission.WRITE_SYNC_SETTINGS in package: com.android.settings at: Binary XML file line #61
12-15 21:01:48.892 W/PackageParser(  883): No actions in intent filter at /system/priv-app/SetupWizard/SetupWizard.apk Binary XML file line #184
12-15 21:01:48.937 W/PackageParser(  883): Ignoring duplicate uses-permissions/uses-permissions-sdk-m: android.permission.INSTALL_GRANT_RUNTIME_PERMISSIONS in package: com.android.shell at: Binary XML file line #101
12-15 21:01:48.977 E/QC-QMI  (  486): qmi_client [486] 1: failed to locate client data
12-15 21:01:48.978 E/QC-QMI  (  493): qmuxd: RX on fd=15 returned error=0 errno[2:No such file or directory]
12-15 21:01:48.978 E/QC-QMI  (  493): QMUX qmux_client_id=1 not found in qmux client list, unable to remove
12-15 21:01:48.979 E/QC-QMI  (  493): qmi_qmux_open_connection: connection is disabled for conn_id=29
12-15 21:01:48.979 E/QC-QMI  (  493): qmi_qmux_tx_msg: failed to open inactive connd_id=29
12-15 21:01:48.979 E/QC-QMI  (  493): qmi_qmux: TX failed, connection inactive or in reset, conn_id=29, status_flags=4
12-15 21:01:48.979 E/QC-QMI  (  493): qmi_ctl_tx_msg: qmi_qmux_tx_msg failed
12-15 21:01:48.979 E/QC-QMI  (  493): qmi_ctl_handle_request: qmi_ctl_tx_msg call failed
12-15 21:01:48.980 E/QC-QMI  (  493): qmi_qmux_open_connection: connection is disabled for conn_id=29
12-15 21:01:48.980 E/QC-QMI  (  493): qmi_qmux_tx_msg: failed to open inactive connd_id=29
12-15 21:01:48.980 E/QC-QMI  (  493): qmi_qmux: TX failed, connection inactive or in reset, conn_id=29, status_flags=4
12-15 21:01:48.980 E/QC-QMI  (  493): qmi_ctl_tx_msg: qmi_qmux_tx_msg failed
12-15 21:01:48.980 E/QC-QMI  (  493): qmi_ctl_handle_request: qmi_ctl_tx_msg call failed
12-15 21:01:48.981 E/QC-QMI  (  493): qmi_qmux_open_connection: connection is disabled for conn_id=29
12-15 21:01:48.981 E/QC-QMI  (  493): qmi_qmux_tx_msg: failed to open inactive connd_id=29
12-15 21:01:48.981 E/QC-QMI  (  493): qmi_qmux: TX failed, connection inactive or in reset, conn_id=29, status_flags=4
12-15 21:01:48.981 E/QC-QMI  (  493): qmi_ctl_tx_msg: qmi_qmux_tx_msg failed
12-15 21:01:48.981 E/QC-QMI  (  493): qmi_ctl_handle_request: qmi_ctl_tx_msg call failed
12-15 21:01:48.982 E/QC-QMI  (  486): qmi_client [486] 2: failed to locate client data
12-15 21:01:48.983 E/QC-QMI  (  493): qmuxd: RX on fd=15 returned error=0 errno[2:No such file or directory]
12-15 21:01:48.983 E/QC-QMI  (  493): QMUX qmux_client_id=2 not found in qmux client list, unable to remove
12-15 21:01:48.985 E/QC-QMI  (  493): qmi_qmux_open_connection: connection is disabled for conn_id=48
12-15 21:01:48.985 E/QC-QMI  (  493): qmi_qmux_tx_msg: failed to open inactive connd_id=48
12-15 21:01:48.985 E/QC-QMI  (  493): qmi_qmux: TX failed, connection inactive or in reset, conn_id=48, status_flags=4
12-15 21:01:48.985 E/QC-QMI  (  493): qmi_ctl_tx_msg: qmi_qmux_tx_msg failed
12-15 21:01:48.985 E/QC-QMI  (  493): qmi_ctl_handle_request: qmi_ctl_tx_msg call failed
12-15 21:01:48.986 E/QC-QMI  (  493): qmi_qmux_open_connection: connection is disabled for conn_id=48
12-15 21:01:48.986 E/QC-QMI  (  493): qmi_qmux_tx_msg: failed to open inactive connd_id=48
12-15 21:01:48.986 E/QC-QMI  (  493): qmi_qmux: TX failed, connection inactive or in reset, conn_id=48, status_flags=4
12-15 21:01:48.986 E/QC-QMI  (  493): qmi_ctl_tx_msg: qmi_qmux_tx_msg failed
12-15 21:01:48.986 E/QC-QMI  (  493): qmi_ctl_handle_request: qmi_ctl_tx_msg call failed
12-15 21:01:48.987 E/QC-QMI  (  486): qmi_client [486] 3: failed to locate client data
12-15 21:01:48.988 E/QC-QMI  (  493): qmuxd: RX on fd=15 returned error=0 errno[2:No such file or directory]
12-15 21:01:48.988 E/QC-QMI  (  493): QMUX qmux_client_id=3 not found in qmux client list, unable to remove
12-15 21:01:48.990 E/QC-QMI  (  493): qmi_qmux_open_connection: connection is disabled for conn_id=57
12-15 21:01:48.990 E/QC-QMI  (  493): qmi_qmux_tx_msg: failed to open inactive connd_id=57
12-15 21:01:48.990 E/QC-QMI  (  493): qmi_qmux: TX failed, connection inactive or in reset, conn_id=57, status_flags=4
12-15 21:01:48.990 E/QC-QMI  (  493): qmi_ctl_tx_msg: qmi_qmux_tx_msg failed
12-15 21:01:48.990 E/QC-QMI  (  493): qmi_ctl_handle_request: qmi_ctl_tx_msg call failed
12-15 21:01:48.991 E/QC-QMI  (  493): qmi_qmux_open_connection: connection is disabled for conn_id=57
12-15 21:01:48.991 E/QC-QMI  (  493): qmi_qmux_tx_msg: failed to open inactive connd_id=57
12-15 21:01:48.991 E/QC-QMI  (  493): qmi_qmux: TX failed, connection inactive or in reset, conn_id=57, status_flags=4
12-15 21:01:48.992 E/QC-QMI  (  493): qmi_ctl_tx_msg: qmi_qmux_tx_msg failed
12-15 21:01:48.992 E/QC-QMI  (  493): qmi_ctl_handle_request: qmi_ctl_tx_msg call failed
12-15 21:01:48.993 E/QC-QMI  (  486): qmi_client [486] 4: failed to locate client data
12-15 21:01:48.994 E/QC-QMI  (  493): qmuxd: RX on fd=15 returned error=0 errno[2:No such file or directory]
12-15 21:01:48.994 E/QC-QMI  (  493): QMUX qmux_client_id=4 not found in qmux client list, unable to remove
12-15 21:01:49.001 E/QC-QMI  (  486): qmi_client [486] 5: failed to locate client data
12-15 21:01:49.002 E/QC-QMI  (  493): qmuxd: RX on fd=15 returned error=0 errno[2:No such file or directory]
12-15 21:01:49.002 E/QC-QMI  (  493): QMUX qmux_client_id=5 not found in qmux client list, unable to remove
12-15 21:01:49.004 E/QC-QMI  (  493): qmi_qmux_open_connection: connection is disabled for conn_id=29
12-15 21:01:49.004 E/QC-QMI  (  493): qmi_qmux_tx_msg: failed to open inactive connd_id=29
12-15 21:01:49.004 E/QC-QMI  (  493): qmi_qmux: TX failed, connection inactive or in reset, conn_id=29, status_flags=4
12-15 21:01:49.004 E/QC-QMI  (  493): qmi_ctl_tx_msg: qmi_qmux_tx_msg failed
12-15 21:01:49.004 E/QC-QMI  (  493): qmi_ctl_handle_request: qmi_ctl_tx_msg call failed
12-15 21:01:49.005 E/QC-QMI  (  493): qmi_qmux_open_connection: connection is disabled for conn_id=29
12-15 21:01:49.005 E/QC-QMI  (  493): qmi_qmux_tx_msg: failed to open inactive connd_id=29
12-15 21:01:49.005 E/QC-QMI  (  493): qmi_qmux: TX failed, connection inactive or in reset, conn_id=29, status_flags=4
12-15 21:01:49.005 E/QC-QMI  (  493): qmi_ctl_tx_msg: qmi_qmux_tx_msg failed
12-15 21:01:49.005 E/QC-QMI  (  493): qmi_ctl_handle_request: qmi_ctl_tx_msg call failed
12-15 21:01:49.006 E/QC-QMI  (  486): qmi_client [486] 6: failed to locate client data
12-15 21:01:49.007 E/QC-QMI  (  493): qmuxd: RX on fd=15 returned error=0 errno[2:No such file or directory]
12-15 21:01:49.007 E/QC-QMI  (  493): QMUX qmux_client_id=6 not found in qmux client list, unable to remove
12-15 21:01:49.008 E/QC-QMI  (  493): qmi_qmux_open_connection: connection is disabled for conn_id=48
12-15 21:01:49.008 E/QC-QMI  (  493): qmi_qmux_tx_msg: failed to open inactive connd_id=48
12-15 21:01:49.009 E/QC-QMI  (  493): qmi_qmux: TX failed, connection inactive or in reset, conn_id=48, status_flags=4
12-15 21:01:49.009 E/QC-QMI  (  493): qmi_ctl_tx_msg: qmi_qmux_tx_msg failed
12-15 21:01:49.009 E/QC-QMI  (  493): qmi_ctl_handle_request: qmi_ctl_tx_msg call failed
12-15 21:01:49.009 E/QC-QMI  (  493): qmi_qmux_open_connection: connection is disabled for conn_id=48
12-15 21:01:49.009 E/QC-QMI  (  493): qmi_qmux_tx_msg: failed to open inactive connd_id=48
12-15 21:01:49.009 E/QC-QMI  (  493): qmi_qmux: TX failed, connection inactive or in reset, conn_id=48, status_flags=4
12-15 21:01:49.009 E/QC-QMI  (  493): qmi_ctl_tx_msg: qmi_qmux_tx_msg failed
12-15 21:01:49.009 E/QC-QMI  (  493): qmi_ctl_handle_request: qmi_ctl_tx_msg call failed
12-15 21:01:49.013 E/QC-QMI  (  486): qmi_client [486] 7: failed to locate client data
12-15 21:01:49.013 E/QC-QMI  (  493): qmuxd: RX on fd=15 returned error=0 errno[2:No such file or directory]
12-15 21:01:49.013 E/QC-QMI  (  493): QMUX qmux_client_id=7 not found in qmux client list, unable to remove
12-15 21:01:49.016 E/QC-QMI  (  493): qmi_qmux_open_connection: connection is disabled for conn_id=57
12-15 21:01:49.016 E/QC-QMI  (  493): qmi_qmux_tx_msg: failed to open inactive connd_id=57
12-15 21:01:49.016 E/QC-QMI  (  493): qmi_qmux: TX failed, connection inactive or in reset, conn_id=57, status_flags=4
12-15 21:01:49.016 E/QC-QMI  (  493): qmi_ctl_tx_msg: qmi_qmux_tx_msg failed
12-15 21:01:49.016 E/QC-QMI  (  493): qmi_ctl_handle_request: qmi_ctl_tx_msg call failed
12-15 21:01:49.018 E/QC-QMI  (  493): qmi_qmux_open_connection: connection is disabled for conn_id=57
12-15 21:01:49.018 E/QC-QMI  (  493): qmi_qmux_tx_msg: failed to open inactive connd_id=57
12-15 21:01:49.018 E/QC-QMI  (  493): qmi_qmux: TX failed, connection inactive or in reset, conn_id=57, status_flags=4
12-15 21:01:49.018 E/QC-QMI  (  493): qmi_ctl_tx_msg: qmi_qmux_tx_msg failed
12-15 21:01:49.018 E/QC-QMI  (  493): qmi_ctl_handle_request: qmi_ctl_tx_msg call failed
12-15 21:01:49.019 E/QC-QMI  (  486): qmi_client [486] 8: failed to locate client data
12-15 21:01:49.020 E/QC-QMI  (  493): qmuxd: RX on fd=15 returned error=0 errno[2:No such file or directory]
12-15 21:01:49.020 E/QC-QMI  (  493): QMUX qmux_client_id=8 not found in qmux client list, unable to remove
12-15 21:01:49.026 E/QC-QMI  (  493): qmi_qmux_open_connection: connection is disabled for conn_id=29
12-15 21:01:49.026 E/QC-QMI  (  493): qmi_qmux_tx_msg: failed to open inactive connd_id=29
12-15 21:01:49.026 E/QC-QMI  (  493): qmi_qmux: TX failed, connection inactive or in reset, conn_id=29, status_flags=4
12-15 21:01:49.026 E/QC-QMI  (  493): qmi_ctl_tx_msg: qmi_qmux_tx_msg failed
12-15 21:01:49.026 E/QC-QMI  (  493): qmi_ctl_handle_request: qmi_ctl_tx_msg call failed
12-15 21:01:49.027 E/QC-QMI  (  493): qmi_qmux_open_connection: connection is disabled for conn_id=29
12-15 21:01:49.027 E/QC-QMI  (  493): qmi_qmux_tx_msg: failed to open inactive connd_id=29
12-15 21:01:49.027 E/QC-QMI  (  493): qmi_qmux: TX failed, connection inactive or in reset, conn_id=29, status_flags=4
12-15 21:01:49.027 E/QC-QMI  (  493): qmi_ctl_tx_msg: qmi_qmux_tx_msg failed
12-15 21:01:49.027 E/QC-QMI  (  493): qmi_ctl_handle_request: qmi_ctl_tx_msg call failed
12-15 21:01:49.027 E/QC-QMI  (  493): qmi_qmux_open_connection: connection is disabled for conn_id=48
12-15 21:01:49.028 E/QC-QMI  (  493): qmi_qmux_tx_msg: failed to open inactive connd_id=48
12-15 21:01:49.028 E/QC-QMI  (  493): qmi_qmux: TX failed, connection inactive or in reset, conn_id=48, status_flags=4
12-15 21:01:49.028 E/QC-QMI  (  493): qmi_ctl_tx_msg: qmi_qmux_tx_msg failed
12-15 21:01:49.028 E/QC-QMI  (  493): qmi_ctl_handle_request: qmi_ctl_tx_msg call failed
12-15 21:01:49.028 E/QC-QMI  (  493): qmi_qmux_open_connection: connection is disabled for conn_id=48
12-15 21:01:49.028 E/QC-QMI  (  493): qmi_qmux_tx_msg: failed to open inactive connd_id=48
12-15 21:01:49.028 E/QC-QMI  (  493): qmi_qmux: TX failed, connection inactive or in reset, conn_id=48, status_flags=4
12-15 21:01:49.028 E/QC-QMI  (  493): qmi_ctl_tx_msg: qmi_qmux_tx_msg failed
12-15 21:01:49.028 E/QC-QMI  (  493): qmi_ctl_handle_request: qmi_ctl_tx_msg call failed
12-15 21:01:49.029 E/QC-QMI  (  493): qmi_qmux_open_connection: connection is disabled for conn_id=57
12-15 21:01:49.029 E/QC-QMI  (  493): qmi_qmux_tx_msg: failed to open inactive connd_id=57
12-15 21:01:49.029 E/QC-QMI  (  493): qmi_qmux: TX failed, connection inactive or in reset, conn_id=57, status_flags=4
12-15 21:01:49.029 E/QC-QMI  (  493): qmi_ctl_tx_msg: qmi_qmux_tx_msg failed
12-15 21:01:49.029 E/QC-QMI  (  493): qmi_ctl_handle_request: qmi_ctl_tx_msg call failed
12-15 21:01:49.029 E/QC-QMI  (  493): qmi_qmux_open_connection: connection is disabled for conn_id=57
12-15 21:01:49.029 E/QC-QMI  (  493): qmi_qmux_tx_msg: failed to open inactive connd_id=57
12-15 21:01:49.030 E/QC-QMI  (  493): qmi_qmux: TX failed, connection inactive or in reset, conn_id=57, status_flags=4
12-15 21:01:49.030 E/QC-QMI  (  493): qmi_ctl_tx_msg: qmi_qmux_tx_msg failed
12-15 21:01:49.030 E/QC-QMI  (  493): qmi_ctl_handle_request: qmi_ctl_tx_msg call failed
12-15 21:01:49.030 E/QC-QMI  (  493): qmi_qmux_open_connection: connection is disabled for conn_id=29
12-15 21:01:49.030 E/QC-QMI  (  493): qmi_qmux_tx_msg: failed to open inactive connd_id=29
12-15 21:01:49.030 E/QC-QMI  (  493): qmi_qmux: TX failed, connection inactive or in reset, conn_id=29, status_flags=4
12-15 21:01:49.030 E/QC-QMI  (  493): qmi_ctl_tx_msg: qmi_qmux_tx_msg failed
12-15 21:01:49.030 E/QC-QMI  (  493): qmi_ctl_handle_request: qmi_ctl_tx_msg call failed
12-15 21:01:49.031 E/QC-QMI  (  493): qmi_qmux_open_connection: connection is disabled for conn_id=29
12-15 21:01:49.031 E/QC-QMI  (  493): qmi_qmux_tx_msg: failed to open inactive connd_id=29
12-15 21:01:49.031 E/QC-QMI  (  493): qmi_qmux: TX failed, connection inactive or in reset, conn_id=29, status_flags=4
12-15 21:01:49.031 E/QC-QMI  (  493): qmi_ctl_tx_msg: qmi_qmux_tx_msg failed
12-15 21:01:49.031 E/QC-QMI  (  493): qmi_ctl_handle_request: qmi_ctl_tx_msg call failed
12-15 21:01:49.031 E/QC-QMI  (  493): qmi_qmux_open_connection: connection is disabled for conn_id=48
12-15 21:01:49.032 E/QC-QMI  (  493): qmi_qmux_tx_msg: failed to open inactive connd_id=48
12-15 21:01:49.032 E/QC-QMI  (  493): qmi_qmux: TX failed, connection inactive or in reset, conn_id=48, status_flags=4
12-15 21:01:49.032 E/QC-QMI  (  493): qmi_ctl_tx_msg: qmi_qmux_tx_msg failed
12-15 21:01:49.032 E/QC-QMI  (  493): qmi_ctl_handle_request: qmi_ctl_tx_msg call failed
12-15 21:01:49.032 E/QC-QMI  (  493): qmi_qmux_open_connection: connection is disabled for conn_id=48
12-15 21:01:49.032 E/QC-QMI  (  493): qmi_qmux_tx_msg: failed to open inactive connd_id=48
12-15 21:01:49.032 E/QC-QMI  (  493): qmi_qmux: TX failed, connection inactive or in reset, conn_id=48, status_flags=4
12-15 21:01:49.032 E/QC-QMI  (  493): qmi_ctl_tx_msg: qmi_qmux_tx_msg failed
12-15 21:01:49.033 E/QC-QMI  (  493): qmi_ctl_handle_request: qmi_ctl_tx_msg call failed
12-15 21:01:49.034 E/QC-QMI  (  493): qmi_qmux_open_connection: connection is disabled for conn_id=57
12-15 21:01:49.034 E/QC-QMI  (  493): qmi_qmux_tx_msg: failed to open inactive connd_id=57
12-15 21:01:49.034 E/QC-QMI  (  493): qmi_qmux: TX failed, connection inactive or in reset, conn_id=57, status_flags=4
12-15 21:01:49.034 E/QC-QMI  (  493): qmi_ctl_tx_msg: qmi_qmux_tx_msg failed
12-15 21:01:49.034 E/QC-QMI  (  493): qmi_ctl_handle_request: qmi_ctl_tx_msg call failed
12-15 21:01:49.034 E/QC-QMI  (  493): qmi_qmux_open_connection: connection is disabled for conn_id=57
12-15 21:01:49.034 E/QC-QMI  (  493): qmi_qmux_tx_msg: failed to open inactive connd_id=57
12-15 21:01:49.035 E/QC-QMI  (  493): qmi_qmux: TX failed, connection inactive or in reset, conn_id=57, status_flags=4
12-15 21:01:49.035 E/QC-QMI  (  493): qmi_ctl_tx_msg: qmi_qmux_tx_msg failed
12-15 21:01:49.035 E/QC-QMI  (  493): qmi_ctl_handle_request: qmi_ctl_tx_msg call failed
12-15 21:01:49.036 E/QC-QMI  (  493): qmi_qmux_open_connection: connection is disabled for conn_id=29
12-15 21:01:49.036 E/QC-QMI  (  493): qmi_qmux_tx_msg: failed to open inactive connd_id=29
12-15 21:01:49.036 E/QC-QMI  (  493): qmi_qmux: TX failed, connection inactive or in reset, conn_id=29, status_flags=4
12-15 21:01:49.036 E/QC-QMI  (  493): qmi_ctl_tx_msg: qmi_qmux_tx_msg failed
12-15 21:01:49.036 E/QC-QMI  (  493): qmi_ctl_handle_request: qmi_ctl_tx_msg call failed
12-15 21:01:49.036 W/PackageParser(  883): Ignoring duplicate uses-permissions/uses-permissions-sdk-m: android.permission.CONFIGURE_WIFI_DISPLAY in package: com.android.systemui at: Binary XML file line #120
12-15 21:01:49.036 E/QC-QMI  (  493): qmi_qmux_open_connection: connection is disabled for conn_id=29
12-15 21:01:49.036 E/QC-QMI  (  493): qmi_qmux_tx_msg: failed to open inactive connd_id=29
12-15 21:01:49.036 E/QC-QMI  (  493): qmi_qmux: TX failed, connection inactive or in reset, conn_id=29, status_flags=4
12-15 21:01:49.036 E/QC-QMI  (  493): qmi_ctl_tx_msg: qmi_qmux_tx_msg failed
12-15 21:01:49.036 E/QC-QMI  (  493): qmi_ctl_handle_request: qmi_ctl_tx_msg call failed
12-15 21:01:49.038 E/QC-QMI  (  493): qmi_qmux_open_connection: connection is disabled for conn_id=48
12-15 21:01:49.038 E/QC-QMI  (  493): qmi_qmux_tx_msg: failed to open inactive connd_id=48
12-15 21:01:49.038 E/QC-QMI  (  493): qmi_qmux: TX failed, connection inactive or in reset, conn_id=48, status_flags=4
12-15 21:01:49.038 E/QC-QMI  (  493): qmi_ctl_tx_msg: qmi_qmux_tx_msg failed
12-15 21:01:49.038 E/QC-QMI  (  493): qmi_ctl_handle_request: qmi_ctl_tx_msg call failed
12-15 21:01:49.042 E/QC-QMI  (  493): qmi_qmux_open_connection: connection is disabled for conn_id=48
12-15 21:01:49.042 E/QC-QMI  (  493): qmi_qmux_tx_msg: failed to open inactive connd_id=48
12-15 21:01:49.042 E/QC-QMI  (  493): qmi_qmux: TX failed, connection inactive or in reset, conn_id=48, status_flags=4
12-15 21:01:49.042 E/QC-QMI  (  493): qmi_ctl_tx_msg: qmi_qmux_tx_msg failed
12-15 21:01:49.042 E/QC-QMI  (  493): qmi_ctl_handle_request: qmi_ctl_tx_msg call failed
12-15 21:01:49.043 E/QC-QMI  (  493): qmi_qmux_open_connection: connection is disabled for conn_id=57
12-15 21:01:49.043 E/QC-QMI  (  493): qmi_qmux_tx_msg: failed to open inactive connd_id=57
12-15 21:01:49.043 E/QC-QMI  (  493): qmi_qmux: TX failed, connection inactive or in reset, conn_id=57, status_flags=4
12-15 21:01:49.043 E/QC-QMI  (  493): qmi_ctl_tx_msg: qmi_qmux_tx_msg failed
12-15 21:01:49.043 E/QC-QMI  (  493): qmi_ctl_handle_request: qmi_ctl_tx_msg call failed
12-15 21:01:49.043 E/QC-QMI  (  493): qmi_qmux_open_connection: connection is disabled for conn_id=57
12-15 21:01:49.044 E/QC-QMI  (  493): qmi_qmux_tx_msg: failed to open inactive connd_id=57
12-15 21:01:49.044 E/QC-QMI  (  493): qmi_qmux: TX failed, connection inactive or in reset, conn_id=57, status_flags=4
12-15 21:01:49.044 E/QC-QMI  (  493): qmi_ctl_tx_msg: qmi_qmux_tx_msg failed
12-15 21:01:49.044 E/QC-QMI  (  493): qmi_ctl_handle_request: qmi_ctl_tx_msg call failed
12-15 21:01:49.044 E/QC-QMI  (  493): qmi_qmux_open_connection: connection is disabled for conn_id=29
12-15 21:01:49.044 E/QC-QMI  (  493): qmi_qmux_tx_msg: failed to open inactive connd_id=29
12-15 21:01:49.044 E/QC-QMI  (  493): qmi_qmux: TX failed, connection inactive or in reset, conn_id=29, status_flags=4
12-15 21:01:49.044 E/QC-QMI  (  493): qmi_ctl_tx_msg: qmi_qmux_tx_msg failed
12-15 21:01:49.044 E/QC-QMI  (  493): qmi_ctl_handle_request: qmi_ctl_tx_msg call failed
12-15 21:01:49.045 E/QC-QMI  (  493): qmi_qmux_open_connection: connection is disabled for conn_id=29
12-15 21:01:49.045 E/QC-QMI  (  493): qmi_qmux_tx_msg: failed to open inactive connd_id=29
12-15 21:01:49.045 E/QC-QMI  (  493): qmi_qmux: TX failed, connection inactive or in reset, conn_id=29, status_flags=4
12-15 21:01:49.045 E/QC-QMI  (  493): qmi_ctl_tx_msg: qmi_qmux_tx_msg failed
12-15 21:01:49.045 E/QC-QMI  (  493): qmi_ctl_handle_request: qmi_ctl_tx_msg call failed
12-15 21:01:49.046 E/QC-QMI  (  493): qmi_qmux_open_connection: connection is disabled for conn_id=48
12-15 21:01:49.046 E/QC-QMI  (  493): qmi_qmux_tx_msg: failed to open inactive connd_id=48
12-15 21:01:49.046 E/QC-QMI  (  493): qmi_qmux: TX failed, connection inactive or in reset, conn_id=48, status_flags=4
12-15 21:01:49.046 E/QC-QMI  (  493): qmi_ctl_tx_msg: qmi_qmux_tx_msg failed
12-15 21:01:49.046 E/QC-QMI  (  493): qmi_ctl_handle_request: qmi_ctl_tx_msg call failed
12-15 21:01:49.046 E/QC-QMI  (  493): qmi_qmux_open_connection: connection is disabled for conn_id=48
12-15 21:01:49.046 E/QC-QMI  (  493): qmi_qmux_tx_msg: failed to open inactive connd_id=48
12-15 21:01:49.046 E/QC-QMI  (  493): qmi_qmux: TX failed, connection inactive or in reset, conn_id=48, status_flags=4
12-15 21:01:49.046 E/QC-QMI  (  493): qmi_ctl_tx_msg: qmi_qmux_tx_msg failed
12-15 21:01:49.046 E/QC-QMI  (  493): qmi_ctl_handle_request: qmi_ctl_tx_msg call failed
12-15 21:01:49.047 E/QC-QMI  (  493): qmi_qmux_open_connection: connection is disabled for conn_id=57
12-15 21:01:49.047 E/QC-QMI  (  493): qmi_qmux_tx_msg: failed to open inactive connd_id=57
12-15 21:01:49.047 E/QC-QMI  (  493): qmi_qmux: TX failed, connection inactive or in reset, conn_id=57, status_flags=4
12-15 21:01:49.047 E/QC-QMI  (  493): qmi_ctl_tx_msg: qmi_qmux_tx_msg failed
12-15 21:01:49.047 E/QC-QMI  (  493): qmi_ctl_handle_request: qmi_ctl_tx_msg call failed
12-15 21:01:49.047 E/QC-QMI  (  493): qmi_qmux_open_connection: connection is disabled for conn_id=57
12-15 21:01:49.049 E/QC-QMI  (  493): qmi_qmux_tx_msg: failed to open inactive connd_id=57
12-15 21:01:49.049 E/QC-QMI  (  493): qmi_qmux: TX failed, connection inactive or in reset, conn_id=57, status_flags=4
12-15 21:01:49.049 E/QC-QMI  (  493): qmi_ctl_tx_msg: qmi_qmux_tx_msg failed
12-15 21:01:49.049 E/QC-QMI  (  493): qmi_ctl_handle_request: qmi_ctl_tx_msg call failed
12-15 21:01:49.052 E/QC-QMI  (  493): qmi_qmux_open_connection: connection is disabled for conn_id=29
12-15 21:01:49.052 E/QC-QMI  (  493): qmi_qmux_tx_msg: failed to open inactive connd_id=29
12-15 21:01:49.052 E/QC-QMI  (  493): qmi_qmux: TX failed, connection inactive or in reset, conn_id=29, status_flags=4
12-15 21:01:49.052 E/QC-QMI  (  493): qmi_ctl_tx_msg: qmi_qmux_tx_msg failed
12-15 21:01:49.052 E/QC-QMI  (  493): qmi_ctl_handle_request: qmi_ctl_tx_msg call failed
12-15 21:01:49.052 E/QC-QMI  (  493): qmi_qmux_open_connection: connection is disabled for conn_id=29
12-15 21:01:49.052 E/QC-QMI  (  493): qmi_qmux_tx_msg: failed to open inactive connd_id=29
12-15 21:01:49.052 E/QC-QMI  (  493): qmi_qmux: TX failed, connection inactive or in reset, conn_id=29, status_flags=4
12-15 21:01:49.053 E/QC-QMI  (  493): qmi_ctl_tx_msg: qmi_qmux_tx_msg failed
12-15 21:01:49.053 E/QC-QMI  (  493): qmi_ctl_handle_request: qmi_ctl_tx_msg call failed
12-15 21:01:49.053 E/QC-QMI  (  493): qmi_qmux_open_connection: connection is disabled for conn_id=48
12-15 21:01:49.053 E/QC-QMI  (  493): qmi_qmux_tx_msg: failed to open inactive connd_id=48
12-15 21:01:49.054 E/QC-QMI  (  493): qmi_qmux: TX failed, connection inactive or in reset, conn_id=48, status_flags=4
12-15 21:01:49.054 E/QC-QMI  (  493): qmi_ctl_tx_msg: qmi_qmux_tx_msg failed
12-15 21:01:49.054 E/QC-QMI  (  493): qmi_ctl_handle_request: qmi_ctl_tx_msg call failed
12-15 21:01:49.054 E/QC-QMI  (  493): qmi_qmux_open_connection: connection is disabled for conn_id=48
12-15 21:01:49.054 E/QC-QMI  (  493): qmi_qmux_tx_msg: failed to open inactive connd_id=48
12-15 21:01:49.054 E/QC-QMI  (  493): qmi_qmux: TX failed, connection inactive or in reset, conn_id=48, status_flags=4
12-15 21:01:49.054 E/QC-QMI  (  493): qmi_ctl_tx_msg: qmi_qmux_tx_msg failed
12-15 21:01:49.054 E/QC-QMI  (  493): qmi_ctl_handle_request: qmi_ctl_tx_msg call failed
12-15 21:01:49.055 E/QC-QMI  (  493): qmi_qmux_open_connection: connection is disabled for conn_id=57
12-15 21:01:49.055 E/QC-QMI  (  493): qmi_qmux_tx_msg: failed to open inactive connd_id=57
12-15 21:01:49.055 E/QC-QMI  (  493): qmi_qmux: TX failed, connection inactive or in reset, conn_id=57, status_flags=4
12-15 21:01:49.055 E/QC-QMI  (  493): qmi_ctl_tx_msg: qmi_qmux_tx_msg failed
12-15 21:01:49.055 E/QC-QMI  (  493): qmi_ctl_handle_request: qmi_ctl_tx_msg call failed
12-15 21:01:49.056 E/QC-QMI  (  493): qmi_qmux_open_connection: connection is disabled for conn_id=57
12-15 21:01:49.056 E/QC-QMI  (  493): qmi_qmux_tx_msg: failed to open inactive connd_id=57
12-15 21:01:49.056 E/QC-QMI  (  493): qmi_qmux: TX failed, connection inactive or in reset, conn_id=57, status_flags=4
12-15 21:01:49.056 E/QC-QMI  (  493): qmi_ctl_tx_msg: qmi_qmux_tx_msg failed
12-15 21:01:49.056 E/QC-QMI  (  493): qmi_ctl_handle_request: qmi_ctl_tx_msg call failed
12-15 21:01:49.057 E/QC-QMI  (  493): qmi_qmux_open_connection: connection is disabled for conn_id=29
12-15 21:01:49.057 E/QC-QMI  (  493): qmi_qmux_tx_msg: failed to open inactive connd_id=29
12-15 21:01:49.057 E/QC-QMI  (  493): qmi_qmux: TX failed, connection inactive or in reset, conn_id=29, status_flags=4
12-15 21:01:49.057 E/QC-QMI  (  493): qmi_ctl_tx_msg: qmi_qmux_tx_msg failed
12-15 21:01:49.057 E/QC-QMI  (  493): qmi_ctl_handle_request: qmi_ctl_tx_msg call failed
12-15 21:01:49.058 E/QC-QMI  (  493): qmi_qmux_open_connection: connection is disabled for conn_id=29
12-15 21:01:49.058 E/QC-QMI  (  493): qmi_qmux_tx_msg: failed to open inactive connd_id=29
12-15 21:01:49.058 E/QC-QMI  (  493): qmi_qmux: TX failed, connection inactive or in reset, conn_id=29, status_flags=4
12-15 21:01:49.058 E/QC-QMI  (  493): qmi_ctl_tx_msg: qmi_qmux_tx_msg failed
12-15 21:01:49.058 E/QC-QMI  (  493): qmi_ctl_handle_request: qmi_ctl_tx_msg call failed
12-15 21:01:49.059 E/QC-QMI  (  493): qmi_qmux_open_connection: connection is disabled for conn_id=48
12-15 21:01:49.059 E/QC-QMI  (  493): qmi_qmux_tx_msg: failed to open inactive connd_id=48
12-15 21:01:49.059 E/QC-QMI  (  493): qmi_qmux: TX failed, connection inactive or in reset, conn_id=48, status_flags=4
12-15 21:01:49.059 E/QC-QMI  (  493): qmi_ctl_tx_msg: qmi_qmux_tx_msg failed
12-15 21:01:49.059 E/QC-QMI  (  493): qmi_ctl_handle_request: qmi_ctl_tx_msg call failed
12-15 21:01:49.059 E/QC-QMI  (  493): qmi_qmux_open_connection: connection is disabled for conn_id=48
12-15 21:01:49.059 E/QC-QMI  (  493): qmi_qmux_tx_msg: failed to open inactive connd_id=48
12-15 21:01:49.059 E/QC-QMI  (  493): qmi_qmux: TX failed, connection inactive or in reset, conn_id=48, status_flags=4
12-15 21:01:49.059 E/QC-QMI  (  493): qmi_ctl_tx_msg: qmi_qmux_tx_msg failed
12-15 21:01:49.059 E/QC-QMI  (  493): qmi_ctl_handle_request: qmi_ctl_tx_msg call failed
12-15 21:01:49.060 E/QC-QMI  (  493): qmi_qmux_open_connection: connection is disabled for conn_id=57
12-15 21:01:49.060 E/QC-QMI  (  493): qmi_qmux_tx_msg: failed to open inactive connd_id=57
12-15 21:01:49.060 E/QC-QMI  (  493): qmi_qmux: TX failed, connection inactive or in reset, conn_id=57, status_flags=4
12-15 21:01:49.060 E/QC-QMI  (  493): qmi_ctl_tx_msg: qmi_qmux_tx_msg failed
12-15 21:01:49.060 E/QC-QMI  (  493): qmi_ctl_handle_request: qmi_ctl_tx_msg call failed
12-15 21:01:49.061 E/QC-QMI  (  493): qmi_qmux_open_connection: connection is disabled for conn_id=57
12-15 21:01:49.061 E/QC-QMI  (  493): qmi_qmux_tx_msg: failed to open inactive connd_id=57
12-15 21:01:49.061 E/QC-QMI  (  493): qmi_qmux: TX failed, connection inactive or in reset, conn_id=57, status_flags=4
12-15 21:01:49.061 E/QC-QMI  (  493): qmi_ctl_tx_msg: qmi_qmux_tx_msg failed
12-15 21:01:49.061 E/QC-QMI  (  493): qmi_ctl_handle_request: qmi_ctl_tx_msg call failed
12-15 21:01:49.061 E/QC-QMI  (  493): qmi_qmux_open_connection: connection is disabled for conn_id=29
12-15 21:01:49.061 E/QC-QMI  (  493): qmi_qmux_tx_msg: failed to open inactive connd_id=29
12-15 21:01:49.061 E/QC-QMI  (  493): qmi_qmux: TX failed, connection inactive or in reset, conn_id=29, status_flags=4
12-15 21:01:49.061 E/QC-QMI  (  493): qmi_ctl_tx_msg: qmi_qmux_tx_msg failed
12-15 21:01:49.061 E/QC-QMI  (  493): qmi_ctl_handle_request: qmi_ctl_tx_msg call failed
12-15 21:01:49.062 E/QC-QMI  (  493): qmi_qmux_open_connection: connection is disabled for conn_id=29
12-15 21:01:49.062 E/QC-QMI  (  493): qmi_qmux_tx_msg: failed to open inactive connd_id=29
12-15 21:01:49.062 E/QC-QMI  (  493): qmi_qmux: TX failed, connection inactive or in reset, conn_id=29, status_flags=4
12-15 21:01:49.062 E/QC-QMI  (  493): qmi_ctl_tx_msg: qmi_qmux_tx_msg failed
12-15 21:01:49.062 E/QC-QMI  (  493): qmi_ctl_handle_request: qmi_ctl_tx_msg call failed
12-15 21:01:49.063 E/QC-QMI  (  493): qmi_qmux_open_connection: connection is disabled for conn_id=48
12-15 21:01:49.063 E/QC-QMI  (  493): qmi_qmux_tx_msg: failed to open inactive connd_id=48
12-15 21:01:49.063 E/QC-QMI  (  493): qmi_qmux: TX failed, connection inactive or in reset, conn_id=48, status_flags=4
12-15 21:01:49.063 E/QC-QMI  (  493): qmi_ctl_tx_msg: qmi_qmux_tx_msg failed
12-15 21:01:49.063 E/QC-QMI  (  493): qmi_ctl_handle_request: qmi_ctl_tx_msg call failed
12-15 21:01:49.064 E/QC-QMI  (  493): qmi_qmux_open_connection: connection is disabled for conn_id=48
12-15 21:01:49.064 E/QC-QMI  (  493): qmi_qmux_tx_msg: failed to open inactive connd_id=48
12-15 21:01:49.064 E/QC-QMI  (  493): qmi_qmux: TX failed, connection inactive or in reset, conn_id=48, status_flags=4
12-15 21:01:49.064 E/QC-QMI  (  493): qmi_ctl_tx_msg: qmi_qmux_tx_msg failed
12-15 21:01:49.064 E/QC-QMI  (  493): qmi_ctl_handle_request: qmi_ctl_tx_msg call failed
12-15 21:01:49.066 E/QC-QMI  (  493): qmi_qmux_open_connection: connection is disabled for conn_id=57
12-15 21:01:49.066 E/QC-QMI  (  493): qmi_qmux_tx_msg: failed to open inactive connd_id=57
12-15 21:01:49.066 E/QC-QMI  (  493): qmi_qmux: TX failed, connection inactive or in reset, conn_id=57, status_flags=4
12-15 21:01:49.066 E/QC-QMI  (  493): qmi_ctl_tx_msg: qmi_qmux_tx_msg failed
12-15 21:01:49.066 E/QC-QMI  (  493): qmi_ctl_handle_request: qmi_ctl_tx_msg call failed
12-15 21:01:49.067 E/QC-QMI  (  493): qmi_qmux_open_connection: connection is disabled for conn_id=57
12-15 21:01:49.067 E/QC-QMI  (  493): qmi_qmux_tx_msg: failed to open inactive connd_id=57
12-15 21:01:49.067 E/QC-QMI  (  493): qmi_qmux: TX failed, connection inactive or in reset, conn_id=57, status_flags=4
12-15 21:01:49.067 E/QC-QMI  (  493): qmi_ctl_tx_msg: qmi_qmux_tx_msg failed
12-15 21:01:49.067 E/QC-QMI  (  493): qmi_ctl_handle_request: qmi_ctl_tx_msg call failed
12-15 21:01:49.068 E/QC-QMI  (  493): qmi_qmux_open_connection: connection is disabled for conn_id=29
12-15 21:01:49.068 E/QC-QMI  (  493): qmi_qmux_tx_msg: failed to open inactive connd_id=29
12-15 21:01:49.068 E/QC-QMI  (  493): qmi_qmux: TX failed, connection inactive or in reset, conn_id=29, status_flags=4
12-15 21:01:49.068 E/QC-QMI  (  493): qmi_ctl_tx_msg: qmi_qmux_tx_msg failed
12-15 21:01:49.068 E/QC-QMI  (  493): qmi_ctl_handle_request: qmi_ctl_tx_msg call failed
12-15 21:01:49.068 E/QC-QMI  (  493): qmi_qmux_open_connection: connection is disabled for conn_id=29
12-15 21:01:49.068 E/QC-QMI  (  493): qmi_qmux_tx_msg: failed to open inactive connd_id=29
12-15 21:01:49.068 E/QC-QMI  (  493): qmi_qmux: TX failed, connection inactive or in reset, conn_id=29, status_flags=4
12-15 21:01:49.068 E/QC-QMI  (  493): qmi_ctl_tx_msg: qmi_qmux_tx_msg failed
12-15 21:01:49.068 E/QC-QMI  (  493): qmi_ctl_handle_request: qmi_ctl_tx_msg call failed
12-15 21:01:49.069 E/QC-QMI  (  493): qmi_qmux_open_connection: connection is disabled for conn_id=48
12-15 21:01:49.069 E/QC-QMI  (  493): qmi_qmux_tx_msg: failed to open inactive connd_id=48
12-15 21:01:49.069 E/QC-QMI  (  493): qmi_qmux: TX failed, connection inactive or in reset, conn_id=48, status_flags=4
12-15 21:01:49.069 E/QC-QMI  (  493): qmi_ctl_tx_msg: qmi_qmux_tx_msg failed
12-15 21:01:49.069 E/QC-QMI  (  493): qmi_ctl_handle_request: qmi_ctl_tx_msg call failed
12-15 21:01:49.070 E/QC-QMI  (  493): qmi_qmux_open_connection: connection is disabled for conn_id=48
12-15 21:01:49.070 E/QC-QMI  (  493): qmi_qmux_tx_msg: failed to open inactive connd_id=48
12-15 21:01:49.070 E/QC-QMI  (  493): qmi_qmux: TX failed, connection inactive or in reset, conn_id=48, status_flags=4
12-15 21:01:49.070 E/QC-QMI  (  493): qmi_ctl_tx_msg: qmi_qmux_tx_msg failed
12-15 21:01:49.070 E/QC-QMI  (  493): qmi_ctl_handle_request: qmi_ctl_tx_msg call failed
12-15 21:01:49.071 E/QC-QMI  (  493): qmi_qmux_open_connection: connection is disabled for conn_id=57
12-15 21:01:49.071 E/QC-QMI  (  493): qmi_qmux_tx_msg: failed to open inactive connd_id=57
12-15 21:01:49.071 E/QC-QMI  (  493): qmi_qmux: TX failed, connection inactive or in reset, conn_id=57, status_flags=4
12-15 21:01:49.071 E/QC-QMI  (  493): qmi_ctl_tx_msg: qmi_qmux_tx_msg failed
12-15 21:01:49.071 E/QC-QMI  (  493): qmi_ctl_handle_request: qmi_ctl_tx_msg call failed
12-15 21:01:49.071 E/QC-QMI  (  493): qmi_qmux_open_connection: connection is disabled for conn_id=57
12-15 21:01:49.071 E/QC-QMI  (  493): qmi_qmux_tx_msg: failed to open inactive connd_id=57
12-15 21:01:49.071 E/QC-QMI  (  493): qmi_qmux: TX failed, connection inactive or in reset, conn_id=57, status_flags=4
12-15 21:01:49.071 E/QC-QMI  (  493): qmi_ctl_tx_msg: qmi_qmux_tx_msg failed
12-15 21:01:49.072 E/QC-QMI  (  493): qmi_ctl_handle_request: qmi_ctl_tx_msg call failed
12-15 21:01:49.075 E/QC-QMI  (  493): qmi_qmux_open_connection: connection is disabled for conn_id=29
12-15 21:01:49.075 E/QC-QMI  (  493): qmi_qmux_tx_msg: failed to open inactive connd_id=29
12-15 21:01:49.075 E/QC-QMI  (  493): qmi_qmux: TX failed, connection inactive or in reset, conn_id=29, status_flags=4
12-15 21:01:49.075 E/QC-QMI  (  493): qmi_ctl_tx_msg: qmi_qmux_tx_msg failed
12-15 21:01:49.075 E/QC-QMI  (  493): qmi_ctl_handle_request: qmi_ctl_tx_msg call failed
12-15 21:01:49.076 E/QC-QMI  (  493): qmi_qmux_open_connection: connection is disabled for conn_id=29
12-15 21:01:49.076 E/QC-QMI  (  493): qmi_qmux_tx_msg: failed to open inactive connd_id=29
12-15 21:01:49.076 E/QC-QMI  (  493): qmi_qmux: TX failed, connection inactive or in reset, conn_id=29, status_flags=4
12-15 21:01:49.076 E/QC-QMI  (  493): qmi_ctl_tx_msg: qmi_qmux_tx_msg failed
12-15 21:01:49.076 E/QC-QMI  (  493): qmi_ctl_handle_request: qmi_ctl_tx_msg call failed
12-15 21:01:49.077 E/QC-QMI  (  493): qmi_qmux_open_connection: connection is disabled for conn_id=48
12-15 21:01:49.077 E/QC-QMI  (  493): qmi_qmux_tx_msg: failed to open inactive connd_id=48
12-15 21:01:49.077 E/QC-QMI  (  493): qmi_qmux: TX failed, connection inactive or in reset, conn_id=48, status_flags=4
12-15 21:01:49.077 E/QC-QMI  (  493): qmi_ctl_tx_msg: qmi_qmux_tx_msg failed
12-15 21:01:49.077 E/QC-QMI  (  493): qmi_ctl_handle_request: qmi_ctl_tx_msg call failed
12-15 21:01:49.078 E/QC-QMI  (  493): qmi_qmux_open_connection: connection is disabled for conn_id=48
12-15 21:01:49.078 E/QC-QMI  (  493): qmi_qmux_tx_msg: failed to open inactive connd_id=48
12-15 21:01:49.078 E/QC-QMI  (  493): qmi_qmux: TX failed, connection inactive or in reset, conn_id=48, status_flags=4
12-15 21:01:49.078 E/QC-QMI  (  493): qmi_ctl_tx_msg: qmi_qmux_tx_msg failed
12-15 21:01:49.079 E/QC-QMI  (  493): qmi_ctl_handle_request: qmi_ctl_tx_msg call failed
12-15 21:01:49.079 E/QC-QMI  (  493): qmi_qmux_open_connection: connection is disabled for conn_id=57
12-15 21:01:49.080 E/QC-QMI  (  493): qmi_qmux_tx_msg: failed to open inactive connd_id=57
12-15 21:01:49.080 E/QC-QMI  (  493): qmi_qmux: TX failed, connection inactive or in reset, conn_id=57, status_flags=4
12-15 21:01:49.080 E/QC-QMI  (  493): qmi_ctl_tx_msg: qmi_qmux_tx_msg failed
12-15 21:01:49.080 E/QC-QMI  (  493): qmi_ctl_handle_request: qmi_ctl_tx_msg call failed
12-15 21:01:49.080 E/QC-QMI  (  493): qmi_qmux_open_connection: connection is disabled for conn_id=57
12-15 21:01:49.080 E/QC-QMI  (  493): qmi_qmux_tx_msg: failed to open inactive connd_id=57
12-15 21:01:49.080 E/QC-QMI  (  493): qmi_qmux: TX failed, connection inactive or in reset, conn_id=57, status_flags=4
12-15 21:01:49.080 E/QC-QMI  (  493): qmi_ctl_tx_msg: qmi_qmux_tx_msg failed
12-15 21:01:49.080 E/QC-QMI  (  493): qmi_ctl_handle_request: qmi_ctl_tx_msg call failed
12-15 21:01:49.081 E/QC-QMI  (  493): qmi_qmux_open_connection: connection is disabled for conn_id=29
12-15 21:01:49.081 E/QC-QMI  (  493): qmi_qmux_tx_msg: failed to open inactive connd_id=29
12-15 21:01:49.081 E/QC-QMI  (  493): qmi_qmux: TX failed, connection inactive or in reset, conn_id=29, status_flags=4
12-15 21:01:49.081 E/QC-QMI  (  493): qmi_ctl_tx_msg: qmi_qmux_tx_msg failed
12-15 21:01:49.081 E/QC-QMI  (  493): qmi_ctl_handle_request: qmi_ctl_tx_msg call failed
12-15 21:01:49.082 E/QC-QMI  (  493): qmi_qmux_open_connection: connection is disabled for conn_id=29
12-15 21:01:49.082 E/QC-QMI  (  493): qmi_qmux_tx_msg: failed to open inactive connd_id=29
12-15 21:01:49.082 E/QC-QMI  (  493): qmi_qmux: TX failed, connection inactive or in reset, conn_id=29, status_flags=4
12-15 21:01:49.082 E/QC-QMI  (  493): qmi_ctl_tx_msg: qmi_qmux_tx_msg failed
12-15 21:01:49.082 E/QC-QMI  (  493): qmi_ctl_handle_request: qmi_ctl_tx_msg call failed
12-15 21:01:49.083 E/QC-QMI  (  493): qmi_qmux_open_connection: connection is disabled for conn_id=48
12-15 21:01:49.083 E/QC-QMI  (  493): qmi_qmux_tx_msg: failed to open inactive connd_id=48
12-15 21:01:49.083 E/QC-QMI  (  493): qmi_qmux: TX failed, connection inactive or in reset, conn_id=48, status_flags=4
12-15 21:01:49.083 E/QC-QMI  (  493): qmi_ctl_tx_msg: qmi_qmux_tx_msg failed
12-15 21:01:49.083 E/QC-QMI  (  493): qmi_ctl_handle_request: qmi_ctl_tx_msg call failed
12-15 21:01:49.083 E/QC-QMI  (  493): qmi_qmux_open_connection: connection is disabled for conn_id=29
12-15 21:01:49.083 E/QC-QMI  (  493): qmi_qmux_tx_msg: failed to open inactive connd_id=29
12-15 21:01:49.083 E/QC-QMI  (  493): qmi_qmux: TX failed, connection inactive or in reset, conn_id=29, status_flags=4
12-15 21:01:49.083 E/QC-QMI  (  493): qmi_ctl_tx_msg: qmi_qmux_tx_msg failed
12-15 21:01:49.084 E/QC-QMI  (  493): qmi_ctl_handle_request: qmi_ctl_tx_msg call failed
12-15 21:01:49.084 E/QC-QMI  (  493): qmi_qmux_open_connection: connection is disabled for conn_id=48
12-15 21:01:49.084 E/QC-QMI  (  493): qmi_qmux_tx_msg: failed to open inactive connd_id=48
12-15 21:01:49.084 E/QC-QMI  (  493): qmi_qmux: TX failed, connection inactive or in reset, conn_id=48, status_flags=4
12-15 21:01:49.084 E/QC-QMI  (  493): qmi_ctl_tx_msg: qmi_qmux_tx_msg failed
12-15 21:01:49.084 E/QC-QMI  (  493): qmi_ctl_handle_request: qmi_ctl_tx_msg call failed
12-15 21:01:49.085 E/QC-QMI  (  493): qmi_qmux_open_connection: connection is disabled for conn_id=29
12-15 21:01:49.085 E/QC-QMI  (  493): qmi_qmux_tx_msg: failed to open inactive connd_id=29
12-15 21:01:49.085 E/QC-QMI  (  493): qmi_qmux: TX failed, connection inactive or in reset, conn_id=29, status_flags=4
12-15 21:01:49.085 E/QC-QMI  (  493): qmi_ctl_tx_msg: qmi_qmux_tx_msg failed
12-15 21:01:49.085 E/QC-QMI  (  493): qmi_ctl_handle_request: qmi_ctl_tx_msg call failed
12-15 21:01:49.086 E/QC-QMI  (  493): qmi_qmux_open_connection: connection is disabled for conn_id=57
12-15 21:01:49.086 E/QC-QMI  (  493): qmi_qmux_tx_msg: failed to open inactive connd_id=57
12-15 21:01:49.086 E/QC-QMI  (  493): qmi_qmux: TX failed, connection inactive or in reset, conn_id=57, status_flags=4
12-15 21:01:49.086 E/QC-QMI  (  493): qmi_ctl_tx_msg: qmi_qmux_tx_msg failed
12-15 21:01:49.086 E/QC-QMI  (  493): qmi_ctl_handle_request: qmi_ctl_tx_msg call failed
12-15 21:01:49.086 E/QC-QMI  (  493): qmi_qmux_open_connection: connection is disabled for conn_id=29
12-15 21:01:49.086 E/QC-QMI  (  493): qmi_qmux_tx_msg: failed to open inactive connd_id=29
12-15 21:01:49.086 E/QC-QMI  (  493): qmi_qmux: TX failed, connection inactive or in reset, conn_id=29, status_flags=4
12-15 21:01:49.086 E/QC-QMI  (  493): qmi_ctl_tx_msg: qmi_qmux_tx_msg failed
12-15 21:01:49.086 E/QC-QMI  (  493): qmi_ctl_handle_request: qmi_ctl_tx_msg call failed
12-15 21:01:49.086 E/QC-QMI  (  493): qmi_qmux_open_connection: connection is disabled for conn_id=57
12-15 21:01:49.086 E/QC-QMI  (  493): qmi_qmux_tx_msg: failed to open inactive connd_id=57
12-15 21:01:49.087 E/QC-QMI  (  493): qmi_qmux: TX failed, connection inactive or in reset, conn_id=57, status_flags=4
12-15 21:01:49.087 E/QC-QMI  (  493): qmi_ctl_tx_msg: qmi_qmux_tx_msg failed
12-15 21:01:49.087 E/QC-QMI  (  493): qmi_ctl_handle_request: qmi_ctl_tx_msg call failed
12-15 21:01:49.087 E/QC-QMI  (  493): qmi_qmux_open_connection: connection is disabled for conn_id=48
12-15 21:01:49.087 E/QC-QMI  (  493): qmi_qmux_tx_msg: failed to open inactive connd_id=48
12-15 21:01:49.087 E/QC-QMI  (  493): qmi_qmux: TX failed, connection inactive or in reset, conn_id=48, status_flags=4
12-15 21:01:49.087 E/QC-QMI  (  493): qmi_ctl_tx_msg: qmi_qmux_tx_msg failed
12-15 21:01:49.087 E/QC-QMI  (  493): qmi_ctl_handle_request: qmi_ctl_tx_msg call failed
12-15 21:01:49.088 E/QC-QMI  (  493): qmi_qmux_open_connection: connection is disabled for conn_id=29
12-15 21:01:49.088 E/QC-QMI  (  493): qmi_qmux_tx_msg: failed to open inactive connd_id=29
12-15 21:01:49.088 E/QC-QMI  (  493): qmi_qmux: TX failed, connection inactive or in reset, conn_id=29, status_flags=4
12-15 21:01:49.088 E/QC-QMI  (  493): qmi_ctl_tx_msg: qmi_qmux_tx_msg failed
12-15 21:01:49.088 E/QC-QMI  (  493): qmi_ctl_handle_request: qmi_ctl_tx_msg call failed
12-15 21:01:49.088 E/QC-QMI  (  493): qmi_qmux_open_connection: connection is disabled for conn_id=48
12-15 21:01:49.088 E/QC-QMI  (  493): qmi_qmux_tx_msg: failed to open inactive connd_id=48
12-15 21:01:49.088 E/QC-QMI  (  493): qmi_qmux: TX failed, connection inactive or in reset, conn_id=48, status_flags=4
12-15 21:01:49.088 E/QC-QMI  (  493): qmi_ctl_tx_msg: qmi_qmux_tx_msg failed
12-15 21:01:49.088 E/QC-QMI  (  493): qmi_ctl_handle_request: qmi_ctl_tx_msg call failed
12-15 21:01:49.089 E/QC-QMI  (  493): qmi_qmux_open_connection: connection is disabled for conn_id=29
12-15 21:01:49.089 E/QC-QMI  (  493): qmi_qmux_tx_msg: failed to open inactive connd_id=29
12-15 21:01:49.089 E/QC-QMI  (  493): qmi_qmux: TX failed, connection inactive or in reset, conn_id=29, status_flags=4
12-15 21:01:49.089 E/QC-QMI  (  493): qmi_ctl_tx_msg: qmi_qmux_tx_msg failed
12-15 21:01:49.089 E/QC-QMI  (  493): qmi_ctl_handle_request: qmi_ctl_tx_msg call failed
12-15 21:01:49.090 E/QC-QMI  (  493): qmi_qmux_open_connection: connection is disabled for conn_id=57
12-15 21:01:49.090 E/QC-QMI  (  493): qmi_qmux_tx_msg: failed to open inactive connd_id=57
12-15 21:01:49.090 E/QC-QMI  (  493): qmi_qmux: TX failed, connection inactive or in reset, conn_id=57, status_flags=4
12-15 21:01:49.090 E/QC-QMI  (  493): qmi_ctl_tx_msg: qmi_qmux_tx_msg failed
12-15 21:01:49.090 E/QC-QMI  (  493): qmi_ctl_handle_request: qmi_ctl_tx_msg call failed
12-15 21:01:49.090 E/QC-QMI  (  493): qmi_qmux_open_connection: connection is disabled for conn_id=48
12-15 21:01:49.090 E/QC-QMI  (  493): qmi_qmux_tx_msg: failed to open inactive connd_id=48
12-15 21:01:49.091 E/QC-QMI  (  493): qmi_qmux: TX failed, connection inactive or in reset, conn_id=48, status_flags=4
12-15 21:01:49.091 E/QC-QMI  (  493): qmi_ctl_tx_msg: qmi_qmux_tx_msg failed
12-15 21:01:49.091 E/QC-QMI  (  493): qmi_ctl_handle_request: qmi_ctl_tx_msg call failed
12-15 21:01:49.091 E/QC-QMI  (  493): qmi_qmux_open_connection: connection is disabled for conn_id=57
12-15 21:01:49.091 E/QC-QMI  (  493): qmi_qmux_tx_msg: failed to open inactive connd_id=57
12-15 21:01:49.091 E/QC-QMI  (  493): qmi_qmux: TX failed, connection inactive or in reset, conn_id=57, status_flags=4
12-15 21:01:49.091 E/QC-QMI  (  493): qmi_ctl_tx_msg: qmi_qmux_tx_msg failed
12-15 21:01:49.091 E/QC-QMI  (  493): qmi_ctl_handle_request: qmi_ctl_tx_msg call failed
12-15 21:01:49.092 E/QC-QMI  (  493): qmi_qmux_open_connection: connection is disabled for conn_id=48
12-15 21:01:49.092 E/QC-QMI  (  493): qmi_qmux_tx_msg: failed to open inactive connd_id=48
12-15 21:01:49.092 E/QC-QMI  (  493): qmi_qmux: TX failed, connection inactive or in reset, conn_id=48, status_flags=4
12-15 21:01:49.092 E/QC-QMI  (  493): qmi_ctl_tx_msg: qmi_qmux_tx_msg failed
12-15 21:01:49.092 E/QC-QMI  (  493): qmi_ctl_handle_request: qmi_ctl_tx_msg call failed
12-15 21:01:49.092 E/QC-QMI  (  493): qmi_qmux_open_connection: connection is disabled for conn_id=57
12-15 21:01:49.092 E/QC-QMI  (  493): qmi_qmux_tx_msg: failed to open inactive connd_id=57
12-15 21:01:49.092 E/QC-QMI  (  493): qmi_qmux: TX failed, connection inactive or in reset, conn_id=57, status_flags=4
12-15 21:01:49.093 E/QC-QMI  (  493): qmi_ctl_tx_msg: qmi_qmux_tx_msg failed
12-15 21:01:49.093 E/QC-QMI  (  493): qmi_ctl_handle_request: qmi_ctl_tx_msg call failed
12-15 21:01:49.093 E/QC-QMI  (  493): qmi_qmux_open_connection: connection is disabled for conn_id=29
12-15 21:01:49.093 E/QC-QMI  (  493): qmi_qmux_tx_msg: failed to open inactive connd_id=29
12-15 21:01:49.093 E/QC-QMI  (  493): qmi_qmux: TX failed, connection inactive or in reset, conn_id=29, status_flags=4
12-15 21:01:49.093 E/QC-QMI  (  493): qmi_ctl_tx_msg: qmi_qmux_tx_msg failed
12-15 21:01:49.093 E/QC-QMI  (  493): qmi_ctl_handle_request: qmi_ctl_tx_msg call failed
12-15 21:01:49.093 E/QC-QMI  (  493): qmi_qmux_open_connection: connection is disabled for conn_id=57
12-15 21:01:49.094 E/QC-QMI  (  493): qmi_qmux_tx_msg: failed to open inactive connd_id=57
12-15 21:01:49.094 E/QC-QMI  (  493): qmi_qmux: TX failed, connection inactive or in reset, conn_id=57, status_flags=4
12-15 21:01:49.094 E/QC-QMI  (  493): qmi_ctl_tx_msg: qmi_qmux_tx_msg failed
12-15 21:01:49.094 E/QC-QMI  (  493): qmi_ctl_handle_request: qmi_ctl_tx_msg call failed
12-15 21:01:49.094 E/QC-QMI  (  493): qmi_qmux_open_connection: connection is disabled for conn_id=29
12-15 21:01:49.094 E/QC-QMI  (  493): qmi_qmux_tx_msg: failed to open inactive connd_id=29
12-15 21:01:49.094 E/QC-QMI  (  493): qmi_qmux: TX failed, connection inactive or in reset, conn_id=29, status_flags=4
12-15 21:01:49.094 E/QC-QMI  (  493): qmi_ctl_tx_msg: qmi_qmux_tx_msg failed
12-15 21:01:49.094 E/QC-QMI  (  493): qmi_ctl_handle_request: qmi_ctl_tx_msg call failed
12-15 21:01:49.095 E/QC-QMI  (  493): qmi_qmux_open_connection: connection is disabled for conn_id=29
12-15 21:01:49.095 E/QC-QMI  (  493): qmi_qmux_tx_msg: failed to open inactive connd_id=29
12-15 21:01:49.095 E/QC-QMI  (  493): qmi_qmux: TX failed, connection inactive or in reset, conn_id=29, status_flags=4
12-15 21:01:49.095 E/QC-QMI  (  493): qmi_ctl_tx_msg: qmi_qmux_tx_msg failed
12-15 21:01:49.095 E/QC-QMI  (  493): qmi_ctl_handle_request: qmi_ctl_tx_msg call failed
12-15 21:01:49.095 E/QC-QMI  (  493): qmi_qmux_open_connection: connection is disabled for conn_id=48
12-15 21:01:49.095 E/QC-QMI  (  493): qmi_qmux_tx_msg: failed to open inactive connd_id=48
12-15 21:01:49.095 E/QC-QMI  (  493): qmi_qmux: TX failed, connection inactive or in reset, conn_id=48, status_flags=4
12-15 21:01:49.095 E/QC-QMI  (  493): qmi_ctl_tx_msg: qmi_qmux_tx_msg failed
12-15 21:01:49.095 E/QC-QMI  (  493): qmi_ctl_handle_request: qmi_ctl_tx_msg call failed
12-15 21:01:49.096 E/QC-QMI  (  493): qmi_qmux_open_connection: connection is disabled for conn_id=29
12-15 21:01:49.096 E/QC-QMI  (  493): qmi_qmux_tx_msg: failed to open inactive connd_id=29
12-15 21:01:49.096 E/QC-QMI  (  493): qmi_qmux: TX failed, connection inactive or in reset, conn_id=29, status_flags=4
12-15 21:01:49.096 E/QC-QMI  (  493): qmi_ctl_tx_msg: qmi_qmux_tx_msg failed
12-15 21:01:49.096 E/QC-QMI  (  493): qmi_ctl_handle_request: qmi_ctl_tx_msg call failed
12-15 21:01:49.096 E/QC-QMI  (  493): qmi_qmux_open_connection: connection is disabled for conn_id=48
12-15 21:01:49.096 E/QC-QMI  (  493): qmi_qmux_tx_msg: failed to open inactive connd_id=48
12-15 21:01:49.096 E/QC-QMI  (  493): qmi_qmux: TX failed, connection inactive or in reset, conn_id=48, status_flags=4
12-15 21:01:49.097 E/QC-QMI  (  493): qmi_ctl_tx_msg: qmi_qmux_tx_msg failed
12-15 21:01:49.097 E/QC-QMI  (  493): qmi_ctl_handle_request: qmi_ctl_tx_msg call failed
12-15 21:01:49.097 D/vold    (  336): Disk at 253:0 changed
12-15 21:01:49.098 E/QC-QMI  (  493): qmi_qmux_open_connection: connection is disabled for conn_id=48
12-15 21:01:49.098 E/QC-QMI  (  493): qmi_qmux_tx_msg: failed to open inactive connd_id=48
12-15 21:01:49.098 E/QC-QMI  (  493): qmi_qmux: TX failed, connection inactive or in reset, conn_id=48, status_flags=4
12-15 21:01:49.098 E/QC-QMI  (  493): qmi_ctl_tx_msg: qmi_qmux_tx_msg failed
12-15 21:01:49.098 E/QC-QMI  (  493): qmi_ctl_handle_request: qmi_ctl_tx_msg call failed
12-15 21:01:49.098 E/QC-QMI  (  493): qmi_qmux_open_connection: connection is disabled for conn_id=48
12-15 21:01:49.098 E/QC-QMI  (  493): qmi_qmux_tx_msg: failed to open inactive connd_id=48
12-15 21:01:49.098 E/QC-QMI  (  493): qmi_qmux: TX failed, connection inactive or in reset, conn_id=48, status_flags=4
12-15 21:01:49.099 E/QC-QMI  (  493): qmi_ctl_tx_msg: qmi_qmux_tx_msg failed
12-15 21:01:49.099 E/QC-QMI  (  493): qmi_ctl_handle_request: qmi_ctl_tx_msg call failed
12-15 21:01:49.099 E/QC-QMI  (  493): qmi_qmux_open_connection: connection is disabled for conn_id=57
12-15 21:01:49.099 E/QC-QMI  (  493): qmi_qmux_tx_msg: failed to open inactive connd_id=57
12-15 21:01:49.099 E/QC-QMI  (  493): qmi_qmux: TX failed, connection inactive or in reset, conn_id=57, status_flags=4
12-15 21:01:49.099 E/QC-QMI  (  493): qmi_ctl_tx_msg: qmi_qmux_tx_msg failed
12-15 21:01:49.099 E/QC-QMI  (  493): qmi_ctl_handle_request: qmi_ctl_tx_msg call failed
