12-15 21:18:58.059 E/QC-QMI  (  490): qmi_qmux_tx_msg: failed to open inactive connd_id=57
12-15 21:18:58.059 E/QC-QMI  (  490): qmi_qmux: TX failed, connection inactive or in reset, conn_id=57, status_flags=4
12-15 21:18:58.059 E/QC-QMI  (  490): qmi_ctl_tx_msg: qmi_qmux_tx_msg failed
12-15 21:18:58.059 E/QC-QMI  (  490): qmi_ctl_handle_request: qmi_ctl_tx_msg call failed
12-15 21:18:58.064 E/QC-QMI  (  490): qmi_qmux_open_connection: connection is disabled for conn_id=29
12-15 21:18:58.064 E/QC-QMI  (  490): qmi_qmux_tx_msg: failed to open inactive connd_id=29
12-15 21:18:58.064 E/QC-QMI  (  490): qmi_qmux: TX failed, connection inactive or in reset, conn_id=29, status_flags=4
12-15 21:18:58.064 E/QC-QMI  (  490): qmi_ctl_tx_msg: qmi_qmux_tx_msg failed
12-15 21:18:58.064 E/QC-QMI  (  490): qmi_ctl_handle_request: qmi_ctl_tx_msg call failed
12-15 21:18:58.064 E/QC-QMI  (  490): qmi_qmux_open_connection: connection is disabled for conn_id=57
12-15 21:18:58.064 E/QC-QMI  (  490): qmi_qmux_tx_msg: failed to open inactive connd_id=57
12-15 21:18:58.065 E/QC-QMI  (  490): qmi_qmux: TX failed, connection inactive or in reset, conn_id=57, status_flags=4
12-15 21:18:58.065 E/QC-QMI  (  490): qmi_ctl_tx_msg: qmi_qmux_tx_msg failed
12-15 21:18:58.065 E/QC-QMI  (  490): qmi_ctl_handle_request: qmi_ctl_tx_msg call failed
12-15 21:18:58.065 E/QC-QMI  (  490): qmi_qmux_open_connection: connection is disabled for conn_id=29
12-15 21:18:58.065 E/QC-QMI  (  490): qmi_qmux_tx_msg: failed to open inactive connd_id=29
12-15 21:18:58.065 E/QC-QMI  (  490): qmi_qmux: TX failed, connection inactive or in reset, conn_id=29, status_flags=4
12-15 21:18:58.065 E/QC-QMI  (  490): qmi_ctl_tx_msg: qmi_qmux_tx_msg failed
12-15 21:18:58.065 E/QC-QMI  (  490): qmi_ctl_handle_request: qmi_ctl_tx_msg call failed
12-15 21:18:58.065 E/QC-QMI  (  490): qmi_qmux_open_connection: connection is disabled for conn_id=29
12-15 21:18:58.065 E/QC-QMI  (  490): qmi_qmux_tx_msg: failed to open inactive connd_id=29
12-15 21:18:58.066 E/QC-QMI  (  490): qmi_qmux: TX failed, connection inactive or in reset, conn_id=29, status_flags=4
12-15 21:18:58.066 E/QC-QMI  (  490): qmi_ctl_tx_msg: qmi_qmux_tx_msg failed
12-15 21:18:58.066 E/QC-QMI  (  490): qmi_ctl_handle_request: qmi_ctl_tx_msg call failed
12-15 21:18:58.066 E/QC-QMI  (  490): qmi_qmux_open_connection: connection is disabled for conn_id=48
12-15 21:18:58.066 E/QC-QMI  (  490): qmi_qmux_tx_msg: failed to open inactive connd_id=48
12-15 21:18:58.066 E/QC-QMI  (  490): qmi_qmux: TX failed, connection inactive or in reset, conn_id=48, status_flags=4
12-15 21:18:58.066 E/QC-QMI  (  490): qmi_ctl_tx_msg: qmi_qmux_tx_msg failed
12-15 21:18:58.066 E/QC-QMI  (  490): qmi_ctl_handle_request: qmi_ctl_tx_msg call failed
12-15 21:18:58.067 E/QC-QMI  (  490): qmi_qmux_open_connection: connection is disabled for conn_id=29
12-15 21:18:58.067 E/QC-QMI  (  490): qmi_qmux_tx_msg: failed to open inactive connd_id=29
12-15 21:18:58.067 E/QC-QMI  (  490): qmi_qmux: TX failed, connection inactive or in reset, conn_id=29, status_flags=4
12-15 21:18:58.067 E/QC-QMI  (  490): qmi_ctl_tx_msg: qmi_qmux_tx_msg failed
12-15 21:18:58.067 E/QC-QMI  (  490): qmi_ctl_handle_request: qmi_ctl_tx_msg call failed
12-15 21:18:58.067 E/QC-QMI  (  490): qmi_qmux_open_connection: connection is disabled for conn_id=48
12-15 21:18:58.067 E/QC-QMI  (  490): qmi_qmux_tx_msg: failed to open inactive connd_id=48
12-15 21:18:58.068 E/QC-QMI  (  490): qmi_qmux: TX failed, connection inactive or in reset, conn_id=48, status_flags=4
12-15 21:18:58.068 E/QC-QMI  (  490): qmi_ctl_tx_msg: qmi_qmux_tx_msg failed
12-15 21:18:58.068 E/QC-QMI  (  490): qmi_ctl_handle_request: qmi_ctl_tx_msg call failed
12-15 21:18:58.068 E/QC-QMI  (  490): qmi_qmux_open_connection: connection is disabled for conn_id=48
12-15 21:18:58.068 E/QC-QMI  (  490): qmi_qmux_tx_msg: failed to open inactive connd_id=48
12-15 21:18:58.068 E/QC-QMI  (  490): qmi_qmux: TX failed, connection inactive or in reset, conn_id=48, status_flags=4
12-15 21:18:58.068 E/QC-QMI  (  490): qmi_ctl_tx_msg: qmi_qmux_tx_msg failed
12-15 21:18:58.068 E/QC-QMI  (  490): qmi_ctl_handle_request: qmi_ctl_tx_msg call failed
12-15 21:18:58.068 D/vold    (  337): Disk at 253:0 changed
12-15 21:18:58.069 E/QC-QMI  (  490): qmi_qmux_open_connection: connection is disabled for conn_id=57
12-15 21:18:58.069 E/QC-QMI  (  490): qmi_qmux_tx_msg: failed to open inactive connd_id=57
12-15 21:18:58.069 E/QC-QMI  (  490): qmi_qmux: TX failed, connection inactive or in reset, conn_id=57, status_flags=4
12-15 21:18:58.069 E/QC-QMI  (  490): qmi_ctl_tx_msg: qmi_qmux_tx_msg failed
12-15 21:18:58.069 E/QC-QMI  (  490): qmi_ctl_handle_request: qmi_ctl_tx_msg call failed
12-15 21:18:58.069 E/QC-QMI  (  490): qmi_qmux_open_connection: connection is disabled for conn_id=48
12-15 21:18:58.069 E/QC-QMI  (  490): qmi_qmux_tx_msg: failed to open inactive connd_id=48
12-15 21:18:58.069 E/QC-QMI  (  490): qmi_qmux: TX failed, connection inactive or in reset, conn_id=48, status_flags=4
12-15 21:18:58.069 E/QC-QMI  (  490): qmi_ctl_tx_msg: qmi_qmux_tx_msg failed
12-15 21:18:58.069 E/QC-QMI  (  490): qmi_ctl_handle_request: qmi_ctl_tx_msg call failed
12-15 21:18:58.070 E/QC-QMI  (  490): qmi_qmux_open_connection: connection is disabled for conn_id=57
12-15 21:18:58.070 E/QC-QMI  (  490): qmi_qmux_tx_msg: failed to open inactive connd_id=57
12-15 21:18:58.070 E/QC-QMI  (  490): qmi_qmux: TX failed, connection inactive or in reset, conn_id=57, status_flags=4
12-15 21:18:58.070 E/QC-QMI  (  490): qmi_ctl_tx_msg: qmi_qmux_tx_msg failed
12-15 21:18:58.070 E/QC-QMI  (  490): qmi_ctl_handle_request: qmi_ctl_tx_msg call failed
12-15 21:18:58.070 E/QC-QMI  (  490): qmi_qmux_open_connection: connection is disabled for conn_id=29
12-15 21:18:58.071 E/QC-QMI  (  490): qmi_qmux_tx_msg: failed to open inactive connd_id=29
12-15 21:18:58.071 E/QC-QMI  (  490): qmi_qmux: TX failed, connection inactive or in reset, conn_id=29, status_flags=4
12-15 21:18:58.071 E/QC-QMI  (  490): qmi_ctl_tx_msg: qmi_qmux_tx_msg failed
12-15 21:18:58.071 E/QC-QMI  (  490): qmi_ctl_handle_request: qmi_ctl_tx_msg call failed
12-15 21:18:58.071 E/QC-QMI  (  490): qmi_qmux_open_connection: connection is disabled for conn_id=57
12-15 21:18:58.071 E/QC-QMI  (  490): qmi_qmux_tx_msg: failed to open inactive connd_id=57
12-15 21:18:58.071 E/QC-QMI  (  490): qmi_qmux: TX failed, connection inactive or in reset, conn_id=57, status_flags=4
12-15 21:18:58.071 E/QC-QMI  (  490): qmi_ctl_tx_msg: qmi_qmux_tx_msg failed
12-15 21:18:58.071 E/QC-QMI  (  490): qmi_ctl_handle_request: qmi_ctl_tx_msg call failed
12-15 21:18:58.071 E/QC-QMI  (  490): qmi_qmux_open_connection: connection is disabled for conn_id=29
12-15 21:18:58.072 E/QC-QMI  (  490): qmi_qmux_tx_msg: failed to open inactive connd_id=29
12-15 21:18:58.072 E/QC-QMI  (  490): qmi_qmux: TX failed, connection inactive or in reset, conn_id=29, status_flags=4
12-15 21:18:58.072 E/QC-QMI  (  490): qmi_ctl_tx_msg: qmi_qmux_tx_msg failed
12-15 21:18:58.072 E/QC-QMI  (  490): qmi_ctl_handle_request: qmi_ctl_tx_msg call failed
12-15 21:18:58.072 E/QC-QMI  (  490): qmi_qmux_open_connection: connection is disabled for conn_id=57
12-15 21:18:58.072 E/QC-QMI  (  490): qmi_qmux_tx_msg: failed to open inactive connd_id=57
12-15 21:18:58.072 E/QC-QMI  (  490): qmi_qmux: TX failed, connection inactive or in reset, conn_id=57, status_flags=4
12-15 21:18:58.072 E/QC-QMI  (  490): qmi_ctl_tx_msg: qmi_qmux_tx_msg failed
12-15 21:18:58.072 E/QC-QMI  (  490): qmi_ctl_handle_request: qmi_ctl_tx_msg call failed
12-15 21:18:58.073 E/QC-QMI  (  490): qmi_qmux_open_connection: connection is disabled for conn_id=48
12-15 21:18:58.073 E/QC-QMI  (  490): qmi_qmux_tx_msg: failed to open inactive connd_id=48
12-15 21:18:58.073 E/QC-QMI  (  490): qmi_qmux: TX failed, connection inactive or in reset, conn_id=48, status_flags=4
12-15 21:18:58.073 E/QC-QMI  (  490): qmi_ctl_tx_msg: qmi_qmux_tx_msg failed
12-15 21:18:58.073 E/QC-QMI  (  490): qmi_ctl_handle_request: qmi_ctl_tx_msg call failed
12-15 21:18:58.074 I/ThermalEngine(  496): ADSP thermal mitigation available.
12-15 21:18:58.074 E/QC-QMI  (  490): qmi_qmux_open_connection: connection is disabled for conn_id=48
12-15 21:18:58.074 E/QC-QMI  (  490): qmi_qmux_tx_msg: failed to open inactive connd_id=48
12-15 21:18:58.074 E/QC-QMI  (  490): qmi_qmux: TX failed, connection inactive or in reset, conn_id=48, status_flags=4
12-15 21:18:58.074 E/QC-QMI  (  490): qmi_ctl_tx_msg: qmi_qmux_tx_msg failed
12-15 21:18:58.074 E/QC-QMI  (  490): qmi_ctl_handle_request: qmi_ctl_tx_msg call failed
12-15 21:18:58.075 I/ThermalEngine(  496): ACTION: ADSP - Pending request: cpuv_restriction_cold mitigation succeeded for level 0.
12-15 21:18:58.075 I/ThermalEngine(  496): Mitigation:VDD[ADSP-cpuv_restriction_cold]:0
12-15 21:18:58.075 E/QC-QMI  (  551): qmi_client [551] e: failed to locate client data
12-15 21:18:58.075 E/QC-QMI  (  490): qmi_qmux_open_connection: connection is disabled for conn_id=57
12-15 21:18:58.076 E/QC-QMI  (  490): qmi_qmux_tx_msg: failed to open inactive connd_id=57
12-15 21:18:58.076 E/QC-QMI  (  490): qmi_qmux: TX failed, connection inactive or in reset, conn_id=57, status_flags=4
12-15 21:18:58.076 E/QC-QMI  (  490): qmi_ctl_tx_msg: qmi_qmux_tx_msg failed
12-15 21:18:58.076 E/QC-QMI  (  490): qmi_ctl_handle_request: qmi_ctl_tx_msg call failed
12-15 21:18:58.076 E/QC-QMI  (  490): qmuxd: RX on fd=20 returned error=0 errno[2:No such file or directory]
12-15 21:18:58.076 E/QC-QMI  (  490): QMUX qmux_client_id=e not found in qmux client list, unable to remove
12-15 21:18:58.077 E/QC-QMI  (  490): qmi_qmux_open_connection: connection is disabled for conn_id=57
12-15 21:18:58.077 E/QC-QMI  (  490): qmi_qmux_tx_msg: failed to open inactive connd_id=57
12-15 21:18:58.077 E/QC-QMI  (  490): qmi_qmux: TX failed, connection inactive or in reset, conn_id=57, status_flags=4
12-15 21:18:58.077 E/QC-QMI  (  490): qmi_ctl_tx_msg: qmi_qmux_tx_msg failed
12-15 21:18:58.077 E/QC-QMI  (  490): qmi_ctl_handle_request: qmi_ctl_tx_msg call failed
12-15 21:18:58.078 E/QC-QMI  (  490): qmi_qmux_open_connection: connection is disabled for conn_id=29
12-15 21:18:58.078 E/QC-QMI  (  490): qmi_qmux_tx_msg: failed to open inactive connd_id=29
12-15 21:18:58.078 E/QC-QMI  (  490): qmi_qmux: TX failed, connection inactive or in reset, conn_id=29, status_flags=4
12-15 21:18:58.078 E/QC-QMI  (  490): qmi_ctl_tx_msg: qmi_qmux_tx_msg failed
12-15 21:18:58.078 E/QC-QMI  (  490): qmi_ctl_handle_request: qmi_ctl_tx_msg call failed
12-15 21:18:58.079 E/QC-QMI  (  490): qmi_qmux_open_connection: connection is disabled for conn_id=29
12-15 21:18:58.079 E/QC-QMI  (  490): qmi_qmux_tx_msg: failed to open inactive connd_id=29
12-15 21:18:58.080 E/QC-QMI  (  490): qmi_qmux: TX failed, connection inactive or in reset, conn_id=29, status_flags=4
12-15 21:18:58.080 E/QC-QMI  (  490): qmi_ctl_tx_msg: qmi_qmux_tx_msg failed
12-15 21:18:58.080 E/QC-QMI  (  490): qmi_ctl_handle_request: qmi_ctl_tx_msg call failed
12-15 21:18:58.080 E/QC-QMI  (  490): qmi_qmux_open_connection: connection is disabled for conn_id=29
12-15 21:18:58.080 E/QC-QMI  (  490): qmi_qmux_tx_msg: failed to open inactive connd_id=29
12-15 21:18:58.080 E/QC-QMI  (  490): qmi_qmux: TX failed, connection inactive or in reset, conn_id=29, status_flags=4
12-15 21:18:58.080 E/QC-QMI  (  490): qmi_ctl_tx_msg: qmi_qmux_tx_msg failed
12-15 21:18:58.080 E/QC-QMI  (  490): qmi_ctl_handle_request: qmi_ctl_tx_msg call failed
12-15 21:18:58.081 E/QC-QMI  (  490): qmi_qmux_open_connection: connection is disabled for conn_id=48
12-15 21:18:58.081 E/QC-QMI  (  490): qmi_qmux_tx_msg: failed to open inactive connd_id=48
12-15 21:18:58.081 E/QC-QMI  (  490): qmi_qmux: TX failed, connection inactive or in reset, conn_id=48, status_flags=4
12-15 21:18:58.081 E/QC-QMI  (  490): qmi_ctl_tx_msg: qmi_qmux_tx_msg failed
12-15 21:18:58.081 E/QC-QMI  (  490): qmi_ctl_handle_request: qmi_ctl_tx_msg call failed
12-15 21:18:58.081 E/QC-QMI  (  490): qmi_qmux_open_connection: connection is disabled for conn_id=29
12-15 21:18:58.081 E/QC-QMI  (  490): qmi_qmux_tx_msg: failed to open inactive connd_id=29
12-15 21:18:58.081 E/QC-QMI  (  490): qmi_qmux: TX failed, connection inactive or in reset, conn_id=29, status_flags=4
12-15 21:18:58.081 E/QC-QMI  (  490): qmi_ctl_tx_msg: qmi_qmux_tx_msg failed
12-15 21:18:58.081 E/QC-QMI  (  490): qmi_ctl_handle_request: qmi_ctl_tx_msg call failed
12-15 21:18:58.082 E/QC-QMI  (  490): qmi_qmux_open_connection: connection is disabled for conn_id=48
12-15 21:18:58.082 E/QC-QMI  (  490): qmi_qmux_tx_msg: failed to open inactive connd_id=48
12-15 21:18:58.082 E/QC-QMI  (  490): qmi_qmux: TX failed, connection inactive or in reset, conn_id=48, status_flags=4
12-15 21:18:58.082 E/QC-QMI  (  490): qmi_ctl_tx_msg: qmi_qmux_tx_msg failed
12-15 21:18:58.082 E/QC-QMI  (  490): qmi_ctl_handle_request: qmi_ctl_tx_msg call failed
12-15 21:18:58.082 E/QC-QMI  (  490): qmi_qmux_open_connection: connection is disabled for conn_id=29
12-15 21:18:58.082 E/QC-QMI  (  490): qmi_qmux_tx_msg: failed to open inactive connd_id=29
12-15 21:18:58.082 E/QC-QMI  (  490): qmi_qmux: TX failed, connection inactive or in reset, conn_id=29, status_flags=4
12-15 21:18:58.083 E/QC-QMI  (  490): qmi_ctl_tx_msg: qmi_qmux_tx_msg failed
12-15 21:18:58.083 E/QC-QMI  (  490): qmi_ctl_handle_request: qmi_ctl_tx_msg call failed
12-15 21:18:58.083 E/QC-QMI  (  490): qmi_qmux_open_connection: connection is disabled for conn_id=57
12-15 21:18:58.083 E/QC-QMI  (  490): qmi_qmux_tx_msg: failed to open inactive connd_id=57
12-15 21:18:58.083 E/QC-QMI  (  490): qmi_qmux: TX failed, connection inactive or in reset, conn_id=57, status_flags=4
12-15 21:18:58.083 E/QC-QMI  (  490): qmi_ctl_tx_msg: qmi_qmux_tx_msg failed
12-15 21:18:58.083 E/QC-QMI  (  490): qmi_ctl_handle_request: qmi_ctl_tx_msg call failed
12-15 21:18:58.084 E/QC-QMI  (  551): qmi_client [551] f: failed to locate client data
12-15 21:18:58.084 E/QC-QMI  (  490): qmi_qmux_open_connection: connection is disabled for conn_id=57
12-15 21:18:58.084 E/QC-QMI  (  490): qmi_qmux_tx_msg: failed to open inactive connd_id=57
12-15 21:18:58.084 E/QC-QMI  (  490): qmi_qmux: TX failed, connection inactive or in reset, conn_id=57, status_flags=4
12-15 21:18:58.084 E/QC-QMI  (  490): qmi_ctl_tx_msg: qmi_qmux_tx_msg failed
12-15 21:18:58.084 E/QC-QMI  (  490): qmi_ctl_handle_request: qmi_ctl_tx_msg call failed
12-15 21:18:58.085 E/QC-QMI  (  490): qmi_qmux_open_connection: connection is disabled for conn_id=29
12-15 21:18:58.085 E/QC-QMI  (  490): qmi_qmux_tx_msg: failed to open inactive connd_id=29
12-15 21:18:58.085 E/QC-QMI  (  490): qmi_qmux: TX failed, connection inactive or in reset, conn_id=29, status_flags=4
12-15 21:18:58.085 E/QC-QMI  (  490): qmi_ctl_tx_msg: qmi_qmux_tx_msg failed
12-15 21:18:58.085 E/QC-QMI  (  490): qmi_ctl_handle_request: qmi_ctl_tx_msg call failed
12-15 21:18:58.086 E/QC-QMI  (  490): qmuxd: RX on fd=20 returned error=0 errno[2:No such file or directory]
12-15 21:18:58.086 E/QC-QMI  (  490): QMUX qmux_client_id=f not found in qmux client list, unable to remove
12-15 21:18:58.087 E/QC-QMI  (  490): qmi_qmux_open_connection: connection is disabled for conn_id=29
12-15 21:18:58.087 E/QC-QMI  (  490): qmi_qmux_tx_msg: failed to open inactive connd_id=29
12-15 21:18:58.087 E/QC-QMI  (  490): qmi_qmux: TX failed, connection inactive or in reset, conn_id=29, status_flags=4
12-15 21:18:58.087 E/QC-QMI  (  490): qmi_ctl_tx_msg: qmi_qmux_tx_msg failed
12-15 21:18:58.087 E/QC-QMI  (  490): qmi_ctl_handle_request: qmi_ctl_tx_msg call failed
12-15 21:18:58.088 E/QC-QMI  (  490): qmi_qmux_open_connection: connection is disabled for conn_id=48
12-15 21:18:58.088 E/QC-QMI  (  490): qmi_qmux_tx_msg: failed to open inactive connd_id=48
12-15 21:18:58.088 E/QC-QMI  (  490): qmi_qmux: TX failed, connection inactive or in reset, conn_id=48, status_flags=4
12-15 21:18:58.088 E/QC-QMI  (  490): qmi_ctl_tx_msg: qmi_qmux_tx_msg failed
12-15 21:18:58.088 E/QC-QMI  (  490): qmi_ctl_handle_request: qmi_ctl_tx_msg call failed
12-15 21:18:58.089 E/QC-QMI  (  490): qmi_qmux_open_connection: connection is disabled for conn_id=48
12-15 21:18:58.089 E/QC-QMI  (  490): qmi_qmux_tx_msg: failed to open inactive connd_id=48
12-15 21:18:58.089 E/QC-QMI  (  490): qmi_qmux: TX failed, connection inactive or in reset, conn_id=48, status_flags=4
12-15 21:18:58.089 E/QC-QMI  (  490): qmi_ctl_tx_msg: qmi_qmux_tx_msg failed
12-15 21:18:58.089 E/QC-QMI  (  490): qmi_ctl_handle_request: qmi_ctl_tx_msg call failed
12-15 21:18:58.089 E/QC-QMI  (  490): qmi_qmux_open_connection: connection is disabled for conn_id=48
12-15 21:18:58.089 E/QC-QMI  (  490): qmi_qmux_tx_msg: failed to open inactive connd_id=48
12-15 21:18:58.089 E/QC-QMI  (  490): qmi_qmux: TX failed, connection inactive or in reset, conn_id=48, status_flags=4
12-15 21:18:58.089 E/QC-QMI  (  490): qmi_ctl_tx_msg: qmi_qmux_tx_msg failed
12-15 21:18:58.089 E/QC-QMI  (  490): qmi_ctl_handle_request: qmi_ctl_tx_msg call failed
12-15 21:18:58.089 E/QC-QMI  (  490): qmi_qmux_open_connection: connection is disabled for conn_id=57
12-15 21:18:58.089 E/QC-QMI  (  490): qmi_qmux_tx_msg: failed to open inactive connd_id=57
12-15 21:18:58.089 E/QC-QMI  (  490): qmi_qmux: TX failed, connection inactive or in reset, conn_id=57, status_flags=4
12-15 21:18:58.089 E/QC-QMI  (  490): qmi_ctl_tx_msg: qmi_qmux_tx_msg failed
12-15 21:18:58.089 E/QC-QMI  (  490): qmi_ctl_handle_request: qmi_ctl_tx_msg call failed
12-15 21:18:58.090 E/QC-QMI  (  490): qmi_qmux_open_connection: connection is disabled for conn_id=57
12-15 21:18:58.090 E/QC-QMI  (  490): qmi_qmux_tx_msg: failed to open inactive connd_id=57
12-15 21:18:58.090 E/QC-QMI  (  490): qmi_qmux: TX failed, connection inactive or in reset, conn_id=57, status_flags=4
12-15 21:18:58.090 E/QC-QMI  (  490): qmi_ctl_tx_msg: qmi_qmux_tx_msg failed
12-15 21:18:58.090 E/QC-QMI  (  490): qmi_ctl_handle_request: qmi_ctl_tx_msg call failed
12-15 21:18:58.090 E/QC-QMI  (  490): qmi_qmux_open_connection: connection is disabled for conn_id=48
12-15 21:18:58.090 E/QC-QMI  (  490): qmi_qmux_tx_msg: failed to open inactive connd_id=48
12-15 21:18:58.090 E/QC-QMI  (  490): qmi_qmux: TX failed, connection inactive or in reset, conn_id=48, status_flags=4
12-15 21:18:58.090 E/QC-QMI  (  490): qmi_ctl_tx_msg: qmi_qmux_tx_msg failed
12-15 21:18:58.090 E/QC-QMI  (  490): qmi_ctl_handle_request: qmi_ctl_tx_msg call failed
12-15 21:18:58.098 E/QC-QMI  (  490): qmi_qmux_open_connection: connection is disabled for conn_id=29
12-15 21:18:58.098 E/QC-QMI  (  490): qmi_qmux_tx_msg: failed to open inactive connd_id=29
12-15 21:18:58.098 E/QC-QMI  (  490): qmi_qmux: TX failed, connection inactive or in reset, conn_id=29, status_flags=4
12-15 21:18:58.098 E/QC-QMI  (  490): qmi_ctl_tx_msg: qmi_qmux_tx_msg failed
12-15 21:18:58.098 E/QC-QMI  (  490): qmi_ctl_handle_request: qmi_ctl_tx_msg call failed
12-15 21:18:58.098 E/QC-QMI  (  490): qmi_qmux_open_connection: connection is disabled for conn_id=29
12-15 21:18:58.098 E/QC-QMI  (  490): qmi_qmux_tx_msg: failed to open inactive connd_id=29
12-15 21:18:58.099 E/QC-QMI  (  490): qmi_qmux: TX failed, connection inactive or in reset, conn_id=29, status_flags=4
12-15 21:18:58.099 E/QC-QMI  (  490): qmi_ctl_tx_msg: qmi_qmux_tx_msg failed
12-15 21:18:58.099 E/QC-QMI  (  490): qmi_ctl_handle_request: qmi_ctl_tx_msg call failed
12-15 21:18:58.099 E/QC-QMI  (  551): qmi_client [551] 10: failed to locate client data
12-15 21:18:58.108 E/QC-QMI  (  490): qmi_qmux_open_connection: connection is disabled for conn_id=48
12-15 21:18:58.108 E/QC-QMI  (  490): qmi_qmux_tx_msg: failed to open inactive connd_id=48
12-15 21:18:58.108 E/QC-QMI  (  490): qmi_qmux: TX failed, connection inactive or in reset, conn_id=48, status_flags=4
12-15 21:18:58.108 E/QC-QMI  (  490): qmi_ctl_tx_msg: qmi_qmux_tx_msg failed
12-15 21:18:58.108 E/QC-QMI  (  490): qmi_ctl_handle_request: qmi_ctl_tx_msg call failed
12-15 21:18:58.108 E/QC-QMI  (  490): qmuxd: RX on fd=20 returned error=0 errno[2:No such file or directory]
12-15 21:18:58.108 E/QC-QMI  (  490): QMUX qmux_client_id=10 not found in qmux client list, unable to remove
12-15 21:18:58.109 E/QC-QMI  (  490): qmi_qmux_open_connection: connection is disabled for conn_id=48
12-15 21:18:58.109 E/QC-QMI  (  490): qmi_qmux_tx_msg: failed to open inactive connd_id=48
12-15 21:18:58.109 E/QC-QMI  (  490): qmi_qmux: TX failed, connection inactive or in reset, conn_id=48, status_flags=4
12-15 21:18:58.109 E/QC-QMI  (  490): qmi_ctl_tx_msg: qmi_qmux_tx_msg failed
12-15 21:18:58.109 E/QC-QMI  (  490): qmi_ctl_handle_request: qmi_ctl_tx_msg call failed
12-15 21:18:58.110 E/QC-QMI  (  490): qmi_qmux_open_connection: connection is disabled for conn_id=57
12-15 21:18:58.110 E/QC-QMI  (  490): qmi_qmux_tx_msg: failed to open inactive connd_id=57
12-15 21:18:58.110 E/QC-QMI  (  490): qmi_qmux: TX failed, connection inactive or in reset, conn_id=57, status_flags=4
12-15 21:18:58.110 E/QC-QMI  (  490): qmi_ctl_tx_msg: qmi_qmux_tx_msg failed
12-15 21:18:58.110 E/QC-QMI  (  490): qmi_ctl_handle_request: qmi_ctl_tx_msg call failed
12-15 21:18:58.110 E/QC-QMI  (  490): qmi_qmux_open_connection: connection is disabled for conn_id=57
12-15 21:18:58.110 E/QC-QMI  (  490): qmi_qmux_tx_msg: failed to open inactive connd_id=57
12-15 21:18:58.110 E/QC-QMI  (  490): qmi_qmux: TX failed, connection inactive or in reset, conn_id=57, status_flags=4
12-15 21:18:58.110 E/QC-QMI  (  490): qmi_ctl_tx_msg: qmi_qmux_tx_msg failed
12-15 21:18:58.111 E/QC-QMI  (  490): qmi_ctl_handle_request: qmi_ctl_tx_msg call failed
12-15 21:18:58.111 E/QC-QMI  (  490): qmi_qmux_open_connection: connection is disabled for conn_id=57
12-15 21:18:58.111 E/QC-QMI  (  490): qmi_qmux_tx_msg: failed to open inactive connd_id=57
12-15 21:18:58.111 E/QC-QMI  (  490): qmi_qmux: TX failed, connection inactive or in reset, conn_id=57, status_flags=4
12-15 21:18:58.111 E/QC-QMI  (  490): qmi_ctl_tx_msg: qmi_qmux_tx_msg failed
12-15 21:18:58.111 E/QC-QMI  (  490): qmi_ctl_handle_request: qmi_ctl_tx_msg call failed
12-15 21:18:58.112 E/QC-QMI  (  490): qmi_qmux_open_connection: connection is disabled for conn_id=29
12-15 21:18:58.112 E/QC-QMI  (  490): qmi_qmux_tx_msg: failed to open inactive connd_id=29
12-15 21:18:58.112 E/QC-QMI  (  490): qmi_qmux: TX failed, connection inactive or in reset, conn_id=29, status_flags=4
12-15 21:18:58.112 E/QC-QMI  (  490): qmi_ctl_tx_msg: qmi_qmux_tx_msg failed
12-15 21:18:58.112 E/QC-QMI  (  490): qmi_ctl_handle_request: qmi_ctl_tx_msg call failed
12-15 21:18:58.112 E/QC-QMI  (  490): qmi_qmux_open_connection: connection is disabled for conn_id=57
12-15 21:18:58.112 E/QC-QMI  (  490): qmi_qmux_tx_msg: failed to open inactive connd_id=57
12-15 21:18:58.112 E/QC-QMI  (  490): qmi_qmux: TX failed, connection inactive or in reset, conn_id=57, status_flags=4
12-15 21:18:58.112 E/QC-QMI  (  490): qmi_ctl_tx_msg: qmi_qmux_tx_msg failed
12-15 21:18:58.112 E/QC-QMI  (  490): qmi_ctl_handle_request: qmi_ctl_tx_msg call failed
12-15 21:18:58.113 E/QC-QMI  (  490): qmi_qmux_open_connection: connection is disabled for conn_id=29
12-15 21:18:58.113 E/QC-QMI  (  490): qmi_qmux_tx_msg: failed to open inactive connd_id=29
12-15 21:18:58.113 E/QC-QMI  (  490): qmi_qmux: TX failed, connection inactive or in reset, conn_id=29, status_flags=4
12-15 21:18:58.113 E/QC-QMI  (  490): qmi_ctl_tx_msg: qmi_qmux_tx_msg failed
12-15 21:18:58.113 E/QC-QMI  (  490): qmi_ctl_handle_request: qmi_ctl_tx_msg call failed
12-15 21:18:58.114 E/QC-QMI  (  490): qmi_qmux_open_connection: connection is disabled for conn_id=48
12-15 21:18:58.114 E/QC-QMI  (  490): qmi_qmux_tx_msg: failed to open inactive connd_id=48
12-15 21:18:58.114 E/QC-QMI  (  490): qmi_qmux: TX failed, connection inactive or in reset, conn_id=48, status_flags=4
12-15 21:18:58.114 E/QC-QMI  (  490): qmi_ctl_tx_msg: qmi_qmux_tx_msg failed
12-15 21:18:58.114 E/QC-QMI  (  490): qmi_ctl_handle_request: qmi_ctl_tx_msg call failed
12-15 21:18:58.115 E/QC-QMI  (  551): qmi_client [551] 11: failed to locate client data
12-15 21:18:58.115 E/QC-QMI  (  490): qmi_qmux_open_connection: connection is disabled for conn_id=48
12-15 21:18:58.115 E/QC-QMI  (  490): qmi_qmux_tx_msg: failed to open inactive connd_id=48
12-15 21:18:58.115 E/QC-QMI  (  490): qmi_qmux: TX failed, connection inactive or in reset, conn_id=48, status_flags=4
12-15 21:18:58.115 E/QC-QMI  (  490): qmi_ctl_tx_msg: qmi_qmux_tx_msg failed
12-15 21:18:58.115 E/QC-QMI  (  490): qmi_ctl_handle_request: qmi_ctl_tx_msg call failed
12-15 21:18:58.115 E/QC-QMI  (  490): qmuxd: RX on fd=20 returned error=0 errno[2:No such file or directory]
12-15 21:18:58.115 E/QC-QMI  (  490): QMUX qmux_client_id=11 not found in qmux client list, unable to remove
12-15 21:18:58.116 E/QC-QMI  (  490): qmi_qmux_open_connection: connection is disabled for conn_id=57
12-15 21:18:58.116 E/QC-QMI  (  490): qmi_qmux_tx_msg: failed to open inactive connd_id=57
12-15 21:18:58.116 E/QC-QMI  (  490): qmi_qmux: TX failed, connection inactive or in reset, conn_id=57, status_flags=4
12-15 21:18:58.116 E/QC-QMI  (  490): qmi_ctl_tx_msg: qmi_qmux_tx_msg failed
12-15 21:18:58.116 E/QC-QMI  (  490): qmi_ctl_handle_request: qmi_ctl_tx_msg call failed
12-15 21:18:58.117 E/QC-QMI  (  490): qmi_qmux_open_connection: connection is disabled for conn_id=57
12-15 21:18:58.117 E/QC-QMI  (  490): qmi_qmux_tx_msg: failed to open inactive connd_id=57
12-15 21:18:58.117 E/QC-QMI  (  490): qmi_qmux: TX failed, connection inactive or in reset, conn_id=57, status_flags=4
12-15 21:18:58.117 E/QC-QMI  (  490): qmi_ctl_tx_msg: qmi_qmux_tx_msg failed
12-15 21:18:58.117 E/QC-QMI  (  490): qmi_ctl_handle_request: qmi_ctl_tx_msg call failed
12-15 21:18:58.118 E/QC-QMI  (  490): qmi_qmux_open_connection: connection is disabled for conn_id=29
12-15 21:18:58.118 E/QC-QMI  (  490): qmi_qmux_tx_msg: failed to open inactive connd_id=29
12-15 21:18:58.118 E/QC-QMI  (  490): qmi_qmux: TX failed, connection inactive or in reset, conn_id=29, status_flags=4
12-15 21:18:58.118 E/QC-QMI  (  490): qmi_ctl_tx_msg: qmi_qmux_tx_msg failed
12-15 21:18:58.118 E/QC-QMI  (  490): qmi_ctl_handle_request: qmi_ctl_tx_msg call failed
12-15 21:18:58.118 E/QC-QMI  (  490): qmi_qmux_open_connection: connection is disabled for conn_id=29
12-15 21:18:58.118 E/QC-QMI  (  490): qmi_qmux_tx_msg: failed to open inactive connd_id=29
12-15 21:18:58.118 E/QC-QMI  (  490): qmi_qmux: TX failed, connection inactive or in reset, conn_id=29, status_flags=4
12-15 21:18:58.119 E/QC-QMI  (  490): qmi_ctl_tx_msg: qmi_qmux_tx_msg failed
12-15 21:18:58.119 E/QC-QMI  (  490): qmi_ctl_handle_request: qmi_ctl_tx_msg call failed
12-15 21:18:58.119 E/QC-QMI  (  490): qmi_qmux_open_connection: connection is disabled for conn_id=48
12-15 21:18:58.119 E/QC-QMI  (  490): qmi_qmux_tx_msg: failed to open inactive connd_id=48
12-15 21:18:58.119 E/QC-QMI  (  490): qmi_qmux: TX failed, connection inactive or in reset, conn_id=48, status_flags=4
12-15 21:18:58.119 E/QC-QMI  (  490): qmi_ctl_tx_msg: qmi_qmux_tx_msg failed
12-15 21:18:58.119 E/QC-QMI  (  490): qmi_ctl_handle_request: qmi_ctl_tx_msg call failed
12-15 21:18:58.122 E/QC-QMI  (  490): qmi_qmux_open_connection: connection is disabled for conn_id=48
12-15 21:18:58.122 E/QC-QMI  (  490): qmi_qmux_tx_msg: failed to open inactive connd_id=48
12-15 21:18:58.122 E/QC-QMI  (  490): qmi_qmux: TX failed, connection inactive or in reset, conn_id=48, status_flags=4
12-15 21:18:58.122 E/QC-QMI  (  490): qmi_ctl_tx_msg: qmi_qmux_tx_msg failed
12-15 21:18:58.122 E/QC-QMI  (  490): qmi_ctl_handle_request: qmi_ctl_tx_msg call failed
12-15 21:18:58.122 E/QC-QMI  (  490): qmi_qmux_open_connection: connection is disabled for conn_id=29
12-15 21:18:58.123 E/QC-QMI  (  490): qmi_qmux_tx_msg: failed to open inactive connd_id=29
12-15 21:18:58.123 E/QC-QMI  (  490): qmi_qmux: TX failed, connection inactive or in reset, conn_id=29, status_flags=4
12-15 21:18:58.123 E/QC-QMI  (  490): qmi_ctl_tx_msg: qmi_qmux_tx_msg failed
12-15 21:18:58.123 E/QC-QMI  (  490): qmi_ctl_handle_request: qmi_ctl_tx_msg call failed
12-15 21:18:58.123 E/QC-QMI  (  490): qmi_qmux_open_connection: connection is disabled for conn_id=57
12-15 21:18:58.123 E/QC-QMI  (  490): qmi_qmux_tx_msg: failed to open inactive connd_id=57
12-15 21:18:58.123 E/QC-QMI  (  490): qmi_qmux: TX failed, connection inactive or in reset, conn_id=57, status_flags=4
12-15 21:18:58.123 E/QC-QMI  (  490): qmi_ctl_tx_msg: qmi_qmux_tx_msg failed
12-15 21:18:58.123 E/QC-QMI  (  490): qmi_ctl_handle_request: qmi_ctl_tx_msg call failed
12-15 21:18:58.124 E/QC-QMI  (  490): qmi_qmux_open_connection: connection is disabled for conn_id=29
12-15 21:18:58.124 E/QC-QMI  (  490): qmi_qmux_tx_msg: failed to open inactive connd_id=29
12-15 21:18:58.124 E/QC-QMI  (  490): qmi_qmux: TX failed, connection inactive or in reset, conn_id=29, status_flags=4
12-15 21:18:58.124 E/QC-QMI  (  490): qmi_ctl_tx_msg: qmi_qmux_tx_msg failed
12-15 21:18:58.124 E/QC-QMI  (  490): qmi_ctl_handle_request: qmi_ctl_tx_msg call failed
12-15 21:18:58.124 E/QC-QMI  (  490): qmi_qmux_open_connection: connection is disabled for conn_id=57
12-15 21:18:58.124 E/QC-QMI  (  490): qmi_qmux_tx_msg: failed to open inactive connd_id=57
12-15 21:18:58.124 E/QC-QMI  (  490): qmi_qmux: TX failed, connection inactive or in reset, conn_id=57, status_flags=4
12-15 21:18:58.124 E/QC-QMI  (  490): qmi_ctl_tx_msg: qmi_qmux_tx_msg failed
12-15 21:18:58.124 E/QC-QMI  (  490): qmi_ctl_handle_request: qmi_ctl_tx_msg call failed
12-15 21:18:58.124 E/QC-QMI  (  490): qmi_qmux_open_connection: connection is disabled for conn_id=48
12-15 21:18:58.124 E/QC-QMI  (  490): qmi_qmux_tx_msg: failed to open inactive connd_id=48
12-15 21:18:58.124 E/QC-QMI  (  490): qmi_qmux: TX failed, connection inactive or in reset, conn_id=48, status_flags=4
12-15 21:18:58.125 E/QC-QMI  (  490): qmi_ctl_tx_msg: qmi_qmux_tx_msg failed
12-15 21:18:58.125 E/QC-QMI  (  490): qmi_ctl_handle_request: qmi_ctl_tx_msg call failed
12-15 21:18:58.125 E/QC-QMI  (  490): qmi_qmux_open_connection: connection is disabled for conn_id=29
12-15 21:18:58.125 E/QC-QMI  (  490): qmi_qmux_tx_msg: failed to open inactive connd_id=29
12-15 21:18:58.125 E/QC-QMI  (  490): qmi_qmux: TX failed, connection inactive or in reset, conn_id=29, status_flags=4
12-15 21:18:58.125 E/QC-QMI  (  490): qmi_ctl_tx_msg: qmi_qmux_tx_msg failed
12-15 21:18:58.125 E/QC-QMI  (  490): qmi_ctl_handle_request: qmi_ctl_tx_msg call failed
12-15 21:18:58.125 E/QC-QMI  (  490): qmi_qmux_open_connection: connection is disabled for conn_id=48
12-15 21:18:58.125 E/QC-QMI  (  490): qmi_qmux_tx_msg: failed to open inactive connd_id=48
12-15 21:18:58.125 E/QC-QMI  (  490): qmi_qmux: TX failed, connection inactive or in reset, conn_id=48, status_flags=4
12-15 21:18:58.125 E/QC-QMI  (  490): qmi_ctl_tx_msg: qmi_qmux_tx_msg failed
12-15 21:18:58.125 E/QC-QMI  (  490): qmi_ctl_handle_request: qmi_ctl_tx_msg call failed
12-15 21:18:58.126 E/QC-QMI  (  490): qmi_qmux_open_connection: connection is disabled for conn_id=29
12-15 21:18:58.126 E/QC-QMI  (  490): qmi_qmux_tx_msg: failed to open inactive connd_id=29
12-15 21:18:58.126 E/QC-QMI  (  490): qmi_qmux: TX failed, connection inactive or in reset, conn_id=29, status_flags=4
12-15 21:18:58.126 E/QC-QMI  (  490): qmi_ctl_tx_msg: qmi_qmux_tx_msg failed
12-15 21:18:58.126 E/QC-QMI  (  490): qmi_ctl_handle_request: qmi_ctl_tx_msg call failed
12-15 21:18:58.126 E/QC-QMI  (  490): qmi_qmux_open_connection: connection is disabled for conn_id=57
12-15 21:18:58.127 E/QC-QMI  (  490): qmi_qmux_tx_msg: failed to open inactive connd_id=57
12-15 21:18:58.127 E/QC-QMI  (  490): qmi_qmux: TX failed, connection inactive or in reset, conn_id=57, status_flags=4
12-15 21:18:58.127 E/QC-QMI  (  490): qmi_ctl_tx_msg: qmi_qmux_tx_msg failed
12-15 21:18:58.127 E/QC-QMI  (  490): qmi_ctl_handle_request: qmi_ctl_tx_msg call failed
12-15 21:18:58.127 E/QC-QMI  (  490): qmi_qmux_open_connection: connection is disabled for conn_id=48
12-15 21:18:58.127 E/QC-QMI  (  490): qmi_qmux_tx_msg: failed to open inactive connd_id=48
12-15 21:18:58.127 E/QC-QMI  (  490): qmi_qmux: TX failed, connection inactive or in reset, conn_id=48, status_flags=4
12-15 21:18:58.127 E/QC-QMI  (  490): qmi_ctl_tx_msg: qmi_qmux_tx_msg failed
12-15 21:18:58.127 E/QC-QMI  (  490): qmi_ctl_handle_request: qmi_ctl_tx_msg call failed
12-15 21:18:58.128 E/QC-QMI  (  490): qmi_qmux_open_connection: connection is disabled for conn_id=57
12-15 21:18:58.128 E/QC-QMI  (  490): qmi_qmux_tx_msg: failed to open inactive connd_id=57
12-15 21:18:58.128 E/QC-QMI  (  490): qmi_qmux: TX failed, connection inactive or in reset, conn_id=57, status_flags=4
12-15 21:18:58.128 E/QC-QMI  (  490): qmi_ctl_tx_msg: qmi_qmux_tx_msg failed
12-15 21:18:58.128 E/QC-QMI  (  490): qmi_ctl_handle_request: qmi_ctl_tx_msg call failed
12-15 21:18:58.128 E/QC-QMI  (  490): qmi_qmux_open_connection: connection is disabled for conn_id=48
12-15 21:18:58.128 E/QC-QMI  (  490): qmi_qmux_tx_msg: failed to open inactive connd_id=48
12-15 21:18:58.128 E/QC-QMI  (  490): qmi_qmux: TX failed, connection inactive or in reset, conn_id=48, status_flags=4
12-15 21:18:58.128 E/QC-QMI  (  490): qmi_ctl_tx_msg: qmi_qmux_tx_msg failed
12-15 21:18:58.128 E/QC-QMI  (  490): qmi_ctl_handle_request: qmi_ctl_tx_msg call failed
12-15 21:18:58.129 E/QC-QMI  (  490): qmi_qmux_open_connection: connection is disabled for conn_id=29
12-15 21:18:58.129 E/QC-QMI  (  490): qmi_qmux_tx_msg: failed to open inactive connd_id=29
12-15 21:18:58.129 E/QC-QMI  (  490): qmi_qmux: TX failed, connection inactive or in reset, conn_id=29, status_flags=4
12-15 21:18:58.129 E/QC-QMI  (  490): qmi_ctl_tx_msg: qmi_qmux_tx_msg failed
12-15 21:18:58.129 E/QC-QMI  (  490): qmi_ctl_handle_request: qmi_ctl_tx_msg call failed
12-15 21:18:58.129 E/QC-QMI  (  490): qmi_qmux_open_connection: connection is disabled for conn_id=57
12-15 21:18:58.129 E/QC-QMI  (  490): qmi_qmux_tx_msg: failed to open inactive connd_id=57
12-15 21:18:58.129 E/QC-QMI  (  490): qmi_qmux: TX failed, connection inactive or in reset, conn_id=57, status_flags=4
12-15 21:18:58.129 E/QC-QMI  (  490): qmi_ctl_tx_msg: qmi_qmux_tx_msg failed
12-15 21:18:58.129 E/QC-QMI  (  490): qmi_ctl_handle_request: qmi_ctl_tx_msg call failed
12-15 21:18:58.130 E/QC-QMI  (  490): qmi_qmux_open_connection: connection is disabled for conn_id=29
12-15 21:18:58.130 E/QC-QMI  (  490): qmi_qmux_tx_msg: failed to open inactive connd_id=29
12-15 21:18:58.130 E/QC-QMI  (  490): qmi_qmux: TX failed, connection inactive or in reset, conn_id=29, status_flags=4
12-15 21:18:58.130 E/QC-QMI  (  490): qmi_ctl_tx_msg: qmi_qmux_tx_msg failed
12-15 21:18:58.130 E/QC-QMI  (  490): qmi_ctl_handle_request: qmi_ctl_tx_msg call failed
12-15 21:18:58.130 E/QC-QMI  (  490): qmi_qmux_open_connection: connection is disabled for conn_id=57
12-15 21:18:58.130 E/QC-QMI  (  490): qmi_qmux_tx_msg: failed to open inactive connd_id=57
12-15 21:18:58.130 E/QC-QMI  (  490): qmi_qmux: TX failed, connection inactive or in reset, conn_id=57, status_flags=4
12-15 21:18:58.130 E/QC-QMI  (  490): qmi_ctl_tx_msg: qmi_qmux_tx_msg failed
12-15 21:18:58.130 E/QC-QMI  (  490): qmi_ctl_handle_request: qmi_ctl_tx_msg call failed
12-15 21:18:58.131 E/QC-QMI  (  490): qmi_qmux_open_connection: connection is disabled for conn_id=48
12-15 21:18:58.131 E/QC-QMI  (  490): qmi_qmux_tx_msg: failed to open inactive connd_id=48
12-15 21:18:58.131 E/QC-QMI  (  490): qmi_qmux: TX failed, connection inactive or in reset, conn_id=48, status_flags=4
12-15 21:18:58.131 E/QC-QMI  (  490): qmi_ctl_tx_msg: qmi_qmux_tx_msg failed
12-15 21:18:58.131 E/QC-QMI  (  490): qmi_ctl_handle_request: qmi_ctl_tx_msg call failed
12-15 21:18:58.131 E/QC-QMI  (  490): qmi_qmux_open_connection: connection is disabled for conn_id=48
12-15 21:18:58.131 E/QC-QMI  (  490): qmi_qmux_tx_msg: failed to open inactive connd_id=48
12-15 21:18:58.131 E/QC-QMI  (  490): qmi_qmux: TX failed, connection inactive or in reset, conn_id=48, status_flags=4
12-15 21:18:58.131 E/QC-QMI  (  490): qmi_ctl_tx_msg: qmi_qmux_tx_msg failed
12-15 21:18:58.132 E/QC-QMI  (  490): qmi_ctl_handle_request: qmi_ctl_tx_msg call failed
12-15 21:18:58.132 E/QC-QMI  (  490): qmi_qmux_open_connection: connection is disabled for conn_id=57
12-15 21:18:58.132 E/QC-QMI  (  490): qmi_qmux_tx_msg: failed to open inactive connd_id=57
12-15 21:18:58.132 E/QC-QMI  (  490): qmi_qmux: TX failed, connection inactive or in reset, conn_id=57, status_flags=4
12-15 21:18:58.132 E/QC-QMI  (  490): qmi_ctl_tx_msg: qmi_qmux_tx_msg failed
12-15 21:18:58.132 E/QC-QMI  (  490): qmi_ctl_handle_request: qmi_ctl_tx_msg call failed
12-15 21:18:58.134 E/QC-QMI  (  490): qmi_qmux_open_connection: connection is disabled for conn_id=57
12-15 21:18:58.134 E/QC-QMI  (  490): qmi_qmux_tx_msg: failed to open inactive connd_id=57
12-15 21:18:58.135 E/QC-QMI  (  490): qmi_qmux: TX failed, connection inactive or in reset, conn_id=57, status_flags=4
12-15 21:18:58.135 E/QC-QMI  (  490): qmi_ctl_tx_msg: qmi_qmux_tx_msg failed
12-15 21:18:58.135 E/QC-QMI  (  490): qmi_ctl_handle_request: qmi_ctl_tx_msg call failed
12-15 21:18:58.135 E/QC-QMI  (  490): qmi_qmux_open_connection: connection is disabled for conn_id=29
12-15 21:18:58.135 E/QC-QMI  (  490): qmi_qmux_tx_msg: failed to open inactive connd_id=29
12-15 21:18:58.135 E/QC-QMI  (  490): qmi_qmux: TX failed, connection inactive or in reset, conn_id=29, status_flags=4
12-15 21:18:58.135 E/QC-QMI  (  490): qmi_ctl_tx_msg: qmi_qmux_tx_msg failed
12-15 21:18:58.135 E/QC-QMI  (  490): qmi_ctl_handle_request: qmi_ctl_tx_msg call failed
12-15 21:18:58.139 E/QC-QMI  (  490): qmi_qmux_open_connection: connection is disabled for conn_id=29
12-15 21:18:58.139 E/QC-QMI  (  490): qmi_qmux_tx_msg: failed to open inactive connd_id=29
12-15 21:18:58.139 E/QC-QMI  (  490): qmi_qmux: TX failed, connection inactive or in reset, conn_id=29, status_flags=4
12-15 21:18:58.139 E/QC-QMI  (  490): qmi_ctl_tx_msg: qmi_qmux_tx_msg failed
12-15 21:18:58.139 E/QC-QMI  (  490): qmi_ctl_handle_request: qmi_ctl_tx_msg call failed
12-15 21:18:58.141 E/QC-QMI  (  490): qmi_qmux_open_connection: connection is disabled for conn_id=48
12-15 21:18:58.141 E/QC-QMI  (  490): qmi_qmux_tx_msg: failed to open inactive connd_id=48
12-15 21:18:58.141 E/QC-QMI  (  490): qmi_qmux: TX failed, connection inactive or in reset, conn_id=48, status_flags=4
12-15 21:18:58.141 E/QC-QMI  (  490): qmi_ctl_tx_msg: qmi_qmux_tx_msg failed
12-15 21:18:58.141 E/QC-QMI  (  490): qmi_ctl_handle_request: qmi_ctl_tx_msg call failed
12-15 21:18:58.142 E/QC-QMI  (  490): qmi_qmux_open_connection: connection is disabled for conn_id=48
12-15 21:18:58.142 E/QC-QMI  (  490): qmi_qmux_tx_msg: failed to open inactive connd_id=48
12-15 21:18:58.142 E/QC-QMI  (  490): qmi_qmux: TX failed, connection inactive or in reset, conn_id=48, status_flags=4
12-15 21:18:58.142 E/QC-QMI  (  490): qmi_ctl_tx_msg: qmi_qmux_tx_msg failed
12-15 21:18:58.142 E/QC-QMI  (  490): qmi_ctl_handle_request: qmi_ctl_tx_msg call failed
12-15 21:18:58.143 E/QC-QMI  (  490): qmi_qmux_open_connection: connection is disabled for conn_id=57
12-15 21:18:58.143 E/QC-QMI  (  490): qmi_qmux_tx_msg: failed to open inactive connd_id=57
12-15 21:18:58.143 E/QC-QMI  (  490): qmi_qmux: TX failed, connection inactive or in reset, conn_id=57, status_flags=4
12-15 21:18:58.143 E/QC-QMI  (  490): qmi_ctl_tx_msg: qmi_qmux_tx_msg failed
12-15 21:18:58.143 E/QC-QMI  (  490): qmi_ctl_handle_request: qmi_ctl_tx_msg call failed
12-15 21:18:58.145 E/QC-QMI  (  490): qmi_qmux_open_connection: connection is disabled for conn_id=57
12-15 21:18:58.145 E/QC-QMI  (  490): qmi_qmux_tx_msg: failed to open inactive connd_id=57
12-15 21:18:58.145 E/QC-QMI  (  490): qmi_qmux: TX failed, connection inactive or in reset, conn_id=57, status_flags=4
12-15 21:18:58.145 E/QC-QMI  (  490): qmi_ctl_tx_msg: qmi_qmux_tx_msg failed
12-15 21:18:58.145 E/QC-QMI  (  490): qmi_ctl_handle_request: qmi_ctl_tx_msg call failed
12-15 21:18:58.145 E/QC-QMI  (  490): qmi_qmux_open_connection: connection is disabled for conn_id=29
12-15 21:18:58.145 E/QC-QMI  (  490): qmi_qmux_tx_msg: failed to open inactive connd_id=29
12-15 21:18:58.146 E/QC-QMI  (  490): qmi_qmux: TX failed, connection inactive or in reset, conn_id=29, status_flags=4
12-15 21:18:58.146 E/QC-QMI  (  490): qmi_ctl_tx_msg: qmi_qmux_tx_msg failed
12-15 21:18:58.146 E/QC-QMI  (  490): qmi_ctl_handle_request: qmi_ctl_tx_msg call failed
12-15 21:18:58.146 E/QC-QMI  (  490): qmi_qmux_open_connection: connection is disabled for conn_id=29
12-15 21:18:58.146 E/QC-QMI  (  490): qmi_qmux_tx_msg: failed to open inactive connd_id=29
12-15 21:18:58.146 E/QC-QMI  (  490): qmi_qmux: TX failed, connection inactive or in reset, conn_id=29, status_flags=4
12-15 21:18:58.146 E/QC-QMI  (  490): qmi_ctl_tx_msg: qmi_qmux_tx_msg failed
12-15 21:18:58.146 E/QC-QMI  (  490): qmi_ctl_handle_request: qmi_ctl_tx_msg call failed
12-15 21:18:58.147 E/slim_daemon(  579): [NDK] bindNDKSensors: Sensor server is unavailable.
12-15 21:18:58.147 E/QC-QMI  (  490): qmi_qmux_open_connection: connection is disabled for conn_id=48
12-15 21:18:58.147 E/QC-QMI  (  490): qmi_qmux_tx_msg: failed to open inactive connd_id=48
12-15 21:18:58.147 E/QC-QMI  (  490): qmi_qmux: TX failed, connection inactive or in reset, conn_id=48, status_flags=4
12-15 21:18:58.147 E/QC-QMI  (  490): qmi_ctl_tx_msg: qmi_qmux_tx_msg failed
12-15 21:18:58.147 E/QC-QMI  (  490): qmi_ctl_handle_request: qmi_ctl_tx_msg call failed
12-15 21:18:58.148 E/QC-QMI  (  490): qmi_qmux_open_connection: connection is disabled for conn_id=48
12-15 21:18:58.148 E/QC-QMI  (  490): qmi_qmux_tx_msg: failed to open inactive connd_id=48
12-15 21:18:58.148 E/QC-QMI  (  490): qmi_qmux: TX failed, connection inactive or in reset, conn_id=48, status_flags=4
12-15 21:18:58.148 E/QC-QMI  (  490): qmi_ctl_tx_msg: qmi_qmux_tx_msg failed
12-15 21:18:58.148 E/QC-QMI  (  490): qmi_ctl_handle_request: qmi_ctl_tx_msg call failed
12-15 21:18:58.149 E/QC-QMI  (  490): qmi_qmux_open_connection: connection is disabled for conn_id=57
12-15 21:18:58.149 E/QC-QMI  (  490): qmi_qmux_tx_msg: failed to open inactive connd_id=57
12-15 21:18:58.149 E/QC-QMI  (  490): qmi_qmux: TX failed, connection inactive or in reset, conn_id=57, status_flags=4
12-15 21:18:58.149 E/QC-QMI  (  490): qmi_ctl_tx_msg: qmi_qmux_tx_msg failed
12-15 21:18:58.149 E/QC-QMI  (  490): qmi_ctl_handle_request: qmi_ctl_tx_msg call failed
12-15 21:18:58.150 E/QC-QMI  (  490): qmi_qmux_open_connection: connection is disabled for conn_id=57
12-15 21:18:58.150 E/QC-QMI  (  490): qmi_qmux_tx_msg: failed to open inactive connd_id=57
12-15 21:18:58.150 E/QC-QMI  (  490): qmi_qmux: TX failed, connection inactive or in reset, conn_id=57, status_flags=4
12-15 21:18:58.150 E/QC-QMI  (  490): qmi_ctl_tx_msg: qmi_qmux_tx_msg failed
12-15 21:18:58.150 E/QC-QMI  (  490): qmi_ctl_handle_request: qmi_ctl_tx_msg call failed
12-15 21:18:58.151 E/QC-QMI  (  490): qmi_qmux_open_connection: connection is disabled for conn_id=29
12-15 21:18:58.151 E/QC-QMI  (  490): qmi_qmux_tx_msg: failed to open inactive connd_id=29
12-15 21:18:58.151 E/QC-QMI  (  490): qmi_qmux: TX failed, connection inactive or in reset, conn_id=29, status_flags=4
12-15 21:18:58.151 E/QC-QMI  (  490): qmi_ctl_tx_msg: qmi_qmux_tx_msg failed
12-15 21:18:58.151 E/QC-QMI  (  490): qmi_ctl_handle_request: qmi_ctl_tx_msg call failed
12-15 21:18:58.152 E/QC-QMI  (  490): qmi_qmux_open_connection: connection is disabled for conn_id=29
12-15 21:18:58.152 E/QC-QMI  (  490): qmi_qmux_tx_msg: failed to open inactive connd_id=29
12-15 21:18:58.152 E/QC-QMI  (  490): qmi_qmux: TX failed, connection inactive or in reset, conn_id=29, status_flags=4
12-15 21:18:58.152 E/QC-QMI  (  490): qmi_ctl_tx_msg: qmi_qmux_tx_msg failed
12-15 21:18:58.152 E/QC-QMI  (  490): qmi_ctl_handle_request: qmi_ctl_tx_msg call failed
12-15 21:18:58.153 E/QC-QMI  (  490): qmi_qmux_open_connection: connection is disabled for conn_id=48
12-15 21:18:58.153 E/QC-QMI  (  490): qmi_qmux_tx_msg: failed to open inactive connd_id=48
12-15 21:18:58.153 E/QC-QMI  (  490): qmi_qmux: TX failed, connection inactive or in reset, conn_id=48, status_flags=4
12-15 21:18:58.153 E/QC-QMI  (  490): qmi_ctl_tx_msg: qmi_qmux_tx_msg failed
12-15 21:18:58.153 E/QC-QMI  (  490): qmi_ctl_handle_request: qmi_ctl_tx_msg call failed
12-15 21:18:58.153 E/QC-QMI  (  490): qmi_qmux_open_connection: connection is disabled for conn_id=48
12-15 21:18:58.153 E/QC-QMI  (  490): qmi_qmux_tx_msg: failed to open inactive connd_id=48
12-15 21:18:58.153 E/QC-QMI  (  490): qmi_qmux: TX failed, connection inactive or in reset, conn_id=48, status_flags=4
12-15 21:18:58.154 E/QC-QMI  (  490): qmi_ctl_tx_msg: qmi_qmux_tx_msg failed
12-15 21:18:58.154 E/QC-QMI  (  490): qmi_ctl_handle_request: qmi_ctl_tx_msg call failed
12-15 21:18:58.154 E/QC-QMI  (  490): qmi_qmux_open_connection: connection is disabled for conn_id=57
12-15 21:18:58.154 E/QC-QMI  (  490): qmi_qmux_tx_msg: failed to open inactive connd_id=57
12-15 21:18:58.154 E/QC-QMI  (  490): qmi_qmux: TX failed, connection inactive or in reset, conn_id=57, status_flags=4
12-15 21:18:58.154 E/QC-QMI  (  490): qmi_ctl_tx_msg: qmi_qmux_tx_msg failed
12-15 21:18:58.154 E/QC-QMI  (  490): qmi_ctl_handle_request: qmi_ctl_tx_msg call failed
12-15 21:18:58.155 E/QC-QMI  (  490): qmi_qmux_open_connection: connection is disabled for conn_id=57
12-15 21:18:58.155 E/QC-QMI  (  490): qmi_qmux_tx_msg: failed to open inactive connd_id=57
12-15 21:18:58.155 E/QC-QMI  (  490): qmi_qmux: TX failed, connection inactive or in reset, conn_id=57, status_flags=4
12-15 21:18:58.155 E/QC-QMI  (  490): qmi_ctl_tx_msg: qmi_qmux_tx_msg failed
12-15 21:18:58.155 E/QC-QMI  (  490): qmi_ctl_handle_request: qmi_ctl_tx_msg call failed
12-15 21:18:58.156 E/QC-QMI  (  490): qmi_qmux_open_connection: connection is disabled for conn_id=29
12-15 21:18:58.156 E/QC-QMI  (  490): qmi_qmux_tx_msg: failed to open inactive connd_id=29
12-15 21:18:58.156 E/QC-QMI  (  490): qmi_qmux: TX failed, connection inactive or in reset, conn_id=29, status_flags=4
12-15 21:18:58.156 E/QC-QMI  (  490): qmi_ctl_tx_msg: qmi_qmux_tx_msg failed
12-15 21:18:58.156 E/QC-QMI  (  490): qmi_ctl_handle_request: qmi_ctl_tx_msg call failed
12-15 21:18:58.158 E/QC-QMI  (  490): qmi_qmux_open_connection: connection is disabled for conn_id=29
12-15 21:18:58.158 E/QC-QMI  (  490): qmi_qmux_tx_msg: failed to open inactive connd_id=29
12-15 21:18:58.158 E/QC-QMI  (  490): qmi_qmux: TX failed, connection inactive or in reset, conn_id=29, status_flags=4
12-15 21:18:58.158 E/QC-QMI  (  490): qmi_ctl_tx_msg: qmi_qmux_tx_msg failed
12-15 21:18:58.158 E/QC-QMI  (  490): qmi_ctl_handle_request: qmi_ctl_tx_msg call failed
12-15 21:18:58.159 E/QC-QMI  (  490): qmi_qmux_open_connection: connection is disabled for conn_id=48
12-15 21:18:58.159 E/QC-QMI  (  490): qmi_qmux_tx_msg: failed to open inactive connd_id=48
12-15 21:18:58.159 E/QC-QMI  (  490): qmi_qmux: TX failed, connection inactive or in reset, conn_id=48, status_flags=4
12-15 21:18:58.159 E/QC-QMI  (  490): qmi_ctl_tx_msg: qmi_qmux_tx_msg failed
12-15 21:18:58.159 E/QC-QMI  (  490): qmi_ctl_handle_request: qmi_ctl_tx_msg call failed
12-15 21:18:58.160 E/QC-QMI  (  490): qmi_qmux_open_connection: connection is disabled for conn_id=48
12-15 21:18:58.160 E/QC-QMI  (  490): qmi_qmux_tx_msg: failed to open inactive connd_id=48
12-15 21:18:58.160 E/QC-QMI  (  490): qmi_qmux: TX failed, connection inactive or in reset, conn_id=48, status_flags=4
12-15 21:18:58.160 E/QC-QMI  (  490): qmi_ctl_tx_msg: qmi_qmux_tx_msg failed
12-15 21:18:58.160 E/QC-QMI  (  490): qmi_ctl_handle_request: qmi_ctl_tx_msg call failed
12-15 21:18:58.160 E/QC-QMI  (  490): qmi_qmux_open_connection: connection is disabled for conn_id=57
12-15 21:18:58.160 E/QC-QMI  (  490): qmi_qmux_tx_msg: failed to open inactive connd_id=57
12-15 21:18:58.161 E/QC-QMI  (  490): qmi_qmux: TX failed, connection inactive or in reset, conn_id=57, status_flags=4
12-15 21:18:58.161 E/QC-QMI  (  490): qmi_ctl_tx_msg: qmi_qmux_tx_msg failed
12-15 21:18:58.161 E/QC-QMI  (  490): qmi_ctl_handle_request: qmi_ctl_tx_msg call failed
12-15 21:18:58.161 E/QC-QMI  (  490): qmi_qmux_open_connection: connection is disabled for conn_id=57
12-15 21:18:58.161 E/QC-QMI  (  490): qmi_qmux_tx_msg: failed to open inactive connd_id=57
12-15 21:18:58.161 E/QC-QMI  (  490): qmi_qmux: TX failed, connection inactive or in reset, conn_id=57, status_flags=4
12-15 21:18:58.161 E/QC-QMI  (  490): qmi_ctl_tx_msg: qmi_qmux_tx_msg failed
12-15 21:18:58.161 E/QC-QMI  (  490): qmi_ctl_handle_request: qmi_ctl_tx_msg call failed
12-15 21:18:58.164 E/QC-QMI  (  490): qmi_qmux_open_connection: connection is disabled for conn_id=29
12-15 21:18:58.164 E/QC-QMI  (  490): qmi_qmux_tx_msg: failed to open inactive connd_id=29
12-15 21:18:58.164 E/QC-QMI  (  490): qmi_qmux: TX failed, connection inactive or in reset, conn_id=29, status_flags=4
12-15 21:18:58.164 E/QC-QMI  (  490): qmi_ctl_tx_msg: qmi_qmux_tx_msg failed
12-15 21:18:58.165 E/QC-QMI  (  490): qmi_ctl_handle_request: qmi_ctl_tx_msg call failed
12-15 21:18:58.165 E/QC-QMI  (  490): qmi_qmux_open_connection: connection is disabled for conn_id=29
12-15 21:18:58.166 E/QC-QMI  (  490): qmi_qmux_tx_msg: failed to open inactive connd_id=29
12-15 21:18:58.166 E/QC-QMI  (  490): qmi_qmux: TX failed, connection inactive or in reset, conn_id=29, status_flags=4
12-15 21:18:58.166 E/QC-QMI  (  490): qmi_ctl_tx_msg: qmi_qmux_tx_msg failed
12-15 21:18:58.166 E/QC-QMI  (  490): qmi_ctl_handle_request: qmi_ctl_tx_msg call failed
12-15 21:18:58.166 E/QC-QMI  (  490): qmi_qmux_open_connection: connection is disabled for conn_id=48
