--------- beginning of main
02-24 19:48:23.531 W/auditd  (  335): type=2000 audit(0.0:1): initialized
--------- beginning of system
02-24 19:48:26.537 I/vold    (  337): Vold 3.0 (the awakening) firing up
02-24 19:48:26.537 V/vold    (  337): Detected support for: ext4 vfat
02-24 19:48:26.784 I/lowmemorykiller(  367): Using in-kernel low memory killer interface
02-24 19:48:26.797 I/rmt_storage(  370): Shared memory initialised successfully.
02-24 19:48:26.809 I/rmt_storage(  370): No EBR found
02-24 19:48:26.809 I/rmt_storage(  370): Error (-1) parsing MBR partitions
02-24 19:48:26.809 I/rmt_storage(  370): Registering modemst1: 0x4a /boot/modem_fs1
02-24 19:48:26.809 I/rmt_storage(  370): Registering modemst2: 0x4b /boot/modem_fs2
02-24 19:48:26.809 I/rmt_storage(  370): Registering fsc: 0xff /boot/modem_fsc
02-24 19:48:26.809 I/rmt_storage(  370): Registering fsg: 0x58 /boot/modem_fsg
02-24 19:48:26.809 I/rmt_storage(  370): 4 GPT partitions found
02-24 19:48:26.810 I/rmt_storage(  370): Capset success!
02-24 19:48:26.815 I/MSM-irqbalance(  373): msm-irq_balance (1.3) initialized
02-24 19:48:26.815 I/MSM-irqbalance(  373): Configuration
02-24 19:48:26.815 I/MSM-irqbalance(  373): Rate: 0.2 Hz
02-24 19:48:26.815 I/MSM-irqbalance(  373): Decay Factor: 75.0
02-24 19:48:26.815 I/MSM-irqbalance(  373): Balancing Factor: 0.1
02-24 19:48:26.815 I/MSM-irqbalance(  373): Debug Log: OFF
02-24 19:48:26.815 I/MSM-irqbalance(  373): Cfg file: /vendor/etc/msm_irqbalance.conf
02-24 19:48:26.816 I/MSM-irqbalance(  373): CPU PRIO: CPU0: 1 CPU1: 1 CPU2: 1 CPU3: 1 CPU4: 0 CPU5: 0 
02-24 19:48:26.816 I/MSM-irqbalance(  373): Ignored IRQs: 20 40 200 203 155 157 
02-24 19:48:26.828 D/QSEECOMD: (  372): qseecom listener services process entry PPID = 1
02-24 19:48:26.828 E/QSEECOMD: (  372): Listener: index = 0, hierarchy = 0
02-24 19:48:26.859 D/QSEECOMD: (  372): Init dlopen(librpmb.so, RTLD_NOW) succeeds
02-24 19:48:26.859 D/QSEECOMD: (  372): Init::Init dlsym(g_FSHandle rpmb_init_service) succeeds
02-24 19:48:26.860 I/rpmb_emmc(  372): RPMB Mult = 16384, Rel_sec_cnt = 1
02-24 19:48:26.860 E/DrmLibRpmb(  372): rpmb_init succeeded! with ret = 0
02-24 19:48:26.860 D/QSEECOMD: (  372): Init rpmb_init_service ret = 0
02-24 19:48:26.860 D/QSEECOMD: (  372): RPMB system services: init (Listener ID = 8192)
02-24 19:48:26.860 E/QSEECOMD: (  372): Listener: index = 1, hierarchy = 0
02-24 19:48:26.864 D/QSEECOMD: (  372): Init dlopen(libssd.so, RTLD_NOW) succeeds
02-24 19:48:26.865 D/QSEECOMD: (  372): Init::Init dlsym(g_FSHandle ssd_init_service) succeeds
02-24 19:48:26.865 E/SSD     (  372): ssd_init_service succeeded!
02-24 19:48:26.865 D/QSEECOMD: (  372): Init ssd_init_service ret = 0
02-24 19:48:26.865 D/QSEECOMD: (  372): SSD system services: init (Listener ID = 12288)
02-24 19:48:26.865 E/QSEECOMD: (  372): Listener: index = 2, hierarchy = 0
02-24 19:48:26.865 E/QSEECOMD: (  372): Init dlopen(libsecureui.so, RLTD_NOW) is failed....
02-24 19:48:26.865 D/QSEECOMD: (  372): SEC_UI_INIT failed, shall not start secure ui listener
02-24 19:48:26.865 E/QSEECOMD: (  372): Listener: index = 5, hierarchy = 0
02-24 19:48:26.865 E/QSEECOMD: (  372): Init dlopen(libmdtp.so, RLTD_NOW) is failed....
02-24 19:48:26.865 D/QSEECOMD: (  372): ERROR: MDTP_INIT failed, shall not start MDTP listener
02-24 19:48:26.866 D/QSEECOMD: (  372): Parent qseecom daemon process paused!! 
02-24 19:48:26.866 D/QSEECOMD: (  387): qseecom listener service threads starting!!! 
02-24 19:48:26.866 D/QSEECOMD: (  387): Total listener services to start = 7
02-24 19:48:26.866 E/QSEECOMD: (  387): Listener: index = 0, hierarchy = 1
02-24 19:48:26.866 D/QSEECOMD: (  387): Init dlopen(librpmb.so, RTLD_NOW) succeeds
02-24 19:48:26.866 D/QSEECOMD: (  387): Init::Init dlsym(g_FSHandle rpmb_start) succeeds
02-24 19:48:26.866 D/QSEECOMAPI: (  387): QSEECom_register_listener 8192 sb_length = 0x5000
02-24 19:48:26.867 D/QSEECOMD: (  387): Init rpmb_start ret = 0
02-24 19:48:26.867 D/QSEECOMD: (  387): RPMB system services: Started (Listener ID = 8192)
02-24 19:48:26.867 E/QSEECOMD: (  387): Listener: index = 1, hierarchy = 1
02-24 19:48:26.867 D/QSEECOMD: (  387): Init dlopen(libssd.so, RTLD_NOW) succeeds
02-24 19:48:26.867 D/QSEECOMD: (  387): Init::Init dlsym(g_FSHandle ssd_start) succeeds
02-24 19:48:26.867 D/QSEECOMAPI: (  387): QSEECom_register_listener 12288 sb_length = 0x5000
02-24 19:48:26.867 D/QSEECOMD: (  387): Init ssd_start ret = 0
02-24 19:48:26.868 D/QSEECOMD: (  387): SSD system services: Started (Listener ID = 12288)
02-24 19:48:26.868 E/QSEECOMD: (  387): Listener: index = 2, hierarchy = 1
02-24 19:48:26.868 E/QSEECOMD: (  387): Init dlopen(libsecureui.so, RLTD_NOW) is failed....
02-24 19:48:26.868 E/QSEECOMD: (  387): Listener: index = 3, hierarchy = 1
02-24 19:48:26.869 D/QSEECOMD: (  387): Init dlopen(libdrmtime.so, RTLD_NOW) succeeds
02-24 19:48:26.870 D/QSEECOMD: (  387): Init::Init dlsym(g_FSHandle atime_start) succeeds
02-24 19:48:26.870 D/DrmLibTime(  387): QSEE Time Listener: atime_start
02-24 19:48:26.870 D/QSEECOMAPI: (  387): QSEECom_register_listener 11 sb_length = 0x5000
02-24 19:48:26.870 D/DrmLibTime(  387): registering fs service to QSEECom is done!
02-24 19:48:26.870 D/DrmLibTime(  387): begin to create a thread!
02-24 19:48:26.870 D/DrmLibTime(  387): Creating a pthread in atime_start is done! return 0
02-24 19:48:26.870 D/QSEECOMD: (  387): Init atime_start ret = 0
02-24 19:48:26.870 D/DrmLibTime(  387): QSEE Time Listener: dispatch
02-24 19:48:26.870 D/QSEECOMD: (  387): time services: Started (Listener ID = 11)
02-24 19:48:26.871 D/DrmLibTime(  387): before calling ioctl to read the next time_cmd
02-24 19:48:26.871 E/QSEECOMD: (  387): Listener: index = 4, hierarchy = 1
02-24 19:48:26.871 D/QSEECOMD: (  387): Init dlopen(libdrmfs.so, RTLD_NOW) succeeds
02-24 19:48:26.871 D/QSEECOMD: (  387): Init::Init dlsym(g_FSHandle fs_start) succeeds
02-24 19:48:26.871 D/QSEECOMAPI: (  387): QSEECom_register_listener 10 sb_length = 0x5000
02-24 19:48:26.871 D/QSEECOMD: (  387): Init fs_start ret = 0
02-24 19:48:26.871 D/QSEECOMD: (  387): file system services: Started (Listener ID = 10)
02-24 19:48:26.871 E/QSEECOMD: (  387): Listener: index = 5, hierarchy = 1
02-24 19:48:26.871 E/QSEECOMD: (  387): Init dlopen(libmdtp.so, RLTD_NOW) is failed....
02-24 19:48:26.871 E/QSEECOMD: (  387): Listener: index = 6, hierarchy = 1
02-24 19:48:26.871 D/QSEECOMD: (  387): Init dlopen(libdrmfs.so, RTLD_NOW) succeeds
02-24 19:48:26.872 D/QSEECOMD: (  387): Init::Init dlsym(g_FSHandle gpfs_start) succeeds
02-24 19:48:26.872 D/QSEECOMAPI: (  387): QSEECom_register_listener 28672 sb_length = 0x7e000
02-24 19:48:26.873 D/QSEECOMD: (  387): Init gpfs_start ret = 0
02-24 19:48:26.874 D/QSEECOMD: (  387): gpfile system services: Started (Listener ID = 28672)
02-24 19:48:26.874 D/QSEECOMAPI: (  387): QSEECom_get_handle sb_length = 0x400
02-24 19:48:26.874 D/QSEECOMAPI: (  387): App is not loaded in QSEE
02-24 19:48:26.876 E/QSEECOMAPI: (  387): Error::Cannot open the file /firmware/image/keymaste.mdt
02-24 19:48:26.876 E/QSEECOMAPI: (  387): Error::Loading image failed with ret = -1
02-24 19:48:26.876 E/QSEECOMD: (  387): Loading keymaster app failed
02-24 19:48:26.876 D/QSEECOMD: (  387): QSEECOM DAEMON RUNNING 
02-24 19:48:26.884 I/libmdmdetect(  371): ESOC framework not supported
02-24 19:48:26.884 I/libmdmdetect(  371): Found internal modem: modem
02-24 19:48:26.886 I/PerMgrSrv(  371): Peripheral Mananager service start
02-24 19:48:26.886 I/PerMgrSrv(  371): power-off timeout 500,ms; event-ack timeout 200,ms; debug-mode false
02-24 19:48:26.886 I/PerMgrSrv(  371): Statistics for : modem
02-24 19:48:26.886 I/PerMgrSrv(  371): modem: Current State : is off-line
02-24 19:48:26.886 I/PerMgrSrv(  371): modem: Voter/Listener count : 0/0
02-24 19:48:26.886 I/PerMgrSrv(  371): modem: Power on count : 0
02-24 19:48:26.886 I/PerMgrSrv(  371): modem: Power off count: 0
02-24 19:48:26.886 I/PerMgrSrv(  371): modem: Client list:
02-24 19:48:26.887 I/PerMgrSrv(  371): QMI service start
02-24 19:48:26.903 I/SurfaceFlinger(  369): SurfaceFlinger is starting
02-24 19:48:26.903 I/SurfaceFlinger(  369): SurfaceFlinger's main thread ready to run. Initializing graphics H/W...
02-24 19:48:26.912 D/libEGL  (  369): loaded /vendor/lib64/egl/libEGL_adreno.so
02-24 19:48:26.976 D/VoldCryptCmdListener(  337): cryptfs mountdefaultencrypted
02-24 19:48:26.976 I/Ext4Crypt(  337): ext4 crypto complete called on /data
02-24 19:48:26.976 I/Ext4Crypt(  337): No master key, so not ext4enc
02-24 19:48:26.977 I/Cryptfs (  337): cryptfs_check_passwd
02-24 19:48:26.977 I/Ext4Crypt(  337): ext4 crypto complete called on /data
02-24 19:48:26.977 I/Ext4Crypt(  337): No master key, so not ext4enc
02-24 19:48:26.978 D/Cryptfs (  337): crypt_ftr->fs_size = 22994908
02-24 19:48:26.978 I/Cryptfs (  337): Using scrypt with keymaster for cryptfs KDF
02-24 19:48:27.003 E/PerMgrProxy(  408): Starting pm-proxy service
02-24 19:48:27.003 I/libmdmdetect(  408): ESOC framework not supported
02-24 19:48:27.004 I/libmdmdetect(  408): Found internal modem: modem
02-24 19:48:27.005 I/PerMgrProxy(  408): Found internal modem
02-24 19:48:27.006 D/PerMgrSrv(  371): modem state: is off-line, add client PM-PROXY-THREAD
02-24 19:48:27.007 D/PerMgrSrv(  371): PM-PROXY-THREAD registered
02-24 19:48:27.008 D/PerMgrLib(  408): PM-PROXY-THREAD successfully registered for modem
02-24 19:48:27.008 I/PerMgrProxy(  408): pm-proxy-thread Voting for internal modem
02-24 19:48:27.008 D/PerMgrLib(  408): PM-PROXY-THREAD voting for modem
02-24 19:48:27.008 D/PerMgrSrv(  371): PM-PROXY-THREAD voting for modem
02-24 19:48:27.008 D/PerMgrSrv(  371): modem new state: going on-line
02-24 19:48:27.008 D/PerMgrSrv(  371): modem num voters is 1
02-24 19:48:27.086 D/libEGL  (  369): loaded /vendor/lib64/egl/libGLESv1_CM_adreno.so
02-24 19:48:27.097 D/libEGL  (  369): loaded /vendor/lib64/egl/libGLESv2_adreno.so
02-24 19:48:27.120 I/Adreno  (  369): QUALCOMM build                   : 63c06b2, I8366cd0437
02-24 19:48:27.120 I/Adreno  (  369): Build Date                       : 10/21/15
02-24 19:48:27.120 I/Adreno  (  369): OpenGL ES Shader Compiler Version: XE031.05.13.02
02-24 19:48:27.120 I/Adreno  (  369): Local Branch                     : 
02-24 19:48:27.120 I/Adreno  (  369): Remote Branch                    : quic/LA.BF64.1.2.9_v2
02-24 19:48:27.120 I/Adreno  (  369): Remote Branch                    : NONE
02-24 19:48:27.120 I/Adreno  (  369): Reconstruct Branch               : NOTHING
02-24 19:48:27.288 I/qdutils (  369): PartialUpdate status: Enabled
02-24 19:48:27.288 I/qdutils (  369): Left Align: 0
02-24 19:48:27.288 I/qdutils (  369): Width Align: 0
02-24 19:48:27.288 I/qdutils (  369): Top Align: 16
02-24 19:48:27.288 I/qdutils (  369): Height Align: 16
02-24 19:48:27.288 I/qdutils (  369): Min ROI Width: 1080
02-24 19:48:27.288 I/qdutils (  369): Min ROI Height: 0
02-24 19:48:27.288 I/qdutils (  369): Needs ROI Merge: 0
02-24 19:48:27.288 I/qdutils (  369): Dynamic Fps: Disabled
02-24 19:48:27.288 I/qdutils (  369): Min Panel fps: 0
02-24 19:48:27.288 I/qdutils (  369): Max Panel fps: 0
02-24 19:48:27.289 D/qdutils (  369): int qdutils::getHDMINode(): fb node 2 not present
02-24 19:48:27.289 I/qdutils (  369): int qdutils::getHDMINode(): No HDMI node on this device
02-24 19:48:27.291 W/qdhwcomposer(  369): Unable to load libmm-qdcm
02-24 19:48:27.291 I/qdhwcomposer(  369): Initializing Qualcomm Hardware Composer
02-24 19:48:27.291 I/qdhwcomposer(  369): MDP version: 500
02-24 19:48:27.291 I/SurfaceFlinger(  369): Using composer version 1.5
02-24 19:48:27.291 I/qdhwcomposer(  369): hwc_registerProcs
02-24 19:48:27.291 I/qdhwcomposer(  369): Initializing UEVENT Thread
02-24 19:48:27.291 I/qdhwcomposer(  369): Initializing VSYNC Thread
02-24 19:48:27.291 D/qdhwcomposer(  369): hwc_getDisplayAttributes disp = 0, width = 1080
02-24 19:48:27.291 D/qdhwcomposer(  369): hwc_getDisplayAttributes disp = 0, height = 1920
02-24 19:48:27.291 I/qdhwcomposer(  369): vsync_loop: Reading event 0 for dpy 0 from /sys/class/graphics/fb0/vsync_event
02-24 19:48:27.292 E/qdhwcomposer(  369): hwc_getDisplayConfigs display (1) is inactive
02-24 19:48:27.292 I/qdhwcomposer(  369): vsync_loop: Reading event 1 for dpy 0 from /sys/class/graphics/fb0/show_blank_event
02-24 19:48:27.292 I/qdhwcomposer(  369): vsync_loop: Reading event 2 for dpy 0 from /sys/class/graphics/fb0/msm_fb_thermal_level
02-24 19:48:27.292 I/qdhwcomposer(  369): vsync_loop: Reading event 0 for dpy 1 from /sys/class/graphics/fb-1/vsync_event
02-24 19:48:27.292 I/qdhwcomposer(  369): vsync_loop: Reading event 1 for dpy 1 from /sys/class/graphics/fb-1/show_blank_event
02-24 19:48:27.292 I/qdhwcomposer(  369): vsync_loop: Reading event 2 for dpy 1 from /sys/class/graphics/fb-1/msm_fb_thermal_level
02-24 19:48:27.293 I/SurfaceFlinger(  369): EGL information:
02-24 19:48:27.293 I/SurfaceFlinger(  369): vendor    : Android
02-24 19:48:27.293 I/SurfaceFlinger(  369): version   : 1.4 Android META-EGL
02-24 19:48:27.293 I/SurfaceFlinger(  369): extensions: EGL_KHR_get_all_proc_addresses EGL_ANDROID_presentation_time EGL_KHR_swap_buffers_with_damage EGL_KHR_image EGL_KHR_image_base EGL_KHR_lock_surface EGL_KHR_gl_texture_2D_image EGL_KHR_gl_texture_3D_image EGL_KHR_gl_texture_cubemap_image EGL_KHR_gl_renderbuffer_image EGL_KHR_reusable_sync EGL_KHR_fence_sync EGL_KHR_create_context EGL_KHR_surfaceless_context EGL_EXT_create_context_robustness EGL_ANDROID_image_native_buffer EGL_KHR_wait_sync EGL_ANDROID_recordable EGL_KHR_partial_update EGL_KHR_create_context_no_error 
02-24 19:48:27.293 I/SurfaceFlinger(  369): Client API: OpenGL_ES
02-24 19:48:27.293 I/SurfaceFlinger(  369): EGLSurface: 8-8-8-8, config=0x7f872d1900
02-24 19:48:27.297 I/SurfaceFlinger(  369): OpenGL ES informations:
02-24 19:48:27.298 I/SurfaceFlinger(  369): vendor    : Qualcomm
02-24 19:48:27.298 I/SurfaceFlinger(  369): renderer  : Adreno (TM) 418
02-24 19:48:27.298 I/SurfaceFlinger(  369): version   : OpenGL ES 3.1 V@127.0 (GIT@I8366cd0437)
02-24 19:48:27.298 I/SurfaceFlinger(  369): extensions: GL_OES_EGL_image GL_OES_EGL_image_external GL_OES_EGL_sync GL_OES_vertex_half_float GL_OES_framebuffer_object GL_OES_rgb8_rgba8 GL_OES_compressed_ETC1_RGB8_texture GL_AMD_compressed_ATC_texture GL_KHR_texture_compression_astc_ldr GL_OES_texture_npot GL_EXT_texture_filter_anisotropic GL_EXT_texture_format_BGRA8888 GL_OES_texture_3D GL_EXT_color_buffer_float GL_EXT_color_buffer_half_float GL_QCOM_alpha_test GL_OES_depth24 GL_OES_packed_depth_stencil GL_OES_depth_texture GL_OES_depth_texture_cube_map GL_EXT_sRGB GL_OES_texture_float GL_OES_texture_float_linear GL_OES_texture_half_float GL_OES_texture_half_float_linear GL_EXT_texture_type_2_10_10_10_REV GL_EXT_texture_sRGB_decode GL_OES_element_index_uint GL_EXT_copy_image GL_EXT_geometry_shader GL_EXT_tessellation_shader GL_OES_texture_stencil8 GL_EXT_shader_io_blocks GL_OES_shader_image_atomic GL_OES_sample_variables GL_EXT_texture_border_clamp GL_EXT_multisampled_render_to_texture GL_OES_shader_multisample_interpolation GL_EXT_texture_cube_map_arr
02-24 19:48:27.298 I/SurfaceFlinger(  369): GL_MAX_TEXTURE_SIZE = 16384
02-24 19:48:27.298 I/SurfaceFlinger(  369): GL_MAX_VIEWPORT_DIMS = 16384
02-24 19:48:27.299 D/SurfaceFlinger(  369): Set power mode=2, type=0 flinger=0x7f872c3c00
02-24 19:48:27.300 D/qdhwcomposer(  369): hwc_setPowerMode: Setting mode 2 on display: 0
02-24 19:48:27.300 D/qdhwcomposer(  369): hwc_setPowerMode: Done setting mode 2 on display 0
02-24 19:48:27.300 I/qdhwcomposer(  369): handle_blank_event: dpy:0 panel power state: 1
02-24 19:48:27.399 D/vold    (  337): Disk at 253:0 changed
02-24 19:48:27.430 D/libEGL  (  430): loaded /vendor/lib64/egl/libEGL_adreno.so
02-24 19:48:27.470 D/libEGL  (  430): loaded /vendor/lib64/egl/libGLESv1_CM_adreno.so
02-24 19:48:27.476 D/libEGL  (  430): loaded /vendor/lib64/egl/libGLESv2_adreno.so
02-24 19:48:27.486 I/Adreno  (  430): QUALCOMM build                   : 63c06b2, I8366cd0437
02-24 19:48:27.486 I/Adreno  (  430): Build Date                       : 10/21/15
02-24 19:48:27.486 I/Adreno  (  430): OpenGL ES Shader Compiler Version: XE031.05.13.02
02-24 19:48:27.486 I/Adreno  (  430): Local Branch                     : 
02-24 19:48:27.486 I/Adreno  (  430): Remote Branch                    : quic/LA.BF64.1.2.9_v2
02-24 19:48:27.486 I/Adreno  (  430): Remote Branch                    : NONE
02-24 19:48:27.486 I/Adreno  (  430): Reconstruct Branch               : NOTHING
02-24 19:48:27.501 E/BootAnimation(  430): couldn't find audio_conf.txt
02-24 19:48:27.523 I/Cryptfs (  337): keymaster module name is Keymaster QTI HAL
02-24 19:48:27.523 I/Cryptfs (  337): keymaster version is 256
02-24 19:48:27.523 I/Cryptfs (  337): Found keymaster1 module, using keymaster1 API.
02-24 19:48:27.524 D/QSEECOMAPI: (  337): QSEECom_get_handle sb_length = 0xa000
02-24 19:48:27.524 D/QSEECOMAPI: (  337): App is already loaded QSEE and app id = 3
02-24 19:48:27.525 E/keymaster1_device(  337): TA API Major Verion: 1
02-24 19:48:27.525 E/keymaster1_device(  337): TA API Minor Verion: 0
02-24 19:48:27.525 E/keymaster1_device(  337): TA Major Verion: 1
02-24 19:48:27.525 E/keymaster1_device(  337): TA Minor Verion: 5
02-24 19:48:27.525 I/Cryptfs (  337): Signing safely-padded object
02-24 19:48:27.583 D/DrmLibTime(  387): got the req here! ret=0
02-24 19:48:27.583 D/DrmLibTime(  387): command id, time_cmd_id = 770
02-24 19:48:27.583 D/DrmLibTime(  387): time_getutcsec starts!
02-24 19:48:27.583 D/DrmLibTime(  387): QSEE Time Listener: time_getutcsec
02-24 19:48:27.583 D/DrmLibTime(  387): QSEE Time Listener: get_utc_seconds
02-24 19:48:27.583 D/DrmLibTime(  387): QSEE Time Listener: time_get_modem_time
02-24 19:48:27.583 D/DrmLibTime(  387): QSEE Time Listener: Checking if ATS_MODEM is set or not.
02-24 19:48:27.583 D/QC-time-services(  387): Lib:time_genoff_operation: pargs->base = 13
02-24 19:48:27.583 D/QC-time-services(  387): Lib:time_genoff_operation: pargs->operation = 2
02-24 19:48:27.584 D/QC-time-services(  387): Lib:time_genoff_operation: pargs->ts_val = 0
02-24 19:48:27.584 E/QC-time-services(  387): Lib:time_genoff_operation: Connection failed !!
02-24 19:48:27.584 D/DrmLibTime(  387): QSEE Time Listener: ATS_MODEM is not set. Fallback to Android system time.
02-24 19:48:27.584 D/DrmLibTime(  387): QSEE Time Listener: Retrieved Android system time: 4733307
02-24 19:48:27.584 D/DrmLibTime(  387): time_getutcsec returns 0, sec = 4733307; nsec = 0
02-24 19:48:27.584 D/DrmLibTime(  387): time_getutcsec finished! 
02-24 19:48:27.584 D/DrmLibTime(  387): iotcl_continue_command finished! and return 0 
02-24 19:48:27.584 D/DrmLibTime(  387): before calling ioctl to read the next time_cmd
02-24 19:48:27.637 E/keymaster1_device(  337): HwKmClose
02-24 19:48:27.638 D/QSEECOMAPI: (  337): QSEECom_dealloc_memory 
02-24 19:48:27.638 D/QSEECOMAPI: (  337): QSEECom_shutdown_app, app_id = 3
02-24 19:48:28.084 D/SurfaceFlinger(  369): shader cache generated - 24 shaders in 368.225739 ms
02-24 19:48:28.098 D/qdutils (  369): DEBUG_CALC_FPS: 0
02-24 19:48:28.098 D/qdutils (  369): period: 10
02-24 19:48:28.098 D/qdutils (  369): ignorethresh_us: 500000
02-24 19:48:28.136 I/Cryptfs (  337): Enabling support for allow_discards in dmcrypt.
02-24 19:48:28.137 D/vold    (  337): Disk at 253:2 changed
02-24 19:48:28.631 I/Cryptfs (  337): Password matches
02-24 19:48:28.632 D/Cryptfs (  337): test_mount_encrypted_fs(): Master key saved
02-24 19:48:28.632 I/Cryptfs (  337): keymaster module name is Keymaster QTI HAL
02-24 19:48:28.632 I/Cryptfs (  337): keymaster version is 256
02-24 19:48:28.632 I/Cryptfs (  337): Found keymaster1 module, using keymaster1 API.
02-24 19:48:28.632 D/QSEECOMAPI: (  337): QSEECom_get_handle sb_length = 0xa000
02-24 19:48:28.633 D/QSEECOMAPI: (  337): App is already loaded QSEE and app id = 3
02-24 19:48:28.634 E/keymaster1_device(  337): TA API Major Verion: 1
02-24 19:48:28.634 E/keymaster1_device(  337): TA API Minor Verion: 0
02-24 19:48:28.634 E/keymaster1_device(  337): TA Major Verion: 1
02-24 19:48:28.634 E/keymaster1_device(  337): TA Minor Verion: 5
02-24 19:48:28.634 E/keymaster1_device(  337): HwKmClose
02-24 19:48:28.634 D/QSEECOMAPI: (  337): QSEECom_dealloc_memory 
02-24 19:48:28.634 D/QSEECOMAPI: (  337): QSEECom_shutdown_app, app_id = 3
02-24 19:48:28.634 D/Cryptfs (  337): Password is default - restarting filesystem
02-24 19:48:28.634 D/Cryptfs (  337): unmounting /data succeeded
02-24 19:48:28.661 D/PerMgrSrv(  371): modem new state: is on-line
02-24 19:48:28.724 I/rmt_storage(  370): rmt_storage_connect_cb: clnt_h=0x1 conn_h=0x7f8d8fa000
02-24 19:48:28.724 I/rmt_storage(  370): rmt_storage_open_cb: /boot/modem_fs1: clnt_h=0x1: req_h=0x1 msg_id=1: Client found
02-24 19:48:28.724 I/rmt_storage(  370): rmt_storage_client_thread: /boot/modem_fs1: clnt_h=0x1 Worker thread started
02-24 19:48:28.724 I/rmt_storage(  370): rmt_storage_open_cb: /boot/modem_fs1: clnt_h=0x1: req_h=0x1 msg_id=1: Send response: res=0 err=0
02-24 19:48:28.724 I/rmt_storage(  370): wake lock name: rmt_storage_547832198208, name creation success: 24
02-24 19:48:28.725 I/rmt_storage(  370): rmt_storage_disconnect_cb: clnt_h=0x1 conn_h=0x7f8d8fa000
02-24 19:48:28.725 I/rmt_storage(  370): rmt_storage_connect_cb: clnt_h=0x2 conn_h=0x7f8d8fa000
02-24 19:48:28.725 I/rmt_storage(  370): rmt_storage_open_cb: /boot/modem_fs2: clnt_h=0x2: req_h=0x2 msg_id=1: Client found
02-24 19:48:28.725 I/rmt_storage(  370): rmt_storage_open_cb: /boot/modem_fs2: clnt_h=0x2: req_h=0x2 msg_id=1: Send response: res=0 err=0
02-24 19:48:28.725 I/rmt_storage(  370): rmt_storage_client_thread: /boot/modem_fs2: clnt_h=0x2 Worker thread started
02-24 19:48:28.725 I/rmt_storage(  370): wake lock name: rmt_storage_547831153728, name creation success: 24
02-24 19:48:28.725 I/rmt_storage(  370): rmt_storage_connect_cb: clnt_h=0x3 conn_h=0x7f8d8fa010
02-24 19:48:28.725 I/rmt_storage(  370): rmt_storage_open_cb: /boot/modem_fsg: clnt_h=0x3: req_h=0x3 msg_id=1: Client found
02-24 19:48:28.725 I/rmt_storage(  370): rmt_storage_client_thread: /boot/modem_fsg: clnt_h=0x3 Worker thread started
02-24 19:48:28.725 I/rmt_storage(  370): rmt_storage_open_cb: /boot/modem_fsg: clnt_h=0x3: req_h=0x3 msg_id=1: Send response: res=0 err=0
02-24 19:48:28.725 I/rmt_storage(  370): wake lock name: rmt_storage_547830109248, name creation success: 24
02-24 19:48:28.726 I/rmt_storage(  370): rmt_storage_disconnect_cb: clnt_h=0x2 conn_h=0x7f8d8fa000
02-24 19:48:28.726 I/rmt_storage(  370): rmt_storage_connect_cb: clnt_h=0x4 conn_h=0x7f8d8fa000
02-24 19:48:28.726 I/rmt_storage(  370): rmt_storage_open_cb: /boot/modem_fsc: clnt_h=0x4: req_h=0x4 msg_id=1: Client found
02-24 19:48:28.726 I/rmt_storage(  370): rmt_storage_client_thread: /boot/modem_fsc: clnt_h=0x4 Worker thread started
02-24 19:48:28.726 I/rmt_storage(  370): rmt_storage_open_cb: /boot/modem_fsc: clnt_h=0x4: req_h=0x4 msg_id=1: Send response: res=0 err=0
02-24 19:48:28.726 I/rmt_storage(  370): wake lock name: rmt_storage_547829064768, name creation success: 24
02-24 19:48:28.726 I/rmt_storage(  370): rmt_storage_disconnect_cb: clnt_h=0x3 conn_h=0x7f8d8fa010
02-24 19:48:28.726 I/rmt_storage(  370): rmt_storage_disconnect_cb: clnt_h=0x4 conn_h=0x7f8d8fa000
02-24 19:48:28.727 I/rmt_storage(  370): rmt_storage_connect_cb: clnt_h=0x5 conn_h=0x7f8d8fa000
02-24 19:48:28.727 I/rmt_storage(  370): rmt_storage_alloc_buff_cb: /boot/modem_fs1: clnt_h=0x5: req_h=0x5 msg_id=4: Alloc request received: Size: 0
02-24 19:48:28.727 I/rmt_storage(  370): rmt_storage_alloc_buff_cb: /boot/modem_fs1: clnt_h=0x5: req_h=0x5 msg_id=4: New client making a dummy request with buffer req size 0
02-24 19:48:28.727 I/rmt_storage(  370): rmt_storage_alloc_buff_cb: /boot/modem_fs1: clnt_h=0x5: req_h=0x5 msg_id=4: Send response: res=0 err=0
02-24 19:48:28.727 I/rmt_storage(  370): rmt_storage_disconnect_cb: clnt_h=0x5 conn_h=0x7f8d8fa000
02-24 19:48:28.728 I/rmt_storage(  370): rmt_storage_connect_cb: clnt_h=0x6 conn_h=0x7f8d8fa000
02-24 19:48:28.728 I/rmt_storage(  370): rmt_storage_rw_iovec_cb: /boot/modem_fs1: clnt_h=0x6: req_h=0x6 msg_id=3: R/W request received
02-24 19:48:28.728 I/rmt_storage(  370): wakelock acquired: 1, error no: 42
02-24 19:48:28.728 I/rmt_storage(  370): rmt_storage_client_thread: /boot/modem_fs1: clnt_h=0x6 Unblock worker thread (th_id: 547832198208)
02-24 19:48:28.728 I/rmt_storage(  370): rmt_storage_client_thread: /boot/modem_fs1: clnt_h=0x6: req_h=0x6 msg_id=3: Bytes read = 512
02-24 19:48:28.728 I/rmt_storage(  370): rmt_storage_client_thread: /boot/modem_fs1: clnt_h=0x6: req_h=0x6 msg_id=3: Send response: res=0 err=0
02-24 19:48:28.729 I/rmt_storage(  370): rmt_storage_client_thread: /boot/modem_fs1: clnt_h=0x6 About to block rmt_storage client thread (th_id: 547832198208) wakelock released: 1, error no: 0
02-24 19:48:28.729 I/rmt_storage(  370): 
02-24 19:48:28.730 I/rmt_storage(  370): rmt_storage_disconnect_cb: clnt_h=0x6 conn_h=0x7f8d8fa000
02-24 19:48:28.730 I/rmt_storage(  370): rmt_storage_connect_cb: clnt_h=0x7 conn_h=0x7f8d8fa000
02-24 19:48:28.730 I/rmt_storage(  370): rmt_storage_rw_iovec_cb: /boot/modem_fs2: clnt_h=0x7: req_h=0x7 msg_id=3: R/W request received
02-24 19:48:28.730 I/rmt_storage(  370): wakelock acquired: 1, error no: 42
02-24 19:48:28.730 I/rmt_storage(  370): rmt_storage_client_thread: /boot/modem_fs2: clnt_h=0x7 Unblock worker thread (th_id: 547831153728)
02-24 19:48:28.731 I/rmt_storage(  370): rmt_storage_client_thread: /boot/modem_fs2: clnt_h=0x7: req_h=0x7 msg_id=3: Bytes read = 512
02-24 19:48:28.731 I/rmt_storage(  370): rmt_storage_client_thread: /boot/modem_fs2: clnt_h=0x7: req_h=0x7 msg_id=3: Send response: res=0 err=0
02-24 19:48:28.731 I/rmt_storage(  370): rmt_storage_client_thread: /boot/modem_fs2: clnt_h=0x7 About to block rmt_storage client thread (th_id: 547831153728) wakelock released: 1, error no: 0
02-24 19:48:28.731 I/rmt_storage(  370): 
02-24 19:48:28.731 I/rmt_storage(  370): rmt_storage_disconnect_cb: clnt_h=0x7 conn_h=0x7f8d8fa000
02-24 19:48:28.732 I/rmt_storage(  370): rmt_storage_connect_cb: clnt_h=0x8 conn_h=0x7f8d8fa000
02-24 19:48:28.732 I/rmt_storage(  370): rmt_storage_rw_iovec_cb: /boot/modem_fs2: clnt_h=0x8: req_h=0x8 msg_id=3: R/W request received
02-24 19:48:28.732 I/rmt_storage(  370): wakelock acquired: 1, error no: 42
02-24 19:48:28.732 I/rmt_storage(  370): rmt_storage_client_thread: /boot/modem_fs2: clnt_h=0x8 Unblock worker thread (th_id: 547831153728)
02-24 19:48:28.741 I/rmt_storage(  370): rmt_storage_client_thread: /boot/modem_fs2: clnt_h=0x8: req_h=0x8 msg_id=3: Bytes read = 1571840
02-24 19:48:28.741 I/rmt_storage(  370): rmt_storage_client_thread: /boot/modem_fs2: clnt_h=0x8: req_h=0x8 msg_id=3: Send response: res=0 err=0
02-24 19:48:28.741 I/rmt_storage(  370): rmt_storage_client_thread: /boot/modem_fs2: clnt_h=0x8 About to block rmt_storage client thread (th_id: 547831153728) wakelock released: 1, error no: 0
02-24 19:48:28.741 I/rmt_storage(  370): 
02-24 19:48:28.742 I/rmt_storage(  370): rmt_storage_disconnect_cb: clnt_h=0x8 conn_h=0x7f8d8fa000
02-24 19:48:28.757 D/Cryptfs (  337): Just triggered post_fs_data
02-24 19:48:28.803 I//system/bin/tzdatacheck(  478): tzdata file /data/misc/zoneinfo/current/tzdata does not exist. No action required.
02-24 19:48:28.857 D/Cryptfs (  337): post_fs_data done
02-24 19:48:28.858 D/Cryptfs (  337): Just triggered restart_framework
02-24 19:48:28.882 I/        (  483): debuggerd: starting
02-24 19:48:28.883 I/irsc_util(  490): Starting irsc tool
02-24 19:48:28.885 I/irsc_util(  490): Num of entries:27
02-24 19:48:28.885 I/irsc_util(  490): Ending irsc tool
02-24 19:48:28.905 I/Netd    (  481): Netd 1.0 starting
02-24 19:48:28.907 D/TetherController(  481): Setting IP forward enable = 0
02-24 19:48:28.924 I/installd(  487): installd firing up
02-24 19:48:28.943 I/keystore(  489): Found keymaster1 module Keymaster QTI HAL, version 100
02-24 19:48:28.943 I/SoftKeymaster(  489): system/keymaster/soft_keymaster_device.cpp, Line 122: Creating device
02-24 19:48:28.943 D/SoftKeymaster(  489): system/keymaster/soft_keymaster_device.cpp, Line 123: Device address: 0x7f8f9a3000
02-24 19:48:28.943 D/QSEECOMAPI: (  489): QSEECom_get_handle sb_length = 0xa000
02-24 19:48:28.943 D/QSEECOMAPI: (  489): App is already loaded QSEE and app id = 3
02-24 19:48:28.945 E/keymaster1_device(  489): TA API Major Verion: 1
02-24 19:48:28.945 E/keymaster1_device(  489): TA API Minor Verion: 0
02-24 19:48:28.945 E/keymaster1_device(  489): TA Major Verion: 1
02-24 19:48:28.945 E/keymaster1_device(  489): TA Minor Verion: 5
02-24 19:48:28.945 D/SoftKeymaster(  489): system/keymaster/soft_keymaster_device.cpp, Line 173: Reinitializing SoftKeymasterDevice to use HW keymaster1
02-24 19:48:28.947 I/rmt_storage(  370): rmt_storage_connect_cb: clnt_h=0x9 conn_h=0x7f8d8fa000
02-24 19:48:28.947 I/rmt_storage(  370): rmt_storage_rw_iovec_cb: /boot/modem_fs1: clnt_h=0x9: req_h=0x9 msg_id=3: R/W request received
02-24 19:48:28.948 I/rmt_storage(  370): wakelock acquired: 1, error no: 42
02-24 19:48:28.948 I/rmt_storage(  370): rmt_storage_client_thread: /boot/modem_fs1: clnt_h=0x9 Unblock worker thread (th_id: 547832198208)
02-24 19:48:28.948 I/keystore(  489): Keymaster1 module is incomplete, using SoftKeymasterDevice wrapper
02-24 19:48:28.948 I/SoftKeymaster(  489): system/keymaster/soft_keymaster_device.cpp, Line 122: Creating device
02-24 19:48:28.948 D/SoftKeymaster(  489): system/keymaster/soft_keymaster_device.cpp, Line 123: Device address: 0x7f8f9a3300
02-24 19:48:28.951 E/Diag_Lib(  496):  Diag_LSM_Init: Failed to open handle to diag driver, error = 13
02-24 19:48:28.951 E/Diag_Lib(  496): qpLogDiagInit <== result : 0
02-24 19:48:28.951 E/Diag_Lib(  496): QMID : gIsQXDMDisabled 0, gIsADBDisabled 1, gIsDebugDisabled 0, gIsIMSLogsDisabled 0
02-24 19:48:28.951 E/Diag_Lib(  496):  Diag_LSM_Init: Failed to open handle to diag driver, error = 13
02-24 19:48:28.951 E/Diag_Lib(  496): qpLogDiagInit <== result : 0
02-24 19:48:28.951 E/Diag_Lib(  496): QMID : gIsQXDMDisabled 0, gIsADBDisabled 1, gIsDebugDisabled 0, gIsIMSLogsDisabled 0
02-24 19:48:28.951 E/Diag_Lib(  496):  Diag_LSM_Init: Failed to open handle to diag driver, error = 13
02-24 19:48:28.952 E/Diag_Lib(  496): qpLogDiagInit <== result : 0
02-24 19:48:28.952 E/Diag_Lib(  496): QMID : gIsQXDMDisabled 0, gIsADBDisabled 1, gIsDebugDisabled 0, gIsIMSLogsDisabled 0
02-24 19:48:28.952 E/Diag_Lib(  496):  Diag_LSM_Init: Failed to open handle to diag driver, error = 13
02-24 19:48:28.952 E/Diag_Lib(  496): qpLogDiagInit <== result : 0
02-24 19:48:28.952 E/Diag_Lib(  496): QMID : gIsQXDMDisabled 0, gIsADBDisabled 1, gIsDebugDisabled 0, gIsIMSLogsDisabled 0
02-24 19:48:28.952 E/Diag_Lib(  496):  Diag_LSM_Init: Failed to open handle to diag driver, error = 13
02-24 19:48:28.952 E/Diag_Lib(  496): qpLogDiagInit <== result : 0
02-24 19:48:28.952 E/Diag_Lib(  496): QMID : gIsQXDMDisabled 0, gIsADBDisabled 1, gIsDebugDisabled 0, gIsIMSLogsDisabled 0
02-24 19:48:28.952 E/Diag_Lib(  496):  Diag_LSM_Init: Failed to open handle to diag driver, error = 13
02-24 19:48:28.952 E/Diag_Lib(  496): qpLogDiagInit <== result : 0
02-24 19:48:28.952 E/Diag_Lib(  496): QMID : gIsQXDMDisabled 0, gIsADBDisabled 1, gIsDebugDisabled 0, gIsIMSLogsDisabled 0
02-24 19:48:28.958 E/Diag_Lib(  496):  Diag_LSM_Init: Failed to open handle to diag driver, error = 13
02-24 19:48:28.958 E/Diag_Lib(  496): qpLogDiagInit <== result : 0
02-24 19:48:28.958 E/Diag_Lib(  496): QMID : gIsQXDMDisabled 0, gIsADBDisabled 1, gIsDebugDisabled 0, gIsIMSLogsDisabled 0
02-24 19:48:28.958 E/Diag_Lib(  496):  Diag_LSM_Init: Failed to open handle to diag driver, error = 13
02-24 19:48:28.958 E/Diag_Lib(  496): qpLogDiagInit <== result : 0
02-24 19:48:28.958 E/Diag_Lib(  496): QMID : gIsQXDMDisabled 0, gIsADBDisabled 1, gIsDebugDisabled 0, gIsIMSLogsDisabled 0
02-24 19:48:28.958 E/Diag_Lib(  496):  Diag_LSM_Init: Failed to open handle to diag driver, error = 13
02-24 19:48:28.958 E/Diag_Lib(  496): qpLogDiagInit <== result : 0
02-24 19:48:28.958 E/Diag_Lib(  496): QMID : gIsQXDMDisabled 0, gIsADBDisabled 1, gIsDebugDisabled 0, gIsIMSLogsDisabled 0
02-24 19:48:28.991 I/ThermalEngine(  495): Thermal daemon started
02-24 19:48:28.992 I/ThermalEngine(  495): Using target config file '/system/etc/thermal-engine-8992.conf'
02-24 19:48:28.992 I/ThermalEngine(  495): devices_manager_init: Init
02-24 19:48:28.992 I/ThermalEngine(  495): Number of gpus :1
02-24 19:48:28.992 I/Thermal-IOCTL(  495): KTM IOCTL interface "/dev/msm_thermal_query" opened
02-24 19:48:28.992 E/ThermalEngine(  495): update_cpu_topology: Cluster Info[0]. Cluster Id: 0 cpu_bits:0xf sync:1
02-24 19:48:28.993 E/ThermalEngine(  495): update_cpu_topology: Cluster Info[1]. Cluster Id: 1 cpu_bits:0x30 sync:1
02-24 19:48:28.993 I/ThermalEngine(  495): vdd_rstr_init: Init KTM VDD RSTR enabled: 0
02-24 19:48:28.994 I/ThermalEngine(  495): sensors_manager_init: Init
02-24 19:48:28.995 E/Diag_Lib(  495):  Diag_LSM_Init: Failed to open handle to diag driver, error = 13
02-24 19:48:28.995 E/QC-QMI  (  495): qmi_client [495]: unable to connect to server, errno=[2:No such file or directory], attempt=1
02-24 19:48:28.999 I/rmt_storage(  370): rmt_storage_client_thread: /boot/modem_fs1: clnt_h=0x9: req_h=0x9 msg_id=3: Bytes written = 1572864
02-24 19:48:28.999 I/rmt_storage(  370): rmt_storage_client_thread: /boot/modem_fs1: clnt_h=0x9: req_h=0x9 msg_id=3: Send response: res=0 err=0
02-24 19:48:29.000 I/rmt_storage(  370): rmt_storage_client_thread: /boot/modem_fs1: clnt_h=0x9 About to block rmt_storage client thread (th_id: 547832198208) wakelock released: 1, error no: 0
02-24 19:48:29.000 I/rmt_storage(  370): 
02-24 19:48:29.000 I/rmt_storage(  370): rmt_storage_disconnect_cb: clnt_h=0x9 conn_h=0x7f8d8fa000
02-24 19:48:29.006 E/ThermalEngine(  495): bcl_setup: Unexpected node error
02-24 19:48:29.007 E/ThermalEngine(  495): add_tgt_sensors_set: Error adding bcl
02-24 19:48:29.007 E/ThermalEngine(  495): sensors_init: Error adding BCL TS
02-24 19:48:29.009 I/ThermalEngine(  495): Loading config file for virtual sensor
02-24 19:48:29.009 I/ThermalEngine(  495): Loading configuration file /system/etc/thermal-engine-8992.conf
02-24 19:48:29.047 I/gatekeeperd(  501): Starting gatekeeperd...
02-24 19:48:29.055 I/rmt_storage(  370): rmt_storage_connect_cb: clnt_h=0xa conn_h=0x7f8d8fa000
02-24 19:48:29.055 I/rmt_storage(  370): rmt_storage_rw_iovec_cb: /boot/modem_fs2: clnt_h=0xa: req_h=0xa msg_id=3: R/W request received
02-24 19:48:29.055 I/rmt_storage(  370): wakelock acquired: 1, error no: 42
02-24 19:48:29.056 I/rmt_storage(  370): rmt_storage_client_thread: /boot/modem_fs2: clnt_h=0xa Unblock worker thread (th_id: 547831153728)
02-24 19:48:29.080 D/QC-time-services(  507): Daemon:genoff_pre_init::Base = 0
02-24 19:48:29.080 D/QC-time-services(  507): Daemon:ats_rtc_init: Time read from RTC -- year = 70, month = 1,day = 24
02-24 19:48:29.109 I/rmt_storage(  370): rmt_storage_client_thread: /boot/modem_fs2: clnt_h=0xa: req_h=0xa msg_id=3: Bytes written = 1572864
02-24 19:48:29.109 I/rmt_storage(  370): rmt_storage_client_thread: /boot/modem_fs2: clnt_h=0xa: req_h=0xa msg_id=3: Send response: res=0 err=0
02-24 19:48:29.109 I/rmt_storage(  370): rmt_storage_client_thread: /boot/modem_fs2: clnt_h=0xa About to block rmt_storage client thread (th_id: 547831153728) wakelock released: 1, error no: 0
02-24 19:48:29.109 I/rmt_storage(  370): 
02-24 19:48:29.110 I/rmt_storage(  370): rmt_storage_disconnect_cb: clnt_h=0xa conn_h=0x7f8d8fa000
02-24 19:48:29.145 D/gatekeeper_device(  501): HwKmOpen called
02-24 19:48:29.145 D/QSEECOMAPI: (  501): QSEECom_get_handle sb_length = 0xa000
02-24 19:48:29.145 D/QSEECOMAPI: (  501): App is already loaded QSEE and app id = 3
04-20 14:36:48.591 I/auditd  (  335): type=1403 audit(0.0:2): policy loaded auid=4294967295 ses=4294967295
04-20 14:36:48.591 W/auditd  (  335): type=1404 audit(0.0:3): enforcing=1 old_enforcing=0 auid=4294967295 ses=4294967295
04-20 14:36:49.821 W/irq/502-wcd9xxx(  401): type=1400 audit(0.0:4): avc: granted { setsched } for scontext=u:r:kernel:s0 tcontext=u:r:kernel:s0 tclass=process
04-20 14:36:49.851 W/irq/215-fc38800(  403): type=1400 audit(0.0:5): avc: granted { setsched } for scontext=u:r:kernel:s0 tcontext=u:r:kernel:s0 tclass=process
04-20 14:36:49.861 W/init    (    1): type=1400 audit(0.0:6): avc: denied { unlink } for name="diag" dev="tmpfs" ino=10582 scontext=u:r:init:s0 tcontext=u:object_r:diag_device:s0 tclass=chr_file permissive=0
04-20 14:36:50.181 W/mdss_fb0(  426): type=1400 audit(0.0:7): avc: granted { setsched } for scontext=u:r:kernel:s0 tcontext=u:r:kernel:s0 tclass=process
02-24 19:48:29.183 I/ThermalEngine(  495): Parsing section global
02-24 19:48:29.183 I/ThermalEngine(  495): Found field 'sampling'
02-24 19:48:29.183 I/ThermalEngine(  495): Found field 'charger_offset'
02-24 19:48:29.183 E/ThermalEngine(  495): virtual_sensors_init: Error getting virtual sensors set
02-24 19:48:29.183 I/ThermalEngine(  495): Loading configuration file /system/etc/thermal-engine-8992.conf
02-24 19:48:29.183 I/ThermalEngine(  495): Parsing section global
02-24 19:48:29.183 I/ThermalEngine(  495): Found field 'sampling'
02-24 19:48:29.183 I/ThermalEngine(  495): Found field 'charger_offset'
02-24 19:48:29.183 I/ThermalEngine(  495): Created section 'CPU0_MONITOR'
02-24 19:48:29.183 I/ThermalEngine(  495): Algo Type 'monitor'
02-24 19:48:29.184 I/ThermalEngine(  495): Parsing section CPU0_MONITOR
02-24 19:48:29.184 I/ThermalEngine(  495): Found field 'sensor'
02-24 19:48:29.184 I/ThermalEngine(  495): Found field 'sampling'
02-24 19:48:29.184 I/ThermalEngine(  495): Found field 'thresholds'
02-24 19:48:29.184 I/ThermalEngine(  495): Found field 'thresholds_clr'
02-24 19:48:29.184 I/ThermalEngine(  495): Found field 'actions'
02-24 19:48:29.184 I/ThermalEngine(  495): Found field 'action_info'
02-24 19:48:29.184 I/ThermalEngine(  495): Created section 'CPU2_MONITOR'
02-24 19:48:29.184 I/ThermalEngine(  495): Algo Type 'monitor'
02-24 19:48:29.184 I/ThermalEngine(  495): Parsing section CPU2_MONITOR
02-24 19:48:29.184 I/ThermalEngine(  495): Found field 'sensor'
02-24 19:48:29.184 I/ThermalEngine(  495): Found field 'sampling'
02-24 19:48:29.184 I/ThermalEngine(  495): Found field 'thresholds'
02-24 19:48:29.184 I/ThermalEngine(  495): Found field 'thresholds_clr'
02-24 19:48:29.184 I/ThermalEngine(  495): Found field 'actions'
02-24 19:48:29.184 I/ThermalEngine(  495): Found field 'action_info'
02-24 19:48:29.184 I/ThermalEngine(  495): Created section 'CPU3_MONITOR'
02-24 19:48:29.184 I/ThermalEngine(  495): Algo Type 'monitor'
02-24 19:48:29.184 I/ThermalEngine(  495): Parsing section CPU3_MONITOR
02-24 19:48:29.184 I/ThermalEngine(  495): Found field 'sensor'
02-24 19:48:29.184 I/ThermalEngine(  495): Found field 'sampling'
02-24 19:48:29.184 I/ThermalEngine(  495): Found field 'thresholds'
02-24 19:48:29.184 I/ThermalEngine(  495): Found field 'thresholds_clr'
02-24 19:48:29.184 I/ThermalEngine(  495): Found field 'actions'
02-24 19:48:29.184 I/ThermalEngine(  495): Found field 'action_info'
02-24 19:48:29.184 I/ThermalEngine(  495): Created section 'CPU4_MONITOR'
02-24 19:48:29.184 I/ThermalEngine(  495): Algo Type 'monitor'
02-24 19:48:29.184 I/ThermalEngine(  495): Parsing section CPU4_MONITOR
02-24 19:48:29.184 I/ThermalEngine(  495): Found field 'sensor'
02-24 19:48:29.184 I/ThermalEngine(  495): Found field 'sampling'
02-24 19:48:29.184 I/ThermalEngine(  495): Found field 'thresholds'
02-24 19:48:29.184 I/ThermalEngine(  495): Found field 'thresholds_clr'
02-24 19:48:29.184 I/ThermalEngine(  495): Found field 'actions'
02-24 19:48:29.184 I/ThermalEngine(  495): Found field 'action_info'
02-24 19:48:29.185 I/ThermalEngine(  495): Created section 'CPU5_MONITOR'
02-24 19:48:29.185 I/ThermalEngine(  495): Algo Type 'monitor'
02-24 19:48:29.185 I/ThermalEngine(  495): Parsing section CPU5_MONITOR
02-24 19:48:29.185 I/ThermalEngine(  495): Found field 'sensor'
02-24 19:48:29.185 I/ThermalEngine(  495): Found field 'sampling'
02-24 19:48:29.185 I/ThermalEngine(  495): Found field 'thresholds'
02-24 19:48:29.185 I/ThermalEngine(  495): Found field 'thresholds_clr'
02-24 19:48:29.185 I/ThermalEngine(  495): Found field 'actions'
02-24 19:48:29.185 I/ThermalEngine(  495): Found field 'action_info'
02-24 19:48:29.185 I/ThermalEngine(  495): Created section 'CPU4_HOTPLUG_MONITOR'
02-24 19:48:29.185 I/ThermalEngine(  495): Algo Type 'monitor'
02-24 19:48:29.185 I/ThermalEngine(  495): Parsing section CPU4_HOTPLUG_MONITOR
02-24 19:48:29.185 I/ThermalEngine(  495): Found field 'sensor'
02-24 19:48:29.185 I/ThermalEngine(  495): Found field 'sampling'
02-24 19:48:29.185 I/ThermalEngine(  495): Found field 'thresholds'
02-24 19:48:29.185 I/ThermalEngine(  495): Found field 'thresholds_clr'
02-24 19:48:29.185 I/ThermalEngine(  495): Found field 'actions'
02-24 19:48:29.185 I/ThermalEngine(  495): Found field 'action_info'
02-24 19:48:29.185 I/ThermalEngine(  495): Created section 'CPU5_HOTPLUG_MONITOR'
02-24 19:48:29.185 I/ThermalEngine(  495): Algo Type 'monitor'
02-24 19:48:29.185 I/ThermalEngine(  495): Parsing section CPU5_HOTPLUG_MONITOR
02-24 19:48:29.185 I/ThermalEngine(  495): Found field 'sensor'
02-24 19:48:29.185 I/ThermalEngine(  495): Found field 'sampling'
02-24 19:48:29.185 I/ThermalEngine(  495): Found field 'thresholds'
02-24 19:48:29.185 I/ThermalEngine(  495): Found field 'thresholds_clr'
02-24 19:48:29.185 I/ThermalEngine(  495): Found field 'actions'
02-24 19:48:29.185 I/ThermalEngine(  495): Found field 'action_info'
02-24 19:48:29.185 I/ThermalEngine(  495): Created section 'LCD_management'
02-24 19:48:29.185 I/ThermalEngine(  495): Algo Type 'monitor'
02-24 19:48:29.185 I/ThermalEngine(  495): Parsing section LCD_management
02-24 19:48:29.185 I/ThermalEngine(  495): Found field 'sensor'
02-24 19:48:29.185 I/ThermalEngine(  495): Found field 'sampling'
02-24 19:48:29.186 I/ThermalEngine(  495): Found field 'thresholds'
02-24 19:48:29.186 I/ThermalEngine(  495): Found field 'thresholds_clr'
02-24 19:48:29.186 I/ThermalEngine(  495): Found field 'actions'
02-24 19:48:29.186 I/ThermalEngine(  495): Found field 'action_info'
02-24 19:48:29.186 I/ThermalEngine(  495): Created section 'battery_monitor'
02-24 19:48:29.186 I/ThermalEngine(  495): Algo Type 'monitor'
02-24 19:48:29.186 I/ThermalEngine(  495): Parsing section battery_monitor
02-24 19:48:29.186 I/ThermalEngine(  495): Found field 'sensor'
02-24 19:48:29.186 I/ThermalEngine(  495): Found field 'sampling'
02-24 19:48:29.186 I/ThermalEngine(  495): Found field 'thresholds'
02-24 19:48:29.186 I/ThermalEngine(  495): Found field 'thresholds_clr'
02-24 19:48:29.186 I/ThermalEngine(  495): Found field 'actions'
02-24 19:48:29.186 I/ThermalEngine(  495): Found field 'action_info'
02-24 19:48:29.186 I/ThermalEngine(  495): Created section 'PID-LITTLE_CLUSTER_management'
02-24 19:48:29.186 I/ThermalEngine(  495): Algo Type 'pid'
02-24 19:48:29.186 I/ThermalEngine(  495): Parsing section PID-LITTLE_CLUSTER_management
02-24 19:48:29.186 I/ThermalEngine(  495): Found field 'sampling'
02-24 19:48:29.186 I/ThermalEngine(  495): Found field 'sensor'
02-24 19:48:29.186 I/ThermalEngine(  495): Found field 'device'
02-24 19:48:29.186 I/ThermalEngine(  495): Found field 'set_point'
02-24 19:48:29.186 I/ThermalEngine(  495): Found field 'set_point_clr'
02-24 19:48:29.186 I/ThermalEngine(  495): Found field 'p_const'
02-24 19:48:29.186 I/ThermalEngine(  495): Found field 'i_const'
02-24 19:48:29.186 I/ThermalEngine(  495): Found field 'd_const'
02-24 19:48:29.186 I/ThermalEngine(  495): Found field 'i_samples'
02-24 19:48:29.186 I/ThermalEngine(  495): Found field 'dev_units_per_calc'
02-24 19:48:29.186 I/ThermalEngine(  495): Found field 'limit'
02-24 19:48:29.187 I/ThermalEngine(  495): Created section 'PID-BIG_CLUSTER_management'
02-24 19:48:29.187 I/ThermalEngine(  495): Algo Type 'pid'
02-24 19:48:29.187 I/ThermalEngine(  495): Parsing section PID-BIG_CLUSTER_management
02-24 19:48:29.187 I/ThermalEngine(  495): Found field 'sampling'
02-24 19:48:29.187 I/ThermalEngine(  495): Found field 'sensor'
02-24 19:48:29.187 I/ThermalEngine(  495): Found field 'device'
02-24 19:48:29.187 I/ThermalEngine(  495): Found field 'set_point'
02-24 19:48:29.187 I/ThermalEngine(  495): Found field 'set_point_clr'
02-24 19:48:29.187 I/ThermalEngine(  495): Found field 'p_const'
02-24 19:48:29.187 I/ThermalEngine(  495): Found field 'i_const'
02-24 19:48:29.187 I/ThermalEngine(  495): Found field 'd_const'
02-24 19:48:29.187 I/ThermalEngine(  495): Found field 'i_samples'
02-24 19:48:29.187 I/ThermalEngine(  495): Found field 'dev_units_per_calc'
02-24 19:48:29.187 I/ThermalEngine(  495): Found field 'limit'
02-24 19:48:29.187 I/ThermalEngine(  495): Created section 'SS-GPU_management'
02-24 19:48:29.187 I/ThermalEngine(  495): Algo Type 'pid'
02-24 19:48:29.187 I/ThermalEngine(  495): Parsing section SS-GPU_management
02-24 19:48:29.187 I/ThermalEngine(  495): Found field 'sensor'
02-24 19:48:29.187 I/ThermalEngine(  495): Found field 'sampling'
02-24 19:48:29.187 I/ThermalEngine(  495): Found field 'device'
02-24 19:48:29.187 I/ThermalEngine(  495): Found field 'set_point'
02-24 19:48:29.187 I/ThermalEngine(  495): Found field 'set_point_clr'
02-24 19:48:29.187 I/ThermalEngine(  495): Found field 'p_const'
02-24 19:48:29.187 I/ThermalEngine(  495): Found field 'i_const'
02-24 19:48:29.187 I/ThermalEngine(  495): Found field 'd_const'
02-24 19:48:29.187 I/ThermalEngine(  495): Found field 'i_samples'
02-24 19:48:29.187 I/ThermalEngine(  495): Found field 'dev_units_per_calc'
02-24 19:48:29.187 I/ThermalEngine(  495): Found field 'limit'
02-24 19:48:29.188 I/ThermalEngine(  495): [SS-GPU_management]
02-24 19:48:29.188 I/ThermalEngine(  495): algo_type pid
02-24 19:48:29.188 I/ThermalEngine(  495): sampling 5000
02-24 19:48:29.188 I/ThermalEngine(  495): sensor xo_therm
02-24 19:48:29.188 I/ThermalEngine(  495): device gpu
02-24 19:48:29.188 I/ThermalEngine(  495): set_point 44000
02-24 19:48:29.188 I/ThermalEngine(  495): set_point_clr 41000
02-24 19:48:29.188 I/ThermalEngine(  495): p_const 5.000000
02-24 19:48:29.188 I/ThermalEngine(  495): i_const 0.050000
02-24 19:48:29.188 I/ThermalEngine(  495): d_const 0.000000
02-24 19:48:29.188 I/ThermalEngine(  495): i_samples 20
02-24 19:48:29.188 I/ThermalEngine(  495): dev_units_per_calc 3500000
02-24 19:48:29.188 I/ThermalEngine(  495): [PID-BIG_CLUSTER_management]
02-24 19:48:29.188 I/ThermalEngine(  495): algo_type pid
02-24 19:48:29.188 I/ThermalEngine(  495): sampling 1000
02-24 19:48:29.188 I/ThermalEngine(  495): sensor xo_therm
02-24 19:48:29.188 I/ThermalEngine(  495): device cluster1
02-24 19:48:29.188 I/ThermalEngine(  495): set_point 39000
02-24 19:48:29.188 I/ThermalEngine(  495): set_point_clr 37000
02-24 19:48:29.188 I/ThermalEngine(  495): p_const 10.000000
02-24 19:48:29.188 I/ThermalEngine(  495): i_const 0.090000
02-24 19:48:29.188 I/ThermalEngine(  495): d_const 0.000000
02-24 19:48:29.188 E/Diag_Lib(  509):  Diag_LSM_Init: Failed to open handle to diag driver, error = 13
02-24 19:48:29.188 I/ThermalEngine(  495): i_samples 10
02-24 19:48:29.188 I/ThermalEngine(  495): dev_units_per_calc 10000
02-24 19:48:29.188 I/ThermalEngine(  495): [PID-LITTLE_CLUSTER_management]
02-24 19:48:29.188 I/ThermalEngine(  495): algo_type pid
02-24 19:48:29.188 I/ThermalEngine(  495): sampling 5000
02-24 19:48:29.188 I/ThermalEngine(  495): sensor xo_therm
02-24 19:48:29.188 I/ThermalEngine(  495): device cluster0
02-24 19:48:29.188 I/ThermalEngine(  495): set_point 44000
02-24 19:48:29.188 I/ThermalEngine(  495): set_point_clr 41000
02-24 19:48:29.188 I/ThermalEngine(  495): p_const 5.000000
02-24 19:48:29.188 I/ThermalEngine(  495): i_const 0.100000
02-24 19:48:29.188 I/ThermalEngine(  495): d_const 0.000000
02-24 19:48:29.188 I/ThermalEngine(  495): i_samples 10
02-24 19:48:29.188 I/ThermalEngine(  495): dev_units_per_calc 10000
02-24 19:48:29.188 I/ThermalEngine(  495): [battery_monitor]
02-24 19:48:29.188 I/ThermalEngine(  495): algo_type monitor
02-24 19:48:29.188 E/QC-QMI  (  509): qmi_client [509]: unable to connect to server, errno=[2:No such file or directory], attempt=1
02-24 19:48:29.188 I/ThermalEngine(  495): sampling 10000
02-24 19:48:29.188 I/ThermalEngine(  495): sensor xo_batt
02-24 19:48:29.188 I/ThermalEngine(  495): thresholds 36000 39000
02-24 19:48:29.188 I/ThermalEngine(  495): thresholds_clr 34000 38000
02-24 19:48:29.188 I/ThermalEngine(  495): actions battery battery
02-24 19:48:29.188 I/ThermalEngine(  495): action_info 0 3
02-24 19:48:29.188 I/ThermalEngine(  495): [LCD_management]
02-24 19:48:29.188 I/ThermalEngine(  495): algo_type monitor
02-24 19:48:29.188 I/ThermalEngine(  495): sampling 10000
02-24 19:48:29.188 I/ThermalEngine(  495): sensor xo_therm
02-24 19:48:29.188 I/ThermalEngine(  495): thresholds 36000 39000 42000 45000
02-24 19:48:29.188 I/ThermalEngine(  495): thresholds_clr 34000 37000 40000 43000
02-24 19:48:29.188 I/ThermalEngine(  495): actions lcd lcd lcd lcd
02-24 19:48:29.189 I/ThermalEngine(  495): action_info 255 232 208 183
02-24 19:48:29.189 I/ThermalEngine(  495): [CPU5_HOTPLUG_MONITOR]
02-24 19:48:29.189 I/ThermalEngine(  495): algo_type monitor
02-24 19:48:29.189 I/ThermalEngine(  495): sampling 1000
02-24 19:48:29.189 I/ThermalEngine(  495): sensor xo_therm
02-24 19:48:29.189 I/ThermalEngine(  495): thresholds 41000
02-24 19:48:29.189 I/ThermalEngine(  495): thresholds_clr 39000
02-24 19:48:29.189 I/ThermalEngine(  495): actions hotplug_5
02-24 19:48:29.189 I/ThermalEngine(  495): action_info 1
02-24 19:48:29.189 I/ThermalEngine(  495): [CPU4_HOTPLUG_MONITOR]
02-24 19:48:29.189 I/ThermalEngine(  495): algo_type monitor
