12-15 21:18:58.166 E/QC-QMI  (  490): qmi_qmux_tx_msg: failed to open inactive connd_id=48
12-15 21:18:58.166 E/QC-QMI  (  490): qmi_qmux: TX failed, connection inactive or in reset, conn_id=48, status_flags=4
12-15 21:18:58.166 E/QC-QMI  (  490): qmi_ctl_tx_msg: qmi_qmux_tx_msg failed
12-15 21:18:58.166 E/QC-QMI  (  490): qmi_ctl_handle_request: qmi_ctl_tx_msg call failed
12-15 21:18:58.167 E/QC-QMI  (  490): qmi_qmux_open_connection: connection is disabled for conn_id=48
12-15 21:18:58.167 E/QC-QMI  (  490): qmi_qmux_tx_msg: failed to open inactive connd_id=48
12-15 21:18:58.167 E/QC-QMI  (  490): qmi_qmux: TX failed, connection inactive or in reset, conn_id=48, status_flags=4
12-15 21:18:58.167 E/QC-QMI  (  490): qmi_ctl_tx_msg: qmi_qmux_tx_msg failed
12-15 21:18:58.167 E/QC-QMI  (  490): qmi_ctl_handle_request: qmi_ctl_tx_msg call failed
12-15 21:18:58.168 E/QC-QMI  (  490): qmi_qmux_open_connection: connection is disabled for conn_id=57
12-15 21:18:58.168 E/QC-QMI  (  490): qmi_qmux_tx_msg: failed to open inactive connd_id=57
12-15 21:18:58.168 E/QC-QMI  (  490): qmi_qmux: TX failed, connection inactive or in reset, conn_id=57, status_flags=4
12-15 21:18:58.168 E/QC-QMI  (  490): qmi_ctl_tx_msg: qmi_qmux_tx_msg failed
12-15 21:18:58.168 E/QC-QMI  (  490): qmi_ctl_handle_request: qmi_ctl_tx_msg call failed
12-15 21:18:58.169 E/QC-QMI  (  490): qmi_qmux_open_connection: connection is disabled for conn_id=57
12-15 21:18:58.169 E/QC-QMI  (  490): qmi_qmux_tx_msg: failed to open inactive connd_id=57
12-15 21:18:58.169 E/QC-QMI  (  490): qmi_qmux: TX failed, connection inactive or in reset, conn_id=57, status_flags=4
12-15 21:18:58.169 E/QC-QMI  (  490): qmi_ctl_tx_msg: qmi_qmux_tx_msg failed
12-15 21:18:58.169 E/QC-QMI  (  490): qmi_ctl_handle_request: qmi_ctl_tx_msg call failed
12-15 21:18:58.170 E/QC-QMI  (  490): qmi_qmux_open_connection: connection is disabled for conn_id=29
12-15 21:18:58.170 E/QC-QMI  (  490): qmi_qmux_tx_msg: failed to open inactive connd_id=29
12-15 21:18:58.170 E/QC-QMI  (  490): qmi_qmux: TX failed, connection inactive or in reset, conn_id=29, status_flags=4
12-15 21:18:58.170 E/QC-QMI  (  490): qmi_ctl_tx_msg: qmi_qmux_tx_msg failed
12-15 21:18:58.170 E/QC-QMI  (  490): qmi_ctl_handle_request: qmi_ctl_tx_msg call failed
12-15 21:18:58.170 E/QC-QMI  (  490): qmi_qmux_open_connection: connection is disabled for conn_id=29
12-15 21:18:58.170 E/QC-QMI  (  490): qmi_qmux_tx_msg: failed to open inactive connd_id=29
12-15 21:18:58.170 E/QC-QMI  (  490): qmi_qmux: TX failed, connection inactive or in reset, conn_id=29, status_flags=4
12-15 21:18:58.170 E/QC-QMI  (  490): qmi_ctl_tx_msg: qmi_qmux_tx_msg failed
12-15 21:18:58.170 E/QC-QMI  (  490): qmi_ctl_handle_request: qmi_ctl_tx_msg call failed
12-15 21:18:58.171 E/QC-QMI  (  490): qmi_qmux_open_connection: connection is disabled for conn_id=48
12-15 21:18:58.171 E/QC-QMI  (  490): qmi_qmux_tx_msg: failed to open inactive connd_id=48
12-15 21:18:58.171 E/QC-QMI  (  490): qmi_qmux: TX failed, connection inactive or in reset, conn_id=48, status_flags=4
12-15 21:18:58.171 E/QC-QMI  (  490): qmi_ctl_tx_msg: qmi_qmux_tx_msg failed
12-15 21:18:58.171 E/QC-QMI  (  490): qmi_ctl_handle_request: qmi_ctl_tx_msg call failed
12-15 21:18:58.171 E/QC-QMI  (  490): qmi_qmux_open_connection: connection is disabled for conn_id=48
12-15 21:18:58.171 E/QC-QMI  (  490): qmi_qmux_tx_msg: failed to open inactive connd_id=48
12-15 21:18:58.172 E/QC-QMI  (  490): qmi_qmux: TX failed, connection inactive or in reset, conn_id=48, status_flags=4
12-15 21:18:58.172 E/QC-QMI  (  490): qmi_ctl_tx_msg: qmi_qmux_tx_msg failed
12-15 21:18:58.172 E/QC-QMI  (  490): qmi_ctl_handle_request: qmi_ctl_tx_msg call failed
12-15 21:18:58.172 E/QC-QMI  (  490): qmi_qmux_open_connection: connection is disabled for conn_id=57
12-15 21:18:58.172 E/QC-QMI  (  490): qmi_qmux_tx_msg: failed to open inactive connd_id=57
12-15 21:18:58.172 E/QC-QMI  (  490): qmi_qmux: TX failed, connection inactive or in reset, conn_id=57, status_flags=4
12-15 21:18:58.172 E/QC-QMI  (  490): qmi_ctl_tx_msg: qmi_qmux_tx_msg failed
12-15 21:18:58.172 E/QC-QMI  (  490): qmi_ctl_handle_request: qmi_ctl_tx_msg call failed
12-15 21:18:58.172 E/QC-QMI  (  490): qmi_qmux_open_connection: connection is disabled for conn_id=57
12-15 21:18:58.173 E/QC-QMI  (  490): qmi_qmux_tx_msg: failed to open inactive connd_id=57
12-15 21:18:58.173 E/QC-QMI  (  490): qmi_qmux: TX failed, connection inactive or in reset, conn_id=57, status_flags=4
12-15 21:18:58.173 E/QC-QMI  (  490): qmi_ctl_tx_msg: qmi_qmux_tx_msg failed
12-15 21:18:58.173 E/QC-QMI  (  490): qmi_ctl_handle_request: qmi_ctl_tx_msg call failed
12-15 21:18:58.178 E/QC-QMI  (  490): qmi_qmux_open_connection: connection is disabled for conn_id=29
12-15 21:18:58.178 E/QC-QMI  (  490): qmi_qmux_tx_msg: failed to open inactive connd_id=29
12-15 21:18:58.178 E/QC-QMI  (  490): qmi_qmux: TX failed, connection inactive or in reset, conn_id=29, status_flags=4
12-15 21:18:58.178 E/QC-QMI  (  490): qmi_ctl_tx_msg: qmi_qmux_tx_msg failed
12-15 21:18:58.178 E/QC-QMI  (  490): qmi_ctl_handle_request: qmi_ctl_tx_msg call failed
12-15 21:18:58.179 E/QC-QMI  (  490): qmi_qmux_open_connection: connection is disabled for conn_id=29
12-15 21:18:58.179 E/QC-QMI  (  490): qmi_qmux_tx_msg: failed to open inactive connd_id=29
12-15 21:18:58.179 E/QC-QMI  (  490): qmi_qmux: TX failed, connection inactive or in reset, conn_id=29, status_flags=4
12-15 21:18:58.179 E/QC-QMI  (  490): qmi_ctl_tx_msg: qmi_qmux_tx_msg failed
12-15 21:18:58.179 E/QC-QMI  (  490): qmi_ctl_handle_request: qmi_ctl_tx_msg call failed
12-15 21:18:58.180 E/QC-QMI  (  490): qmi_qmux_open_connection: connection is disabled for conn_id=48
12-15 21:18:58.180 E/QC-QMI  (  490): qmi_qmux_tx_msg: failed to open inactive connd_id=48
12-15 21:18:58.180 E/QC-QMI  (  490): qmi_qmux: TX failed, connection inactive or in reset, conn_id=48, status_flags=4
12-15 21:18:58.180 E/QC-QMI  (  490): qmi_ctl_tx_msg: qmi_qmux_tx_msg failed
12-15 21:18:58.180 E/QC-QMI  (  490): qmi_ctl_handle_request: qmi_ctl_tx_msg call failed
12-15 21:18:58.181 E/QC-QMI  (  490): qmi_qmux_open_connection: connection is disabled for conn_id=48
12-15 21:18:58.181 E/QC-QMI  (  490): qmi_qmux_tx_msg: failed to open inactive connd_id=48
12-15 21:18:58.181 E/QC-QMI  (  490): qmi_qmux: TX failed, connection inactive or in reset, conn_id=48, status_flags=4
12-15 21:18:58.181 E/QC-QMI  (  490): qmi_ctl_tx_msg: qmi_qmux_tx_msg failed
12-15 21:18:58.181 E/QC-QMI  (  490): qmi_ctl_handle_request: qmi_ctl_tx_msg call failed
12-15 21:18:58.182 E/QC-QMI  (  490): qmi_qmux_open_connection: connection is disabled for conn_id=57
12-15 21:18:58.182 E/QC-QMI  (  490): qmi_qmux_tx_msg: failed to open inactive connd_id=57
12-15 21:18:58.182 E/QC-QMI  (  490): qmi_qmux: TX failed, connection inactive or in reset, conn_id=57, status_flags=4
12-15 21:18:58.182 E/QC-QMI  (  490): qmi_ctl_tx_msg: qmi_qmux_tx_msg failed
12-15 21:18:58.182 E/QC-QMI  (  490): qmi_ctl_handle_request: qmi_ctl_tx_msg call failed
12-15 21:18:58.182 E/QC-QMI  (  490): qmi_qmux_open_connection: connection is disabled for conn_id=57
12-15 21:18:58.182 E/QC-QMI  (  490): qmi_qmux_tx_msg: failed to open inactive connd_id=57
12-15 21:18:58.183 E/QC-QMI  (  490): qmi_qmux: TX failed, connection inactive or in reset, conn_id=57, status_flags=4
12-15 21:18:58.183 E/QC-QMI  (  490): qmi_ctl_tx_msg: qmi_qmux_tx_msg failed
12-15 21:18:58.183 E/QC-QMI  (  490): qmi_ctl_handle_request: qmi_ctl_tx_msg call failed
12-15 21:18:58.190 E/QC-QMI  (  490): qmi_qmux_open_connection: connection is disabled for conn_id=29
12-15 21:18:58.190 E/QC-QMI  (  490): qmi_qmux_tx_msg: failed to open inactive connd_id=29
12-15 21:18:58.191 E/QC-QMI  (  490): qmi_qmux: TX failed, connection inactive or in reset, conn_id=29, status_flags=4
12-15 21:18:58.191 E/QC-QMI  (  490): qmi_ctl_tx_msg: qmi_qmux_tx_msg failed
12-15 21:18:58.191 E/QC-QMI  (  490): qmi_ctl_handle_request: qmi_ctl_tx_msg call failed
12-15 21:18:58.191 E/QC-QMI  (  490): qmi_qmux_open_connection: connection is disabled for conn_id=29
12-15 21:18:58.191 E/QC-QMI  (  490): qmi_qmux_tx_msg: failed to open inactive connd_id=29
12-15 21:18:58.191 E/QC-QMI  (  490): qmi_qmux: TX failed, connection inactive or in reset, conn_id=29, status_flags=4
12-15 21:18:58.191 E/QC-QMI  (  490): qmi_ctl_tx_msg: qmi_qmux_tx_msg failed
12-15 21:18:58.191 E/QC-QMI  (  490): qmi_ctl_handle_request: qmi_ctl_tx_msg call failed
12-15 21:18:58.193 I/ServiceManager(  550): Waiting for service AtCmdFwd...
12-15 21:18:58.196 E/QC-QMI  (  490): qmi_qmux_open_connection: connection is disabled for conn_id=48
12-15 21:18:58.196 E/QC-QMI  (  490): qmi_qmux_tx_msg: failed to open inactive connd_id=48
12-15 21:18:58.197 E/QC-QMI  (  490): qmi_qmux: TX failed, connection inactive or in reset, conn_id=48, status_flags=4
12-15 21:18:58.197 E/QC-QMI  (  490): qmi_ctl_tx_msg: qmi_qmux_tx_msg failed
12-15 21:18:58.197 E/QC-QMI  (  490): qmi_ctl_handle_request: qmi_ctl_tx_msg call failed
12-15 21:18:58.197 E/QC-QMI  (  490): qmi_qmux_open_connection: connection is disabled for conn_id=48
12-15 21:18:58.197 E/QC-QMI  (  490): qmi_qmux_tx_msg: failed to open inactive connd_id=48
12-15 21:18:58.198 E/QC-QMI  (  490): qmi_qmux: TX failed, connection inactive or in reset, conn_id=48, status_flags=4
12-15 21:18:58.198 E/QC-QMI  (  490): qmi_ctl_tx_msg: qmi_qmux_tx_msg failed
12-15 21:18:58.198 E/QC-QMI  (  490): qmi_ctl_handle_request: qmi_ctl_tx_msg call failed
12-15 21:18:58.199 E/QC-QMI  (  490): qmi_qmux_open_connection: connection is disabled for conn_id=57
12-15 21:18:58.199 E/QC-QMI  (  490): qmi_qmux_tx_msg: failed to open inactive connd_id=57
12-15 21:18:58.199 E/QC-QMI  (  490): qmi_qmux: TX failed, connection inactive or in reset, conn_id=57, status_flags=4
12-15 21:18:58.199 E/QC-QMI  (  490): qmi_ctl_tx_msg: qmi_qmux_tx_msg failed
12-15 21:18:58.199 E/QC-QMI  (  490): qmi_ctl_handle_request: qmi_ctl_tx_msg call failed
12-15 21:18:58.201 E/QC-QMI  (  490): qmi_qmux_open_connection: connection is disabled for conn_id=57
12-15 21:18:58.201 E/QC-QMI  (  490): qmi_qmux_tx_msg: failed to open inactive connd_id=57
12-15 21:18:58.201 E/QC-QMI  (  490): qmi_qmux: TX failed, connection inactive or in reset, conn_id=57, status_flags=4
12-15 21:18:58.201 E/QC-QMI  (  490): qmi_ctl_tx_msg: qmi_qmux_tx_msg failed
12-15 21:18:58.201 E/QC-QMI  (  490): qmi_ctl_handle_request: qmi_ctl_tx_msg call failed
12-15 21:18:58.206 E/QC-QMI  (  490): qmi_qmux_open_connection: connection is disabled for conn_id=29
12-15 21:18:58.206 E/QC-QMI  (  490): qmi_qmux_tx_msg: failed to open inactive connd_id=29
12-15 21:18:58.207 E/QC-QMI  (  490): qmi_qmux: TX failed, connection inactive or in reset, conn_id=29, status_flags=4
12-15 21:18:58.207 E/QC-QMI  (  490): qmi_ctl_tx_msg: qmi_qmux_tx_msg failed
12-15 21:18:58.207 E/QC-QMI  (  490): qmi_ctl_handle_request: qmi_ctl_tx_msg call failed
12-15 21:18:58.207 E/QC-QMI  (  490): qmi_qmux_open_connection: connection is disabled for conn_id=29
12-15 21:18:58.208 E/QC-QMI  (  490): qmi_qmux_tx_msg: failed to open inactive connd_id=29
12-15 21:18:58.208 E/QC-QMI  (  490): qmi_qmux: TX failed, connection inactive or in reset, conn_id=29, status_flags=4
12-15 21:18:58.208 E/QC-QMI  (  490): qmi_ctl_tx_msg: qmi_qmux_tx_msg failed
12-15 21:18:58.208 E/QC-QMI  (  490): qmi_ctl_handle_request: qmi_ctl_tx_msg call failed
12-15 21:18:58.210 E/QC-QMI  (  490): qmi_qmux_open_connection: connection is disabled for conn_id=48
12-15 21:18:58.210 E/QC-QMI  (  490): qmi_qmux_tx_msg: failed to open inactive connd_id=48
12-15 21:18:58.210 E/QC-QMI  (  490): qmi_qmux: TX failed, connection inactive or in reset, conn_id=48, status_flags=4
12-15 21:18:58.210 E/QC-QMI  (  490): qmi_ctl_tx_msg: qmi_qmux_tx_msg failed
12-15 21:18:58.210 E/QC-QMI  (  490): qmi_ctl_handle_request: qmi_ctl_tx_msg call failed
12-15 21:18:58.210 E/QC-QMI  (  490): qmi_qmux_open_connection: connection is disabled for conn_id=48
12-15 21:18:58.210 E/QC-QMI  (  490): qmi_qmux_tx_msg: failed to open inactive connd_id=48
12-15 21:18:58.210 E/QC-QMI  (  490): qmi_qmux: TX failed, connection inactive or in reset, conn_id=48, status_flags=4
12-15 21:18:58.211 E/QC-QMI  (  490): qmi_ctl_tx_msg: qmi_qmux_tx_msg failed
12-15 21:18:58.211 E/QC-QMI  (  490): qmi_ctl_handle_request: qmi_ctl_tx_msg call failed
12-15 21:18:58.211 E/QC-QMI  (  490): qmi_qmux_open_connection: connection is disabled for conn_id=57
12-15 21:18:58.211 E/QC-QMI  (  490): qmi_qmux_tx_msg: failed to open inactive connd_id=57
12-15 21:18:58.212 E/QC-QMI  (  490): qmi_qmux: TX failed, connection inactive or in reset, conn_id=57, status_flags=4
12-15 21:18:58.212 E/QC-QMI  (  490): qmi_ctl_tx_msg: qmi_qmux_tx_msg failed
12-15 21:18:58.212 E/QC-QMI  (  490): qmi_ctl_handle_request: qmi_ctl_tx_msg call failed
12-15 21:18:58.212 E/QC-QMI  (  490): qmi_qmux_open_connection: connection is disabled for conn_id=57
12-15 21:18:58.212 E/QC-QMI  (  490): qmi_qmux_tx_msg: failed to open inactive connd_id=57
12-15 21:18:58.213 E/QC-QMI  (  490): qmi_qmux: TX failed, connection inactive or in reset, conn_id=57, status_flags=4
12-15 21:18:58.213 E/QC-QMI  (  490): qmi_ctl_tx_msg: qmi_qmux_tx_msg failed
12-15 21:18:58.213 E/QC-QMI  (  490): qmi_ctl_handle_request: qmi_ctl_tx_msg call failed
12-15 21:18:58.223 E/QC-QMI  (  490): qmi_qmux_open_connection: connection is disabled for conn_id=29
12-15 21:18:58.223 E/QC-QMI  (  490): qmi_qmux_tx_msg: failed to open inactive connd_id=29
12-15 21:18:58.223 E/QC-QMI  (  490): qmi_qmux: TX failed, connection inactive or in reset, conn_id=29, status_flags=4
12-15 21:18:58.223 E/QC-QMI  (  490): qmi_ctl_tx_msg: qmi_qmux_tx_msg failed
12-15 21:18:58.223 E/QC-QMI  (  490): qmi_ctl_handle_request: qmi_ctl_tx_msg call failed
12-15 21:18:58.225 E/QC-QMI  (  490): qmi_qmux_open_connection: connection is disabled for conn_id=29
12-15 21:18:58.225 E/QC-QMI  (  490): qmi_qmux_tx_msg: failed to open inactive connd_id=29
12-15 21:18:58.225 E/QC-QMI  (  490): qmi_qmux: TX failed, connection inactive or in reset, conn_id=29, status_flags=4
12-15 21:18:58.225 E/QC-QMI  (  490): qmi_ctl_tx_msg: qmi_qmux_tx_msg failed
12-15 21:18:58.225 E/QC-QMI  (  490): qmi_ctl_handle_request: qmi_ctl_tx_msg call failed
12-15 21:18:58.226 E/QC-QMI  (  490): qmi_qmux_open_connection: connection is disabled for conn_id=48
12-15 21:18:58.226 E/QC-QMI  (  490): qmi_qmux_tx_msg: failed to open inactive connd_id=48
12-15 21:18:58.226 E/QC-QMI  (  490): qmi_qmux: TX failed, connection inactive or in reset, conn_id=48, status_flags=4
12-15 21:18:58.226 E/QC-QMI  (  490): qmi_ctl_tx_msg: qmi_qmux_tx_msg failed
12-15 21:18:58.226 E/QC-QMI  (  490): qmi_ctl_handle_request: qmi_ctl_tx_msg call failed
12-15 21:18:58.227 E/QC-QMI  (  490): qmi_qmux_open_connection: connection is disabled for conn_id=48
12-15 21:18:58.227 E/QC-QMI  (  490): qmi_qmux_tx_msg: failed to open inactive connd_id=48
12-15 21:18:58.227 E/QC-QMI  (  490): qmi_qmux: TX failed, connection inactive or in reset, conn_id=48, status_flags=4
12-15 21:18:58.227 E/QC-QMI  (  490): qmi_ctl_tx_msg: qmi_qmux_tx_msg failed
12-15 21:18:58.227 E/QC-QMI  (  490): qmi_ctl_handle_request: qmi_ctl_tx_msg call failed
12-15 21:18:58.228 E/QC-QMI  (  490): qmi_qmux_open_connection: connection is disabled for conn_id=57
12-15 21:18:58.228 E/QC-QMI  (  490): qmi_qmux_tx_msg: failed to open inactive connd_id=57
12-15 21:18:58.228 E/QC-QMI  (  490): qmi_qmux: TX failed, connection inactive or in reset, conn_id=57, status_flags=4
12-15 21:18:58.228 E/QC-QMI  (  490): qmi_ctl_tx_msg: qmi_qmux_tx_msg failed
12-15 21:18:58.228 E/QC-QMI  (  490): qmi_ctl_handle_request: qmi_ctl_tx_msg call failed
12-15 21:18:58.228 E/QC-QMI  (  490): qmi_qmux_open_connection: connection is disabled for conn_id=57
12-15 21:18:58.228 E/QC-QMI  (  490): qmi_qmux_tx_msg: failed to open inactive connd_id=57
12-15 21:18:58.228 E/QC-QMI  (  490): qmi_qmux: TX failed, connection inactive or in reset, conn_id=57, status_flags=4
12-15 21:18:58.228 E/QC-QMI  (  490): qmi_ctl_tx_msg: qmi_qmux_tx_msg failed
12-15 21:18:58.229 E/QC-QMI  (  490): qmi_ctl_handle_request: qmi_ctl_tx_msg call failed
12-15 21:18:58.234 E/QC-QMI  (  490): qmi_qmux_open_connection: connection is disabled for conn_id=29
12-15 21:18:58.235 E/QC-QMI  (  490): qmi_qmux_tx_msg: failed to open inactive connd_id=29
12-15 21:18:58.235 E/QC-QMI  (  490): qmi_qmux: TX failed, connection inactive or in reset, conn_id=29, status_flags=4
12-15 21:18:58.235 E/QC-QMI  (  490): qmi_ctl_tx_msg: qmi_qmux_tx_msg failed
12-15 21:18:58.235 E/QC-QMI  (  490): qmi_ctl_handle_request: qmi_ctl_tx_msg call failed
12-15 21:18:58.235 E/QC-QMI  (  490): qmi_qmux_open_connection: connection is disabled for conn_id=29
12-15 21:18:58.235 E/QC-QMI  (  490): qmi_qmux_tx_msg: failed to open inactive connd_id=29
12-15 21:18:58.235 E/QC-QMI  (  490): qmi_qmux: TX failed, connection inactive or in reset, conn_id=29, status_flags=4
12-15 21:18:58.235 E/QC-QMI  (  490): qmi_ctl_tx_msg: qmi_qmux_tx_msg failed
12-15 21:18:58.235 E/QC-QMI  (  490): qmi_ctl_handle_request: qmi_ctl_tx_msg call failed
12-15 21:18:58.236 E/QC-QMI  (  490): qmi_qmux_open_connection: connection is disabled for conn_id=48
12-15 21:18:58.236 E/QC-QMI  (  490): qmi_qmux_tx_msg: failed to open inactive connd_id=48
12-15 21:18:58.236 E/QC-QMI  (  490): qmi_qmux: TX failed, connection inactive or in reset, conn_id=48, status_flags=4
12-15 21:18:58.236 E/QC-QMI  (  490): qmi_ctl_tx_msg: qmi_qmux_tx_msg failed
12-15 21:18:58.237 E/QC-QMI  (  490): qmi_ctl_handle_request: qmi_ctl_tx_msg call failed
12-15 21:18:58.237 E/QC-QMI  (  490): qmi_qmux_open_connection: connection is disabled for conn_id=48
12-15 21:18:58.237 E/QC-QMI  (  490): qmi_qmux_tx_msg: failed to open inactive connd_id=48
12-15 21:18:58.237 E/QC-QMI  (  490): qmi_qmux: TX failed, connection inactive or in reset, conn_id=48, status_flags=4
12-15 21:18:58.237 E/QC-QMI  (  490): qmi_ctl_tx_msg: qmi_qmux_tx_msg failed
12-15 21:18:58.237 E/QC-QMI  (  490): qmi_ctl_handle_request: qmi_ctl_tx_msg call failed
12-15 21:18:58.238 E/QC-QMI  (  490): qmi_qmux_open_connection: connection is disabled for conn_id=57
12-15 21:18:58.238 E/QC-QMI  (  490): qmi_qmux_tx_msg: failed to open inactive connd_id=57
12-15 21:18:58.238 E/QC-QMI  (  490): qmi_qmux: TX failed, connection inactive or in reset, conn_id=57, status_flags=4
12-15 21:18:58.238 E/QC-QMI  (  490): qmi_ctl_tx_msg: qmi_qmux_tx_msg failed
12-15 21:18:58.239 E/QC-QMI  (  490): qmi_ctl_handle_request: qmi_ctl_tx_msg call failed
12-15 21:18:58.239 E/QC-QMI  (  490): qmi_qmux_open_connection: connection is disabled for conn_id=57
12-15 21:18:58.239 E/QC-QMI  (  490): qmi_qmux_tx_msg: failed to open inactive connd_id=57
12-15 21:18:58.239 E/QC-QMI  (  490): qmi_qmux: TX failed, connection inactive or in reset, conn_id=57, status_flags=4
12-15 21:18:58.239 E/QC-QMI  (  490): qmi_ctl_tx_msg: qmi_qmux_tx_msg failed
12-15 21:18:58.239 E/QC-QMI  (  490): qmi_ctl_handle_request: qmi_ctl_tx_msg call failed
12-15 21:18:58.245 E/QC-QMI  (  490): qmi_qmux_open_connection: connection is disabled for conn_id=29
12-15 21:18:58.245 E/QC-QMI  (  490): qmi_qmux_tx_msg: failed to open inactive connd_id=29
12-15 21:18:58.245 E/QC-QMI  (  490): qmi_qmux: TX failed, connection inactive or in reset, conn_id=29, status_flags=4
12-15 21:18:58.245 E/QC-QMI  (  490): qmi_ctl_tx_msg: qmi_qmux_tx_msg failed
12-15 21:18:58.245 E/QC-QMI  (  490): qmi_ctl_handle_request: qmi_ctl_tx_msg call failed
12-15 21:18:58.245 E/QC-QMI  (  490): qmi_qmux_open_connection: connection is disabled for conn_id=29
12-15 21:18:58.245 E/QC-QMI  (  490): qmi_qmux_tx_msg: failed to open inactive connd_id=29
12-15 21:18:58.246 E/QC-QMI  (  490): qmi_qmux: TX failed, connection inactive or in reset, conn_id=29, status_flags=4
12-15 21:18:58.246 E/QC-QMI  (  490): qmi_ctl_tx_msg: qmi_qmux_tx_msg failed
12-15 21:18:58.246 E/QC-QMI  (  490): qmi_ctl_handle_request: qmi_ctl_tx_msg call failed
12-15 21:18:58.246 E/QC-QMI  (  490): qmi_qmux_open_connection: connection is disabled for conn_id=48
12-15 21:18:58.246 E/QC-QMI  (  490): qmi_qmux_tx_msg: failed to open inactive connd_id=48
12-15 21:18:58.246 E/QC-QMI  (  490): qmi_qmux: TX failed, connection inactive or in reset, conn_id=48, status_flags=4
12-15 21:18:58.246 E/QC-QMI  (  490): qmi_ctl_tx_msg: qmi_qmux_tx_msg failed
12-15 21:18:58.246 E/QC-QMI  (  490): qmi_ctl_handle_request: qmi_ctl_tx_msg call failed
12-15 21:18:58.247 E/QC-QMI  (  490): qmi_qmux_open_connection: connection is disabled for conn_id=48
12-15 21:18:58.247 E/QC-QMI  (  490): qmi_qmux_tx_msg: failed to open inactive connd_id=48
12-15 21:18:58.247 E/QC-QMI  (  490): qmi_qmux: TX failed, connection inactive or in reset, conn_id=48, status_flags=4
12-15 21:18:58.247 E/QC-QMI  (  490): qmi_ctl_tx_msg: qmi_qmux_tx_msg failed
12-15 21:18:58.247 E/QC-QMI  (  490): qmi_ctl_handle_request: qmi_ctl_tx_msg call failed
12-15 21:18:58.248 E/QC-QMI  (  490): qmi_qmux_open_connection: connection is disabled for conn_id=57
12-15 21:18:58.248 E/QC-QMI  (  490): qmi_qmux_tx_msg: failed to open inactive connd_id=57
12-15 21:18:58.248 E/QC-QMI  (  490): qmi_qmux: TX failed, connection inactive or in reset, conn_id=57, status_flags=4
12-15 21:18:58.248 E/QC-QMI  (  490): qmi_ctl_tx_msg: qmi_qmux_tx_msg failed
12-15 21:18:58.248 E/QC-QMI  (  490): qmi_ctl_handle_request: qmi_ctl_tx_msg call failed
12-15 21:18:58.248 E/QC-QMI  (  490): qmi_qmux_open_connection: connection is disabled for conn_id=57
12-15 21:18:58.248 E/QC-QMI  (  490): qmi_qmux_tx_msg: failed to open inactive connd_id=57
12-15 21:18:58.248 E/QC-QMI  (  490): qmi_qmux: TX failed, connection inactive or in reset, conn_id=57, status_flags=4
12-15 21:18:58.248 E/QC-QMI  (  490): qmi_ctl_tx_msg: qmi_qmux_tx_msg failed
12-15 21:18:58.248 E/QC-QMI  (  490): qmi_ctl_handle_request: qmi_ctl_tx_msg call failed
12-15 21:18:58.253 E/QC-QMI  (  490): qmi_qmux_open_connection: connection is disabled for conn_id=29
12-15 21:18:58.253 E/QC-QMI  (  490): qmi_qmux_tx_msg: failed to open inactive connd_id=29
12-15 21:18:58.253 E/QC-QMI  (  490): qmi_qmux: TX failed, connection inactive or in reset, conn_id=29, status_flags=4
12-15 21:18:58.253 E/QC-QMI  (  490): qmi_ctl_tx_msg: qmi_qmux_tx_msg failed
12-15 21:18:58.253 E/QC-QMI  (  490): qmi_ctl_handle_request: qmi_ctl_tx_msg call failed
12-15 21:18:58.254 E/QC-QMI  (  490): qmi_qmux_open_connection: connection is disabled for conn_id=29
12-15 21:18:58.254 E/QC-QMI  (  490): qmi_qmux_tx_msg: failed to open inactive connd_id=29
12-15 21:18:58.254 E/QC-QMI  (  490): qmi_qmux: TX failed, connection inactive or in reset, conn_id=29, status_flags=4
12-15 21:18:58.254 E/QC-QMI  (  490): qmi_ctl_tx_msg: qmi_qmux_tx_msg failed
12-15 21:18:58.254 E/QC-QMI  (  490): qmi_ctl_handle_request: qmi_ctl_tx_msg call failed
12-15 21:18:58.255 E/QC-QMI  (  490): qmi_qmux_open_connection: connection is disabled for conn_id=48
12-15 21:18:58.255 E/QC-QMI  (  490): qmi_qmux_tx_msg: failed to open inactive connd_id=48
12-15 21:18:58.255 E/QC-QMI  (  490): qmi_qmux: TX failed, connection inactive or in reset, conn_id=48, status_flags=4
12-15 21:18:58.255 E/QC-QMI  (  490): qmi_ctl_tx_msg: qmi_qmux_tx_msg failed
12-15 21:18:58.255 E/QC-QMI  (  490): qmi_ctl_handle_request: qmi_ctl_tx_msg call failed
12-15 21:18:58.256 E/QC-QMI  (  490): qmi_qmux_open_connection: connection is disabled for conn_id=48
12-15 21:18:58.256 E/QC-QMI  (  490): qmi_qmux_tx_msg: failed to open inactive connd_id=48
12-15 21:18:58.256 E/QC-QMI  (  490): qmi_qmux: TX failed, connection inactive or in reset, conn_id=48, status_flags=4
12-15 21:18:58.256 E/QC-QMI  (  490): qmi_ctl_tx_msg: qmi_qmux_tx_msg failed
12-15 21:18:58.256 E/QC-QMI  (  490): qmi_ctl_handle_request: qmi_ctl_tx_msg call failed
12-15 21:18:58.257 E/QC-QMI  (  490): qmi_qmux_open_connection: connection is disabled for conn_id=57
12-15 21:18:58.257 E/QC-QMI  (  490): qmi_qmux_tx_msg: failed to open inactive connd_id=57
12-15 21:18:58.257 E/QC-QMI  (  490): qmi_qmux: TX failed, connection inactive or in reset, conn_id=57, status_flags=4
12-15 21:18:58.257 E/QC-QMI  (  490): qmi_ctl_tx_msg: qmi_qmux_tx_msg failed
12-15 21:18:58.257 E/QC-QMI  (  490): qmi_ctl_handle_request: qmi_ctl_tx_msg call failed
12-15 21:18:58.258 E/QC-QMI  (  490): qmi_qmux_open_connection: connection is disabled for conn_id=57
12-15 21:18:58.258 E/QC-QMI  (  490): qmi_qmux_tx_msg: failed to open inactive connd_id=57
12-15 21:18:58.258 E/QC-QMI  (  490): qmi_qmux: TX failed, connection inactive or in reset, conn_id=57, status_flags=4
12-15 21:18:58.258 E/QC-QMI  (  490): qmi_ctl_tx_msg: qmi_qmux_tx_msg failed
12-15 21:18:58.258 E/QC-QMI  (  490): qmi_ctl_handle_request: qmi_ctl_tx_msg call failed
12-15 21:18:58.260 E/QC-QMI  (  490): qmi_qmux_open_connection: connection is disabled for conn_id=29
12-15 21:18:58.260 E/QC-QMI  (  490): qmi_qmux_tx_msg: failed to open inactive connd_id=29
12-15 21:18:58.260 E/QC-QMI  (  490): qmi_qmux: TX failed, connection inactive or in reset, conn_id=29, status_flags=4
12-15 21:18:58.260 E/QC-QMI  (  490): qmi_ctl_tx_msg: qmi_qmux_tx_msg failed
12-15 21:18:58.260 E/QC-QMI  (  490): qmi_ctl_handle_request: qmi_ctl_tx_msg call failed
12-15 21:18:58.262 E/QC-QMI  (  490): qmi_qmux_open_connection: connection is disabled for conn_id=29
12-15 21:18:58.262 E/QC-QMI  (  490): qmi_qmux_tx_msg: failed to open inactive connd_id=29
12-15 21:18:58.262 E/QC-QMI  (  490): qmi_qmux: TX failed, connection inactive or in reset, conn_id=29, status_flags=4
12-15 21:18:58.262 E/QC-QMI  (  490): qmi_ctl_tx_msg: qmi_qmux_tx_msg failed
12-15 21:18:58.262 E/QC-QMI  (  490): qmi_ctl_handle_request: qmi_ctl_tx_msg call failed
12-15 21:18:58.263 E/QC-QMI  (  490): qmi_qmux_open_connection: connection is disabled for conn_id=48
12-15 21:18:58.263 E/QC-QMI  (  490): qmi_qmux_tx_msg: failed to open inactive connd_id=48
12-15 21:18:58.263 E/QC-QMI  (  490): qmi_qmux: TX failed, connection inactive or in reset, conn_id=48, status_flags=4
12-15 21:18:58.263 E/QC-QMI  (  490): qmi_ctl_tx_msg: qmi_qmux_tx_msg failed
12-15 21:18:58.263 E/QC-QMI  (  490): qmi_ctl_handle_request: qmi_ctl_tx_msg call failed
12-15 21:18:58.264 E/QC-QMI  (  490): qmi_qmux_open_connection: connection is disabled for conn_id=48
12-15 21:18:58.264 E/QC-QMI  (  490): qmi_qmux_tx_msg: failed to open inactive connd_id=48
12-15 21:18:58.264 E/QC-QMI  (  490): qmi_qmux: TX failed, connection inactive or in reset, conn_id=48, status_flags=4
12-15 21:18:58.264 E/QC-QMI  (  490): qmi_ctl_tx_msg: qmi_qmux_tx_msg failed
12-15 21:18:58.264 E/QC-QMI  (  490): qmi_ctl_handle_request: qmi_ctl_tx_msg call failed
12-15 21:18:58.266 E/QC-QMI  (  490): qmi_qmux_open_connection: connection is disabled for conn_id=57
12-15 21:18:58.266 E/QC-QMI  (  490): qmi_qmux_tx_msg: failed to open inactive connd_id=57
12-15 21:18:58.266 E/QC-QMI  (  490): qmi_qmux: TX failed, connection inactive or in reset, conn_id=57, status_flags=4
12-15 21:18:58.266 E/QC-QMI  (  490): qmi_ctl_tx_msg: qmi_qmux_tx_msg failed
12-15 21:18:58.266 E/QC-QMI  (  490): qmi_ctl_handle_request: qmi_ctl_tx_msg call failed
12-15 21:18:58.267 E/QC-QMI  (  490): qmi_qmux_open_connection: connection is disabled for conn_id=57
12-15 21:18:58.267 E/QC-QMI  (  490): qmi_qmux_tx_msg: failed to open inactive connd_id=57
12-15 21:18:58.267 E/QC-QMI  (  490): qmi_qmux: TX failed, connection inactive or in reset, conn_id=57, status_flags=4
12-15 21:18:58.267 E/QC-QMI  (  490): qmi_ctl_tx_msg: qmi_qmux_tx_msg failed
12-15 21:18:58.267 E/QC-QMI  (  490): qmi_ctl_handle_request: qmi_ctl_tx_msg call failed
12-15 21:18:58.270 E/QC-QMI  (  490): qmi_qmux_open_connection: connection is disabled for conn_id=29
12-15 21:18:58.270 E/QC-QMI  (  490): qmi_qmux_tx_msg: failed to open inactive connd_id=29
12-15 21:18:58.270 E/QC-QMI  (  490): qmi_qmux: TX failed, connection inactive or in reset, conn_id=29, status_flags=4
12-15 21:18:58.270 E/QC-QMI  (  490): qmi_ctl_tx_msg: qmi_qmux_tx_msg failed
12-15 21:18:58.270 E/QC-QMI  (  490): qmi_ctl_handle_request: qmi_ctl_tx_msg call failed
12-15 21:18:58.271 E/QC-QMI  (  490): qmi_qmux_open_connection: connection is disabled for conn_id=29
12-15 21:18:58.271 E/QC-QMI  (  490): qmi_qmux_tx_msg: failed to open inactive connd_id=29
12-15 21:18:58.271 E/QC-QMI  (  490): qmi_qmux: TX failed, connection inactive or in reset, conn_id=29, status_flags=4
12-15 21:18:58.271 E/QC-QMI  (  490): qmi_ctl_tx_msg: qmi_qmux_tx_msg failed
12-15 21:18:58.271 E/QC-QMI  (  490): qmi_ctl_handle_request: qmi_ctl_tx_msg call failed
12-15 21:18:58.272 E/QC-QMI  (  490): qmi_qmux_open_connection: connection is disabled for conn_id=48
12-15 21:18:58.272 E/QC-QMI  (  490): qmi_qmux_tx_msg: failed to open inactive connd_id=48
12-15 21:18:58.272 E/QC-QMI  (  490): qmi_qmux: TX failed, connection inactive or in reset, conn_id=48, status_flags=4
12-15 21:18:58.272 E/QC-QMI  (  490): qmi_ctl_tx_msg: qmi_qmux_tx_msg failed
12-15 21:18:58.272 E/QC-QMI  (  490): qmi_ctl_handle_request: qmi_ctl_tx_msg call failed
12-15 21:18:58.272 E/QC-QMI  (  490): qmi_qmux_open_connection: connection is disabled for conn_id=48
12-15 21:18:58.272 E/QC-QMI  (  490): qmi_qmux_tx_msg: failed to open inactive connd_id=48
12-15 21:18:58.273 E/QC-QMI  (  490): qmi_qmux: TX failed, connection inactive or in reset, conn_id=48, status_flags=4
12-15 21:18:58.273 E/QC-QMI  (  490): qmi_ctl_tx_msg: qmi_qmux_tx_msg failed
12-15 21:18:58.273 E/QC-QMI  (  490): qmi_ctl_handle_request: qmi_ctl_tx_msg call failed
12-15 21:18:58.273 E/QC-QMI  (  490): qmi_qmux_open_connection: connection is disabled for conn_id=57
12-15 21:18:58.273 E/QC-QMI  (  490): qmi_qmux_tx_msg: failed to open inactive connd_id=57
12-15 21:18:58.273 E/QC-QMI  (  490): qmi_qmux: TX failed, connection inactive or in reset, conn_id=57, status_flags=4
12-15 21:18:58.273 E/QC-QMI  (  490): qmi_ctl_tx_msg: qmi_qmux_tx_msg failed
12-15 21:18:58.273 E/QC-QMI  (  490): qmi_ctl_handle_request: qmi_ctl_tx_msg call failed
12-15 21:18:58.274 E/QC-QMI  (  490): qmi_qmux_open_connection: connection is disabled for conn_id=57
12-15 21:18:58.274 E/QC-QMI  (  490): qmi_qmux_tx_msg: failed to open inactive connd_id=57
12-15 21:18:58.274 E/QC-QMI  (  490): qmi_qmux: TX failed, connection inactive or in reset, conn_id=57, status_flags=4
12-15 21:18:58.274 E/QC-QMI  (  490): qmi_ctl_tx_msg: qmi_qmux_tx_msg failed
12-15 21:18:58.274 E/QC-QMI  (  490): qmi_ctl_handle_request: qmi_ctl_tx_msg call failed
12-15 21:18:58.275 W/PackageManager(  880): Permission com.google.android.launcher.permission.READ_SETTINGS from package com.google.android.googlequicksearchbox in an unknown group android.permission-group.SYSTEM_TOOLS
12-15 21:18:58.275 W/PackageManager(  880): Permission com.google.android.launcher.permission.WRITE_SETTINGS from package com.google.android.googlequicksearchbox in an unknown group android.permission-group.SYSTEM_TOOLS
12-15 21:18:58.275 W/PackageManager(  880): Permission com.android.launcher.permission.INSTALL_SHORTCUT from package com.google.android.googlequicksearchbox in an unknown group android.permission-group.SYSTEM_TOOLS
12-15 21:18:58.276 E/QC-QMI  (  490): qmi_qmux_open_connection: connection is disabled for conn_id=29
12-15 21:18:58.276 E/QC-QMI  (  490): qmi_qmux_tx_msg: failed to open inactive connd_id=29
12-15 21:18:58.276 E/QC-QMI  (  490): qmi_qmux: TX failed, connection inactive or in reset, conn_id=29, status_flags=4
12-15 21:18:58.276 E/QC-QMI  (  490): qmi_ctl_tx_msg: qmi_qmux_tx_msg failed
12-15 21:18:58.276 E/QC-QMI  (  490): qmi_ctl_handle_request: qmi_ctl_tx_msg call failed
12-15 21:18:58.277 E/QC-QMI  (  490): qmi_qmux_open_connection: connection is disabled for conn_id=29
12-15 21:18:58.277 E/QC-QMI  (  490): qmi_qmux_tx_msg: failed to open inactive connd_id=29
12-15 21:18:58.277 E/QC-QMI  (  490): qmi_qmux: TX failed, connection inactive or in reset, conn_id=29, status_flags=4
12-15 21:18:58.277 E/QC-QMI  (  490): qmi_ctl_tx_msg: qmi_qmux_tx_msg failed
12-15 21:18:58.277 E/QC-QMI  (  490): qmi_ctl_handle_request: qmi_ctl_tx_msg call failed
12-15 21:18:58.278 E/QC-QMI  (  490): qmi_qmux_open_connection: connection is disabled for conn_id=48
12-15 21:18:58.278 E/QC-QMI  (  490): qmi_qmux_tx_msg: failed to open inactive connd_id=48
12-15 21:18:58.278 E/QC-QMI  (  490): qmi_qmux: TX failed, connection inactive or in reset, conn_id=48, status_flags=4
12-15 21:18:58.278 E/QC-QMI  (  490): qmi_ctl_tx_msg: qmi_qmux_tx_msg failed
12-15 21:18:58.278 E/QC-QMI  (  490): qmi_ctl_handle_request: qmi_ctl_tx_msg call failed
12-15 21:18:58.279 E/QC-QMI  (  490): qmi_qmux_open_connection: connection is disabled for conn_id=48
12-15 21:18:58.279 E/QC-QMI  (  490): qmi_qmux_tx_msg: failed to open inactive connd_id=48
12-15 21:18:58.279 E/QC-QMI  (  490): qmi_qmux: TX failed, connection inactive or in reset, conn_id=48, status_flags=4
12-15 21:18:58.279 E/QC-QMI  (  490): qmi_ctl_tx_msg: qmi_qmux_tx_msg failed
12-15 21:18:58.279 E/QC-QMI  (  490): qmi_ctl_handle_request: qmi_ctl_tx_msg call failed
12-15 21:18:58.279 E/QC-QMI  (  490): qmi_qmux_open_connection: connection is disabled for conn_id=57
12-15 21:18:58.280 E/QC-QMI  (  490): qmi_qmux_tx_msg: failed to open inactive connd_id=57
12-15 21:18:58.280 E/QC-QMI  (  490): qmi_qmux: TX failed, connection inactive or in reset, conn_id=57, status_flags=4
12-15 21:18:58.280 E/QC-QMI  (  490): qmi_ctl_tx_msg: qmi_qmux_tx_msg failed
12-15 21:18:58.280 E/QC-QMI  (  490): qmi_ctl_handle_request: qmi_ctl_tx_msg call failed
12-15 21:18:58.280 E/QC-QMI  (  490): qmi_qmux_open_connection: connection is disabled for conn_id=57
12-15 21:18:58.280 E/QC-QMI  (  490): qmi_qmux_tx_msg: failed to open inactive connd_id=57
12-15 21:18:58.280 E/QC-QMI  (  490): qmi_qmux: TX failed, connection inactive or in reset, conn_id=57, status_flags=4
12-15 21:18:58.280 E/QC-QMI  (  490): qmi_ctl_tx_msg: qmi_qmux_tx_msg failed
12-15 21:18:58.280 E/QC-QMI  (  490): qmi_ctl_handle_request: qmi_ctl_tx_msg call failed
12-15 21:18:58.281 E/QC-QMI  (  490): qmi_qmux_open_connection: connection is disabled for conn_id=29
12-15 21:18:58.281 E/QC-QMI  (  490): qmi_qmux_tx_msg: failed to open inactive connd_id=29
12-15 21:18:58.281 E/QC-QMI  (  490): qmi_qmux: TX failed, connection inactive or in reset, conn_id=29, status_flags=4
12-15 21:18:58.281 E/QC-QMI  (  490): qmi_ctl_tx_msg: qmi_qmux_tx_msg failed
12-15 21:18:58.281 E/QC-QMI  (  490): qmi_ctl_handle_request: qmi_ctl_tx_msg call failed
12-15 21:18:58.282 E/QC-QMI  (  490): qmi_qmux_open_connection: connection is disabled for conn_id=29
12-15 21:18:58.282 E/QC-QMI  (  490): qmi_qmux_tx_msg: failed to open inactive connd_id=29
12-15 21:18:58.282 E/QC-QMI  (  490): qmi_qmux: TX failed, connection inactive or in reset, conn_id=29, status_flags=4
12-15 21:18:58.282 E/QC-QMI  (  490): qmi_ctl_tx_msg: qmi_qmux_tx_msg failed
12-15 21:18:58.282 E/QC-QMI  (  490): qmi_ctl_handle_request: qmi_ctl_tx_msg call failed
12-15 21:18:58.286 E/QC-QMI  (  490): qmi_qmux_open_connection: connection is disabled for conn_id=48
12-15 21:18:58.287 E/QC-QMI  (  490): qmi_qmux_tx_msg: failed to open inactive connd_id=48
12-15 21:18:58.287 E/QC-QMI  (  490): qmi_qmux: TX failed, connection inactive or in reset, conn_id=48, status_flags=4
12-15 21:18:58.287 E/QC-QMI  (  490): qmi_ctl_tx_msg: qmi_qmux_tx_msg failed
12-15 21:18:58.287 E/QC-QMI  (  490): qmi_ctl_handle_request: qmi_ctl_tx_msg call failed
12-15 21:18:58.293 D/vold    (  337): Disk at 253:0 changed
12-15 21:18:58.294 E/QC-QMI  (  490): qmi_qmux_open_connection: connection is disabled for conn_id=48
12-15 21:18:58.294 E/QC-QMI  (  490): qmi_qmux_tx_msg: failed to open inactive connd_id=48
12-15 21:18:58.294 E/QC-QMI  (  490): qmi_qmux: TX failed, connection inactive or in reset, conn_id=48, status_flags=4
12-15 21:18:58.294 E/QC-QMI  (  490): qmi_ctl_tx_msg: qmi_qmux_tx_msg failed
12-15 21:18:58.294 D/vold    (  337): Disk at 253:0 changed
12-15 21:18:58.295 E/QC-QMI  (  490): qmi_ctl_handle_request: qmi_ctl_tx_msg call failed
12-15 21:18:58.295 D/vold    (  337): Disk at 253:0 changed
12-15 21:18:58.295 D/vold    (  337): Disk at 253:0 changed
12-15 21:18:58.295 D/vold    (  337): Disk at 253:0 changed
12-15 21:18:58.295 D/vold    (  337): Disk at 253:0 changed
12-15 21:18:58.295 D/vold    (  337): Disk at 253:0 changed
12-15 21:18:58.296 D/vold    (  337): Disk at 253:0 changed
12-15 21:18:58.296 E/QC-QMI  (  490): qmi_qmux_open_connection: connection is disabled for conn_id=57
12-15 21:18:58.296 E/QC-QMI  (  490): qmi_qmux_tx_msg: failed to open inactive connd_id=57
12-15 21:18:58.296 E/QC-QMI  (  490): qmi_qmux: TX failed, connection inactive or in reset, conn_id=57, status_flags=4
12-15 21:18:58.296 E/QC-QMI  (  490): qmi_ctl_tx_msg: qmi_qmux_tx_msg failed
12-15 21:18:58.296 E/QC-QMI  (  490): qmi_ctl_handle_request: qmi_ctl_tx_msg call failed
12-15 21:18:58.296 E/QC-QMI  (  490): qmi_qmux_open_connection: connection is disabled for conn_id=57
12-15 21:18:58.296 E/QC-QMI  (  490): qmi_qmux_tx_msg: failed to open inactive connd_id=57
12-15 21:18:58.297 E/QC-QMI  (  490): qmi_qmux: TX failed, connection inactive or in reset, conn_id=57, status_flags=4
12-15 21:18:58.297 D/vold    (  337): Disk at 253:0 changed
12-15 21:18:58.297 E/QC-QMI  (  490): qmi_ctl_tx_msg: qmi_qmux_tx_msg failed
12-15 21:18:58.297 E/QC-QMI  (  490): qmi_ctl_handle_request: qmi_ctl_tx_msg call failed
12-15 21:18:58.297 D/vold    (  337): Disk at 253:0 changed
12-15 21:18:58.297 D/vold    (  337): Disk at 253:0 changed
12-15 21:18:58.297 D/vold    (  337): Disk at 253:0 changed
12-15 21:18:58.297 D/vold    (  337): Disk at 253:0 changed
12-15 21:18:58.297 D/vold    (  337): Disk at 253:0 changed
12-15 21:18:58.297 D/vold    (  337): Disk at 253:0 changed
12-15 21:18:58.297 D/vold    (  337): Disk at 253:0 changed
12-15 21:18:58.297 E/QC-QMI  (  490): qmi_qmux_open_connection: connection is disabled for conn_id=29
12-15 21:18:58.297 E/QC-QMI  (  490): qmi_qmux_tx_msg: failed to open inactive connd_id=29
12-15 21:18:58.297 E/QC-QMI  (  490): qmi_qmux: TX failed, connection inactive or in reset, conn_id=29, status_flags=4
12-15 21:18:58.297 E/QC-QMI  (  490): qmi_ctl_tx_msg: qmi_qmux_tx_msg failed
12-15 21:18:58.297 E/QC-QMI  (  490): qmi_ctl_handle_request: qmi_ctl_tx_msg call failed
12-15 21:18:58.298 E/QC-QMI  (  490): qmi_qmux_open_connection: connection is disabled for conn_id=29
12-15 21:18:58.299 E/QC-QMI  (  490): qmi_qmux_tx_msg: failed to open inactive connd_id=29
12-15 21:18:58.299 E/QC-QMI  (  490): qmi_qmux: TX failed, connection inactive or in reset, conn_id=29, status_flags=4
12-15 21:18:58.299 E/QC-QMI  (  490): qmi_ctl_tx_msg: qmi_qmux_tx_msg failed
12-15 21:18:58.299 E/QC-QMI  (  490): qmi_ctl_handle_request: qmi_ctl_tx_msg call failed
12-15 21:18:58.300 E/QC-QMI  (  490): qmi_qmux_open_connection: connection is disabled for conn_id=48
12-15 21:18:58.300 E/QC-QMI  (  490): qmi_qmux_tx_msg: failed to open inactive connd_id=48
12-15 21:18:58.300 E/QC-QMI  (  490): qmi_qmux: TX failed, connection inactive or in reset, conn_id=48, status_flags=4
12-15 21:18:58.300 E/QC-QMI  (  490): qmi_ctl_tx_msg: qmi_qmux_tx_msg failed
12-15 21:18:58.300 E/QC-QMI  (  490): qmi_ctl_handle_request: qmi_ctl_tx_msg call failed
12-15 21:18:58.300 E/QC-QMI  (  490): qmi_qmux_open_connection: connection is disabled for conn_id=48
12-15 21:18:58.301 E/QC-QMI  (  490): qmi_qmux_tx_msg: failed to open inactive connd_id=48
12-15 21:18:58.301 E/QC-QMI  (  490): qmi_qmux: TX failed, connection inactive or in reset, conn_id=48, status_flags=4
12-15 21:18:58.301 E/QC-QMI  (  490): qmi_ctl_tx_msg: qmi_qmux_tx_msg failed
12-15 21:18:58.301 E/QC-QMI  (  490): qmi_ctl_handle_request: qmi_ctl_tx_msg call failed
12-15 21:18:58.301 E/QC-QMI  (  490): qmi_qmux_open_connection: connection is disabled for conn_id=57
12-15 21:18:58.301 E/QC-QMI  (  490): qmi_qmux_tx_msg: failed to open inactive connd_id=57
12-15 21:18:58.301 E/QC-QMI  (  490): qmi_qmux: TX failed, connection inactive or in reset, conn_id=57, status_flags=4
12-15 21:18:58.301 E/QC-QMI  (  490): qmi_ctl_tx_msg: qmi_qmux_tx_msg failed
12-15 21:18:58.301 E/QC-QMI  (  490): qmi_ctl_handle_request: qmi_ctl_tx_msg call failed
12-15 21:18:58.302 E/QC-QMI  (  490): qmi_qmux_open_connection: connection is disabled for conn_id=57
12-15 21:18:58.302 E/QC-QMI  (  490): qmi_qmux_tx_msg: failed to open inactive connd_id=57
12-15 21:18:58.302 E/QC-QMI  (  490): qmi_qmux: TX failed, connection inactive or in reset, conn_id=57, status_flags=4
12-15 21:18:58.302 E/QC-QMI  (  490): qmi_ctl_tx_msg: qmi_qmux_tx_msg failed
12-15 21:18:58.302 E/QC-QMI  (  490): qmi_ctl_handle_request: qmi_ctl_tx_msg call failed
12-15 21:18:58.305 E/QC-QMI  (  490): qmi_qmux_open_connection: connection is disabled for conn_id=29
12-15 21:18:58.305 E/QC-QMI  (  490): qmi_qmux_tx_msg: failed to open inactive connd_id=29
12-15 21:18:58.305 E/QC-QMI  (  490): qmi_qmux: TX failed, connection inactive or in reset, conn_id=29, status_flags=4
12-15 21:18:58.305 E/QC-QMI  (  490): qmi_ctl_tx_msg: qmi_qmux_tx_msg failed
12-15 21:18:58.305 E/QC-QMI  (  490): qmi_ctl_handle_request: qmi_ctl_tx_msg call failed
12-15 21:18:58.305 E/QC-QMI  (  490): qmi_qmux_open_connection: connection is disabled for conn_id=29
12-15 21:18:58.306 E/QC-QMI  (  490): qmi_qmux_tx_msg: failed to open inactive connd_id=29
12-15 21:18:58.306 E/QC-QMI  (  490): qmi_qmux: TX failed, connection inactive or in reset, conn_id=29, status_flags=4
12-15 21:18:58.306 E/QC-QMI  (  490): qmi_ctl_tx_msg: qmi_qmux_tx_msg failed
12-15 21:18:58.306 E/QC-QMI  (  490): qmi_ctl_handle_request: qmi_ctl_tx_msg call failed
12-15 21:18:58.307 E/QC-QMI  (  490): qmi_qmux_open_connection: connection is disabled for conn_id=48
12-15 21:18:58.307 E/QC-QMI  (  490): qmi_qmux_tx_msg: failed to open inactive connd_id=48
12-15 21:18:58.307 E/QC-QMI  (  490): qmi_qmux: TX failed, connection inactive or in reset, conn_id=48, status_flags=4
12-15 21:18:58.307 E/QC-QMI  (  490): qmi_ctl_tx_msg: qmi_qmux_tx_msg failed
12-15 21:18:58.307 E/QC-QMI  (  490): qmi_ctl_handle_request: qmi_ctl_tx_msg call failed
12-15 21:18:58.308 E/QC-QMI  (  490): qmi_qmux_open_connection: connection is disabled for conn_id=48
12-15 21:18:58.308 E/QC-QMI  (  490): qmi_qmux_tx_msg: failed to open inactive connd_id=48
12-15 21:18:58.308 E/QC-QMI  (  490): qmi_qmux: TX failed, connection inactive or in reset, conn_id=48, status_flags=4
12-15 21:18:58.308 E/QC-QMI  (  490): qmi_ctl_tx_msg: qmi_qmux_tx_msg failed
12-15 21:18:58.308 E/QC-QMI  (  490): qmi_ctl_handle_request: qmi_ctl_tx_msg call failed
12-15 21:18:58.308 E/QC-QMI  (  490): qmi_qmux_open_connection: connection is disabled for conn_id=57
12-15 21:18:58.308 E/QC-QMI  (  490): qmi_qmux_tx_msg: failed to open inactive connd_id=57
12-15 21:18:58.308 E/QC-QMI  (  490): qmi_qmux: TX failed, connection inactive or in reset, conn_id=57, status_flags=4
12-15 21:18:58.308 E/QC-QMI  (  490): qmi_ctl_tx_msg: qmi_qmux_tx_msg failed
12-15 21:18:58.308 E/QC-QMI  (  490): qmi_ctl_handle_request: qmi_ctl_tx_msg call failed
12-15 21:18:58.309 E/QC-QMI  (  490): qmi_qmux_open_connection: connection is disabled for conn_id=57
12-15 21:18:58.309 E/QC-QMI  (  490): qmi_qmux_tx_msg: failed to open inactive connd_id=57
12-15 21:18:58.309 E/QC-QMI  (  490): qmi_qmux: TX failed, connection inactive or in reset, conn_id=57, status_flags=4
12-15 21:18:58.309 E/QC-QMI  (  490): qmi_ctl_tx_msg: qmi_qmux_tx_msg failed
12-15 21:18:58.309 E/QC-QMI  (  490): qmi_ctl_handle_request: qmi_ctl_tx_msg call failed
12-15 21:18:58.310 E/QC-QMI  (  490): qmi_qmux_open_connection: connection is disabled for conn_id=29
12-15 21:18:58.310 E/QC-QMI  (  490): qmi_qmux_tx_msg: failed to open inactive connd_id=29
12-15 21:18:58.310 E/QC-QMI  (  490): qmi_qmux: TX failed, connection inactive or in reset, conn_id=29, status_flags=4
12-15 21:18:58.310 E/QC-QMI  (  490): qmi_ctl_tx_msg: qmi_qmux_tx_msg failed
12-15 21:18:58.310 E/QC-QMI  (  490): qmi_ctl_handle_request: qmi_ctl_tx_msg call failed
12-15 21:18:58.310 E/QC-QMI  (  490): qmi_qmux_open_connection: connection is disabled for conn_id=29
12-15 21:18:58.310 E/QC-QMI  (  490): qmi_qmux_tx_msg: failed to open inactive connd_id=29
12-15 21:18:58.311 E/QC-QMI  (  490): qmi_qmux: TX failed, connection inactive or in reset, conn_id=29, status_flags=4
12-15 21:18:58.311 E/QC-QMI  (  490): qmi_ctl_tx_msg: qmi_qmux_tx_msg failed
12-15 21:18:58.311 E/QC-QMI  (  490): qmi_ctl_handle_request: qmi_ctl_tx_msg call failed
12-15 21:18:58.311 E/QC-QMI  (  490): qmi_qmux_open_connection: connection is disabled for conn_id=48
12-15 21:18:58.311 E/QC-QMI  (  490): qmi_qmux_tx_msg: failed to open inactive connd_id=48
12-15 21:18:58.311 E/QC-QMI  (  490): qmi_qmux: TX failed, connection inactive or in reset, conn_id=48, status_flags=4
12-15 21:18:58.311 E/QC-QMI  (  490): qmi_ctl_tx_msg: qmi_qmux_tx_msg failed
12-15 21:18:58.312 E/QC-QMI  (  490): qmi_ctl_handle_request: qmi_ctl_tx_msg call failed
12-15 21:18:58.313 E/QC-QMI  (  490): qmi_qmux_open_connection: connection is disabled for conn_id=48
12-15 21:18:58.313 E/QC-QMI  (  490): qmi_qmux_tx_msg: failed to open inactive connd_id=48
12-15 21:18:58.313 E/QC-QMI  (  490): qmi_qmux: TX failed, connection inactive or in reset, conn_id=48, status_flags=4
12-15 21:18:58.313 E/QC-QMI  (  490): qmi_ctl_tx_msg: qmi_qmux_tx_msg failed
12-15 21:18:58.313 E/QC-QMI  (  490): qmi_ctl_handle_request: qmi_ctl_tx_msg call failed
12-15 21:18:58.314 E/QC-QMI  (  490): qmi_qmux_open_connection: connection is disabled for conn_id=57
12-15 21:18:58.314 E/QC-QMI  (  490): qmi_qmux_tx_msg: failed to open inactive connd_id=57
12-15 21:18:58.314 E/QC-QMI  (  490): qmi_qmux: TX failed, connection inactive or in reset, conn_id=57, status_flags=4
12-15 21:18:58.314 E/QC-QMI  (  490): qmi_ctl_tx_msg: qmi_qmux_tx_msg failed
12-15 21:18:58.314 E/QC-QMI  (  490): qmi_ctl_handle_request: qmi_ctl_tx_msg call failed
12-15 21:18:58.315 E/QC-QMI  (  490): qmi_qmux_open_connection: connection is disabled for conn_id=57
12-15 21:18:58.315 E/QC-QMI  (  490): qmi_qmux_tx_msg: failed to open inactive connd_id=57
12-15 21:18:58.315 E/QC-QMI  (  490): qmi_qmux: TX failed, connection inactive or in reset, conn_id=57, status_flags=4
12-15 21:18:58.315 E/QC-QMI  (  490): qmi_ctl_tx_msg: qmi_qmux_tx_msg failed
12-15 21:18:58.315 E/QC-QMI  (  490): qmi_ctl_handle_request: qmi_ctl_tx_msg call failed
12-15 21:18:58.320 E/QC-QMI  (  490): qmi_qmux_open_connection: connection is disabled for conn_id=29
12-15 21:18:58.320 E/QC-QMI  (  490): qmi_qmux_tx_msg: failed to open inactive connd_id=29
12-15 21:18:58.320 E/QC-QMI  (  490): qmi_qmux: TX failed, connection inactive or in reset, conn_id=29, status_flags=4
12-15 21:18:58.320 E/QC-QMI  (  490): qmi_ctl_tx_msg: qmi_qmux_tx_msg failed
12-15 21:18:58.320 E/QC-QMI  (  490): qmi_ctl_handle_request: qmi_ctl_tx_msg call failed
12-15 21:18:58.321 E/QC-QMI  (  490): qmi_qmux_open_connection: connection is disabled for conn_id=29
12-15 21:18:58.321 E/QC-QMI  (  490): qmi_qmux_tx_msg: failed to open inactive connd_id=29
12-15 21:18:58.321 E/QC-QMI  (  490): qmi_qmux: TX failed, connection inactive or in reset, conn_id=29, status_flags=4
12-15 21:18:58.321 E/QC-QMI  (  490): qmi_ctl_tx_msg: qmi_qmux_tx_msg failed
12-15 21:18:58.321 E/QC-QMI  (  490): qmi_ctl_handle_request: qmi_ctl_tx_msg call failed
12-15 21:18:58.322 E/QC-QMI  (  490): qmi_qmux_open_connection: connection is disabled for conn_id=48
12-15 21:18:58.322 E/QC-QMI  (  490): qmi_qmux_tx_msg: failed to open inactive connd_id=48
12-15 21:18:58.322 E/QC-QMI  (  490): qmi_qmux: TX failed, connection inactive or in reset, conn_id=48, status_flags=4
12-15 21:18:58.322 E/QC-QMI  (  490): qmi_ctl_tx_msg: qmi_qmux_tx_msg failed
12-15 21:18:58.322 E/QC-QMI  (  490): qmi_ctl_handle_request: qmi_ctl_tx_msg call failed
12-15 21:18:58.322 E/QC-QMI  (  490): qmi_qmux_open_connection: connection is disabled for conn_id=48
12-15 21:18:58.322 E/QC-QMI  (  490): qmi_qmux_tx_msg: failed to open inactive connd_id=48
12-15 21:18:58.322 E/QC-QMI  (  490): qmi_qmux: TX failed, connection inactive or in reset, conn_id=48, status_flags=4
12-15 21:18:58.322 E/QC-QMI  (  490): qmi_ctl_tx_msg: qmi_qmux_tx_msg failed
12-15 21:18:58.322 E/QC-QMI  (  490): qmi_ctl_handle_request: qmi_ctl_tx_msg call failed
12-15 21:18:58.322 W/PackageParser(  880): Ignoring duplicate uses-permissions/uses-permissions-sdk-m: android.permission.READ_CONTACTS in package: com.android.bluetooth at: Binary XML file line #58
12-15 21:18:58.323 E/QC-QMI  (  490): qmi_qmux_open_connection: connection is disabled for conn_id=57
12-15 21:18:58.323 E/QC-QMI  (  490): qmi_qmux_tx_msg: failed to open inactive connd_id=57
12-15 21:18:58.323 E/QC-QMI  (  490): qmi_qmux: TX failed, connection inactive or in reset, conn_id=57, status_flags=4
12-15 21:18:58.323 E/QC-QMI  (  490): qmi_ctl_tx_msg: qmi_qmux_tx_msg failed
12-15 21:18:58.323 E/QC-QMI  (  490): qmi_ctl_handle_request: qmi_ctl_tx_msg call failed
12-15 21:18:58.323 E/QC-QMI  (  490): qmi_qmux_open_connection: connection is disabled for conn_id=57
12-15 21:18:58.323 E/QC-QMI  (  490): qmi_qmux_tx_msg: failed to open inactive connd_id=57
12-15 21:18:58.324 E/QC-QMI  (  490): qmi_qmux: TX failed, connection inactive or in reset, conn_id=57, status_flags=4
12-15 21:18:58.324 E/QC-QMI  (  490): qmi_ctl_tx_msg: qmi_qmux_tx_msg failed
12-15 21:18:58.324 E/QC-QMI  (  490): qmi_ctl_handle_request: qmi_ctl_tx_msg call failed
12-15 21:18:58.324 W/PackageParser(  880): No actions in intent filter at /system/app/Bluetooth/Bluetooth.apk Binary XML file line #216
12-15 21:18:58.324 E/QC-QMI  (  490): qmi_qmux_open_connection: connection is disabled for conn_id=29
12-15 21:18:58.324 E/QC-QMI  (  490): qmi_qmux_tx_msg: failed to open inactive connd_id=29
