12-15 21:33:09.026 I/art     (  500): option[34]=-j4
12-15 21:33:09.026 I/art     (  500): option[35]=-Ximage-compiler-option
12-15 21:33:09.026 I/art     (  500): option[36]=--instruction-set-variant=cortex-a7
12-15 21:33:09.026 I/art     (  500): option[37]=-Xcompiler-option
12-15 21:33:09.026 I/art     (  500): option[38]=--instruction-set-variant=cortex-a7
12-15 21:33:09.026 I/art     (  500): option[39]=-Ximage-compiler-option
12-15 21:33:09.026 I/art     (  500): option[40]=--instruction-set-features=default
12-15 21:33:09.026 I/art     (  500): option[41]=-Xcompiler-option
12-15 21:33:09.026 I/art     (  500): option[42]=--instruction-set-features=default
12-15 21:33:09.026 I/art     (  500): option[43]=-Duser.locale=de-DE
12-15 21:33:09.026 I/art     (  500): option[44]=--cpu-abilist=armeabi-v7a,armeabi
12-15 21:33:09.026 I/art     (  500): option[45]=-Xfingerprint:google/bullhead/bullhead:6.0.1/MMB29K/2419427:user/release-keys
12-15 21:33:09.210 E/QC-QMI  (  510): qmi_client [510]: unable to connect to server, errno=[2:No such file or directory], attempt=2
12-15 21:33:09.329 D/ICU     (  500): No timezone override file found: /data/misc/zoneinfo/current/icu/icu_tzdata.dat
12-15 21:33:09.380 I/mm-camera(  508): server_process_module_init:59, int mods
12-15 21:33:09.380 E/mm-camera-sensor(  508): eebin_read:387failed!
12-15 21:33:09.380 E/mm-camera-sensor(  508): eebin_read:387failed!
12-15 21:33:09.380 E/mm-camera-sensor(  508): sensor_init_probe:483failed: to oribe eeprom bin sensors
12-15 21:33:09.381 E/mm-camera-sensor(  508): add_external_sensor:108NO external sensor lib: no external path
12-15 21:33:09.381 E/mm-camera-sensor(  508): sensor_probe:274failed: to load imx214
12-15 21:33:09.381 E/mm-camera-sensor(  508): sensor_probe:274failed: to load imx230
12-15 21:33:09.381 E/mm-camera-sensor(  508): sensor_probe:274failed: to load s5k3m2xx
12-15 21:33:09.394 D/AndroidRuntime(  498): >>>>>> START com.android.internal.os.ZygoteInit uid 0 <<<<<<
12-15 21:33:09.403 D/vold    (  337): Disk at 253:0 changed
12-15 21:33:09.403 D/AndroidRuntime(  498): CheckJNI is OFF
12-15 21:33:09.404 E/        (  497): ServiceManager: 0x7f851e1a40
12-15 21:33:09.404 I/ConnectionManagerService(  497): ConnectionManagerService::instantiate()
12-15 21:33:09.404 I/ConnectionManagerService(  497): ConnectionManagerService started: pid = 497
12-15 21:33:09.403 I/art     (  498): option[0]=-Xzygote
12-15 21:33:09.404 I/art     (  498): option[1]=-Xstacktracefile:/data/anr/traces.txt
12-15 21:33:09.404 I/art     (  498): option[2]=exit
12-15 21:33:09.404 I/art     (  498): option[3]=vfprintf
12-15 21:33:09.405 I/art     (  498): option[4]=sensitiveThread
12-15 21:33:09.405 I/art     (  498): option[5]=-verbose:gc
12-15 21:33:09.405 I/art     (  498): option[6]=-Xms8m
12-15 21:33:09.405 I/art     (  498): option[7]=-Xmx512m
12-15 21:33:09.405 I/art     (  498): option[8]=-XX:HeapGrowthLimit=192m
12-15 21:33:09.405 I/art     (  498): option[9]=-XX:HeapMinFree=512k
12-15 21:33:09.405 I/art     (  498): option[10]=-XX:HeapMaxFree=8m
12-15 21:33:09.405 I/art     (  498): option[11]=-XX:HeapTargetUtilization=0.75
12-15 21:33:09.405 I/art     (  498): option[12]=-agentlib:jdwp=transport=dt_android_adb,suspend=n,server=y
12-15 21:33:09.405 I/art     (  498): option[13]=-Ximage-compiler-option
12-15 21:33:09.405 I/art     (  498): option[14]=--runtime-arg
12-15 21:33:09.405 I/art     (  498): option[15]=-Ximage-compiler-option
12-15 21:33:09.405 I/art     (  498): option[16]=-Xms64m
12-15 21:33:09.405 I/art     (  498): option[17]=-Ximage-compiler-option
12-15 21:33:09.405 I/art     (  498): option[18]=--runtime-arg
12-15 21:33:09.405 I/art     (  498): option[19]=-Ximage-compiler-option
12-15 21:33:09.405 I/art     (  498): option[20]=-Xmx64m
12-15 21:33:09.405 I/art     (  498): option[21]=-Ximage-compiler-option
12-15 21:33:09.405 I/art     (  498): option[22]=--image-classes=/system/etc/preloaded-classes
12-15 21:33:09.405 I/art     (  498): option[23]=-Xcompiler-option
12-15 21:33:09.405 I/art     (  498): option[24]=--runtime-arg
12-15 21:33:09.405 I/art     (  498): option[25]=-Xcompiler-option
12-15 21:33:09.405 I/art     (  498): option[26]=-Xms64m
12-15 21:33:09.405 I/art     (  498): option[27]=-Xcompiler-option
12-15 21:33:09.406 I/art     (  498): option[28]=--runtime-arg
12-15 21:33:09.406 I/art     (  498): option[29]=-Xcompiler-option
12-15 21:33:09.406 I/art     (  498): option[30]=-Xmx512m
12-15 21:33:09.406 I/art     (  498): option[31]=-Xcompiler-option
12-15 21:33:09.406 I/art     (  498): option[32]=-j2
12-15 21:33:09.406 I/art     (  498): option[33]=-Ximage-compiler-option
12-15 21:33:09.406 I/art     (  498): option[34]=-j4
12-15 21:33:09.406 I/art     (  498): option[35]=-Ximage-compiler-option
12-15 21:33:09.406 I/art     (  498): option[36]=--instruction-set-variant=cortex-a53
12-15 21:33:09.406 I/art     (  498): option[37]=-Xcompiler-option
12-15 21:33:09.406 I/art     (  498): option[38]=--instruction-set-variant=cortex-a53
12-15 21:33:09.406 I/art     (  498): option[39]=-Ximage-compiler-option
12-15 21:33:09.406 I/art     (  498): option[40]=--instruction-set-features=default
12-15 21:33:09.406 I/art     (  498): option[41]=-Xcompiler-option
12-15 21:33:09.406 I/art     (  498): option[42]=--instruction-set-features=default
12-15 21:33:09.406 I/art     (  498): option[43]=-Duser.locale=de-DE
12-15 21:33:09.406 I/art     (  498): option[44]=--cpu-abilist=arm64-v8a
12-15 21:33:09.406 I/art     (  498): option[45]=-Xfingerprint:google/bullhead/bullhead:6.0.1/MMB29K/2419427:user/release-keys
12-15 21:33:09.410 E/mm-camera-sensor(  508): sensor_probe:274failed: to load s5k3m2xm
12-15 21:33:09.411 E/mm-camera-sensor(  508): sensor_probe:274failed: to load ov4688
12-15 21:33:09.412 E/mm-camera-sensor(  508): sensor_probe:274failed: to load imx258
12-15 21:33:09.413 E/Diag_Lib(  572):  Diag_LSM_Init: Failed to open handle to diag driver, error = 13
12-15 21:33:09.413 E/slim_daemon(  572): [NDK] bindNDKSensors: Sensor server is unavailable.
12-15 21:33:09.413 E/QC-QMI  (  572): qmi_client [572]: unable to connect to server, errno=[2:No such file or directory], attempt=1
12-15 21:33:09.450 D/mm-camera-intf(  486): index = 0 flag = 3 mount_angle = 270 facing = 0
12-15 21:33:09.450 E/mm-camera(  508): module_sensor_find_other_subdev:6416subdev_name /dev/v4l-subdev0 subdev id 0
12-15 21:33:09.450 D/mm-camera-intf(  486): index = 1 flag = 101 mount_angle = 90 facing = 1
12-15 21:33:09.450 E/mm-camera(  508): module_sensor_find_other_subdev:6416subdev_name /dev/v4l-subdev1 subdev id 1
12-15 21:33:09.450 E/mm-camera(  508): module_sensor_find_other_subdev:6416subdev_name /dev/v4l-subdev2 subdev id 2
12-15 21:33:09.450 E/mm-camera(  508): module_sensor_find_other_subdev:6416subdev_name /dev/v4l-subdev3 subdev id 0
12-15 21:33:09.450 E/mm-camera(  508): module_sensor_find_other_subdev:6416subdev_name /dev/v4l-subdev4 subdev id 1
12-15 21:33:09.450 E/mm-camera(  508): module_sensor_find_other_subdev:6416subdev_name /dev/v4l-subdev5 subdev id 2
12-15 21:33:09.450 E/mm-camera(  508): module_sensor_find_other_subdev:6416subdev_name /dev/v4l-subdev6 subdev id 3
12-15 21:33:09.450 E/mm-camera(  508): module_sensor_find_other_subdev:6416subdev_name /dev/v4l-subdev7 subdev id 0
12-15 21:33:09.450 E/mm-camera(  508): module_sensor_find_other_subdev:6416subdev_name /dev/v4l-subdev8 subdev id 0
12-15 21:33:09.450 E/mm-camera(  508): module_sensor_find_other_subdev:6416subdev_name /dev/v4l-subdev9 subdev id 5
12-15 21:33:09.451 E/mm-camera(  508): module_sensor_find_other_subdev:6416subdev_name /dev/v4l-subdev10 subdev id 1
12-15 21:33:09.560 E/mm-camera-isp2(  508): module_chroma_enhan40_init:90 name chroma_enhan40
12-15 21:33:09.616 I/Radio-JNI(  500): register_android_hardware_Radio DONE
12-15 21:33:09.651 I/SamplingProfilerIntegration(  500): Profiling disabled.
12-15 21:33:09.656 D/Zygote  (  500): begin preload
12-15 21:33:09.665 I/Zygote  (  500): Preloading classes...
12-15 21:33:09.678 E/mm-camera-isp2(  508): module_color_correct40_init:96 name color_correct40
12-15 21:33:09.681 E/mm-camera-isp2(  508): module_luma_adaptation40_init:87 name luma_adaptation40
12-15 21:33:09.784 D/ICU     (  498): No timezone override file found: /data/misc/zoneinfo/current/icu/icu_tzdata.dat
12-15 21:33:09.796 E/QC-QMI  (  495): qmi_client [495]: unable to connect to server, errno=[2:No such file or directory], attempt=3
12-15 21:33:09.828 E/QC-QMI  (  484): qmi_client [484]: unable to connect to server, errno=[2:No such file or directory], attempt=2
12-15 21:33:09.887 E/mm-camera-isp2(  508): module_chroma_enhan40_init:90 name chroma_enhan40
12-15 21:33:09.889 E/mm-camera-isp2(  508): module_color_correct40_init:96 name color_correct40
12-15 21:33:09.889 E/mm-camera-isp2(  508): module_luma_adaptation40_init:87 name luma_adaptation40
12-15 21:33:09.891 E/mm-camera-isp2(  508): isp_resource_gen_hws_caps:3628 i 0 isp id 0
12-15 21:33:09.891 E/mm-camera-isp2(  508): isp_resource_gen_hws_caps:3628 i 1 isp id 1
12-15 21:33:09.891 E/mm-camera-isp2(  508): module_isp_init:776 module 0xf4e17200
12-15 21:33:09.891 E/mm-camera(  508): cpp_module_init:68 name=cpp
12-15 21:33:09.896 E/mm-camera(  508): cpp_hardware_load_firmware:490, info: hw_version=0x50010000, fw_version=0x10080000
12-15 21:33:09.917 V/NatController(  481): runCmd(/system/bin/iptables -w -F natctrl_FORWARD) res=0
12-15 21:33:09.928 V/NatController(  481): runCmd(/system/bin/iptables -w -A natctrl_FORWARD -j DROP) res=0
12-15 21:33:09.936 V/NatController(  481): runCmd(/system/bin/iptables -w -t nat -F natctrl_nat_POSTROUTING) res=0
12-15 21:33:09.945 V/NatController(  481): runCmd(/system/bin/iptables -w -F natctrl_tether_counters) res=1
12-15 21:33:09.951 E/mm-camera(  508): cpp_hardware_load_firmware:506, info: cpp firmware loaded: cpp_firmware_v1_8_0.fw
12-15 21:33:09.952 E/mm-camera(  508): cpp_module_init:110: info: CPP module_init successful
12-15 21:33:09.952 E/mm-camera(  508): vpe_module_init:26 name=vpe
12-15 21:33:09.952 E/mm-camera(  508): vpe_hardware_find_subdev:719: entity.name=video0 entity.revision=0
12-15 21:33:09.952 E/mm-camera(  508): vpe_hardware_find_subdev:719: entity.name=msm_cci entity.revision=0
12-15 21:33:09.953 E/mm-camera(  508): vpe_hardware_find_subdev:719: entity.name=v4l-subdev0 entity.revision=0
12-15 21:33:09.953 E/mm-camera(  508): vpe_hardware_find_subdev:719: entity.name=v4l-subdev1 entity.revision=0
12-15 21:33:09.953 E/mm-camera(  508): vpe_hardware_find_subdev:719: entity.name=v4l-subdev2 entity.revision=0
12-15 21:33:09.953 E/mm-camera(  508): vpe_hardware_find_subdev:719: entity.name=v4l-subdev3 entity.revision=0
12-15 21:33:09.953 E/mm-camera(  508): vpe_hardware_find_subdev:719: entity.name=v4l-subdev4 entity.revision=0
12-15 21:33:09.953 E/mm-camera(  508): vpe_hardware_find_subdev:719: entity.name=v4l-subdev5 entity.revision=0
12-15 21:33:09.953 E/mm-camera(  508): vpe_hardware_find_subdev:719: entity.name=v4l-subdev6 entity.revision=0
12-15 21:33:09.953 E/mm-camera(  508): vpe_hardware_find_subdev:719: entity.name=v4l-subdev7 entity.revision=0
12-15 21:33:09.953 E/mm-camera(  508): vpe_hardware_find_subdev:719: entity.name=v4l-subdev8 entity.revision=0
12-15 21:33:09.953 E/mm-camera(  508): vpe_hardware_find_subdev:719: entity.name=v4l-subdev9 entity.revision=0
12-15 21:33:09.953 E/mm-camera(  508): vpe_hardware_find_subdev:719: entity.name=v4l-subdev10 entity.revision=0
12-15 21:33:09.953 E/mm-camera(  508): vpe_hardware_find_subdev:719: entity.name=v4l-subdev11 entity.revision=0
12-15 21:33:09.953 E/mm-camera(  508): vpe_hardware_find_subdev:719: entity.name=v4l-subdev12 entity.revision=12
12-15 21:33:09.953 E/mm-camera(  508): vpe_hardware_find_subdev:719: entity.name=v4l-subdev13 entity.revision=0
12-15 21:33:09.953 E/mm-camera(  508): vpe_hardware_find_subdev:719: entity.name=v4l-subdev14 entity.revision=0
12-15 21:33:09.953 E/mm-camera(  508): vpe_hardware_find_subdev:719: entity.name=v4l-subdev15 entity.revision=0
12-15 21:33:09.953 E/mm-camera(  508): vpe_hardware_find_subdev:719: entity.name=v4l-subdev16 entity.revision=0
12-15 21:33:09.953 E/mm-camera(  508): vpe_hardware_find_subdev:719: entity.name=v4l-subdev17 entity.revision=0
12-15 21:33:09.953 E/mm-camera(  508): vpe_hardware_find_subdev:719: entity.name=v4l-subdev18 entity.revision=0
12-15 21:33:09.953 E/mm-camera(  508): vpe_hardware_find_subdev:714: done enumerating media entities
12-15 21:33:09.953 E/mm-camera(  508): vpe_hardware_find_subdev:719: entity.name=video1 entity.revision=0
12-15 21:33:09.953 E/mm-camera(  508): vpe_hardware_find_subdev:714: done enumerating media entities
12-15 21:33:09.953 E/mm-camera(  508): vpe_hardware_find_subdev:719: entity.name=video2 entity.revision=0
12-15 21:33:09.953 E/mm-camera(  508): vpe_hardware_find_subdev:714: done enumerating media entities
12-15 21:33:09.954 E/mm-camera(  508): vpe_hardware_find_subdev:686: no more media devices
12-15 21:33:09.954 E/mm-camera(  508): vpe_hardware_find_subdev:731: no vpe device found.
12-15 21:33:09.954 E/mm-camera(  508): vpe_hardware_create:31: error: cannot find vpe subdev
12-15 21:33:09.954 E/mm-camera(  508): vpe_module_create_vpe_ctrl:141, failed, cannnot create vpe hardware instance
12-15 21:33:09.954 E/mm-camera(  508): vpe_module_init:34 failed
12-15 21:33:09.954 E/mm-camera(  508): c2d_module_init:50 name=c2d
12-15 21:33:09.954 E/mm-camera(  508): c2d_module_init:92: info: C2D module_init successful
12-15 21:33:09.954 E/mm-camera-vpu(  508): vpu_module_init:54, INFO name=vpu
12-15 21:33:09.954 E/mm-camera-pp(  508): [INFO] base_module_init:142, name=tmod
12-15 21:33:09.954 V/NatController(  481): runCmd(/system/bin/iptables -w -X natctrl_tether_counters) res=1
12-15 21:33:09.963 V/NatController(  481): runCmd(/system/bin/iptables -w -N natctrl_tether_counters) res=0
12-15 21:33:09.973 V/NatController(  481): runCmd(/system/bin/iptables -w -t mangle -A natctrl_mangle_FORWARD -p tcp --tcp-flags SYN SYN -j TCPMSS --clamp-mss-to-pmtu) res=0
12-15 21:33:09.989 E/QC-QMI  (  509): qmi_client [509]: unable to connect to server, errno=[2:No such file or directory], attempt=3
12-15 21:33:09.991 E/QC-QMI  (  493): qmi_client [493]: unable to connect to server, errno=[2:No such file or directory], attempt=3
12-15 21:33:10.009 E/mm-camera-pp(  508): [INFO] base_module_init:142, name=ezt
12-15 21:33:10.009 E/mm-camera-eztune(  508): Tuning lib open failed: dlopen failed: library "libmmcamera_tuning.so" not found
12-15 21:33:10.010 E/mm-camera-img(  508): frameproc_comp_load:843] Error opening frameproc library libmmcamera_llvd.so error dlopen failed: library "libmmcamera_llvd.so" not found
12-15 21:33:10.010 E/mm-camera(  508): module_imgbase_init_llvd:2207] Error rc -6
12-15 21:33:10.022 I/mm-camera-img(  508): module_goog_eis_load:222 successfully loaded goog_eis library
12-15 21:33:10.022 I/mm-camera-img(  508): module_goog_eis_init:2120] successfully return
12-15 21:33:10.070 I/Radio-JNI(  498): register_android_hardware_Radio DONE
12-15 21:33:10.098 I/SamplingProfilerIntegration(  498): Profiling disabled.
12-15 21:33:10.105 D/Zygote  (  498): begin preload
12-15 21:33:10.131 I/Zygote  (  498): Preloading classes...
12-15 21:33:10.211 E/QC-QMI  (  510): qmi_client [510]: unable to connect to server, errno=[2:No such file or directory], attempt=3
12-15 21:33:10.211 V/RenderScript(  508): 0xf41a2000 Launching thread(s), CPUs 6
12-15 21:33:10.313 V/RenderScript(  508): Successfully loaded runtime: libRSDriver_adreno.so
12-15 21:33:10.341 W/Adreno-RS(  508): <rsdSetCacheDir:719>: System path detected in cacheDir: /system/vendor/lib
12-15 21:33:10.341 W/Adreno-RS(  508): <rsdSetCacheDir:730>: Caching & Profiling are disabled!
12-15 21:33:10.413 E/slim_daemon(  572): [NDK] bindNDKSensors: Sensor server is unavailable.
12-15 21:33:10.413 E/QC-QMI  (  572): qmi_client [572]: unable to connect to server, errno=[2:No such file or directory], attempt=2
12-15 21:33:10.563 E/Minikin (  500): addFont failed to create font /system/fonts/NanumGothic.ttf
12-15 21:33:10.563 E/Minikin (  500): addFont failed to create font /system/fonts/DroidSansFallback.ttf
12-15 21:33:10.563 E/Minikin (  500): addFont failed to create font /system/fonts/MTLmr3m.ttf
12-15 21:33:10.565 E/Minikin (  498): addFont failed to create font /system/fonts/NanumGothic.ttf
12-15 21:33:10.565 E/Minikin (  498): addFont failed to create font /system/fonts/DroidSansFallback.ttf
12-15 21:33:10.565 E/Minikin (  498): addFont failed to create font /system/fonts/MTLmr3m.ttf
12-15 21:33:10.594 I/MSM-irqbalance(  373): Discovered a new IRQ: 89
12-15 21:33:10.594 I/MSM-irqbalance(  373): Discovered a new IRQ: 90
12-15 21:33:10.594 I/MSM-irqbalance(  373): Discovered a new IRQ: 196
12-15 21:33:10.594 I/MSM-irqbalance(  373): Discovered a new IRQ: 215
12-15 21:33:10.603 D/MDnsDS  (  481): MDnsSdListener::Hander starting up
12-15 21:33:10.604 D/MDnsDS  (  481): MDnsSdListener starting to monitor
12-15 21:33:10.604 D/MDnsDS  (  481): Going to poll with pollCount 1
12-15 21:33:10.683 V/DngCreator_JNI(  498): DngCreator_nativeClassInit:
12-15 21:33:10.687 V/DngCreator_JNI(  500): DngCreator_nativeClassInit:
12-15 21:33:10.796 E/QC-QMI  (  495): qmi_client [495]: unable to connect to server, errno=[2:No such file or directory], attempt=4
12-15 21:33:10.816 I/art     (  498): Thread[1,tid=498,Native,Thread*=0x7fb393ba00,peer=0x12c2c100,"main"] recursive attempt to load library "/system/lib64/libmedia_jni.so"
12-15 21:33:10.816 D/MtpDeviceJNI(  498): register_android_mtp_MtpDevice
12-15 21:33:10.816 I/art     (  498): Thread[1,tid=498,Native,Thread*=0x7fb393ba00,peer=0x12c2c100,"main"] recursive attempt to load library "/system/lib64/libmedia_jni.so"
12-15 21:33:10.817 I/art     (  498): Thread[1,tid=498,Native,Thread*=0x7fb393ba00,peer=0x12c2c100,"main"] recursive attempt to load library "/system/lib64/libmedia_jni.so"
12-15 21:33:10.829 E/QC-QMI  (  484): qmi_client [484]: unable to connect to server, errno=[2:No such file or directory], attempt=3
12-15 21:33:10.840 I/art     (  500): Thread[1,tid=500,Native,Thread*=0xf5376500,peer=0x12c35100,"main"] recursive attempt to load library "/system/lib/libmedia_jni.so"
12-15 21:33:10.840 D/MtpDeviceJNI(  500): register_android_mtp_MtpDevice
12-15 21:33:10.840 I/art     (  500): Thread[1,tid=500,Native,Thread*=0xf5376500,peer=0x12c35100,"main"] recursive attempt to load library "/system/lib/libmedia_jni.so"
12-15 21:33:10.841 I/art     (  500): Thread[1,tid=500,Native,Thread*=0xf5376500,peer=0x12c35100,"main"] recursive attempt to load library "/system/lib/libmedia_jni.so"
12-15 21:33:10.852 E/EmojiFactory_jni(  498): Failed to load libemoji.so: dlopen failed: library "libemoji.so" not found
12-15 21:33:10.873 E/EmojiFactory_jni(  500): Failed to load libemoji.so: dlopen failed: library "libemoji.so" not found
12-15 21:33:10.956 W/Adreno-RS(  508): <rsdSetCacheDir:719>: System path detected in cacheDir: /system/vendor/lib
12-15 21:33:10.956 W/Adreno-RS(  508): <rsdSetCacheDir:730>: Caching & Profiling are disabled!
12-15 21:33:10.976 I/System  (  498): Loaded time zone names for "" in 18ms (17ms in ICU)
12-15 21:33:10.989 E/QC-QMI  (  509): qmi_client [509]: unable to connect to server, errno=[2:No such file or directory], attempt=4
12-15 21:33:10.992 E/QC-QMI  (  493): qmi_client [493]: unable to connect to server, errno=[2:No such file or directory], attempt=4
12-15 21:33:10.998 I/System  (  498): Loaded time zone names for "en_US" in 22ms (20ms in ICU)
12-15 21:33:10.998 I/System  (  500): Loaded time zone names for "" in 19ms (19ms in ICU)
12-15 21:33:11.013 I/System  (  498): Loaded time zone names for "de_DE" in 15ms (13ms in ICU)
12-15 21:33:11.024 I/Zygote  (  498): ...preloaded 3831 classes in 894ms.
12-15 21:33:11.024 I/art     (  498): VMRuntime.preloadDexCaches starting
12-15 21:33:11.027 I/System  (  500): Loaded time zone names for "en_US" in 29ms (12ms in ICU)
12-15 21:33:11.045 I/System  (  500): Loaded time zone names for "de_DE" in 18ms (18ms in ICU)
12-15 21:33:11.062 I/Zygote  (  500): ...preloaded 3831 classes in 1398ms.
12-15 21:33:11.062 I/art     (  500): VMRuntime.preloadDexCaches starting
12-15 21:33:11.073 I/art     (  498): VMRuntime.preloadDexCaches strings total=243695 before=43711 after=43711
12-15 21:33:11.073 I/art     (  498): VMRuntime.preloadDexCaches types total=20132 before=6880 after=6906
12-15 21:33:11.073 I/art     (  498): VMRuntime.preloadDexCaches fields total=98209 before=35725 after=35930
12-15 21:33:11.073 I/art     (  498): VMRuntime.preloadDexCaches methods total=170282 before=70820 after=71318
12-15 21:33:11.073 I/art     (  498): VMRuntime.preloadDexCaches finished
12-15 21:33:11.098 D/idmap   (  880): error: no read access to /vendor/overlay: No such file or directory
12-15 21:33:11.112 I/art     (  500): VMRuntime.preloadDexCaches strings total=243695 before=43711 after=43711
12-15 21:33:11.112 I/art     (  500): VMRuntime.preloadDexCaches types total=20132 before=6880 after=6906
12-15 21:33:11.112 I/art     (  500): VMRuntime.preloadDexCaches fields total=98209 before=35725 after=35930
12-15 21:33:11.112 I/art     (  500): VMRuntime.preloadDexCaches methods total=170282 before=70820 after=71318
12-15 21:33:11.112 I/art     (  500): VMRuntime.preloadDexCaches finished
12-15 21:33:11.138 E/mm-camera-img(  508): cac2_comp_load:1528] cds_proc_type 1
12-15 21:33:11.138 E/mm-camera(  508): pproc_module_init:2986 num_sub_mods:7
12-15 21:33:11.139 E/mm-camera-img(  508): Can not discover face-detect device
12-15 21:33:11.139 E/mm-camera-img(  508): Can not find device name
12-15 21:33:11.139 E/mm-camera-img(  508): faceproc_dsp_comp_load:1115] E 
12-15 21:33:11.139 E/mm-camera(  508): module_faceproc_init:2289] HW or DSP FD not available switch to SW
12-15 21:33:11.141 I/Zygote  (  498): Preloading resources...
12-15 21:33:11.142 D/idmap   (  881): error: no read access to /vendor/overlay: No such file or directory
12-15 21:33:11.150 I/Zygote  (  500): Preloading resources...
12-15 21:33:11.150 E/mm-camera-img(  508): hdr_comp_load:1258] Error opening hdr library
12-15 21:33:11.150 E/hdr     (  508): Cannot load hdr lib in module_hdr_lib_load
12-15 21:33:11.150 E/hdr     (  508): Cannot load library in hdr module
12-15 21:33:11.151 E/mm-camera-img(  508): module_imglib_create_topology:742] Can not init the module hdr
12-15 21:33:11.151 E/mm-camera-img(  508): frameproc_comp_load:843] Error opening frameproc library libmmcamera_chromaflash_lib.so error dlopen failed: library "libmmcamera_chromaflash_lib.so" not found
12-15 21:33:11.151 E/mm-camera(  508): module_imgbase_init_imglib_chroma_flash:2207] Error rc -6
12-15 21:33:11.151 E/mm-camera-img(  508): module_imglib_create_topology:742] Can not init the module imglib_chroma_flash
12-15 21:33:11.151 E/mm-camera-img(  508): frameproc_comp_load:843] Error opening frameproc library libmmcamera_optizoom_lib.so error dlopen failed: library "libmmcamera_optizoom_lib.so" not found
12-15 21:33:11.151 E/mm-camera(  508): module_imgbase_init_imglib_optizoom:2207] Error rc -6
12-15 21:33:11.151 E/mm-camera-img(  508): module_imglib_create_topology:742] Can not init the module imglib_optizoom
12-15 21:33:11.152 E/mm-camera-img(  508): frameproc_comp_load:843] Error opening frameproc library libmmcamera_ubifocus_lib.so error dlopen failed: library "libmmcamera_ubifocus_lib.so" not found
12-15 21:33:11.152 E/mm-camera(  508): module_imgbase_init_imglib_ubifocus:2207] Error rc -6
12-15 21:33:11.152 E/mm-camera-img(  508): module_imglib_create_topology:742] Can not init the module imglib_ubifocus
12-15 21:33:11.152 E/mm-camera-img(  508): frameproc_comp_load:843] Error opening frameproc library libmmcamera_ubifocus_lib.so error dlopen failed: library "libmmcamera_ubifocus_lib.so" not found
12-15 21:33:11.152 E/mm-camera(  508): module_imgbase_init_imglib_refocus:2207] Error rc -6
12-15 21:33:11.152 E/mm-camera-img(  508): module_imglib_create_topology:742] Can not init the module imglib_refocus
12-15 21:33:11.152 E/mm-camera-img(  508): frameproc_comp_load:843] Error opening frameproc library libmmcamera_trueportrait_lib.so error dlopen failed: library "libmmcamera_trueportrait_lib.so" not found
12-15 21:33:11.152 E/mm-camera(  508): module_imgbase_init_imglib_trueportrait:2207] Error rc -6
12-15 21:33:11.153 E/mm-camera-img(  508): module_imglib_create_topology:742] Can not init the module imglib_trueportrait
12-15 21:33:11.153 E/mm-camera-img(  508): frameproc_comp_load:843] Error opening frameproc library libmmcamera_stillmore_lib.so error dlopen failed: library "libmmcamera_stillmore_lib.so" not found
12-15 21:33:11.153 E/mm-camera(  508): module_imgbase_init_imglib_stillmore:2207] Error rc -6
12-15 21:33:11.153 E/mm-camera-img(  508): module_imglib_create_topology:742] Can not init the module imglib_stillmore
12-15 21:33:11.211 E/QC-QMI  (  510): qmi_client [510]: unable to connect to server, errno=[2:No such file or directory], attempt=4
12-15 21:33:11.414 E/QC-QMI  (  572): qmi_client [572]: unable to connect to server, errno=[2:No such file or directory], attempt=3
12-15 21:33:11.414 E/slim_daemon(  572): [NDK] bindNDKSensors: Sensor server is unavailable.
12-15 21:33:11.493 I/Zygote  (  498): ...preloaded 342 resources in 353ms.
12-15 21:33:11.498 I/Zygote  (  498): ...preloaded 41 resources in 4ms.
12-15 21:33:11.499 D/libEGL  (  498): loaded /vendor/lib64/egl/libEGL_adreno.so
12-15 21:33:11.508 I/Zygote  (  500): ...preloaded 342 resources in 358ms.
12-15 21:33:11.512 I/Zygote  (  500): ...preloaded 41 resources in 3ms.
12-15 21:33:11.518 D/libEGL  (  500): loaded /vendor/lib/egl/libEGL_adreno.so
12-15 21:33:11.538 D/libEGL  (  498): loaded /vendor/lib64/egl/libGLESv1_CM_adreno.so
12-15 21:33:11.547 D/libEGL  (  498): loaded /vendor/lib64/egl/libGLESv2_adreno.so
12-15 21:33:11.558 I/Zygote  (  498): Preloading shared libraries...
12-15 21:33:11.571 D/Zygote  (  498): end preload
12-15 21:33:11.571 I/art     (  498): Starting a blocking GC Explicit
12-15 21:33:11.581 I/art     (  498): Explicit concurrent mark sweep GC freed 11135(448KB) AllocSpace objects, 0(0B) LOS objects, 40% free, 11MB/19MB, paused 76us total 9.206ms
12-15 21:33:11.589 I/art     (  498): Starting a blocking GC Explicit
12-15 21:33:11.596 I/art     (  498): Explicit concurrent mark sweep GC freed 2296(109KB) AllocSpace objects, 0(0B) LOS objects, 40% free, 11MB/19MB, paused 75us total 7.397ms
12-15 21:33:11.597 I/art     (  498): Starting a blocking GC HeapTrim
12-15 21:33:11.602 I/art     (  498): Starting a blocking GC Background
12-15 21:33:11.630 I/Zygote  (  498): System server process 882 has been created
12-15 21:33:11.634 I/Zygote  (  498): Accepting command socket connections
12-15 21:33:11.689 D/libEGL  (  500): loaded /vendor/lib/egl/libGLESv1_CM_adreno.so
12-15 21:33:11.703 D/libEGL  (  500): loaded /vendor/lib/egl/libGLESv2_adreno.so
12-15 21:33:11.725 I/Zygote  (  500): Preloading shared libraries...
12-15 21:33:11.731 D/Zygote  (  500): end preload
12-15 21:33:11.731 I/art     (  500): Starting a blocking GC Explicit
12-15 21:33:11.737 I/art     (  500): Explicit concurrent mark sweep GC freed 3130(156KB) AllocSpace objects, 0(0B) LOS objects, 40% free, 11MB/19MB, paused 120us total 6.136ms
12-15 21:33:11.738 I/art     (  500): Starting a blocking GC Explicit
12-15 21:33:11.743 I/art     (  500): Explicit concurrent mark sweep GC freed 119(3KB) AllocSpace objects, 0(0B) LOS objects, 40% free, 11MB/19MB, paused 112us total 5.540ms
12-15 21:33:11.743 I/Zygote  (  500): Accepting command socket connections
12-15 21:33:11.747 I/Zygote  (  882): Process: zygote socket opened, supported ABIS: armeabi-v7a,armeabi
12-15 21:33:11.748 I/InstallerConnection(  882): connecting...
12-15 21:33:11.748 I/installd(  487): new connection
12-15 21:33:11.781 I/InstallerConnection(  882): disconnecting...
12-15 21:33:11.782 E/installd(  487): eof
12-15 21:33:11.782 E/installd(  487): failed to read size
12-15 21:33:11.782 I/installd(  487): closing connection
12-15 21:33:11.796 E/QC-QMI  (  495): qmi_client [495]: unable to connect to server, errno=[2:No such file or directory], attempt=5
12-15 21:33:11.821 I/SystemServer(  882): Entered the Android system server!
12-15 21:33:11.829 E/QC-QMI  (  484): qmi_client [484]: unable to connect to server, errno=[2:No such file or directory], attempt=4
12-15 21:33:11.872 I/SystemServiceManager(  882): Starting com.android.server.pm.Installer
12-15 21:33:11.881 I/Installer(  882): Waiting for installd to be ready.
12-15 21:33:11.881 I/InstallerConnection(  882): connecting...
12-15 21:33:11.882 I/installd(  487): new connection
12-15 21:33:11.883 I/SystemServiceManager(  882): Starting com.android.server.am.ActivityManagerService$Lifecycle
12-15 21:33:11.922 I/ActivityManager(  882): Memory class: 192
12-15 21:33:11.939 D/BatteryStatsImpl(  882): Reading daily items from /data/system/batterystats-daily.xml
12-15 21:33:11.989 E/QC-QMI  (  509): qmi_client [509]: unable to connect to server, errno=[2:No such file or directory], attempt=5
12-15 21:33:11.992 E/QC-QMI  (  493): qmi_client [493]: unable to connect to server, errno=[2:No such file or directory], attempt=5
12-15 21:33:12.045 I/IntentFirewall(  882): Read new rules (A:0 B:0 S:0)
12-15 21:33:12.052 D/AppOps  (  882): AppOpsService published
12-15 21:33:12.052 I/SystemServiceManager(  882): Starting com.android.server.power.PowerManagerService
12-15 21:33:12.060 I/QCOMPowerHAL(  882): QCOM power HAL initing.
12-15 21:33:12.061 W/libsuspend(  882): Error writing 'on' to /sys/power/state: Invalid argument
12-15 21:33:12.061 I/libsuspend(  882): Selected wakeup count
12-15 21:33:12.061 E/QCOMPowerHAL(  882): Invalid hint ID.
12-15 21:33:12.063 I/SystemServiceManager(  882): Starting com.android.server.lights.LightsService
12-15 21:33:12.065 I/SystemServiceManager(  882): Starting com.android.server.display.DisplayManagerService
12-15 21:33:12.067 I/SystemServiceManager(  882): Starting phase 100
12-15 21:33:12.080 I/DisplayManagerService(  882): Display device added: DisplayDeviceInfo{"Integrierter Bildschirm": uniqueId="local:0", 1080 x 1920, modeId 1, defaultModeId 1, supportedModes [{id=1, width=1080, height=1920, fps=60.0}], colorTransformId 1, defaultColorTransformId 1, supportedColorTransforms [{id=1, colorTransform=-22}], density 420, 422.03 x 424.069 dpi, appVsyncOff 0, presDeadline 17666667, touch INTERNAL, rotation 0, type BUILT_IN, state UNKNOWN, FLAG_DEFAULT_DISPLAY, FLAG_ROTATES_WITH_CONTENT, FLAG_SECURE, FLAG_SUPPORTS_PROTECTED_BUFFERS}
12-15 21:33:12.081 D/SurfaceFlinger(  369): Set power mode=2, type=0 flinger=0x7f872c3c00
12-15 21:33:12.081 D/SurfaceFlinger(  369): Screen type=0 is already mode=2
12-15 21:33:12.081 I/SystemServer(  882): Package Manager
12-15 21:33:12.082 I/DisplayManagerService(  882): Display device changed state: "Integrierter Bildschirm", ON
12-15 21:33:12.095 D/vold    (  337): Disk at 253:0 changed
12-15 21:33:12.125 D/vold    (  337): Disk at 253:0 changed
12-15 21:33:12.133 D/vold    (  337): Disk at 253:0 changed
12-15 21:33:12.144 D/SELinuxMMAC(  882): Using policy file /system/etc/security/mac_permissions.xml
12-15 21:33:12.155 D/PackageSettings(  882): Read domain verification for package:com.google.android.youtube
12-15 21:33:12.164 D/PackageSettings(  882): Read domain verification for package:com.android.vending
12-15 21:33:12.176 D/PackageSettings(  882): Read domain verification for package:com.google.android.apps.maps
12-15 21:33:12.211 E/QC-QMI  (  510): qmi_client [510]: unable to connect to server, errno=[2:No such file or directory], attempt=5
12-15 21:33:12.246 D/vold    (  337): Disk at 253:0 changed
12-15 21:33:12.251 D/vold    (  337): Disk at 253:0 changed
12-15 21:33:12.251 D/vold    (  337): Disk at 253:0 changed
12-15 21:33:12.252 D/vold    (  337): Disk at 253:0 changed
12-15 21:33:12.252 D/vold    (  337): Disk at 253:0 changed
12-15 21:33:12.253 D/vold    (  337): Disk at 253:0 changed
12-15 21:33:12.253 D/vold    (  337): Disk at 253:0 changed
12-15 21:33:12.253 D/vold    (  337): Disk at 253:0 changed
12-15 21:33:12.254 D/vold    (  337): Disk at 253:0 changed
12-15 21:33:12.254 D/vold    (  337): Disk at 253:0 changed
12-15 21:33:12.268 E/art     (  882): DexFile_getDexOptNeeded file '/system/framework/org.apache.http.legacy.jar' does not exist
12-15 21:33:12.268 W/PackageManager(  882): Library not found: /system/framework/org.apache.http.legacy.jar
12-15 21:33:12.310 E/art     (  882): DexFile_getDexOptNeeded file '/system/framework/org.apache.http.legacy.jar' does not exist
12-15 21:33:12.310 W/PackageManager(  882): Library not found: /system/framework/org.apache.http.legacy.jar
12-15 21:33:12.404 D/PackageManager(  882): No files in app dir /vendor/overlay
12-15 21:33:12.407 W/PackageManager(  882): Failed to parse /system/framework/arm: Missing base APK in /system/framework/arm
12-15 21:33:12.408 W/PackageManager(  882): Failed to parse /system/framework/arm64: Missing base APK in /system/framework/arm64
12-15 21:33:12.414 E/QC-QMI  (  572): qmi_client [572]: unable to connect to server, errno=[2:No such file or directory], attempt=4
12-15 21:33:12.414 E/slim_daemon(  572): [NDK] bindNDKSensors: Sensor server is unavailable.
12-15 21:33:12.446 W/PackageManager(  882): Failed to parse /system/framework/oat: Missing base APK in /system/framework/oat
12-15 21:33:12.650 W/PackageParser(  882): Unknown element under <application>: uses-permission at /system/priv-app/DiagMon/DiagMon.apk Binary XML file line #7
12-15 21:33:12.676 W/PackageManager(  882): Permission android.permission.DOWNLOAD_WITHOUT_NOTIFICATION from package com.android.providers.downloads in an unknown group android.permission-group.NETWORK
12-15 21:33:12.779 W/PackageParser(  882): No actions in intent filter at /system/priv-app/GoogleContacts/GoogleContacts.apk Binary XML file line #390
12-15 21:33:12.797 E/QC-QMI  (  495): qmi_client [495]: unable to connect to server, errno=[2:No such file or directory], attempt=6
12-15 21:33:12.829 E/QC-QMI  (  484): qmi_client [484]: unable to connect to server, errno=[2:No such file or directory], attempt=5
12-15 21:33:12.831 W/PackageParser(  882): No actions in intent filter at /system/priv-app/GoogleDialer/GoogleDialer.apk Binary XML file line #191
12-15 21:33:12.863 W/PackageParser(  882): Unknown element under <manifest>: uses-library at /system/priv-app/GoogleFeedback/GoogleFeedback.apk Binary XML file line #30
12-15 21:33:12.972 W/PackageParser(  882): Ignoring duplicate uses-permissions/uses-permissions-sdk-m: com.google.android.providers.gsf.permission.READ_GSERVICES in package: com.google.android.partnersetup at: Binary XML file line #31
12-15 21:33:12.989 E/QC-QMI  (  509): qmi_client [509]: unable to connect to server, errno=[2:No such file or directory], attempt=6
12-15 21:33:12.993 E/QC-QMI  (  493): qmi_client [493]: unable to connect to server, errno=[2:No such file or directory], attempt=6
12-15 21:33:13.022 E/Diag_Lib(  494):  Diag_LSM_Init: Failed to open handle to diag driver, error = 13
12-15 21:33:13.019 W/netmgrd (  494): type=1400 audit(0.0:49): avc: denied { read write } for name="diag" dev="tmpfs" ino=10582 scontext=u:r:netmgrd:s0 tcontext=u:object_r:diag_device:s0 tclass=chr_file permissive=0
12-15 21:33:13.039 W/netmgrd (  494): type=1400 audit(0.0:50): avc: denied { read write } for name="diag" dev="tmpfs" ino=10582 scontext=u:r:netmgrd:s0 tcontext=u:object_r:diag_device:s0 tclass=chr_file permissive=0
12-15 21:33:13.040 W/PackageManager(  882): Permission com.google.android.googleapps.permission.GOOGLE_AUTH from package com.google.android.gsf in an unknown group android.permission-group.ACCOUNTS
12-15 21:33:13.040 W/PackageManager(  882): Permission com.google.android.googleapps.permission.GOOGLE_AUTH.ALL_SERVICES from package com.google.android.gsf in an unknown group android.permission-group.ACCOUNTS
12-15 21:33:13.040 W/PackageManager(  882): Permission com.google.android.googleapps.permission.GOOGLE_AUTH.OTHER_SERVICES from package com.google.android.gsf in an unknown group android.permission-group.ACCOUNTS
12-15 21:33:13.040 W/PackageManager(  882): Permission com.google.android.googleapps.permission.GOOGLE_AUTH.mail from package com.google.android.gsf in an unknown group android.permission-group.ACCOUNTS
12-15 21:33:13.040 W/PackageManager(  882): Permission com.google.android.googleapps.permission.GOOGLE_AUTH.cl from package com.google.android.gsf in an unknown group android.permission-group.ACCOUNTS
12-15 21:33:13.040 W/PackageManager(  882): Permission com.google.android.googleapps.permission.GOOGLE_AUTH.android from package com.google.android.gsf in an unknown group android.permission-group.ACCOUNTS
12-15 21:33:13.040 W/PackageManager(  882): Permission com.google.android.googleapps.permission.GOOGLE_AUTH.androidsecure from package com.google.android.gsf in an unknown group android.permission-group.ACCOUNTS
12-15 21:33:13.040 W/PackageManager(  882): Permission com.google.android.googleapps.permission.GOOGLE_AUTH.sierra from package com.google.android.gsf in an unknown group android.permission-group.ACCOUNTS
12-15 21:33:13.040 W/PackageManager(  882): Permission com.google.android.googleapps.permission.GOOGLE_AUTH.sierraqa from package com.google.android.gsf in an unknown group android.permission-group.ACCOUNTS
12-15 21:33:13.040 W/PackageManager(  882): Permission com.google.android.googleapps.permission.GOOGLE_AUTH.sierrasandbox from package com.google.android.gsf in an unknown group android.permission-group.ACCOUNTS
12-15 21:33:13.040 W/PackageManager(  882): Permission com.google.android.googleapps.permission.GOOGLE_AUTH.youtube from package com.google.android.gsf in an unknown group android.permission-group.ACCOUNTS
12-15 21:33:13.040 W/PackageManager(  882): Permission com.google.android.googleapps.permission.GOOGLE_AUTH.YouTubeUser from package com.google.android.gsf in an unknown group android.permission-group.ACCOUNTS
12-15 21:33:13.041 W/PackageManager(  882): Permission com.google.android.googleapps.permission.GOOGLE_AUTH.talk from package com.google.android.gsf in an unknown group android.permission-group.ACCOUNTS
12-15 21:33:13.041 W/PackageManager(  882): Permission com.google.android.googleapps.permission.GOOGLE_AUTH.ig from package com.google.android.gsf in an unknown group android.permission-group.ACCOUNTS
12-15 21:33:13.041 W/PackageManager(  882): Permission com.google.android.googleapps.permission.GOOGLE_AUTH.lh2 from package com.google.android.gsf in an unknown group android.permission-group.ACCOUNTS
12-15 21:33:13.041 W/PackageManager(  882): Permission com.google.android.googleapps.permission.GOOGLE_AUTH.mobile from package com.google.android.gsf in an unknown group android.permission-group.ACCOUNTS
12-15 21:33:13.041 W/PackageManager(  882): Permission com.google.android.googleapps.permission.GOOGLE_AUTH.cp from package com.google.android.gsf in an unknown group android.permission-group.ACCOUNTS
12-15 21:33:13.041 W/PackageManager(  882): Permission com.google.android.googleapps.permission.GOOGLE_AUTH.adsense from package com.google.android.gsf in an unknown group android.permission-group.ACCOUNTS
12-15 21:33:13.041 W/PackageManager(  882): Permission com.google.android.googleapps.permission.GOOGLE_AUTH.adwords from package com.google.android.gsf in an unknown group android.permission-group.ACCOUNTS
12-15 21:33:13.041 W/PackageManager(  882): Permission com.google.android.googleapps.permission.GOOGLE_AUTH.blogger from package com.google.android.gsf in an unknown group android.permission-group.ACCOUNTS
12-15 21:33:13.041 W/PackageManager(  882): Permission com.google.android.googleapps.permission.GOOGLE_AUTH.dodgeball from package com.google.android.gsf in an unknown group android.permission-group.ACCOUNTS
12-15 21:33:13.041 W/PackageManager(  882): Permission com.google.android.googleapps.permission.GOOGLE_AUTH.gbase from package com.google.android.gsf in an unknown group android.permission-group.ACCOUNTS
12-15 21:33:13.041 W/PackageManager(  882): Permission com.google.android.googleapps.permission.GOOGLE_AUTH.groups2 from package com.google.android.gsf in an unknown group android.permission-group.ACCOUNTS
12-15 21:33:13.041 W/PackageManager(  882): Permission com.google.android.googleapps.permission.GOOGLE_AUTH.health from package com.google.android.gsf in an unknown group android.permission-group.ACCOUNTS
12-15 21:33:13.041 W/PackageManager(  882): Permission com.google.android.googleapps.permission.GOOGLE_AUTH.jotspot from package com.google.android.gsf in an unknown group android.permission-group.ACCOUNTS
12-15 21:33:13.041 W/PackageManager(  882): Permission com.google.android.googleapps.permission.GOOGLE_AUTH.knol from package com.google.android.gsf in an unknown group android.permission-group.ACCOUNTS
12-15 21:33:13.041 W/PackageManager(  882): Permission com.google.android.googleapps.permission.GOOGLE_AUTH.news from package com.google.android.gsf in an unknown group android.permission-group.ACCOUNTS
12-15 21:33:13.041 W/PackageManager(  882): Permission com.google.android.googleapps.permission.GOOGLE_AUTH.orkut from package com.google.android.gsf in an unknown group android.permission-group.ACCOUNTS
12-15 21:33:13.041 W/PackageManager(  882): Permission com.google.android.googleapps.permission.GOOGLE_AUTH.print from package com.google.android.gsf in an unknown group android.permission-group.ACCOUNTS
12-15 21:33:13.041 W/PackageManager(  882): Permission com.google.android.googleapps.permission.GOOGLE_AUTH.sitemaps from package com.google.android.gsf in an unknown group android.permission-group.ACCOUNTS
12-15 21:33:13.041 W/PackageManager(  882): Permission com.google.android.googleapps.permission.GOOGLE_AUTH.wifi from package com.google.android.gsf in an unknown group android.permission-group.ACCOUNTS
12-15 21:33:13.041 W/PackageManager(  882): Permission com.google.android.googleapps.permission.GOOGLE_AUTH.finance from package com.google.android.gsf in an unknown group android.permission-group.ACCOUNTS
12-15 21:33:13.041 W/PackageManager(  882): Permission com.google.android.googleapps.permission.GOOGLE_AUTH.local from package com.google.android.gsf in an unknown group android.permission-group.ACCOUNTS
12-15 21:33:13.041 W/PackageManager(  882): Permission com.google.android.googleapps.permission.GOOGLE_AUTH.ah from package com.google.android.gsf in an unknown group android.permission-group.ACCOUNTS
12-15 21:33:13.042 W/PackageManager(  882): Permission com.google.android.googleapps.permission.GOOGLE_AUTH.notebook from package com.google.android.gsf in an unknown group android.permission-group.ACCOUNTS
12-15 21:33:13.042 W/PackageManager(  882): Permission com.google.android.googleapps.permission.GOOGLE_AUTH.writely from package com.google.android.gsf in an unknown group android.permission-group.ACCOUNTS
12-15 21:33:13.042 W/PackageManager(  882): Permission com.google.android.googleapps.permission.GOOGLE_AUTH.wise from package com.google.android.gsf in an unknown group android.permission-group.ACCOUNTS
12-15 21:33:13.042 W/PackageManager(  882): Permission com.google.android.googleapps.permission.GOOGLE_AUTH.grandcentral from package com.google.android.gsf in an unknown group android.permission-group.ACCOUNTS
12-15 21:33:13.042 W/PackageManager(  882): Permission com.google.android.googleapps.permission.GOOGLE_AUTH.speechpersonalization from package com.google.android.gsf in an unknown group android.permission-group.ACCOUNTS
12-15 21:33:13.042 W/PackageManager(  882): Permission com.google.android.googleapps.permission.GOOGLE_AUTH.speech from package com.google.android.gsf in an unknown group android.permission-group.ACCOUNTS
12-15 21:33:13.042 W/PackageManager(  882): Permission com.google.android.providers.talk.permission.READ_ONLY from package com.google.android.gsf in an unknown group android.permission-group.MESSAGES
12-15 21:33:13.042 W/PackageManager(  882): Permission com.google.android.providers.talk.permission.WRITE_ONLY from package com.google.android.gsf in an unknown group android.permission-group.MESSAGES
12-15 21:33:13.042 W/PackageManager(  882): Permission com.google.android.gtalkservice.permission.GTALK_SERVICE from package com.google.android.gsf in an unknown group android.permission-group.MESSAGES
12-15 21:33:13.042 W/PackageManager(  882): Permission com.google.android.gtalkservice.permission.SEND_HEARTBEAT from package com.google.android.gsf in an unknown group android.permission-group.NETWORK
12-15 21:33:13.044 E/Diag_Lib(  494):  Diag_LSM_Init: Failed to open handle to diag driver, error = 13
12-15 21:33:13.042 W/PackageManager(  882): Permission com.google.android.permission.BROADCAST_DATA_MESSAGE from package com.google.android.gsf in an unknown group android.permission-group.NETWORK
12-15 21:33:13.047 W/PackageManager(  882): Permission com.google.android.c2dm.permission.SEND from package com.google.android.gsf in an unknown group android.permission-group.NETWORK
12-15 21:33:13.047 W/PackageManager(  882): Permission com.google.android.c2dm.permission.RECEIVE from package com.google.android.gsf in an unknown group android.permission-group.NETWORK
12-15 21:33:13.047 W/PackageManager(  882): Permission com.google.android.xmpp.permission.BROADCAST from package com.google.android.gsf in an unknown group android.permission-group.NETWORK
12-15 21:33:13.047 W/PackageManager(  882): Permission com.google.android.xmpp.permission.SEND_RECEIVE from package com.google.android.gsf in an unknown group android.permission-group.NETWORK
12-15 21:33:13.047 W/PackageManager(  882): Permission com.google.android.xmpp.permission.XMPP_ENDPOINT_BROADCAST from package com.google.android.gsf in an unknown group android.permission-group.NETWORK
12-15 21:33:13.047 W/PackageManager(  882): Permission com.google.android.xmpp.permission.USE_XMPP_ENDPOINT from package com.google.android.gsf in an unknown group android.permission-group.NETWORK
12-15 21:33:13.047 W/PackageManager(  882): Permission com.google.android.providers.gsf.permission.READ_GSERVICES from package com.google.android.gsf in an unknown group android.permission-group.ACCOUNTS
12-15 21:33:13.061 E/QC-QMI  (  491): linux_qmi_qmux_io_stop_watchdog_timer(): invalid timer_id for conn_id=0
12-15 21:33:13.063 E/QC-QMI  (  491): qmi_ctl_rx_msg.c Can't find txn info for txn_id = 1
12-15 21:33:13.112 E/QC-QMI  (  491): qmuxd: unable to bind to listener socket, rc=-1, errno=[2:No such file or directory]
12-15 21:33:13.113 E/QC-QMI  (  491): qmuxd: invalid listener_fd recvd for sock_path=/dev/socket/qmux_nfc/qmux_connect_socket
12-15 21:33:13.113 E/QC-QMI  (  491): linux_qmi_qmux_io_stop_watchdog_timer(): invalid timer_id for conn_id=60
12-15 21:33:13.216 E/QC-QMI  (  510): qmi_client [510] 1: failed to locate client data
12-15 21:33:13.216 E/QC-QMI  (  491): qmuxd: RX on fd=15 returned error=0 errno[2:No such file or directory]
12-15 21:33:13.216 E/QC-QMI  (  491): QMUX qmux_client_id=1 not found in qmux client list, unable to remove
12-15 21:33:13.218 E/QC-QMI  (  491): qmi_qmux_open_connection: connection is disabled for conn_id=29
12-15 21:33:13.218 E/QC-QMI  (  491): qmi_qmux_tx_msg: failed to open inactive connd_id=29
12-15 21:33:13.218 E/QC-QMI  (  491): qmi_qmux: TX failed, connection inactive or in reset, conn_id=29, status_flags=4
12-15 21:33:13.218 E/QC-QMI  (  491): qmi_ctl_tx_msg: qmi_qmux_tx_msg failed
12-15 21:33:13.218 E/QC-QMI  (  491): qmi_ctl_handle_request: qmi_ctl_tx_msg call failed
12-15 21:33:13.219 E/QC-QMI  (  491): qmi_qmux_open_connection: connection is disabled for conn_id=29
12-15 21:33:13.219 E/QC-QMI  (  491): qmi_qmux_tx_msg: failed to open inactive connd_id=29
12-15 21:33:13.219 E/QC-QMI  (  491): qmi_qmux: TX failed, connection inactive or in reset, conn_id=29, status_flags=4
12-15 21:33:13.219 E/QC-QMI  (  491): qmi_ctl_tx_msg: qmi_qmux_tx_msg failed
12-15 21:33:13.219 E/QC-QMI  (  491): qmi_ctl_handle_request: qmi_ctl_tx_msg call failed
12-15 21:33:13.220 E/QC-QMI  (  491): qmi_qmux_open_connection: connection is disabled for conn_id=29
12-15 21:33:13.220 E/QC-QMI  (  491): qmi_qmux_tx_msg: failed to open inactive connd_id=29
12-15 21:33:13.220 E/QC-QMI  (  491): qmi_qmux: TX failed, connection inactive or in reset, conn_id=29, status_flags=4
12-15 21:33:13.220 E/QC-QMI  (  491): qmi_ctl_tx_msg: qmi_qmux_tx_msg failed
12-15 21:33:13.220 E/QC-QMI  (  491): qmi_ctl_handle_request: qmi_ctl_tx_msg call failed
12-15 21:33:13.223 E/QC-QMI  (  510): qmi_client [510] 2: failed to locate client data
12-15 21:33:13.223 E/QC-QMI  (  491): qmuxd: RX on fd=15 returned error=0 errno[2:No such file or directory]
12-15 21:33:13.223 E/QC-QMI  (  491): QMUX qmux_client_id=2 not found in qmux client list, unable to remove
12-15 21:33:13.226 E/QC-QMI  (  491): qmi_qmux_open_connection: connection is disabled for conn_id=48
12-15 21:33:13.226 E/QC-QMI  (  491): qmi_qmux_tx_msg: failed to open inactive connd_id=48
12-15 21:33:13.226 E/QC-QMI  (  491): qmi_qmux: TX failed, connection inactive or in reset, conn_id=48, status_flags=4
12-15 21:33:13.226 E/QC-QMI  (  491): qmi_ctl_tx_msg: qmi_qmux_tx_msg failed
12-15 21:33:13.226 E/QC-QMI  (  491): qmi_ctl_handle_request: qmi_ctl_tx_msg call failed
12-15 21:33:13.226 E/QC-QMI  (  491): qmi_qmux_open_connection: connection is disabled for conn_id=48
12-15 21:33:13.226 E/QC-QMI  (  491): qmi_qmux_tx_msg: failed to open inactive connd_id=48
12-15 21:33:13.226 E/QC-QMI  (  491): qmi_qmux: TX failed, connection inactive or in reset, conn_id=48, status_flags=4
12-15 21:33:13.226 E/QC-QMI  (  491): qmi_ctl_tx_msg: qmi_qmux_tx_msg failed
12-15 21:33:13.226 E/QC-QMI  (  491): qmi_ctl_handle_request: qmi_ctl_tx_msg call failed
12-15 21:33:13.227 E/QC-QMI  (  510): qmi_client [510] 3: failed to locate client data
12-15 21:33:13.228 E/QC-QMI  (  491): qmuxd: RX on fd=15 returned error=0 errno[2:No such file or directory]
