12-15 22:09:51.045 I/art     (  501): option[33]=-Ximage-compiler-option
12-15 22:09:51.045 I/art     (  501): option[34]=-j4
12-15 22:09:51.045 I/art     (  501): option[35]=-Ximage-compiler-option
12-15 22:09:51.045 I/art     (  501): option[36]=--instruction-set-variant=cortex-a53
12-15 22:09:51.045 I/art     (  501): option[37]=-Xcompiler-option
12-15 22:09:51.045 I/art     (  501): option[38]=--instruction-set-variant=cortex-a53
12-15 22:09:51.045 I/art     (  501): option[39]=-Ximage-compiler-option
12-15 22:09:51.045 I/art     (  501): option[40]=--instruction-set-features=default
12-15 22:09:51.045 I/art     (  501): option[41]=-Xcompiler-option
12-15 22:09:51.045 I/art     (  501): option[42]=--instruction-set-features=default
12-15 22:09:51.045 I/art     (  501): option[43]=-Duser.locale=de-DE
12-15 22:09:51.045 I/art     (  501): option[44]=--cpu-abilist=arm64-v8a
12-15 22:09:51.045 I/art     (  501): option[45]=-Xfingerprint:google/bullhead/bullhead:6.0.1/MMB29K/2419427:user/release-keys
12-15 22:09:51.127 E/        (  500): ServiceManager: 0x7f83d21a40
12-15 22:09:51.128 I/ConnectionManagerService(  500): ConnectionManagerService::instantiate()
12-15 22:09:51.128 I/ConnectionManagerService(  500): ConnectionManagerService started: pid = 500
12-15 22:09:51.133 D/vold    (  337): Disk at 253:0 changed
12-15 22:09:51.139 E/Diag_Lib(  555):  Diag_LSM_Init: Failed to open handle to diag driver, error = 13
12-15 22:09:51.139 E/slim_daemon(  555): [NDK] bindNDKSensors: Sensor server is unavailable.
12-15 22:09:51.139 E/QC-QMI  (  555): qmi_client [555]: unable to connect to server, errno=[2:No such file or directory], attempt=1
12-15 22:09:51.359 D/AndroidRuntime(  502): >>>>>> START com.android.internal.os.ZygoteInit uid 0 <<<<<<
12-15 22:09:51.365 D/ICU     (  501): No timezone override file found: /data/misc/zoneinfo/current/icu/icu_tzdata.dat
12-15 22:09:51.451 D/AndroidRuntime(  502): CheckJNI is OFF
12-15 22:09:51.451 I/art     (  502): option[0]=-Xzygote
12-15 22:09:51.452 I/art     (  502): option[1]=-Xstacktracefile:/data/anr/traces.txt
12-15 22:09:51.452 I/art     (  502): option[2]=exit
12-15 22:09:51.452 I/art     (  502): option[3]=vfprintf
12-15 22:09:51.452 I/art     (  502): option[4]=sensitiveThread
12-15 22:09:51.452 I/art     (  502): option[5]=-verbose:gc
12-15 22:09:51.452 I/art     (  502): option[6]=-Xms8m
12-15 22:09:51.452 I/art     (  502): option[7]=-Xmx512m
12-15 22:09:51.452 I/art     (  502): option[8]=-XX:HeapGrowthLimit=192m
12-15 22:09:51.452 I/art     (  502): option[9]=-XX:HeapMinFree=512k
12-15 22:09:51.452 I/art     (  502): option[10]=-XX:HeapMaxFree=8m
12-15 22:09:51.452 I/art     (  502): option[11]=-XX:HeapTargetUtilization=0.75
12-15 22:09:51.452 I/art     (  502): option[12]=-agentlib:jdwp=transport=dt_android_adb,suspend=n,server=y
12-15 22:09:51.452 I/art     (  502): option[13]=-Ximage-compiler-option
12-15 22:09:51.452 I/art     (  502): option[14]=--runtime-arg
12-15 22:09:51.452 I/art     (  502): option[15]=-Ximage-compiler-option
12-15 22:09:51.452 I/art     (  502): option[16]=-Xms64m
12-15 22:09:51.452 I/art     (  502): option[17]=-Ximage-compiler-option
12-15 22:09:51.452 I/art     (  502): option[18]=--runtime-arg
12-15 22:09:51.452 I/art     (  502): option[19]=-Ximage-compiler-option
12-15 22:09:51.452 I/art     (  502): option[20]=-Xmx64m
12-15 22:09:51.452 I/art     (  502): option[21]=-Ximage-compiler-option
12-15 22:09:51.452 I/art     (  502): option[22]=--image-classes=/system/etc/preloaded-classes
12-15 22:09:51.452 I/art     (  502): option[23]=-Xcompiler-option
12-15 22:09:51.452 I/art     (  502): option[24]=--runtime-arg
12-15 22:09:51.452 I/art     (  502): option[25]=-Xcompiler-option
12-15 22:09:51.453 I/art     (  502): option[26]=-Xms64m
12-15 22:09:51.453 I/art     (  502): option[27]=-Xcompiler-option
12-15 22:09:51.453 I/art     (  502): option[28]=--runtime-arg
12-15 22:09:51.453 I/art     (  502): option[29]=-Xcompiler-option
12-15 22:09:51.453 I/art     (  502): option[30]=-Xmx512m
12-15 22:09:51.453 I/art     (  502): option[31]=-Xcompiler-option
12-15 22:09:51.453 I/art     (  502): option[32]=-j2
12-15 22:09:51.453 I/art     (  502): option[33]=-Ximage-compiler-option
12-15 22:09:51.453 I/art     (  502): option[34]=-j4
12-15 22:09:51.453 I/art     (  502): option[35]=-Ximage-compiler-option
12-15 22:09:51.453 I/art     (  502): option[36]=--instruction-set-variant=cortex-a7
12-15 22:09:51.453 I/art     (  502): option[37]=-Xcompiler-option
12-15 22:09:51.453 I/art     (  502): option[38]=--instruction-set-variant=cortex-a7
12-15 22:09:51.453 I/art     (  502): option[39]=-Ximage-compiler-option
12-15 22:09:51.453 I/art     (  502): option[40]=--instruction-set-features=default
12-15 22:09:51.453 I/art     (  502): option[41]=-Xcompiler-option
12-15 22:09:51.453 I/art     (  502): option[42]=--instruction-set-features=default
12-15 22:09:51.453 I/art     (  502): option[43]=-Duser.locale=de-DE
12-15 22:09:51.453 I/art     (  502): option[44]=--cpu-abilist=armeabi-v7a,armeabi
12-15 22:09:51.453 I/art     (  502): option[45]=-Xfingerprint:google/bullhead/bullhead:6.0.1/MMB29K/2419427:user/release-keys
12-15 22:09:51.627 I/Radio-JNI(  501): register_android_hardware_Radio DONE
12-15 22:09:51.629 E/QC-QMI  (  487): qmi_client [487]: unable to connect to server, errno=[2:No such file or directory], attempt=2
12-15 22:09:51.650 I/mm-camera(  508): server_process_module_init:59, int mods
12-15 22:09:51.651 E/mm-camera-sensor(  508): eebin_read:387failed!
12-15 22:09:51.651 E/mm-camera-sensor(  508): eebin_read:387failed!
12-15 22:09:51.651 E/mm-camera-sensor(  508): sensor_init_probe:483failed: to oribe eeprom bin sensors
12-15 22:09:51.651 E/mm-camera-sensor(  508): add_external_sensor:108NO external sensor lib: no external path
12-15 22:09:51.652 E/mm-camera-sensor(  508): sensor_probe:274failed: to load imx214
12-15 22:09:51.652 E/mm-camera-sensor(  508): sensor_probe:274failed: to load imx230
12-15 22:09:51.652 E/mm-camera-sensor(  508): sensor_probe:274failed: to load s5k3m2xx
12-15 22:09:51.672 E/mm-camera-sensor(  508): sensor_probe:274failed: to load s5k3m2xm
12-15 22:09:51.672 E/mm-camera-sensor(  508): sensor_probe:274failed: to load ov4688
12-15 22:09:51.672 E/mm-camera-sensor(  508): sensor_probe:274failed: to load imx258
12-15 22:09:51.683 I/SamplingProfilerIntegration(  501): Profiling disabled.
12-15 22:09:51.688 D/Zygote  (  501): begin preload
12-15 22:09:51.697 I/Zygote  (  501): Preloading classes...
12-15 22:09:51.773 E/QC-QMI  (  498): qmi_client [498]: unable to connect to server, errno=[2:No such file or directory], attempt=3
12-15 22:09:51.816 D/ICU     (  502): No timezone override file found: /data/misc/zoneinfo/current/icu/icu_tzdata.dat
12-15 22:09:51.830 E/QC-QMI  (  496): qmi_client [496]: unable to connect to server, errno=[2:No such file or directory], attempt=3
12-15 22:09:51.872 D/mm-camera-intf(  489): index = 0 flag = 3 mount_angle = 270 facing = 0
12-15 22:09:51.872 E/mm-camera(  508): module_sensor_find_other_subdev:6416subdev_name /dev/v4l-subdev0 subdev id 0
12-15 22:09:51.872 D/mm-camera-intf(  489): index = 1 flag = 101 mount_angle = 90 facing = 1
12-15 22:09:51.872 E/mm-camera(  508): module_sensor_find_other_subdev:6416subdev_name /dev/v4l-subdev1 subdev id 1
12-15 22:09:51.872 E/QC-QMI  (  509): qmi_client [509]: unable to connect to server, errno=[2:No such file or directory], attempt=3
12-15 22:09:51.872 E/mm-camera(  508): module_sensor_find_other_subdev:6416subdev_name /dev/v4l-subdev2 subdev id 2
12-15 22:09:51.872 E/mm-camera(  508): module_sensor_find_other_subdev:6416subdev_name /dev/v4l-subdev3 subdev id 0
12-15 22:09:51.872 E/mm-camera(  508): module_sensor_find_other_subdev:6416subdev_name /dev/v4l-subdev4 subdev id 1
12-15 22:09:51.872 E/mm-camera(  508): module_sensor_find_other_subdev:6416subdev_name /dev/v4l-subdev5 subdev id 2
12-15 22:09:51.872 E/mm-camera(  508): module_sensor_find_other_subdev:6416subdev_name /dev/v4l-subdev6 subdev id 3
12-15 22:09:51.872 E/mm-camera(  508): module_sensor_find_other_subdev:6416subdev_name /dev/v4l-subdev7 subdev id 0
12-15 22:09:51.872 E/mm-camera(  508): module_sensor_find_other_subdev:6416subdev_name /dev/v4l-subdev8 subdev id 0
12-15 22:09:51.872 E/mm-camera(  508): module_sensor_find_other_subdev:6416subdev_name /dev/v4l-subdev9 subdev id 5
12-15 22:09:51.872 E/mm-camera(  508): module_sensor_find_other_subdev:6416subdev_name /dev/v4l-subdev10 subdev id 1
12-15 22:09:51.906 E/QC-QMI  (  510): qmi_client [510]: unable to connect to server, errno=[2:No such file or directory], attempt=3
12-15 22:09:51.987 V/NatController(  484): runCmd(/system/bin/iptables -w -F natctrl_FORWARD) res=0
12-15 22:09:51.998 V/NatController(  484): runCmd(/system/bin/iptables -w -A natctrl_FORWARD -j DROP) res=0
12-15 22:09:52.007 V/NatController(  484): runCmd(/system/bin/iptables -w -t nat -F natctrl_nat_POSTROUTING) res=0
12-15 22:09:52.018 V/NatController(  484): runCmd(/system/bin/iptables -w -F natctrl_tether_counters) res=1
12-15 22:09:52.026 E/mm-camera-isp2(  508): module_chroma_enhan40_init:90 name chroma_enhan40
12-15 22:09:52.030 V/NatController(  484): runCmd(/system/bin/iptables -w -X natctrl_tether_counters) res=1
12-15 22:09:52.036 E/mm-camera-isp2(  508): module_color_correct40_init:96 name color_correct40
12-15 22:09:52.039 V/NatController(  484): runCmd(/system/bin/iptables -w -N natctrl_tether_counters) res=0
12-15 22:09:52.041 E/mm-camera-isp2(  508): module_luma_adaptation40_init:87 name luma_adaptation40
12-15 22:09:52.048 V/NatController(  484): runCmd(/system/bin/iptables -w -t mangle -A natctrl_mangle_FORWARD -p tcp --tcp-flags SYN SYN -j TCPMSS --clamp-mss-to-pmtu) res=0
12-15 22:09:52.140 E/slim_daemon(  555): [NDK] bindNDKSensors: Sensor server is unavailable.
12-15 22:09:52.140 E/QC-QMI  (  555): qmi_client [555]: unable to connect to server, errno=[2:No such file or directory], attempt=2
12-15 22:09:52.191 E/mm-camera-isp2(  508): module_chroma_enhan40_init:90 name chroma_enhan40
12-15 22:09:52.192 E/mm-camera-isp2(  508): module_color_correct40_init:96 name color_correct40
12-15 22:09:52.192 E/mm-camera-isp2(  508): module_luma_adaptation40_init:87 name luma_adaptation40
12-15 22:09:52.194 E/mm-camera-isp2(  508): isp_resource_gen_hws_caps:3628 i 0 isp id 0
12-15 22:09:52.194 E/mm-camera-isp2(  508): isp_resource_gen_hws_caps:3628 i 1 isp id 1
12-15 22:09:52.194 E/mm-camera-isp2(  508): module_isp_init:776 module 0xf5317200
12-15 22:09:52.194 E/mm-camera(  508): cpp_module_init:68 name=cpp
12-15 22:09:52.199 E/mm-camera(  508): cpp_hardware_load_firmware:490, info: hw_version=0x50010000, fw_version=0x10080000
12-15 22:09:52.217 I/Radio-JNI(  502): register_android_hardware_Radio DONE
12-15 22:09:52.220 E/mm-camera(  508): cpp_hardware_load_firmware:506, info: cpp firmware loaded: cpp_firmware_v1_8_0.fw
12-15 22:09:52.221 E/mm-camera(  508): cpp_module_init:110: info: CPP module_init successful
12-15 22:09:52.221 E/mm-camera(  508): vpe_module_init:26 name=vpe
12-15 22:09:52.221 E/mm-camera(  508): vpe_hardware_find_subdev:719: entity.name=video0 entity.revision=0
12-15 22:09:52.221 E/mm-camera(  508): vpe_hardware_find_subdev:719: entity.name=msm_cci entity.revision=0
12-15 22:09:52.221 E/mm-camera(  508): vpe_hardware_find_subdev:719: entity.name=v4l-subdev0 entity.revision=0
12-15 22:09:52.221 E/mm-camera(  508): vpe_hardware_find_subdev:719: entity.name=v4l-subdev1 entity.revision=0
12-15 22:09:52.222 E/mm-camera(  508): vpe_hardware_find_subdev:719: entity.name=v4l-subdev2 entity.revision=0
12-15 22:09:52.222 E/mm-camera(  508): vpe_hardware_find_subdev:719: entity.name=v4l-subdev3 entity.revision=0
12-15 22:09:52.222 E/mm-camera(  508): vpe_hardware_find_subdev:719: entity.name=v4l-subdev4 entity.revision=0
12-15 22:09:52.222 E/mm-camera(  508): vpe_hardware_find_subdev:719: entity.name=v4l-subdev5 entity.revision=0
12-15 22:09:52.222 E/mm-camera(  508): vpe_hardware_find_subdev:719: entity.name=v4l-subdev6 entity.revision=0
12-15 22:09:52.222 E/mm-camera(  508): vpe_hardware_find_subdev:719: entity.name=v4l-subdev7 entity.revision=0
12-15 22:09:52.222 E/mm-camera(  508): vpe_hardware_find_subdev:719: entity.name=v4l-subdev8 entity.revision=0
12-15 22:09:52.222 E/mm-camera(  508): vpe_hardware_find_subdev:719: entity.name=v4l-subdev9 entity.revision=0
12-15 22:09:52.222 E/mm-camera(  508): vpe_hardware_find_subdev:719: entity.name=v4l-subdev10 entity.revision=0
12-15 22:09:52.222 E/mm-camera(  508): vpe_hardware_find_subdev:719: entity.name=v4l-subdev11 entity.revision=0
12-15 22:09:52.222 E/mm-camera(  508): vpe_hardware_find_subdev:719: entity.name=v4l-subdev12 entity.revision=12
12-15 22:09:52.222 E/mm-camera(  508): vpe_hardware_find_subdev:719: entity.name=v4l-subdev13 entity.revision=0
12-15 22:09:52.222 E/mm-camera(  508): vpe_hardware_find_subdev:719: entity.name=v4l-subdev14 entity.revision=0
12-15 22:09:52.222 E/mm-camera(  508): vpe_hardware_find_subdev:719: entity.name=v4l-subdev15 entity.revision=0
12-15 22:09:52.222 E/mm-camera(  508): vpe_hardware_find_subdev:719: entity.name=v4l-subdev16 entity.revision=0
12-15 22:09:52.222 E/mm-camera(  508): vpe_hardware_find_subdev:719: entity.name=v4l-subdev17 entity.revision=0
12-15 22:09:52.222 E/mm-camera(  508): vpe_hardware_find_subdev:719: entity.name=v4l-subdev18 entity.revision=0
12-15 22:09:52.222 E/mm-camera(  508): vpe_hardware_find_subdev:714: done enumerating media entities
12-15 22:09:52.222 E/mm-camera(  508): vpe_hardware_find_subdev:719: entity.name=video1 entity.revision=0
12-15 22:09:52.222 E/mm-camera(  508): vpe_hardware_find_subdev:714: done enumerating media entities
12-15 22:09:52.222 E/mm-camera(  508): vpe_hardware_find_subdev:719: entity.name=video2 entity.revision=0
12-15 22:09:52.222 E/mm-camera(  508): vpe_hardware_find_subdev:714: done enumerating media entities
12-15 22:09:52.222 E/mm-camera(  508): vpe_hardware_find_subdev:686: no more media devices
12-15 22:09:52.223 E/mm-camera(  508): vpe_hardware_find_subdev:731: no vpe device found.
12-15 22:09:52.223 E/mm-camera(  508): vpe_hardware_create:31: error: cannot find vpe subdev
12-15 22:09:52.223 E/mm-camera(  508): vpe_module_create_vpe_ctrl:141, failed, cannnot create vpe hardware instance
12-15 22:09:52.223 E/mm-camera(  508): vpe_module_init:34 failed
12-15 22:09:52.223 E/mm-camera(  508): c2d_module_init:50 name=c2d
12-15 22:09:52.223 E/mm-camera(  508): c2d_module_init:92: info: C2D module_init successful
12-15 22:09:52.223 E/mm-camera-vpu(  508): vpu_module_init:54, INFO name=vpu
12-15 22:09:52.223 E/mm-camera-pp(  508): [INFO] base_module_init:142, name=tmod
12-15 22:09:52.244 I/SamplingProfilerIntegration(  502): Profiling disabled.
12-15 22:09:52.249 D/Zygote  (  502): begin preload
12-15 22:09:52.257 I/Zygote  (  502): Preloading classes...
12-15 22:09:52.265 E/mm-camera-pp(  508): [INFO] base_module_init:142, name=ezt
12-15 22:09:52.265 E/mm-camera-eztune(  508): Tuning lib open failed: dlopen failed: library "libmmcamera_tuning.so" not found
12-15 22:09:52.266 E/mm-camera-img(  508): frameproc_comp_load:843] Error opening frameproc library libmmcamera_llvd.so error dlopen failed: library "libmmcamera_llvd.so" not found
12-15 22:09:52.266 E/mm-camera(  508): module_imgbase_init_llvd:2207] Error rc -6
12-15 22:09:52.277 I/mm-camera-img(  508): module_goog_eis_load:222 successfully loaded goog_eis library
12-15 22:09:52.277 I/mm-camera-img(  508): module_goog_eis_init:2120] successfully return
12-15 22:09:52.393 E/Minikin (  501): addFont failed to create font /system/fonts/NanumGothic.ttf
12-15 22:09:52.394 E/Minikin (  501): addFont failed to create font /system/fonts/DroidSansFallback.ttf
12-15 22:09:52.394 E/Minikin (  501): addFont failed to create font /system/fonts/MTLmr3m.ttf
12-15 22:09:52.421 V/RenderScript(  508): 0xf46a2000 Launching thread(s), CPUs 6
12-15 22:09:52.464 E/Minikin (  502): addFont failed to create font /system/fonts/NanumGothic.ttf
12-15 22:09:52.465 E/Minikin (  502): addFont failed to create font /system/fonts/DroidSansFallback.ttf
12-15 22:09:52.465 E/Minikin (  502): addFont failed to create font /system/fonts/MTLmr3m.ttf
12-15 22:09:52.482 I/MSM-irqbalance(  376): Discovered a new IRQ: 89
12-15 22:09:52.482 I/MSM-irqbalance(  376): Discovered a new IRQ: 90
12-15 22:09:52.483 I/MSM-irqbalance(  376): Discovered a new IRQ: 196
12-15 22:09:52.483 I/MSM-irqbalance(  376): Discovered a new IRQ: 215
12-15 22:09:52.553 V/RenderScript(  508): Successfully loaded runtime: libRSDriver_adreno.so
12-15 22:09:52.583 V/DngCreator_JNI(  501): DngCreator_nativeClassInit:
12-15 22:09:52.586 W/Adreno-RS(  508): <rsdSetCacheDir:719>: System path detected in cacheDir: /system/vendor/lib
12-15 22:09:52.586 W/Adreno-RS(  508): <rsdSetCacheDir:730>: Caching & Profiling are disabled!
12-15 22:09:52.588 V/DngCreator_JNI(  502): DngCreator_nativeClassInit:
12-15 22:09:52.629 E/QC-QMI  (  487): qmi_client [487]: unable to connect to server, errno=[2:No such file or directory], attempt=3
12-15 22:09:52.643 D/MDnsDS  (  484): MDnsSdListener::Hander starting up
12-15 22:09:52.643 D/MDnsDS  (  484): MDnsSdListener starting to monitor
12-15 22:09:52.644 D/MDnsDS  (  484): Going to poll with pollCount 1
12-15 22:09:52.713 I/art     (  502): Thread[1,tid=502,Native,Thread*=0xf5536500,peer=0x12c35100,"main"] recursive attempt to load library "/system/lib/libmedia_jni.so"
12-15 22:09:52.713 D/MtpDeviceJNI(  502): register_android_mtp_MtpDevice
12-15 22:09:52.714 I/art     (  502): Thread[1,tid=502,Native,Thread*=0xf5536500,peer=0x12c35100,"main"] recursive attempt to load library "/system/lib/libmedia_jni.so"
12-15 22:09:52.714 I/art     (  502): Thread[1,tid=502,Native,Thread*=0xf5536500,peer=0x12c35100,"main"] recursive attempt to load library "/system/lib/libmedia_jni.so"
12-15 22:09:52.748 I/art     (  501): Thread[1,tid=501,Native,Thread*=0x7f89ffba00,peer=0x12c2c100,"main"] recursive attempt to load library "/system/lib64/libmedia_jni.so"
12-15 22:09:52.748 D/MtpDeviceJNI(  501): register_android_mtp_MtpDevice
12-15 22:09:52.748 I/art     (  501): Thread[1,tid=501,Native,Thread*=0x7f89ffba00,peer=0x12c2c100,"main"] recursive attempt to load library "/system/lib64/libmedia_jni.so"
12-15 22:09:52.748 I/art     (  501): Thread[1,tid=501,Native,Thread*=0x7f89ffba00,peer=0x12c2c100,"main"] recursive attempt to load library "/system/lib64/libmedia_jni.so"
12-15 22:09:52.764 E/EmojiFactory_jni(  502): Failed to load libemoji.so: dlopen failed: library "libemoji.so" not found
12-15 22:09:52.773 E/QC-QMI  (  498): qmi_client [498]: unable to connect to server, errno=[2:No such file or directory], attempt=4
12-15 22:09:52.782 E/EmojiFactory_jni(  501): Failed to load libemoji.so: dlopen failed: library "libemoji.so" not found
12-15 22:09:52.830 E/QC-QMI  (  496): qmi_client [496]: unable to connect to server, errno=[2:No such file or directory], attempt=4
12-15 22:09:52.872 E/QC-QMI  (  509): qmi_client [509]: unable to connect to server, errno=[2:No such file or directory], attempt=4
12-15 22:09:52.884 I/System  (  502): Loaded time zone names for "" in 20ms (19ms in ICU)
12-15 22:09:52.905 I/System  (  502): Loaded time zone names for "en_US" in 21ms (13ms in ICU)
12-15 22:09:52.906 E/QC-QMI  (  510): qmi_client [510]: unable to connect to server, errno=[2:No such file or directory], attempt=4
12-15 22:09:52.907 I/System  (  501): Loaded time zone names for "" in 18ms (17ms in ICU)
12-15 22:09:52.922 I/System  (  502): Loaded time zone names for "de_DE" in 17ms (16ms in ICU)
12-15 22:09:52.932 I/System  (  501): Loaded time zone names for "en_US" in 25ms (23ms in ICU)
12-15 22:09:52.941 I/Zygote  (  502): ...preloaded 3831 classes in 683ms.
12-15 22:09:52.941 I/art     (  502): VMRuntime.preloadDexCaches starting
12-15 22:09:52.947 I/System  (  501): Loaded time zone names for "de_DE" in 15ms (15ms in ICU)
12-15 22:09:52.959 I/Zygote  (  501): ...preloaded 3831 classes in 1262ms.
12-15 22:09:52.959 I/art     (  501): VMRuntime.preloadDexCaches starting
12-15 22:09:52.997 I/art     (  502): VMRuntime.preloadDexCaches strings total=243695 before=43711 after=43711
12-15 22:09:52.997 I/art     (  502): VMRuntime.preloadDexCaches types total=20132 before=6880 after=6906
12-15 22:09:52.997 I/art     (  502): VMRuntime.preloadDexCaches fields total=98209 before=35725 after=35930
12-15 22:09:52.997 I/art     (  502): VMRuntime.preloadDexCaches methods total=170282 before=70820 after=71318
12-15 22:09:52.997 I/art     (  502): VMRuntime.preloadDexCaches finished
12-15 22:09:53.011 I/art     (  501): VMRuntime.preloadDexCaches strings total=243695 before=43711 after=43711
12-15 22:09:53.011 I/art     (  501): VMRuntime.preloadDexCaches types total=20132 before=6880 after=6906
12-15 22:09:53.011 I/art     (  501): VMRuntime.preloadDexCaches fields total=98209 before=35725 after=35930
12-15 22:09:53.011 I/art     (  501): VMRuntime.preloadDexCaches methods total=170282 before=70820 after=71318
12-15 22:09:53.011 I/art     (  501): VMRuntime.preloadDexCaches finished
12-15 22:09:53.026 D/idmap   (  878): error: no read access to /vendor/overlay: No such file or directory
12-15 22:09:53.034 D/idmap   (  879): error: no read access to /vendor/overlay: No such file or directory
12-15 22:09:53.058 I/Zygote  (  501): Preloading resources...
12-15 22:09:53.070 I/Zygote  (  502): Preloading resources...
12-15 22:09:53.140 E/QC-QMI  (  555): qmi_client [555]: unable to connect to server, errno=[2:No such file or directory], attempt=3
12-15 22:09:53.140 E/slim_daemon(  555): [NDK] bindNDKSensors: Sensor server is unavailable.
12-15 22:09:53.226 W/Adreno-RS(  508): <rsdSetCacheDir:719>: System path detected in cacheDir: /system/vendor/lib
12-15 22:09:53.226 W/Adreno-RS(  508): <rsdSetCacheDir:730>: Caching & Profiling are disabled!
12-15 22:09:53.384 I/Zygote  (  501): ...preloaded 342 resources in 326ms.
12-15 22:09:53.388 I/Zygote  (  501): ...preloaded 41 resources in 4ms.
12-15 22:09:53.390 D/libEGL  (  501): loaded /vendor/lib64/egl/libEGL_adreno.so
12-15 22:09:53.396 I/Zygote  (  502): ...preloaded 342 resources in 326ms.
12-15 22:09:53.400 I/Zygote  (  502): ...preloaded 41 resources in 4ms.
12-15 22:09:53.403 E/mm-camera-img(  508): cac2_comp_load:1528] cds_proc_type 1
12-15 22:09:53.403 E/mm-camera(  508): pproc_module_init:2986 num_sub_mods:7
12-15 22:09:53.404 E/mm-camera-img(  508): Can not discover face-detect device
12-15 22:09:53.404 E/mm-camera-img(  508): Can not find device name
12-15 22:09:53.404 E/mm-camera-img(  508): faceproc_dsp_comp_load:1115] E 
12-15 22:09:53.404 E/mm-camera(  508): module_faceproc_init:2289] HW or DSP FD not available switch to SW
12-15 22:09:53.406 D/libEGL  (  502): loaded /vendor/lib/egl/libEGL_adreno.so
12-15 22:09:53.413 E/mm-camera-img(  508): hdr_comp_load:1258] Error opening hdr library
12-15 22:09:53.414 E/hdr     (  508): Cannot load hdr lib in module_hdr_lib_load
12-15 22:09:53.414 E/hdr     (  508): Cannot load library in hdr module
12-15 22:09:53.414 E/mm-camera-img(  508): module_imglib_create_topology:742] Can not init the module hdr
12-15 22:09:53.414 E/mm-camera-img(  508): frameproc_comp_load:843] Error opening frameproc library libmmcamera_chromaflash_lib.so error dlopen failed: library "libmmcamera_chromaflash_lib.so" not found
12-15 22:09:53.414 E/mm-camera(  508): module_imgbase_init_imglib_chroma_flash:2207] Error rc -6
12-15 22:09:53.414 E/mm-camera-img(  508): module_imglib_create_topology:742] Can not init the module imglib_chroma_flash
12-15 22:09:53.414 E/mm-camera-img(  508): frameproc_comp_load:843] Error opening frameproc library libmmcamera_optizoom_lib.so error dlopen failed: library "libmmcamera_optizoom_lib.so" not found
12-15 22:09:53.414 E/mm-camera(  508): module_imgbase_init_imglib_optizoom:2207] Error rc -6
12-15 22:09:53.415 E/mm-camera-img(  508): module_imglib_create_topology:742] Can not init the module imglib_optizoom
12-15 22:09:53.415 E/mm-camera-img(  508): frameproc_comp_load:843] Error opening frameproc library libmmcamera_ubifocus_lib.so error dlopen failed: library "libmmcamera_ubifocus_lib.so" not found
12-15 22:09:53.415 E/mm-camera(  508): module_imgbase_init_imglib_ubifocus:2207] Error rc -6
12-15 22:09:53.415 E/mm-camera-img(  508): module_imglib_create_topology:742] Can not init the module imglib_ubifocus
12-15 22:09:53.415 E/mm-camera-img(  508): frameproc_comp_load:843] Error opening frameproc library libmmcamera_ubifocus_lib.so error dlopen failed: library "libmmcamera_ubifocus_lib.so" not found
12-15 22:09:53.415 E/mm-camera(  508): module_imgbase_init_imglib_refocus:2207] Error rc -6
12-15 22:09:53.415 E/mm-camera-img(  508): module_imglib_create_topology:742] Can not init the module imglib_refocus
12-15 22:09:53.415 E/mm-camera-img(  508): frameproc_comp_load:843] Error opening frameproc library libmmcamera_trueportrait_lib.so error dlopen failed: library "libmmcamera_trueportrait_lib.so" not found
12-15 22:09:53.415 E/mm-camera(  508): module_imgbase_init_imglib_trueportrait:2207] Error rc -6
12-15 22:09:53.415 E/mm-camera-img(  508): module_imglib_create_topology:742] Can not init the module imglib_trueportrait
12-15 22:09:53.416 E/mm-camera-img(  508): frameproc_comp_load:843] Error opening frameproc library libmmcamera_stillmore_lib.so error dlopen failed: library "libmmcamera_stillmore_lib.so" not found
12-15 22:09:53.416 E/mm-camera(  508): module_imgbase_init_imglib_stillmore:2207] Error rc -6
12-15 22:09:53.416 E/mm-camera-img(  508): module_imglib_create_topology:742] Can not init the module imglib_stillmore
12-15 22:09:53.430 D/libEGL  (  501): loaded /vendor/lib64/egl/libGLESv1_CM_adreno.so
12-15 22:09:53.439 D/libEGL  (  501): loaded /vendor/lib64/egl/libGLESv2_adreno.so
12-15 22:09:53.451 I/Zygote  (  501): Preloading shared libraries...
12-15 22:09:53.461 D/Zygote  (  501): end preload
12-15 22:09:53.462 I/art     (  501): Starting a blocking GC Explicit
12-15 22:09:53.472 I/art     (  501): Explicit concurrent mark sweep GC freed 11177(450KB) AllocSpace objects, 0(0B) LOS objects, 40% free, 11MB/19MB, paused 105us total 9.989ms
12-15 22:09:53.479 I/art     (  501): Starting a blocking GC Explicit
12-15 22:09:53.487 I/art     (  501): Explicit concurrent mark sweep GC freed 2332(110KB) AllocSpace objects, 0(0B) LOS objects, 40% free, 11MB/19MB, paused 76us total 7.909ms
12-15 22:09:53.487 I/art     (  501): Starting a blocking GC HeapTrim
12-15 22:09:53.490 I/art     (  501): Starting a blocking GC Background
12-15 22:09:53.518 I/Zygote  (  501): System server process 882 has been created
12-15 22:09:53.520 I/Zygote  (  501): Accepting command socket connections
12-15 22:09:53.534 D/libEGL  (  502): loaded /vendor/lib/egl/libGLESv1_CM_adreno.so
12-15 22:09:53.549 D/libEGL  (  502): loaded /vendor/lib/egl/libGLESv2_adreno.so
12-15 22:09:53.568 I/Zygote  (  502): Preloading shared libraries...
12-15 22:09:53.574 D/Zygote  (  502): end preload
12-15 22:09:53.574 I/art     (  502): Starting a blocking GC Explicit
12-15 22:09:53.580 I/art     (  502): Explicit concurrent mark sweep GC freed 3086(153KB) AllocSpace objects, 0(0B) LOS objects, 40% free, 11MB/19MB, paused 112us total 5.774ms
12-15 22:09:53.580 I/art     (  502): Starting a blocking GC Explicit
12-15 22:09:53.586 I/art     (  502): Explicit concurrent mark sweep GC freed 165(6KB) AllocSpace objects, 0(0B) LOS objects, 40% free, 11MB/19MB, paused 108us total 5.412ms
12-15 22:09:53.586 I/Zygote  (  502): Accepting command socket connections
12-15 22:09:53.591 I/Zygote  (  882): Process: zygote socket opened, supported ABIS: armeabi-v7a,armeabi
12-15 22:09:53.592 I/InstallerConnection(  882): connecting...
12-15 22:09:53.593 I/installd(  490): new connection
12-15 22:09:53.626 I/InstallerConnection(  882): disconnecting...
12-15 22:09:53.626 E/installd(  490): eof
12-15 22:09:53.626 E/installd(  490): failed to read size
12-15 22:09:53.626 I/installd(  490): closing connection
12-15 22:09:53.629 E/QC-QMI  (  487): qmi_client [487]: unable to connect to server, errno=[2:No such file or directory], attempt=4
12-15 22:09:53.664 I/SystemServer(  882): Entered the Android system server!
12-15 22:09:53.721 I/SystemServiceManager(  882): Starting com.android.server.pm.Installer
12-15 22:09:53.731 I/Installer(  882): Waiting for installd to be ready.
12-15 22:09:53.731 I/InstallerConnection(  882): connecting...
12-15 22:09:53.731 I/installd(  490): new connection
12-15 22:09:53.732 I/SystemServiceManager(  882): Starting com.android.server.am.ActivityManagerService$Lifecycle
12-15 22:09:53.772 I/ActivityManager(  882): Memory class: 192
12-15 22:09:53.773 E/QC-QMI  (  498): qmi_client [498]: unable to connect to server, errno=[2:No such file or directory], attempt=5
12-15 22:09:53.788 D/BatteryStatsImpl(  882): Reading daily items from /data/system/batterystats-daily.xml
12-15 22:09:53.830 E/QC-QMI  (  496): qmi_client [496]: unable to connect to server, errno=[2:No such file or directory], attempt=5
12-15 22:09:53.872 E/QC-QMI  (  509): qmi_client [509]: unable to connect to server, errno=[2:No such file or directory], attempt=5
12-15 22:09:53.892 I/IntentFirewall(  882): Read new rules (A:0 B:0 S:0)
12-15 22:09:53.899 D/AppOps  (  882): AppOpsService published
12-15 22:09:53.899 I/SystemServiceManager(  882): Starting com.android.server.power.PowerManagerService
12-15 22:09:53.906 E/QC-QMI  (  510): qmi_client [510]: unable to connect to server, errno=[2:No such file or directory], attempt=5
12-15 22:09:53.907 I/QCOMPowerHAL(  882): QCOM power HAL initing.
12-15 22:09:53.907 W/libsuspend(  882): Error writing 'on' to /sys/power/state: Invalid argument
12-15 22:09:53.907 I/libsuspend(  882): Selected wakeup count
12-15 22:09:53.907 E/QCOMPowerHAL(  882): Invalid hint ID.
12-15 22:09:53.909 I/SystemServiceManager(  882): Starting com.android.server.lights.LightsService
12-15 22:09:53.912 I/SystemServiceManager(  882): Starting com.android.server.display.DisplayManagerService
12-15 22:09:53.914 I/SystemServiceManager(  882): Starting phase 100
12-15 22:09:53.923 I/DisplayManagerService(  882): Display device added: DisplayDeviceInfo{"Integrierter Bildschirm": uniqueId="local:0", 1080 x 1920, modeId 1, defaultModeId 1, supportedModes [{id=1, width=1080, height=1920, fps=60.0}], colorTransformId 1, defaultColorTransformId 1, supportedColorTransforms [{id=1, colorTransform=-22}], density 420, 422.03 x 424.069 dpi, appVsyncOff 0, presDeadline 17666667, touch INTERNAL, rotation 0, type BUILT_IN, state UNKNOWN, FLAG_DEFAULT_DISPLAY, FLAG_ROTATES_WITH_CONTENT, FLAG_SECURE, FLAG_SUPPORTS_PROTECTED_BUFFERS}
12-15 22:09:53.924 D/SurfaceFlinger(  372): Set power mode=2, type=0 flinger=0x7fa9c43c00
12-15 22:09:53.924 D/SurfaceFlinger(  372): Screen type=0 is already mode=2
12-15 22:09:53.925 I/SystemServer(  882): Package Manager
12-15 22:09:53.925 I/DisplayManagerService(  882): Display device changed state: "Integrierter Bildschirm", ON
12-15 22:09:53.937 D/vold    (  337): Disk at 253:0 changed
12-15 22:09:53.961 D/vold    (  337): Disk at 253:0 changed
12-15 22:09:53.962 D/vold    (  337): Disk at 253:0 changed
12-15 22:09:53.973 D/SELinuxMMAC(  882): Using policy file /system/etc/security/mac_permissions.xml
12-15 22:09:53.984 D/PackageSettings(  882): Read domain verification for package:com.google.android.youtube
12-15 22:09:53.992 D/PackageSettings(  882): Read domain verification for package:com.android.vending
12-15 22:09:54.004 D/PackageSettings(  882): Read domain verification for package:com.google.android.apps.maps
12-15 22:09:54.071 D/vold    (  337): Disk at 253:0 changed
12-15 22:09:54.076 D/vold    (  337): Disk at 253:0 changed
12-15 22:09:54.077 D/vold    (  337): Disk at 253:0 changed
12-15 22:09:54.078 D/vold    (  337): Disk at 253:0 changed
12-15 22:09:54.079 D/vold    (  337): Disk at 253:0 changed
12-15 22:09:54.080 D/vold    (  337): Disk at 253:0 changed
12-15 22:09:54.081 D/vold    (  337): Disk at 253:0 changed
12-15 22:09:54.082 D/vold    (  337): Disk at 253:0 changed
12-15 22:09:54.083 D/vold    (  337): Disk at 253:0 changed
12-15 22:09:54.085 D/vold    (  337): Disk at 253:0 changed
12-15 22:09:54.102 E/art     (  882): DexFile_getDexOptNeeded file '/system/framework/org.apache.http.legacy.jar' does not exist
12-15 22:09:54.102 W/PackageManager(  882): Library not found: /system/framework/org.apache.http.legacy.jar
12-15 22:09:54.140 E/QC-QMI  (  555): qmi_client [555]: unable to connect to server, errno=[2:No such file or directory], attempt=4
12-15 22:09:54.140 E/slim_daemon(  555): [NDK] bindNDKSensors: Sensor server is unavailable.
12-15 22:09:54.152 E/art     (  882): DexFile_getDexOptNeeded file '/system/framework/org.apache.http.legacy.jar' does not exist
12-15 22:09:54.152 W/PackageManager(  882): Library not found: /system/framework/org.apache.http.legacy.jar
12-15 22:09:54.251 D/PackageManager(  882): No files in app dir /vendor/overlay
12-15 22:09:54.255 W/PackageManager(  882): Failed to parse /system/framework/arm: Missing base APK in /system/framework/arm
12-15 22:09:54.255 W/PackageManager(  882): Failed to parse /system/framework/arm64: Missing base APK in /system/framework/arm64
12-15 22:09:54.302 W/PackageManager(  882): Failed to parse /system/framework/oat: Missing base APK in /system/framework/oat
12-15 22:09:54.544 W/PackageParser(  882): Unknown element under <application>: uses-permission at /system/priv-app/DiagMon/DiagMon.apk Binary XML file line #7
12-15 22:09:54.571 W/PackageManager(  882): Permission android.permission.DOWNLOAD_WITHOUT_NOTIFICATION from package com.android.providers.downloads in an unknown group android.permission-group.NETWORK
12-15 22:09:54.630 E/QC-QMI  (  487): qmi_client [487]: unable to connect to server, errno=[2:No such file or directory], attempt=5
12-15 22:09:54.675 W/PackageParser(  882): No actions in intent filter at /system/priv-app/GoogleContacts/GoogleContacts.apk Binary XML file line #390
12-15 22:09:54.729 W/PackageParser(  882): No actions in intent filter at /system/priv-app/GoogleDialer/GoogleDialer.apk Binary XML file line #191
12-15 22:09:54.761 W/PackageParser(  882): Unknown element under <manifest>: uses-library at /system/priv-app/GoogleFeedback/GoogleFeedback.apk Binary XML file line #30
12-15 22:09:54.773 E/QC-QMI  (  498): qmi_client [498]: unable to connect to server, errno=[2:No such file or directory], attempt=6
12-15 22:09:54.831 E/QC-QMI  (  496): qmi_client [496]: unable to connect to server, errno=[2:No such file or directory], attempt=6
12-15 22:09:54.869 W/PackageParser(  882): Ignoring duplicate uses-permissions/uses-permissions-sdk-m: com.google.android.providers.gsf.permission.READ_GSERVICES in package: com.google.android.partnersetup at: Binary XML file line #31
12-15 22:09:54.873 E/QC-QMI  (  509): qmi_client [509]: unable to connect to server, errno=[2:No such file or directory], attempt=6
12-15 22:09:54.907 E/QC-QMI  (  510): qmi_client [510]: unable to connect to server, errno=[2:No such file or directory], attempt=6
12-15 22:09:54.928 W/PackageManager(  882): Permission com.google.android.googleapps.permission.GOOGLE_AUTH from package com.google.android.gsf in an unknown group android.permission-group.ACCOUNTS
12-15 22:09:54.928 W/PackageManager(  882): Permission com.google.android.googleapps.permission.GOOGLE_AUTH.ALL_SERVICES from package com.google.android.gsf in an unknown group android.permission-group.ACCOUNTS
12-15 22:09:54.928 W/PackageManager(  882): Permission com.google.android.googleapps.permission.GOOGLE_AUTH.OTHER_SERVICES from package com.google.android.gsf in an unknown group android.permission-group.ACCOUNTS
12-15 22:09:54.928 W/PackageManager(  882): Permission com.google.android.googleapps.permission.GOOGLE_AUTH.mail from package com.google.android.gsf in an unknown group android.permission-group.ACCOUNTS
12-15 22:09:54.928 W/PackageManager(  882): Permission com.google.android.googleapps.permission.GOOGLE_AUTH.cl from package com.google.android.gsf in an unknown group android.permission-group.ACCOUNTS
12-15 22:09:54.928 W/PackageManager(  882): Permission com.google.android.googleapps.permission.GOOGLE_AUTH.android from package com.google.android.gsf in an unknown group android.permission-group.ACCOUNTS
12-15 22:09:54.928 W/PackageManager(  882): Permission com.google.android.googleapps.permission.GOOGLE_AUTH.androidsecure from package com.google.android.gsf in an unknown group android.permission-group.ACCOUNTS
12-15 22:09:54.928 W/PackageManager(  882): Permission com.google.android.googleapps.permission.GOOGLE_AUTH.sierra from package com.google.android.gsf in an unknown group android.permission-group.ACCOUNTS
12-15 22:09:54.928 W/PackageManager(  882): Permission com.google.android.googleapps.permission.GOOGLE_AUTH.sierraqa from package com.google.android.gsf in an unknown group android.permission-group.ACCOUNTS
12-15 22:09:54.928 W/PackageManager(  882): Permission com.google.android.googleapps.permission.GOOGLE_AUTH.sierrasandbox from package com.google.android.gsf in an unknown group android.permission-group.ACCOUNTS
12-15 22:09:54.928 W/PackageManager(  882): Permission com.google.android.googleapps.permission.GOOGLE_AUTH.youtube from package com.google.android.gsf in an unknown group android.permission-group.ACCOUNTS
12-15 22:09:54.928 W/PackageManager(  882): Permission com.google.android.googleapps.permission.GOOGLE_AUTH.YouTubeUser from package com.google.android.gsf in an unknown group android.permission-group.ACCOUNTS
12-15 22:09:54.928 W/PackageManager(  882): Permission com.google.android.googleapps.permission.GOOGLE_AUTH.talk from package com.google.android.gsf in an unknown group android.permission-group.ACCOUNTS
12-15 22:09:54.928 W/PackageManager(  882): Permission com.google.android.googleapps.permission.GOOGLE_AUTH.ig from package com.google.android.gsf in an unknown group android.permission-group.ACCOUNTS
12-15 22:09:54.928 W/PackageManager(  882): Permission com.google.android.googleapps.permission.GOOGLE_AUTH.lh2 from package com.google.android.gsf in an unknown group android.permission-group.ACCOUNTS
12-15 22:09:54.928 W/PackageManager(  882): Permission com.google.android.googleapps.permission.GOOGLE_AUTH.mobile from package com.google.android.gsf in an unknown group android.permission-group.ACCOUNTS
12-15 22:09:54.928 W/PackageManager(  882): Permission com.google.android.googleapps.permission.GOOGLE_AUTH.cp from package com.google.android.gsf in an unknown group android.permission-group.ACCOUNTS
12-15 22:09:54.928 W/PackageManager(  882): Permission com.google.android.googleapps.permission.GOOGLE_AUTH.adsense from package com.google.android.gsf in an unknown group android.permission-group.ACCOUNTS
12-15 22:09:54.928 W/PackageManager(  882): Permission com.google.android.googleapps.permission.GOOGLE_AUTH.adwords from package com.google.android.gsf in an unknown group android.permission-group.ACCOUNTS
12-15 22:09:54.929 W/PackageManager(  882): Permission com.google.android.googleapps.permission.GOOGLE_AUTH.blogger from package com.google.android.gsf in an unknown group android.permission-group.ACCOUNTS
12-15 22:09:54.929 W/PackageManager(  882): Permission com.google.android.googleapps.permission.GOOGLE_AUTH.dodgeball from package com.google.android.gsf in an unknown group android.permission-group.ACCOUNTS
12-15 22:09:54.929 W/PackageManager(  882): Permission com.google.android.googleapps.permission.GOOGLE_AUTH.gbase from package com.google.android.gsf in an unknown group android.permission-group.ACCOUNTS
12-15 22:09:54.929 W/PackageManager(  882): Permission com.google.android.googleapps.permission.GOOGLE_AUTH.groups2 from package com.google.android.gsf in an unknown group android.permission-group.ACCOUNTS
12-15 22:09:54.929 W/PackageManager(  882): Permission com.google.android.googleapps.permission.GOOGLE_AUTH.health from package com.google.android.gsf in an unknown group android.permission-group.ACCOUNTS
12-15 22:09:54.929 W/PackageManager(  882): Permission com.google.android.googleapps.permission.GOOGLE_AUTH.jotspot from package com.google.android.gsf in an unknown group android.permission-group.ACCOUNTS
12-15 22:09:54.929 W/PackageManager(  882): Permission com.google.android.googleapps.permission.GOOGLE_AUTH.knol from package com.google.android.gsf in an unknown group android.permission-group.ACCOUNTS
12-15 22:09:54.929 W/PackageManager(  882): Permission com.google.android.googleapps.permission.GOOGLE_AUTH.news from package com.google.android.gsf in an unknown group android.permission-group.ACCOUNTS
12-15 22:09:54.929 W/PackageManager(  882): Permission com.google.android.googleapps.permission.GOOGLE_AUTH.orkut from package com.google.android.gsf in an unknown group android.permission-group.ACCOUNTS
12-15 22:09:54.929 W/PackageManager(  882): Permission com.google.android.googleapps.permission.GOOGLE_AUTH.print from package com.google.android.gsf in an unknown group android.permission-group.ACCOUNTS
12-15 22:09:54.929 W/PackageManager(  882): Permission com.google.android.googleapps.permission.GOOGLE_AUTH.sitemaps from package com.google.android.gsf in an unknown group android.permission-group.ACCOUNTS
12-15 22:09:54.929 W/PackageManager(  882): Permission com.google.android.googleapps.permission.GOOGLE_AUTH.wifi from package com.google.android.gsf in an unknown group android.permission-group.ACCOUNTS
12-15 22:09:54.929 W/PackageManager(  882): Permission com.google.android.googleapps.permission.GOOGLE_AUTH.finance from package com.google.android.gsf in an unknown group android.permission-group.ACCOUNTS
12-15 22:09:54.929 W/PackageManager(  882): Permission com.google.android.googleapps.permission.GOOGLE_AUTH.local from package com.google.android.gsf in an unknown group android.permission-group.ACCOUNTS
12-15 22:09:54.929 W/PackageManager(  882): Permission com.google.android.googleapps.permission.GOOGLE_AUTH.ah from package com.google.android.gsf in an unknown group android.permission-group.ACCOUNTS
12-15 22:09:54.929 W/PackageManager(  882): Permission com.google.android.googleapps.permission.GOOGLE_AUTH.notebook from package com.google.android.gsf in an unknown group android.permission-group.ACCOUNTS
12-15 22:09:54.929 W/PackageManager(  882): Permission com.google.android.googleapps.permission.GOOGLE_AUTH.writely from package com.google.android.gsf in an unknown group android.permission-group.ACCOUNTS
12-15 22:09:54.929 W/PackageManager(  882): Permission com.google.android.googleapps.permission.GOOGLE_AUTH.wise from package com.google.android.gsf in an unknown group android.permission-group.ACCOUNTS
12-15 22:09:54.929 W/PackageManager(  882): Permission com.google.android.googleapps.permission.GOOGLE_AUTH.grandcentral from package com.google.android.gsf in an unknown group android.permission-group.ACCOUNTS
12-15 22:09:54.929 W/PackageManager(  882): Permission com.google.android.googleapps.permission.GOOGLE_AUTH.speechpersonalization from package com.google.android.gsf in an unknown group android.permission-group.ACCOUNTS
12-15 22:09:54.929 W/PackageManager(  882): Permission com.google.android.googleapps.permission.GOOGLE_AUTH.speech from package com.google.android.gsf in an unknown group android.permission-group.ACCOUNTS
12-15 22:09:54.929 W/PackageManager(  882): Permission com.google.android.providers.talk.permission.READ_ONLY from package com.google.android.gsf in an unknown group android.permission-group.MESSAGES
12-15 22:09:54.929 W/PackageManager(  882): Permission com.google.android.providers.talk.permission.WRITE_ONLY from package com.google.android.gsf in an unknown group android.permission-group.MESSAGES
12-15 22:09:54.930 W/PackageManager(  882): Permission com.google.android.gtalkservice.permission.GTALK_SERVICE from package com.google.android.gsf in an unknown group android.permission-group.MESSAGES
12-15 22:09:54.930 W/PackageManager(  882): Permission com.google.android.gtalkservice.permission.SEND_HEARTBEAT from package com.google.android.gsf in an unknown group android.permission-group.NETWORK
12-15 22:09:54.930 W/PackageManager(  882): Permission com.google.android.permission.BROADCAST_DATA_MESSAGE from package com.google.android.gsf in an unknown group android.permission-group.NETWORK
12-15 22:09:54.930 W/PackageManager(  882): Permission com.google.android.c2dm.permission.SEND from package com.google.android.gsf in an unknown group android.permission-group.NETWORK
12-15 22:09:54.935 W/PackageManager(  882): Permission com.google.android.c2dm.permission.RECEIVE from package com.google.android.gsf in an unknown group android.permission-group.NETWORK
12-15 22:09:54.935 W/PackageManager(  882): Permission com.google.android.xmpp.permission.BROADCAST from package com.google.android.gsf in an unknown group android.permission-group.NETWORK
12-15 22:09:54.935 W/PackageManager(  882): Permission com.google.android.xmpp.permission.SEND_RECEIVE from package com.google.android.gsf in an unknown group android.permission-group.NETWORK
12-15 22:09:54.935 W/PackageManager(  882): Permission com.google.android.xmpp.permission.XMPP_ENDPOINT_BROADCAST from package com.google.android.gsf in an unknown group android.permission-group.NETWORK
12-15 22:09:54.935 W/PackageManager(  882): Permission com.google.android.xmpp.permission.USE_XMPP_ENDPOINT from package com.google.android.gsf in an unknown group android.permission-group.NETWORK
12-15 22:09:54.935 W/PackageManager(  882): Permission com.google.android.providers.gsf.permission.READ_GSERVICES from package com.google.android.gsf in an unknown group android.permission-group.ACCOUNTS
12-15 22:09:55.106 W/PackageManager(  882): Permission com.android.vending.CHECK_LICENSE from package com.android.vending in an unknown group android.permission-group.NETWORK
12-15 22:09:55.106 W/PackageManager(  882): Permission com.android.vending.BILLING from package com.android.vending in an unknown group android.permission-group.NETWORK
12-15 22:09:55.140 E/QC-QMI  (  555): qmi_client [555]: unable to connect to server, errno=[2:No such file or directory], attempt=5
12-15 22:09:55.141 E/slim_daemon(  555): [NDK] bindNDKSensors: Sensor server is unavailable.
12-15 22:09:55.192 W/PackageParser(  882): Ignoring duplicate uses-permissions/uses-permissions-sdk-m: android.permission.SYSTEM_ALERT_WINDOW in package: com.google.android.gms at: Binary XML file line #77
12-15 22:09:55.192 W/PackageParser(  882): Ignoring duplicate uses-permissions/uses-permissions-sdk-m: android.permission.SUBSCRIBED_FEEDS_READ in package: com.google.android.gms at: Binary XML file line #90
12-15 22:09:55.192 W/PackageParser(  882): Ignoring duplicate uses-permissions/uses-permissions-sdk-m: android.permission.SUBSCRIBED_FEEDS_WRITE in package: com.google.android.gms at: Binary XML file line #91
12-15 22:09:55.193 W/PackageParser(  882): Ignoring duplicate uses-permissions/uses-permissions-sdk-m: android.permission.WRITE_SETTINGS in package: com.google.android.gms at: Binary XML file line #134
12-15 22:09:55.193 W/PackageParser(  882): Ignoring duplicate uses-permissions/uses-permissions-sdk-m: android.permission.SYSTEM_ALERT_WINDOW in package: com.google.android.gms at: Binary XML file line #160
12-15 22:09:55.193 W/PackageParser(  882): Ignoring duplicate uses-permissions/uses-permissions-sdk-m: android.permission.READ_SYNC_SETTINGS in package: com.google.android.gms at: Binary XML file line #164
12-15 22:09:55.193 W/PackageParser(  882): Ignoring duplicate uses-permissions/uses-permissions-sdk-m: android.permission.WRITE_SYNC_SETTINGS in package: com.google.android.gms at: Binary XML file line #165
12-15 22:09:55.194 W/PackageParser(  882): Ignoring duplicate uses-permissions/uses-permissions-sdk-m: android.permission.VIBRATE in package: com.google.android.gms at: Binary XML file line #167
12-15 22:09:55.194 W/PackageParser(  882): Ignoring duplicate uses-permissions/uses-permissions-sdk-m: android.permission.VIBRATE in package: com.google.android.gms at: Binary XML file line #209
12-15 22:09:55.194 W/PackageParser(  882): Ignoring duplicate uses-permissions/uses-permissions-sdk-m: android.permission.ACCESS_FINE_LOCATION in package: com.google.android.gms at: Binary XML file line #224
12-15 22:09:55.194 E/Diag_Lib(  497):  Diag_LSM_Init: Failed to open handle to diag driver, error = 13
12-15 22:09:55.186 W/netmgrd (  497): type=1400 audit(0.0:49): avc: denied { read write } for name="diag" dev="tmpfs" ino=10510 scontext=u:r:netmgrd:s0 tcontext=u:object_r:diag_device:s0 tclass=chr_file permissive=0
12-15 22:09:55.194 W/PackageParser(  882): Ignoring duplicate uses-permissions/uses-permissions-sdk-m: android.permission.OBSERVE_GRANT_REVOKE_PERMISSIONS in package: com.google.android.gms at: Binary XML file line #230
12-15 22:09:55.195 W/PackageParser(  882): Ignoring duplicate uses-permissions/uses-permissions-sdk-m: android.permission.READ_CONTACTS in package: com.google.android.gms at: Binary XML file line #268
12-15 22:09:55.195 W/PackageParser(  882): Ignoring duplicate uses-permissions/uses-permissions-sdk-m: android.permission.WRITE_SETTINGS in package: com.google.android.gms at: Binary XML file line #300
12-15 22:09:55.196 W/PackageParser(  882): Ignoring duplicate uses-permissions/uses-permissions-sdk-m: android.permission.CAPTURE_AUDIO_OUTPUT in package: com.google.android.gms at: Binary XML file line #315
12-15 22:09:55.196 W/PackageParser(  882): Ignoring duplicate uses-permissions/uses-permissions-sdk-m: android.permission.CAPTURE_VIDEO_OUTPUT in package: com.google.android.gms at: Binary XML file line #316
12-15 22:09:55.186 W/netmgrd (  497): type=1400 audit(0.0:50): avc: denied { read write } for name="diag" dev="tmpfs" ino=10510 scontext=u:r:netmgrd:s0 tcontext=u:object_r:diag_device:s0 tclass=chr_file permissive=0
12-15 22:09:55.196 E/Diag_Lib(  497):  Diag_LSM_Init: Failed to open handle to diag driver, error = 13
