12-16 09:37:53.466 E/mm-camera(  509): mct: mct_pipeline_process_set:2298: Couldn't find stream id: 0
12-16 09:37:53.466 E/mm-camera(  509): port_iface_ext_unlink_func: E, identity = 0x1000f, port = 0xf4e16c00, direction = 2
12-16 09:37:53.467 E/mm-camera(  509): port_iface_check_caps_unreserve_func:  E, identity = 0x1000f, port = 0xf4e16c00, direction = 2
12-16 09:37:53.467 E/mm-camera(  509): iface_unreserve_sink_port: stream_id f mode 0 
12-16 09:37:53.467 E/mm-camera(  509): port_iface_ext_unlink_func: E, identity = 0x1000f, port = 0xf4e16f00, direction = 1
12-16 09:37:53.467 E/mm-camera(  509): iface_ext_unlink_src_port: mct stream already removed from hw stream
12-16 09:37:53.467 E/mm-camera(  509): port_iface_check_caps_unreserve_func:  E, identity = 0x1000f, port = 0xf4e16f00, direction = 1
12-16 09:37:53.467 E/mm-camera(  509): isp_port_check_caps_unreserve:844 ide 1000f port 0xf4cfabe0
12-16 09:37:53.467 E/mm-camera(  509): c2d_port_check_caps_unreserve:183, identity=0x1000f
12-16 09:37:53.467 E/mm-camera(  509): c2d_port_check_caps_unreserve:193, identity=0x1000f, unreserved
12-16 09:37:53.467 E/mm-camera(  509): c2d_port_check_caps_unreserve:183, identity=0x1000f
12-16 09:37:53.467 E/mm-camera(  509): c2d_port_check_caps_unreserve:193, identity=0x1000f, unreserved
12-16 09:37:53.467 E/mm-camera(  509): cpp_port_check_caps_unreserve:164, identity=0x1000f
12-16 09:37:53.467 E/mm-camera(  509): cpp_port_check_caps_unreserve:174, identity=0x1000f, unreserved
12-16 09:37:53.467 E/mm-camera(  509): cpp_port_check_caps_unreserve:164, identity=0x1000f
12-16 09:37:53.467 E/mm-camera(  509): cpp_port_check_caps_unreserve:174, identity=0x1000f, unreserved
12-16 09:37:53.468 E/mm-camera(  509): q3a_thread_af_stop:672  q3a_thread_af_stop:672 MSG_STOP_THREAD
12-16 09:37:53.469 D/mm-camera(  509): stats_port_delete_reserved_stream:2340: going to NULL peer
12-16 09:37:53.474 E/mm-camera-isp2(  509): isp_module_stop_session:437 session id 1
12-16 09:37:53.476 E/mm-camera(  509): cpp_module_stop_session:536, info: stopping session 1 ...
12-16 09:37:53.477 E/mm-camera(  509): cpp_thread_process_pipe_message:581, CPP_THREAD_MSG_ABORT: cpp_thread exiting..
12-16 09:37:53.479 E/mm-camera(  509): module_faceproc_stop_session:1804] session cnt 1
12-16 09:37:53.480 E/mm-camera(  509): cpp_module_stop_session:585, info: session 1 stopped.
12-16 09:37:53.480 E/mm-camera(  509): c2d_module_stop_session:354, info: stopping session 1 ...
12-16 09:37:53.480 E/mm-camera(  509): c2d_thread_process_pipe_message:830, C2D_THREAD_MSG_ABORT: c2d_thread exiting..
12-16 09:37:53.481 E/mm-camera(  509): c2d_module_stop_session:399, info: session 1 stopped.
12-16 09:37:53.482 E/cac2    (  509):  [cac2latency] cac2_destroy_buffers: 0 ms 
12-16 09:37:53.488 D/QCamera3HWI(  489): int qcamera::lookupFwkName(const mapType*, size_t, halType) [with halType = cam_effect_mode_type; mapType = qcamera::QCamera3HardwareInterface::QCameraMap<camera_metadata_enum_android_control_effect_mode, cam_effect_mode_type>; size_t = unsigned int]: Cannot find matching framework type
12-16 09:37:53.488 D/QCamera3HWI(  489): int qcamera::lookupFwkName(const mapType*, size_t, halType) [with halType = cam_effect_mode_type; mapType = qcamera::QCamera3HardwareInterface::QCameraMap<camera_metadata_enum_android_control_effect_mode, cam_effect_mode_type>; size_t = unsigned int]: Cannot find matching framework type
12-16 09:37:53.488 D/QCamera3HWI(  489): int qcamera::lookupFwkName(const mapType*, size_t, halType) [with halType = cam_effect_mode_type; mapType = qcamera::QCamera3HardwareInterface::QCameraMap<camera_metadata_enum_android_control_effect_mode, cam_effect_mode_type>; size_t = unsigned int]: Cannot find matching framework type
12-16 09:37:53.488 D/QCamera3HWI(  489): int qcamera::lookupFwkName(const mapType*, size_t, halType) [with halType = cam_scene_mode_type; mapType = qcamera::QCamera3HardwareInterface::QCameraMap<camera_metadata_enum_android_control_scene_mode, cam_scene_mode_type>; size_t = unsigned int]: Cannot find matching framework type
12-16 09:37:53.489 D/QCamera3HWI(  489): int qcamera::lookupFwkName(const mapType*, size_t, halType) [with halType = cam_scene_mode_type; mapType = qcamera::QCamera3HardwareInterface::QCameraMap<camera_metadata_enum_android_control_scene_mode, cam_scene_mode_type>; size_t = unsigned int]: Cannot find matching framework type
12-16 09:37:53.489 D/QCamera3HWI(  489): int qcamera::lookupFwkName(const mapType*, size_t, halType) [with halType = cam_scene_mode_type; mapType = qcamera::QCamera3HardwareInterface::QCameraMap<camera_metadata_enum_android_control_scene_mode, cam_scene_mode_type>; size_t = unsigned int]: Cannot find matching framework type
12-16 09:37:53.489 D/QCamera3HWI(  489): int qcamera::lookupFwkName(const mapType*, size_t, halType) [with halType = cam_scene_mode_type; mapType = qcamera::QCamera3HardwareInterface::QCameraMap<camera_metadata_enum_android_control_scene_mode, cam_scene_mode_type>; size_t = unsigned int]: Cannot find matching framework type
12-16 09:37:53.489 D/QCamera3HWI(  489): int qcamera::lookupFwkName(const mapType*, size_t, halType) [with halType = cam_focus_mode_type; mapType = qcamera::QCamera3HardwareInterface::QCameraMap<camera_metadata_enum_android_control_af_mode, cam_focus_mode_type>; size_t = unsigned int]: Cannot find matching framework type
12-16 09:37:53.489 D/QCamera3HWI(  489): int qcamera::lookupFwkName(const mapType*, size_t, halType) [with halType = cam_focus_mode_type; mapType = qcamera::QCamera3HardwareInterface::QCameraMap<camera_metadata_enum_android_control_af_mode, cam_focus_mode_type>; size_t = unsigned int]: Cannot find matching framework type
12-16 09:37:53.489 D/QCamera3HWI(  489): int qcamera::lookupFwkName(const mapType*, size_t, halType) [with halType = cam_wb_mode_type; mapType = qcamera::QCamera3HardwareInterface::QCameraMap<camera_metadata_enum_android_control_awb_mode, cam_wb_mode_type>; size_t = unsigned int]: Cannot find matching framework type
12-16 09:37:53.489 D/QCamera3HWI(  489): int qcamera::lookupFwkName(const mapType*, size_t, halType) [with halType = cam_wb_mode_type; mapType = qcamera::QCamera3HardwareInterface::QCameraMap<camera_metadata_enum_android_control_awb_mode, cam_wb_mode_type>; size_t = unsigned int]: Cannot find matching framework type
12-16 09:37:53.489 E/Camera2-Metadata(  489): Update metadata entry: Unknown tag -2147352575
12-16 09:37:53.489 E/Camera2-Metadata(  489): Update metadata entry: Unknown tag -2147352576
12-16 09:37:53.489 I/QCamera3HWI(  489): static int qcamera::QCamera3HardwareInterface::getCamInfo(uint32_t, camera_info*): camera 0 resource cost is 100
12-16 09:37:53.498 E/mm-camera-img(  509): module_imglib_start_session:1778 ###Img_Loglevel 1
12-16 09:37:53.499 E/mm-camera-isp2(  509): isp_module_start_session:360 num_session_opened 1
12-16 09:37:53.501 E/mm-camera(  509): q3a_port_init:1753  q3a_port_init: 3A VERSION --> 4.1.0.r9
12-16 09:37:53.513 E/libaprpmem(  509): 
12-16 09:37:53.513 E/libaprpmem(  509):  Ion allocation success virtaddr : ret=4033646592 fd=38 heapid=33554432
12-16 09:37:53.516 E/libaprpmem(  509): 
12-16 09:37:53.516 E/libaprpmem(  509):  Ion allocation success virtaddr : ret=4029677568 fd=41 heapid=33554432
12-16 09:37:53.519 E/libaprpmem(  509): 
12-16 09:37:53.519 E/libaprpmem(  509):  Ion allocation success virtaddr : ret=4021739520 fd=42 heapid=33554432
12-16 09:37:53.524 E/libaprpmem(  509): 
12-16 09:37:53.524 E/libaprpmem(  509):  Ion allocation success virtaddr : ret=4017557504 fd=43 heapid=33554432
12-16 09:37:53.527 E/libaprpmem(  509): 
12-16 09:37:53.527 E/libaprpmem(  509):  Ion allocation success virtaddr : ret=4009193472 fd=44 heapid=33554432
12-16 09:37:53.532 E/libaprpmem(  509): 
12-16 09:37:53.532 E/libaprpmem(  509):  Ion allocation success virtaddr : ret=4005011456 fd=45 heapid=33554432
12-16 09:37:53.534 E/libaprpmem(  509): 
12-16 09:37:53.534 E/libaprpmem(  509):  Ion allocation success virtaddr : ret=4000829440 fd=46 heapid=33554432
12-16 09:37:53.558 D/vold    (  337): Disk at 253:0 changed
12-16 09:37:53.578 E/mm-camera(  509): mct: mct_pipeline_start_stream_internal: Adding session stream streamid= 0xf for session=2
12-16 09:37:53.579 E/mm-camera(  509): mct: mct_pipeline_start_stream_internal:Linking session stream for session 2
12-16 09:37:53.579 E/mm-camera-sensor(  509): port_sensor_caps_reserve:86session id doesn't match
12-16 09:37:53.579 E/mm-camera-sensor(  509): port_sensor_caps_reserve:86session id doesn't match
12-16 09:37:53.580 E/mm-camera(  509): iface_util_find_primary_cid:84 error cannot find primary sensor format cids 1
12-16 09:37:53.582 E/mm-camera(  509): mct: mct_pipeline_start_stream_internal:Session stream linked successfully session 2
12-16 09:37:53.582 E/mm-camera(  509): module_sensor_query_mod:5580led flash is not supported for this sensor.
12-16 09:37:53.582 E/mm-camera-isp2(  509): isp_resource_query_mod:145 num_isp_preallocate 0 num_session_opened 1 dual_vfe_enabled 0
12-16 09:37:53.582 E/mm-camera(  509): module_faceproc_query_mod:1916] Caps ROI 10 scene_mode_cnt 1 HW analysis supported 0
12-16 09:37:53.582 E/mm-camera(  509): mct: mct_pipeline_populate_query_cap_buffer: 3A VERSION:: 4.1.0.r9
12-16 09:37:53.585 E/mm-camera(  509): mct: mct_pipeline_process_set:2298: Couldn't find stream id: 0
12-16 09:37:53.586 E/mm-camera(  509): port_iface_ext_unlink_func: E, identity = 0x2000f, port = 0xf4e16c00, direction = 2
12-16 09:37:53.586 E/mm-camera(  509): port_iface_check_caps_unreserve_func:  E, identity = 0x2000f, port = 0xf4e16c00, direction = 2
12-16 09:37:53.586 E/mm-camera(  509): iface_unreserve_sink_port: stream_id f mode 0 
12-16 09:37:53.586 E/mm-camera(  509): port_iface_ext_unlink_func: E, identity = 0x2000f, port = 0xf4e16f00, direction = 1
12-16 09:37:53.586 E/mm-camera(  509): iface_ext_unlink_src_port: mct stream already removed from hw stream
12-16 09:37:53.586 E/mm-camera(  509): port_iface_check_caps_unreserve_func:  E, identity = 0x2000f, port = 0xf4e16f00, direction = 1
12-16 09:37:53.586 E/mm-camera(  509): isp_port_check_caps_unreserve:844 ide 2000f port 0xf4cfabe0
12-16 09:37:53.586 E/mm-camera(  509): c2d_port_check_caps_unreserve:183, identity=0x2000f
12-16 09:37:53.586 E/mm-camera(  509): c2d_port_check_caps_unreserve:193, identity=0x2000f, unreserved
12-16 09:37:53.586 E/mm-camera(  509): c2d_port_check_caps_unreserve:183, identity=0x2000f
12-16 09:37:53.586 E/mm-camera(  509): c2d_port_check_caps_unreserve:193, identity=0x2000f, unreserved
12-16 09:37:53.586 E/mm-camera(  509): cpp_port_check_caps_unreserve:164, identity=0x2000f
12-16 09:37:53.586 E/mm-camera(  509): cpp_port_check_caps_unreserve:174, identity=0x2000f, unreserved
12-16 09:37:53.586 E/mm-camera(  509): cpp_port_check_caps_unreserve:164, identity=0x2000f
12-16 09:37:53.586 E/mm-camera(  509): cpp_port_check_caps_unreserve:174, identity=0x2000f, unreserved
12-16 09:37:53.589 E/mm-camera(  509): q3a_thread_af_stop:672  q3a_thread_af_stop:672 MSG_STOP_THREAD
12-16 09:37:53.589 D/mm-camera(  509): stats_port_delete_reserved_stream:2340: going to NULL peer
12-16 09:37:53.593 E/mm-camera-isp2(  509): isp_module_stop_session:437 session id 2
12-16 09:37:53.599 E/mm-camera(  509): cpp_module_stop_session:536, info: stopping session 2 ...
12-16 09:37:53.600 E/mm-camera(  509): cpp_thread_process_pipe_message:581, CPP_THREAD_MSG_ABORT: cpp_thread exiting..
12-16 09:37:53.603 E/mm-camera(  509): module_faceproc_stop_session:1804] session cnt 1
12-16 09:37:53.606 E/mm-camera(  509): cpp_module_stop_session:585, info: session 2 stopped.
12-16 09:37:53.606 E/mm-camera(  509): c2d_module_stop_session:354, info: stopping session 2 ...
12-16 09:37:53.606 E/mm-camera(  509): c2d_thread_process_pipe_message:830, C2D_THREAD_MSG_ABORT: c2d_thread exiting..
12-16 09:37:53.607 E/mm-camera(  509): c2d_module_stop_session:399, info: session 2 stopped.
12-16 09:37:53.608 E/cac2    (  509):  [cac2latency] cac2_destroy_buffers: 0 ms 
12-16 09:37:53.620 D/QCamera3HWI(  489): int qcamera::lookupFwkName(const mapType*, size_t, halType) [with halType = cam_effect_mode_type; mapType = qcamera::QCamera3HardwareInterface::QCameraMap<camera_metadata_enum_android_control_effect_mode, cam_effect_mode_type>; size_t = unsigned int]: Cannot find matching framework type
12-16 09:37:53.620 D/QCamera3HWI(  489): int qcamera::lookupFwkName(const mapType*, size_t, halType) [with halType = cam_effect_mode_type; mapType = qcamera::QCamera3HardwareInterface::QCameraMap<camera_metadata_enum_android_control_effect_mode, cam_effect_mode_type>; size_t = unsigned int]: Cannot find matching framework type
12-16 09:37:53.621 D/QCamera3HWI(  489): int qcamera::lookupFwkName(const mapType*, size_t, halType) [with halType = cam_effect_mode_type; mapType = qcamera::QCamera3HardwareInterface::QCameraMap<camera_metadata_enum_android_control_effect_mode, cam_effect_mode_type>; size_t = unsigned int]: Cannot find matching framework type
12-16 09:37:53.621 D/QCamera3HWI(  489): int qcamera::lookupFwkName(const mapType*, size_t, halType) [with halType = cam_scene_mode_type; mapType = qcamera::QCamera3HardwareInterface::QCameraMap<camera_metadata_enum_android_control_scene_mode, cam_scene_mode_type>; size_t = unsigned int]: Cannot find matching framework type
12-16 09:37:53.621 D/QCamera3HWI(  489): int qcamera::lookupFwkName(const mapType*, size_t, halType) [with halType = cam_scene_mode_type; mapType = qcamera::QCamera3HardwareInterface::QCameraMap<camera_metadata_enum_android_control_scene_mode, cam_scene_mode_type>; size_t = unsigned int]: Cannot find matching framework type
12-16 09:37:53.621 D/QCamera3HWI(  489): int qcamera::lookupFwkName(const mapType*, size_t, halType) [with halType = cam_scene_mode_type; mapType = qcamera::QCamera3HardwareInterface::QCameraMap<camera_metadata_enum_android_control_scene_mode, cam_scene_mode_type>; size_t = unsigned int]: Cannot find matching framework type
12-16 09:37:53.621 D/QCamera3HWI(  489): int qcamera::lookupFwkName(const mapType*, size_t, halType) [with halType = cam_scene_mode_type; mapType = qcamera::QCamera3HardwareInterface::QCameraMap<camera_metadata_enum_android_control_scene_mode, cam_scene_mode_type>; size_t = unsigned int]: Cannot find matching framework type
12-16 09:37:53.621 D/QCamera3HWI(  489): int qcamera::lookupFwkName(const mapType*, size_t, halType) [with halType = cam_wb_mode_type; mapType = qcamera::QCamera3HardwareInterface::QCameraMap<camera_metadata_enum_android_control_awb_mode, cam_wb_mode_type>; size_t = unsigned int]: Cannot find matching framework type
12-16 09:37:53.621 D/QCamera3HWI(  489): int qcamera::lookupFwkName(const mapType*, size_t, halType) [with halType = cam_wb_mode_type; mapType = qcamera::QCamera3HardwareInterface::QCameraMap<camera_metadata_enum_android_control_awb_mode, cam_wb_mode_type>; size_t = unsigned int]: Cannot find matching framework type
12-16 09:37:53.621 E/Camera2-Metadata(  489): Update metadata entry: Unknown tag -2147352575
12-16 09:37:53.621 E/Camera2-Metadata(  489): Update metadata entry: Unknown tag -2147352576
12-16 09:37:53.621 I/QCamera3HWI(  489): static int qcamera::QCamera3HardwareInterface::getCamInfo(uint32_t, camera_info*): camera 1 resource cost is 77
12-16 09:37:53.621 I/CameraService(  489): Loaded "QCamera Module" camera module
12-16 09:37:53.621 I/QCamera3HWI(  489): static int qcamera::QCamera3HardwareInterface::getCamInfo(uint32_t, camera_info*): camera 0 resource cost is 100
12-16 09:37:53.621 I/QCamera3HWI(  489): static int qcamera::QCamera3HardwareInterface::getCamInfo(uint32_t, camera_info*): camera 1 resource cost is 77
12-16 09:37:53.622 I/ServiceManager(  489): Waiting for service media.camera.proxy...
12-16 09:37:53.626 W/PackageParser(  883): Ignoring duplicate uses-permissions/uses-permissions-sdk-m: android.permission.WAKE_LOCK in package: com.google.android.apps.maps at: Binary XML file line #95
12-16 09:37:53.858 W/PackageParser(  883): Ignoring duplicate uses-permissions/uses-permissions-sdk-m: android.permission.CHANGE_WIFI_STATE in package: com.android.nfc at: Binary XML file line #47
12-16 09:37:53.858 W/PackageParser(  883): Ignoring duplicate uses-permissions/uses-permissions-sdk-m: android.permission.ACCESS_WIFI_STATE in package: com.android.nfc at: Binary XML file line #48
12-16 09:37:53.947 I/MSM-irqbalance(  372): Discovered a new IRQ: 81
12-16 09:37:53.948 W/PackageParser(  883): Problem in package /system/app/Photos/Photos.apk:
12-16 09:37:53.948 W/PackageParser(  883): Unknown element under <activity>: category at /system/app/Photos/Photos.apk Binary XML file line #649
12-16 09:37:53.997 W/PackageManager(  883): Permission com.google.android.apps.photos.permission.GOOGLE_PHOTOS_PROVIDER from package com.google.android.apps.photos in an unknown group android.permission-group.PERSONAL_INFO
12-16 09:37:54.294 W/PackageManager(  883): Permission com.google.android.gm.email.permission.READ_ATTACHMENT from package com.google.android.gm in an unknown group android.permission-group.MESSAGES
12-16 09:37:54.294 W/PackageManager(  883): Permission com.google.android.gm.permission.READ_GMAIL from package com.google.android.gm in an unknown group android.permission-group.MESSAGES
12-16 09:37:54.294 W/PackageManager(  883): Permission com.google.android.gm.permission.WRITE_GMAIL from package com.google.android.gm in an unknown group android.permission-group.MESSAGES
12-16 09:37:54.294 W/PackageManager(  883): Permission com.google.android.gm.permission.AUTO_SEND from package com.google.android.gm in an unknown group android.permission-group.MESSAGES
12-16 09:37:54.294 W/PackageManager(  883): Permission com.google.android.gm.permission.READ_CONTENT_PROVIDER from package com.google.android.gm in an unknown group android.permission-group.MESSAGES
12-16 09:37:54.320 I/ServiceManager(  510): Waiting for service AtCmdFwd...
12-16 09:37:54.424 E/slim_daemon(  594): [NDK] bindNDKSensors: Sensor server is unavailable.
12-16 09:37:54.453 W/PackageParser(  883): Ignoring duplicate uses-permissions/uses-permissions-sdk-m: android.permission.READ_PHONE_STATE in package: com.google.android.videos at: Binary XML file line #7
12-16 09:37:54.622 I/ServiceManager(  489): Waiting for service media.camera.proxy...
12-16 09:37:54.726 D/PackageManager(  883): No files in app dir /oem/app
12-16 09:37:54.769 I/SELinux (  883): SELinux: Loaded file_contexts contexts from /file_contexts.
12-16 09:37:54.780 D/PackageManager(  883): No files in app dir /data/app-private
12-16 09:37:54.780 W/PackageManager(  883): Package com.google.android.gms desires unavailable shared library com.google.android.ble; ignoring!
12-16 09:37:54.780 W/PackageManager(  883): Package com.google.android.GoogleCamera desires unavailable shared library com.google.android.gestureservice; ignoring!
12-16 09:37:54.780 W/PackageManager(  883): Package com.google.android.GoogleCamera desires unavailable shared library com.google.android.camera2; ignoring!
12-16 09:37:54.781 I/PackageManager(  883): Adjusting ABI for : com.google.android.gsf.login to arm64-v8a
12-16 09:37:54.782 I/PackageManager(  883): Adjusting ABI for : com.google.android.backuptransport to arm64-v8a
12-16 09:37:54.782 I/PackageManager(  883): Adjusting ABI for : com.google.android.gsf to arm64-v8a
12-16 09:37:54.783 I/PackageManager(  883): Adjusting ABI for : com.android.location.fused to arm64-v8a
12-16 09:37:54.783 I/PackageManager(  883): Adjusting ABI for : com.android.settings to arm64-v8a
12-16 09:37:54.784 I/PackageManager(  883): Adjusting ABI for : com.android.inputdevices to arm64-v8a
12-16 09:37:54.784 I/PackageManager(  883): Adjusting ABI for : com.qualcomm.timeservice to arm64-v8a
12-16 09:37:54.785 I/PackageManager(  883): Adjusting ABI for : com.lge.HiddenMenu to arm64-v8a
12-16 09:37:54.785 I/PackageManager(  883): Adjusting ABI for : com.quicinc.cne.CNEService to arm64-v8a
12-16 09:37:54.786 I/PackageManager(  883): Adjusting ABI for : com.android.keychain to arm64-v8a
12-16 09:37:54.787 I/PackageManager(  883): Adjusting ABI for : com.android.server.telecom to arm64-v8a
12-16 09:37:54.787 I/PackageManager(  883): Adjusting ABI for : com.android.providers.settings to arm64-v8a
12-16 09:37:54.788 I/PackageManager(  883): Adjusting ABI for : com.qualcomm.atfwd to arm64-v8a
12-16 09:37:54.788 I/PackageManager(  883): Adjusting ABI for : com.android.providers.telephony to arm64-v8a
12-16 09:37:54.788 I/PackageManager(  883): Adjusting ABI for : com.qualcomm.qcrilmsgtunnel to arm64-v8a
12-16 09:37:54.788 I/PackageManager(  883): Adjusting ABI for : com.android.phone to arm64-v8a
12-16 09:37:54.788 I/PackageManager(  883): Adjusting ABI for : com.android.sdm.plugins.diagmon to arm64-v8a
12-16 09:37:54.789 I/PackageManager(  883): Adjusting ABI for : com.android.mms.service to arm64-v8a
12-16 09:37:54.789 I/PackageManager(  883): Adjusting ABI for : com.android.sdm.plugins.dcmo to arm64-v8a
12-16 09:37:54.789 I/PackageManager(  883): Adjusting ABI for : com.android.stk to arm64-v8a
12-16 09:37:54.789 I/PackageManager(  883): Adjusting ABI for : com.android.sdm.plugins.sprintdm to arm64-v8a
12-16 09:37:54.790 I/PackageManager(  883): Adjusting ABI for : com.android.sdm.plugins.connmo to arm64-v8a
12-16 09:37:54.790 I/PackageManager(  883): Adjusting ABI for : com.qualcomm.qti.rcsbootstraputil to arm64-v8a
12-16 09:37:54.790 I/PackageManager(  883): Adjusting ABI for : com.qti.qualcomm.datastatusnotification to arm64-v8a
12-16 09:37:54.791 I/PackageManager(  883): Adjusting ABI for : com.qualcomm.qti.rcsimsbootstraputil to arm64-v8a
12-16 09:37:54.796 I/PackageManager(  883): Time to scan packages: 4.258 seconds
12-16 09:37:54.797 W/PackageManager(  883): Not granting permission android.permission.MANAGE_DOCUMENTS to package com.google.android.youtube (protectionLevel=2 flags=0x38583e45)
12-16 09:37:54.798 W/PackageManager(  883): Not granting permission com.google.android.googleapps.permission.GOOGLE_AUTH to package com.google.android.youtube (protectionLevel=2 flags=0x38583e45)
12-16 09:37:54.798 W/PackageManager(  883): Not granting permission com.google.android.googleapps.permission.GOOGLE_AUTH.youtube to package com.google.android.youtube (protectionLevel=2 flags=0x38583e45)
12-16 09:37:54.798 W/PackageManager(  883): Not granting permission com.google.android.googleapps.permission.GOOGLE_AUTH.YouTubeUser to package com.google.android.youtube (protectionLevel=2 flags=0x38583e45)
12-16 09:37:54.799 W/PackageManager(  883): Unknown permission com.google.android.voicesearch.SHORTCUTS_ACCESS in package com.google.android.googlequicksearchbox
12-16 09:37:54.799 W/PackageManager(  883): Unknown permission com.google.android.voicesearch.ACCESS_SETTINGS in package com.google.android.googlequicksearchbox
12-16 09:37:54.799 W/PackageManager(  883): Unknown permission com.android.browser.permission.PRELOAD in package com.google.android.googlequicksearchbox
12-16 09:37:54.799 W/PackageManager(  883): Unknown permission com.google.android.ears.permission.WRITE in package com.google.android.googlequicksearchbox
12-16 09:37:54.800 W/PackageManager(  883): Unknown permission com.google.android.apps.googlevoice.permission.AUTO_SEND in package com.google.android.googlequicksearchbox
12-16 09:37:54.800 W/PackageManager(  883): Unknown permission com.android.chrome.PRERENDER_URL in package com.google.android.googlequicksearchbox
12-16 09:37:54.800 W/PackageManager(  883): Not granting permission com.google.android.googleapps.permission.GOOGLE_AUTH to package com.android.providers.calendar (protectionLevel=2 flags=0x30083e45)
12-16 09:37:54.800 W/PackageManager(  883): Not granting permission com.google.android.googleapps.permission.GOOGLE_AUTH.cl to package com.android.providers.calendar (protectionLevel=2 flags=0x30083e45)
12-16 09:37:54.800 W/PackageManager(  883): Unknown permission com.android.nfc.permission.NFCEE_ADMIN in package org.simalliance.openmobileapi.service
12-16 09:37:54.801 W/PackageManager(  883): Not granting permission android.permission.WRITE_SECURE_SETTINGS to package com.google.android.apps.enterprise.dmagent (protectionLevel=50 flags=0x38083e05)
12-16 09:37:54.801 W/PackageManager(  883): Not granting permission android.permission.CONNECTIVITY_INTERNAL to package com.google.android.apps.enterprise.dmagent (protectionLevel=18 flags=0x38083e05)
12-16 09:37:54.801 W/PackageManager(  883): Not granting permission android.permission.MANAGE_USB to package com.google.android.apps.enterprise.dmagent (protectionLevel=18 flags=0x38083e05)
12-16 09:37:54.801 W/PackageManager(  883): Not granting permission android.permission.CHANGE_COMPONENT_ENABLED_STATE to package com.google.android.apps.enterprise.dmagent (protectionLevel=18 flags=0x38083e05)
12-16 09:37:54.801 W/PackageManager(  883): Not granting permission android.permission.MANAGE_CA_CERTIFICATES to package com.google.android.apps.enterprise.dmagent (protectionLevel=18 flags=0x38083e05)
12-16 09:37:54.801 W/PackageManager(  883): Not granting permission android.permission.MANAGE_USERS to package com.google.android.apps.enterprise.dmagent (protectionLevel=18 flags=0x38083e05)
12-16 09:37:54.802 W/PackageManager(  883): Not granting permission android.permission.SEND_DOWNLOAD_COMPLETED_INTENTS to package com.android.vending (protectionLevel=2 flags=0x384abe45)
12-16 09:37:54.802 W/PackageManager(  883): Unknown permission android.permission.SEND_SMS_NO_CONFIRMATION in package com.android.vending
12-16 09:37:54.802 I/PackageManager(  883): Un-granting permission android.permission.INSTALL_GRANT_RUNTIME_PERMISSIONS from package com.android.vending (protectionLevel=770 flags=0x384abe45)
12-16 09:37:54.802 I/PackageManager(  883): Un-granting permission android.permission.GRANT_RUNTIME_PERMISSIONS from package com.android.vending (protectionLevel=770 flags=0x384abe45)
12-16 09:37:54.802 I/PackageManager(  883): Un-granting permission android.permission.REVOKE_RUNTIME_PERMISSIONS from package com.android.vending (protectionLevel=770 flags=0x384abe45)
12-16 09:37:54.803 W/PackageManager(  883): Unknown permission android.permission.NFC_TRANSACTION in package at.psa.app.bankaustria
12-16 09:37:54.803 W/PackageManager(  883): Unknown permission android.permission.SMARTCARD in package at.psa.app.bankaustria
12-16 09:37:54.803 W/PackageManager(  883): Unknown permission com.rise.world.apps.ipc.permission.SMCC in package at.psa.app.bankaustria
12-16 09:37:54.803 W/PackageManager(  883): Unknown permission com.gsma.services.nfc.permission.TRANSACTION_EVENT in package at.psa.app.bankaustria
12-16 09:37:54.803 W/PackageManager(  883): Unknown permission android.permission.NFC_UNLOCK in package com.android.nfc
12-16 09:37:54.803 W/PackageManager(  883): Unknown permission com.android.launcher.permission.READ_SETTINGS in package com.google.android.launcher
12-16 09:37:54.803 W/PackageManager(  883): Unknown permission com.android.launcher.permission.WRITE_SETTINGS in package com.google.android.launcher
12-16 09:37:54.804 W/PackageManager(  883): Unknown permission com.google.android.email.permission.ACCESS_PROVIDER in package com.google.android.gm
12-16 09:37:54.804 W/PackageManager(  883): Unknown permission android.permission.READ_OWNER_DATA in package com.google.android.setupwizard
12-16 09:37:54.804 W/PackageManager(  883): Unknown permission android.permission.WRITE_OWNER_DATA in package com.google.android.setupwizard
12-16 09:37:54.805 W/PackageManager(  883): Unknown permission android.permission.WRITE_SYNC_STATS in package com.google.android.apps.docs
12-16 09:37:54.805 W/PackageManager(  883): Not granting permission android.permission.INTERACT_ACROSS_USERS to package com.google.android.syncadapters.contacts (protectionLevel=50 flags=0x38083e45)
12-16 09:37:54.805 W/PackageManager(  883): Unknown permission com.google.android.gms.permission.CONTACTS_SYNC_DELEGATION in package com.google.android.syncadapters.contacts
12-16 09:37:54.806 W/PackageManager(  883): Unknown permission com.chrome.permission.DEVICE_EXTRAS in package com.android.chrome
12-16 09:37:54.806 W/PackageManager(  883): Unknown permission com.sec.enterprise.knox.MDM_CONTENT_PROVIDER in package com.android.chrome
12-16 09:37:54.806 I/PackageManager(  883): Un-granting permission android.permission.CLEAR_APP_USER_DATA from package com.google.android.packageinstaller (protectionLevel=258 flags=0x38483e45)
12-16 09:37:54.806 I/PackageManager(  883): Un-granting permission android.permission.GRANT_RUNTIME_PERMISSIONS from package com.google.android.packageinstaller (protectionLevel=770 flags=0x38483e45)
12-16 09:37:54.806 I/PackageManager(  883): Un-granting permission android.permission.REVOKE_RUNTIME_PERMISSIONS from package com.google.android.packageinstaller (protectionLevel=770 flags=0x38483e45)
12-16 09:37:54.806 I/PackageManager(  883): Un-granting permission android.permission.INSTALL_GRANT_RUNTIME_PERMISSIONS from package com.google.android.packageinstaller (protectionLevel=770 flags=0x38483e45)
12-16 09:37:54.806 I/PackageManager(  883): Un-granting permission android.permission.INTERACT_ACROSS_USERS_FULL from package com.google.android.packageinstaller (protectionLevel=258 flags=0x38483e45)
12-16 09:37:54.807 I/PackageManager(  883): Un-granting permission android.permission.KILL_UID from package com.google.android.packageinstaller (protectionLevel=258 flags=0x38483e45)
12-16 09:37:54.807 W/PackageManager(  883): Unknown permission com.google.android.wearable.READ_SETTINGS in package com.google.android.gms
12-16 09:37:54.807 W/PackageManager(  883): Not granting permission android.permission.MANAGE_DOCUMENTS to package com.google.android.gms (protectionLevel=2 flags=0xb8483e45)
12-16 09:37:54.808 W/PackageManager(  883): Unknown permission com.android.launcher.permission.PRELOAD_WORKSPACE in package com.google.android.partnersetup
12-16 09:37:54.808 W/PackageManager(  883): Not granting permission com.google.android.googleapps.permission.GOOGLE_AUTH to package com.google.android.videos (protectionLevel=2 flags=0x38583e45)
12-16 09:37:54.808 W/PackageManager(  883): Unknown permission com.google.android.gallery3d.permission.PICASA_STORE in package com.google.android.apps.photos
12-16 09:37:54.809 W/PackageManager(  883): Not granting permission android.permission.CONTROL_KEYGUARD to package com.google.android.gsf.login (protectionLevel=2 flags=0x3048be45)
12-16 09:37:54.809 W/PackageManager(  883): Unknown permission com.android.vending.billing.IBillingAccountService.BIND2 in package com.google.android.gsf.login
12-16 09:37:54.809 W/PackageManager(  883): Unknown permission com.android.launcher.permission.READ_SETTINGS in package com.android.settings
12-16 09:37:54.810 W/PackageManager(  883): Unknown permission com.android.launcher.permission.WRITE_SETTINGS in package com.android.settings
12-16 09:37:54.810 W/PackageManager(  883): Unknown permission com.android.permission.DCMO_SETTINGS in package com.android.omadm.service
12-16 09:37:54.810 W/PackageManager(  883): Not granting permission android.permission.REGISTER_CONNECTION_MANAGER to package com.google.android.talk (protectionLevel=18 flags=0x3849be45)
12-16 09:37:54.811 W/PackageManager(  883): Unknown permission com.android.smspush.WAPPUSH_MANAGER_BIND in package com.android.phone
12-16 09:37:54.812 W/PackageManager(  883): Unknown permission com.google.android.gallery3d.permission.GALLERY_PROVIDER in package com.android.bluetooth
12-16 09:37:54.812 W/PackageManager(  883): Unknown permission com.android.gallery3d.permission.GALLERY_PROVIDER in package com.android.bluetooth
12-16 09:37:54.812 W/PackageManager(  883): Not granting permission android.permission.BIND_WALLPAPER to package com.google.android.GoogleCamera (protectionLevel=18 flags=0x30583c45)
12-16 09:37:54.812 W/PackageManager(  883): Unknown permission com.google.android.gallery3d.permission.GALLERY_PROVIDER in package com.google.android.GoogleCamera
12-16 09:37:54.881 I/art     (  883): Starting a blocking GC Explicit
12-16 09:37:54.914 I/art     (  883): Explicit concurrent mark sweep GC freed 19281(1383KB) AllocSpace objects, 2(40KB) LOS objects, 33% free, 15MB/23MB, paused 228us total 32.736ms
12-16 09:37:54.915 I/SystemServer(  883): User Service
12-16 09:37:54.920 I/lowmemorykiller(  366): ActivityManager connected
12-16 09:37:54.920 D/SensorService(  883): nuSensorService starting...
12-16 09:37:54.923 I/sensors (  883): open_sensors
12-16 09:37:55.320 I/ServiceManager(  510): Waiting for service AtCmdFwd...
12-16 09:37:55.426 E/slim_daemon(  594): [NDK] bindNDKSensors: Sensor server is unavailable.
12-16 09:37:55.623 I/ServiceManager(  489): Waiting for service media.camera.proxy...
12-16 09:37:56.321 I/ServiceManager(  510): Waiting for service AtCmdFwd...
12-16 09:37:56.428 E/slim_daemon(  594): [NDK] bindNDKSensors: Sensor server is unavailable.
12-16 09:37:56.624 I/ServiceManager(  489): Waiting for service media.camera.proxy...
12-16 09:37:56.983 I/hubconnection(  883): sensorhub said: 'Hello, world!'
12-16 09:37:56.983 I/hubconnection(  883): sensorhub said: 'Found Bosch BMP280 Pressure/Temperature Sensor'
12-16 09:37:56.984 I/hubconnection(  883): sensorhub said: 'Found Rohm RPR-0521 Proximity/ALS Sensor'
12-16 09:37:56.984 I/hubconnection(  883): sensorhub said: 'Found Bosch BMI160 Accel/Gyro Sensor'
12-16 09:37:56.984 I/sensors (  883): get_sensors_list
12-16 09:37:56.984 I/sensors (  883): activate
12-16 09:37:56.984 I/sensors (  883): activate
12-16 09:37:56.984 I/sensors (  883): activate
12-16 09:37:56.984 I/sensors (  883): activate
12-16 09:37:56.985 I/sensors (  883): activate
12-16 09:37:56.985 I/sensors (  883): activate
12-16 09:37:56.985 I/sensors (  883): activate
12-16 09:37:56.985 I/sensors (  883): activate
12-16 09:37:56.985 I/sensors (  883): activate
12-16 09:37:56.985 I/sensors (  883): activate
12-16 09:37:56.985 I/sensors (  883): activate
12-16 09:37:56.985 I/sensors (  883): activate
12-16 09:37:56.985 I/sensors (  883): activate
12-16 09:37:56.985 I/sensors (  883): activate
12-16 09:37:56.986 I/sensors (  883): activate
12-16 09:37:56.986 I/sensors (  883): activate
12-16 09:37:56.986 I/sensors (  883): activate
12-16 09:37:56.986 I/sensors (  883): activate
12-16 09:37:56.986 I/sensors (  883): activate
12-16 09:37:56.986 I/sensors (  883): activate
12-16 09:37:56.986 I/sensors (  883): activate
12-16 09:37:56.986 I/sensors (  883): activate
12-16 09:37:56.986 I/sensors (  883): activate
12-16 09:37:56.986 I/sensors (  883): activate
12-16 09:37:56.986 I/sensors (  883): get_sensors_list
12-16 09:37:56.987 I/sensors (  883): get_sensors_list
12-16 09:37:56.992 I/SystemServiceManager(  883): Starting com.android.server.BatteryService
12-16 09:37:56.992 D/SensorService(  883): new thread SensorEventAckReceiver
12-16 09:37:56.995 D/SensorService(  883): nuSensorService thread starting...
12-16 09:37:57.004 I/hubconnection(  883): sensorhub said: 'init: 24 -19 -1, -9 13 -25, 0.00, 7'
12-16 09:37:57.004 I/SystemServiceManager(  883): Starting com.android.server.usage.UsageStatsService
12-16 09:37:57.006 I/hubconnection(  883): sensorhub said: 'activate 18 enable:1'
12-16 09:37:57.010 E/BluetoothAdapter(  883): Bluetooth binder is null
12-16 09:37:57.010 I/hubconnection(  883): sensorhub said: 'activate 6 enable:0'
12-16 09:37:57.011 I/hubconnection(  883): sensorhub said: 'activate 7 enable:0'
12-16 09:37:57.013 I/hubconnection(  883): sensorhub said: 'activate 1 enable:0'
12-16 09:37:57.014 I/SystemServiceManager(  883): Starting com.android.server.webkit.WebViewUpdateService
12-16 09:37:57.015 I/hubconnection(  883): sensorhub said: 'activate 2 enable:0'
12-16 09:37:57.016 I/hubconnection(  883): sensorhub said: 'activate 26 enable:0'
12-16 09:37:57.016 I/SystemServer(  883): Reading configuration...
12-16 09:37:57.016 I/SystemServer(  883): Scheduling Policy
12-16 09:37:57.018 I/SystemServiceManager(  883): Starting com.android.server.telecom.TelecomLoaderService
12-16 09:37:57.017 I/hubconnection(  883): sensorhub said: 'activate 3 enable:0'
12-16 09:37:57.018 I/SystemServer(  883): Telephony Registry
12-16 09:37:57.019 I/hubconnection(  883): sensorhub said: 'activate 25 enable:0'
12-16 09:37:57.020 I/hubconnection(  883): sensorhub said: 'activate 4 enable:0'
12-16 09:37:57.021 I/hubconnection(  883): sensorhub said: 'activate 5 enable:0'
12-16 09:37:57.023 I/hubconnection(  883): sensorhub said: 'activate 8 enable:0'
12-16 09:37:57.024 I/SystemServer(  883): Entropy Mixer
12-16 09:37:57.025 I/hubconnection(  883): sensorhub said: 'activate 9 enable:0'
12-16 09:37:57.026 I/hubconnection(  883): sensorhub said: 'activate 24 enable:0'
12-16 09:37:57.026 I/BatteryStatsImpl(  883): Resetting battery stats: level=100 status=2 dischargeLevel=100 lowAmount=0 highAmount=0
12-16 09:37:57.031 I/EntropyMixer(  883): Added HW RNG output to entropy pool
12-16 09:37:57.031 I/EntropyMixer(  883): Writing entropy...
12-16 09:37:57.033 I/hubconnection(  883): sensorhub said: 'activate 12 enable:0'
12-16 09:37:57.035 I/hubconnection(  883): sensorhub said: 'activate 15 enable:0'
12-16 09:37:57.038 I/hubconnection(  883): sensorhub said: 'activate 16 enable:0'
12-16 09:37:57.040 I/hubconnection(  883): sensorhub said: 'activate 17 enable:0'
12-16 09:37:57.041 I/hubconnection(  883): sensorhub said: 'activate 19 enable:0'
12-16 09:37:57.043 I/hubconnection(  883): sensorhub said: 'activate 20 enable:0'
12-16 09:37:57.044 I/hubconnection(  883): sensorhub said: 'activate 22 enable:0'
12-16 09:37:57.047 I/hubconnection(  883): sensorhub said: 'activate 21 enable:0'
12-16 09:37:57.048 I/hubconnection(  883): sensorhub said: 'activate 28 enable:0'
12-16 09:37:57.048 I/SystemServer(  883): Camera Service
12-16 09:37:57.049 I/SystemServiceManager(  883): Starting com.android.server.camera.CameraService
12-16 09:37:57.049 I/hubconnection(  883): sensorhub said: 'activate 29 enable:0'
12-16 09:37:57.051 I/hubconnection(  883): sensorhub said: 'activate 30 enable:0'
12-16 09:37:57.052 I/hubconnection(  883): sensorhub said: 'activate 31 enable:0'
12-16 09:37:57.052 I/SystemServer(  883): Account Manager
12-16 09:37:57.059 I/SystemServer(  883): Content Manager
12-16 09:37:57.060 I/SystemServer(  883): System Content Providers
12-16 09:37:57.065 W/System  (  883): ClassLoader referenced unknown path: /system/priv-app/SettingsProvider/lib/arm64
12-16 09:37:57.090 I/SystemServer(  883): Vibrator Service
12-16 09:37:57.092 I/SystemServer(  883): Consumer IR Service
12-16 09:37:57.093 E/ConsumerIrService(  883): Can't open consumer IR HW Module, error: -2
12-16 09:37:57.094 I/SystemServiceManager(  883): Starting com.android.server.AlarmManagerService
12-16 09:37:57.096 D/AlarmManagerService(  883): Kernel timezone updated to -60 minutes west of GMT
12-16 09:37:57.099 I/SystemServer(  883): Init Watchdog
12-16 09:37:57.100 I/SystemServer(  883): Input Manager
12-16 09:37:57.101 I/InputManager(  883): Initializing input manager, mUseDevInputEventForAudioJack=true
12-16 09:37:57.102 I/SystemServer(  883): Window Manager
12-16 09:37:57.112 I/WindowManager(  883): No existing display settings /data/system/display_settings.xml; starting empty
12-16 09:37:57.153 I/InputManager(  883): Starting input manager
12-16 09:37:57.155 I/SystemServer(  883): Bluetooth Service
12-16 09:37:57.155 I/SystemServiceManager(  883): Starting com.android.server.BluetoothService
12-16 09:37:57.156 D/EventHub(  883): No input device configuration file found for device 'uinput-folio'.
12-16 09:37:57.157 I/EventHub(  883): New device: id=1, fd=83, path='/dev/input/event6', name='uinput-folio', classes=0x80, configuration='', keyLayout='', keyCharacterMap='', builtinKeyboard=false, wakeMechanism=EPOLLWAKEUP, usingClockIoctl=true
12-16 09:37:57.157 D/EventHub(  883): No input device configuration file found for device 'msm8994-tomtom-snd-card Headset Jack'.
12-16 09:37:57.157 I/EventHub(  883): New device: id=2, fd=84, path='/dev/input/event5', name='msm8994-tomtom-snd-card Headset Jack', classes=0x80, configuration='', keyLayout='', keyCharacterMap='', builtinKeyboard=false, wakeMechanism=EPOLLWAKEUP, usingClockIoctl=true
12-16 09:37:57.157 D/EventHub(  883): No input device configuration file found for device 'msm8994-tomtom-snd-card Button Jack'.
12-16 09:37:57.158 D/BluetoothService(  883): onStart: publishing BluetoothManagerService
12-16 09:37:57.159 I/SystemServer(  883): Input Method Service
12-16 09:37:57.163 W/EventHub(  883): Unable to disable kernel key repeat for /dev/input/event4: Function not implemented
12-16 09:37:57.163 I/EventHub(  883): New device: id=3, fd=85, path='/dev/input/event4', name='msm8994-tomtom-snd-card Button Jack', classes=0x1, configuration='', keyLayout='/system/usr/keylayout/Generic.kl', keyCharacterMap='/system/usr/keychars/Generic.kcm', builtinKeyboard=false, wakeMechanism=EPOLLWAKEUP, usingClockIoctl=true
12-16 09:37:57.163 D/EventHub(  883): No input device configuration file found for device 'qpnp_pon'.
12-16 09:37:57.167 W/EventHub(  883): Unable to disable kernel key repeat for /dev/input/event2: Function not implemented
12-16 09:37:57.167 I/EventHub(  883): New device: id=4, fd=86, path='/dev/input/event2', name='qpnp_pon', classes=0x1, configuration='', keyLayout='/system/usr/keylayout/qpnp_pon.kl', keyCharacterMap='/system/usr/keychars/Generic.kcm', builtinKeyboard=false, wakeMechanism=EPOLLWAKEUP, usingClockIoctl=true
12-16 09:37:57.167 D/EventHub(  883): No input device configuration file found for device 'STM VL6180 proximity sensor'.
12-16 09:37:57.195 I/SystemServer(  883): Accessibility Manager
12-16 09:37:57.197 D/EventHub(  883): No input device configuration file found for device 'gpio-keys'.
12-16 09:37:57.200 I/ActivityManager(  883): Config changes=1df8 {1.0 ?mcc?mnc de_DE ldltr sw411dp w411dp h731dp 420dpi nrml long port ?uimode ?night -touch -keyb/v/h -nav/h s.2}
12-16 09:37:57.201 W/EventHub(  883): Unable to disable kernel key repeat for /dev/input/event3: Function not implemented
12-16 09:37:57.201 I/EventHub(  883): New device: id=6, fd=92, path='/dev/input/event3', name='gpio-keys', classes=0x1, configuration='', keyLayout='/system/usr/keylayout/gpio-keys.kl', keyCharacterMap='/system/usr/keychars/Generic.kcm', builtinKeyboard=false, wakeMechanism=EPOLLWAKEUP, usingClockIoctl=true
12-16 09:37:57.203 I/EventHub(  883): New device: id=7, fd=93, path='/dev/input/event0', name='synaptics_rmi4_i2c', classes=0x14, configuration='/system/usr/idc/synaptics_rmi4_i2c.idc', keyLayout='', keyCharacterMap='', builtinKeyboard=false, wakeMechanism=EPOLLWAKEUP, usingClockIoctl=true
12-16 09:37:57.207 I/InputReader(  883): Device added: id=-1, name='Virtual', sources=0x00000301
12-16 09:37:57.208 I/InputReader(  883):   Touch device 'synaptics_rmi4_i2c' could not query the properties of its associated display.  The device will be inoperable until the display size becomes available.
12-16 09:37:57.208 I/InputReader(  883): Device added: id=7, name='synaptics_rmi4_i2c', sources=0x00001002
12-16 09:37:57.208 I/InputReader(  883): Device added: id=6, name='gpio-keys', sources=0x00000101
12-16 09:37:57.208 I/InputReader(  883): Device added: id=4, name='qpnp_pon', sources=0x00000101
12-16 09:37:57.208 I/InputReader(  883): Device added: id=3, name='msm8994-tomtom-snd-card Button Jack', sources=0x00000101
12-16 09:37:57.209 I/InputReader(  883): Device added: id=2, name='msm8994-tomtom-snd-card Headset Jack', sources=0x80000000
12-16 09:37:57.209 I/InputReader(  883): Device added: id=1, name='uinput-folio', sources=0x80000000
12-16 09:37:57.209 I/InputReader(  883): Reconfiguring input devices.  changes=0x00000004
12-16 09:37:57.209 I/InputReader(  883): Device reconfigured: id=7, name='synaptics_rmi4_i2c', size 1080x1920, orientation 0, mode 1, display id 0
12-16 09:37:57.213 I/ActivityManager(  883): Config changes=508 {1.0 ?mcc?mnc de_DE ldltr sw411dp w411dp h659dp 420dpi nrml port ?uimode ?night finger -keyb/v/h -nav/h s.3}
12-16 09:37:57.216 I/SystemServiceManager(  883): Starting com.android.server.MountService$Lifecycle
12-16 09:37:57.223 D/MountService(  883): Thinking about reset, mSystemReady=false, mDaemonConnected=true
12-16 09:37:57.224 D/MountService(  883): Thinking about reset, mSystemReady=false, mDaemonConnected=true
12-16 09:37:57.224 I/SystemServiceManager(  883): Starting com.android.server.UiModeManagerService
12-16 09:37:57.225 D/CryptdConnector(  883): SND -> {1 cryptfs getfield SystemLocale}
12-16 09:37:57.226 I/Ext4Crypt(  337): ext4 crypto complete called on /data
12-16 09:37:57.226 I/Ext4Crypt(  337): No master key, so not ext4enc
12-16 09:37:57.226 I/ActivityManager(  883): Config changes=200 {1.0 ?mcc?mnc de_DE ldltr sw411dp w411dp h659dp 420dpi nrml port finger -keyb/v/h -nav/h s.4}
12-16 09:37:57.230 I/SystemServer(  883): LockSettingsService
12-16 09:37:57.231 D/CryptdConnector(  883): RCV <- {113 1 de-DE}
12-16 09:37:57.231 D/CryptdConnector(  883): RCV <- {200 1 0}
12-16 09:37:57.232 D/MountService(  883): Got locale de-DE from mount service
12-16 09:37:57.233 D/MountService(  883): Setting system properties to de-DE from mount service
12-16 09:37:57.234 I/SystemServiceManager(  883): Starting com.android.server.PersistentDataBlockService
12-16 09:37:57.239 W/MountService(  883): No primary storage mounted!
12-16 09:37:57.239 D/VoldConnector(  883): SND -> {1 asec list}
12-16 09:37:57.241 D/VoldConnector(  883): RCV <- {200 1 asec operation succeeded}
12-16 09:37:57.241 I/PackageManager(  883): No secure containers found
12-16 09:37:57.242 W/PackageManager(  883): Not granting permission android.permission.MANAGE_DOCUMENTS to package com.google.android.youtube (protectionLevel=2 flags=0x38583e45)
12-16 09:37:57.242 W/PackageManager(  883): Not granting permission com.google.android.googleapps.permission.GOOGLE_AUTH to package com.google.android.youtube (protectionLevel=2 flags=0x38583e45)
12-16 09:37:57.242 W/PackageManager(  883): Not granting permission com.google.android.googleapps.permission.GOOGLE_AUTH.youtube to package com.google.android.youtube (protectionLevel=2 flags=0x38583e45)
12-16 09:37:57.242 W/PackageManager(  883): Not granting permission com.google.android.googleapps.permission.GOOGLE_AUTH.YouTubeUser to package com.google.android.youtube (protectionLevel=2 flags=0x38583e45)
12-16 09:37:57.242 W/PackageManager(  883): Unknown permission com.google.android.voicesearch.SHORTCUTS_ACCESS in package com.google.android.googlequicksearchbox
12-16 09:37:57.242 W/PackageManager(  883): Unknown permission com.google.android.voicesearch.ACCESS_SETTINGS in package com.google.android.googlequicksearchbox
12-16 09:37:57.242 W/PackageManager(  883): Unknown permission com.android.browser.permission.PRELOAD in package com.google.android.googlequicksearchbox
12-16 09:37:57.242 W/PackageManager(  883): Unknown permission com.google.android.ears.permission.WRITE in package com.google.android.googlequicksearchbox
12-16 09:37:57.242 W/PackageManager(  883): Unknown permission com.google.android.apps.googlevoice.permission.AUTO_SEND in package com.google.android.googlequicksearchbox
12-16 09:37:57.243 W/PackageManager(  883): Unknown permission com.android.chrome.PRERENDER_URL in package com.google.android.googlequicksearchbox
12-16 09:37:57.243 W/PackageManager(  883): Not granting permission com.google.android.googleapps.permission.GOOGLE_AUTH to package com.android.providers.calendar (protectionLevel=2 flags=0x30083e45)
12-16 09:37:57.243 W/PackageManager(  883): Not granting permission com.google.android.googleapps.permission.GOOGLE_AUTH.cl to package com.android.providers.calendar (protectionLevel=2 flags=0x30083e45)
12-16 09:37:57.243 W/PackageManager(  883): Unknown permission com.android.nfc.permission.NFCEE_ADMIN in package org.simalliance.openmobileapi.service
12-16 09:37:57.243 W/PackageManager(  883): Not granting permission android.permission.WRITE_SECURE_SETTINGS to package com.google.android.apps.enterprise.dmagent (protectionLevel=50 flags=0x38083e05)
12-16 09:37:57.243 W/PackageManager(  883): Not granting permission android.permission.CONNECTIVITY_INTERNAL to package com.google.android.apps.enterprise.dmagent (protectionLevel=18 flags=0x38083e05)
12-16 09:37:57.243 W/PackageManager(  883): Not granting permission android.permission.MANAGE_USB to package com.google.android.apps.enterprise.dmagent (protectionLevel=18 flags=0x38083e05)
12-16 09:37:57.243 W/PackageManager(  883): Not granting permission android.permission.CHANGE_COMPONENT_ENABLED_STATE to package com.google.android.apps.enterprise.dmagent (protectionLevel=18 flags=0x38083e05)
12-16 09:37:57.243 W/PackageManager(  883): Not granting permission android.permission.MANAGE_CA_CERTIFICATES to package com.google.android.apps.enterprise.dmagent (protectionLevel=18 flags=0x38083e05)
12-16 09:37:57.243 W/PackageManager(  883): Not granting permission android.permission.MANAGE_USERS to package com.google.android.apps.enterprise.dmagent (protectionLevel=18 flags=0x38083e05)
12-16 09:37:57.244 W/PackageManager(  883): Not granting permission android.permission.SEND_DOWNLOAD_COMPLETED_INTENTS to package com.android.vending (protectionLevel=2 flags=0x384abe45)
12-16 09:37:57.244 W/PackageManager(  883): Unknown permission android.permission.SEND_SMS_NO_CONFIRMATION in package com.android.vending
12-16 09:37:57.244 W/PackageManager(  883): Unknown permission android.permission.NFC_TRANSACTION in package at.psa.app.bankaustria
12-16 09:37:57.244 W/PackageManager(  883): Unknown permission android.permission.SMARTCARD in package at.psa.app.bankaustria
12-16 09:37:57.244 W/PackageManager(  883): Unknown permission com.rise.world.apps.ipc.permission.SMCC in package at.psa.app.bankaustria
12-16 09:37:57.244 W/PackageManager(  883): Unknown permission com.gsma.services.nfc.permission.TRANSACTION_EVENT in package at.psa.app.bankaustria
