12-15 21:01:44.288 I/art     (  500): option[32]=-j2
12-15 21:01:44.288 I/art     (  500): option[33]=-Ximage-compiler-option
12-15 21:01:44.288 I/art     (  500): option[34]=-j4
12-15 21:01:44.288 I/art     (  500): option[35]=-Ximage-compiler-option
12-15 21:01:44.288 I/art     (  500): option[36]=--instruction-set-variant=cortex-a53
12-15 21:01:44.288 I/art     (  500): option[37]=-Xcompiler-option
12-15 21:01:44.288 I/art     (  500): option[38]=--instruction-set-variant=cortex-a53
12-15 21:01:44.288 I/art     (  500): option[39]=-Ximage-compiler-option
12-15 21:01:44.288 I/art     (  500): option[40]=--instruction-set-features=default
12-15 21:01:44.288 I/art     (  500): option[41]=-Xcompiler-option
12-15 21:01:44.288 I/art     (  500): option[42]=--instruction-set-features=default
12-15 21:01:44.288 I/art     (  500): option[43]=-Duser.locale=de-DE
12-15 21:01:44.289 I/art     (  500): option[44]=--cpu-abilist=arm64-v8a
12-15 21:01:44.289 I/art     (  500): option[45]=-Xfingerprint:google/bullhead/bullhead:6.0.1/MMB29K/2419427:user/release-keys
12-15 21:01:44.290 E/Diag_Lib(  576):  Diag_LSM_Init: Failed to open handle to diag driver, error = 13
12-15 21:01:44.291 E/QC-QMI  (  576): qmi_client [576]: unable to connect to server, errno=[2:No such file or directory], attempt=1
12-15 21:01:44.292 E/slim_daemon(  576): [NDK] bindNDKSensors: Sensor server is unavailable.
12-15 21:01:44.292 E/        (  499): ServiceManager: 0x7faa921a40
12-15 21:01:44.292 I/ConnectionManagerService(  499): ConnectionManagerService::instantiate()
12-15 21:01:44.292 I/ConnectionManagerService(  499): ConnectionManagerService started: pid = 499
12-15 21:01:44.503 D/AndroidRuntime(  501): >>>>>> START com.android.internal.os.ZygoteInit uid 0 <<<<<<
12-15 21:01:44.562 D/AndroidRuntime(  501): CheckJNI is OFF
12-15 21:01:44.562 I/art     (  501): option[0]=-Xzygote
12-15 21:01:44.563 I/art     (  501): option[1]=-Xstacktracefile:/data/anr/traces.txt
12-15 21:01:44.563 I/art     (  501): option[2]=exit
12-15 21:01:44.563 I/art     (  501): option[3]=vfprintf
12-15 21:01:44.563 I/art     (  501): option[4]=sensitiveThread
12-15 21:01:44.563 I/art     (  501): option[5]=-verbose:gc
12-15 21:01:44.563 I/art     (  501): option[6]=-Xms8m
12-15 21:01:44.563 I/art     (  501): option[7]=-Xmx512m
12-15 21:01:44.563 I/art     (  501): option[8]=-XX:HeapGrowthLimit=192m
12-15 21:01:44.563 I/art     (  501): option[9]=-XX:HeapMinFree=512k
12-15 21:01:44.563 I/art     (  501): option[10]=-XX:HeapMaxFree=8m
12-15 21:01:44.563 I/art     (  501): option[11]=-XX:HeapTargetUtilization=0.75
12-15 21:01:44.563 I/art     (  501): option[12]=-agentlib:jdwp=transport=dt_android_adb,suspend=n,server=y
12-15 21:01:44.563 I/art     (  501): option[13]=-Ximage-compiler-option
12-15 21:01:44.563 I/art     (  501): option[14]=--runtime-arg
12-15 21:01:44.563 I/art     (  501): option[15]=-Ximage-compiler-option
12-15 21:01:44.563 I/art     (  501): option[16]=-Xms64m
12-15 21:01:44.563 I/art     (  501): option[17]=-Ximage-compiler-option
12-15 21:01:44.563 I/art     (  501): option[18]=--runtime-arg
12-15 21:01:44.563 I/art     (  501): option[19]=-Ximage-compiler-option
12-15 21:01:44.563 I/art     (  501): option[20]=-Xmx64m
12-15 21:01:44.563 I/art     (  501): option[21]=-Ximage-compiler-option
12-15 21:01:44.563 I/art     (  501): option[22]=--image-classes=/system/etc/preloaded-classes
12-15 21:01:44.563 I/art     (  501): option[23]=-Xcompiler-option
12-15 21:01:44.563 I/art     (  501): option[24]=--runtime-arg
12-15 21:01:44.563 I/art     (  501): option[25]=-Xcompiler-option
12-15 21:01:44.563 I/art     (  501): option[26]=-Xms64m
12-15 21:01:44.563 I/art     (  501): option[27]=-Xcompiler-option
12-15 21:01:44.564 I/art     (  501): option[28]=--runtime-arg
12-15 21:01:44.564 I/art     (  501): option[29]=-Xcompiler-option
12-15 21:01:44.564 I/art     (  501): option[30]=-Xmx512m
12-15 21:01:44.564 I/art     (  501): option[31]=-Xcompiler-option
12-15 21:01:44.564 I/art     (  501): option[32]=-j2
12-15 21:01:44.564 I/art     (  501): option[33]=-Ximage-compiler-option
12-15 21:01:44.564 I/art     (  501): option[34]=-j4
12-15 21:01:44.564 I/art     (  501): option[35]=-Ximage-compiler-option
12-15 21:01:44.564 I/art     (  501): option[36]=--instruction-set-variant=cortex-a7
12-15 21:01:44.564 I/art     (  501): option[37]=-Xcompiler-option
12-15 21:01:44.564 I/art     (  501): option[38]=--instruction-set-variant=cortex-a7
12-15 21:01:44.564 I/art     (  501): option[39]=-Ximage-compiler-option
12-15 21:01:44.564 I/art     (  501): option[40]=--instruction-set-features=default
12-15 21:01:44.564 I/art     (  501): option[41]=-Xcompiler-option
12-15 21:01:44.564 I/art     (  501): option[42]=--instruction-set-features=default
12-15 21:01:44.564 I/art     (  501): option[43]=-Duser.locale=de-DE
12-15 21:01:44.564 I/art     (  501): option[44]=--cpu-abilist=armeabi-v7a,armeabi
12-15 21:01:44.564 I/art     (  501): option[45]=-Xfingerprint:google/bullhead/bullhead:6.0.1/MMB29K/2419427:user/release-keys
12-15 21:01:44.674 D/ICU     (  500): No timezone override file found: /data/misc/zoneinfo/current/icu/icu_tzdata.dat
12-15 21:01:44.852 I/mm-camera(  509): server_process_module_init:59, int mods
12-15 21:01:44.852 E/mm-camera-sensor(  509): eebin_read:387failed!
12-15 21:01:44.853 E/mm-camera-sensor(  509): eebin_read:387failed!
12-15 21:01:44.853 E/mm-camera-sensor(  509): sensor_init_probe:483failed: to oribe eeprom bin sensors
12-15 21:01:44.853 E/mm-camera-sensor(  509): add_external_sensor:108NO external sensor lib: no external path
12-15 21:01:44.853 E/mm-camera-sensor(  509): sensor_probe:274failed: to load imx214
12-15 21:01:44.853 E/mm-camera-sensor(  509): sensor_probe:274failed: to load imx230
12-15 21:01:44.854 E/mm-camera-sensor(  509): sensor_probe:274failed: to load s5k3m2xx
12-15 21:01:44.870 E/mm-camera-sensor(  509): sensor_probe:274failed: to load s5k3m2xm
12-15 21:01:44.870 E/mm-camera-sensor(  509): sensor_probe:274failed: to load ov4688
12-15 21:01:44.870 E/mm-camera-sensor(  509): sensor_probe:274failed: to load imx258
12-15 21:01:44.908 D/mm-camera-intf(  488): index = 0 flag = 3 mount_angle = 270 facing = 0
12-15 21:01:44.908 E/mm-camera(  509): module_sensor_find_other_subdev:6416subdev_name /dev/v4l-subdev0 subdev id 0
12-15 21:01:44.908 D/mm-camera-intf(  488): index = 1 flag = 101 mount_angle = 90 facing = 1
12-15 21:01:44.908 E/mm-camera(  509): module_sensor_find_other_subdev:6416subdev_name /dev/v4l-subdev1 subdev id 1
12-15 21:01:44.908 E/mm-camera(  509): module_sensor_find_other_subdev:6416subdev_name /dev/v4l-subdev2 subdev id 2
12-15 21:01:44.909 E/mm-camera(  509): module_sensor_find_other_subdev:6416subdev_name /dev/v4l-subdev3 subdev id 0
12-15 21:01:44.909 E/mm-camera(  509): module_sensor_find_other_subdev:6416subdev_name /dev/v4l-subdev4 subdev id 1
12-15 21:01:44.909 E/mm-camera(  509): module_sensor_find_other_subdev:6416subdev_name /dev/v4l-subdev5 subdev id 2
12-15 21:01:44.909 E/mm-camera(  509): module_sensor_find_other_subdev:6416subdev_name /dev/v4l-subdev6 subdev id 3
12-15 21:01:44.909 E/mm-camera(  509): module_sensor_find_other_subdev:6416subdev_name /dev/v4l-subdev7 subdev id 0
12-15 21:01:44.909 E/mm-camera(  509): module_sensor_find_other_subdev:6416subdev_name /dev/v4l-subdev8 subdev id 0
12-15 21:01:44.909 E/mm-camera(  509): module_sensor_find_other_subdev:6416subdev_name /dev/v4l-subdev9 subdev id 5
12-15 21:01:44.909 E/mm-camera(  509): module_sensor_find_other_subdev:6416subdev_name /dev/v4l-subdev10 subdev id 1
12-15 21:01:44.971 E/QC-QMI  (  486): qmi_client [486]: unable to connect to server, errno=[2:No such file or directory], attempt=2
12-15 21:01:44.995 D/ICU     (  501): No timezone override file found: /data/misc/zoneinfo/current/icu/icu_tzdata.dat
12-15 21:01:45.000 I/Radio-JNI(  500): register_android_hardware_Radio DONE
12-15 21:01:45.048 I/SamplingProfilerIntegration(  500): Profiling disabled.
12-15 21:01:45.053 D/Zygote  (  500): begin preload
12-15 21:01:45.062 I/Zygote  (  500): Preloading classes...
12-15 21:01:45.075 E/QC-QMI  (  497): qmi_client [497]: unable to connect to server, errno=[2:No such file or directory], attempt=3
12-15 21:01:45.089 V/NatController(  483): runCmd(/system/bin/iptables -w -F natctrl_FORWARD) res=0
12-15 21:01:45.098 V/NatController(  483): runCmd(/system/bin/iptables -w -A natctrl_FORWARD -j DROP) res=0
12-15 21:01:45.107 V/NatController(  483): runCmd(/system/bin/iptables -w -t nat -F natctrl_nat_POSTROUTING) res=0
12-15 21:01:45.117 V/NatController(  483): runCmd(/system/bin/iptables -w -F natctrl_tether_counters) res=1
12-15 21:01:45.127 V/NatController(  483): runCmd(/system/bin/iptables -w -X natctrl_tether_counters) res=1
12-15 21:01:45.135 V/NatController(  483): runCmd(/system/bin/iptables -w -N natctrl_tether_counters) res=0
12-15 21:01:45.143 E/QC-QMI  (  510): qmi_client [510]: unable to connect to server, errno=[2:No such file or directory], attempt=3
12-15 21:01:45.152 V/NatController(  483): runCmd(/system/bin/iptables -w -t mangle -A natctrl_mangle_FORWARD -p tcp --tcp-flags SYN SYN -j TCPMSS --clamp-mss-to-pmtu) res=0
12-15 21:01:45.186 E/QC-QMI  (  495): qmi_client [495]: unable to connect to server, errno=[2:No such file or directory], attempt=3
12-15 21:01:45.189 E/QC-QMI  (  511): qmi_client [511]: unable to connect to server, errno=[2:No such file or directory], attempt=3
12-15 21:01:45.291 E/QC-QMI  (  576): qmi_client [576]: unable to connect to server, errno=[2:No such file or directory], attempt=2
12-15 21:01:45.292 E/slim_daemon(  576): [NDK] bindNDKSensors: Sensor server is unavailable.
12-15 21:01:45.316 E/mm-camera-isp2(  509): module_chroma_enhan40_init:90 name chroma_enhan40
12-15 21:01:45.325 E/mm-camera-isp2(  509): module_color_correct40_init:96 name color_correct40
12-15 21:01:45.355 I/Radio-JNI(  501): register_android_hardware_Radio DONE
12-15 21:01:45.361 E/mm-camera-isp2(  509): module_luma_adaptation40_init:87 name luma_adaptation40
12-15 21:01:45.399 E/mm-camera-isp2(  509): module_chroma_enhan40_init:90 name chroma_enhan40
12-15 21:01:45.400 E/mm-camera-isp2(  509): module_color_correct40_init:96 name color_correct40
12-15 21:01:45.400 E/mm-camera-isp2(  509): module_luma_adaptation40_init:87 name luma_adaptation40
12-15 21:01:45.402 E/mm-camera-isp2(  509): isp_resource_gen_hws_caps:3628 i 0 isp id 0
12-15 21:01:45.402 E/mm-camera-isp2(  509): isp_resource_gen_hws_caps:3628 i 1 isp id 1
12-15 21:01:45.402 E/mm-camera-isp2(  509): module_isp_init:776 module 0xf5217200
12-15 21:01:45.402 E/mm-camera(  509): cpp_module_init:68 name=cpp
12-15 21:01:45.406 E/mm-camera(  509): cpp_hardware_load_firmware:490, info: hw_version=0x50010000, fw_version=0x10080000
12-15 21:01:45.428 I/SamplingProfilerIntegration(  501): Profiling disabled.
12-15 21:01:45.433 D/Zygote  (  501): begin preload
12-15 21:01:45.442 I/Zygote  (  501): Preloading classes...
12-15 21:01:45.473 E/mm-camera(  509): cpp_hardware_load_firmware:506, info: cpp firmware loaded: cpp_firmware_v1_8_0.fw
12-15 21:01:45.474 E/mm-camera(  509): cpp_module_init:110: info: CPP module_init successful
12-15 21:01:45.474 E/mm-camera(  509): vpe_module_init:26 name=vpe
12-15 21:01:45.474 E/mm-camera(  509): vpe_hardware_find_subdev:719: entity.name=video0 entity.revision=0
12-15 21:01:45.474 E/mm-camera(  509): vpe_hardware_find_subdev:719: entity.name=msm_cci entity.revision=0
12-15 21:01:45.474 E/mm-camera(  509): vpe_hardware_find_subdev:719: entity.name=v4l-subdev0 entity.revision=0
12-15 21:01:45.474 E/mm-camera(  509): vpe_hardware_find_subdev:719: entity.name=v4l-subdev1 entity.revision=0
12-15 21:01:45.474 E/mm-camera(  509): vpe_hardware_find_subdev:719: entity.name=v4l-subdev2 entity.revision=0
12-15 21:01:45.474 E/mm-camera(  509): vpe_hardware_find_subdev:719: entity.name=v4l-subdev3 entity.revision=0
12-15 21:01:45.474 E/mm-camera(  509): vpe_hardware_find_subdev:719: entity.name=v4l-subdev4 entity.revision=0
12-15 21:01:45.474 E/mm-camera(  509): vpe_hardware_find_subdev:719: entity.name=v4l-subdev5 entity.revision=0
12-15 21:01:45.474 E/mm-camera(  509): vpe_hardware_find_subdev:719: entity.name=v4l-subdev6 entity.revision=0
12-15 21:01:45.474 E/mm-camera(  509): vpe_hardware_find_subdev:719: entity.name=v4l-subdev7 entity.revision=0
12-15 21:01:45.474 E/mm-camera(  509): vpe_hardware_find_subdev:719: entity.name=v4l-subdev8 entity.revision=0
12-15 21:01:45.474 E/mm-camera(  509): vpe_hardware_find_subdev:719: entity.name=v4l-subdev9 entity.revision=0
12-15 21:01:45.474 E/mm-camera(  509): vpe_hardware_find_subdev:719: entity.name=v4l-subdev10 entity.revision=0
12-15 21:01:45.474 E/mm-camera(  509): vpe_hardware_find_subdev:719: entity.name=v4l-subdev11 entity.revision=0
12-15 21:01:45.474 E/mm-camera(  509): vpe_hardware_find_subdev:719: entity.name=v4l-subdev12 entity.revision=12
12-15 21:01:45.475 E/mm-camera(  509): vpe_hardware_find_subdev:719: entity.name=v4l-subdev13 entity.revision=0
12-15 21:01:45.475 E/mm-camera(  509): vpe_hardware_find_subdev:719: entity.name=v4l-subdev14 entity.revision=0
12-15 21:01:45.475 E/mm-camera(  509): vpe_hardware_find_subdev:719: entity.name=v4l-subdev15 entity.revision=0
12-15 21:01:45.475 E/mm-camera(  509): vpe_hardware_find_subdev:719: entity.name=v4l-subdev16 entity.revision=0
12-15 21:01:45.475 E/mm-camera(  509): vpe_hardware_find_subdev:719: entity.name=v4l-subdev17 entity.revision=0
12-15 21:01:45.475 E/mm-camera(  509): vpe_hardware_find_subdev:719: entity.name=v4l-subdev18 entity.revision=0
12-15 21:01:45.475 E/mm-camera(  509): vpe_hardware_find_subdev:714: done enumerating media entities
12-15 21:01:45.475 E/mm-camera(  509): vpe_hardware_find_subdev:719: entity.name=video1 entity.revision=0
12-15 21:01:45.475 E/mm-camera(  509): vpe_hardware_find_subdev:714: done enumerating media entities
12-15 21:01:45.475 E/mm-camera(  509): vpe_hardware_find_subdev:719: entity.name=video2 entity.revision=0
12-15 21:01:45.475 E/mm-camera(  509): vpe_hardware_find_subdev:714: done enumerating media entities
12-15 21:01:45.475 E/mm-camera(  509): vpe_hardware_find_subdev:686: no more media devices
12-15 21:01:45.475 E/mm-camera(  509): vpe_hardware_find_subdev:731: no vpe device found.
12-15 21:01:45.475 E/mm-camera(  509): vpe_hardware_create:31: error: cannot find vpe subdev
12-15 21:01:45.475 E/mm-camera(  509): vpe_module_create_vpe_ctrl:141, failed, cannnot create vpe hardware instance
12-15 21:01:45.475 E/mm-camera(  509): vpe_module_init:34 failed
12-15 21:01:45.475 E/mm-camera(  509): c2d_module_init:50 name=c2d
12-15 21:01:45.476 E/mm-camera(  509): c2d_module_init:92: info: C2D module_init successful
12-15 21:01:45.476 E/mm-camera-vpu(  509): vpu_module_init:54, INFO name=vpu
12-15 21:01:45.476 E/mm-camera-pp(  509): [INFO] base_module_init:142, name=tmod
12-15 21:01:45.498 E/mm-camera-pp(  509): [INFO] base_module_init:142, name=ezt
12-15 21:01:45.498 E/mm-camera-eztune(  509): Tuning lib open failed: dlopen failed: library "libmmcamera_tuning.so" not found
12-15 21:01:45.499 E/mm-camera-img(  509): frameproc_comp_load:843] Error opening frameproc library libmmcamera_llvd.so error dlopen failed: library "libmmcamera_llvd.so" not found
12-15 21:01:45.499 E/mm-camera(  509): module_imgbase_init_llvd:2207] Error rc -6
12-15 21:01:45.510 I/mm-camera-img(  509): module_goog_eis_load:222 successfully loaded goog_eis library
12-15 21:01:45.510 I/mm-camera-img(  509): module_goog_eis_init:2120] successfully return
12-15 21:01:45.597 V/RenderScript(  509): 0xf45a2000 Launching thread(s), CPUs 6
12-15 21:01:45.661 E/Minikin (  500): addFont failed to create font /system/fonts/NanumGothic.ttf
12-15 21:01:45.662 E/Minikin (  500): addFont failed to create font /system/fonts/DroidSansFallback.ttf
12-15 21:01:45.662 E/Minikin (  500): addFont failed to create font /system/fonts/MTLmr3m.ttf
12-15 21:01:45.704 E/Minikin (  501): addFont failed to create font /system/fonts/NanumGothic.ttf
12-15 21:01:45.705 E/Minikin (  501): addFont failed to create font /system/fonts/DroidSansFallback.ttf
12-15 21:01:45.705 E/Minikin (  501): addFont failed to create font /system/fonts/MTLmr3m.ttf
12-15 21:01:45.706 I/MSM-irqbalance(  373): Discovered a new IRQ: 89
12-15 21:01:45.706 I/MSM-irqbalance(  373): Discovered a new IRQ: 90
12-15 21:01:45.706 I/MSM-irqbalance(  373): Discovered a new IRQ: 196
12-15 21:01:45.706 I/MSM-irqbalance(  373): Discovered a new IRQ: 215
12-15 21:01:45.763 D/MDnsDS  (  483): MDnsSdListener::Hander starting up
12-15 21:01:45.763 D/MDnsDS  (  483): MDnsSdListener starting to monitor
12-15 21:01:45.763 D/MDnsDS  (  483): Going to poll with pollCount 1
12-15 21:01:45.767 V/RenderScript(  509): Successfully loaded runtime: libRSDriver_adreno.so
12-15 21:01:45.785 W/Adreno-RS(  509): <rsdSetCacheDir:719>: System path detected in cacheDir: /system/vendor/lib
12-15 21:01:45.786 W/Adreno-RS(  509): <rsdSetCacheDir:730>: Caching & Profiling are disabled!
12-15 21:01:45.851 V/DngCreator_JNI(  501): DngCreator_nativeClassInit:
12-15 21:01:45.852 V/DngCreator_JNI(  500): DngCreator_nativeClassInit:
12-15 21:01:45.971 E/QC-QMI  (  486): qmi_client [486]: unable to connect to server, errno=[2:No such file or directory], attempt=3
12-15 21:01:46.039 I/art     (  501): Thread[1,tid=501,Native,Thread*=0xf5336500,peer=0x12c35100,"main"] recursive attempt to load library "/system/lib/libmedia_jni.so"
12-15 21:01:46.039 D/MtpDeviceJNI(  501): register_android_mtp_MtpDevice
12-15 21:01:46.039 I/art     (  501): Thread[1,tid=501,Native,Thread*=0xf5336500,peer=0x12c35100,"main"] recursive attempt to load library "/system/lib/libmedia_jni.so"
12-15 21:01:46.039 I/art     (  501): Thread[1,tid=501,Native,Thread*=0xf5336500,peer=0x12c35100,"main"] recursive attempt to load library "/system/lib/libmedia_jni.so"
12-15 21:01:46.042 I/art     (  500): Thread[1,tid=500,Native,Thread*=0x7fa9ebba00,peer=0x12c2c100,"main"] recursive attempt to load library "/system/lib64/libmedia_jni.so"
12-15 21:01:46.042 D/MtpDeviceJNI(  500): register_android_mtp_MtpDevice
12-15 21:01:46.042 I/art     (  500): Thread[1,tid=500,Native,Thread*=0x7fa9ebba00,peer=0x12c2c100,"main"] recursive attempt to load library "/system/lib64/libmedia_jni.so"
12-15 21:01:46.043 I/art     (  500): Thread[1,tid=500,Native,Thread*=0x7fa9ebba00,peer=0x12c2c100,"main"] recursive attempt to load library "/system/lib64/libmedia_jni.so"
12-15 21:01:46.073 E/EmojiFactory_jni(  501): Failed to load libemoji.so: dlopen failed: library "libemoji.so" not found
12-15 21:01:46.075 E/QC-QMI  (  497): qmi_client [497]: unable to connect to server, errno=[2:No such file or directory], attempt=4
12-15 21:01:46.076 E/EmojiFactory_jni(  500): Failed to load libemoji.so: dlopen failed: library "libemoji.so" not found
12-15 21:01:46.144 E/QC-QMI  (  510): qmi_client [510]: unable to connect to server, errno=[2:No such file or directory], attempt=4
12-15 21:01:46.186 E/QC-QMI  (  495): qmi_client [495]: unable to connect to server, errno=[2:No such file or directory], attempt=4
12-15 21:01:46.189 E/QC-QMI  (  511): qmi_client [511]: unable to connect to server, errno=[2:No such file or directory], attempt=4
12-15 21:01:46.209 I/System  (  501): Loaded time zone names for "" in 20ms (19ms in ICU)
12-15 21:01:46.210 I/System  (  500): Loaded time zone names for "" in 18ms (17ms in ICU)
12-15 21:01:46.232 I/System  (  500): Loaded time zone names for "en_US" in 21ms (21ms in ICU)
12-15 21:01:46.234 I/System  (  501): Loaded time zone names for "en_US" in 25ms (12ms in ICU)
12-15 21:01:46.247 I/System  (  500): Loaded time zone names for "de_DE" in 15ms (15ms in ICU)
12-15 21:01:46.252 I/System  (  501): Loaded time zone names for "de_DE" in 18ms (16ms in ICU)
12-15 21:01:46.259 I/Zygote  (  500): ...preloaded 3831 classes in 1197ms.
12-15 21:01:46.259 I/art     (  500): VMRuntime.preloadDexCaches starting
12-15 21:01:46.263 I/Zygote  (  501): ...preloaded 3831 classes in 822ms.
12-15 21:01:46.264 I/art     (  501): VMRuntime.preloadDexCaches starting
12-15 21:01:46.292 E/QC-QMI  (  576): qmi_client [576]: unable to connect to server, errno=[2:No such file or directory], attempt=3
12-15 21:01:46.292 E/slim_daemon(  576): [NDK] bindNDKSensors: Sensor server is unavailable.
12-15 21:01:46.311 I/art     (  500): VMRuntime.preloadDexCaches strings total=243695 before=43711 after=43711
12-15 21:01:46.311 I/art     (  500): VMRuntime.preloadDexCaches types total=20132 before=6880 after=6906
12-15 21:01:46.311 I/art     (  500): VMRuntime.preloadDexCaches fields total=98209 before=35725 after=35930
12-15 21:01:46.311 I/art     (  500): VMRuntime.preloadDexCaches methods total=170282 before=70820 after=71318
12-15 21:01:46.311 I/art     (  500): VMRuntime.preloadDexCaches finished
12-15 21:01:46.319 I/art     (  501): VMRuntime.preloadDexCaches strings total=243695 before=43711 after=43711
12-15 21:01:46.319 I/art     (  501): VMRuntime.preloadDexCaches types total=20132 before=6880 after=6906
12-15 21:01:46.319 I/art     (  501): VMRuntime.preloadDexCaches fields total=98209 before=35725 after=35930
12-15 21:01:46.319 I/art     (  501): VMRuntime.preloadDexCaches methods total=170282 before=70820 after=71318
12-15 21:01:46.319 I/art     (  501): VMRuntime.preloadDexCaches finished
12-15 21:01:46.345 D/idmap   (  879): error: no read access to /vendor/overlay: No such file or directory
12-15 21:01:46.348 D/idmap   (  880): error: no read access to /vendor/overlay: No such file or directory
12-15 21:01:46.375 I/Zygote  (  500): Preloading resources...
12-15 21:01:46.377 I/Zygote  (  501): Preloading resources...
12-15 21:01:46.427 W/Adreno-RS(  509): <rsdSetCacheDir:719>: System path detected in cacheDir: /system/vendor/lib
12-15 21:01:46.427 W/Adreno-RS(  509): <rsdSetCacheDir:730>: Caching & Profiling are disabled!
12-15 21:01:46.604 E/mm-camera-img(  509): cac2_comp_load:1528] cds_proc_type 1
12-15 21:01:46.604 E/mm-camera(  509): pproc_module_init:2986 num_sub_mods:7
12-15 21:01:46.605 E/mm-camera-img(  509): Can not discover face-detect device
12-15 21:01:46.605 E/mm-camera-img(  509): Can not find device name
12-15 21:01:46.605 E/mm-camera-img(  509): faceproc_dsp_comp_load:1115] E 
12-15 21:01:46.605 E/mm-camera(  509): module_faceproc_init:2289] HW or DSP FD not available switch to SW
12-15 21:01:46.614 E/mm-camera-img(  509): hdr_comp_load:1258] Error opening hdr library
12-15 21:01:46.614 E/hdr     (  509): Cannot load hdr lib in module_hdr_lib_load
12-15 21:01:46.614 E/hdr     (  509): Cannot load library in hdr module
12-15 21:01:46.614 E/mm-camera-img(  509): module_imglib_create_topology:742] Can not init the module hdr
12-15 21:01:46.614 E/mm-camera-img(  509): frameproc_comp_load:843] Error opening frameproc library libmmcamera_chromaflash_lib.so error dlopen failed: library "libmmcamera_chromaflash_lib.so" not found
12-15 21:01:46.615 E/mm-camera(  509): module_imgbase_init_imglib_chroma_flash:2207] Error rc -6
12-15 21:01:46.615 E/mm-camera-img(  509): module_imglib_create_topology:742] Can not init the module imglib_chroma_flash
12-15 21:01:46.615 E/mm-camera-img(  509): frameproc_comp_load:843] Error opening frameproc library libmmcamera_optizoom_lib.so error dlopen failed: library "libmmcamera_optizoom_lib.so" not found
12-15 21:01:46.615 E/mm-camera(  509): module_imgbase_init_imglib_optizoom:2207] Error rc -6
12-15 21:01:46.615 E/mm-camera-img(  509): module_imglib_create_topology:742] Can not init the module imglib_optizoom
12-15 21:01:46.615 E/mm-camera-img(  509): frameproc_comp_load:843] Error opening frameproc library libmmcamera_ubifocus_lib.so error dlopen failed: library "libmmcamera_ubifocus_lib.so" not found
12-15 21:01:46.615 E/mm-camera(  509): module_imgbase_init_imglib_ubifocus:2207] Error rc -6
12-15 21:01:46.615 E/mm-camera-img(  509): module_imglib_create_topology:742] Can not init the module imglib_ubifocus
12-15 21:01:46.616 E/mm-camera-img(  509): frameproc_comp_load:843] Error opening frameproc library libmmcamera_ubifocus_lib.so error dlopen failed: library "libmmcamera_ubifocus_lib.so" not found
12-15 21:01:46.616 E/mm-camera(  509): module_imgbase_init_imglib_refocus:2207] Error rc -6
12-15 21:01:46.616 E/mm-camera-img(  509): module_imglib_create_topology:742] Can not init the module imglib_refocus
12-15 21:01:46.616 E/mm-camera-img(  509): frameproc_comp_load:843] Error opening frameproc library libmmcamera_trueportrait_lib.so error dlopen failed: library "libmmcamera_trueportrait_lib.so" not found
12-15 21:01:46.616 E/mm-camera(  509): module_imgbase_init_imglib_trueportrait:2207] Error rc -6
12-15 21:01:46.616 E/mm-camera-img(  509): module_imglib_create_topology:742] Can not init the module imglib_trueportrait
12-15 21:01:46.616 E/mm-camera-img(  509): frameproc_comp_load:843] Error opening frameproc library libmmcamera_stillmore_lib.so error dlopen failed: library "libmmcamera_stillmore_lib.so" not found
12-15 21:01:46.616 E/mm-camera(  509): module_imgbase_init_imglib_stillmore:2207] Error rc -6
12-15 21:01:46.616 E/mm-camera-img(  509): module_imglib_create_topology:742] Can not init the module imglib_stillmore
12-15 21:01:46.729 I/Zygote  (  500): ...preloaded 342 resources in 354ms.
12-15 21:01:46.733 I/Zygote  (  500): ...preloaded 41 resources in 5ms.
12-15 21:01:46.733 I/Zygote  (  501): ...preloaded 342 resources in 356ms.
12-15 21:01:46.734 D/libEGL  (  500): loaded /vendor/lib64/egl/libEGL_adreno.so
12-15 21:01:46.738 I/Zygote  (  501): ...preloaded 41 resources in 4ms.
12-15 21:01:46.744 D/libEGL  (  501): loaded /vendor/lib/egl/libEGL_adreno.so
12-15 21:01:46.774 D/libEGL  (  500): loaded /vendor/lib64/egl/libGLESv1_CM_adreno.so
12-15 21:01:46.782 D/libEGL  (  500): loaded /vendor/lib64/egl/libGLESv2_adreno.so
12-15 21:01:46.793 I/Zygote  (  500): Preloading shared libraries...
12-15 21:01:46.803 D/Zygote  (  500): end preload
12-15 21:01:46.803 I/art     (  500): Starting a blocking GC Explicit
12-15 21:01:46.813 I/art     (  500): Explicit concurrent mark sweep GC freed 11452(463KB) AllocSpace objects, 0(0B) LOS objects, 40% free, 11MB/19MB, paused 79us total 9.480ms
12-15 21:01:46.821 I/art     (  500): Starting a blocking GC Explicit
12-15 21:01:46.828 I/art     (  500): Explicit concurrent mark sweep GC freed 2473(116KB) AllocSpace objects, 0(0B) LOS objects, 40% free, 11MB/19MB, paused 69us total 7.561ms
12-15 21:01:46.828 I/art     (  500): Starting a blocking GC HeapTrim
12-15 21:01:46.830 I/art     (  500): Starting a blocking GC Background
12-15 21:01:46.859 I/Zygote  (  500): System server process 883 has been created
12-15 21:01:46.862 I/Zygote  (  500): Accepting command socket connections
12-15 21:01:46.901 D/libEGL  (  501): loaded /vendor/lib/egl/libGLESv1_CM_adreno.so
12-15 21:01:46.911 D/libEGL  (  501): loaded /vendor/lib/egl/libGLESv2_adreno.so
12-15 21:01:46.929 I/Zygote  (  501): Preloading shared libraries...
12-15 21:01:46.934 D/Zygote  (  501): end preload
12-15 21:01:46.935 I/art     (  501): Starting a blocking GC Explicit
12-15 21:01:46.941 I/art     (  501): Explicit concurrent mark sweep GC freed 3131(156KB) AllocSpace objects, 0(0B) LOS objects, 40% free, 11MB/19MB, paused 115us total 5.938ms
12-15 21:01:46.941 I/art     (  501): Starting a blocking GC Explicit
12-15 21:01:46.947 I/art     (  501): Explicit concurrent mark sweep GC freed 122(4KB) AllocSpace objects, 0(0B) LOS objects, 40% free, 11MB/19MB, paused 110us total 5.317ms
12-15 21:01:46.947 I/Zygote  (  501): Accepting command socket connections
12-15 21:01:46.949 I/Zygote  (  883): Process: zygote socket opened, supported ABIS: armeabi-v7a,armeabi
12-15 21:01:46.950 I/InstallerConnection(  883): connecting...
12-15 21:01:46.951 I/installd(  489): new connection
12-15 21:01:46.971 E/QC-QMI  (  486): qmi_client [486]: unable to connect to server, errno=[2:No such file or directory], attempt=4
12-15 21:01:46.988 I/InstallerConnection(  883): disconnecting...
12-15 21:01:46.988 E/installd(  489): eof
12-15 21:01:46.988 E/installd(  489): failed to read size
12-15 21:01:46.988 I/installd(  489): closing connection
12-15 21:01:47.029 I/SystemServer(  883): Entered the Android system server!
12-15 21:01:47.074 I/SystemServiceManager(  883): Starting com.android.server.pm.Installer
12-15 21:01:47.075 E/QC-QMI  (  497): qmi_client [497]: unable to connect to server, errno=[2:No such file or directory], attempt=5
12-15 21:01:47.084 I/Installer(  883): Waiting for installd to be ready.
12-15 21:01:47.084 I/InstallerConnection(  883): connecting...
12-15 21:01:47.084 I/installd(  489): new connection
12-15 21:01:47.085 I/SystemServiceManager(  883): Starting com.android.server.am.ActivityManagerService$Lifecycle
12-15 21:01:47.122 I/ActivityManager(  883): Memory class: 192
12-15 21:01:47.138 D/BatteryStatsImpl(  883): Reading daily items from /data/system/batterystats-daily.xml
12-15 21:01:47.144 E/QC-QMI  (  510): qmi_client [510]: unable to connect to server, errno=[2:No such file or directory], attempt=5
12-15 21:01:47.187 E/QC-QMI  (  495): qmi_client [495]: unable to connect to server, errno=[2:No such file or directory], attempt=5
12-15 21:01:47.189 E/QC-QMI  (  511): qmi_client [511]: unable to connect to server, errno=[2:No such file or directory], attempt=5
12-15 21:01:47.238 I/IntentFirewall(  883): Read new rules (A:0 B:0 S:0)
12-15 21:01:47.246 D/AppOps  (  883): AppOpsService published
12-15 21:01:47.246 I/SystemServiceManager(  883): Starting com.android.server.power.PowerManagerService
12-15 21:01:47.253 I/QCOMPowerHAL(  883): QCOM power HAL initing.
12-15 21:01:47.253 W/libsuspend(  883): Error writing 'on' to /sys/power/state: Invalid argument
12-15 21:01:47.253 I/libsuspend(  883): Selected wakeup count
12-15 21:01:47.254 E/QCOMPowerHAL(  883): Invalid hint ID.
12-15 21:01:47.256 I/SystemServiceManager(  883): Starting com.android.server.lights.LightsService
12-15 21:01:47.258 I/SystemServiceManager(  883): Starting com.android.server.display.DisplayManagerService
12-15 21:01:47.261 I/SystemServiceManager(  883): Starting phase 100
12-15 21:01:47.272 I/DisplayManagerService(  883): Display device added: DisplayDeviceInfo{"Integrierter Bildschirm": uniqueId="local:0", 1080 x 1920, modeId 1, defaultModeId 1, supportedModes [{id=1, width=1080, height=1920, fps=60.0}], colorTransformId 1, defaultColorTransformId 1, supportedColorTransforms [{id=1, colorTransform=-22}], density 420, 422.03 x 424.069 dpi, appVsyncOff 0, presDeadline 17666667, touch INTERNAL, rotation 0, type BUILT_IN, state UNKNOWN, FLAG_DEFAULT_DISPLAY, FLAG_ROTATES_WITH_CONTENT, FLAG_SECURE, FLAG_SUPPORTS_PROTECTED_BUFFERS}
12-15 21:01:47.274 D/SurfaceFlinger(  369): Set power mode=2, type=0 flinger=0x7f7e683c00
12-15 21:01:47.274 D/SurfaceFlinger(  369): Screen type=0 is already mode=2
12-15 21:01:47.275 I/SystemServer(  883): Package Manager
12-15 21:01:47.276 I/DisplayManagerService(  883): Display device changed state: "Integrierter Bildschirm", ON
12-15 21:01:47.287 D/vold    (  336): Disk at 253:0 changed
12-15 21:01:47.292 E/QC-QMI  (  576): qmi_client [576]: unable to connect to server, errno=[2:No such file or directory], attempt=4
12-15 21:01:47.293 E/slim_daemon(  576): [NDK] bindNDKSensors: Sensor server is unavailable.
12-15 21:01:47.317 D/vold    (  336): Disk at 253:0 changed
12-15 21:01:47.326 D/vold    (  336): Disk at 253:0 changed
12-15 21:01:47.337 D/SELinuxMMAC(  883): Using policy file /system/etc/security/mac_permissions.xml
12-15 21:01:47.348 D/PackageSettings(  883): Read domain verification for package:com.google.android.youtube
12-15 21:01:47.356 D/PackageSettings(  883): Read domain verification for package:com.android.vending
12-15 21:01:47.369 D/PackageSettings(  883): Read domain verification for package:com.google.android.apps.maps
12-15 21:01:47.435 D/vold    (  336): Disk at 253:0 changed
12-15 21:01:47.440 D/vold    (  336): Disk at 253:0 changed
12-15 21:01:47.442 D/vold    (  336): Disk at 253:0 changed
12-15 21:01:47.443 D/vold    (  336): Disk at 253:0 changed
12-15 21:01:47.445 D/vold    (  336): Disk at 253:0 changed
12-15 21:01:47.447 D/vold    (  336): Disk at 253:0 changed
12-15 21:01:47.448 D/vold    (  336): Disk at 253:0 changed
12-15 21:01:47.449 D/vold    (  336): Disk at 253:0 changed
12-15 21:01:47.450 D/vold    (  336): Disk at 253:0 changed
12-15 21:01:47.451 D/vold    (  336): Disk at 253:0 changed
12-15 21:01:47.467 E/art     (  883): DexFile_getDexOptNeeded file '/system/framework/org.apache.http.legacy.jar' does not exist
12-15 21:01:47.468 W/PackageManager(  883): Library not found: /system/framework/org.apache.http.legacy.jar
12-15 21:01:47.508 E/art     (  883): DexFile_getDexOptNeeded file '/system/framework/org.apache.http.legacy.jar' does not exist
12-15 21:01:47.508 W/PackageManager(  883): Library not found: /system/framework/org.apache.http.legacy.jar
12-15 21:01:47.609 D/PackageManager(  883): No files in app dir /vendor/overlay
12-15 21:01:47.612 W/PackageManager(  883): Failed to parse /system/framework/arm: Missing base APK in /system/framework/arm
12-15 21:01:47.612 W/PackageManager(  883): Failed to parse /system/framework/arm64: Missing base APK in /system/framework/arm64
12-15 21:01:47.680 W/PackageManager(  883): Failed to parse /system/framework/oat: Missing base APK in /system/framework/oat
12-15 21:01:47.870 W/PackageParser(  883): Unknown element under <application>: uses-permission at /system/priv-app/DiagMon/DiagMon.apk Binary XML file line #7
12-15 21:01:47.897 W/PackageManager(  883): Permission android.permission.DOWNLOAD_WITHOUT_NOTIFICATION from package com.android.providers.downloads in an unknown group android.permission-group.NETWORK
12-15 21:01:47.972 E/QC-QMI  (  486): qmi_client [486]: unable to connect to server, errno=[2:No such file or directory], attempt=5
12-15 21:01:47.998 W/PackageParser(  883): No actions in intent filter at /system/priv-app/GoogleContacts/GoogleContacts.apk Binary XML file line #390
12-15 21:01:48.052 W/PackageParser(  883): No actions in intent filter at /system/priv-app/GoogleDialer/GoogleDialer.apk Binary XML file line #191
12-15 21:01:48.076 E/QC-QMI  (  497): qmi_client [497]: unable to connect to server, errno=[2:No such file or directory], attempt=6
12-15 21:01:48.085 W/PackageParser(  883): Unknown element under <manifest>: uses-library at /system/priv-app/GoogleFeedback/GoogleFeedback.apk Binary XML file line #30
12-15 21:01:48.144 E/QC-QMI  (  510): qmi_client [510]: unable to connect to server, errno=[2:No such file or directory], attempt=6
12-15 21:01:48.187 E/QC-QMI  (  495): qmi_client [495]: unable to connect to server, errno=[2:No such file or directory], attempt=6
12-15 21:01:48.190 E/QC-QMI  (  511): qmi_client [511]: unable to connect to server, errno=[2:No such file or directory], attempt=6
12-15 21:01:48.193 W/PackageParser(  883): Ignoring duplicate uses-permissions/uses-permissions-sdk-m: com.google.android.providers.gsf.permission.READ_GSERVICES in package: com.google.android.partnersetup at: Binary XML file line #31
12-15 21:01:48.250 W/PackageManager(  883): Permission com.google.android.googleapps.permission.GOOGLE_AUTH from package com.google.android.gsf in an unknown group android.permission-group.ACCOUNTS
12-15 21:01:48.250 W/PackageManager(  883): Permission com.google.android.googleapps.permission.GOOGLE_AUTH.ALL_SERVICES from package com.google.android.gsf in an unknown group android.permission-group.ACCOUNTS
12-15 21:01:48.250 W/PackageManager(  883): Permission com.google.android.googleapps.permission.GOOGLE_AUTH.OTHER_SERVICES from package com.google.android.gsf in an unknown group android.permission-group.ACCOUNTS
12-15 21:01:48.250 W/PackageManager(  883): Permission com.google.android.googleapps.permission.GOOGLE_AUTH.mail from package com.google.android.gsf in an unknown group android.permission-group.ACCOUNTS
12-15 21:01:48.250 W/PackageManager(  883): Permission com.google.android.googleapps.permission.GOOGLE_AUTH.cl from package com.google.android.gsf in an unknown group android.permission-group.ACCOUNTS
12-15 21:01:48.251 W/PackageManager(  883): Permission com.google.android.googleapps.permission.GOOGLE_AUTH.android from package com.google.android.gsf in an unknown group android.permission-group.ACCOUNTS
12-15 21:01:48.251 W/PackageManager(  883): Permission com.google.android.googleapps.permission.GOOGLE_AUTH.androidsecure from package com.google.android.gsf in an unknown group android.permission-group.ACCOUNTS
12-15 21:01:48.251 W/PackageManager(  883): Permission com.google.android.googleapps.permission.GOOGLE_AUTH.sierra from package com.google.android.gsf in an unknown group android.permission-group.ACCOUNTS
12-15 21:01:48.251 W/PackageManager(  883): Permission com.google.android.googleapps.permission.GOOGLE_AUTH.sierraqa from package com.google.android.gsf in an unknown group android.permission-group.ACCOUNTS
12-15 21:01:48.251 W/PackageManager(  883): Permission com.google.android.googleapps.permission.GOOGLE_AUTH.sierrasandbox from package com.google.android.gsf in an unknown group android.permission-group.ACCOUNTS
12-15 21:01:48.251 W/PackageManager(  883): Permission com.google.android.googleapps.permission.GOOGLE_AUTH.youtube from package com.google.android.gsf in an unknown group android.permission-group.ACCOUNTS
12-15 21:01:48.251 W/PackageManager(  883): Permission com.google.android.googleapps.permission.GOOGLE_AUTH.YouTubeUser from package com.google.android.gsf in an unknown group android.permission-group.ACCOUNTS
12-15 21:01:48.251 W/PackageManager(  883): Permission com.google.android.googleapps.permission.GOOGLE_AUTH.talk from package com.google.android.gsf in an unknown group android.permission-group.ACCOUNTS
12-15 21:01:48.251 W/PackageManager(  883): Permission com.google.android.googleapps.permission.GOOGLE_AUTH.ig from package com.google.android.gsf in an unknown group android.permission-group.ACCOUNTS
12-15 21:01:48.251 W/PackageManager(  883): Permission com.google.android.googleapps.permission.GOOGLE_AUTH.lh2 from package com.google.android.gsf in an unknown group android.permission-group.ACCOUNTS
12-15 21:01:48.251 W/PackageManager(  883): Permission com.google.android.googleapps.permission.GOOGLE_AUTH.mobile from package com.google.android.gsf in an unknown group android.permission-group.ACCOUNTS
12-15 21:01:48.251 W/PackageManager(  883): Permission com.google.android.googleapps.permission.GOOGLE_AUTH.cp from package com.google.android.gsf in an unknown group android.permission-group.ACCOUNTS
12-15 21:01:48.251 W/PackageManager(  883): Permission com.google.android.googleapps.permission.GOOGLE_AUTH.adsense from package com.google.android.gsf in an unknown group android.permission-group.ACCOUNTS
12-15 21:01:48.251 W/PackageManager(  883): Permission com.google.android.googleapps.permission.GOOGLE_AUTH.adwords from package com.google.android.gsf in an unknown group android.permission-group.ACCOUNTS
12-15 21:01:48.251 W/PackageManager(  883): Permission com.google.android.googleapps.permission.GOOGLE_AUTH.blogger from package com.google.android.gsf in an unknown group android.permission-group.ACCOUNTS
12-15 21:01:48.251 W/PackageManager(  883): Permission com.google.android.googleapps.permission.GOOGLE_AUTH.dodgeball from package com.google.android.gsf in an unknown group android.permission-group.ACCOUNTS
12-15 21:01:48.251 W/PackageManager(  883): Permission com.google.android.googleapps.permission.GOOGLE_AUTH.gbase from package com.google.android.gsf in an unknown group android.permission-group.ACCOUNTS
12-15 21:01:48.251 W/PackageManager(  883): Permission com.google.android.googleapps.permission.GOOGLE_AUTH.groups2 from package com.google.android.gsf in an unknown group android.permission-group.ACCOUNTS
12-15 21:01:48.251 W/PackageManager(  883): Permission com.google.android.googleapps.permission.GOOGLE_AUTH.health from package com.google.android.gsf in an unknown group android.permission-group.ACCOUNTS
12-15 21:01:48.251 W/PackageManager(  883): Permission com.google.android.googleapps.permission.GOOGLE_AUTH.jotspot from package com.google.android.gsf in an unknown group android.permission-group.ACCOUNTS
12-15 21:01:48.251 W/PackageManager(  883): Permission com.google.android.googleapps.permission.GOOGLE_AUTH.knol from package com.google.android.gsf in an unknown group android.permission-group.ACCOUNTS
12-15 21:01:48.251 W/PackageManager(  883): Permission com.google.android.googleapps.permission.GOOGLE_AUTH.news from package com.google.android.gsf in an unknown group android.permission-group.ACCOUNTS
12-15 21:01:48.252 W/PackageManager(  883): Permission com.google.android.googleapps.permission.GOOGLE_AUTH.orkut from package com.google.android.gsf in an unknown group android.permission-group.ACCOUNTS
12-15 21:01:48.252 W/PackageManager(  883): Permission com.google.android.googleapps.permission.GOOGLE_AUTH.print from package com.google.android.gsf in an unknown group android.permission-group.ACCOUNTS
12-15 21:01:48.252 W/PackageManager(  883): Permission com.google.android.googleapps.permission.GOOGLE_AUTH.sitemaps from package com.google.android.gsf in an unknown group android.permission-group.ACCOUNTS
12-15 21:01:48.252 W/PackageManager(  883): Permission com.google.android.googleapps.permission.GOOGLE_AUTH.wifi from package com.google.android.gsf in an unknown group android.permission-group.ACCOUNTS
12-15 21:01:48.252 W/PackageManager(  883): Permission com.google.android.googleapps.permission.GOOGLE_AUTH.finance from package com.google.android.gsf in an unknown group android.permission-group.ACCOUNTS
12-15 21:01:48.252 W/PackageManager(  883): Permission com.google.android.googleapps.permission.GOOGLE_AUTH.local from package com.google.android.gsf in an unknown group android.permission-group.ACCOUNTS
12-15 21:01:48.252 W/PackageManager(  883): Permission com.google.android.googleapps.permission.GOOGLE_AUTH.ah from package com.google.android.gsf in an unknown group android.permission-group.ACCOUNTS
12-15 21:01:48.252 W/PackageManager(  883): Permission com.google.android.googleapps.permission.GOOGLE_AUTH.notebook from package com.google.android.gsf in an unknown group android.permission-group.ACCOUNTS
12-15 21:01:48.252 W/PackageManager(  883): Permission com.google.android.googleapps.permission.GOOGLE_AUTH.writely from package com.google.android.gsf in an unknown group android.permission-group.ACCOUNTS
12-15 21:01:48.252 W/PackageManager(  883): Permission com.google.android.googleapps.permission.GOOGLE_AUTH.wise from package com.google.android.gsf in an unknown group android.permission-group.ACCOUNTS
12-15 21:01:48.252 W/PackageManager(  883): Permission com.google.android.googleapps.permission.GOOGLE_AUTH.grandcentral from package com.google.android.gsf in an unknown group android.permission-group.ACCOUNTS
12-15 21:01:48.252 W/PackageManager(  883): Permission com.google.android.googleapps.permission.GOOGLE_AUTH.speechpersonalization from package com.google.android.gsf in an unknown group android.permission-group.ACCOUNTS
12-15 21:01:48.252 W/PackageManager(  883): Permission com.google.android.googleapps.permission.GOOGLE_AUTH.speech from package com.google.android.gsf in an unknown group android.permission-group.ACCOUNTS
12-15 21:01:48.252 W/PackageManager(  883): Permission com.google.android.providers.talk.permission.READ_ONLY from package com.google.android.gsf in an unknown group android.permission-group.MESSAGES
12-15 21:01:48.258 W/PackageManager(  883): Permission com.google.android.providers.talk.permission.WRITE_ONLY from package com.google.android.gsf in an unknown group android.permission-group.MESSAGES
12-15 21:01:48.258 W/PackageManager(  883): Permission com.google.android.gtalkservice.permission.GTALK_SERVICE from package com.google.android.gsf in an unknown group android.permission-group.MESSAGES
12-15 21:01:48.258 W/PackageManager(  883): Permission com.google.android.gtalkservice.permission.SEND_HEARTBEAT from package com.google.android.gsf in an unknown group android.permission-group.NETWORK
12-15 21:01:48.258 W/PackageManager(  883): Permission com.google.android.permission.BROADCAST_DATA_MESSAGE from package com.google.android.gsf in an unknown group android.permission-group.NETWORK
12-15 21:01:48.258 W/PackageManager(  883): Permission com.google.android.c2dm.permission.SEND from package com.google.android.gsf in an unknown group android.permission-group.NETWORK
12-15 21:01:48.258 W/PackageManager(  883): Permission com.google.android.c2dm.permission.RECEIVE from package com.google.android.gsf in an unknown group android.permission-group.NETWORK
12-15 21:01:48.258 W/PackageManager(  883): Permission com.google.android.xmpp.permission.BROADCAST from package com.google.android.gsf in an unknown group android.permission-group.NETWORK
12-15 21:01:48.258 W/PackageManager(  883): Permission com.google.android.xmpp.permission.SEND_RECEIVE from package com.google.android.gsf in an unknown group android.permission-group.NETWORK
12-15 21:01:48.258 W/PackageManager(  883): Permission com.google.android.xmpp.permission.XMPP_ENDPOINT_BROADCAST from package com.google.android.gsf in an unknown group android.permission-group.NETWORK
12-15 21:01:48.258 W/PackageManager(  883): Permission com.google.android.xmpp.permission.USE_XMPP_ENDPOINT from package com.google.android.gsf in an unknown group android.permission-group.NETWORK
12-15 21:01:48.258 W/PackageManager(  883): Permission com.google.android.providers.gsf.permission.READ_GSERVICES from package com.google.android.gsf in an unknown group android.permission-group.ACCOUNTS
12-15 21:01:48.292 E/QC-QMI  (  576): qmi_client [576]: unable to connect to server, errno=[2:No such file or directory], attempt=5
12-15 21:01:48.293 E/slim_daemon(  576): [NDK] bindNDKSensors: Sensor server is unavailable.
12-15 21:01:48.418 E/Diag_Lib(  496):  Diag_LSM_Init: Failed to open handle to diag driver, error = 13
12-15 21:01:48.414 W/netmgrd (  496): type=1400 audit(0.0:49): avc: denied { read write } for name="diag" dev="tmpfs" ino=11135 scontext=u:r:netmgrd:s0 tcontext=u:object_r:diag_device:s0 tclass=chr_file permissive=0
12-15 21:01:48.424 W/netmgrd (  496): type=1400 audit(0.0:50): avc: denied { read write } for name="diag" dev="tmpfs" ino=11135 scontext=u:r:netmgrd:s0 tcontext=u:object_r:diag_device:s0 tclass=chr_file permissive=0
12-15 21:01:48.428 E/Diag_Lib(  496):  Diag_LSM_Init: Failed to open handle to diag driver, error = 13
12-15 21:01:48.431 W/PackageManager(  883): Permission com.android.vending.CHECK_LICENSE from package com.android.vending in an unknown group android.permission-group.NETWORK
12-15 21:01:48.431 W/PackageManager(  883): Permission com.android.vending.BILLING from package com.android.vending in an unknown group android.permission-group.NETWORK
12-15 21:01:48.439 E/QC-QMI  (  493): linux_qmi_qmux_io_stop_watchdog_timer(): invalid timer_id for conn_id=0
12-15 21:01:48.441 E/QC-QMI  (  493): qmi_ctl_rx_msg.c Can't find txn info for txn_id = 1
12-15 21:01:48.491 E/QC-QMI  (  493): qmuxd: unable to bind to listener socket, rc=-1, errno=[2:No such file or directory]
12-15 21:01:48.491 E/QC-QMI  (  493): qmuxd: invalid listener_fd recvd for sock_path=/dev/socket/qmux_nfc/qmux_connect_socket
12-15 21:01:48.491 E/QC-QMI  (  493): linux_qmi_qmux_io_stop_watchdog_timer(): invalid timer_id for conn_id=60
12-15 21:01:48.529 W/PackageParser(  883): Ignoring duplicate uses-permissions/uses-permissions-sdk-m: android.permission.SYSTEM_ALERT_WINDOW in package: com.google.android.gms at: Binary XML file line #77
12-15 21:01:48.530 W/PackageParser(  883): Ignoring duplicate uses-permissions/uses-permissions-sdk-m: android.permission.SUBSCRIBED_FEEDS_READ in package: com.google.android.gms at: Binary XML file line #90
12-15 21:01:48.530 W/PackageParser(  883): Ignoring duplicate uses-permissions/uses-permissions-sdk-m: android.permission.SUBSCRIBED_FEEDS_WRITE in package: com.google.android.gms at: Binary XML file line #91
12-15 21:01:48.530 W/PackageParser(  883): Ignoring duplicate uses-permissions/uses-permissions-sdk-m: android.permission.WRITE_SETTINGS in package: com.google.android.gms at: Binary XML file line #134
12-15 21:01:48.530 W/PackageParser(  883): Ignoring duplicate uses-permissions/uses-permissions-sdk-m: android.permission.SYSTEM_ALERT_WINDOW in package: com.google.android.gms at: Binary XML file line #160
12-15 21:01:48.530 W/PackageParser(  883): Ignoring duplicate uses-permissions/uses-permissions-sdk-m: android.permission.READ_SYNC_SETTINGS in package: com.google.android.gms at: Binary XML file line #164
12-15 21:01:48.530 W/PackageParser(  883): Ignoring duplicate uses-permissions/uses-permissions-sdk-m: android.permission.WRITE_SYNC_SETTINGS in package: com.google.android.gms at: Binary XML file line #165
12-15 21:01:48.530 W/PackageParser(  883): Ignoring duplicate uses-permissions/uses-permissions-sdk-m: android.permission.VIBRATE in package: com.google.android.gms at: Binary XML file line #167
12-15 21:01:48.531 W/PackageParser(  883): Ignoring duplicate uses-permissions/uses-permissions-sdk-m: android.permission.VIBRATE in package: com.google.android.gms at: Binary XML file line #209
12-15 21:01:48.531 W/PackageParser(  883): Ignoring duplicate uses-permissions/uses-permissions-sdk-m: android.permission.ACCESS_FINE_LOCATION in package: com.google.android.gms at: Binary XML file line #224
12-15 21:01:48.531 W/PackageParser(  883): Ignoring duplicate uses-permissions/uses-permissions-sdk-m: android.permission.OBSERVE_GRANT_REVOKE_PERMISSIONS in package: com.google.android.gms at: Binary XML file line #230
12-15 21:01:48.531 W/PackageParser(  883): Ignoring duplicate uses-permissions/uses-permissions-sdk-m: android.permission.READ_CONTACTS in package: com.google.android.gms at: Binary XML file line #268
