12-16 09:37:52.366 E/QC-QMI  (  494): qmi_qmux_open_connection: connection is disabled for conn_id=48
12-16 09:37:52.366 E/QC-QMI  (  494): qmi_qmux_tx_msg: failed to open inactive connd_id=48
12-16 09:37:52.366 E/QC-QMI  (  494): qmi_qmux: TX failed, connection inactive or in reset, conn_id=48, status_flags=4
12-16 09:37:52.366 E/QC-QMI  (  494): qmi_ctl_tx_msg: qmi_qmux_tx_msg failed
12-16 09:37:52.366 E/QC-QMI  (  494): qmi_ctl_handle_request: qmi_ctl_tx_msg call failed
12-16 09:37:52.367 E/QC-QMI  (  494): qmi_qmux_open_connection: connection is disabled for conn_id=29
12-16 09:37:52.367 E/QC-QMI  (  494): qmi_qmux_tx_msg: failed to open inactive connd_id=29
12-16 09:37:52.367 E/QC-QMI  (  494): qmi_qmux: TX failed, connection inactive or in reset, conn_id=29, status_flags=4
12-16 09:37:52.367 E/QC-QMI  (  494): qmi_ctl_tx_msg: qmi_qmux_tx_msg failed
12-16 09:37:52.367 E/QC-QMI  (  494): qmi_ctl_handle_request: qmi_ctl_tx_msg call failed
12-16 09:37:52.367 I/ThermalEngine(  498): ADSP thermal mitigation available.
12-16 09:37:52.367 E/QC-QMI  (  494): qmi_qmux_open_connection: connection is disabled for conn_id=48
12-16 09:37:52.367 E/QC-QMI  (  494): qmi_qmux_tx_msg: failed to open inactive connd_id=48
12-16 09:37:52.367 E/QC-QMI  (  494): qmi_qmux: TX failed, connection inactive or in reset, conn_id=48, status_flags=4
12-16 09:37:52.368 E/QC-QMI  (  494): qmi_ctl_tx_msg: qmi_qmux_tx_msg failed
12-16 09:37:52.368 E/QC-QMI  (  494): qmi_ctl_handle_request: qmi_ctl_tx_msg call failed
12-16 09:37:52.368 I/ThermalEngine(  498): ACTION: ADSP - Pending request: cpuv_restriction_cold mitigation succeeded for level 0.
12-16 09:37:52.368 I/ThermalEngine(  498): Mitigation:VDD[ADSP-cpuv_restriction_cold]:0
12-16 09:37:52.369 E/QC-QMI  (  494): qmi_qmux_open_connection: connection is disabled for conn_id=29
12-16 09:37:52.369 E/QC-QMI  (  494): qmi_qmux_tx_msg: failed to open inactive connd_id=29
12-16 09:37:52.369 E/QC-QMI  (  494): qmi_qmux: TX failed, connection inactive or in reset, conn_id=29, status_flags=4
12-16 09:37:52.369 E/QC-QMI  (  494): qmi_ctl_tx_msg: qmi_qmux_tx_msg failed
12-16 09:37:52.369 E/QC-QMI  (  494): qmi_ctl_handle_request: qmi_ctl_tx_msg call failed
12-16 09:37:52.370 E/QC-QMI  (  494): qmi_qmux_open_connection: connection is disabled for conn_id=48
12-16 09:37:52.370 E/QC-QMI  (  494): qmi_qmux_tx_msg: failed to open inactive connd_id=48
12-16 09:37:52.370 E/QC-QMI  (  494): qmi_qmux: TX failed, connection inactive or in reset, conn_id=48, status_flags=4
12-16 09:37:52.370 E/QC-QMI  (  494): qmi_ctl_tx_msg: qmi_qmux_tx_msg failed
12-16 09:37:52.370 E/QC-QMI  (  494): qmi_ctl_handle_request: qmi_ctl_tx_msg call failed
12-16 09:37:52.371 E/QC-QMI  (  494): qmi_qmux_open_connection: connection is disabled for conn_id=48
12-16 09:37:52.371 E/QC-QMI  (  494): qmi_qmux_tx_msg: failed to open inactive connd_id=48
12-16 09:37:52.371 E/QC-QMI  (  494): qmi_qmux: TX failed, connection inactive or in reset, conn_id=48, status_flags=4
12-16 09:37:52.371 E/QC-QMI  (  494): qmi_ctl_tx_msg: qmi_qmux_tx_msg failed
12-16 09:37:52.371 E/QC-QMI  (  494): qmi_ctl_handle_request: qmi_ctl_tx_msg call failed
12-16 09:37:52.372 E/QC-QMI  (  494): qmi_qmux_open_connection: connection is disabled for conn_id=57
12-16 09:37:52.372 E/QC-QMI  (  494): qmi_qmux_tx_msg: failed to open inactive connd_id=57
12-16 09:37:52.372 E/QC-QMI  (  494): qmi_qmux: TX failed, connection inactive or in reset, conn_id=57, status_flags=4
12-16 09:37:52.372 E/QC-QMI  (  494): qmi_ctl_tx_msg: qmi_qmux_tx_msg failed
12-16 09:37:52.372 E/QC-QMI  (  494): qmi_ctl_handle_request: qmi_ctl_tx_msg call failed
12-16 09:37:52.373 E/QC-QMI  (  494): qmi_qmux_open_connection: connection is disabled for conn_id=57
12-16 09:37:52.373 E/QC-QMI  (  494): qmi_qmux_tx_msg: failed to open inactive connd_id=57
12-16 09:37:52.373 E/QC-QMI  (  494): qmi_qmux: TX failed, connection inactive or in reset, conn_id=57, status_flags=4
12-16 09:37:52.373 E/QC-QMI  (  494): qmi_ctl_tx_msg: qmi_qmux_tx_msg failed
12-16 09:37:52.373 E/QC-QMI  (  494): qmi_ctl_handle_request: qmi_ctl_tx_msg call failed
12-16 09:37:52.373 I/ThermalEngine(  498): qmi: Instance id 157 for fusion TS
12-16 09:37:52.374 E/QC-QMI  (  494): qmi_qmux_open_connection: connection is disabled for conn_id=29
12-16 09:37:52.374 E/QC-QMI  (  494): qmi_qmux_tx_msg: failed to open inactive connd_id=29
12-16 09:37:52.374 E/QC-QMI  (  494): qmi_qmux: TX failed, connection inactive or in reset, conn_id=29, status_flags=4
12-16 09:37:52.374 E/QC-QMI  (  494): qmi_ctl_tx_msg: qmi_qmux_tx_msg failed
12-16 09:37:52.374 E/QC-QMI  (  494): qmi_ctl_handle_request: qmi_ctl_tx_msg call failed
12-16 09:37:52.374 E/QC-QMI  (  494): qmi_qmux_open_connection: connection is disabled for conn_id=29
12-16 09:37:52.374 E/QC-QMI  (  494): qmi_qmux_tx_msg: failed to open inactive connd_id=29
12-16 09:37:52.375 E/QC-QMI  (  494): qmi_qmux: TX failed, connection inactive or in reset, conn_id=29, status_flags=4
12-16 09:37:52.375 E/QC-QMI  (  494): qmi_ctl_tx_msg: qmi_qmux_tx_msg failed
12-16 09:37:52.375 E/QC-QMI  (  494): qmi_ctl_handle_request: qmi_ctl_tx_msg call failed
12-16 09:37:52.375 E/QC-QMI  (  494): qmi_qmux_open_connection: connection is disabled for conn_id=48
12-16 09:37:52.375 E/QC-QMI  (  494): qmi_qmux_tx_msg: failed to open inactive connd_id=48
12-16 09:37:52.375 E/QC-QMI  (  494): qmi_qmux: TX failed, connection inactive or in reset, conn_id=48, status_flags=4
12-16 09:37:52.375 E/QC-QMI  (  494): qmi_ctl_tx_msg: qmi_qmux_tx_msg failed
12-16 09:37:52.375 E/QC-QMI  (  494): qmi_ctl_handle_request: qmi_ctl_tx_msg call failed
12-16 09:37:52.376 E/QC-QMI  (  494): qmi_qmux_open_connection: connection is disabled for conn_id=48
12-16 09:37:52.376 E/QC-QMI  (  494): qmi_qmux_tx_msg: failed to open inactive connd_id=48
12-16 09:37:52.376 E/QC-QMI  (  494): qmi_qmux: TX failed, connection inactive or in reset, conn_id=48, status_flags=4
12-16 09:37:52.376 E/QC-QMI  (  494): qmi_ctl_tx_msg: qmi_qmux_tx_msg failed
12-16 09:37:52.376 E/QC-QMI  (  494): qmi_ctl_handle_request: qmi_ctl_tx_msg call failed
12-16 09:37:52.377 E/QC-QMI  (  494): qmi_qmux_open_connection: connection is disabled for conn_id=57
12-16 09:37:52.377 E/QC-QMI  (  494): qmi_qmux_tx_msg: failed to open inactive connd_id=57
12-16 09:37:52.377 E/QC-QMI  (  494): qmi_qmux: TX failed, connection inactive or in reset, conn_id=57, status_flags=4
12-16 09:37:52.377 E/QC-QMI  (  494): qmi_ctl_tx_msg: qmi_qmux_tx_msg failed
12-16 09:37:52.377 E/QC-QMI  (  494): qmi_ctl_handle_request: qmi_ctl_tx_msg call failed
12-16 09:37:52.377 E/QC-QMI  (  494): qmi_qmux_open_connection: connection is disabled for conn_id=57
12-16 09:37:52.378 E/QC-QMI  (  494): qmi_qmux_tx_msg: failed to open inactive connd_id=57
12-16 09:37:52.378 E/QC-QMI  (  494): qmi_qmux: TX failed, connection inactive or in reset, conn_id=57, status_flags=4
12-16 09:37:52.378 E/QC-QMI  (  494): qmi_ctl_tx_msg: qmi_qmux_tx_msg failed
12-16 09:37:52.378 E/QC-QMI  (  494): qmi_ctl_handle_request: qmi_ctl_tx_msg call failed
12-16 09:37:52.378 E/QC-QMI  (  494): qmi_qmux_open_connection: connection is disabled for conn_id=57
12-16 09:37:52.378 E/QC-QMI  (  494): qmi_qmux_tx_msg: failed to open inactive connd_id=57
12-16 09:37:52.378 E/QC-QMI  (  494): qmi_qmux: TX failed, connection inactive or in reset, conn_id=57, status_flags=4
12-16 09:37:52.378 E/QC-QMI  (  494): qmi_ctl_tx_msg: qmi_qmux_tx_msg failed
12-16 09:37:52.378 E/QC-QMI  (  494): qmi_ctl_handle_request: qmi_ctl_tx_msg call failed
12-16 09:37:52.379 E/QC-QMI  (  494): qmi_qmux_open_connection: connection is disabled for conn_id=29
12-16 09:37:52.379 E/QC-QMI  (  494): qmi_qmux_tx_msg: failed to open inactive connd_id=29
12-16 09:37:52.379 E/QC-QMI  (  494): qmi_qmux: TX failed, connection inactive or in reset, conn_id=29, status_flags=4
12-16 09:37:52.379 E/QC-QMI  (  494): qmi_ctl_tx_msg: qmi_qmux_tx_msg failed
12-16 09:37:52.379 E/QC-QMI  (  494): qmi_ctl_handle_request: qmi_ctl_tx_msg call failed
12-16 09:37:52.379 E/QC-QMI  (  494): qmi_qmux_open_connection: connection is disabled for conn_id=57
12-16 09:37:52.379 E/QC-QMI  (  494): qmi_qmux_tx_msg: failed to open inactive connd_id=57
12-16 09:37:52.379 E/QC-QMI  (  494): qmi_qmux: TX failed, connection inactive or in reset, conn_id=57, status_flags=4
12-16 09:37:52.379 E/QC-QMI  (  494): qmi_ctl_tx_msg: qmi_qmux_tx_msg failed
12-16 09:37:52.379 E/QC-QMI  (  494): qmi_ctl_handle_request: qmi_ctl_tx_msg call failed
12-16 09:37:52.380 E/QC-QMI  (  494): qmi_qmux_open_connection: connection is disabled for conn_id=29
12-16 09:37:52.380 E/QC-QMI  (  494): qmi_qmux_tx_msg: failed to open inactive connd_id=29
12-16 09:37:52.380 E/QC-QMI  (  494): qmi_qmux: TX failed, connection inactive or in reset, conn_id=29, status_flags=4
12-16 09:37:52.380 E/QC-QMI  (  494): qmi_ctl_tx_msg: qmi_qmux_tx_msg failed
12-16 09:37:52.380 E/QC-QMI  (  494): qmi_ctl_handle_request: qmi_ctl_tx_msg call failed
12-16 09:37:52.381 E/QC-QMI  (  494): qmi_qmux_open_connection: connection is disabled for conn_id=48
12-16 09:37:52.381 E/QC-QMI  (  494): qmi_qmux_tx_msg: failed to open inactive connd_id=48
12-16 09:37:52.381 E/QC-QMI  (  494): qmi_qmux: TX failed, connection inactive or in reset, conn_id=48, status_flags=4
12-16 09:37:52.381 E/QC-QMI  (  494): qmi_ctl_tx_msg: qmi_qmux_tx_msg failed
12-16 09:37:52.381 E/QC-QMI  (  494): qmi_ctl_handle_request: qmi_ctl_tx_msg call failed
12-16 09:37:52.382 E/QC-QMI  (  494): qmi_qmux_open_connection: connection is disabled for conn_id=48
12-16 09:37:52.382 E/QC-QMI  (  494): qmi_qmux_tx_msg: failed to open inactive connd_id=48
12-16 09:37:52.382 E/QC-QMI  (  494): qmi_qmux: TX failed, connection inactive or in reset, conn_id=48, status_flags=4
12-16 09:37:52.382 E/QC-QMI  (  494): qmi_ctl_tx_msg: qmi_qmux_tx_msg failed
12-16 09:37:52.382 E/QC-QMI  (  494): qmi_ctl_handle_request: qmi_ctl_tx_msg call failed
12-16 09:37:52.383 E/QC-QMI  (  494): qmi_qmux_open_connection: connection is disabled for conn_id=29
12-16 09:37:52.383 E/QC-QMI  (  494): qmi_qmux_tx_msg: failed to open inactive connd_id=29
12-16 09:37:52.383 E/QC-QMI  (  494): qmi_qmux: TX failed, connection inactive or in reset, conn_id=29, status_flags=4
12-16 09:37:52.383 E/QC-QMI  (  494): qmi_ctl_tx_msg: qmi_qmux_tx_msg failed
12-16 09:37:52.383 E/QC-QMI  (  494): qmi_ctl_handle_request: qmi_ctl_tx_msg call failed
12-16 09:37:52.383 E/QC-QMI  (  494): qmi_qmux_open_connection: connection is disabled for conn_id=57
12-16 09:37:52.383 E/QC-QMI  (  494): qmi_qmux_tx_msg: failed to open inactive connd_id=57
12-16 09:37:52.383 E/QC-QMI  (  494): qmi_qmux: TX failed, connection inactive or in reset, conn_id=57, status_flags=4
12-16 09:37:52.383 E/QC-QMI  (  494): qmi_ctl_tx_msg: qmi_qmux_tx_msg failed
12-16 09:37:52.383 E/QC-QMI  (  494): qmi_ctl_handle_request: qmi_ctl_tx_msg call failed
12-16 09:37:52.384 E/QC-QMI  (  494): qmi_qmux_open_connection: connection is disabled for conn_id=29
12-16 09:37:52.384 E/QC-QMI  (  494): qmi_qmux_tx_msg: failed to open inactive connd_id=29
12-16 09:37:52.384 E/QC-QMI  (  494): qmi_qmux: TX failed, connection inactive or in reset, conn_id=29, status_flags=4
12-16 09:37:52.384 E/QC-QMI  (  494): qmi_ctl_tx_msg: qmi_qmux_tx_msg failed
12-16 09:37:52.384 E/QC-QMI  (  494): qmi_ctl_handle_request: qmi_ctl_tx_msg call failed
12-16 09:37:52.384 E/QC-QMI  (  494): qmi_qmux_open_connection: connection is disabled for conn_id=57
12-16 09:37:52.384 E/QC-QMI  (  494): qmi_qmux_tx_msg: failed to open inactive connd_id=57
12-16 09:37:52.384 E/QC-QMI  (  494): qmi_qmux: TX failed, connection inactive or in reset, conn_id=57, status_flags=4
12-16 09:37:52.384 E/QC-QMI  (  494): qmi_ctl_tx_msg: qmi_qmux_tx_msg failed
12-16 09:37:52.385 E/QC-QMI  (  494): qmi_ctl_handle_request: qmi_ctl_tx_msg call failed
12-16 09:37:52.385 E/QC-QMI  (  494): qmi_qmux_open_connection: connection is disabled for conn_id=48
12-16 09:37:52.385 E/QC-QMI  (  494): qmi_qmux_tx_msg: failed to open inactive connd_id=48
12-16 09:37:52.385 E/QC-QMI  (  494): qmi_qmux: TX failed, connection inactive or in reset, conn_id=48, status_flags=4
12-16 09:37:52.385 E/QC-QMI  (  494): qmi_ctl_tx_msg: qmi_qmux_tx_msg failed
12-16 09:37:52.385 E/QC-QMI  (  494): qmi_ctl_handle_request: qmi_ctl_tx_msg call failed
12-16 09:37:52.386 E/QC-QMI  (  494): qmi_qmux_open_connection: connection is disabled for conn_id=29
12-16 09:37:52.386 E/QC-QMI  (  494): qmi_qmux_tx_msg: failed to open inactive connd_id=29
12-16 09:37:52.386 E/QC-QMI  (  494): qmi_qmux: TX failed, connection inactive or in reset, conn_id=29, status_flags=4
12-16 09:37:52.386 E/QC-QMI  (  494): qmi_ctl_tx_msg: qmi_qmux_tx_msg failed
12-16 09:37:52.386 E/QC-QMI  (  494): qmi_ctl_handle_request: qmi_ctl_tx_msg call failed
12-16 09:37:52.386 E/QC-QMI  (  494): qmi_qmux_open_connection: connection is disabled for conn_id=48
12-16 09:37:52.386 E/QC-QMI  (  494): qmi_qmux_tx_msg: failed to open inactive connd_id=48
12-16 09:37:52.387 E/QC-QMI  (  494): qmi_qmux: TX failed, connection inactive or in reset, conn_id=48, status_flags=4
12-16 09:37:52.387 E/QC-QMI  (  494): qmi_ctl_tx_msg: qmi_qmux_tx_msg failed
12-16 09:37:52.387 E/QC-QMI  (  494): qmi_ctl_handle_request: qmi_ctl_tx_msg call failed
12-16 09:37:52.387 E/QC-QMI  (  494): qmi_qmux_open_connection: connection is disabled for conn_id=29
12-16 09:37:52.387 E/QC-QMI  (  494): qmi_qmux_tx_msg: failed to open inactive connd_id=29
12-16 09:37:52.388 E/QC-QMI  (  494): qmi_qmux: TX failed, connection inactive or in reset, conn_id=29, status_flags=4
12-16 09:37:52.388 E/QC-QMI  (  494): qmi_ctl_tx_msg: qmi_qmux_tx_msg failed
12-16 09:37:52.388 E/QC-QMI  (  494): qmi_ctl_handle_request: qmi_ctl_tx_msg call failed
12-16 09:37:52.388 E/QC-QMI  (  494): qmi_qmux_open_connection: connection is disabled for conn_id=57
12-16 09:37:52.388 E/QC-QMI  (  494): qmi_qmux_tx_msg: failed to open inactive connd_id=57
12-16 09:37:52.388 E/QC-QMI  (  494): qmi_qmux: TX failed, connection inactive or in reset, conn_id=57, status_flags=4
12-16 09:37:52.388 E/QC-QMI  (  494): qmi_ctl_tx_msg: qmi_qmux_tx_msg failed
12-16 09:37:52.388 E/QC-QMI  (  494): qmi_ctl_handle_request: qmi_ctl_tx_msg call failed
12-16 09:37:52.389 E/QC-QMI  (  494): qmi_qmux_open_connection: connection is disabled for conn_id=48
12-16 09:37:52.389 E/QC-QMI  (  494): qmi_qmux_tx_msg: failed to open inactive connd_id=48
12-16 09:37:52.389 E/QC-QMI  (  494): qmi_qmux: TX failed, connection inactive or in reset, conn_id=48, status_flags=4
12-16 09:37:52.389 E/QC-QMI  (  494): qmi_ctl_tx_msg: qmi_qmux_tx_msg failed
12-16 09:37:52.389 E/QC-QMI  (  494): qmi_ctl_handle_request: qmi_ctl_tx_msg call failed
12-16 09:37:52.389 E/QC-QMI  (  494): qmi_qmux_open_connection: connection is disabled for conn_id=57
12-16 09:37:52.390 E/QC-QMI  (  494): qmi_qmux_tx_msg: failed to open inactive connd_id=57
12-16 09:37:52.390 E/QC-QMI  (  494): qmi_qmux: TX failed, connection inactive or in reset, conn_id=57, status_flags=4
12-16 09:37:52.390 E/QC-QMI  (  494): qmi_ctl_tx_msg: qmi_qmux_tx_msg failed
12-16 09:37:52.390 E/QC-QMI  (  494): qmi_ctl_handle_request: qmi_ctl_tx_msg call failed
12-16 09:37:52.390 E/QC-QMI  (  494): qmi_qmux_open_connection: connection is disabled for conn_id=48
12-16 09:37:52.390 E/QC-QMI  (  494): qmi_qmux_tx_msg: failed to open inactive connd_id=48
12-16 09:37:52.390 E/QC-QMI  (  494): qmi_qmux: TX failed, connection inactive or in reset, conn_id=48, status_flags=4
12-16 09:37:52.390 E/QC-QMI  (  494): qmi_ctl_tx_msg: qmi_qmux_tx_msg failed
12-16 09:37:52.391 E/QC-QMI  (  494): qmi_ctl_handle_request: qmi_ctl_tx_msg call failed
12-16 09:37:52.391 E/QC-QMI  (  494): qmi_qmux_open_connection: connection is disabled for conn_id=29
12-16 09:37:52.391 E/QC-QMI  (  494): qmi_qmux_tx_msg: failed to open inactive connd_id=29
12-16 09:37:52.391 E/QC-QMI  (  494): qmi_qmux: TX failed, connection inactive or in reset, conn_id=29, status_flags=4
12-16 09:37:52.391 E/QC-QMI  (  494): qmi_ctl_tx_msg: qmi_qmux_tx_msg failed
12-16 09:37:52.391 E/QC-QMI  (  494): qmi_ctl_handle_request: qmi_ctl_tx_msg call failed
12-16 09:37:52.392 E/QC-QMI  (  494): qmi_qmux_open_connection: connection is disabled for conn_id=57
12-16 09:37:52.392 E/QC-QMI  (  494): qmi_qmux_tx_msg: failed to open inactive connd_id=57
12-16 09:37:52.392 E/QC-QMI  (  494): qmi_qmux: TX failed, connection inactive or in reset, conn_id=57, status_flags=4
12-16 09:37:52.392 E/QC-QMI  (  494): qmi_ctl_tx_msg: qmi_qmux_tx_msg failed
12-16 09:37:52.392 E/QC-QMI  (  494): qmi_ctl_handle_request: qmi_ctl_tx_msg call failed
12-16 09:37:52.392 E/QC-QMI  (  494): qmi_qmux_open_connection: connection is disabled for conn_id=29
12-16 09:37:52.392 E/QC-QMI  (  494): qmi_qmux_tx_msg: failed to open inactive connd_id=29
12-16 09:37:52.392 E/QC-QMI  (  494): qmi_qmux: TX failed, connection inactive or in reset, conn_id=29, status_flags=4
12-16 09:37:52.392 E/QC-QMI  (  494): qmi_ctl_tx_msg: qmi_qmux_tx_msg failed
12-16 09:37:52.393 E/QC-QMI  (  494): qmi_ctl_handle_request: qmi_ctl_tx_msg call failed
12-16 09:37:52.393 E/QC-QMI  (  494): qmi_qmux_open_connection: connection is disabled for conn_id=57
12-16 09:37:52.393 E/QC-QMI  (  494): qmi_qmux_tx_msg: failed to open inactive connd_id=57
12-16 09:37:52.393 E/QC-QMI  (  494): qmi_qmux: TX failed, connection inactive or in reset, conn_id=57, status_flags=4
12-16 09:37:52.393 E/QC-QMI  (  494): qmi_ctl_tx_msg: qmi_qmux_tx_msg failed
12-16 09:37:52.393 E/QC-QMI  (  494): qmi_ctl_handle_request: qmi_ctl_tx_msg call failed
12-16 09:37:52.394 E/QC-QMI  (  494): qmi_qmux_open_connection: connection is disabled for conn_id=48
12-16 09:37:52.394 E/QC-QMI  (  494): qmi_qmux_tx_msg: failed to open inactive connd_id=48
12-16 09:37:52.394 E/QC-QMI  (  494): qmi_qmux: TX failed, connection inactive or in reset, conn_id=48, status_flags=4
12-16 09:37:52.394 E/QC-QMI  (  494): qmi_ctl_tx_msg: qmi_qmux_tx_msg failed
12-16 09:37:52.394 E/QC-QMI  (  494): qmi_ctl_handle_request: qmi_ctl_tx_msg call failed
12-16 09:37:52.395 E/QC-QMI  (  494): qmi_qmux_open_connection: connection is disabled for conn_id=29
12-16 09:37:52.395 E/QC-QMI  (  494): qmi_qmux_tx_msg: failed to open inactive connd_id=29
12-16 09:37:52.395 E/QC-QMI  (  494): qmi_qmux: TX failed, connection inactive or in reset, conn_id=29, status_flags=4
12-16 09:37:52.395 E/QC-QMI  (  494): qmi_ctl_tx_msg: qmi_qmux_tx_msg failed
12-16 09:37:52.395 E/QC-QMI  (  494): qmi_ctl_handle_request: qmi_ctl_tx_msg call failed
12-16 09:37:52.395 E/QC-QMI  (  494): qmi_qmux_open_connection: connection is disabled for conn_id=48
12-16 09:37:52.395 E/QC-QMI  (  494): qmi_qmux_tx_msg: failed to open inactive connd_id=48
12-16 09:37:52.395 E/QC-QMI  (  494): qmi_qmux: TX failed, connection inactive or in reset, conn_id=48, status_flags=4
12-16 09:37:52.395 E/QC-QMI  (  494): qmi_ctl_tx_msg: qmi_qmux_tx_msg failed
12-16 09:37:52.395 E/QC-QMI  (  494): qmi_ctl_handle_request: qmi_ctl_tx_msg call failed
12-16 09:37:52.396 E/QC-QMI  (  494): qmi_qmux_open_connection: connection is disabled for conn_id=29
12-16 09:37:52.396 E/QC-QMI  (  494): qmi_qmux_tx_msg: failed to open inactive connd_id=29
12-16 09:37:52.396 E/QC-QMI  (  494): qmi_qmux: TX failed, connection inactive or in reset, conn_id=29, status_flags=4
12-16 09:37:52.396 E/QC-QMI  (  494): qmi_ctl_tx_msg: qmi_qmux_tx_msg failed
12-16 09:37:52.396 E/QC-QMI  (  494): qmi_ctl_handle_request: qmi_ctl_tx_msg call failed
12-16 09:37:52.397 E/QC-QMI  (  494): qmi_qmux_open_connection: connection is disabled for conn_id=57
12-16 09:37:52.397 E/QC-QMI  (  494): qmi_qmux_tx_msg: failed to open inactive connd_id=57
12-16 09:37:52.397 E/QC-QMI  (  494): qmi_qmux: TX failed, connection inactive or in reset, conn_id=57, status_flags=4
12-16 09:37:52.397 E/QC-QMI  (  494): qmi_ctl_tx_msg: qmi_qmux_tx_msg failed
12-16 09:37:52.397 E/QC-QMI  (  494): qmi_ctl_handle_request: qmi_ctl_tx_msg call failed
12-16 09:37:52.398 E/QC-QMI  (  494): qmi_qmux_open_connection: connection is disabled for conn_id=48
12-16 09:37:52.398 E/QC-QMI  (  494): qmi_qmux_tx_msg: failed to open inactive connd_id=48
12-16 09:37:52.398 E/QC-QMI  (  494): qmi_qmux: TX failed, connection inactive or in reset, conn_id=48, status_flags=4
12-16 09:37:52.398 E/QC-QMI  (  494): qmi_ctl_tx_msg: qmi_qmux_tx_msg failed
12-16 09:37:52.398 E/QC-QMI  (  494): qmi_ctl_handle_request: qmi_ctl_tx_msg call failed
12-16 09:37:52.398 E/QC-QMI  (  494): qmi_qmux_open_connection: connection is disabled for conn_id=57
12-16 09:37:52.398 E/QC-QMI  (  494): qmi_qmux_tx_msg: failed to open inactive connd_id=57
12-16 09:37:52.398 E/QC-QMI  (  494): qmi_qmux: TX failed, connection inactive or in reset, conn_id=57, status_flags=4
12-16 09:37:52.399 E/QC-QMI  (  494): qmi_ctl_tx_msg: qmi_qmux_tx_msg failed
12-16 09:37:52.399 E/QC-QMI  (  494): qmi_ctl_handle_request: qmi_ctl_tx_msg call failed
12-16 09:37:52.399 E/QC-QMI  (  494): qmi_qmux_open_connection: connection is disabled for conn_id=48
12-16 09:37:52.399 E/QC-QMI  (  494): qmi_qmux_tx_msg: failed to open inactive connd_id=48
12-16 09:37:52.399 E/QC-QMI  (  494): qmi_qmux: TX failed, connection inactive or in reset, conn_id=48, status_flags=4
12-16 09:37:52.399 E/QC-QMI  (  494): qmi_ctl_tx_msg: qmi_qmux_tx_msg failed
12-16 09:37:52.399 E/QC-QMI  (  494): qmi_ctl_handle_request: qmi_ctl_tx_msg call failed
12-16 09:37:52.400 E/QC-QMI  (  494): qmi_qmux_open_connection: connection is disabled for conn_id=29
12-16 09:37:52.400 E/QC-QMI  (  494): qmi_qmux_tx_msg: failed to open inactive connd_id=29
12-16 09:37:52.400 E/QC-QMI  (  494): qmi_qmux: TX failed, connection inactive or in reset, conn_id=29, status_flags=4
12-16 09:37:52.400 E/QC-QMI  (  494): qmi_ctl_tx_msg: qmi_qmux_tx_msg failed
12-16 09:37:52.400 E/QC-QMI  (  494): qmi_ctl_handle_request: qmi_ctl_tx_msg call failed
12-16 09:37:52.401 E/QC-QMI  (  494): qmi_qmux_open_connection: connection is disabled for conn_id=57
12-16 09:37:52.401 E/QC-QMI  (  494): qmi_qmux_tx_msg: failed to open inactive connd_id=57
12-16 09:37:52.401 E/QC-QMI  (  494): qmi_qmux: TX failed, connection inactive or in reset, conn_id=57, status_flags=4
12-16 09:37:52.401 E/QC-QMI  (  494): qmi_ctl_tx_msg: qmi_qmux_tx_msg failed
12-16 09:37:52.401 E/QC-QMI  (  494): qmi_ctl_handle_request: qmi_ctl_tx_msg call failed
12-16 09:37:52.401 E/QC-QMI  (  494): qmi_qmux_open_connection: connection is disabled for conn_id=29
12-16 09:37:52.401 E/QC-QMI  (  494): qmi_qmux_tx_msg: failed to open inactive connd_id=29
12-16 09:37:52.402 E/QC-QMI  (  494): qmi_qmux: TX failed, connection inactive or in reset, conn_id=29, status_flags=4
12-16 09:37:52.402 E/QC-QMI  (  494): qmi_ctl_tx_msg: qmi_qmux_tx_msg failed
12-16 09:37:52.402 E/QC-QMI  (  494): qmi_ctl_handle_request: qmi_ctl_tx_msg call failed
12-16 09:37:52.402 E/QC-QMI  (  494): qmi_qmux_open_connection: connection is disabled for conn_id=57
12-16 09:37:52.402 E/QC-QMI  (  494): qmi_qmux_tx_msg: failed to open inactive connd_id=57
12-16 09:37:52.402 E/QC-QMI  (  494): qmi_qmux: TX failed, connection inactive or in reset, conn_id=57, status_flags=4
12-16 09:37:52.402 E/QC-QMI  (  494): qmi_ctl_tx_msg: qmi_qmux_tx_msg failed
12-16 09:37:52.402 E/QC-QMI  (  494): qmi_ctl_handle_request: qmi_ctl_tx_msg call failed
12-16 09:37:52.403 E/QC-QMI  (  494): qmi_qmux_open_connection: connection is disabled for conn_id=48
12-16 09:37:52.403 E/QC-QMI  (  494): qmi_qmux_tx_msg: failed to open inactive connd_id=48
12-16 09:37:52.403 E/QC-QMI  (  494): qmi_qmux: TX failed, connection inactive or in reset, conn_id=48, status_flags=4
12-16 09:37:52.403 E/QC-QMI  (  494): qmi_ctl_tx_msg: qmi_qmux_tx_msg failed
12-16 09:37:52.403 E/QC-QMI  (  494): qmi_ctl_handle_request: qmi_ctl_tx_msg call failed
12-16 09:37:52.403 E/QC-QMI  (  494): qmi_qmux_open_connection: connection is disabled for conn_id=29
12-16 09:37:52.403 E/QC-QMI  (  494): qmi_qmux_tx_msg: failed to open inactive connd_id=29
12-16 09:37:52.403 E/QC-QMI  (  494): qmi_qmux: TX failed, connection inactive or in reset, conn_id=29, status_flags=4
12-16 09:37:52.403 E/QC-QMI  (  494): qmi_ctl_tx_msg: qmi_qmux_tx_msg failed
12-16 09:37:52.403 E/QC-QMI  (  494): qmi_ctl_handle_request: qmi_ctl_tx_msg call failed
12-16 09:37:52.404 E/QC-QMI  (  494): qmi_qmux_open_connection: connection is disabled for conn_id=48
12-16 09:37:52.404 E/QC-QMI  (  494): qmi_qmux_tx_msg: failed to open inactive connd_id=48
12-16 09:37:52.404 E/QC-QMI  (  494): qmi_qmux: TX failed, connection inactive or in reset, conn_id=48, status_flags=4
12-16 09:37:52.404 E/QC-QMI  (  494): qmi_ctl_tx_msg: qmi_qmux_tx_msg failed
12-16 09:37:52.404 E/QC-QMI  (  494): qmi_ctl_handle_request: qmi_ctl_tx_msg call failed
12-16 09:37:52.404 E/QC-QMI  (  494): qmi_qmux_open_connection: connection is disabled for conn_id=29
12-16 09:37:52.405 E/QC-QMI  (  494): qmi_qmux_tx_msg: failed to open inactive connd_id=29
12-16 09:37:52.405 E/QC-QMI  (  494): qmi_qmux: TX failed, connection inactive or in reset, conn_id=29, status_flags=4
12-16 09:37:52.405 E/QC-QMI  (  494): qmi_ctl_tx_msg: qmi_qmux_tx_msg failed
12-16 09:37:52.405 E/QC-QMI  (  494): qmi_ctl_handle_request: qmi_ctl_tx_msg call failed
12-16 09:37:52.405 E/QC-QMI  (  494): qmi_qmux_open_connection: connection is disabled for conn_id=57
12-16 09:37:52.405 E/QC-QMI  (  494): qmi_qmux_tx_msg: failed to open inactive connd_id=57
12-16 09:37:52.405 E/QC-QMI  (  494): qmi_qmux: TX failed, connection inactive or in reset, conn_id=57, status_flags=4
12-16 09:37:52.405 E/QC-QMI  (  494): qmi_ctl_tx_msg: qmi_qmux_tx_msg failed
12-16 09:37:52.405 E/QC-QMI  (  494): qmi_ctl_handle_request: qmi_ctl_tx_msg call failed
12-16 09:37:52.406 E/QC-QMI  (  494): qmi_qmux_open_connection: connection is disabled for conn_id=48
12-16 09:37:52.406 E/QC-QMI  (  494): qmi_qmux_tx_msg: failed to open inactive connd_id=48
12-16 09:37:52.406 E/QC-QMI  (  494): qmi_qmux: TX failed, connection inactive or in reset, conn_id=48, status_flags=4
12-16 09:37:52.406 E/QC-QMI  (  494): qmi_ctl_tx_msg: qmi_qmux_tx_msg failed
12-16 09:37:52.406 E/QC-QMI  (  494): qmi_ctl_handle_request: qmi_ctl_tx_msg call failed
12-16 09:37:52.406 E/QC-QMI  (  494): qmi_qmux_open_connection: connection is disabled for conn_id=57
12-16 09:37:52.406 E/QC-QMI  (  494): qmi_qmux_tx_msg: failed to open inactive connd_id=57
12-16 09:37:52.406 E/QC-QMI  (  494): qmi_qmux: TX failed, connection inactive or in reset, conn_id=57, status_flags=4
12-16 09:37:52.406 E/QC-QMI  (  494): qmi_ctl_tx_msg: qmi_qmux_tx_msg failed
12-16 09:37:52.406 E/QC-QMI  (  494): qmi_ctl_handle_request: qmi_ctl_tx_msg call failed
12-16 09:37:52.407 E/QC-QMI  (  494): qmi_qmux_open_connection: connection is disabled for conn_id=29
12-16 09:37:52.407 E/QC-QMI  (  494): qmi_qmux_tx_msg: failed to open inactive connd_id=29
12-16 09:37:52.407 E/QC-QMI  (  494): qmi_qmux: TX failed, connection inactive or in reset, conn_id=29, status_flags=4
12-16 09:37:52.407 E/QC-QMI  (  494): qmi_ctl_tx_msg: qmi_qmux_tx_msg failed
12-16 09:37:52.407 E/QC-QMI  (  494): qmi_ctl_handle_request: qmi_ctl_tx_msg call failed
12-16 09:37:52.408 E/QC-QMI  (  494): qmi_qmux_open_connection: connection is disabled for conn_id=48
12-16 09:37:52.408 E/QC-QMI  (  494): qmi_qmux_tx_msg: failed to open inactive connd_id=48
12-16 09:37:52.408 E/QC-QMI  (  494): qmi_qmux: TX failed, connection inactive or in reset, conn_id=48, status_flags=4
12-16 09:37:52.408 E/QC-QMI  (  494): qmi_ctl_tx_msg: qmi_qmux_tx_msg failed
12-16 09:37:52.408 E/QC-QMI  (  494): qmi_ctl_handle_request: qmi_ctl_tx_msg call failed
12-16 09:37:52.408 E/QC-QMI  (  494): qmi_qmux_open_connection: connection is disabled for conn_id=29
12-16 09:37:52.408 E/QC-QMI  (  494): qmi_qmux_tx_msg: failed to open inactive connd_id=29
12-16 09:37:52.408 E/QC-QMI  (  494): qmi_qmux: TX failed, connection inactive or in reset, conn_id=29, status_flags=4
12-16 09:37:52.408 E/QC-QMI  (  494): qmi_ctl_tx_msg: qmi_qmux_tx_msg failed
12-16 09:37:52.408 E/QC-QMI  (  494): qmi_ctl_handle_request: qmi_ctl_tx_msg call failed
12-16 09:37:52.409 E/QC-QMI  (  494): qmi_qmux_open_connection: connection is disabled for conn_id=57
12-16 09:37:52.409 E/QC-QMI  (  494): qmi_qmux_tx_msg: failed to open inactive connd_id=57
12-16 09:37:52.409 E/QC-QMI  (  494): qmi_qmux: TX failed, connection inactive or in reset, conn_id=57, status_flags=4
12-16 09:37:52.409 E/QC-QMI  (  494): qmi_ctl_tx_msg: qmi_qmux_tx_msg failed
12-16 09:37:52.409 E/QC-QMI  (  494): qmi_ctl_handle_request: qmi_ctl_tx_msg call failed
12-16 09:37:52.409 E/QC-QMI  (  494): qmi_qmux_open_connection: connection is disabled for conn_id=48
12-16 09:37:52.409 E/QC-QMI  (  494): qmi_qmux_tx_msg: failed to open inactive connd_id=48
12-16 09:37:52.409 E/QC-QMI  (  494): qmi_qmux: TX failed, connection inactive or in reset, conn_id=48, status_flags=4
12-16 09:37:52.409 E/QC-QMI  (  494): qmi_ctl_tx_msg: qmi_qmux_tx_msg failed
12-16 09:37:52.409 E/QC-QMI  (  494): qmi_ctl_handle_request: qmi_ctl_tx_msg call failed
12-16 09:37:52.410 E/QC-QMI  (  494): qmi_qmux_open_connection: connection is disabled for conn_id=57
12-16 09:37:52.410 E/QC-QMI  (  494): qmi_qmux_tx_msg: failed to open inactive connd_id=57
12-16 09:37:52.410 E/QC-QMI  (  494): qmi_qmux: TX failed, connection inactive or in reset, conn_id=57, status_flags=4
12-16 09:37:52.410 E/QC-QMI  (  494): qmi_ctl_tx_msg: qmi_qmux_tx_msg failed
12-16 09:37:52.410 E/QC-QMI  (  494): qmi_ctl_handle_request: qmi_ctl_tx_msg call failed
12-16 09:37:52.410 E/QC-QMI  (  494): qmi_qmux_open_connection: connection is disabled for conn_id=48
12-16 09:37:52.410 E/QC-QMI  (  494): qmi_qmux_tx_msg: failed to open inactive connd_id=48
12-16 09:37:52.410 E/QC-QMI  (  494): qmi_qmux: TX failed, connection inactive or in reset, conn_id=48, status_flags=4
12-16 09:37:52.410 E/QC-QMI  (  494): qmi_ctl_tx_msg: qmi_qmux_tx_msg failed
12-16 09:37:52.411 E/QC-QMI  (  494): qmi_ctl_handle_request: qmi_ctl_tx_msg call failed
12-16 09:37:52.411 E/QC-QMI  (  494): qmi_qmux_open_connection: connection is disabled for conn_id=29
12-16 09:37:52.411 E/QC-QMI  (  494): qmi_qmux_tx_msg: failed to open inactive connd_id=29
12-16 09:37:52.411 E/QC-QMI  (  494): qmi_qmux: TX failed, connection inactive or in reset, conn_id=29, status_flags=4
12-16 09:37:52.411 E/QC-QMI  (  494): qmi_ctl_tx_msg: qmi_qmux_tx_msg failed
12-16 09:37:52.411 E/QC-QMI  (  494): qmi_ctl_handle_request: qmi_ctl_tx_msg call failed
12-16 09:37:52.411 E/QC-QMI  (  494): qmi_qmux_open_connection: connection is disabled for conn_id=57
12-16 09:37:52.411 E/QC-QMI  (  494): qmi_qmux_tx_msg: failed to open inactive connd_id=57
12-16 09:37:52.411 E/QC-QMI  (  494): qmi_qmux: TX failed, connection inactive or in reset, conn_id=57, status_flags=4
12-16 09:37:52.411 E/QC-QMI  (  494): qmi_ctl_tx_msg: qmi_qmux_tx_msg failed
12-16 09:37:52.412 E/QC-QMI  (  494): qmi_ctl_handle_request: qmi_ctl_tx_msg call failed
12-16 09:37:52.412 E/QC-QMI  (  494): qmi_qmux_open_connection: connection is disabled for conn_id=29
12-16 09:37:52.412 E/QC-QMI  (  494): qmi_qmux_tx_msg: failed to open inactive connd_id=29
12-16 09:37:52.412 E/QC-QMI  (  494): qmi_qmux: TX failed, connection inactive or in reset, conn_id=29, status_flags=4
12-16 09:37:52.412 E/QC-QMI  (  494): qmi_ctl_tx_msg: qmi_qmux_tx_msg failed
12-16 09:37:52.412 E/QC-QMI  (  494): qmi_ctl_handle_request: qmi_ctl_tx_msg call failed
12-16 09:37:52.415 E/QC-QMI  (  494): qmi_qmux_open_connection: connection is disabled for conn_id=57
12-16 09:37:52.415 E/QC-QMI  (  494): qmi_qmux_tx_msg: failed to open inactive connd_id=57
12-16 09:37:52.415 E/QC-QMI  (  494): qmi_qmux: TX failed, connection inactive or in reset, conn_id=57, status_flags=4
12-16 09:37:52.415 E/QC-QMI  (  494): qmi_ctl_tx_msg: qmi_qmux_tx_msg failed
12-16 09:37:52.415 E/QC-QMI  (  494): qmi_ctl_handle_request: qmi_ctl_tx_msg call failed
12-16 09:37:52.416 E/QC-QMI  (  494): qmi_qmux_open_connection: connection is disabled for conn_id=48
12-16 09:37:52.416 E/QC-QMI  (  494): qmi_qmux_tx_msg: failed to open inactive connd_id=48
12-16 09:37:52.416 E/QC-QMI  (  494): qmi_qmux: TX failed, connection inactive or in reset, conn_id=48, status_flags=4
12-16 09:37:52.416 E/QC-QMI  (  494): qmi_ctl_tx_msg: qmi_qmux_tx_msg failed
12-16 09:37:52.416 E/QC-QMI  (  494): qmi_ctl_handle_request: qmi_ctl_tx_msg call failed
12-16 09:37:52.417 E/QC-QMI  (  494): qmi_qmux_open_connection: connection is disabled for conn_id=48
12-16 09:37:52.417 E/QC-QMI  (  494): qmi_qmux_tx_msg: failed to open inactive connd_id=48
12-16 09:37:52.417 E/QC-QMI  (  494): qmi_qmux: TX failed, connection inactive or in reset, conn_id=48, status_flags=4
12-16 09:37:52.417 E/QC-QMI  (  494): qmi_ctl_tx_msg: qmi_qmux_tx_msg failed
12-16 09:37:52.417 E/QC-QMI  (  494): qmi_ctl_handle_request: qmi_ctl_tx_msg call failed
12-16 09:37:52.418 E/QC-QMI  (  494): qmi_qmux_open_connection: connection is disabled for conn_id=57
12-16 09:37:52.418 E/QC-QMI  (  494): qmi_qmux_tx_msg: failed to open inactive connd_id=57
12-16 09:37:52.418 E/QC-QMI  (  494): qmi_qmux: TX failed, connection inactive or in reset, conn_id=57, status_flags=4
12-16 09:37:52.418 E/QC-QMI  (  494): qmi_ctl_tx_msg: qmi_qmux_tx_msg failed
12-16 09:37:52.418 E/QC-QMI  (  494): qmi_ctl_handle_request: qmi_ctl_tx_msg call failed
12-16 09:37:52.419 E/QC-QMI  (  494): qmi_qmux_open_connection: connection is disabled for conn_id=29
12-16 09:37:52.419 E/QC-QMI  (  494): qmi_qmux_tx_msg: failed to open inactive connd_id=29
12-16 09:37:52.419 E/QC-QMI  (  494): qmi_qmux: TX failed, connection inactive or in reset, conn_id=29, status_flags=4
12-16 09:37:52.419 E/QC-QMI  (  494): qmi_ctl_tx_msg: qmi_qmux_tx_msg failed
12-16 09:37:52.419 E/QC-QMI  (  494): qmi_ctl_handle_request: qmi_ctl_tx_msg call failed
12-16 09:37:52.419 E/QC-QMI  (  494): qmi_qmux_open_connection: connection is disabled for conn_id=57
12-16 09:37:52.419 E/QC-QMI  (  494): qmi_qmux_tx_msg: failed to open inactive connd_id=57
12-16 09:37:52.419 E/QC-QMI  (  494): qmi_qmux: TX failed, connection inactive or in reset, conn_id=57, status_flags=4
12-16 09:37:52.419 E/QC-QMI  (  494): qmi_ctl_tx_msg: qmi_qmux_tx_msg failed
12-16 09:37:52.420 E/QC-QMI  (  494): qmi_ctl_handle_request: qmi_ctl_tx_msg call failed
12-16 09:37:52.420 W/PackageManager(  883): Permission com.google.android.launcher.permission.READ_SETTINGS from package com.google.android.googlequicksearchbox in an unknown group android.permission-group.SYSTEM_TOOLS
12-16 09:37:52.420 E/QC-QMI  (  494): qmi_qmux_open_connection: connection is disabled for conn_id=29
12-16 09:37:52.420 W/PackageManager(  883): Permission com.google.android.launcher.permission.WRITE_SETTINGS from package com.google.android.googlequicksearchbox in an unknown group android.permission-group.SYSTEM_TOOLS
12-16 09:37:52.420 E/QC-QMI  (  494): qmi_qmux_tx_msg: failed to open inactive connd_id=29
12-16 09:37:52.420 W/PackageManager(  883): Permission com.android.launcher.permission.INSTALL_SHORTCUT from package com.google.android.googlequicksearchbox in an unknown group android.permission-group.SYSTEM_TOOLS
12-16 09:37:52.420 E/QC-QMI  (  494): qmi_qmux: TX failed, connection inactive or in reset, conn_id=29, status_flags=4
12-16 09:37:52.420 E/QC-QMI  (  494): qmi_ctl_tx_msg: qmi_qmux_tx_msg failed
12-16 09:37:52.420 E/QC-QMI  (  494): qmi_ctl_handle_request: qmi_ctl_tx_msg call failed
12-16 09:37:52.421 E/QC-QMI  (  494): qmi_qmux_open_connection: connection is disabled for conn_id=29
12-16 09:37:52.421 E/QC-QMI  (  494): qmi_qmux_tx_msg: failed to open inactive connd_id=29
12-16 09:37:52.421 E/QC-QMI  (  494): qmi_qmux: TX failed, connection inactive or in reset, conn_id=29, status_flags=4
12-16 09:37:52.421 E/QC-QMI  (  494): qmi_ctl_tx_msg: qmi_qmux_tx_msg failed
12-16 09:37:52.421 E/QC-QMI  (  494): qmi_ctl_handle_request: qmi_ctl_tx_msg call failed
12-16 09:37:52.421 E/QC-QMI  (  494): qmi_qmux_open_connection: connection is disabled for conn_id=48
12-16 09:37:52.421 E/QC-QMI  (  494): qmi_qmux_tx_msg: failed to open inactive connd_id=48
12-16 09:37:52.421 E/QC-QMI  (  494): qmi_qmux: TX failed, connection inactive or in reset, conn_id=48, status_flags=4
12-16 09:37:52.421 E/QC-QMI  (  494): qmi_ctl_tx_msg: qmi_qmux_tx_msg failed
12-16 09:37:52.421 E/QC-QMI  (  494): qmi_ctl_handle_request: qmi_ctl_tx_msg call failed
12-16 09:37:52.422 E/QC-QMI  (  494): qmi_qmux_open_connection: connection is disabled for conn_id=29
12-16 09:37:52.422 E/QC-QMI  (  494): qmi_qmux_tx_msg: failed to open inactive connd_id=29
12-16 09:37:52.422 E/QC-QMI  (  494): qmi_qmux: TX failed, connection inactive or in reset, conn_id=29, status_flags=4
12-16 09:37:52.422 E/QC-QMI  (  494): qmi_ctl_tx_msg: qmi_qmux_tx_msg failed
12-16 09:37:52.422 E/QC-QMI  (  494): qmi_ctl_handle_request: qmi_ctl_tx_msg call failed
12-16 09:37:52.422 E/QC-QMI  (  494): qmi_qmux_open_connection: connection is disabled for conn_id=48
12-16 09:37:52.422 E/QC-QMI  (  494): qmi_qmux_tx_msg: failed to open inactive connd_id=48
12-16 09:37:52.422 E/QC-QMI  (  494): qmi_qmux: TX failed, connection inactive or in reset, conn_id=48, status_flags=4
12-16 09:37:52.422 E/QC-QMI  (  494): qmi_ctl_tx_msg: qmi_qmux_tx_msg failed
12-16 09:37:52.422 E/QC-QMI  (  494): qmi_ctl_handle_request: qmi_ctl_tx_msg call failed
12-16 09:37:52.423 E/QC-QMI  (  494): qmi_qmux_open_connection: connection is disabled for conn_id=48
12-16 09:37:52.423 E/QC-QMI  (  494): qmi_qmux_tx_msg: failed to open inactive connd_id=48
12-16 09:37:52.423 E/QC-QMI  (  494): qmi_qmux: TX failed, connection inactive or in reset, conn_id=48, status_flags=4
12-16 09:37:52.423 E/QC-QMI  (  494): qmi_ctl_tx_msg: qmi_qmux_tx_msg failed
12-16 09:37:52.423 E/QC-QMI  (  494): qmi_ctl_handle_request: qmi_ctl_tx_msg call failed
12-16 09:37:52.423 E/slim_daemon(  594): [NDK] bindNDKSensors: Sensor server is unavailable.
12-16 09:37:52.424 E/QC-QMI  (  494): qmi_qmux_open_connection: connection is disabled for conn_id=48
12-16 09:37:52.424 E/QC-QMI  (  494): qmi_qmux_tx_msg: failed to open inactive connd_id=48
12-16 09:37:52.424 E/QC-QMI  (  494): qmi_qmux: TX failed, connection inactive or in reset, conn_id=48, status_flags=4
12-16 09:37:52.424 E/QC-QMI  (  494): qmi_ctl_tx_msg: qmi_qmux_tx_msg failed
12-16 09:37:52.424 E/QC-QMI  (  494): qmi_ctl_handle_request: qmi_ctl_tx_msg call failed
12-16 09:37:52.424 E/QC-QMI  (  494): qmi_qmux_open_connection: connection is disabled for conn_id=57
12-16 09:37:52.424 E/QC-QMI  (  494): qmi_qmux_tx_msg: failed to open inactive connd_id=57
12-16 09:37:52.424 E/QC-QMI  (  494): qmi_qmux: TX failed, connection inactive or in reset, conn_id=57, status_flags=4
12-16 09:37:52.424 E/QC-QMI  (  494): qmi_ctl_tx_msg: qmi_qmux_tx_msg failed
12-16 09:37:52.424 E/QC-QMI  (  494): qmi_ctl_handle_request: qmi_ctl_tx_msg call failed
12-16 09:37:52.425 E/QC-QMI  (  494): qmi_qmux_open_connection: connection is disabled for conn_id=57
12-16 09:37:52.425 E/QC-QMI  (  494): qmi_qmux_tx_msg: failed to open inactive connd_id=57
12-16 09:37:52.425 E/QC-QMI  (  494): qmi_qmux: TX failed, connection inactive or in reset, conn_id=57, status_flags=4
12-16 09:37:52.425 E/QC-QMI  (  494): qmi_ctl_tx_msg: qmi_qmux_tx_msg failed
12-16 09:37:52.425 E/QC-QMI  (  494): qmi_ctl_handle_request: qmi_ctl_tx_msg call failed
12-16 09:37:52.425 E/QC-QMI  (  494): qmi_qmux_open_connection: connection is disabled for conn_id=57
12-16 09:37:52.425 E/QC-QMI  (  494): qmi_qmux_tx_msg: failed to open inactive connd_id=57
12-16 09:37:52.425 E/QC-QMI  (  494): qmi_qmux: TX failed, connection inactive or in reset, conn_id=57, status_flags=4
12-16 09:37:52.425 E/QC-QMI  (  494): qmi_ctl_tx_msg: qmi_qmux_tx_msg failed
12-16 09:37:52.426 E/QC-QMI  (  494): qmi_ctl_handle_request: qmi_ctl_tx_msg call failed
12-16 09:37:52.426 E/QC-QMI  (  494): qmi_qmux_open_connection: connection is disabled for conn_id=57
12-16 09:37:52.426 E/QC-QMI  (  494): qmi_qmux_tx_msg: failed to open inactive connd_id=57
12-16 09:37:52.426 E/QC-QMI  (  494): qmi_qmux: TX failed, connection inactive or in reset, conn_id=57, status_flags=4
12-16 09:37:52.426 E/QC-QMI  (  494): qmi_ctl_tx_msg: qmi_qmux_tx_msg failed
12-16 09:37:52.426 E/QC-QMI  (  494): qmi_ctl_handle_request: qmi_ctl_tx_msg call failed
12-16 09:37:52.426 E/QC-QMI  (  494): qmi_qmux_open_connection: connection is disabled for conn_id=29
12-16 09:37:52.426 E/QC-QMI  (  494): qmi_qmux_tx_msg: failed to open inactive connd_id=29
12-16 09:37:52.427 E/QC-QMI  (  494): qmi_qmux: TX failed, connection inactive or in reset, conn_id=29, status_flags=4
12-16 09:37:52.427 E/QC-QMI  (  494): qmi_ctl_tx_msg: qmi_qmux_tx_msg failed
12-16 09:37:52.427 E/QC-QMI  (  494): qmi_ctl_handle_request: qmi_ctl_tx_msg call failed
12-16 09:37:52.427 E/QC-QMI  (  494): qmi_qmux_open_connection: connection is disabled for conn_id=29
12-16 09:37:52.427 E/QC-QMI  (  494): qmi_qmux_tx_msg: failed to open inactive connd_id=29
12-16 09:37:52.427 E/QC-QMI  (  494): qmi_qmux: TX failed, connection inactive or in reset, conn_id=29, status_flags=4
12-16 09:37:52.427 E/QC-QMI  (  494): qmi_ctl_tx_msg: qmi_qmux_tx_msg failed
12-16 09:37:52.427 E/QC-QMI  (  494): qmi_ctl_handle_request: qmi_ctl_tx_msg call failed
12-16 09:37:52.428 I/ThermalEngine(  498): MODEM thermal mitigation available.
12-16 09:37:52.428 E/QC-QMI  (  494): qmi_qmux_open_connection: connection is disabled for conn_id=48
12-16 09:37:52.428 E/QC-QMI  (  494): qmi_qmux_tx_msg: failed to open inactive connd_id=48
12-16 09:37:52.428 E/QC-QMI  (  494): qmi_qmux: TX failed, connection inactive or in reset, conn_id=48, status_flags=4
12-16 09:37:52.428 E/QC-QMI  (  494): qmi_ctl_tx_msg: qmi_qmux_tx_msg failed
12-16 09:37:52.428 E/QC-QMI  (  494): qmi_ctl_handle_request: qmi_ctl_tx_msg call failed
12-16 09:37:52.429 E/QC-QMI  (  494): qmi_qmux_open_connection: connection is disabled for conn_id=48
12-16 09:37:52.429 E/QC-QMI  (  494): qmi_qmux_tx_msg: failed to open inactive connd_id=48
12-16 09:37:52.429 E/QC-QMI  (  494): qmi_qmux: TX failed, connection inactive or in reset, conn_id=48, status_flags=4
12-16 09:37:52.429 E/QC-QMI  (  494): qmi_ctl_tx_msg: qmi_qmux_tx_msg failed
12-16 09:37:52.429 E/QC-QMI  (  494): qmi_ctl_handle_request: qmi_ctl_tx_msg call failed
12-16 09:37:52.429 I/ThermalEngine(  498): ACTION: MODEM - Pending request: pa mitigation succeeded for level 0.
12-16 09:37:52.429 I/ThermalEngine(  498): Mitigation:Modem:0
12-16 09:37:52.430 E/QC-QMI  (  494): qmi_qmux_open_connection: connection is disabled for conn_id=57
12-16 09:37:52.430 E/QC-QMI  (  494): qmi_qmux_tx_msg: failed to open inactive connd_id=57
12-16 09:37:52.430 E/QC-QMI  (  494): qmi_qmux: TX failed, connection inactive or in reset, conn_id=57, status_flags=4
12-16 09:37:52.430 E/QC-QMI  (  494): qmi_ctl_tx_msg: qmi_qmux_tx_msg failed
12-16 09:37:52.430 E/QC-QMI  (  494): qmi_ctl_handle_request: qmi_ctl_tx_msg call failed
12-16 09:37:52.431 E/QC-QMI  (  494): qmi_qmux_open_connection: connection is disabled for conn_id=57
12-16 09:37:52.431 E/QC-QMI  (  494): qmi_qmux_tx_msg: failed to open inactive connd_id=57
12-16 09:37:52.431 E/QC-QMI  (  494): qmi_qmux: TX failed, connection inactive or in reset, conn_id=57, status_flags=4
12-16 09:37:52.431 E/QC-QMI  (  494): qmi_ctl_tx_msg: qmi_qmux_tx_msg failed
12-16 09:37:52.431 E/QC-QMI  (  494): qmi_ctl_handle_request: qmi_ctl_tx_msg call failed
12-16 09:37:52.431 I/ThermalEngine(  498): ACTION: MODEM - Pending request: cpuv_restriction_cold mitigation succeeded for level 0.
12-16 09:37:52.431 I/ThermalEngine(  498): Mitigation:VDD[MODEM-cpuv_restriction_cold]:0
12-16 09:37:52.431 E/QC-QMI  (  494): qmi_qmux_open_connection: connection is disabled for conn_id=29
12-16 09:37:52.431 E/QC-QMI  (  494): qmi_qmux_tx_msg: failed to open inactive connd_id=29
12-16 09:37:52.432 E/QC-QMI  (  494): qmi_qmux: TX failed, connection inactive or in reset, conn_id=29, status_flags=4
12-16 09:37:52.432 E/QC-QMI  (  494): qmi_ctl_tx_msg: qmi_qmux_tx_msg failed
12-16 09:37:52.432 E/QC-QMI  (  494): qmi_ctl_handle_request: qmi_ctl_tx_msg call failed
12-16 09:37:52.432 E/QC-QMI  (  494): qmi_qmux_open_connection: connection is disabled for conn_id=29
12-16 09:37:52.432 E/QC-QMI  (  494): qmi_qmux_tx_msg: failed to open inactive connd_id=29
12-16 09:37:52.432 E/QC-QMI  (  494): qmi_qmux: TX failed, connection inactive or in reset, conn_id=29, status_flags=4
12-16 09:37:52.432 E/QC-QMI  (  494): qmi_ctl_tx_msg: qmi_qmux_tx_msg failed
12-16 09:37:52.432 E/QC-QMI  (  494): qmi_ctl_handle_request: qmi_ctl_tx_msg call failed
12-16 09:37:52.433 E/QC-QMI  (  494): qmi_qmux_open_connection: connection is disabled for conn_id=48
12-16 09:37:52.433 E/QC-QMI  (  494): qmi_qmux_tx_msg: failed to open inactive connd_id=48
12-16 09:37:52.433 E/QC-QMI  (  494): qmi_qmux: TX failed, connection inactive or in reset, conn_id=48, status_flags=4
12-16 09:37:52.433 E/QC-QMI  (  494): qmi_ctl_tx_msg: qmi_qmux_tx_msg failed
12-16 09:37:52.433 E/QC-QMI  (  494): qmi_ctl_handle_request: qmi_ctl_tx_msg call failed
12-16 09:37:52.434 E/QC-QMI  (  494): qmi_qmux_open_connection: connection is disabled for conn_id=48
12-16 09:37:52.434 E/QC-QMI  (  494): qmi_qmux_tx_msg: failed to open inactive connd_id=48
12-16 09:37:52.434 E/QC-QMI  (  494): qmi_qmux: TX failed, connection inactive or in reset, conn_id=48, status_flags=4
12-16 09:37:52.434 E/QC-QMI  (  494): qmi_ctl_tx_msg: qmi_qmux_tx_msg failed
12-16 09:37:52.434 E/QC-QMI  (  494): qmi_ctl_handle_request: qmi_ctl_tx_msg call failed
12-16 09:37:52.434 E/QC-QMI  (  494): qmi_qmux_open_connection: connection is disabled for conn_id=57
12-16 09:37:52.434 E/QC-QMI  (  494): qmi_qmux_tx_msg: failed to open inactive connd_id=57
12-16 09:37:52.434 E/QC-QMI  (  494): qmi_qmux: TX failed, connection inactive or in reset, conn_id=57, status_flags=4
12-16 09:37:52.434 E/QC-QMI  (  494): qmi_ctl_tx_msg: qmi_qmux_tx_msg failed
12-16 09:37:52.434 E/QC-QMI  (  494): qmi_ctl_handle_request: qmi_ctl_tx_msg call failed
12-16 09:37:52.435 E/QC-QMI  (  494): qmi_qmux_open_connection: connection is disabled for conn_id=57
12-16 09:37:52.435 E/QC-QMI  (  494): qmi_qmux_tx_msg: failed to open inactive connd_id=57
12-16 09:37:52.435 E/QC-QMI  (  494): qmi_qmux: TX failed, connection inactive or in reset, conn_id=57, status_flags=4
12-16 09:37:52.435 E/QC-QMI  (  494): qmi_ctl_tx_msg: qmi_qmux_tx_msg failed
12-16 09:37:52.435 E/QC-QMI  (  494): qmi_ctl_handle_request: qmi_ctl_tx_msg call failed
12-16 09:37:52.436 E/QC-QMI  (  494): qmi_qmux_open_connection: connection is disabled for conn_id=29
12-16 09:37:52.437 E/QC-QMI  (  494): qmi_qmux_tx_msg: failed to open inactive connd_id=29
12-16 09:37:52.437 E/QC-QMI  (  494): qmi_qmux: TX failed, connection inactive or in reset, conn_id=29, status_flags=4
12-16 09:37:52.437 E/QC-QMI  (  494): qmi_ctl_tx_msg: qmi_qmux_tx_msg failed
12-16 09:37:52.437 E/QC-QMI  (  494): qmi_ctl_handle_request: qmi_ctl_tx_msg call failed
12-16 09:37:52.437 E/QC-QMI  (  494): qmi_qmux_open_connection: connection is disabled for conn_id=29
12-16 09:37:52.437 E/QC-QMI  (  494): qmi_qmux_tx_msg: failed to open inactive connd_id=29
12-16 09:37:52.437 E/QC-QMI  (  494): qmi_qmux: TX failed, connection inactive or in reset, conn_id=29, status_flags=4
12-16 09:37:52.437 E/QC-QMI  (  494): qmi_ctl_tx_msg: qmi_qmux_tx_msg failed
12-16 09:37:52.437 E/QC-QMI  (  494): qmi_ctl_handle_request: qmi_ctl_tx_msg call failed
12-16 09:37:52.438 E/QC-QMI  (  494): qmi_qmux_open_connection: connection is disabled for conn_id=48
12-16 09:37:52.438 E/QC-QMI  (  494): qmi_qmux_tx_msg: failed to open inactive connd_id=48
12-16 09:37:52.438 E/QC-QMI  (  494): qmi_qmux: TX failed, connection inactive or in reset, conn_id=48, status_flags=4
12-16 09:37:52.438 E/QC-QMI  (  494): qmi_ctl_tx_msg: qmi_qmux_tx_msg failed
12-16 09:37:52.438 E/QC-QMI  (  494): qmi_ctl_handle_request: qmi_ctl_tx_msg call failed
12-16 09:37:52.438 E/QC-QMI  (  494): qmi_qmux_open_connection: connection is disabled for conn_id=48
12-16 09:37:52.438 E/QC-QMI  (  494): qmi_qmux_tx_msg: failed to open inactive connd_id=48
12-16 09:37:52.438 E/QC-QMI  (  494): qmi_qmux: TX failed, connection inactive or in reset, conn_id=48, status_flags=4
12-16 09:37:52.438 E/QC-QMI  (  494): qmi_ctl_tx_msg: qmi_qmux_tx_msg failed
12-16 09:37:52.439 E/QC-QMI  (  494): qmi_ctl_handle_request: qmi_ctl_tx_msg call failed
12-16 09:37:52.439 E/QC-QMI  (  494): qmi_qmux_open_connection: connection is disabled for conn_id=57
12-16 09:37:52.439 E/QC-QMI  (  494): qmi_qmux_tx_msg: failed to open inactive connd_id=57
12-16 09:37:52.439 E/QC-QMI  (  494): qmi_qmux: TX failed, connection inactive or in reset, conn_id=57, status_flags=4
12-16 09:37:52.439 E/QC-QMI  (  494): qmi_ctl_tx_msg: qmi_qmux_tx_msg failed
12-16 09:37:52.439 E/QC-QMI  (  494): qmi_ctl_handle_request: qmi_ctl_tx_msg call failed
12-16 09:37:52.440 E/QC-QMI  (  494): qmi_qmux_open_connection: connection is disabled for conn_id=57
12-16 09:37:52.440 E/QC-QMI  (  494): qmi_qmux_tx_msg: failed to open inactive connd_id=57
12-16 09:37:52.441 E/QC-QMI  (  494): qmi_qmux: TX failed, connection inactive or in reset, conn_id=57, status_flags=4
12-16 09:37:52.441 E/QC-QMI  (  494): qmi_ctl_tx_msg: qmi_qmux_tx_msg failed
12-16 09:37:52.441 E/QC-QMI  (  494): qmi_ctl_handle_request: qmi_ctl_tx_msg call failed
12-16 09:37:52.442 D/vold    (  337): Disk at 253:0 changed
12-16 09:37:52.444 E/QC-QMI  (  494): qmi_qmux_open_connection: connection is disabled for conn_id=29
12-16 09:37:52.444 D/vold    (  337): Disk at 253:0 changed
12-16 09:37:52.444 E/QC-QMI  (  494): qmi_qmux_tx_msg: failed to open inactive connd_id=29
12-16 09:37:52.444 D/vold    (  337): Disk at 253:0 changed
12-16 09:37:52.444 E/QC-QMI  (  494): qmi_qmux: TX failed, connection inactive or in reset, conn_id=29, status_flags=4
12-16 09:37:52.444 E/QC-QMI  (  494): qmi_ctl_tx_msg: qmi_qmux_tx_msg failed
