12-15 20:51:10.356 W/PackageManager(  883): Permission com.google.android.providers.gsf.permission.READ_GSERVICES from package com.google.android.gsf in an unknown group android.permission-group.ACCOUNTS
12-15 20:51:10.359 E/QC-QMI  (  493): qmi_qmux_open_connection: connection is disabled for conn_id=29
12-15 20:51:10.359 E/QC-QMI  (  493): qmi_qmux_tx_msg: failed to open inactive connd_id=29
12-15 20:51:10.359 E/QC-QMI  (  493): qmi_qmux: TX failed, connection inactive or in reset, conn_id=29, status_flags=4
12-15 20:51:10.359 E/QC-QMI  (  493): qmi_ctl_tx_msg: qmi_qmux_tx_msg failed
12-15 20:51:10.359 E/QC-QMI  (  493): qmi_ctl_handle_request: qmi_ctl_tx_msg call failed
12-15 20:51:10.360 E/QC-QMI  (  493): qmi_qmux_open_connection: connection is disabled for conn_id=29
12-15 20:51:10.360 E/QC-QMI  (  493): qmi_qmux_tx_msg: failed to open inactive connd_id=29
12-15 20:51:10.360 E/QC-QMI  (  493): qmi_qmux: TX failed, connection inactive or in reset, conn_id=29, status_flags=4
12-15 20:51:10.360 E/QC-QMI  (  493): qmi_ctl_tx_msg: qmi_qmux_tx_msg failed
12-15 20:51:10.360 E/QC-QMI  (  493): qmi_ctl_handle_request: qmi_ctl_tx_msg call failed
12-15 20:51:10.361 E/QC-QMI  (  493): qmi_qmux_open_connection: connection is disabled for conn_id=48
12-15 20:51:10.361 E/QC-QMI  (  493): qmi_qmux_tx_msg: failed to open inactive connd_id=48
12-15 20:51:10.361 E/QC-QMI  (  493): qmi_qmux: TX failed, connection inactive or in reset, conn_id=48, status_flags=4
12-15 20:51:10.361 E/QC-QMI  (  493): qmi_ctl_tx_msg: qmi_qmux_tx_msg failed
12-15 20:51:10.361 E/QC-QMI  (  493): qmi_ctl_handle_request: qmi_ctl_tx_msg call failed
12-15 20:51:10.361 E/QC-QMI  (  493): qmi_qmux_open_connection: connection is disabled for conn_id=48
12-15 20:51:10.361 E/QC-QMI  (  493): qmi_qmux_tx_msg: failed to open inactive connd_id=48
12-15 20:51:10.362 E/QC-QMI  (  493): qmi_qmux: TX failed, connection inactive or in reset, conn_id=48, status_flags=4
12-15 20:51:10.362 E/QC-QMI  (  493): qmi_ctl_tx_msg: qmi_qmux_tx_msg failed
12-15 20:51:10.362 E/QC-QMI  (  493): qmi_ctl_handle_request: qmi_ctl_tx_msg call failed
12-15 20:51:10.362 E/QC-QMI  (  493): qmi_qmux_open_connection: connection is disabled for conn_id=57
12-15 20:51:10.362 E/QC-QMI  (  493): qmi_qmux_tx_msg: failed to open inactive connd_id=57
12-15 20:51:10.362 E/QC-QMI  (  493): qmi_qmux: TX failed, connection inactive or in reset, conn_id=57, status_flags=4
12-15 20:51:10.362 E/QC-QMI  (  493): qmi_ctl_tx_msg: qmi_qmux_tx_msg failed
12-15 20:51:10.362 E/QC-QMI  (  493): qmi_ctl_handle_request: qmi_ctl_tx_msg call failed
12-15 20:51:10.363 E/QC-QMI  (  493): qmi_qmux_open_connection: connection is disabled for conn_id=57
12-15 20:51:10.363 E/QC-QMI  (  493): qmi_qmux_tx_msg: failed to open inactive connd_id=57
12-15 20:51:10.363 E/QC-QMI  (  493): qmi_qmux: TX failed, connection inactive or in reset, conn_id=57, status_flags=4
12-15 20:51:10.363 E/QC-QMI  (  493): qmi_ctl_tx_msg: qmi_qmux_tx_msg failed
12-15 20:51:10.363 E/QC-QMI  (  493): qmi_ctl_handle_request: qmi_ctl_tx_msg call failed
12-15 20:51:10.371 E/QC-QMI  (  493): qmi_qmux_open_connection: connection is disabled for conn_id=29
12-15 20:51:10.371 E/QC-QMI  (  493): qmi_qmux_tx_msg: failed to open inactive connd_id=29
12-15 20:51:10.371 E/QC-QMI  (  493): qmi_qmux: TX failed, connection inactive or in reset, conn_id=29, status_flags=4
12-15 20:51:10.371 E/QC-QMI  (  493): qmi_ctl_tx_msg: qmi_qmux_tx_msg failed
12-15 20:51:10.371 E/QC-QMI  (  493): qmi_ctl_handle_request: qmi_ctl_tx_msg call failed
12-15 20:51:10.372 E/QC-QMI  (  493): qmi_qmux_open_connection: connection is disabled for conn_id=29
12-15 20:51:10.372 E/QC-QMI  (  493): qmi_qmux_tx_msg: failed to open inactive connd_id=29
12-15 20:51:10.373 E/QC-QMI  (  493): qmi_qmux: TX failed, connection inactive or in reset, conn_id=29, status_flags=4
12-15 20:51:10.373 E/QC-QMI  (  493): qmi_ctl_tx_msg: qmi_qmux_tx_msg failed
12-15 20:51:10.373 E/QC-QMI  (  493): qmi_ctl_handle_request: qmi_ctl_tx_msg call failed
12-15 20:51:10.373 E/QC-QMI  (  493): qmi_qmux_open_connection: connection is disabled for conn_id=48
12-15 20:51:10.373 E/QC-QMI  (  493): qmi_qmux_tx_msg: failed to open inactive connd_id=48
12-15 20:51:10.373 E/QC-QMI  (  493): qmi_qmux: TX failed, connection inactive or in reset, conn_id=48, status_flags=4
12-15 20:51:10.373 E/QC-QMI  (  493): qmi_ctl_tx_msg: qmi_qmux_tx_msg failed
12-15 20:51:10.374 E/QC-QMI  (  493): qmi_ctl_handle_request: qmi_ctl_tx_msg call failed
12-15 20:51:10.374 E/QC-QMI  (  493): qmi_qmux_open_connection: connection is disabled for conn_id=48
12-15 20:51:10.374 E/QC-QMI  (  493): qmi_qmux_tx_msg: failed to open inactive connd_id=48
12-15 20:51:10.374 E/QC-QMI  (  493): qmi_qmux: TX failed, connection inactive or in reset, conn_id=48, status_flags=4
12-15 20:51:10.374 E/QC-QMI  (  493): qmi_ctl_tx_msg: qmi_qmux_tx_msg failed
12-15 20:51:10.374 E/QC-QMI  (  493): qmi_ctl_handle_request: qmi_ctl_tx_msg call failed
12-15 20:51:10.375 E/QC-QMI  (  493): qmi_qmux_open_connection: connection is disabled for conn_id=57
12-15 20:51:10.375 E/QC-QMI  (  493): qmi_qmux_tx_msg: failed to open inactive connd_id=57
12-15 20:51:10.375 E/QC-QMI  (  493): qmi_qmux: TX failed, connection inactive or in reset, conn_id=57, status_flags=4
12-15 20:51:10.375 E/QC-QMI  (  493): qmi_ctl_tx_msg: qmi_qmux_tx_msg failed
12-15 20:51:10.375 E/QC-QMI  (  493): qmi_ctl_handle_request: qmi_ctl_tx_msg call failed
12-15 20:51:10.375 E/QC-QMI  (  493): qmi_qmux_open_connection: connection is disabled for conn_id=57
12-15 20:51:10.376 E/QC-QMI  (  493): qmi_qmux_tx_msg: failed to open inactive connd_id=57
12-15 20:51:10.376 E/QC-QMI  (  493): qmi_qmux: TX failed, connection inactive or in reset, conn_id=57, status_flags=4
12-15 20:51:10.376 E/QC-QMI  (  493): qmi_ctl_tx_msg: qmi_qmux_tx_msg failed
12-15 20:51:10.376 E/QC-QMI  (  493): qmi_ctl_handle_request: qmi_ctl_tx_msg call failed
12-15 20:51:10.381 E/QC-QMI  (  493): qmi_qmux_open_connection: connection is disabled for conn_id=29
12-15 20:51:10.381 E/QC-QMI  (  493): qmi_qmux_tx_msg: failed to open inactive connd_id=29
12-15 20:51:10.381 E/QC-QMI  (  493): qmi_qmux: TX failed, connection inactive or in reset, conn_id=29, status_flags=4
12-15 20:51:10.381 E/QC-QMI  (  493): qmi_ctl_tx_msg: qmi_qmux_tx_msg failed
12-15 20:51:10.381 E/QC-QMI  (  493): qmi_ctl_handle_request: qmi_ctl_tx_msg call failed
12-15 20:51:10.382 E/QC-QMI  (  493): qmi_qmux_open_connection: connection is disabled for conn_id=29
12-15 20:51:10.382 E/QC-QMI  (  493): qmi_qmux_tx_msg: failed to open inactive connd_id=29
12-15 20:51:10.382 E/QC-QMI  (  493): qmi_qmux: TX failed, connection inactive or in reset, conn_id=29, status_flags=4
12-15 20:51:10.382 E/QC-QMI  (  493): qmi_ctl_tx_msg: qmi_qmux_tx_msg failed
12-15 20:51:10.382 E/QC-QMI  (  493): qmi_ctl_handle_request: qmi_ctl_tx_msg call failed
12-15 20:51:10.383 E/QC-QMI  (  493): qmi_qmux_open_connection: connection is disabled for conn_id=48
12-15 20:51:10.383 E/QC-QMI  (  493): qmi_qmux_tx_msg: failed to open inactive connd_id=48
12-15 20:51:10.383 E/QC-QMI  (  493): qmi_qmux: TX failed, connection inactive or in reset, conn_id=48, status_flags=4
12-15 20:51:10.383 E/QC-QMI  (  493): qmi_ctl_tx_msg: qmi_qmux_tx_msg failed
12-15 20:51:10.383 E/QC-QMI  (  493): qmi_ctl_handle_request: qmi_ctl_tx_msg call failed
12-15 20:51:10.383 E/QC-QMI  (  493): qmi_qmux_open_connection: connection is disabled for conn_id=48
12-15 20:51:10.383 E/QC-QMI  (  493): qmi_qmux_tx_msg: failed to open inactive connd_id=48
12-15 20:51:10.383 E/QC-QMI  (  493): qmi_qmux: TX failed, connection inactive or in reset, conn_id=48, status_flags=4
12-15 20:51:10.383 E/QC-QMI  (  493): qmi_ctl_tx_msg: qmi_qmux_tx_msg failed
12-15 20:51:10.383 E/QC-QMI  (  493): qmi_ctl_handle_request: qmi_ctl_tx_msg call failed
12-15 20:51:10.384 E/QC-QMI  (  493): qmi_qmux_open_connection: connection is disabled for conn_id=57
12-15 20:51:10.384 E/QC-QMI  (  493): qmi_qmux_tx_msg: failed to open inactive connd_id=57
12-15 20:51:10.384 E/QC-QMI  (  493): qmi_qmux: TX failed, connection inactive or in reset, conn_id=57, status_flags=4
12-15 20:51:10.384 E/QC-QMI  (  493): qmi_ctl_tx_msg: qmi_qmux_tx_msg failed
12-15 20:51:10.384 E/QC-QMI  (  493): qmi_ctl_handle_request: qmi_ctl_tx_msg call failed
12-15 20:51:10.385 E/QC-QMI  (  493): qmi_qmux_open_connection: connection is disabled for conn_id=57
12-15 20:51:10.385 E/QC-QMI  (  493): qmi_qmux_tx_msg: failed to open inactive connd_id=57
12-15 20:51:10.385 E/QC-QMI  (  493): qmi_qmux: TX failed, connection inactive or in reset, conn_id=57, status_flags=4
12-15 20:51:10.385 E/QC-QMI  (  493): qmi_ctl_tx_msg: qmi_qmux_tx_msg failed
12-15 20:51:10.385 E/QC-QMI  (  493): qmi_ctl_handle_request: qmi_ctl_tx_msg call failed
12-15 20:51:10.385 E/QC-QMI  (  493): qmi_qmux_open_connection: connection is disabled for conn_id=29
12-15 20:51:10.386 E/QC-QMI  (  493): qmi_qmux_tx_msg: failed to open inactive connd_id=29
12-15 20:51:10.386 E/QC-QMI  (  493): qmi_qmux: TX failed, connection inactive or in reset, conn_id=29, status_flags=4
12-15 20:51:10.386 E/QC-QMI  (  493): qmi_ctl_tx_msg: qmi_qmux_tx_msg failed
12-15 20:51:10.386 E/QC-QMI  (  493): qmi_ctl_handle_request: qmi_ctl_tx_msg call failed
12-15 20:51:10.386 E/QC-QMI  (  493): qmi_qmux_open_connection: connection is disabled for conn_id=29
12-15 20:51:10.386 E/QC-QMI  (  493): qmi_qmux_tx_msg: failed to open inactive connd_id=29
12-15 20:51:10.386 E/QC-QMI  (  493): qmi_qmux: TX failed, connection inactive or in reset, conn_id=29, status_flags=4
12-15 20:51:10.386 E/QC-QMI  (  493): qmi_ctl_tx_msg: qmi_qmux_tx_msg failed
12-15 20:51:10.386 E/QC-QMI  (  493): qmi_ctl_handle_request: qmi_ctl_tx_msg call failed
12-15 20:51:10.387 E/QC-QMI  (  493): qmi_qmux_open_connection: connection is disabled for conn_id=48
12-15 20:51:10.387 E/QC-QMI  (  493): qmi_qmux_tx_msg: failed to open inactive connd_id=48
12-15 20:51:10.387 E/QC-QMI  (  493): qmi_qmux: TX failed, connection inactive or in reset, conn_id=48, status_flags=4
12-15 20:51:10.387 E/QC-QMI  (  493): qmi_ctl_tx_msg: qmi_qmux_tx_msg failed
12-15 20:51:10.387 E/QC-QMI  (  493): qmi_ctl_handle_request: qmi_ctl_tx_msg call failed
12-15 20:51:10.388 E/QC-QMI  (  493): qmi_qmux_open_connection: connection is disabled for conn_id=48
12-15 20:51:10.388 E/QC-QMI  (  493): qmi_qmux_tx_msg: failed to open inactive connd_id=48
12-15 20:51:10.388 E/QC-QMI  (  493): qmi_qmux: TX failed, connection inactive or in reset, conn_id=48, status_flags=4
12-15 20:51:10.388 E/QC-QMI  (  493): qmi_ctl_tx_msg: qmi_qmux_tx_msg failed
12-15 20:51:10.388 E/QC-QMI  (  493): qmi_ctl_handle_request: qmi_ctl_tx_msg call failed
12-15 20:51:10.388 E/QC-QMI  (  493): qmi_qmux_open_connection: connection is disabled for conn_id=57
12-15 20:51:10.388 E/QC-QMI  (  493): qmi_qmux_tx_msg: failed to open inactive connd_id=57
12-15 20:51:10.388 E/QC-QMI  (  493): qmi_qmux: TX failed, connection inactive or in reset, conn_id=57, status_flags=4
12-15 20:51:10.388 E/QC-QMI  (  493): qmi_ctl_tx_msg: qmi_qmux_tx_msg failed
12-15 20:51:10.388 E/QC-QMI  (  493): qmi_ctl_handle_request: qmi_ctl_tx_msg call failed
12-15 20:51:10.389 E/QC-QMI  (  493): qmi_qmux_open_connection: connection is disabled for conn_id=57
12-15 20:51:10.389 E/QC-QMI  (  493): qmi_qmux_tx_msg: failed to open inactive connd_id=57
12-15 20:51:10.389 E/QC-QMI  (  493): qmi_qmux: TX failed, connection inactive or in reset, conn_id=57, status_flags=4
12-15 20:51:10.389 E/QC-QMI  (  493): qmi_ctl_tx_msg: qmi_qmux_tx_msg failed
12-15 20:51:10.389 E/QC-QMI  (  493): qmi_ctl_handle_request: qmi_ctl_tx_msg call failed
12-15 20:51:10.390 E/QC-QMI  (  493): qmi_qmux_open_connection: connection is disabled for conn_id=29
12-15 20:51:10.390 E/QC-QMI  (  493): qmi_qmux_tx_msg: failed to open inactive connd_id=29
12-15 20:51:10.390 E/QC-QMI  (  493): qmi_qmux: TX failed, connection inactive or in reset, conn_id=29, status_flags=4
12-15 20:51:10.390 E/QC-QMI  (  493): qmi_ctl_tx_msg: qmi_qmux_tx_msg failed
12-15 20:51:10.390 E/QC-QMI  (  493): qmi_ctl_handle_request: qmi_ctl_tx_msg call failed
12-15 20:51:10.390 E/QC-QMI  (  493): qmi_qmux_open_connection: connection is disabled for conn_id=29
12-15 20:51:10.390 E/QC-QMI  (  493): qmi_qmux_tx_msg: failed to open inactive connd_id=29
12-15 20:51:10.390 E/QC-QMI  (  493): qmi_qmux: TX failed, connection inactive or in reset, conn_id=29, status_flags=4
12-15 20:51:10.390 E/QC-QMI  (  493): qmi_ctl_tx_msg: qmi_qmux_tx_msg failed
12-15 20:51:10.391 E/QC-QMI  (  493): qmi_ctl_handle_request: qmi_ctl_tx_msg call failed
12-15 20:51:10.391 E/QC-QMI  (  493): qmi_qmux_open_connection: connection is disabled for conn_id=48
12-15 20:51:10.391 E/QC-QMI  (  493): qmi_qmux_tx_msg: failed to open inactive connd_id=48
12-15 20:51:10.391 E/QC-QMI  (  493): qmi_qmux: TX failed, connection inactive or in reset, conn_id=48, status_flags=4
12-15 20:51:10.391 E/QC-QMI  (  493): qmi_ctl_tx_msg: qmi_qmux_tx_msg failed
12-15 20:51:10.391 E/QC-QMI  (  493): qmi_ctl_handle_request: qmi_ctl_tx_msg call failed
12-15 20:51:10.392 E/QC-QMI  (  493): qmi_qmux_open_connection: connection is disabled for conn_id=48
12-15 20:51:10.392 E/QC-QMI  (  493): qmi_qmux_tx_msg: failed to open inactive connd_id=48
12-15 20:51:10.392 E/QC-QMI  (  493): qmi_qmux: TX failed, connection inactive or in reset, conn_id=48, status_flags=4
12-15 20:51:10.392 E/QC-QMI  (  493): qmi_ctl_tx_msg: qmi_qmux_tx_msg failed
12-15 20:51:10.392 E/QC-QMI  (  493): qmi_ctl_handle_request: qmi_ctl_tx_msg call failed
12-15 20:51:10.392 E/QC-QMI  (  493): qmi_qmux_open_connection: connection is disabled for conn_id=57
12-15 20:51:10.393 E/QC-QMI  (  493): qmi_qmux_tx_msg: failed to open inactive connd_id=57
12-15 20:51:10.393 E/QC-QMI  (  493): qmi_qmux: TX failed, connection inactive or in reset, conn_id=57, status_flags=4
12-15 20:51:10.393 E/QC-QMI  (  493): qmi_ctl_tx_msg: qmi_qmux_tx_msg failed
12-15 20:51:10.393 E/QC-QMI  (  493): qmi_ctl_handle_request: qmi_ctl_tx_msg call failed
12-15 20:51:10.393 E/QC-QMI  (  493): qmi_qmux_open_connection: connection is disabled for conn_id=57
12-15 20:51:10.393 E/QC-QMI  (  493): qmi_qmux_tx_msg: failed to open inactive connd_id=57
12-15 20:51:10.393 E/QC-QMI  (  493): qmi_qmux: TX failed, connection inactive or in reset, conn_id=57, status_flags=4
12-15 20:51:10.393 E/QC-QMI  (  493): qmi_ctl_tx_msg: qmi_qmux_tx_msg failed
12-15 20:51:10.393 E/QC-QMI  (  493): qmi_ctl_handle_request: qmi_ctl_tx_msg call failed
12-15 20:51:10.394 E/QC-QMI  (  493): qmi_qmux_open_connection: connection is disabled for conn_id=29
12-15 20:51:10.394 E/QC-QMI  (  493): qmi_qmux_tx_msg: failed to open inactive connd_id=29
12-15 20:51:10.394 E/QC-QMI  (  493): qmi_qmux: TX failed, connection inactive or in reset, conn_id=29, status_flags=4
12-15 20:51:10.394 E/QC-QMI  (  493): qmi_ctl_tx_msg: qmi_qmux_tx_msg failed
12-15 20:51:10.394 E/QC-QMI  (  493): qmi_ctl_handle_request: qmi_ctl_tx_msg call failed
12-15 20:51:10.395 E/QC-QMI  (  493): qmi_qmux_open_connection: connection is disabled for conn_id=29
12-15 20:51:10.395 E/QC-QMI  (  493): qmi_qmux_tx_msg: failed to open inactive connd_id=29
12-15 20:51:10.395 E/QC-QMI  (  493): qmi_qmux: TX failed, connection inactive or in reset, conn_id=29, status_flags=4
12-15 20:51:10.395 E/QC-QMI  (  493): qmi_ctl_tx_msg: qmi_qmux_tx_msg failed
12-15 20:51:10.395 E/QC-QMI  (  493): qmi_ctl_handle_request: qmi_ctl_tx_msg call failed
12-15 20:51:10.395 E/QC-QMI  (  493): qmi_qmux_open_connection: connection is disabled for conn_id=48
12-15 20:51:10.395 E/QC-QMI  (  493): qmi_qmux_tx_msg: failed to open inactive connd_id=48
12-15 20:51:10.395 E/QC-QMI  (  493): qmi_qmux: TX failed, connection inactive or in reset, conn_id=48, status_flags=4
12-15 20:51:10.395 E/QC-QMI  (  493): qmi_ctl_tx_msg: qmi_qmux_tx_msg failed
12-15 20:51:10.395 E/QC-QMI  (  493): qmi_ctl_handle_request: qmi_ctl_tx_msg call failed
12-15 20:51:10.396 E/QC-QMI  (  493): qmi_qmux_open_connection: connection is disabled for conn_id=48
12-15 20:51:10.396 E/QC-QMI  (  493): qmi_qmux_tx_msg: failed to open inactive connd_id=48
12-15 20:51:10.396 E/QC-QMI  (  493): qmi_qmux: TX failed, connection inactive or in reset, conn_id=48, status_flags=4
12-15 20:51:10.396 E/QC-QMI  (  493): qmi_ctl_tx_msg: qmi_qmux_tx_msg failed
12-15 20:51:10.396 E/QC-QMI  (  493): qmi_ctl_handle_request: qmi_ctl_tx_msg call failed
12-15 20:51:10.397 E/QC-QMI  (  493): qmi_qmux_open_connection: connection is disabled for conn_id=57
12-15 20:51:10.397 E/QC-QMI  (  493): qmi_qmux_tx_msg: failed to open inactive connd_id=57
12-15 20:51:10.397 E/QC-QMI  (  493): qmi_qmux: TX failed, connection inactive or in reset, conn_id=57, status_flags=4
12-15 20:51:10.397 E/QC-QMI  (  493): qmi_ctl_tx_msg: qmi_qmux_tx_msg failed
12-15 20:51:10.397 E/QC-QMI  (  493): qmi_ctl_handle_request: qmi_ctl_tx_msg call failed
12-15 20:51:10.397 E/QC-QMI  (  493): qmi_qmux_open_connection: connection is disabled for conn_id=57
12-15 20:51:10.397 E/QC-QMI  (  493): qmi_qmux_tx_msg: failed to open inactive connd_id=57
12-15 20:51:10.397 E/QC-QMI  (  493): qmi_qmux: TX failed, connection inactive or in reset, conn_id=57, status_flags=4
12-15 20:51:10.397 E/QC-QMI  (  493): qmi_ctl_tx_msg: qmi_qmux_tx_msg failed
12-15 20:51:10.397 E/QC-QMI  (  493): qmi_ctl_handle_request: qmi_ctl_tx_msg call failed
12-15 20:51:10.398 E/QC-QMI  (  493): qmi_qmux_open_connection: connection is disabled for conn_id=29
12-15 20:51:10.398 E/QC-QMI  (  493): qmi_qmux_tx_msg: failed to open inactive connd_id=29
12-15 20:51:10.398 E/QC-QMI  (  493): qmi_qmux: TX failed, connection inactive or in reset, conn_id=29, status_flags=4
12-15 20:51:10.398 E/QC-QMI  (  493): qmi_ctl_tx_msg: qmi_qmux_tx_msg failed
12-15 20:51:10.398 E/QC-QMI  (  493): qmi_ctl_handle_request: qmi_ctl_tx_msg call failed
12-15 20:51:10.399 E/QC-QMI  (  493): qmi_qmux_open_connection: connection is disabled for conn_id=29
12-15 20:51:10.399 E/QC-QMI  (  493): qmi_qmux_tx_msg: failed to open inactive connd_id=29
12-15 20:51:10.399 E/QC-QMI  (  493): qmi_qmux: TX failed, connection inactive or in reset, conn_id=29, status_flags=4
12-15 20:51:10.399 E/QC-QMI  (  493): qmi_ctl_tx_msg: qmi_qmux_tx_msg failed
12-15 20:51:10.399 E/QC-QMI  (  493): qmi_ctl_handle_request: qmi_ctl_tx_msg call failed
12-15 20:51:10.399 E/QC-QMI  (  493): qmi_qmux_open_connection: connection is disabled for conn_id=48
12-15 20:51:10.399 E/QC-QMI  (  493): qmi_qmux_tx_msg: failed to open inactive connd_id=48
12-15 20:51:10.400 E/QC-QMI  (  493): qmi_qmux: TX failed, connection inactive or in reset, conn_id=48, status_flags=4
12-15 20:51:10.400 E/QC-QMI  (  493): qmi_ctl_tx_msg: qmi_qmux_tx_msg failed
12-15 20:51:10.400 E/QC-QMI  (  493): qmi_ctl_handle_request: qmi_ctl_tx_msg call failed
12-15 20:51:10.400 E/QC-QMI  (  493): qmi_qmux_open_connection: connection is disabled for conn_id=48
12-15 20:51:10.400 E/QC-QMI  (  493): qmi_qmux_tx_msg: failed to open inactive connd_id=48
12-15 20:51:10.400 E/QC-QMI  (  493): qmi_qmux: TX failed, connection inactive or in reset, conn_id=48, status_flags=4
12-15 20:51:10.400 E/QC-QMI  (  493): qmi_ctl_tx_msg: qmi_qmux_tx_msg failed
12-15 20:51:10.400 E/QC-QMI  (  493): qmi_ctl_handle_request: qmi_ctl_tx_msg call failed
12-15 20:51:10.401 E/QC-QMI  (  493): qmi_qmux_open_connection: connection is disabled for conn_id=57
12-15 20:51:10.401 E/QC-QMI  (  493): qmi_qmux_tx_msg: failed to open inactive connd_id=57
12-15 20:51:10.401 E/QC-QMI  (  493): qmi_qmux: TX failed, connection inactive or in reset, conn_id=57, status_flags=4
12-15 20:51:10.401 E/QC-QMI  (  493): qmi_ctl_tx_msg: qmi_qmux_tx_msg failed
12-15 20:51:10.401 E/QC-QMI  (  493): qmi_ctl_handle_request: qmi_ctl_tx_msg call failed
12-15 20:51:10.401 E/QC-QMI  (  493): qmi_qmux_open_connection: connection is disabled for conn_id=57
12-15 20:51:10.401 E/QC-QMI  (  493): qmi_qmux_tx_msg: failed to open inactive connd_id=57
12-15 20:51:10.401 E/QC-QMI  (  493): qmi_qmux: TX failed, connection inactive or in reset, conn_id=57, status_flags=4
12-15 20:51:10.401 E/QC-QMI  (  493): qmi_ctl_tx_msg: qmi_qmux_tx_msg failed
12-15 20:51:10.401 E/QC-QMI  (  493): qmi_ctl_handle_request: qmi_ctl_tx_msg call failed
12-15 20:51:10.539 W/PackageManager(  883): Permission com.android.vending.CHECK_LICENSE from package com.android.vending in an unknown group android.permission-group.NETWORK
12-15 20:51:10.539 W/PackageManager(  883): Permission com.android.vending.BILLING from package com.android.vending in an unknown group android.permission-group.NETWORK
12-15 20:51:10.628 W/PackageParser(  883): Ignoring duplicate uses-permissions/uses-permissions-sdk-m: android.permission.SYSTEM_ALERT_WINDOW in package: com.google.android.gms at: Binary XML file line #77
12-15 20:51:10.629 W/PackageParser(  883): Ignoring duplicate uses-permissions/uses-permissions-sdk-m: android.permission.SUBSCRIBED_FEEDS_READ in package: com.google.android.gms at: Binary XML file line #90
12-15 20:51:10.629 W/PackageParser(  883): Ignoring duplicate uses-permissions/uses-permissions-sdk-m: android.permission.SUBSCRIBED_FEEDS_WRITE in package: com.google.android.gms at: Binary XML file line #91
12-15 20:51:10.629 W/PackageParser(  883): Ignoring duplicate uses-permissions/uses-permissions-sdk-m: android.permission.WRITE_SETTINGS in package: com.google.android.gms at: Binary XML file line #134
12-15 20:51:10.629 W/PackageParser(  883): Ignoring duplicate uses-permissions/uses-permissions-sdk-m: android.permission.SYSTEM_ALERT_WINDOW in package: com.google.android.gms at: Binary XML file line #160
12-15 20:51:10.629 W/PackageParser(  883): Ignoring duplicate uses-permissions/uses-permissions-sdk-m: android.permission.READ_SYNC_SETTINGS in package: com.google.android.gms at: Binary XML file line #164
12-15 20:51:10.629 W/PackageParser(  883): Ignoring duplicate uses-permissions/uses-permissions-sdk-m: android.permission.WRITE_SYNC_SETTINGS in package: com.google.android.gms at: Binary XML file line #165
12-15 20:51:10.629 W/PackageParser(  883): Ignoring duplicate uses-permissions/uses-permissions-sdk-m: android.permission.VIBRATE in package: com.google.android.gms at: Binary XML file line #167
12-15 20:51:10.630 W/PackageParser(  883): Ignoring duplicate uses-permissions/uses-permissions-sdk-m: android.permission.VIBRATE in package: com.google.android.gms at: Binary XML file line #209
12-15 20:51:10.630 W/PackageParser(  883): Ignoring duplicate uses-permissions/uses-permissions-sdk-m: android.permission.ACCESS_FINE_LOCATION in package: com.google.android.gms at: Binary XML file line #224
12-15 20:51:10.630 W/PackageParser(  883): Ignoring duplicate uses-permissions/uses-permissions-sdk-m: android.permission.OBSERVE_GRANT_REVOKE_PERMISSIONS in package: com.google.android.gms at: Binary XML file line #230
12-15 20:51:10.630 W/PackageParser(  883): Ignoring duplicate uses-permissions/uses-permissions-sdk-m: android.permission.READ_CONTACTS in package: com.google.android.gms at: Binary XML file line #268
12-15 20:51:10.630 W/PackageParser(  883): Ignoring duplicate uses-permissions/uses-permissions-sdk-m: android.permission.WRITE_SETTINGS in package: com.google.android.gms at: Binary XML file line #300
12-15 20:51:10.631 W/PackageParser(  883): Ignoring duplicate uses-permissions/uses-permissions-sdk-m: android.permission.CAPTURE_AUDIO_OUTPUT in package: com.google.android.gms at: Binary XML file line #315
12-15 20:51:10.631 W/PackageParser(  883): Ignoring duplicate uses-permissions/uses-permissions-sdk-m: android.permission.CAPTURE_VIDEO_OUTPUT in package: com.google.android.gms at: Binary XML file line #316
12-15 20:51:10.787 W/PackageManager(  883): Permission com.google.android.gms.permission.ACTIVITY_RECOGNITION from package com.google.android.gms in an unknown group android.permission-group.PERSONAL_INFO
12-15 20:51:10.852 W/PackageParser(  883): Ignoring duplicate uses-permissions/uses-permissions-sdk-m: android.permission.USE_CREDENTIALS in package: com.android.settings at: Binary XML file line #55
12-15 20:51:10.852 W/PackageParser(  883): Ignoring duplicate uses-permissions/uses-permissions-sdk-m: android.permission.READ_SYNC_SETTINGS in package: com.android.settings at: Binary XML file line #60
12-15 20:51:10.852 W/PackageParser(  883): Ignoring duplicate uses-permissions/uses-permissions-sdk-m: android.permission.WRITE_SYNC_SETTINGS in package: com.android.settings at: Binary XML file line #61
12-15 20:51:10.875 E/QC-QMI  (  486): qmi_client [486] 2: failed to locate client data
12-15 20:51:10.876 E/QC-QMI  (  493): qmuxd: RX on fd=16 returned error=0 errno[2:No such file or directory]
12-15 20:51:10.876 E/QC-QMI  (  493): QMUX qmux_client_id=2 not found in qmux client list, unable to remove
12-15 20:51:10.878 E/QC-QMI  (  493): qmi_qmux_open_connection: connection is disabled for conn_id=29
12-15 20:51:10.878 E/QC-QMI  (  493): qmi_qmux_tx_msg: failed to open inactive connd_id=29
12-15 20:51:10.878 E/QC-QMI  (  493): qmi_qmux: TX failed, connection inactive or in reset, conn_id=29, status_flags=4
12-15 20:51:10.878 E/QC-QMI  (  493): qmi_ctl_tx_msg: qmi_qmux_tx_msg failed
12-15 20:51:10.878 E/QC-QMI  (  493): qmi_ctl_handle_request: qmi_ctl_tx_msg call failed
12-15 20:51:10.879 E/QC-QMI  (  493): qmi_qmux_open_connection: connection is disabled for conn_id=29
12-15 20:51:10.879 E/QC-QMI  (  493): qmi_qmux_tx_msg: failed to open inactive connd_id=29
12-15 20:51:10.879 E/QC-QMI  (  493): qmi_qmux: TX failed, connection inactive or in reset, conn_id=29, status_flags=4
12-15 20:51:10.879 E/QC-QMI  (  493): qmi_ctl_tx_msg: qmi_qmux_tx_msg failed
12-15 20:51:10.879 E/QC-QMI  (  493): qmi_ctl_handle_request: qmi_ctl_tx_msg call failed
12-15 20:51:10.880 E/QC-QMI  (  493): qmi_qmux_open_connection: connection is disabled for conn_id=29
12-15 20:51:10.880 E/QC-QMI  (  493): qmi_qmux_tx_msg: failed to open inactive connd_id=29
12-15 20:51:10.880 E/QC-QMI  (  493): qmi_qmux: TX failed, connection inactive or in reset, conn_id=29, status_flags=4
12-15 20:51:10.880 E/QC-QMI  (  493): qmi_ctl_tx_msg: qmi_qmux_tx_msg failed
12-15 20:51:10.880 E/QC-QMI  (  493): qmi_ctl_handle_request: qmi_ctl_tx_msg call failed
12-15 20:51:10.881 E/QC-QMI  (  486): qmi_client [486] 3: failed to locate client data
12-15 20:51:10.882 E/QC-QMI  (  493): qmuxd: RX on fd=16 returned error=0 errno[2:No such file or directory]
12-15 20:51:10.882 E/QC-QMI  (  493): QMUX qmux_client_id=3 not found in qmux client list, unable to remove
12-15 20:51:10.885 E/QC-QMI  (  493): qmi_qmux_open_connection: connection is disabled for conn_id=48
12-15 20:51:10.885 E/QC-QMI  (  493): qmi_qmux_tx_msg: failed to open inactive connd_id=48
12-15 20:51:10.885 E/QC-QMI  (  493): qmi_qmux: TX failed, connection inactive or in reset, conn_id=48, status_flags=4
12-15 20:51:10.885 E/QC-QMI  (  493): qmi_ctl_tx_msg: qmi_qmux_tx_msg failed
12-15 20:51:10.885 E/QC-QMI  (  493): qmi_ctl_handle_request: qmi_ctl_tx_msg call failed
12-15 20:51:10.886 E/QC-QMI  (  493): qmi_qmux_open_connection: connection is disabled for conn_id=48
12-15 20:51:10.886 E/QC-QMI  (  493): qmi_qmux_tx_msg: failed to open inactive connd_id=48
12-15 20:51:10.886 E/QC-QMI  (  493): qmi_qmux: TX failed, connection inactive or in reset, conn_id=48, status_flags=4
12-15 20:51:10.886 E/QC-QMI  (  493): qmi_ctl_tx_msg: qmi_qmux_tx_msg failed
12-15 20:51:10.886 E/QC-QMI  (  493): qmi_ctl_handle_request: qmi_ctl_tx_msg call failed
12-15 20:51:10.887 E/QC-QMI  (  486): qmi_client [486] 4: failed to locate client data
12-15 20:51:10.888 E/QC-QMI  (  493): qmuxd: RX on fd=16 returned error=0 errno[2:No such file or directory]
12-15 20:51:10.888 E/QC-QMI  (  493): QMUX qmux_client_id=4 not found in qmux client list, unable to remove
12-15 20:51:10.889 E/QC-QMI  (  493): qmi_qmux_open_connection: connection is disabled for conn_id=57
12-15 20:51:10.889 E/QC-QMI  (  493): qmi_qmux_tx_msg: failed to open inactive connd_id=57
12-15 20:51:10.890 E/QC-QMI  (  493): qmi_qmux: TX failed, connection inactive or in reset, conn_id=57, status_flags=4
12-15 20:51:10.890 E/QC-QMI  (  493): qmi_ctl_tx_msg: qmi_qmux_tx_msg failed
12-15 20:51:10.890 E/QC-QMI  (  493): qmi_ctl_handle_request: qmi_ctl_tx_msg call failed
12-15 20:51:10.890 E/QC-QMI  (  493): qmi_qmux_open_connection: connection is disabled for conn_id=57
12-15 20:51:10.890 E/QC-QMI  (  493): qmi_qmux_tx_msg: failed to open inactive connd_id=57
12-15 20:51:10.890 E/QC-QMI  (  493): qmi_qmux: TX failed, connection inactive or in reset, conn_id=57, status_flags=4
12-15 20:51:10.890 E/QC-QMI  (  493): qmi_ctl_tx_msg: qmi_qmux_tx_msg failed
12-15 20:51:10.891 E/QC-QMI  (  493): qmi_ctl_handle_request: qmi_ctl_tx_msg call failed
12-15 20:51:10.898 E/QC-QMI  (  486): qmi_client [486] 5: failed to locate client data
12-15 20:51:10.899 E/QC-QMI  (  493): qmuxd: RX on fd=16 returned error=0 errno[2:No such file or directory]
12-15 20:51:10.899 E/QC-QMI  (  493): QMUX qmux_client_id=5 not found in qmux client list, unable to remove
12-15 20:51:10.905 E/QC-QMI  (  486): qmi_client [486] 6: failed to locate client data
12-15 20:51:10.905 E/QC-QMI  (  493): qmuxd: RX on fd=16 returned error=0 errno[2:No such file or directory]
12-15 20:51:10.905 E/QC-QMI  (  493): QMUX qmux_client_id=6 not found in qmux client list, unable to remove
12-15 20:51:10.907 E/QC-QMI  (  493): qmi_qmux_open_connection: connection is disabled for conn_id=29
12-15 20:51:10.907 E/QC-QMI  (  493): qmi_qmux_tx_msg: failed to open inactive connd_id=29
12-15 20:51:10.907 E/QC-QMI  (  493): qmi_qmux: TX failed, connection inactive or in reset, conn_id=29, status_flags=4
12-15 20:51:10.907 E/QC-QMI  (  493): qmi_ctl_tx_msg: qmi_qmux_tx_msg failed
12-15 20:51:10.907 E/QC-QMI  (  493): qmi_ctl_handle_request: qmi_ctl_tx_msg call failed
12-15 20:51:10.907 E/QC-QMI  (  493): qmi_qmux_open_connection: connection is disabled for conn_id=29
12-15 20:51:10.907 E/QC-QMI  (  493): qmi_qmux_tx_msg: failed to open inactive connd_id=29
12-15 20:51:10.908 E/QC-QMI  (  493): qmi_qmux: TX failed, connection inactive or in reset, conn_id=29, status_flags=4
12-15 20:51:10.908 E/QC-QMI  (  493): qmi_ctl_tx_msg: qmi_qmux_tx_msg failed
12-15 20:51:10.908 E/QC-QMI  (  493): qmi_ctl_handle_request: qmi_ctl_tx_msg call failed
12-15 20:51:10.909 E/QC-QMI  (  486): qmi_client [486] 7: failed to locate client data
12-15 20:51:10.910 E/QC-QMI  (  493): qmuxd: RX on fd=16 returned error=0 errno[2:No such file or directory]
12-15 20:51:10.910 E/QC-QMI  (  493): QMUX qmux_client_id=7 not found in qmux client list, unable to remove
12-15 20:51:10.911 E/QC-QMI  (  493): qmi_qmux_open_connection: connection is disabled for conn_id=48
12-15 20:51:10.911 E/QC-QMI  (  493): qmi_qmux_tx_msg: failed to open inactive connd_id=48
12-15 20:51:10.912 E/QC-QMI  (  493): qmi_qmux: TX failed, connection inactive or in reset, conn_id=48, status_flags=4
12-15 20:51:10.912 E/QC-QMI  (  493): qmi_ctl_tx_msg: qmi_qmux_tx_msg failed
12-15 20:51:10.912 E/QC-QMI  (  493): qmi_ctl_handle_request: qmi_ctl_tx_msg call failed
12-15 20:51:10.912 E/QC-QMI  (  493): qmi_qmux_open_connection: connection is disabled for conn_id=48
12-15 20:51:10.912 E/QC-QMI  (  493): qmi_qmux_tx_msg: failed to open inactive connd_id=48
12-15 20:51:10.912 E/QC-QMI  (  493): qmi_qmux: TX failed, connection inactive or in reset, conn_id=48, status_flags=4
12-15 20:51:10.912 E/QC-QMI  (  493): qmi_ctl_tx_msg: qmi_qmux_tx_msg failed
12-15 20:51:10.913 E/QC-QMI  (  493): qmi_ctl_handle_request: qmi_ctl_tx_msg call failed
12-15 20:51:10.914 E/QC-QMI  (  486): qmi_client [486] 8: failed to locate client data
12-15 20:51:10.915 E/QC-QMI  (  493): qmuxd: RX on fd=16 returned error=0 errno[2:No such file or directory]
12-15 20:51:10.915 E/QC-QMI  (  493): QMUX qmux_client_id=8 not found in qmux client list, unable to remove
12-15 20:51:10.916 E/QC-QMI  (  493): qmi_qmux_open_connection: connection is disabled for conn_id=57
12-15 20:51:10.916 E/QC-QMI  (  493): qmi_qmux_tx_msg: failed to open inactive connd_id=57
12-15 20:51:10.916 E/QC-QMI  (  493): qmi_qmux: TX failed, connection inactive or in reset, conn_id=57, status_flags=4
12-15 20:51:10.916 E/QC-QMI  (  493): qmi_ctl_tx_msg: qmi_qmux_tx_msg failed
12-15 20:51:10.917 E/QC-QMI  (  493): qmi_ctl_handle_request: qmi_ctl_tx_msg call failed
12-15 20:51:10.917 E/QC-QMI  (  493): qmi_qmux_open_connection: connection is disabled for conn_id=57
12-15 20:51:10.917 E/QC-QMI  (  493): qmi_qmux_tx_msg: failed to open inactive connd_id=57
12-15 20:51:10.918 E/QC-QMI  (  493): qmi_qmux: TX failed, connection inactive or in reset, conn_id=57, status_flags=4
12-15 20:51:10.918 E/QC-QMI  (  493): qmi_ctl_tx_msg: qmi_qmux_tx_msg failed
12-15 20:51:10.918 E/QC-QMI  (  493): qmi_ctl_handle_request: qmi_ctl_tx_msg call failed
12-15 20:51:10.919 E/QC-QMI  (  486): qmi_client [486] 9: failed to locate client data
12-15 20:51:10.919 E/QC-QMI  (  493): qmuxd: RX on fd=16 returned error=0 errno[2:No such file or directory]
12-15 20:51:10.920 E/QC-QMI  (  493): QMUX qmux_client_id=9 not found in qmux client list, unable to remove
12-15 20:51:10.925 E/QC-QMI  (  493): qmi_qmux_open_connection: connection is disabled for conn_id=29
12-15 20:51:10.925 E/QC-QMI  (  493): qmi_qmux_tx_msg: failed to open inactive connd_id=29
12-15 20:51:10.925 E/QC-QMI  (  493): qmi_qmux: TX failed, connection inactive or in reset, conn_id=29, status_flags=4
12-15 20:51:10.925 E/QC-QMI  (  493): qmi_ctl_tx_msg: qmi_qmux_tx_msg failed
12-15 20:51:10.925 E/QC-QMI  (  493): qmi_ctl_handle_request: qmi_ctl_tx_msg call failed
12-15 20:51:10.926 E/QC-QMI  (  493): qmi_qmux_open_connection: connection is disabled for conn_id=29
12-15 20:51:10.926 E/QC-QMI  (  493): qmi_qmux_tx_msg: failed to open inactive connd_id=29
12-15 20:51:10.926 E/QC-QMI  (  493): qmi_qmux: TX failed, connection inactive or in reset, conn_id=29, status_flags=4
12-15 20:51:10.926 E/QC-QMI  (  493): qmi_ctl_tx_msg: qmi_qmux_tx_msg failed
12-15 20:51:10.926 E/QC-QMI  (  493): qmi_ctl_handle_request: qmi_ctl_tx_msg call failed
12-15 20:51:10.927 E/QC-QMI  (  493): qmi_qmux_open_connection: connection is disabled for conn_id=48
12-15 20:51:10.927 E/QC-QMI  (  493): qmi_qmux_tx_msg: failed to open inactive connd_id=48
12-15 20:51:10.927 E/QC-QMI  (  493): qmi_qmux: TX failed, connection inactive or in reset, conn_id=48, status_flags=4
12-15 20:51:10.927 E/QC-QMI  (  493): qmi_ctl_tx_msg: qmi_qmux_tx_msg failed
12-15 20:51:10.927 E/QC-QMI  (  493): qmi_ctl_handle_request: qmi_ctl_tx_msg call failed
12-15 20:51:10.928 E/QC-QMI  (  493): qmi_qmux_open_connection: connection is disabled for conn_id=48
12-15 20:51:10.928 E/QC-QMI  (  493): qmi_qmux_tx_msg: failed to open inactive connd_id=48
12-15 20:51:10.928 E/QC-QMI  (  493): qmi_qmux: TX failed, connection inactive or in reset, conn_id=48, status_flags=4
12-15 20:51:10.928 E/QC-QMI  (  493): qmi_ctl_tx_msg: qmi_qmux_tx_msg failed
12-15 20:51:10.928 E/QC-QMI  (  493): qmi_ctl_handle_request: qmi_ctl_tx_msg call failed
12-15 20:51:10.928 E/QC-QMI  (  493): qmi_qmux_open_connection: connection is disabled for conn_id=57
12-15 20:51:10.928 E/QC-QMI  (  493): qmi_qmux_tx_msg: failed to open inactive connd_id=57
12-15 20:51:10.928 E/QC-QMI  (  493): qmi_qmux: TX failed, connection inactive or in reset, conn_id=57, status_flags=4
12-15 20:51:10.929 E/QC-QMI  (  493): qmi_ctl_tx_msg: qmi_qmux_tx_msg failed
12-15 20:51:10.929 E/QC-QMI  (  493): qmi_ctl_handle_request: qmi_ctl_tx_msg call failed
12-15 20:51:10.929 E/QC-QMI  (  493): qmi_qmux_open_connection: connection is disabled for conn_id=57
12-15 20:51:10.929 E/QC-QMI  (  493): qmi_qmux_tx_msg: failed to open inactive connd_id=57
12-15 20:51:10.929 E/QC-QMI  (  493): qmi_qmux: TX failed, connection inactive or in reset, conn_id=57, status_flags=4
12-15 20:51:10.929 E/QC-QMI  (  493): qmi_ctl_tx_msg: qmi_qmux_tx_msg failed
12-15 20:51:10.929 E/QC-QMI  (  493): qmi_ctl_handle_request: qmi_ctl_tx_msg call failed
12-15 20:51:10.930 E/QC-QMI  (  493): qmi_qmux_open_connection: connection is disabled for conn_id=29
12-15 20:51:10.930 E/QC-QMI  (  493): qmi_qmux_tx_msg: failed to open inactive connd_id=29
12-15 20:51:10.930 E/QC-QMI  (  493): qmi_qmux: TX failed, connection inactive or in reset, conn_id=29, status_flags=4
12-15 20:51:10.930 E/QC-QMI  (  493): qmi_ctl_tx_msg: qmi_qmux_tx_msg failed
12-15 20:51:10.930 E/QC-QMI  (  493): qmi_ctl_handle_request: qmi_ctl_tx_msg call failed
12-15 20:51:10.930 E/QC-QMI  (  493): qmi_qmux_open_connection: connection is disabled for conn_id=29
12-15 20:51:10.930 E/QC-QMI  (  493): qmi_qmux_tx_msg: failed to open inactive connd_id=29
12-15 20:51:10.930 E/QC-QMI  (  493): qmi_qmux: TX failed, connection inactive or in reset, conn_id=29, status_flags=4
12-15 20:51:10.930 E/QC-QMI  (  493): qmi_ctl_tx_msg: qmi_qmux_tx_msg failed
12-15 20:51:10.931 E/QC-QMI  (  493): qmi_ctl_handle_request: qmi_ctl_tx_msg call failed
12-15 20:51:10.931 E/QC-QMI  (  493): qmi_qmux_open_connection: connection is disabled for conn_id=48
12-15 20:51:10.931 E/QC-QMI  (  493): qmi_qmux_tx_msg: failed to open inactive connd_id=48
12-15 20:51:10.931 E/QC-QMI  (  493): qmi_qmux: TX failed, connection inactive or in reset, conn_id=48, status_flags=4
12-15 20:51:10.931 E/QC-QMI  (  493): qmi_ctl_tx_msg: qmi_qmux_tx_msg failed
12-15 20:51:10.931 E/QC-QMI  (  493): qmi_ctl_handle_request: qmi_ctl_tx_msg call failed
12-15 20:51:10.932 E/QC-QMI  (  493): qmi_qmux_open_connection: connection is disabled for conn_id=48
12-15 20:51:10.932 E/QC-QMI  (  493): qmi_qmux_tx_msg: failed to open inactive connd_id=48
12-15 20:51:10.932 E/QC-QMI  (  493): qmi_qmux: TX failed, connection inactive or in reset, conn_id=48, status_flags=4
12-15 20:51:10.932 E/QC-QMI  (  493): qmi_ctl_tx_msg: qmi_qmux_tx_msg failed
12-15 20:51:10.932 E/QC-QMI  (  493): qmi_ctl_handle_request: qmi_ctl_tx_msg call failed
12-15 20:51:10.932 E/QC-QMI  (  493): qmi_qmux_open_connection: connection is disabled for conn_id=57
12-15 20:51:10.933 E/QC-QMI  (  493): qmi_qmux_tx_msg: failed to open inactive connd_id=57
12-15 20:51:10.933 E/QC-QMI  (  493): qmi_qmux: TX failed, connection inactive or in reset, conn_id=57, status_flags=4
12-15 20:51:10.933 E/QC-QMI  (  493): qmi_ctl_tx_msg: qmi_qmux_tx_msg failed
12-15 20:51:10.933 E/QC-QMI  (  493): qmi_ctl_handle_request: qmi_ctl_tx_msg call failed
12-15 20:51:10.933 E/QC-QMI  (  493): qmi_qmux_open_connection: connection is disabled for conn_id=57
12-15 20:51:10.933 E/QC-QMI  (  493): qmi_qmux_tx_msg: failed to open inactive connd_id=57
12-15 20:51:10.933 E/QC-QMI  (  493): qmi_qmux: TX failed, connection inactive or in reset, conn_id=57, status_flags=4
12-15 20:51:10.933 E/QC-QMI  (  493): qmi_ctl_tx_msg: qmi_qmux_tx_msg failed
12-15 20:51:10.933 E/QC-QMI  (  493): qmi_ctl_handle_request: qmi_ctl_tx_msg call failed
12-15 20:51:10.935 E/QC-QMI  (  493): qmi_qmux_open_connection: connection is disabled for conn_id=29
12-15 20:51:10.935 E/QC-QMI  (  493): qmi_qmux_tx_msg: failed to open inactive connd_id=29
12-15 20:51:10.935 E/QC-QMI  (  493): qmi_qmux: TX failed, connection inactive or in reset, conn_id=29, status_flags=4
12-15 20:51:10.935 E/QC-QMI  (  493): qmi_ctl_tx_msg: qmi_qmux_tx_msg failed
12-15 20:51:10.935 E/QC-QMI  (  493): qmi_ctl_handle_request: qmi_ctl_tx_msg call failed
12-15 20:51:10.936 E/QC-QMI  (  493): qmi_qmux_open_connection: connection is disabled for conn_id=29
12-15 20:51:10.936 E/QC-QMI  (  493): qmi_qmux_tx_msg: failed to open inactive connd_id=29
12-15 20:51:10.936 E/QC-QMI  (  493): qmi_qmux: TX failed, connection inactive or in reset, conn_id=29, status_flags=4
12-15 20:51:10.936 E/QC-QMI  (  493): qmi_ctl_tx_msg: qmi_qmux_tx_msg failed
12-15 20:51:10.936 E/QC-QMI  (  493): qmi_ctl_handle_request: qmi_ctl_tx_msg call failed
12-15 20:51:10.936 E/QC-QMI  (  493): qmi_qmux_open_connection: connection is disabled for conn_id=48
12-15 20:51:10.937 E/QC-QMI  (  493): qmi_qmux_tx_msg: failed to open inactive connd_id=48
12-15 20:51:10.937 E/QC-QMI  (  493): qmi_qmux: TX failed, connection inactive or in reset, conn_id=48, status_flags=4
12-15 20:51:10.937 E/QC-QMI  (  493): qmi_ctl_tx_msg: qmi_qmux_tx_msg failed
12-15 20:51:10.937 E/QC-QMI  (  493): qmi_ctl_handle_request: qmi_ctl_tx_msg call failed
12-15 20:51:10.937 E/QC-QMI  (  493): qmi_qmux_open_connection: connection is disabled for conn_id=48
12-15 20:51:10.938 E/QC-QMI  (  493): qmi_qmux_tx_msg: failed to open inactive connd_id=48
12-15 20:51:10.938 E/QC-QMI  (  493): qmi_qmux: TX failed, connection inactive or in reset, conn_id=48, status_flags=4
12-15 20:51:10.938 E/QC-QMI  (  493): qmi_ctl_tx_msg: qmi_qmux_tx_msg failed
12-15 20:51:10.938 E/QC-QMI  (  493): qmi_ctl_handle_request: qmi_ctl_tx_msg call failed
12-15 20:51:10.938 E/QC-QMI  (  493): qmi_qmux_open_connection: connection is disabled for conn_id=57
12-15 20:51:10.938 E/QC-QMI  (  493): qmi_qmux_tx_msg: failed to open inactive connd_id=57
12-15 20:51:10.939 E/QC-QMI  (  493): qmi_qmux: TX failed, connection inactive or in reset, conn_id=57, status_flags=4
12-15 20:51:10.939 E/QC-QMI  (  493): qmi_ctl_tx_msg: qmi_qmux_tx_msg failed
12-15 20:51:10.939 E/QC-QMI  (  493): qmi_ctl_handle_request: qmi_ctl_tx_msg call failed
12-15 20:51:10.940 E/QC-QMI  (  493): qmi_qmux_open_connection: connection is disabled for conn_id=57
12-15 20:51:10.940 E/QC-QMI  (  493): qmi_qmux_tx_msg: failed to open inactive connd_id=57
12-15 20:51:10.940 E/QC-QMI  (  493): qmi_qmux: TX failed, connection inactive or in reset, conn_id=57, status_flags=4
12-15 20:51:10.940 E/QC-QMI  (  493): qmi_ctl_tx_msg: qmi_qmux_tx_msg failed
12-15 20:51:10.940 E/QC-QMI  (  493): qmi_ctl_handle_request: qmi_ctl_tx_msg call failed
12-15 20:51:10.942 E/QC-QMI  (  493): qmi_qmux_open_connection: connection is disabled for conn_id=29
12-15 20:51:10.942 E/QC-QMI  (  493): qmi_qmux_tx_msg: failed to open inactive connd_id=29
12-15 20:51:10.942 E/QC-QMI  (  493): qmi_qmux: TX failed, connection inactive or in reset, conn_id=29, status_flags=4
12-15 20:51:10.942 E/QC-QMI  (  493): qmi_ctl_tx_msg: qmi_qmux_tx_msg failed
12-15 20:51:10.942 E/QC-QMI  (  493): qmi_ctl_handle_request: qmi_ctl_tx_msg call failed
12-15 20:51:10.943 E/QC-QMI  (  493): qmi_qmux_open_connection: connection is disabled for conn_id=29
12-15 20:51:10.943 E/QC-QMI  (  493): qmi_qmux_tx_msg: failed to open inactive connd_id=29
12-15 20:51:10.943 E/QC-QMI  (  493): qmi_qmux: TX failed, connection inactive or in reset, conn_id=29, status_flags=4
12-15 20:51:10.943 E/QC-QMI  (  493): qmi_ctl_tx_msg: qmi_qmux_tx_msg failed
12-15 20:51:10.943 E/QC-QMI  (  493): qmi_ctl_handle_request: qmi_ctl_tx_msg call failed
12-15 20:51:10.943 E/QC-QMI  (  493): qmi_qmux_open_connection: connection is disabled for conn_id=48
12-15 20:51:10.943 E/QC-QMI  (  493): qmi_qmux_tx_msg: failed to open inactive connd_id=48
12-15 20:51:10.943 E/QC-QMI  (  493): qmi_qmux: TX failed, connection inactive or in reset, conn_id=48, status_flags=4
12-15 20:51:10.943 E/QC-QMI  (  493): qmi_ctl_tx_msg: qmi_qmux_tx_msg failed
12-15 20:51:10.944 E/QC-QMI  (  493): qmi_ctl_handle_request: qmi_ctl_tx_msg call failed
12-15 20:51:10.944 E/QC-QMI  (  493): qmi_qmux_open_connection: connection is disabled for conn_id=48
12-15 20:51:10.944 E/QC-QMI  (  493): qmi_qmux_tx_msg: failed to open inactive connd_id=48
12-15 20:51:10.944 E/QC-QMI  (  493): qmi_qmux: TX failed, connection inactive or in reset, conn_id=48, status_flags=4
12-15 20:51:10.944 E/QC-QMI  (  493): qmi_ctl_tx_msg: qmi_qmux_tx_msg failed
12-15 20:51:10.944 E/QC-QMI  (  493): qmi_ctl_handle_request: qmi_ctl_tx_msg call failed
12-15 20:51:10.945 E/QC-QMI  (  493): qmi_qmux_open_connection: connection is disabled for conn_id=57
12-15 20:51:10.945 E/QC-QMI  (  493): qmi_qmux_tx_msg: failed to open inactive connd_id=57
12-15 20:51:10.945 E/QC-QMI  (  493): qmi_qmux: TX failed, connection inactive or in reset, conn_id=57, status_flags=4
12-15 20:51:10.945 E/QC-QMI  (  493): qmi_ctl_tx_msg: qmi_qmux_tx_msg failed
12-15 20:51:10.945 E/QC-QMI  (  493): qmi_ctl_handle_request: qmi_ctl_tx_msg call failed
12-15 20:51:10.946 E/QC-QMI  (  493): qmi_qmux_open_connection: connection is disabled for conn_id=57
12-15 20:51:10.946 E/QC-QMI  (  493): qmi_qmux_tx_msg: failed to open inactive connd_id=57
12-15 20:51:10.946 E/QC-QMI  (  493): qmi_qmux: TX failed, connection inactive or in reset, conn_id=57, status_flags=4
12-15 20:51:10.946 E/QC-QMI  (  493): qmi_ctl_tx_msg: qmi_qmux_tx_msg failed
12-15 20:51:10.946 E/QC-QMI  (  493): qmi_ctl_handle_request: qmi_ctl_tx_msg call failed
12-15 20:51:10.948 E/QC-QMI  (  493): qmi_qmux_open_connection: connection is disabled for conn_id=29
12-15 20:51:10.948 E/QC-QMI  (  493): qmi_qmux_tx_msg: failed to open inactive connd_id=29
12-15 20:51:10.949 E/QC-QMI  (  493): qmi_qmux: TX failed, connection inactive or in reset, conn_id=29, status_flags=4
12-15 20:51:10.949 E/QC-QMI  (  493): qmi_ctl_tx_msg: qmi_qmux_tx_msg failed
12-15 20:51:10.949 E/QC-QMI  (  493): qmi_ctl_handle_request: qmi_ctl_tx_msg call failed
12-15 20:51:10.949 E/QC-QMI  (  493): qmi_qmux_open_connection: connection is disabled for conn_id=29
12-15 20:51:10.949 E/QC-QMI  (  493): qmi_qmux_tx_msg: failed to open inactive connd_id=29
12-15 20:51:10.949 E/QC-QMI  (  493): qmi_qmux: TX failed, connection inactive or in reset, conn_id=29, status_flags=4
12-15 20:51:10.949 E/QC-QMI  (  493): qmi_ctl_tx_msg: qmi_qmux_tx_msg failed
12-15 20:51:10.949 E/QC-QMI  (  493): qmi_ctl_handle_request: qmi_ctl_tx_msg call failed
12-15 20:51:10.950 E/QC-QMI  (  493): qmi_qmux_open_connection: connection is disabled for conn_id=48
12-15 20:51:10.950 E/QC-QMI  (  493): qmi_qmux_tx_msg: failed to open inactive connd_id=48
12-15 20:51:10.950 E/QC-QMI  (  493): qmi_qmux: TX failed, connection inactive or in reset, conn_id=48, status_flags=4
12-15 20:51:10.950 E/QC-QMI  (  493): qmi_ctl_tx_msg: qmi_qmux_tx_msg failed
12-15 20:51:10.950 E/QC-QMI  (  493): qmi_ctl_handle_request: qmi_ctl_tx_msg call failed
12-15 20:51:10.951 E/QC-QMI  (  493): qmi_qmux_open_connection: connection is disabled for conn_id=48
12-15 20:51:10.951 E/QC-QMI  (  493): qmi_qmux_tx_msg: failed to open inactive connd_id=48
12-15 20:51:10.951 E/QC-QMI  (  493): qmi_qmux: TX failed, connection inactive or in reset, conn_id=48, status_flags=4
12-15 20:51:10.951 E/QC-QMI  (  493): qmi_ctl_tx_msg: qmi_qmux_tx_msg failed
12-15 20:51:10.951 E/QC-QMI  (  493): qmi_ctl_handle_request: qmi_ctl_tx_msg call failed
12-15 20:51:10.952 E/QC-QMI  (  493): qmi_qmux_open_connection: connection is disabled for conn_id=57
12-15 20:51:10.952 E/QC-QMI  (  493): qmi_qmux_tx_msg: failed to open inactive connd_id=57
12-15 20:51:10.952 E/QC-QMI  (  493): qmi_qmux: TX failed, connection inactive or in reset, conn_id=57, status_flags=4
12-15 20:51:10.952 E/QC-QMI  (  493): qmi_ctl_tx_msg: qmi_qmux_tx_msg failed
12-15 20:51:10.952 E/QC-QMI  (  493): qmi_ctl_handle_request: qmi_ctl_tx_msg call failed
12-15 20:51:10.953 E/QC-QMI  (  493): qmi_qmux_open_connection: connection is disabled for conn_id=57
12-15 20:51:10.953 E/QC-QMI  (  493): qmi_qmux_tx_msg: failed to open inactive connd_id=57
12-15 20:51:10.953 E/QC-QMI  (  493): qmi_qmux: TX failed, connection inactive or in reset, conn_id=57, status_flags=4
12-15 20:51:10.953 E/QC-QMI  (  493): qmi_ctl_tx_msg: qmi_qmux_tx_msg failed
12-15 20:51:10.953 E/QC-QMI  (  493): qmi_ctl_handle_request: qmi_ctl_tx_msg call failed
12-15 20:51:10.953 E/QC-QMI  (  493): qmi_qmux_open_connection: connection is disabled for conn_id=29
12-15 20:51:10.954 E/QC-QMI  (  493): qmi_qmux_tx_msg: failed to open inactive connd_id=29
12-15 20:51:10.954 E/QC-QMI  (  493): qmi_qmux: TX failed, connection inactive or in reset, conn_id=29, status_flags=4
12-15 20:51:10.954 E/QC-QMI  (  493): qmi_ctl_tx_msg: qmi_qmux_tx_msg failed
12-15 20:51:10.954 E/QC-QMI  (  493): qmi_ctl_handle_request: qmi_ctl_tx_msg call failed
12-15 20:51:10.954 E/QC-QMI  (  493): qmi_qmux_open_connection: connection is disabled for conn_id=29
12-15 20:51:10.954 E/QC-QMI  (  493): qmi_qmux_tx_msg: failed to open inactive connd_id=29
12-15 20:51:10.954 E/QC-QMI  (  493): qmi_qmux: TX failed, connection inactive or in reset, conn_id=29, status_flags=4
12-15 20:51:10.954 E/QC-QMI  (  493): qmi_ctl_tx_msg: qmi_qmux_tx_msg failed
12-15 20:51:10.954 E/QC-QMI  (  493): qmi_ctl_handle_request: qmi_ctl_tx_msg call failed
12-15 20:51:10.955 E/QC-QMI  (  493): qmi_qmux_open_connection: connection is disabled for conn_id=48
12-15 20:51:10.955 E/QC-QMI  (  493): qmi_qmux_tx_msg: failed to open inactive connd_id=48
12-15 20:51:10.955 E/QC-QMI  (  493): qmi_qmux: TX failed, connection inactive or in reset, conn_id=48, status_flags=4
12-15 20:51:10.955 E/QC-QMI  (  493): qmi_ctl_tx_msg: qmi_qmux_tx_msg failed
12-15 20:51:10.955 E/QC-QMI  (  493): qmi_ctl_handle_request: qmi_ctl_tx_msg call failed
12-15 20:51:10.956 E/QC-QMI  (  493): qmi_qmux_open_connection: connection is disabled for conn_id=48
12-15 20:51:10.956 E/QC-QMI  (  493): qmi_qmux_tx_msg: failed to open inactive connd_id=48
12-15 20:51:10.956 E/QC-QMI  (  493): qmi_qmux: TX failed, connection inactive or in reset, conn_id=48, status_flags=4
12-15 20:51:10.956 E/QC-QMI  (  493): qmi_ctl_tx_msg: qmi_qmux_tx_msg failed
12-15 20:51:10.956 E/QC-QMI  (  493): qmi_ctl_handle_request: qmi_ctl_tx_msg call failed
12-15 20:51:10.957 E/QC-QMI  (  493): qmi_qmux_open_connection: connection is disabled for conn_id=57
12-15 20:51:10.957 E/QC-QMI  (  493): qmi_qmux_tx_msg: failed to open inactive connd_id=57
12-15 20:51:10.957 E/QC-QMI  (  493): qmi_qmux: TX failed, connection inactive or in reset, conn_id=57, status_flags=4
12-15 20:51:10.957 E/QC-QMI  (  493): qmi_ctl_tx_msg: qmi_qmux_tx_msg failed
12-15 20:51:10.957 E/QC-QMI  (  493): qmi_ctl_handle_request: qmi_ctl_tx_msg call failed
12-15 20:51:10.958 E/QC-QMI  (  493): qmi_qmux_open_connection: connection is disabled for conn_id=57
