--------- beginning of main
02-24 19:54:49.774 W/auditd  (  336): type=2000 audit(0.0:1): initialized
--------- beginning of system
02-24 19:54:52.507 I/vold    (  338): Vold 3.0 (the awakening) firing up
02-24 19:54:52.507 V/vold    (  338): Detected support for: ext4 vfat
02-24 19:54:52.758 I/lowmemorykiller(  367): Using in-kernel low memory killer interface
02-24 19:54:52.763 I/MSM-irqbalance(  373): msm-irq_balance (1.3) initialized
02-24 19:54:52.764 I/MSM-irqbalance(  373): Configuration
02-24 19:54:52.764 I/MSM-irqbalance(  373): Rate: 0.2 Hz
02-24 19:54:52.764 I/MSM-irqbalance(  373): Decay Factor: 75.0
02-24 19:54:52.764 I/MSM-irqbalance(  373): Balancing Factor: 0.1
02-24 19:54:52.764 I/MSM-irqbalance(  373): Debug Log: OFF
02-24 19:54:52.764 I/MSM-irqbalance(  373): Cfg file: /vendor/etc/msm_irqbalance.conf
02-24 19:54:52.764 I/MSM-irqbalance(  373): CPU PRIO: CPU0: 1 CPU1: 1 CPU2: 1 CPU3: 1 CPU4: 0 CPU5: 0 
02-24 19:54:52.764 I/MSM-irqbalance(  373): Ignored IRQs: 20 40 200 203 155 157 
02-24 19:54:52.791 I/rmt_storage(  370): Shared memory initialised successfully.
02-24 19:54:52.794 I/rmt_storage(  370): No EBR found
02-24 19:54:52.794 I/rmt_storage(  370): Error (-1) parsing MBR partitions
02-24 19:54:52.794 I/rmt_storage(  370): Registering modemst1: 0x4a /boot/modem_fs1
02-24 19:54:52.794 I/rmt_storage(  370): Registering modemst2: 0x4b /boot/modem_fs2
02-24 19:54:52.794 I/rmt_storage(  370): Registering fsc: 0xff /boot/modem_fsc
02-24 19:54:52.794 I/rmt_storage(  370): Registering fsg: 0x58 /boot/modem_fsg
02-24 19:54:52.794 I/rmt_storage(  370): 4 GPT partitions found
02-24 19:54:52.794 I/rmt_storage(  370): Capset success!
02-24 19:54:52.794 D/QSEECOMD: (  372): qseecom listener services process entry PPID = 1
02-24 19:54:52.794 E/QSEECOMD: (  372): Listener: index = 0, hierarchy = 0
02-24 19:54:52.801 D/QSEECOMD: (  372): Init dlopen(librpmb.so, RTLD_NOW) succeeds
02-24 19:54:52.802 D/QSEECOMD: (  372): Init::Init dlsym(g_FSHandle rpmb_init_service) succeeds
02-24 19:54:52.802 I/rpmb_emmc(  372): RPMB Mult = 16384, Rel_sec_cnt = 1
02-24 19:54:52.802 E/DrmLibRpmb(  372): rpmb_init succeeded! with ret = 0
02-24 19:54:52.802 D/QSEECOMD: (  372): Init rpmb_init_service ret = 0
02-24 19:54:52.802 D/QSEECOMD: (  372): RPMB system services: init (Listener ID = 8192)
02-24 19:54:52.802 E/QSEECOMD: (  372): Listener: index = 1, hierarchy = 0
02-24 19:54:52.822 D/QSEECOMD: (  372): Init dlopen(libssd.so, RTLD_NOW) succeeds
02-24 19:54:52.822 D/QSEECOMD: (  372): Init::Init dlsym(g_FSHandle ssd_init_service) succeeds
02-24 19:54:52.822 E/SSD     (  372): ssd_init_service succeeded!
02-24 19:54:52.822 D/QSEECOMD: (  372): Init ssd_init_service ret = 0
02-24 19:54:52.822 D/QSEECOMD: (  372): SSD system services: init (Listener ID = 12288)
02-24 19:54:52.822 E/QSEECOMD: (  372): Listener: index = 2, hierarchy = 0
02-24 19:54:52.822 E/QSEECOMD: (  372): Init dlopen(libsecureui.so, RLTD_NOW) is failed....
02-24 19:54:52.823 D/QSEECOMD: (  372): SEC_UI_INIT failed, shall not start secure ui listener
02-24 19:54:52.823 E/QSEECOMD: (  372): Listener: index = 5, hierarchy = 0
02-24 19:54:52.823 E/QSEECOMD: (  372): Init dlopen(libmdtp.so, RLTD_NOW) is failed....
02-24 19:54:52.823 D/QSEECOMD: (  372): ERROR: MDTP_INIT failed, shall not start MDTP listener
02-24 19:54:52.823 D/QSEECOMD: (  372): Parent qseecom daemon process paused!! 
02-24 19:54:52.823 D/QSEECOMD: (  385): qseecom listener service threads starting!!! 
02-24 19:54:52.823 D/QSEECOMD: (  385): Total listener services to start = 7
02-24 19:54:52.823 E/QSEECOMD: (  385): Listener: index = 0, hierarchy = 1
02-24 19:54:52.823 D/QSEECOMD: (  385): Init dlopen(librpmb.so, RTLD_NOW) succeeds
02-24 19:54:52.824 D/QSEECOMD: (  385): Init::Init dlsym(g_FSHandle rpmb_start) succeeds
02-24 19:54:52.824 D/QSEECOMAPI: (  385): QSEECom_register_listener 8192 sb_length = 0x5000
02-24 19:54:52.825 D/QSEECOMD: (  385): Init rpmb_start ret = 0
02-24 19:54:52.825 D/QSEECOMD: (  385): RPMB system services: Started (Listener ID = 8192)
02-24 19:54:52.825 E/QSEECOMD: (  385): Listener: index = 1, hierarchy = 1
02-24 19:54:52.825 D/QSEECOMD: (  385): Init dlopen(libssd.so, RTLD_NOW) succeeds
02-24 19:54:52.825 D/QSEECOMD: (  385): Init::Init dlsym(g_FSHandle ssd_start) succeeds
02-24 19:54:52.825 D/QSEECOMAPI: (  385): QSEECom_register_listener 12288 sb_length = 0x5000
02-24 19:54:52.826 D/QSEECOMD: (  385): Init ssd_start ret = 0
02-24 19:54:52.826 D/QSEECOMD: (  385): SSD system services: Started (Listener ID = 12288)
02-24 19:54:52.826 E/QSEECOMD: (  385): Listener: index = 2, hierarchy = 1
02-24 19:54:52.826 E/QSEECOMD: (  385): Init dlopen(libsecureui.so, RLTD_NOW) is failed....
02-24 19:54:52.826 E/QSEECOMD: (  385): Listener: index = 3, hierarchy = 1
02-24 19:54:52.829 I/libmdmdetect(  371): ESOC framework not supported
02-24 19:54:52.830 I/libmdmdetect(  371): Found internal modem: modem
02-24 19:54:52.832 I/PerMgrSrv(  371): Peripheral Mananager service start
02-24 19:54:52.832 I/PerMgrSrv(  371): power-off timeout 500,ms; event-ack timeout 200,ms; debug-mode false
02-24 19:54:52.832 I/PerMgrSrv(  371): Statistics for : modem
02-24 19:54:52.832 I/PerMgrSrv(  371): modem: Current State : is off-line
02-24 19:54:52.832 I/PerMgrSrv(  371): modem: Voter/Listener count : 0/0
02-24 19:54:52.832 I/PerMgrSrv(  371): modem: Power on count : 0
02-24 19:54:52.832 I/PerMgrSrv(  371): modem: Power off count: 0
02-24 19:54:52.832 I/PerMgrSrv(  371): modem: Client list:
02-24 19:54:52.833 I/PerMgrSrv(  371): QMI service start
02-24 19:54:52.843 D/QSEECOMD: (  385): Init dlopen(libdrmtime.so, RTLD_NOW) succeeds
02-24 19:54:52.843 D/QSEECOMD: (  385): Init::Init dlsym(g_FSHandle atime_start) succeeds
02-24 19:54:52.843 D/DrmLibTime(  385): QSEE Time Listener: atime_start
02-24 19:54:52.843 D/QSEECOMAPI: (  385): QSEECom_register_listener 11 sb_length = 0x5000
02-24 19:54:52.844 D/DrmLibTime(  385): registering fs service to QSEECom is done!
02-24 19:54:52.844 D/DrmLibTime(  385): begin to create a thread!
02-24 19:54:52.844 D/DrmLibTime(  385): Creating a pthread in atime_start is done! return 0
02-24 19:54:52.844 D/QSEECOMD: (  385): Init atime_start ret = 0
02-24 19:54:52.844 D/DrmLibTime(  385): QSEE Time Listener: dispatch
02-24 19:54:52.844 D/QSEECOMD: (  385): time services: Started (Listener ID = 11)
02-24 19:54:52.844 D/DrmLibTime(  385): before calling ioctl to read the next time_cmd
02-24 19:54:52.844 E/QSEECOMD: (  385): Listener: index = 4, hierarchy = 1
02-24 19:54:52.844 D/QSEECOMD: (  385): Init dlopen(libdrmfs.so, RTLD_NOW) succeeds
02-24 19:54:52.844 D/QSEECOMD: (  385): Init::Init dlsym(g_FSHandle fs_start) succeeds
02-24 19:54:52.844 D/QSEECOMAPI: (  385): QSEECom_register_listener 10 sb_length = 0x5000
02-24 19:54:52.845 D/QSEECOMD: (  385): Init fs_start ret = 0
02-24 19:54:52.845 D/QSEECOMD: (  385): file system services: Started (Listener ID = 10)
02-24 19:54:52.845 E/QSEECOMD: (  385): Listener: index = 5, hierarchy = 1
02-24 19:54:52.845 E/QSEECOMD: (  385): Init dlopen(libmdtp.so, RLTD_NOW) is failed....
02-24 19:54:52.845 E/QSEECOMD: (  385): Listener: index = 6, hierarchy = 1
02-24 19:54:52.845 D/QSEECOMD: (  385): Init dlopen(libdrmfs.so, RTLD_NOW) succeeds
02-24 19:54:52.845 D/QSEECOMD: (  385): Init::Init dlsym(g_FSHandle gpfs_start) succeeds
02-24 19:54:52.845 D/QSEECOMAPI: (  385): QSEECom_register_listener 28672 sb_length = 0x7e000
02-24 19:54:52.856 D/QSEECOMD: (  385): Init gpfs_start ret = 0
02-24 19:54:52.856 D/QSEECOMD: (  385): gpfile system services: Started (Listener ID = 28672)
02-24 19:54:52.857 D/QSEECOMAPI: (  385): QSEECom_get_handle sb_length = 0x400
02-24 19:54:52.857 D/QSEECOMAPI: (  385): App is not loaded in QSEE
02-24 19:54:52.859 E/QSEECOMAPI: (  385): Error::Cannot open the file /firmware/image/keymaste.mdt
02-24 19:54:52.859 E/QSEECOMAPI: (  385): Error::Loading image failed with ret = -1
02-24 19:54:52.859 E/QSEECOMD: (  385): Loading keymaster app failed
02-24 19:54:52.859 D/QSEECOMD: (  385): QSEECOM DAEMON RUNNING 
02-24 19:54:52.888 I/SurfaceFlinger(  369): SurfaceFlinger is starting
02-24 19:54:52.888 I/SurfaceFlinger(  369): SurfaceFlinger's main thread ready to run. Initializing graphics H/W...
02-24 19:54:52.899 D/libEGL  (  369): loaded /vendor/lib64/egl/libEGL_adreno.so
02-24 19:54:52.950 D/VoldCryptCmdListener(  338): cryptfs mountdefaultencrypted
02-24 19:54:52.950 I/Ext4Crypt(  338): ext4 crypto complete called on /data
02-24 19:54:52.950 I/Ext4Crypt(  338): No master key, so not ext4enc
02-24 19:54:52.951 I/Cryptfs (  338): cryptfs_check_passwd
02-24 19:54:52.951 I/Ext4Crypt(  338): ext4 crypto complete called on /data
02-24 19:54:52.951 I/Ext4Crypt(  338): No master key, so not ext4enc
02-24 19:54:52.952 D/Cryptfs (  338): crypt_ftr->fs_size = 22994908
02-24 19:54:52.952 I/Cryptfs (  338): Using scrypt with keymaster for cryptfs KDF
02-24 19:54:52.962 E/PerMgrProxy(  412): Starting pm-proxy service
02-24 19:54:52.962 I/libmdmdetect(  412): ESOC framework not supported
02-24 19:54:52.962 I/libmdmdetect(  412): Found internal modem: modem
02-24 19:54:52.962 I/PerMgrProxy(  412): Found internal modem
02-24 19:54:52.963 D/PerMgrSrv(  371): modem state: is off-line, add client PM-PROXY-THREAD
02-24 19:54:52.963 D/PerMgrSrv(  371): PM-PROXY-THREAD registered
02-24 19:54:52.964 D/PerMgrLib(  412): PM-PROXY-THREAD successfully registered for modem
02-24 19:54:52.964 I/PerMgrProxy(  412): pm-proxy-thread Voting for internal modem
02-24 19:54:52.964 D/PerMgrLib(  412): PM-PROXY-THREAD voting for modem
02-24 19:54:52.964 D/PerMgrSrv(  371): PM-PROXY-THREAD voting for modem
02-24 19:54:52.964 D/PerMgrSrv(  371): modem new state: going on-line
02-24 19:54:52.964 D/PerMgrSrv(  371): modem num voters is 1
02-24 19:54:53.073 D/libEGL  (  369): loaded /vendor/lib64/egl/libGLESv1_CM_adreno.so
02-24 19:54:53.084 D/libEGL  (  369): loaded /vendor/lib64/egl/libGLESv2_adreno.so
02-24 19:54:53.107 I/Adreno  (  369): QUALCOMM build                   : 63c06b2, I8366cd0437
02-24 19:54:53.107 I/Adreno  (  369): Build Date                       : 10/21/15
02-24 19:54:53.107 I/Adreno  (  369): OpenGL ES Shader Compiler Version: XE031.05.13.02
02-24 19:54:53.107 I/Adreno  (  369): Local Branch                     : 
02-24 19:54:53.107 I/Adreno  (  369): Remote Branch                    : quic/LA.BF64.1.2.9_v2
02-24 19:54:53.107 I/Adreno  (  369): Remote Branch                    : NONE
02-24 19:54:53.107 I/Adreno  (  369): Reconstruct Branch               : NOTHING
02-24 19:54:53.270 I/qdutils (  369): PartialUpdate status: Enabled
02-24 19:54:53.270 I/qdutils (  369): Left Align: 0
02-24 19:54:53.270 I/qdutils (  369): Width Align: 0
02-24 19:54:53.270 I/qdutils (  369): Top Align: 16
02-24 19:54:53.270 I/qdutils (  369): Height Align: 16
02-24 19:54:53.270 I/qdutils (  369): Min ROI Width: 1080
02-24 19:54:53.270 I/qdutils (  369): Min ROI Height: 0
02-24 19:54:53.270 I/qdutils (  369): Needs ROI Merge: 0
02-24 19:54:53.270 I/qdutils (  369): Dynamic Fps: Disabled
02-24 19:54:53.270 I/qdutils (  369): Min Panel fps: 0
02-24 19:54:53.270 I/qdutils (  369): Max Panel fps: 0
02-24 19:54:53.271 D/qdutils (  369): int qdutils::getHDMINode(): fb node 2 not present
02-24 19:54:53.271 I/qdutils (  369): int qdutils::getHDMINode(): No HDMI node on this device
02-24 19:54:53.273 W/qdhwcomposer(  369): Unable to load libmm-qdcm
02-24 19:54:53.273 I/qdhwcomposer(  369): Initializing Qualcomm Hardware Composer
02-24 19:54:53.273 I/qdhwcomposer(  369): MDP version: 500
02-24 19:54:53.273 I/SurfaceFlinger(  369): Using composer version 1.5
02-24 19:54:53.273 I/qdhwcomposer(  369): hwc_registerProcs
02-24 19:54:53.273 I/qdhwcomposer(  369): Initializing UEVENT Thread
02-24 19:54:53.273 I/qdhwcomposer(  369): Initializing VSYNC Thread
02-24 19:54:53.273 D/qdhwcomposer(  369): hwc_getDisplayAttributes disp = 0, width = 1080
02-24 19:54:53.273 I/qdhwcomposer(  369): vsync_loop: Reading event 0 for dpy 0 from /sys/class/graphics/fb0/vsync_event
02-24 19:54:53.273 D/qdhwcomposer(  369): hwc_getDisplayAttributes disp = 0, height = 1920
02-24 19:54:53.273 E/qdhwcomposer(  369): hwc_getDisplayConfigs display (1) is inactive
02-24 19:54:53.273 I/qdhwcomposer(  369): vsync_loop: Reading event 1 for dpy 0 from /sys/class/graphics/fb0/show_blank_event
02-24 19:54:53.274 I/qdhwcomposer(  369): vsync_loop: Reading event 2 for dpy 0 from /sys/class/graphics/fb0/msm_fb_thermal_level
02-24 19:54:53.274 I/qdhwcomposer(  369): vsync_loop: Reading event 0 for dpy 1 from /sys/class/graphics/fb-1/vsync_event
02-24 19:54:53.274 I/qdhwcomposer(  369): vsync_loop: Reading event 1 for dpy 1 from /sys/class/graphics/fb-1/show_blank_event
02-24 19:54:53.274 I/qdhwcomposer(  369): vsync_loop: Reading event 2 for dpy 1 from /sys/class/graphics/fb-1/msm_fb_thermal_level
02-24 19:54:53.275 I/SurfaceFlinger(  369): EGL information:
02-24 19:54:53.275 I/SurfaceFlinger(  369): vendor    : Android
02-24 19:54:53.275 I/SurfaceFlinger(  369): version   : 1.4 Android META-EGL
02-24 19:54:53.275 I/SurfaceFlinger(  369): extensions: EGL_KHR_get_all_proc_addresses EGL_ANDROID_presentation_time EGL_KHR_swap_buffers_with_damage EGL_KHR_image EGL_KHR_image_base EGL_KHR_lock_surface EGL_KHR_gl_texture_2D_image EGL_KHR_gl_texture_3D_image EGL_KHR_gl_texture_cubemap_image EGL_KHR_gl_renderbuffer_image EGL_KHR_reusable_sync EGL_KHR_fence_sync EGL_KHR_create_context EGL_KHR_surfaceless_context EGL_EXT_create_context_robustness EGL_ANDROID_image_native_buffer EGL_KHR_wait_sync EGL_ANDROID_recordable EGL_KHR_partial_update EGL_KHR_create_context_no_error 
02-24 19:54:53.275 I/SurfaceFlinger(  369): Client API: OpenGL_ES
02-24 19:54:53.275 I/SurfaceFlinger(  369): EGLSurface: 8-8-8-8, config=0x7fac051900
02-24 19:54:53.279 I/SurfaceFlinger(  369): OpenGL ES informations:
02-24 19:54:53.280 I/SurfaceFlinger(  369): vendor    : Qualcomm
02-24 19:54:53.281 I/SurfaceFlinger(  369): renderer  : Adreno (TM) 418
02-24 19:54:53.281 I/SurfaceFlinger(  369): version   : OpenGL ES 3.1 V@127.0 (GIT@I8366cd0437)
02-24 19:54:53.282 I/SurfaceFlinger(  369): extensions: GL_OES_EGL_image GL_OES_EGL_image_external GL_OES_EGL_sync GL_OES_vertex_half_float GL_OES_framebuffer_object GL_OES_rgb8_rgba8 GL_OES_compressed_ETC1_RGB8_texture GL_AMD_compressed_ATC_texture GL_KHR_texture_compression_astc_ldr GL_OES_texture_npot GL_EXT_texture_filter_anisotropic GL_EXT_texture_format_BGRA8888 GL_OES_texture_3D GL_EXT_color_buffer_float GL_EXT_color_buffer_half_float GL_QCOM_alpha_test GL_OES_depth24 GL_OES_packed_depth_stencil GL_OES_depth_texture GL_OES_depth_texture_cube_map GL_EXT_sRGB GL_OES_texture_float GL_OES_texture_float_linear GL_OES_texture_half_float GL_OES_texture_half_float_linear GL_EXT_texture_type_2_10_10_10_REV GL_EXT_texture_sRGB_decode GL_OES_element_index_uint GL_EXT_copy_image GL_EXT_geometry_shader GL_EXT_tessellation_shader GL_OES_texture_stencil8 GL_EXT_shader_io_blocks GL_OES_shader_image_atomic GL_OES_sample_variables GL_EXT_texture_border_clamp GL_EXT_multisampled_render_to_texture GL_OES_shader_multisample_interpolation GL_EXT_texture_cube_map_arr
02-24 19:54:53.283 I/SurfaceFlinger(  369): GL_MAX_TEXTURE_SIZE = 16384
02-24 19:54:53.283 I/SurfaceFlinger(  369): GL_MAX_VIEWPORT_DIMS = 16384
02-24 19:54:53.285 D/SurfaceFlinger(  369): Set power mode=2, type=0 flinger=0x7fac043c00
02-24 19:54:53.285 D/qdhwcomposer(  369): hwc_setPowerMode: Setting mode 2 on display: 0
02-24 19:54:53.285 D/qdhwcomposer(  369): hwc_setPowerMode: Done setting mode 2 on display 0
02-24 19:54:53.286 I/qdhwcomposer(  369): handle_blank_event: dpy:0 panel power state: 1
02-24 19:54:53.390 D/vold    (  338): Disk at 253:0 changed
02-24 19:54:53.420 D/libEGL  (  432): loaded /vendor/lib64/egl/libEGL_adreno.so
02-24 19:54:53.461 D/libEGL  (  432): loaded /vendor/lib64/egl/libGLESv1_CM_adreno.so
02-24 19:54:53.469 D/libEGL  (  432): loaded /vendor/lib64/egl/libGLESv2_adreno.so
02-24 19:54:53.478 I/Adreno  (  432): QUALCOMM build                   : 63c06b2, I8366cd0437
02-24 19:54:53.478 I/Adreno  (  432): Build Date                       : 10/21/15
02-24 19:54:53.478 I/Adreno  (  432): OpenGL ES Shader Compiler Version: XE031.05.13.02
02-24 19:54:53.478 I/Adreno  (  432): Local Branch                     : 
02-24 19:54:53.478 I/Adreno  (  432): Remote Branch                    : quic/LA.BF64.1.2.9_v2
02-24 19:54:53.478 I/Adreno  (  432): Remote Branch                    : NONE
02-24 19:54:53.478 I/Adreno  (  432): Reconstruct Branch               : NOTHING
02-24 19:54:53.489 E/BootAnimation(  432): couldn't find audio_conf.txt
02-24 19:54:53.511 I/Cryptfs (  338): keymaster module name is Keymaster QTI HAL
02-24 19:54:53.511 I/Cryptfs (  338): keymaster version is 256
02-24 19:54:53.512 I/Cryptfs (  338): Found keymaster1 module, using keymaster1 API.
02-24 19:54:53.512 D/QSEECOMAPI: (  338): QSEECom_get_handle sb_length = 0xa000
02-24 19:54:53.512 D/QSEECOMAPI: (  338): App is already loaded QSEE and app id = 3
02-24 19:54:53.514 E/keymaster1_device(  338): TA API Major Verion: 1
02-24 19:54:53.514 E/keymaster1_device(  338): TA API Minor Verion: 0
02-24 19:54:53.514 E/keymaster1_device(  338): TA Major Verion: 1
02-24 19:54:53.514 E/keymaster1_device(  338): TA Minor Verion: 5
02-24 19:54:53.515 I/Cryptfs (  338): Signing safely-padded object
02-24 19:54:53.552 D/DrmLibTime(  385): got the req here! ret=0
02-24 19:54:53.552 D/DrmLibTime(  385): command id, time_cmd_id = 770
02-24 19:54:53.552 D/DrmLibTime(  385): time_getutcsec starts!
02-24 19:54:53.552 D/DrmLibTime(  385): QSEE Time Listener: time_getutcsec
02-24 19:54:53.552 D/DrmLibTime(  385): QSEE Time Listener: get_utc_seconds
02-24 19:54:53.552 D/DrmLibTime(  385): QSEE Time Listener: time_get_modem_time
02-24 19:54:53.552 D/DrmLibTime(  385): QSEE Time Listener: Checking if ATS_MODEM is set or not.
02-24 19:54:53.553 D/QC-time-services(  385): Lib:time_genoff_operation: pargs->base = 13
02-24 19:54:53.553 D/QC-time-services(  385): Lib:time_genoff_operation: pargs->operation = 2
02-24 19:54:53.553 D/QC-time-services(  385): Lib:time_genoff_operation: pargs->ts_val = 0
02-24 19:54:53.553 E/QC-time-services(  385): Lib:time_genoff_operation: Connection failed !!
02-24 19:54:53.553 D/DrmLibTime(  385): QSEE Time Listener: ATS_MODEM is not set. Fallback to Android system time.
02-24 19:54:53.553 D/DrmLibTime(  385): QSEE Time Listener: Retrieved Android system time: 4733693
02-24 19:54:53.553 D/DrmLibTime(  385): time_getutcsec returns 0, sec = 4733693; nsec = 0
02-24 19:54:53.553 D/DrmLibTime(  385): time_getutcsec finished! 
02-24 19:54:53.553 D/DrmLibTime(  385): iotcl_continue_command finished! and return 0 
02-24 19:54:53.553 D/DrmLibTime(  385): before calling ioctl to read the next time_cmd
02-24 19:54:53.609 E/keymaster1_device(  338): HwKmClose
02-24 19:54:53.609 D/QSEECOMAPI: (  338): QSEECom_dealloc_memory 
02-24 19:54:53.609 D/QSEECOMAPI: (  338): QSEECom_shutdown_app, app_id = 3
02-24 19:54:54.063 D/SurfaceFlinger(  369): shader cache generated - 24 shaders in 363.402985 ms
02-24 19:54:54.076 D/qdutils (  369): DEBUG_CALC_FPS: 0
02-24 19:54:54.076 D/qdutils (  369): period: 10
02-24 19:54:54.077 D/qdutils (  369): ignorethresh_us: 500000
02-24 19:54:54.111 I/Cryptfs (  338): Enabling support for allow_discards in dmcrypt.
02-24 19:54:54.113 D/vold    (  338): Disk at 253:2 changed
02-24 19:54:54.606 I/Cryptfs (  338): Password matches
02-24 19:54:54.606 D/Cryptfs (  338): test_mount_encrypted_fs(): Master key saved
02-24 19:54:54.607 I/Cryptfs (  338): keymaster module name is Keymaster QTI HAL
02-24 19:54:54.607 I/Cryptfs (  338): keymaster version is 256
02-24 19:54:54.607 I/Cryptfs (  338): Found keymaster1 module, using keymaster1 API.
02-24 19:54:54.607 D/QSEECOMAPI: (  338): QSEECom_get_handle sb_length = 0xa000
02-24 19:54:54.607 D/QSEECOMAPI: (  338): App is already loaded QSEE and app id = 3
02-24 19:54:54.608 E/keymaster1_device(  338): TA API Major Verion: 1
02-24 19:54:54.608 E/keymaster1_device(  338): TA API Minor Verion: 0
02-24 19:54:54.608 E/keymaster1_device(  338): TA Major Verion: 1
02-24 19:54:54.608 E/keymaster1_device(  338): TA Minor Verion: 5
02-24 19:54:54.608 E/keymaster1_device(  338): HwKmClose
02-24 19:54:54.608 D/QSEECOMAPI: (  338): QSEECom_dealloc_memory 
02-24 19:54:54.608 D/QSEECOMAPI: (  338): QSEECom_shutdown_app, app_id = 3
02-24 19:54:54.608 D/Cryptfs (  338): Password is default - restarting filesystem
02-24 19:54:54.609 D/Cryptfs (  338): unmounting /data succeeded
02-24 19:54:54.623 D/PerMgrSrv(  371): modem new state: is on-line
02-24 19:54:54.687 I/rmt_storage(  370): rmt_storage_connect_cb: clnt_h=0x1 conn_h=0x7fa193a000
02-24 19:54:54.687 I/rmt_storage(  370): rmt_storage_open_cb: /boot/modem_fs1: clnt_h=0x1: req_h=0x1 msg_id=1: Client found
02-24 19:54:54.687 I/rmt_storage(  370): rmt_storage_client_thread: /boot/modem_fs1: clnt_h=0x1 Worker thread started
02-24 19:54:54.687 I/rmt_storage(  370): rmt_storage_open_cb: /boot/modem_fs1: clnt_h=0x1: req_h=0x1 msg_id=1: Send response: res=0 err=0
02-24 19:54:54.687 I/rmt_storage(  370): wake lock name: rmt_storage_548168004672, name creation success: 24
02-24 19:54:54.688 I/rmt_storage(  370): rmt_storage_disconnect_cb: clnt_h=0x1 conn_h=0x7fa193a000
02-24 19:54:54.688 I/rmt_storage(  370): rmt_storage_connect_cb: clnt_h=0x2 conn_h=0x7fa193a000
02-24 19:54:54.688 I/rmt_storage(  370): rmt_storage_open_cb: /boot/modem_fs2: clnt_h=0x2: req_h=0x2 msg_id=1: Client found
02-24 19:54:54.688 I/rmt_storage(  370): rmt_storage_client_thread: /boot/modem_fs2: clnt_h=0x2 Worker thread started
02-24 19:54:54.688 I/rmt_storage(  370): rmt_storage_open_cb: /boot/modem_fs2: clnt_h=0x2: req_h=0x2 msg_id=1: Send response: res=0 err=0
02-24 19:54:54.688 I/rmt_storage(  370): wake lock name: rmt_storage_548166960192, name creation success: 24
02-24 19:54:54.688 I/rmt_storage(  370): rmt_storage_connect_cb: clnt_h=0x3 conn_h=0x7fa193a010
02-24 19:54:54.689 I/rmt_storage(  370): rmt_storage_open_cb: /boot/modem_fsg: clnt_h=0x3: req_h=0x3 msg_id=1: Client found
02-24 19:54:54.689 I/rmt_storage(  370): rmt_storage_open_cb: /boot/modem_fsg: clnt_h=0x3: req_h=0x3 msg_id=1: Send response: res=0 err=0
02-24 19:54:54.689 I/rmt_storage(  370): rmt_storage_disconnect_cb: clnt_h=0x2 conn_h=0x7fa193a000
02-24 19:54:54.689 I/rmt_storage(  370): rmt_storage_client_thread: /boot/modem_fsg: clnt_h=0x3 Worker thread started
02-24 19:54:54.689 I/rmt_storage(  370): wake lock name: rmt_storage_548165915712, name creation success: 24
02-24 19:54:54.689 I/rmt_storage(  370): rmt_storage_connect_cb: clnt_h=0x4 conn_h=0x7fa193a000
02-24 19:54:54.689 I/rmt_storage(  370): rmt_storage_open_cb: /boot/modem_fsc: clnt_h=0x4: req_h=0x4 msg_id=1: Client found
02-24 19:54:54.689 I/rmt_storage(  370): rmt_storage_open_cb: /boot/modem_fsc: clnt_h=0x4: req_h=0x4 msg_id=1: Send response: res=0 err=0
02-24 19:54:54.689 I/rmt_storage(  370): rmt_storage_client_thread: /boot/modem_fsc: clnt_h=0x4 Worker thread started
02-24 19:54:54.689 I/rmt_storage(  370): wake lock name: rmt_storage_548164871232, name creation success: 24
02-24 19:54:54.689 I/rmt_storage(  370): rmt_storage_disconnect_cb: clnt_h=0x3 conn_h=0x7fa193a010
02-24 19:54:54.689 I/rmt_storage(  370): rmt_storage_disconnect_cb: clnt_h=0x4 conn_h=0x7fa193a000
02-24 19:54:54.690 I/rmt_storage(  370): rmt_storage_connect_cb: clnt_h=0x5 conn_h=0x7fa193a000
02-24 19:54:54.690 I/rmt_storage(  370): rmt_storage_alloc_buff_cb: /boot/modem_fs1: clnt_h=0x5: req_h=0x5 msg_id=4: Alloc request received: Size: 0
02-24 19:54:54.690 I/rmt_storage(  370): rmt_storage_alloc_buff_cb: /boot/modem_fs1: clnt_h=0x5: req_h=0x5 msg_id=4: New client making a dummy request with buffer req size 0
02-24 19:54:54.690 I/rmt_storage(  370): rmt_storage_alloc_buff_cb: /boot/modem_fs1: clnt_h=0x5: req_h=0x5 msg_id=4: Send response: res=0 err=0
02-24 19:54:54.690 I/rmt_storage(  370): rmt_storage_disconnect_cb: clnt_h=0x5 conn_h=0x7fa193a000
02-24 19:54:54.691 I/rmt_storage(  370): rmt_storage_connect_cb: clnt_h=0x6 conn_h=0x7fa193a000
02-24 19:54:54.691 I/rmt_storage(  370): rmt_storage_rw_iovec_cb: /boot/modem_fs1: clnt_h=0x6: req_h=0x6 msg_id=3: R/W request received
02-24 19:54:54.691 I/rmt_storage(  370): wakelock acquired: 1, error no: 42
02-24 19:54:54.691 I/rmt_storage(  370): rmt_storage_client_thread: /boot/modem_fs1: clnt_h=0x6 Unblock worker thread (th_id: 548168004672)
02-24 19:54:54.691 I/rmt_storage(  370): rmt_storage_client_thread: /boot/modem_fs1: clnt_h=0x6: req_h=0x6 msg_id=3: Bytes read = 512
02-24 19:54:54.691 I/rmt_storage(  370): rmt_storage_client_thread: /boot/modem_fs1: clnt_h=0x6: req_h=0x6 msg_id=3: Send response: res=0 err=0
02-24 19:54:54.691 I/rmt_storage(  370): rmt_storage_client_thread: /boot/modem_fs1: clnt_h=0x6 About to block rmt_storage client thread (th_id: 548168004672) wakelock released: 1, error no: 0
02-24 19:54:54.691 I/rmt_storage(  370): 
02-24 19:54:54.692 I/rmt_storage(  370): rmt_storage_connect_cb: clnt_h=0x7 conn_h=0x7fa193a010
02-24 19:54:54.692 I/rmt_storage(  370): rmt_storage_rw_iovec_cb: /boot/modem_fs2: clnt_h=0x6: req_h=0x7 msg_id=3: R/W request received
02-24 19:54:54.692 I/rmt_storage(  370): wakelock acquired: 1, error no: 42
02-24 19:54:54.692 I/rmt_storage(  370): rmt_storage_disconnect_cb: clnt_h=0x6 conn_h=0x7fa193a000
02-24 19:54:54.692 I/rmt_storage(  370): rmt_storage_client_thread: /boot/modem_fs2: clnt_h=0x6 Unblock worker thread (th_id: 548166960192)
02-24 19:54:54.692 I/rmt_storage(  370): rmt_storage_client_thread: /boot/modem_fs2: clnt_h=0x6: req_h=0x7 msg_id=3: Bytes read = 512
02-24 19:54:54.692 I/rmt_storage(  370): rmt_storage_client_thread: /boot/modem_fs2: clnt_h=0x6: req_h=0x7 msg_id=3: Send response: res=0 err=0
02-24 19:54:54.692 I/rmt_storage(  370): rmt_storage_client_thread: /boot/modem_fs2: clnt_h=0x6 About to block rmt_storage client thread (th_id: 548166960192) wakelock released: 1, error no: 0
02-24 19:54:54.692 I/rmt_storage(  370): 
02-24 19:54:54.693 I/rmt_storage(  370): rmt_storage_disconnect_cb: clnt_h=0x7 conn_h=0x7fa193a010
02-24 19:54:54.694 I/rmt_storage(  370): rmt_storage_connect_cb: clnt_h=0x8 conn_h=0x7fa193a010
02-24 19:54:54.694 I/rmt_storage(  370): rmt_storage_rw_iovec_cb: /boot/modem_fs1: clnt_h=0x6: req_h=0x8 msg_id=3: R/W request received
02-24 19:54:54.694 I/rmt_storage(  370): wakelock acquired: 1, error no: 42
02-24 19:54:54.694 I/rmt_storage(  370): rmt_storage_client_thread: /boot/modem_fs1: clnt_h=0x6 Unblock worker thread (th_id: 548168004672)
02-24 19:54:54.701 I/rmt_storage(  370): rmt_storage_client_thread: /boot/modem_fs1: clnt_h=0x6: req_h=0x8 msg_id=3: Bytes read = 1571840
02-24 19:54:54.701 I/rmt_storage(  370): rmt_storage_client_thread: /boot/modem_fs1: clnt_h=0x6: req_h=0x8 msg_id=3: Send response: res=0 err=0
02-24 19:54:54.701 I/rmt_storage(  370): rmt_storage_client_thread: /boot/modem_fs1: clnt_h=0x6 About to block rmt_storage client thread (th_id: 548168004672) wakelock released: 1, error no: 0
02-24 19:54:54.701 I/rmt_storage(  370): 
02-24 19:54:54.701 I/rmt_storage(  370): rmt_storage_disconnect_cb: clnt_h=0x8 conn_h=0x7fa193a010
02-24 19:54:54.713 D/Cryptfs (  338): Just triggered post_fs_data
02-24 19:54:54.762 I//system/bin/tzdatacheck(  479): tzdata file /data/misc/zoneinfo/current/tzdata does not exist. No action required.
02-24 19:54:54.814 D/Cryptfs (  338): post_fs_data done
02-24 19:54:54.814 D/Cryptfs (  338): Just triggered restart_framework
02-24 19:54:54.833 I/        (  483): debuggerd: starting
02-24 19:54:54.846 I/irsc_util(  490): Starting irsc tool
02-24 19:54:54.847 I/irsc_util(  490): Num of entries:27
02-24 19:54:54.847 I/irsc_util(  490): Ending irsc tool
02-24 19:54:54.857 I/installd(  487): installd firing up
02-24 19:54:54.875 E/Diag_Lib(  496):  Diag_LSM_Init: Failed to open handle to diag driver, error = 13
02-24 19:54:54.875 E/Diag_Lib(  496): qpLogDiagInit <== result : 0
02-24 19:54:54.876 E/Diag_Lib(  496): QMID : gIsQXDMDisabled 0, gIsADBDisabled 1, gIsDebugDisabled 0, gIsIMSLogsDisabled 0
02-24 19:54:54.876 E/Diag_Lib(  496):  Diag_LSM_Init: Failed to open handle to diag driver, error = 13
02-24 19:54:54.876 E/Diag_Lib(  496): qpLogDiagInit <== result : 0
02-24 19:54:54.876 E/Diag_Lib(  496): QMID : gIsQXDMDisabled 0, gIsADBDisabled 1, gIsDebugDisabled 0, gIsIMSLogsDisabled 0
02-24 19:54:54.876 E/Diag_Lib(  496):  Diag_LSM_Init: Failed to open handle to diag driver, error = 13
02-24 19:54:54.876 E/Diag_Lib(  496): qpLogDiagInit <== result : 0
02-24 19:54:54.876 E/Diag_Lib(  496): QMID : gIsQXDMDisabled 0, gIsADBDisabled 1, gIsDebugDisabled 0, gIsIMSLogsDisabled 0
02-24 19:54:54.876 E/Diag_Lib(  496):  Diag_LSM_Init: Failed to open handle to diag driver, error = 13
02-24 19:54:54.876 E/Diag_Lib(  496): qpLogDiagInit <== result : 0
02-24 19:54:54.876 E/Diag_Lib(  496): QMID : gIsQXDMDisabled 0, gIsADBDisabled 1, gIsDebugDisabled 0, gIsIMSLogsDisabled 0
02-24 19:54:54.876 E/Diag_Lib(  496):  Diag_LSM_Init: Failed to open handle to diag driver, error = 13
02-24 19:54:54.876 E/Diag_Lib(  496): qpLogDiagInit <== result : 0
02-24 19:54:54.876 E/Diag_Lib(  496): QMID : gIsQXDMDisabled 0, gIsADBDisabled 1, gIsDebugDisabled 0, gIsIMSLogsDisabled 0
02-24 19:54:54.876 E/Diag_Lib(  496):  Diag_LSM_Init: Failed to open handle to diag driver, error = 13
02-24 19:54:54.876 E/Diag_Lib(  496): qpLogDiagInit <== result : 0
02-24 19:54:54.876 E/Diag_Lib(  496): QMID : gIsQXDMDisabled 0, gIsADBDisabled 1, gIsDebugDisabled 0, gIsIMSLogsDisabled 0
02-24 19:54:54.883 I/Netd    (  481): Netd 1.0 starting
02-24 19:54:54.887 D/TetherController(  481): Setting IP forward enable = 0
02-24 19:54:54.893 I/keystore(  489): Found keymaster1 module Keymaster QTI HAL, version 100
02-24 19:54:54.893 I/SoftKeymaster(  489): system/keymaster/soft_keymaster_device.cpp, Line 122: Creating device
02-24 19:54:54.893 D/SoftKeymaster(  489): system/keymaster/soft_keymaster_device.cpp, Line 123: Device address: 0x7f7a263000
02-24 19:54:54.894 D/QSEECOMAPI: (  489): QSEECom_get_handle sb_length = 0xa000
02-24 19:54:54.894 D/QSEECOMAPI: (  489): App is already loaded QSEE and app id = 3
02-24 19:54:54.901 E/keymaster1_device(  489): TA API Major Verion: 1
02-24 19:54:54.901 E/keymaster1_device(  489): TA API Minor Verion: 0
02-24 19:54:54.901 E/keymaster1_device(  489): TA Major Verion: 1
02-24 19:54:54.901 E/keymaster1_device(  489): TA Minor Verion: 5
02-24 19:54:54.901 D/SoftKeymaster(  489): system/keymaster/soft_keymaster_device.cpp, Line 173: Reinitializing SoftKeymasterDevice to use HW keymaster1
02-24 19:54:54.904 I/keystore(  489): Keymaster1 module is incomplete, using SoftKeymasterDevice wrapper
02-24 19:54:54.904 I/SoftKeymaster(  489): system/keymaster/soft_keymaster_device.cpp, Line 122: Creating device
02-24 19:54:54.904 D/SoftKeymaster(  489): system/keymaster/soft_keymaster_device.cpp, Line 123: Device address: 0x7f7a263300
02-24 19:54:54.909 I/gatekeeperd(  500): Starting gatekeeperd...
02-24 19:54:54.910 I/rmt_storage(  370): rmt_storage_connect_cb: clnt_h=0x9 conn_h=0x7fa193a010
02-24 19:54:54.910 I/rmt_storage(  370): rmt_storage_rw_iovec_cb: /boot/modem_fs2: clnt_h=0x6: req_h=0x9 msg_id=3: R/W request received
02-24 19:54:54.910 I/rmt_storage(  370): wakelock acquired: 1, error no: 42
02-24 19:54:54.911 I/rmt_storage(  370): rmt_storage_client_thread: /boot/modem_fs2: clnt_h=0x6 Unblock worker thread (th_id: 548166960192)
02-24 19:54:54.916 E/Diag_Lib(  493):  Diag_LSM_Init: Failed to open handle to diag driver, error = 13
02-24 19:54:54.916 E/Diag_Lib(  493):  Diag_LSM_Init: Failed to open handle to diag driver, error = 13
02-24 19:54:54.917 E/QC-QMI  (  493): qmi_client [493]: unable to connect to server, errno=[2:No such file or directory], attempt=1
02-24 19:54:54.931 E/Diag_Lib(  494):  Diag_LSM_Init: Failed to open handle to diag driver, error = 13
02-24 19:54:54.961 I/rmt_storage(  370): rmt_storage_client_thread: /boot/modem_fs2: clnt_h=0x6: req_h=0x9 msg_id=3: Bytes written = 1572864
02-24 19:54:54.961 I/rmt_storage(  370): rmt_storage_client_thread: /boot/modem_fs2: clnt_h=0x6: req_h=0x9 msg_id=3: Send response: res=0 err=0
02-24 19:54:54.961 I/rmt_storage(  370): rmt_storage_client_thread: /boot/modem_fs2: clnt_h=0x6 About to block rmt_storage client thread (th_id: 548166960192) wakelock released: 1, error no: 0
02-24 19:54:54.961 I/rmt_storage(  370): 
02-24 19:54:54.961 I/rmt_storage(  370): rmt_storage_disconnect_cb: clnt_h=0x9 conn_h=0x7fa193a010
02-24 19:54:54.976 E/Diag_Lib(  496):  Diag_LSM_Init: Failed to open handle to diag driver, error = 13
02-24 19:54:54.976 E/Diag_Lib(  496): qpLogDiagInit <== result : 0
02-24 19:54:54.976 E/Diag_Lib(  496): QMID : gIsQXDMDisabled 0, gIsADBDisabled 1, gIsDebugDisabled 0, gIsIMSLogsDisabled 0
02-24 19:54:54.977 E/Diag_Lib(  496):  Diag_LSM_Init: Failed to open handle to diag driver, error = 13
02-24 19:54:54.977 E/Diag_Lib(  496): qpLogDiagInit <== result : 0
02-24 19:54:54.977 E/Diag_Lib(  496): QMID : gIsQXDMDisabled 0, gIsADBDisabled 1, gIsDebugDisabled 0, gIsIMSLogsDisabled 0
02-24 19:54:54.977 E/Diag_Lib(  496):  Diag_LSM_Init: Failed to open handle to diag driver, error = 13
02-24 19:54:54.977 E/Diag_Lib(  496): qpLogDiagInit <== result : 0
02-24 19:54:54.977 E/Diag_Lib(  496): QMID : gIsQXDMDisabled 0, gIsADBDisabled 1, gIsDebugDisabled 0, gIsIMSLogsDisabled 0
02-24 19:54:55.001 D/gatekeeper_device(  500): HwKmOpen called
02-24 19:54:55.002 D/QSEECOMAPI: (  500): QSEECom_get_handle sb_length = 0xa000
02-24 19:54:55.002 D/QSEECOMAPI: (  500): App is already loaded QSEE and app id = 3
02-24 19:54:55.017 I/rmt_storage(  370): rmt_storage_connect_cb: clnt_h=0xa conn_h=0x7fa193a010
02-24 19:54:55.017 I/rmt_storage(  370): rmt_storage_rw_iovec_cb: /boot/modem_fs1: clnt_h=0x6: req_h=0xa msg_id=3: R/W request received
02-24 19:54:55.017 I/rmt_storage(  370): wakelock acquired: 1, error no: 42
02-24 19:54:55.017 I/rmt_storage(  370): rmt_storage_client_thread: /boot/modem_fs1: clnt_h=0x6 Unblock worker thread (th_id: 548168004672)
02-24 19:54:55.035 E/Diag_Lib(  509):  Diag_LSM_Init: Failed to open handle to diag driver, error = 13
02-24 19:54:55.036 E/QC-QMI  (  509): qmi_client [509]: unable to connect to server, errno=[2:No such file or directory], attempt=1
02-24 19:54:55.071 I/rmt_storage(  370): rmt_storage_client_thread: /boot/modem_fs1: clnt_h=0x6: req_h=0xa msg_id=3: Bytes written = 1572864
02-24 19:54:55.071 I/rmt_storage(  370): rmt_storage_client_thread: /boot/modem_fs1: clnt_h=0x6: req_h=0xa msg_id=3: Send response: res=0 err=0
02-24 19:54:55.071 I/rmt_storage(  370): rmt_storage_client_thread: /boot/modem_fs1: clnt_h=0x6 About to block rmt_storage client thread (th_id: 548168004672) wakelock released: 1, error no: 0
02-24 19:54:55.071 I/rmt_storage(  370): 
02-24 19:54:55.071 I/rmt_storage(  370): rmt_storage_disconnect_cb: clnt_h=0xa conn_h=0x7fa193a010
02-24 19:54:55.092 E/Diag_Lib(  506):  Diag_LSM_Init: Failed to open handle to diag driver, error = 13
02-24 19:54:55.093 E/QC-QMI  (  506): qmi_client [506]: unable to bind to client socket, rc = -1 errno[13:Permission denied]
02-24 19:54:55.093 E/QC-QMI  (  506): qmi_qmux_if_pwr_up_init_ex:  Initialization failed, rc = -1
02-24 19:54:55.093 E/QMI_FW  (  506): QMUXD: WARNING qmi_qmux_if_pwr_up_init failed! rc=-1
02-24 19:54:55.093 E/QC-QMI  (  506): qmi_client [506]: unable to bind to client socket, rc = -1 errno[13:Permission denied]
02-24 19:54:55.093 E/QC-QMI  (  506): qmi_qmux_if_pwr_up_init_ex:  Initialization failed, rc = -1
02-24 19:54:55.093 E/QMI_FW  (  506): QMUXD: WARNING qmi_qmux_if_pwr_up_init failed! rc=-1
02-24 19:54:55.093 E/QC-QMI  (  506): qmi_client [506]: unable to bind to client socket, rc = -1 errno[13:Permission denied]
02-24 19:54:55.093 E/QC-QMI  (  506): qmi_qmux_if_pwr_up_init_ex:  Initialization failed, rc = -1
02-24 19:54:55.093 E/QMI_FW  (  506): QMUXD: WARNING qmi_qmux_if_pwr_up_init failed! rc=-1
02-24 19:54:55.093 E/QC-QMI  (  506): qmi_client [506]: unable to bind to client socket, rc = -1 errno[13:Permission denied]
02-24 19:54:55.093 E/QC-QMI  (  506): qmi_qmux_if_pwr_up_init_ex:  Initialization failed, rc = -1
02-24 19:54:55.093 E/QMI_FW  (  506): QMUXD: WARNING qmi_qmux_if_pwr_up_init failed! rc=-1
02-24 19:54:55.106 I/fingerprintd(  512): Starting fingerprintd
02-24 19:54:55.118 E/Diag_Lib(  491):  Diag_LSM_Init: Failed to open handle to diag driver, error = 13
02-24 19:54:55.118 E/QC-QMI  (  491): qmuxd: linux_qmi_read_sysfs_config: couldn't open file /sys/module/f_rmnet/parameters/rmnet_ctl_ch
02-24 19:54:55.118 E/QC-QMI  (  491): qmuxd: linux_qmi_read_sysfs_config: couldn't open /sys/module/rmnet/parameters/rmnet_ctl_ch
02-24 19:54:55.119 E/Diag_Lib(  491):  Diag_LSM_Init: Failed to open handle to diag driver, error = 13
02-24 19:54:55.120 D/QC-time-services(  507): Daemon:genoff_pre_init::Base = 0
02-24 19:54:55.120 D/QC-time-services(  507): Daemon:ats_rtc_init: Time read from RTC -- year = 70, month = 1,day = 24
02-24 19:54:55.137 D/QC-time-services(  507): Daemon:Value read from RTC seconds = 4733694000
02-24 19:54:55.137 D/QC-time-services(  507): Daemon:genoff_init_config: ATS_RTC initialized with rc: 0
02-24 19:54:55.137 D/QC-time-services(  507): Daemon:genoff_pre_init::Base = 1
02-24 19:54:55.137 D/QC-time-services(  507): Daemon: Storage Name: ats_1 
02-24 19:54:55.137 D/QC-time-services(  507): Daemon:Opening File: /data/time/ats_1
02-24 19:54:55.137 D/QC-time-services(  507): Daemon:time_persistent_memory_opr:Genoff Read operation 
02-24 19:54:55.147 D/QC-time-services(  507): Daemon:genoff_pre_init::Base = 2
02-24 19:54:55.147 D/QC-time-services(  507): Daemon: Storage Name: ats_2 
02-24 19:54:55.147 D/QC-time-services(  507): Daemon:Opening File: /data/time/ats_2
02-24 19:54:55.147 D/QC-time-services(  507): Daemon:time_persistent_memory_opr:Genoff Read operation 
02-24 19:54:55.150 E/Diag_Lib(  491):  Diag_LSM_Init: Failed to open handle to diag driver, error = 13
02-24 19:54:55.156 D/QC-time-services(  507): Daemon:genoff_pre_init::Base = 3
02-24 19:54:55.156 D/QC-time-services(  507): Daemon: Storage Name: ats_3 
02-24 19:54:55.157 D/QC-time-services(  507): Daemon:Opening File: /data/time/ats_3
02-24 19:54:55.157 D/QC-time-services(  507): Daemon:time_persistent_memory_opr:Genoff Read operation 
02-24 19:54:55.157 D/QC-time-services(  507): Daemon:Unable to open filefor read
02-24 19:54:55.157 D/QC-time-services(  507): Daemon:genoff_post_init:Error in accessing storage
02-24 19:54:55.157 D/QC-time-services(  507): Daemon:genoff_pre_init::Base = 4
02-24 19:54:55.157 D/QC-time-services(  507): Daemon: Storage Name: ats_4 
02-24 19:54:55.157 D/QC-time-services(  507): Daemon:Opening File: /data/time/ats_4
02-24 19:54:55.157 D/QC-time-services(  507): Daemon:time_persistent_memory_opr:Genoff Read operation 
02-24 19:54:55.157 D/QC-time-services(  507): Daemon:Unable to open filefor read
02-24 19:54:55.157 D/QC-time-services(  507): Daemon:genoff_post_init:Error in accessing storage
02-24 19:54:55.157 D/QC-time-services(  507): Daemon:genoff_pre_init::Base = 5
02-24 19:54:55.157 D/QC-time-services(  507): Daemon: Storage Name: ats_5 
02-24 19:54:55.157 D/QC-time-services(  507): Daemon:Opening File: /data/time/ats_5
02-24 19:54:55.157 D/QC-time-services(  507): Daemon:time_persistent_memory_opr:Genoff Read operation 
02-24 19:54:55.157 D/QC-time-services(  507): Daemon:Unable to open filefor read
02-24 19:54:55.157 D/QC-time-services(  507): Daemon:genoff_post_init:Error in accessing storage
02-24 19:54:55.157 D/QC-time-services(  507): Daemon:genoff_pre_init::Base = 6
02-24 19:54:55.157 D/QC-time-services(  507): Daemon: Storage Name: ats_6 
02-24 19:54:55.157 D/QC-time-services(  507): Daemon:Opening File: /data/time/ats_6
02-24 19:54:55.157 D/QC-time-services(  507): Daemon:time_persistent_memory_opr:Genoff Read operation 
02-24 19:54:55.157 D/QC-time-services(  507): Daemon:Unable to open filefor read
02-24 19:54:55.157 D/QC-time-services(  507): Daemon:genoff_post_init:Error in accessing storage
02-24 19:54:55.157 D/QC-time-services(  507): Daemon:genoff_pre_init::Base = 7
02-24 19:54:55.157 D/QC-time-services(  507): Daemon: Storage Name: ats_7 
02-24 19:54:55.157 D/QC-time-services(  507): Daemon:Opening File: /data/time/ats_7
02-24 19:54:55.157 D/QC-time-services(  507): Daemon:time_persistent_memory_opr:Genoff Read operation 
02-24 19:54:55.157 D/QC-time-services(  507): Daemon:Unable to open filefor read
02-24 19:54:55.157 D/QC-time-services(  507): Daemon:genoff_post_init:Error in accessing storage
02-24 19:54:55.157 D/QC-time-services(  507): Daemon:genoff_pre_init::Base = 8
02-24 19:54:55.157 D/QC-time-services(  507): Daemon: Storage Name: ats_8 
02-24 19:54:55.158 D/QC-time-services(  507): Daemon:Opening File: /data/time/ats_8
02-24 19:54:55.158 D/QC-time-services(  507): Daemon:time_persistent_memory_opr:Genoff Read operation 
02-24 19:54:55.158 D/QC-time-services(  507): Daemon:Unable to open filefor read
02-24 19:54:55.158 D/QC-time-services(  507): Daemon:genoff_post_init:Error in accessing storage
02-24 19:54:55.158 D/QC-time-services(  507): Daemon:genoff_pre_init::Base = 9
02-24 19:54:55.158 D/QC-time-services(  507): Daemon: Storage Name: ats_9 
02-24 19:54:55.158 D/QC-time-services(  507): Daemon:Opening File: /data/time/ats_9
02-24 19:54:55.158 D/QC-time-services(  507): Daemon:time_persistent_memory_opr:Genoff Read operation 
02-24 19:54:55.158 D/QC-time-services(  507): Daemon:Unable to open filefor read
02-24 19:54:55.158 D/QC-time-services(  507): Daemon:genoff_post_init:Error in accessing storage
02-24 19:54:55.158 D/QC-time-services(  507): Daemon:genoff_pre_init::Base = 10
02-24 19:54:55.158 D/QC-time-services(  507): Daemon: Storage Name: ats_10 
02-24 19:54:55.158 D/QC-time-services(  507): Daemon:Opening File: /data/time/ats_10
02-24 19:54:55.158 D/QC-time-services(  507): Daemon:time_persistent_memory_opr:Genoff Read operation 
02-24 19:54:55.158 D/QC-time-services(  507): Daemon:Unable to open filefor read
02-24 19:54:55.158 D/QC-time-services(  507): Daemon:genoff_post_init:Error in accessing storage
02-24 19:54:55.158 D/QC-time-services(  507): Daemon:genoff_pre_init::Base = 11
02-24 19:54:55.158 D/QC-time-services(  507): Daemon: Storage Name: ats_11 
02-24 19:54:55.158 D/QC-time-services(  507): Daemon:Opening File: /data/time/ats_11
02-24 19:54:55.158 D/QC-time-services(  507): Daemon:time_persistent_memory_opr:Genoff Read operation 
02-24 19:54:55.158 D/QC-time-services(  507): Daemon:Unable to open filefor read
02-24 19:54:55.158 D/QC-time-services(  507): Daemon:genoff_post_init:Error in accessing storage
02-24 19:54:55.158 D/QC-time-services(  507): Daemon:genoff_pre_init::Base = 12
02-24 19:54:55.158 D/QC-time-services(  507): Daemon: Storage Name: ats_12 
02-24 19:54:55.158 D/QC-time-services(  507): Daemon:Opening File: /data/time/ats_12
02-24 19:54:55.158 D/QC-time-services(  507): Daemon:time_persistent_memory_opr:Genoff Read operation 
02-24 19:54:55.158 D/QC-time-services(  507): Daemon:Unable to open filefor read
02-24 19:54:55.158 D/QC-time-services(  507): Daemon:genoff_post_init:Error in accessing storage
02-24 19:54:55.158 D/QC-time-services(  507): Daemon:genoff_pre_init::Base = 13
02-24 19:54:55.158 D/QC-time-services(  507): Daemon: Storage Name: ats_13 
02-24 19:54:55.158 D/QC-time-services(  507): Daemon:Opening File: /data/time/ats_13
02-24 19:54:55.159 D/QC-time-services(  507): Daemon:time_persistent_memory_opr:Genoff Read operation 
02-24 19:54:55.160 D/QC-time-services(  507): Daemon:genoff_pre_init::Base = 14
02-24 19:54:55.160 D/QC-time-services(  507): Daemon: Storage Name: ats_14 
02-24 19:54:55.160 D/QC-time-services(  507): Daemon:Opening File: /data/time/ats_14
02-24 19:54:55.160 D/QC-time-services(  507): Daemon:time_persistent_memory_opr:Genoff Read operation 
02-24 19:54:55.160 D/QC-time-services(  507): Daemon:Unable to open filefor read
02-24 19:54:55.160 D/QC-time-services(  507): Daemon:genoff_post_init:Error in accessing storage
02-24 19:54:55.160 D/QC-time-services(  507): Daemon:genoff_init_config: Other bases initilized, exiting genoff_init
02-24 19:54:55.160 D/QC-time-services(  507): Daemon:rtc_get: Time read from RTC -- MM/DD/YY HH:MM:SS1/24/70 18:54:54
02-24 19:54:55.160 D/QC-time-services(  507): Daemon:genoff_opr: Base = 1, val = 0, operation = 1
02-24 19:54:55.160 D/QC-time-services(  507): Daemon: genoff get for 1
02-24 19:54:55.160 D/QC-time-services(  507): Daemon:rtc_get: Time read from RTC -- MM/DD/YY HH:MM:SS1/24/70 18:54:54
02-24 19:54:55.160 D/QC-time-services(  507): Daemon:Value read from RTC seconds = 4733694000
02-24 19:54:55.160 D/QC-time-services(  507): Daemon:Value read from generic offset = 1445478280365
02-24 19:54:55.160 D/QC-time-services(  507): Daemon:Final Time = 1450211974365
02-24 19:54:55.160 D/QC-time-services(  507): Daemon:genoff_boot_tod_init: Setting system time to sec =1450211974, nsec =365000000
04-20 14:49:40.784 I/auditd  (  336): type=1403 audit(0.0:2): policy loaded auid=4294967295 ses=4294967295
04-20 14:49:40.784 W/auditd  (  336): type=1404 audit(0.0:3): enforcing=1 old_enforcing=0 auid=4294967295 ses=4294967295
04-20 14:49:42.014 W/irq/502-wcd9xxx(  399): type=1400 audit(0.0:4): avc: granted { setsched } for scontext=u:r:kernel:s0 tcontext=u:r:kernel:s0 tclass=process
04-20 14:49:42.044 W/irq/215-fc38800(  404): type=1400 audit(0.0:5): avc: granted { setsched } for scontext=u:r:kernel:s0 tcontext=u:r:kernel:s0 tclass=process
04-20 14:49:42.064 W/init    (    1): type=1400 audit(0.0:6): avc: denied { unlink } for name="diag" dev="tmpfs" ino=11510 scontext=u:r:init:s0 tcontext=u:object_r:diag_device:s0 tclass=chr_file permissive=0
04-20 14:49:42.394 W/mdss_fb0(  425): type=1400 audit(0.0:7): avc: granted { setsched } for scontext=u:r:kernel:s0 tcontext=u:r:kernel:s0 tclass=process
04-20 14:49:43.994 W/imsqmidaemon(  496): type=1400 audit(0.0:8): avc: denied { read write } for name="diag" dev="tmpfs" ino=11510 scontext=u:r:ims:s0 tcontext=u:object_r:diag_device:s0 tclass=chr_file permissive=0
04-20 14:49:44.004 W/imsqmidaemon(  496): type=1400 audit(0.0:9): avc: denied { read write } for name="diag" dev="tmpfs" ino=11510 scontext=u:r:ims:s0 tcontext=u:object_r:diag_device:s0 tclass=chr_file permissive=0
04-20 14:49:44.004 W/imsqmidaemon(  496): type=1400 audit(0.0:10): avc: denied { read write } for name="diag" dev="tmpfs" ino=11510 scontext=u:r:ims:s0 tcontext=u:object_r:diag_device:s0 tclass=chr_file permissive=0
04-20 14:49:44.004 W/imsqmidaemon(  496): type=1400 audit(0.0:11): avc: denied { read write } for name="diag" dev="tmpfs" ino=11510 scontext=u:r:ims:s0 tcontext=u:object_r:diag_device:s0 tclass=chr_file permissive=0
04-20 14:49:44.004 W/imsqmidaemon(  496): type=1400 audit(0.0:12): avc: denied { read write } for name="diag" dev="tmpfs" ino=11510 scontext=u:r:ims:s0 tcontext=u:object_r:diag_device:s0 tclass=chr_file permissive=0
04-20 14:49:44.004 W/imsqmidaemon(  496): type=1400 audit(0.0:13): avc: denied { read write } for name="diag" dev="tmpfs" ino=11510 scontext=u:r:ims:s0 tcontext=u:object_r:diag_device:s0 tclass=chr_file permissive=0
04-20 14:49:44.044 W/qti     (  493): type=1400 audit(0.0:14): avc: denied { read write } for name="diag" dev="tmpfs" ino=11510 scontext=u:r:qti:s0 tcontext=u:object_r:diag_device:s0 tclass=chr_file permissive=0
04-20 14:49:44.044 W/qti     (  493): type=1400 audit(0.0:15): avc: denied { read write } for name="diag" dev="tmpfs" ino=11510 scontext=u:r:qti:s0 tcontext=u:object_r:diag_device:s0 tclass=chr_file permissive=0
04-20 14:49:44.054 W/netmgrd (  494): type=1400 audit(0.0:16): avc: denied { read write } for name="diag" dev="tmpfs" ino=11510 scontext=u:r:netmgrd:s0 tcontext=u:object_r:diag_device:s0 tclass=chr_file permissive=0
04-20 14:49:44.104 W/imsqmidaemon(  496): type=1400 audit(0.0:17): avc: denied { read write } for name="diag" dev="tmpfs" ino=11510 scontext=u:r:ims:s0 tcontext=u:object_r:diag_device:s0 tclass=chr_file permissive=0
04-20 14:49:44.104 W/imsqmidaemon(  496): type=1400 audit(0.0:18): avc: denied { read write } for name="diag" dev="tmpfs" ino=11510 scontext=u:r:ims:s0 tcontext=u:object_r:diag_device:s0 tclass=chr_file permissive=0
04-20 14:49:44.104 W/imsqmidaemon(  496): type=1400 audit(0.0:19): avc: denied { read write } for name="diag" dev="tmpfs" ino=11510 scontext=u:r:ims:s0 tcontext=u:object_r:diag_device:s0 tclass=chr_file permissive=0
04-20 14:49:44.154 W/ATFWD-daemon(  509): type=1400 audit(0.0:20): avc: denied { read write } for name="diag" dev="tmpfs" ino=11510 scontext=u:r:atfwd:s0 tcontext=u:object_r:diag_device:s0 tclass=chr_file permissive=0
04-20 14:49:44.244 W/qmuxd   (  491): type=1400 audit(0.0:21): avc: denied { read write } for name="diag" dev="tmpfs" ino=11510 scontext=u:r:qmux:s0 tcontext=u:object_r:diag_device:s0 tclass=chr_file permissive=0
04-20 14:49:44.244 W/qmuxd   (  491): type=1400 audit(0.0:22): avc: denied { read write } for name="diag" dev="tmpfs" ino=11510 scontext=u:r:qmux:s0 tcontext=u:object_r:diag_device:s0 tclass=chr_file permissive=0
04-20 14:49:44.274 W/qmuxd   (  491): type=1400 audit(0.0:23): avc: denied { read write } for name="diag" dev="tmpfs" ino=11510 scontext=u:r:qmux:s0 tcontext=u:object_r:diag_device:s0 tclass=chr_file permissive=0
12-15 21:39:34.365 W/thermal-engine(  524): type=1400 audit(0.0:24): avc: denied { read write } for name="diag" dev="tmpfs" ino=11510 scontext=u:r:thermal-engine:s0 tcontext=u:object_r:diag_device:s0 tclass=chr_file permissive=0
12-15 21:39:34.365 E/QC-time-services(  507): Daemon:genoff_boot_tod_init: Unable to set TOD at boot up
12-15 21:39:34.365 E/QC-time-services(  507): Daemon: Unable to set TOD at boot up
12-15 21:39:34.365 D/QC-time-services(  507): Daemon:genoff_modem_qmi_service_request: Initiallizing QMI 
12-15 21:39:34.365 D/QC-time-services(  507): Daemon: Time-services: All initializations done
