12-15 19:39:52.786 E/QC-QMI  (  493): qmi_qmux_open_connection: connection is disabled for conn_id=48
12-15 19:39:52.786 E/QC-QMI  (  493): qmi_qmux_tx_msg: failed to open inactive connd_id=48
12-15 19:39:52.787 E/QC-QMI  (  493): qmi_qmux: TX failed, connection inactive or in reset, conn_id=48, status_flags=4
12-15 19:39:52.787 E/QC-QMI  (  493): qmi_ctl_tx_msg: qmi_qmux_tx_msg failed
12-15 19:39:52.787 E/QC-QMI  (  493): qmi_ctl_handle_request: qmi_ctl_tx_msg call failed
12-15 19:39:52.787 E/QC-QMI  (  493): qmi_qmux_open_connection: connection is disabled for conn_id=57
12-15 19:39:52.787 E/QC-QMI  (  493): qmi_qmux_tx_msg: failed to open inactive connd_id=57
12-15 19:39:52.787 E/QC-QMI  (  493): qmi_qmux: TX failed, connection inactive or in reset, conn_id=57, status_flags=4
12-15 19:39:52.788 E/QC-QMI  (  493): qmi_ctl_tx_msg: qmi_qmux_tx_msg failed
12-15 19:39:52.788 E/QC-QMI  (  493): qmi_ctl_handle_request: qmi_ctl_tx_msg call failed
12-15 19:39:52.788 E/QC-QMI  (  493): qmi_qmux_open_connection: connection is disabled for conn_id=57
12-15 19:39:52.788 E/QC-QMI  (  493): qmi_qmux_tx_msg: failed to open inactive connd_id=57
12-15 19:39:52.788 E/QC-QMI  (  493): qmi_qmux: TX failed, connection inactive or in reset, conn_id=57, status_flags=4
12-15 19:39:52.788 E/QC-QMI  (  493): qmi_ctl_tx_msg: qmi_qmux_tx_msg failed
12-15 19:39:52.788 E/QC-QMI  (  493): qmi_ctl_handle_request: qmi_ctl_tx_msg call failed
12-15 19:39:52.789 E/QC-QMI  (  493): qmi_qmux_open_connection: connection is disabled for conn_id=29
12-15 19:39:52.789 E/QC-QMI  (  493): qmi_qmux_tx_msg: failed to open inactive connd_id=29
12-15 19:39:52.789 E/QC-QMI  (  493): qmi_qmux: TX failed, connection inactive or in reset, conn_id=29, status_flags=4
12-15 19:39:52.789 E/QC-QMI  (  493): qmi_ctl_tx_msg: qmi_qmux_tx_msg failed
12-15 19:39:52.789 E/QC-QMI  (  493): qmi_ctl_handle_request: qmi_ctl_tx_msg call failed
12-15 19:39:52.790 E/QC-QMI  (  493): qmi_qmux_open_connection: connection is disabled for conn_id=29
12-15 19:39:52.790 E/QC-QMI  (  493): qmi_qmux_tx_msg: failed to open inactive connd_id=29
12-15 19:39:52.790 E/QC-QMI  (  493): qmi_qmux: TX failed, connection inactive or in reset, conn_id=29, status_flags=4
12-15 19:39:52.798 E/QC-QMI  (  493): qmi_ctl_tx_msg: qmi_qmux_tx_msg failed
12-15 19:39:52.798 E/QC-QMI  (  493): qmi_ctl_handle_request: qmi_ctl_tx_msg call failed
12-15 19:39:52.799 E/QC-QMI  (  493): qmi_qmux_open_connection: connection is disabled for conn_id=48
12-15 19:39:52.799 E/QC-QMI  (  493): qmi_qmux_tx_msg: failed to open inactive connd_id=48
12-15 19:39:52.799 E/QC-QMI  (  493): qmi_qmux: TX failed, connection inactive or in reset, conn_id=48, status_flags=4
12-15 19:39:52.799 E/QC-QMI  (  493): qmi_ctl_tx_msg: qmi_qmux_tx_msg failed
12-15 19:39:52.799 E/QC-QMI  (  493): qmi_ctl_handle_request: qmi_ctl_tx_msg call failed
12-15 19:39:52.801 E/QC-QMI  (  493): qmi_qmux_open_connection: connection is disabled for conn_id=48
12-15 19:39:52.801 E/QC-QMI  (  493): qmi_qmux_tx_msg: failed to open inactive connd_id=48
12-15 19:39:52.801 E/QC-QMI  (  493): qmi_qmux: TX failed, connection inactive or in reset, conn_id=48, status_flags=4
12-15 19:39:52.801 E/QC-QMI  (  493): qmi_ctl_tx_msg: qmi_qmux_tx_msg failed
12-15 19:39:52.801 E/QC-QMI  (  493): qmi_ctl_handle_request: qmi_ctl_tx_msg call failed
12-15 19:39:52.803 E/QC-QMI  (  493): qmi_qmux_open_connection: connection is disabled for conn_id=57
12-15 19:39:52.803 E/QC-QMI  (  493): qmi_qmux_tx_msg: failed to open inactive connd_id=57
12-15 19:39:52.803 E/QC-QMI  (  493): qmi_qmux: TX failed, connection inactive or in reset, conn_id=57, status_flags=4
12-15 19:39:52.803 E/QC-QMI  (  493): qmi_ctl_tx_msg: qmi_qmux_tx_msg failed
12-15 19:39:52.803 E/QC-QMI  (  493): qmi_ctl_handle_request: qmi_ctl_tx_msg call failed
12-15 19:39:52.804 E/QC-QMI  (  493): qmi_qmux_open_connection: connection is disabled for conn_id=57
12-15 19:39:52.804 E/QC-QMI  (  493): qmi_qmux_tx_msg: failed to open inactive connd_id=57
12-15 19:39:52.804 E/QC-QMI  (  493): qmi_qmux: TX failed, connection inactive or in reset, conn_id=57, status_flags=4
12-15 19:39:52.804 E/QC-QMI  (  493): qmi_ctl_tx_msg: qmi_qmux_tx_msg failed
12-15 19:39:52.804 E/QC-QMI  (  493): qmi_ctl_handle_request: qmi_ctl_tx_msg call failed
12-15 19:39:52.807 E/QC-QMI  (  493): qmi_qmux_open_connection: connection is disabled for conn_id=29
12-15 19:39:52.807 E/QC-QMI  (  493): qmi_qmux_tx_msg: failed to open inactive connd_id=29
12-15 19:39:52.807 E/QC-QMI  (  493): qmi_qmux: TX failed, connection inactive or in reset, conn_id=29, status_flags=4
12-15 19:39:52.807 E/QC-QMI  (  493): qmi_ctl_tx_msg: qmi_qmux_tx_msg failed
12-15 19:39:52.807 E/QC-QMI  (  493): qmi_ctl_handle_request: qmi_ctl_tx_msg call failed
12-15 19:39:52.808 E/QC-QMI  (  493): qmi_qmux_open_connection: connection is disabled for conn_id=29
12-15 19:39:52.808 E/QC-QMI  (  493): qmi_qmux_tx_msg: failed to open inactive connd_id=29
12-15 19:39:52.808 E/QC-QMI  (  493): qmi_qmux: TX failed, connection inactive or in reset, conn_id=29, status_flags=4
12-15 19:39:52.808 E/QC-QMI  (  493): qmi_ctl_tx_msg: qmi_qmux_tx_msg failed
12-15 19:39:52.808 E/QC-QMI  (  493): qmi_ctl_handle_request: qmi_ctl_tx_msg call failed
12-15 19:39:52.809 E/QC-QMI  (  493): qmi_qmux_open_connection: connection is disabled for conn_id=48
12-15 19:39:52.809 E/QC-QMI  (  493): qmi_qmux_tx_msg: failed to open inactive connd_id=48
12-15 19:39:52.809 E/QC-QMI  (  493): qmi_qmux: TX failed, connection inactive or in reset, conn_id=48, status_flags=4
12-15 19:39:52.809 E/QC-QMI  (  493): qmi_ctl_tx_msg: qmi_qmux_tx_msg failed
12-15 19:39:52.809 E/QC-QMI  (  493): qmi_ctl_handle_request: qmi_ctl_tx_msg call failed
12-15 19:39:52.809 E/QC-QMI  (  493): qmi_qmux_open_connection: connection is disabled for conn_id=48
12-15 19:39:52.809 E/QC-QMI  (  493): qmi_qmux_tx_msg: failed to open inactive connd_id=48
12-15 19:39:52.809 E/QC-QMI  (  493): qmi_qmux: TX failed, connection inactive or in reset, conn_id=48, status_flags=4
12-15 19:39:52.809 E/QC-QMI  (  493): qmi_ctl_tx_msg: qmi_qmux_tx_msg failed
12-15 19:39:52.809 E/QC-QMI  (  493): qmi_ctl_handle_request: qmi_ctl_tx_msg call failed
12-15 19:39:52.810 E/QC-QMI  (  493): qmi_qmux_open_connection: connection is disabled for conn_id=57
12-15 19:39:52.810 E/QC-QMI  (  493): qmi_qmux_tx_msg: failed to open inactive connd_id=57
12-15 19:39:52.810 E/QC-QMI  (  493): qmi_qmux: TX failed, connection inactive or in reset, conn_id=57, status_flags=4
12-15 19:39:52.810 E/QC-QMI  (  493): qmi_ctl_tx_msg: qmi_qmux_tx_msg failed
12-15 19:39:52.810 E/QC-QMI  (  493): qmi_ctl_handle_request: qmi_ctl_tx_msg call failed
12-15 19:39:52.811 E/QC-QMI  (  493): qmi_qmux_open_connection: connection is disabled for conn_id=57
12-15 19:39:52.811 E/QC-QMI  (  493): qmi_qmux_tx_msg: failed to open inactive connd_id=57
12-15 19:39:52.811 E/QC-QMI  (  493): qmi_qmux: TX failed, connection inactive or in reset, conn_id=57, status_flags=4
12-15 19:39:52.811 E/QC-QMI  (  493): qmi_ctl_tx_msg: qmi_qmux_tx_msg failed
12-15 19:39:52.811 E/QC-QMI  (  493): qmi_ctl_handle_request: qmi_ctl_tx_msg call failed
12-15 19:39:52.811 E/QC-QMI  (  493): qmi_qmux_open_connection: connection is disabled for conn_id=29
12-15 19:39:52.812 E/QC-QMI  (  493): qmi_qmux_tx_msg: failed to open inactive connd_id=29
12-15 19:39:52.812 E/QC-QMI  (  493): qmi_qmux: TX failed, connection inactive or in reset, conn_id=29, status_flags=4
12-15 19:39:52.812 E/QC-QMI  (  493): qmi_ctl_tx_msg: qmi_qmux_tx_msg failed
12-15 19:39:52.812 E/QC-QMI  (  493): qmi_ctl_handle_request: qmi_ctl_tx_msg call failed
12-15 19:39:52.812 E/QC-QMI  (  493): qmi_qmux_open_connection: connection is disabled for conn_id=29
12-15 19:39:52.812 E/QC-QMI  (  493): qmi_qmux_tx_msg: failed to open inactive connd_id=29
12-15 19:39:52.812 E/QC-QMI  (  493): qmi_qmux: TX failed, connection inactive or in reset, conn_id=29, status_flags=4
12-15 19:39:52.812 E/QC-QMI  (  493): qmi_ctl_tx_msg: qmi_qmux_tx_msg failed
12-15 19:39:52.812 E/QC-QMI  (  493): qmi_ctl_handle_request: qmi_ctl_tx_msg call failed
12-15 19:39:52.813 E/QC-QMI  (  493): qmi_qmux_open_connection: connection is disabled for conn_id=48
12-15 19:39:52.813 E/QC-QMI  (  493): qmi_qmux_tx_msg: failed to open inactive connd_id=48
12-15 19:39:52.813 E/QC-QMI  (  493): qmi_qmux: TX failed, connection inactive or in reset, conn_id=48, status_flags=4
12-15 19:39:52.813 E/QC-QMI  (  493): qmi_ctl_tx_msg: qmi_qmux_tx_msg failed
12-15 19:39:52.813 E/QC-QMI  (  493): qmi_ctl_handle_request: qmi_ctl_tx_msg call failed
12-15 19:39:52.814 E/QC-QMI  (  493): qmi_qmux_open_connection: connection is disabled for conn_id=48
12-15 19:39:52.814 E/QC-QMI  (  493): qmi_qmux_tx_msg: failed to open inactive connd_id=48
12-15 19:39:52.814 E/QC-QMI  (  493): qmi_qmux: TX failed, connection inactive or in reset, conn_id=48, status_flags=4
12-15 19:39:52.814 E/QC-QMI  (  493): qmi_ctl_tx_msg: qmi_qmux_tx_msg failed
12-15 19:39:52.814 E/QC-QMI  (  493): qmi_ctl_handle_request: qmi_ctl_tx_msg call failed
12-15 19:39:52.815 E/QC-QMI  (  493): qmi_qmux_open_connection: connection is disabled for conn_id=57
12-15 19:39:52.815 E/QC-QMI  (  493): qmi_qmux_tx_msg: failed to open inactive connd_id=57
12-15 19:39:52.815 E/QC-QMI  (  493): qmi_qmux: TX failed, connection inactive or in reset, conn_id=57, status_flags=4
12-15 19:39:52.815 E/QC-QMI  (  493): qmi_ctl_tx_msg: qmi_qmux_tx_msg failed
12-15 19:39:52.815 E/QC-QMI  (  493): qmi_ctl_handle_request: qmi_ctl_tx_msg call failed
12-15 19:39:52.815 E/QC-QMI  (  493): qmi_qmux_open_connection: connection is disabled for conn_id=57
12-15 19:39:52.815 E/QC-QMI  (  493): qmi_qmux_tx_msg: failed to open inactive connd_id=57
12-15 19:39:52.815 E/QC-QMI  (  493): qmi_qmux: TX failed, connection inactive or in reset, conn_id=57, status_flags=4
12-15 19:39:52.815 E/QC-QMI  (  493): qmi_ctl_tx_msg: qmi_qmux_tx_msg failed
12-15 19:39:52.815 E/QC-QMI  (  493): qmi_ctl_handle_request: qmi_ctl_tx_msg call failed
12-15 19:39:52.822 E/QC-QMI  (  493): qmi_qmux_open_connection: connection is disabled for conn_id=29
12-15 19:39:52.822 E/QC-QMI  (  493): qmi_qmux_tx_msg: failed to open inactive connd_id=29
12-15 19:39:52.822 E/QC-QMI  (  493): qmi_qmux: TX failed, connection inactive or in reset, conn_id=29, status_flags=4
12-15 19:39:52.822 E/QC-QMI  (  493): qmi_ctl_tx_msg: qmi_qmux_tx_msg failed
12-15 19:39:52.822 E/QC-QMI  (  493): qmi_ctl_handle_request: qmi_ctl_tx_msg call failed
12-15 19:39:52.823 E/QC-QMI  (  493): qmi_qmux_open_connection: connection is disabled for conn_id=29
12-15 19:39:52.823 E/QC-QMI  (  493): qmi_qmux_tx_msg: failed to open inactive connd_id=29
12-15 19:39:52.823 E/QC-QMI  (  493): qmi_qmux: TX failed, connection inactive or in reset, conn_id=29, status_flags=4
12-15 19:39:52.823 E/QC-QMI  (  493): qmi_ctl_tx_msg: qmi_qmux_tx_msg failed
12-15 19:39:52.823 E/QC-QMI  (  493): qmi_ctl_handle_request: qmi_ctl_tx_msg call failed
12-15 19:39:52.823 E/QC-QMI  (  493): qmi_qmux_open_connection: connection is disabled for conn_id=48
12-15 19:39:52.823 E/QC-QMI  (  493): qmi_qmux_tx_msg: failed to open inactive connd_id=48
12-15 19:39:52.823 E/QC-QMI  (  493): qmi_qmux: TX failed, connection inactive or in reset, conn_id=48, status_flags=4
12-15 19:39:52.823 E/QC-QMI  (  493): qmi_ctl_tx_msg: qmi_qmux_tx_msg failed
12-15 19:39:52.823 E/QC-QMI  (  493): qmi_ctl_handle_request: qmi_ctl_tx_msg call failed
12-15 19:39:52.824 E/QC-QMI  (  493): qmi_qmux_open_connection: connection is disabled for conn_id=48
12-15 19:39:52.824 E/QC-QMI  (  493): qmi_qmux_tx_msg: failed to open inactive connd_id=48
12-15 19:39:52.824 E/QC-QMI  (  493): qmi_qmux: TX failed, connection inactive or in reset, conn_id=48, status_flags=4
12-15 19:39:52.824 E/QC-QMI  (  493): qmi_ctl_tx_msg: qmi_qmux_tx_msg failed
12-15 19:39:52.824 E/QC-QMI  (  493): qmi_ctl_handle_request: qmi_ctl_tx_msg call failed
12-15 19:39:52.825 E/QC-QMI  (  493): qmi_qmux_open_connection: connection is disabled for conn_id=57
12-15 19:39:52.825 E/QC-QMI  (  493): qmi_qmux_tx_msg: failed to open inactive connd_id=57
12-15 19:39:52.825 E/QC-QMI  (  493): qmi_qmux: TX failed, connection inactive or in reset, conn_id=57, status_flags=4
12-15 19:39:52.825 E/QC-QMI  (  493): qmi_ctl_tx_msg: qmi_qmux_tx_msg failed
12-15 19:39:52.825 E/QC-QMI  (  493): qmi_ctl_handle_request: qmi_ctl_tx_msg call failed
12-15 19:39:52.825 E/QC-QMI  (  493): qmi_qmux_open_connection: connection is disabled for conn_id=57
12-15 19:39:52.825 E/QC-QMI  (  493): qmi_qmux_tx_msg: failed to open inactive connd_id=57
12-15 19:39:52.825 E/QC-QMI  (  493): qmi_qmux: TX failed, connection inactive or in reset, conn_id=57, status_flags=4
12-15 19:39:52.825 E/QC-QMI  (  493): qmi_ctl_tx_msg: qmi_qmux_tx_msg failed
12-15 19:39:52.825 E/QC-QMI  (  493): qmi_ctl_handle_request: qmi_ctl_tx_msg call failed
12-15 19:39:52.828 E/QC-QMI  (  493): qmi_qmux_open_connection: connection is disabled for conn_id=29
12-15 19:39:52.828 E/QC-QMI  (  493): qmi_qmux_tx_msg: failed to open inactive connd_id=29
12-15 19:39:52.828 E/QC-QMI  (  493): qmi_qmux: TX failed, connection inactive or in reset, conn_id=29, status_flags=4
12-15 19:39:52.828 E/QC-QMI  (  493): qmi_ctl_tx_msg: qmi_qmux_tx_msg failed
12-15 19:39:52.828 E/QC-QMI  (  493): qmi_ctl_handle_request: qmi_ctl_tx_msg call failed
12-15 19:39:52.829 E/QC-QMI  (  493): qmi_qmux_open_connection: connection is disabled for conn_id=29
12-15 19:39:52.829 E/QC-QMI  (  493): qmi_qmux_tx_msg: failed to open inactive connd_id=29
12-15 19:39:52.829 E/QC-QMI  (  493): qmi_qmux: TX failed, connection inactive or in reset, conn_id=29, status_flags=4
12-15 19:39:52.829 E/QC-QMI  (  493): qmi_ctl_tx_msg: qmi_qmux_tx_msg failed
12-15 19:39:52.829 E/QC-QMI  (  493): qmi_ctl_handle_request: qmi_ctl_tx_msg call failed
12-15 19:39:52.830 E/QC-QMI  (  493): qmi_qmux_open_connection: connection is disabled for conn_id=48
12-15 19:39:52.830 E/QC-QMI  (  493): qmi_qmux_tx_msg: failed to open inactive connd_id=48
12-15 19:39:52.830 E/QC-QMI  (  493): qmi_qmux: TX failed, connection inactive or in reset, conn_id=48, status_flags=4
12-15 19:39:52.830 E/QC-QMI  (  493): qmi_ctl_tx_msg: qmi_qmux_tx_msg failed
12-15 19:39:52.830 E/QC-QMI  (  493): qmi_ctl_handle_request: qmi_ctl_tx_msg call failed
12-15 19:39:52.831 E/QC-QMI  (  493): qmi_qmux_open_connection: connection is disabled for conn_id=48
12-15 19:39:52.831 E/QC-QMI  (  493): qmi_qmux_tx_msg: failed to open inactive connd_id=48
12-15 19:39:52.831 E/QC-QMI  (  493): qmi_qmux: TX failed, connection inactive or in reset, conn_id=48, status_flags=4
12-15 19:39:52.831 E/QC-QMI  (  493): qmi_ctl_tx_msg: qmi_qmux_tx_msg failed
12-15 19:39:52.831 E/QC-QMI  (  493): qmi_ctl_handle_request: qmi_ctl_tx_msg call failed
12-15 19:39:52.831 E/QC-QMI  (  493): qmi_qmux_open_connection: connection is disabled for conn_id=57
12-15 19:39:52.832 E/QC-QMI  (  493): qmi_qmux_tx_msg: failed to open inactive connd_id=57
12-15 19:39:52.832 E/QC-QMI  (  493): qmi_qmux: TX failed, connection inactive or in reset, conn_id=57, status_flags=4
12-15 19:39:52.832 E/QC-QMI  (  493): qmi_ctl_tx_msg: qmi_qmux_tx_msg failed
12-15 19:39:52.832 E/QC-QMI  (  493): qmi_ctl_handle_request: qmi_ctl_tx_msg call failed
12-15 19:39:52.832 E/QC-QMI  (  493): qmi_qmux_open_connection: connection is disabled for conn_id=57
12-15 19:39:52.832 E/QC-QMI  (  493): qmi_qmux_tx_msg: failed to open inactive connd_id=57
12-15 19:39:52.832 E/QC-QMI  (  493): qmi_qmux: TX failed, connection inactive or in reset, conn_id=57, status_flags=4
12-15 19:39:52.832 E/QC-QMI  (  493): qmi_ctl_tx_msg: qmi_qmux_tx_msg failed
12-15 19:39:52.832 E/QC-QMI  (  493): qmi_ctl_handle_request: qmi_ctl_tx_msg call failed
12-15 19:39:52.833 E/QC-QMI  (  493): qmi_qmux_open_connection: connection is disabled for conn_id=29
12-15 19:39:52.833 E/QC-QMI  (  493): qmi_qmux_tx_msg: failed to open inactive connd_id=29
12-15 19:39:52.833 E/QC-QMI  (  493): qmi_qmux: TX failed, connection inactive or in reset, conn_id=29, status_flags=4
12-15 19:39:52.833 E/QC-QMI  (  493): qmi_ctl_tx_msg: qmi_qmux_tx_msg failed
12-15 19:39:52.833 E/QC-QMI  (  493): qmi_ctl_handle_request: qmi_ctl_tx_msg call failed
12-15 19:39:52.833 E/QC-QMI  (  493): qmi_qmux_open_connection: connection is disabled for conn_id=29
12-15 19:39:52.833 E/QC-QMI  (  493): qmi_qmux_tx_msg: failed to open inactive connd_id=29
12-15 19:39:52.834 E/QC-QMI  (  493): qmi_qmux: TX failed, connection inactive or in reset, conn_id=29, status_flags=4
12-15 19:39:52.834 E/QC-QMI  (  493): qmi_ctl_tx_msg: qmi_qmux_tx_msg failed
12-15 19:39:52.834 E/QC-QMI  (  493): qmi_ctl_handle_request: qmi_ctl_tx_msg call failed
12-15 19:39:52.834 E/QC-QMI  (  493): qmi_qmux_open_connection: connection is disabled for conn_id=48
12-15 19:39:52.834 E/QC-QMI  (  493): qmi_qmux_tx_msg: failed to open inactive connd_id=48
12-15 19:39:52.834 E/QC-QMI  (  493): qmi_qmux: TX failed, connection inactive or in reset, conn_id=48, status_flags=4
12-15 19:39:52.834 E/QC-QMI  (  493): qmi_ctl_tx_msg: qmi_qmux_tx_msg failed
12-15 19:39:52.834 E/QC-QMI  (  493): qmi_ctl_handle_request: qmi_ctl_tx_msg call failed
12-15 19:39:52.835 E/QC-QMI  (  493): qmi_qmux_open_connection: connection is disabled for conn_id=48
12-15 19:39:52.835 E/QC-QMI  (  493): qmi_qmux_tx_msg: failed to open inactive connd_id=48
12-15 19:39:52.835 E/QC-QMI  (  493): qmi_qmux: TX failed, connection inactive or in reset, conn_id=48, status_flags=4
12-15 19:39:52.835 E/QC-QMI  (  493): qmi_ctl_tx_msg: qmi_qmux_tx_msg failed
12-15 19:39:52.835 E/QC-QMI  (  493): qmi_ctl_handle_request: qmi_ctl_tx_msg call failed
12-15 19:39:52.836 E/QC-QMI  (  493): qmi_qmux_open_connection: connection is disabled for conn_id=57
12-15 19:39:52.836 E/QC-QMI  (  493): qmi_qmux_tx_msg: failed to open inactive connd_id=57
12-15 19:39:52.836 E/QC-QMI  (  493): qmi_qmux: TX failed, connection inactive or in reset, conn_id=57, status_flags=4
12-15 19:39:52.836 E/QC-QMI  (  493): qmi_ctl_tx_msg: qmi_qmux_tx_msg failed
12-15 19:39:52.836 E/QC-QMI  (  493): qmi_ctl_handle_request: qmi_ctl_tx_msg call failed
12-15 19:39:52.837 W/rild    (  612): type=1400 audit(0.0:52): avc: denied { read write } for name="diag" dev="tmpfs" ino=12506 scontext=u:r:rild:s0 tcontext=u:object_r:diag_device:s0 tclass=chr_file permissive=0
12-15 19:39:52.837 W/rild    (  612): type=1400 audit(0.0:53): avc: denied { read write } for name="diag" dev="tmpfs" ino=12506 scontext=u:r:rild:s0 tcontext=u:object_r:diag_device:s0 tclass=chr_file permissive=0
12-15 19:39:52.837 W/rild    (  612): type=1400 audit(0.0:54): avc: denied { read write } for name="diag" dev="tmpfs" ino=12506 scontext=u:r:rild:s0 tcontext=u:object_r:diag_device:s0 tclass=chr_file permissive=0
12-15 19:39:52.839 E/QC-QMI  (  493): qmi_qmux_open_connection: connection is disabled for conn_id=57
12-15 19:39:52.839 E/QC-QMI  (  493): qmi_qmux_tx_msg: failed to open inactive connd_id=57
12-15 19:39:52.839 E/QC-QMI  (  493): qmi_qmux: TX failed, connection inactive or in reset, conn_id=57, status_flags=4
12-15 19:39:52.839 E/QC-QMI  (  493): qmi_ctl_tx_msg: qmi_qmux_tx_msg failed
12-15 19:39:52.839 E/QC-QMI  (  493): qmi_ctl_handle_request: qmi_ctl_tx_msg call failed
12-15 19:39:52.851 E/Diag_Lib(  486):  Diag_LSM_Init: Failed to open handle to diag driver, error = 13
12-15 19:39:52.851 E/Diag_Lib(  486):  Diag_LSM_Init: Failed to open handle to diag driver, error = 13
12-15 19:39:52.852 E/Diag_Lib(  486):  Diag_LSM_Init: Failed to open handle to diag driver, error = 13
12-15 19:39:52.867 W/rild    (  612): type=1400 audit(0.0:55): avc: denied { read write } for name="diag" dev="tmpfs" ino=12506 scontext=u:r:rild:s0 tcontext=u:object_r:diag_device:s0 tclass=chr_file permissive=0
12-15 19:39:52.883 E/Diag_Lib(  486):  Diag_LSM_Init: Failed to open handle to diag driver, error = 13
12-15 19:39:52.890 E/QMI_FW  (  486): qcci_qmi_lge_vs_nv_init-entered!!!
12-15 19:39:52.891 E/QMI_FW  (  486): [VSS_QCCI]Daemon:qcci_qmi_lge_vs_nv_init: qmi_client_get_service_list returned 0 num_services 1
12-15 19:39:52.891 E/QMI_FW  (  486): [VSS_QCCI] qmi_client_get_service_list() returned 0 num_entries = 1 num_services = 1
12-15 19:39:52.891 E/QMI_FW  (  486): [VSS_QCCI] NV qmi_client_init returned 0
12-15 19:39:52.891 E/QMI_FW  (  486): [VSS_QCCI] Enter qcci_qmi_lge_vs_nv_init()----> nv_client = 0x18
12-15 19:39:52.891 E/QMI_FW  (  486): [VSS_QCCI] NV qmi_client_register_error_cb returned 0
12-15 19:39:52.891 E/QMI_FW  (  486): qcci_qmi_lge_vs_nv_init: [VSS_QCCI] NV Done initialization and send server connect callback req
12-15 19:39:52.891 E/QMI_FW  (  486): [VSS_QCCI] NV init Complete!!!
12-15 19:39:52.955 W/PackageManager(  878): Permission com.android.chrome.permission.DEBUG from package com.android.chrome in an unknown group android.permission-group.DEVELOPMENT_TOOLS
12-15 19:39:52.986 E/mm-camera-intf(  488): mm_camera_open:Failed with Connection timed out error, retrying after 20 milli-seconds
12-15 19:39:53.017 W/netmgrd (  496): type=1400 audit(0.0:56): avc: denied { read write } for name="diag" dev="tmpfs" ino=12506 scontext=u:r:netmgrd:s0 tcontext=u:object_r:diag_device:s0 tclass=chr_file permissive=0
12-15 19:39:53.017 E/mm-camera-isp2(  509): isp_module_start_session:360 num_session_opened 1
12-15 19:39:53.018 E/mm-camera-img(  509): module_imglib_start_session:1778 ###Img_Loglevel 1
12-15 19:39:53.020 E/mm-camera(  509): q3a_port_init:1753  q3a_port_init: 3A VERSION --> 4.1.0.r9
12-15 19:39:53.031 E/Diag_Lib(  496):  Diag_LSM_Init: Failed to open handle to diag driver, error = 13
12-15 19:39:53.036 E/QC-QMI  (  496): qmi_client [496] 13: failed to locate client data
12-15 19:39:53.037 E/QC-QMI  (  493): qmuxd: RX on fd=21 returned error=0 errno[2:No such file or directory]
12-15 19:39:53.037 E/QC-QMI  (  493): QMUX qmux_client_id=13 not found in qmux client list, unable to remove
12-15 19:39:53.039 E/libaprpmem(  509): 
12-15 19:39:53.039 E/libaprpmem(  509):  Ion allocation success virtaddr : ret=4033114112 fd=42 heapid=33554432
12-15 19:39:53.044 E/libaprpmem(  509): 
12-15 19:39:53.044 E/libaprpmem(  509):  Ion allocation success virtaddr : ret=4029145088 fd=43 heapid=33554432
12-15 19:39:53.052 E/libaprpmem(  509): 
12-15 19:39:53.052 E/libaprpmem(  509):  Ion allocation success virtaddr : ret=4021207040 fd=44 heapid=33554432
12-15 19:39:53.058 E/libaprpmem(  509): 
12-15 19:39:53.058 E/libaprpmem(  509):  Ion allocation success virtaddr : ret=4017025024 fd=45 heapid=33554432
12-15 19:39:53.065 E/mm-camera-sensor(  509): sensor_sdk_util_get_kernel_i2c_addr_type:26Invalid addr_type = 0
12-15 19:39:53.065 E/mm-camera-sensor(  509): sensor_sdk_util_get_kernel_i2c_data_type:40Invalid addr_type = 0
12-15 19:39:53.068 E/libaprpmem(  509): 
12-15 19:39:53.068 E/libaprpmem(  509):  Ion allocation success virtaddr : ret=4008660992 fd=47 heapid=33554432
12-15 19:39:53.078 E/mm-camera-sensor(  509): sensor_sdk_util_get_kernel_i2c_data_type:40Invalid addr_type = 0
12-15 19:39:53.079 E/mm-camera-sensor(  509): sensor_sdk_util_get_kernel_i2c_addr_type:26Invalid addr_type = 0
12-15 19:39:53.080 E/libaprpmem(  509): 
12-15 19:39:53.080 E/libaprpmem(  509):  Ion allocation success virtaddr : ret=4004478976 fd=46 heapid=33554432
12-15 19:39:53.085 E/libaprpmem(  509): 
12-15 19:39:53.085 E/libaprpmem(  509):  Ion allocation success virtaddr : ret=4000296960 fd=48 heapid=33554432
12-15 19:39:53.120 E/mm-camera(  509): mct: mct_pipeline_start_stream_internal: Adding session stream streamid= 0xf for session=1
12-15 19:39:53.121 E/mm-camera(  509): mct: mct_pipeline_start_stream_internal:Linking session stream for session 1
12-15 19:39:53.123 E/mm-camera(  509): mct: mct_pipeline_start_stream_internal:Session stream linked successfully session 1
12-15 19:39:53.127 E/mm-camera-isp2(  509): isp_resource_query_mod:145 num_isp_preallocate 0 num_session_opened 1 dual_vfe_enabled 0
12-15 19:39:53.127 E/mm-camera(  509): module_faceproc_query_mod:1916] Caps ROI 10 scene_mode_cnt 1 HW analysis supported 0
12-15 19:39:53.127 E/mm-camera(  509): mct: mct_pipeline_populate_query_cap_buffer: 3A VERSION:: 4.1.0.r9
12-15 19:39:53.129 E/mm-camera(  509): mct: mct_pipeline_process_set:2298: Couldn't find stream id: 0
12-15 19:39:53.131 E/mm-camera(  509): port_iface_ext_unlink_func: E, identity = 0x1000f, port = 0xf4e16c00, direction = 2
12-15 19:39:53.131 E/mm-camera(  509): port_iface_check_caps_unreserve_func:  E, identity = 0x1000f, port = 0xf4e16c00, direction = 2
12-15 19:39:53.131 E/mm-camera(  509): iface_unreserve_sink_port: stream_id f mode 0 
12-15 19:39:53.131 E/mm-camera(  509): port_iface_ext_unlink_func: E, identity = 0x1000f, port = 0xf4e16f00, direction = 1
12-15 19:39:53.131 E/mm-camera(  509): iface_ext_unlink_src_port: mct stream already removed from hw stream
12-15 19:39:53.131 E/mm-camera(  509): port_iface_check_caps_unreserve_func:  E, identity = 0x1000f, port = 0xf4e16f00, direction = 1
12-15 19:39:53.131 E/mm-camera(  509): isp_port_check_caps_unreserve:844 ide 1000f port 0xf4cfabe0
12-15 19:39:53.131 E/mm-camera(  509): c2d_port_check_caps_unreserve:183, identity=0x1000f
12-15 19:39:53.131 E/mm-camera(  509): c2d_port_check_caps_unreserve:193, identity=0x1000f, unreserved
12-15 19:39:53.131 E/mm-camera(  509): c2d_port_check_caps_unreserve:183, identity=0x1000f
12-15 19:39:53.131 E/mm-camera(  509): c2d_port_check_caps_unreserve:193, identity=0x1000f, unreserved
12-15 19:39:53.131 E/mm-camera(  509): cpp_port_check_caps_unreserve:164, identity=0x1000f
12-15 19:39:53.131 E/mm-camera(  509): cpp_port_check_caps_unreserve:174, identity=0x1000f, unreserved
12-15 19:39:53.131 E/mm-camera(  509): cpp_port_check_caps_unreserve:164, identity=0x1000f
12-15 19:39:53.131 E/mm-camera(  509): cpp_port_check_caps_unreserve:174, identity=0x1000f, unreserved
12-15 19:39:53.132 E/mm-camera(  509): q3a_thread_af_stop:672  q3a_thread_af_stop:672 MSG_STOP_THREAD
12-15 19:39:53.132 D/mm-camera(  509): stats_port_delete_reserved_stream:2340: going to NULL peer
12-15 19:39:53.133 E/mm-camera-isp2(  509): isp_module_stop_session:437 session id 1
12-15 19:39:53.134 E/mm-camera(  509): cpp_module_stop_session:536, info: stopping session 1 ...
12-15 19:39:53.134 E/mm-camera(  509): cpp_thread_process_pipe_message:581, CPP_THREAD_MSG_ABORT: cpp_thread exiting..
12-15 19:39:53.135 E/mm-camera(  509): module_faceproc_stop_session:1804] session cnt 1
12-15 19:39:53.137 E/mm-camera(  509): cpp_module_stop_session:585, info: session 1 stopped.
12-15 19:39:53.137 E/mm-camera(  509): c2d_module_stop_session:354, info: stopping session 1 ...
12-15 19:39:53.137 E/mm-camera(  509): c2d_thread_process_pipe_message:830, C2D_THREAD_MSG_ABORT: c2d_thread exiting..
12-15 19:39:53.138 E/mm-camera(  509): c2d_module_stop_session:399, info: session 1 stopped.
12-15 19:39:53.140 E/cac2    (  509):  [cac2latency] cac2_destroy_buffers: 0 ms 
12-15 19:39:53.145 D/QCamera3HWI(  488): int qcamera::lookupFwkName(const mapType*, size_t, halType) [with halType = cam_effect_mode_type; mapType = qcamera::QCamera3HardwareInterface::QCameraMap<camera_metadata_enum_android_control_effect_mode, cam_effect_mode_type>; size_t = unsigned int]: Cannot find matching framework type
12-15 19:39:53.146 D/QCamera3HWI(  488): int qcamera::lookupFwkName(const mapType*, size_t, halType) [with halType = cam_effect_mode_type; mapType = qcamera::QCamera3HardwareInterface::QCameraMap<camera_metadata_enum_android_control_effect_mode, cam_effect_mode_type>; size_t = unsigned int]: Cannot find matching framework type
12-15 19:39:53.146 D/QCamera3HWI(  488): int qcamera::lookupFwkName(const mapType*, size_t, halType) [with halType = cam_effect_mode_type; mapType = qcamera::QCamera3HardwareInterface::QCameraMap<camera_metadata_enum_android_control_effect_mode, cam_effect_mode_type>; size_t = unsigned int]: Cannot find matching framework type
12-15 19:39:53.146 D/QCamera3HWI(  488): int qcamera::lookupFwkName(const mapType*, size_t, halType) [with halType = cam_scene_mode_type; mapType = qcamera::QCamera3HardwareInterface::QCameraMap<camera_metadata_enum_android_control_scene_mode, cam_scene_mode_type>; size_t = unsigned int]: Cannot find matching framework type
12-15 19:39:53.146 D/QCamera3HWI(  488): int qcamera::lookupFwkName(const mapType*, size_t, halType) [with halType = cam_scene_mode_type; mapType = qcamera::QCamera3HardwareInterface::QCameraMap<camera_metadata_enum_android_control_scene_mode, cam_scene_mode_type>; size_t = unsigned int]: Cannot find matching framework type
12-15 19:39:53.146 D/QCamera3HWI(  488): int qcamera::lookupFwkName(const mapType*, size_t, halType) [with halType = cam_scene_mode_type; mapType = qcamera::QCamera3HardwareInterface::QCameraMap<camera_metadata_enum_android_control_scene_mode, cam_scene_mode_type>; size_t = unsigned int]: Cannot find matching framework type
12-15 19:39:53.146 D/QCamera3HWI(  488): int qcamera::lookupFwkName(const mapType*, size_t, halType) [with halType = cam_scene_mode_type; mapType = qcamera::QCamera3HardwareInterface::QCameraMap<camera_metadata_enum_android_control_scene_mode, cam_scene_mode_type>; size_t = unsigned int]: Cannot find matching framework type
12-15 19:39:53.146 D/QCamera3HWI(  488): int qcamera::lookupFwkName(const mapType*, size_t, halType) [with halType = cam_focus_mode_type; mapType = qcamera::QCamera3HardwareInterface::QCameraMap<camera_metadata_enum_android_control_af_mode, cam_focus_mode_type>; size_t = unsigned int]: Cannot find matching framework type
12-15 19:39:53.147 D/QCamera3HWI(  488): int qcamera::lookupFwkName(const mapType*, size_t, halType) [with halType = cam_focus_mode_type; mapType = qcamera::QCamera3HardwareInterface::QCameraMap<camera_metadata_enum_android_control_af_mode, cam_focus_mode_type>; size_t = unsigned int]: Cannot find matching framework type
12-15 19:39:53.147 D/QCamera3HWI(  488): int qcamera::lookupFwkName(const mapType*, size_t, halType) [with halType = cam_wb_mode_type; mapType = qcamera::QCamera3HardwareInterface::QCameraMap<camera_metadata_enum_android_control_awb_mode, cam_wb_mode_type>; size_t = unsigned int]: Cannot find matching framework type
12-15 19:39:53.147 D/QCamera3HWI(  488): int qcamera::lookupFwkName(const mapType*, size_t, halType) [with halType = cam_wb_mode_type; mapType = qcamera::QCamera3HardwareInterface::QCameraMap<camera_metadata_enum_android_control_awb_mode, cam_wb_mode_type>; size_t = unsigned int]: Cannot find matching framework type
12-15 19:39:53.147 E/Camera2-Metadata(  488): Update metadata entry: Unknown tag -2147352575
12-15 19:39:53.147 E/Camera2-Metadata(  488): Update metadata entry: Unknown tag -2147352576
12-15 19:39:53.147 I/QCamera3HWI(  488): static int qcamera::QCamera3HardwareInterface::getCamInfo(uint32_t, camera_info*): camera 0 resource cost is 100
12-15 19:39:53.153 E/mm-camera-img(  509): module_imglib_start_session:1778 ###Img_Loglevel 1
12-15 19:39:53.155 W/PackageManager(  878): Permission com.google.android.apps.docs.permission.READ_MY_DATA from package com.google.android.apps.docs in an unknown group android.permission-group.PERSONAL_INFO
12-15 19:39:53.155 W/PackageManager(  878): Permission com.google.android.apps.docs.permission.SYNC_STATUS from package com.google.android.apps.docs in an unknown group android.permission-group.PERSONAL_INFO
12-15 19:39:53.157 E/mm-camera(  509): q3a_port_init:1753  q3a_port_init: 3A VERSION --> 4.1.0.r9
12-15 19:39:53.158 E/mm-camera-isp2(  509): isp_module_start_session:360 num_session_opened 1
12-15 19:39:53.168 E/libaprpmem(  509): 
12-15 19:39:53.168 E/libaprpmem(  509):  Ion allocation success virtaddr : ret=4033114112 fd=38 heapid=33554432
12-15 19:39:53.171 E/libaprpmem(  509): 
12-15 19:39:53.171 E/libaprpmem(  509):  Ion allocation success virtaddr : ret=4029145088 fd=41 heapid=33554432
12-15 19:39:53.175 E/libaprpmem(  509): 
12-15 19:39:53.175 E/libaprpmem(  509):  Ion allocation success virtaddr : ret=4021207040 fd=42 heapid=33554432
12-15 19:39:53.179 E/libaprpmem(  509): 
12-15 19:39:53.179 E/libaprpmem(  509):  Ion allocation success virtaddr : ret=4017025024 fd=43 heapid=33554432
12-15 19:39:53.183 E/libaprpmem(  509): 
12-15 19:39:53.183 E/libaprpmem(  509):  Ion allocation success virtaddr : ret=4008660992 fd=44 heapid=33554432
12-15 19:39:53.187 E/libaprpmem(  509): 
12-15 19:39:53.187 E/libaprpmem(  509):  Ion allocation success virtaddr : ret=4004478976 fd=45 heapid=33554432
12-15 19:39:53.190 E/libaprpmem(  509): 
12-15 19:39:53.190 E/libaprpmem(  509):  Ion allocation success virtaddr : ret=4000296960 fd=46 heapid=33554432
12-15 19:39:53.219 E/mm-camera(  509): mct: mct_pipeline_start_stream_internal: Adding session stream streamid= 0xf for session=2
12-15 19:39:53.219 E/mm-camera(  509): mct: mct_pipeline_start_stream_internal:Linking session stream for session 2
12-15 19:39:53.220 E/mm-camera-sensor(  509): port_sensor_caps_reserve:86session id doesn't match
12-15 19:39:53.220 E/mm-camera-sensor(  509): port_sensor_caps_reserve:86session id doesn't match
12-15 19:39:53.220 E/mm-camera(  509): iface_util_find_primary_cid:84 error cannot find primary sensor format cids 1
12-15 19:39:53.222 E/mm-camera(  509): mct: mct_pipeline_start_stream_internal:Session stream linked successfully session 2
12-15 19:39:53.222 E/mm-camera(  509): module_sensor_query_mod:5580led flash is not supported for this sensor.
12-15 19:39:53.222 E/mm-camera-isp2(  509): isp_resource_query_mod:145 num_isp_preallocate 0 num_session_opened 1 dual_vfe_enabled 0
12-15 19:39:53.222 E/mm-camera(  509): module_faceproc_query_mod:1916] Caps ROI 10 scene_mode_cnt 1 HW analysis supported 0
12-15 19:39:53.223 E/mm-camera(  509): mct: mct_pipeline_populate_query_cap_buffer: 3A VERSION:: 4.1.0.r9
12-15 19:39:53.224 E/mm-camera(  509): mct: mct_pipeline_process_set:2298: Couldn't find stream id: 0
12-15 19:39:53.224 E/mm-camera(  509): port_iface_ext_unlink_func: E, identity = 0x2000f, port = 0xf4e16c00, direction = 2
12-15 19:39:53.225 E/mm-camera(  509): port_iface_check_caps_unreserve_func:  E, identity = 0x2000f, port = 0xf4e16c00, direction = 2
12-15 19:39:53.225 E/mm-camera(  509): iface_unreserve_sink_port: stream_id f mode 0 
12-15 19:39:53.225 E/mm-camera(  509): port_iface_ext_unlink_func: E, identity = 0x2000f, port = 0xf4e16f00, direction = 1
12-15 19:39:53.225 E/mm-camera(  509): iface_ext_unlink_src_port: mct stream already removed from hw stream
12-15 19:39:53.225 E/mm-camera(  509): port_iface_check_caps_unreserve_func:  E, identity = 0x2000f, port = 0xf4e16f00, direction = 1
12-15 19:39:53.225 E/mm-camera(  509): isp_port_check_caps_unreserve:844 ide 2000f port 0xf4cfabe0
12-15 19:39:53.225 E/mm-camera(  509): c2d_port_check_caps_unreserve:183, identity=0x2000f
12-15 19:39:53.225 E/mm-camera(  509): c2d_port_check_caps_unreserve:193, identity=0x2000f, unreserved
12-15 19:39:53.225 E/mm-camera(  509): c2d_port_check_caps_unreserve:183, identity=0x2000f
12-15 19:39:53.225 E/mm-camera(  509): c2d_port_check_caps_unreserve:193, identity=0x2000f, unreserved
12-15 19:39:53.225 E/mm-camera(  509): cpp_port_check_caps_unreserve:164, identity=0x2000f
12-15 19:39:53.225 E/mm-camera(  509): cpp_port_check_caps_unreserve:174, identity=0x2000f, unreserved
12-15 19:39:53.225 E/mm-camera(  509): cpp_port_check_caps_unreserve:164, identity=0x2000f
12-15 19:39:53.225 E/mm-camera(  509): cpp_port_check_caps_unreserve:174, identity=0x2000f, unreserved
12-15 19:39:53.226 E/mm-camera(  509): q3a_thread_af_stop:672  q3a_thread_af_stop:672 MSG_STOP_THREAD
12-15 19:39:53.227 D/mm-camera(  509): stats_port_delete_reserved_stream:2340: going to NULL peer
12-15 19:39:53.228 E/mm-camera-isp2(  509): isp_module_stop_session:437 session id 2
12-15 19:39:53.230 E/mm-camera(  509): cpp_module_stop_session:536, info: stopping session 2 ...
12-15 19:39:53.231 E/mm-camera(  509): cpp_thread_process_pipe_message:581, CPP_THREAD_MSG_ABORT: cpp_thread exiting..
12-15 19:39:53.233 E/mm-camera(  509): module_faceproc_stop_session:1804] session cnt 1
12-15 19:39:53.235 E/mm-camera(  509): cpp_module_stop_session:585, info: session 2 stopped.
12-15 19:39:53.235 E/mm-camera(  509): c2d_module_stop_session:354, info: stopping session 2 ...
12-15 19:39:53.235 E/mm-camera(  509): c2d_thread_process_pipe_message:830, C2D_THREAD_MSG_ABORT: c2d_thread exiting..
12-15 19:39:53.237 E/mm-camera(  509): c2d_module_stop_session:399, info: session 2 stopped.
12-15 19:39:53.239 E/cac2    (  509):  [cac2latency] cac2_destroy_buffers: 0 ms 
12-15 19:39:53.256 D/QCamera3HWI(  488): int qcamera::lookupFwkName(const mapType*, size_t, halType) [with halType = cam_effect_mode_type; mapType = qcamera::QCamera3HardwareInterface::QCameraMap<camera_metadata_enum_android_control_effect_mode, cam_effect_mode_type>; size_t = unsigned int]: Cannot find matching framework type
12-15 19:39:53.256 D/QCamera3HWI(  488): int qcamera::lookupFwkName(const mapType*, size_t, halType) [with halType = cam_effect_mode_type; mapType = qcamera::QCamera3HardwareInterface::QCameraMap<camera_metadata_enum_android_control_effect_mode, cam_effect_mode_type>; size_t = unsigned int]: Cannot find matching framework type
12-15 19:39:53.256 D/QCamera3HWI(  488): int qcamera::lookupFwkName(const mapType*, size_t, halType) [with halType = cam_effect_mode_type; mapType = qcamera::QCamera3HardwareInterface::QCameraMap<camera_metadata_enum_android_control_effect_mode, cam_effect_mode_type>; size_t = unsigned int]: Cannot find matching framework type
12-15 19:39:53.256 D/QCamera3HWI(  488): int qcamera::lookupFwkName(const mapType*, size_t, halType) [with halType = cam_scene_mode_type; mapType = qcamera::QCamera3HardwareInterface::QCameraMap<camera_metadata_enum_android_control_scene_mode, cam_scene_mode_type>; size_t = unsigned int]: Cannot find matching framework type
12-15 19:39:53.256 D/QCamera3HWI(  488): int qcamera::lookupFwkName(const mapType*, size_t, halType) [with halType = cam_scene_mode_type; mapType = qcamera::QCamera3HardwareInterface::QCameraMap<camera_metadata_enum_android_control_scene_mode, cam_scene_mode_type>; size_t = unsigned int]: Cannot find matching framework type
12-15 19:39:53.256 D/QCamera3HWI(  488): int qcamera::lookupFwkName(const mapType*, size_t, halType) [with halType = cam_scene_mode_type; mapType = qcamera::QCamera3HardwareInterface::QCameraMap<camera_metadata_enum_android_control_scene_mode, cam_scene_mode_type>; size_t = unsigned int]: Cannot find matching framework type
12-15 19:39:53.256 D/QCamera3HWI(  488): int qcamera::lookupFwkName(const mapType*, size_t, halType) [with halType = cam_scene_mode_type; mapType = qcamera::QCamera3HardwareInterface::QCameraMap<camera_metadata_enum_android_control_scene_mode, cam_scene_mode_type>; size_t = unsigned int]: Cannot find matching framework type
12-15 19:39:53.256 D/QCamera3HWI(  488): int qcamera::lookupFwkName(const mapType*, size_t, halType) [with halType = cam_wb_mode_type; mapType = qcamera::QCamera3HardwareInterface::QCameraMap<camera_metadata_enum_android_control_awb_mode, cam_wb_mode_type>; size_t = unsigned int]: Cannot find matching framework type
12-15 19:39:53.256 D/QCamera3HWI(  488): int qcamera::lookupFwkName(const mapType*, size_t, halType) [with halType = cam_wb_mode_type; mapType = qcamera::QCamera3HardwareInterface::QCameraMap<camera_metadata_enum_android_control_awb_mode, cam_wb_mode_type>; size_t = unsigned int]: Cannot find matching framework type
12-15 19:39:53.256 E/Camera2-Metadata(  488): Update metadata entry: Unknown tag -2147352575
12-15 19:39:53.256 E/Camera2-Metadata(  488): Update metadata entry: Unknown tag -2147352576
12-15 19:39:53.256 I/QCamera3HWI(  488): static int qcamera::QCamera3HardwareInterface::getCamInfo(uint32_t, camera_info*): camera 1 resource cost is 77
12-15 19:39:53.256 I/CameraService(  488): Loaded "QCamera Module" camera module
12-15 19:39:53.257 I/QCamera3HWI(  488): static int qcamera::QCamera3HardwareInterface::getCamInfo(uint32_t, camera_info*): camera 0 resource cost is 100
12-15 19:39:53.257 I/QCamera3HWI(  488): static int qcamera::QCamera3HardwareInterface::getCamInfo(uint32_t, camera_info*): camera 1 resource cost is 77
12-15 19:39:53.258 I/ServiceManager(  488): Waiting for service media.camera.proxy...
12-15 19:39:53.346 W/PackageParser(  878): Ignoring duplicate uses-permissions/uses-permissions-sdk-m: android.permission.ACCESS_NETWORK_STATE in package: com.google.android.inputmethod.japanese at: Binary XML file line #26
12-15 19:39:53.346 W/PackageParser(  878): Ignoring duplicate uses-permissions/uses-permissions-sdk-m: android.permission.INTERNET in package: com.google.android.inputmethod.japanese at: Binary XML file line #27
12-15 19:39:53.368 I/ServiceManager(  510): Waiting for service AtCmdFwd...
12-15 19:39:53.507 W/PackageParser(  878): Ignoring duplicate uses-permissions/uses-permissions-sdk-m: android.permission.INTERNET in package: com.google.android.talk at: Binary XML file line #161
12-15 19:39:53.508 W/PackageParser(  878): Ignoring duplicate uses-permissions/uses-permissions-sdk-m: android.permission.USE_CREDENTIALS in package: com.google.android.talk at: Binary XML file line #164
12-15 19:39:53.508 W/PackageParser(  878): Ignoring duplicate uses-permissions/uses-permissions-sdk-m: android.permission.ACCESS_NETWORK_STATE in package: com.google.android.talk at: Binary XML file line #166
12-15 19:39:53.751 D/vold    (  338): Disk at 253:0 changed
12-15 19:39:53.785 E/slim_daemon(  586): [NDK] bindNDKSensors: Sensor server is unavailable.
12-15 19:39:53.812 W/PackageParser(  878): Ignoring duplicate uses-permissions/uses-permissions-sdk-m: android.permission.WAKE_LOCK in package: com.google.android.apps.maps at: Binary XML file line #95
12-15 19:39:54.016 I/MSM-irqbalance(  373): Discovered a new IRQ: 81
12-15 19:39:54.017 W/PackageParser(  878): Ignoring duplicate uses-permissions/uses-permissions-sdk-m: android.permission.CHANGE_WIFI_STATE in package: com.android.nfc at: Binary XML file line #47
12-15 19:39:54.017 W/PackageParser(  878): Ignoring duplicate uses-permissions/uses-permissions-sdk-m: android.permission.ACCESS_WIFI_STATE in package: com.android.nfc at: Binary XML file line #48
12-15 19:39:54.092 W/PackageParser(  878): Problem in package /system/app/Photos/Photos.apk:
12-15 19:39:54.092 W/PackageParser(  878): Unknown element under <activity>: category at /system/app/Photos/Photos.apk Binary XML file line #649
12-15 19:39:54.138 W/PackageManager(  878): Permission com.google.android.apps.photos.permission.GOOGLE_PHOTOS_PROVIDER from package com.google.android.apps.photos in an unknown group android.permission-group.PERSONAL_INFO
12-15 19:39:54.258 I/ServiceManager(  488): Waiting for service media.camera.proxy...
12-15 19:39:54.368 I/ServiceManager(  510): Waiting for service AtCmdFwd...
12-15 19:39:54.438 W/PackageManager(  878): Permission com.google.android.gm.email.permission.READ_ATTACHMENT from package com.google.android.gm in an unknown group android.permission-group.MESSAGES
12-15 19:39:54.438 W/PackageManager(  878): Permission com.google.android.gm.permission.READ_GMAIL from package com.google.android.gm in an unknown group android.permission-group.MESSAGES
12-15 19:39:54.438 W/PackageManager(  878): Permission com.google.android.gm.permission.WRITE_GMAIL from package com.google.android.gm in an unknown group android.permission-group.MESSAGES
12-15 19:39:54.438 W/PackageManager(  878): Permission com.google.android.gm.permission.AUTO_SEND from package com.google.android.gm in an unknown group android.permission-group.MESSAGES
12-15 19:39:54.438 W/PackageManager(  878): Permission com.google.android.gm.permission.READ_CONTENT_PROVIDER from package com.google.android.gm in an unknown group android.permission-group.MESSAGES
12-15 19:39:54.597 W/PackageParser(  878): Ignoring duplicate uses-permissions/uses-permissions-sdk-m: android.permission.READ_PHONE_STATE in package: com.google.android.videos at: Binary XML file line #7
12-15 19:39:54.785 E/slim_daemon(  586): [NDK] bindNDKSensors: Sensor server is unavailable.
12-15 19:39:54.871 D/PackageManager(  878): No files in app dir /oem/app
12-15 19:39:54.911 I/SELinux (  878): SELinux: Loaded file_contexts contexts from /file_contexts.
12-15 19:39:54.923 D/PackageManager(  878): No files in app dir /data/app-private
12-15 19:39:54.924 W/PackageManager(  878): Package com.google.android.gms desires unavailable shared library com.google.android.ble; ignoring!
12-15 19:39:54.924 W/PackageManager(  878): Package com.google.android.GoogleCamera desires unavailable shared library com.google.android.gestureservice; ignoring!
12-15 19:39:54.924 W/PackageManager(  878): Package com.google.android.GoogleCamera desires unavailable shared library com.google.android.camera2; ignoring!
12-15 19:39:54.924 I/PackageManager(  878): Adjusting ABI for : com.google.android.backuptransport to arm64-v8a
12-15 19:39:54.925 I/PackageManager(  878): Adjusting ABI for : com.google.android.gsf to arm64-v8a
12-15 19:39:54.926 I/PackageManager(  878): Adjusting ABI for : com.google.android.gsf.login to arm64-v8a
12-15 19:39:54.926 I/PackageManager(  878): Adjusting ABI for : com.qualcomm.timeservice to arm64-v8a
12-15 19:39:54.927 I/PackageManager(  878): Adjusting ABI for : com.lge.HiddenMenu to arm64-v8a
12-15 19:39:54.927 I/PackageManager(  878): Adjusting ABI for : com.android.location.fused to arm64-v8a
12-15 19:39:54.927 I/PackageManager(  878): Adjusting ABI for : com.android.server.telecom to arm64-v8a
12-15 19:39:54.927 I/PackageManager(  878): Adjusting ABI for : com.android.keychain to arm64-v8a
12-15 19:39:54.928 I/PackageManager(  878): Adjusting ABI for : com.android.providers.settings to arm64-v8a
12-15 19:39:54.928 I/PackageManager(  878): Adjusting ABI for : com.android.settings to arm64-v8a
12-15 19:39:54.928 I/PackageManager(  878): Adjusting ABI for : com.quicinc.cne.CNEService to arm64-v8a
12-15 19:39:54.929 I/PackageManager(  878): Adjusting ABI for : com.android.inputdevices to arm64-v8a
12-15 19:39:54.929 I/PackageManager(  878): Adjusting ABI for : com.qualcomm.atfwd to arm64-v8a
12-15 19:39:54.929 I/PackageManager(  878): Adjusting ABI for : com.qualcomm.qti.rcsimsbootstraputil to arm64-v8a
12-15 19:39:54.929 I/PackageManager(  878): Adjusting ABI for : com.android.sdm.plugins.dcmo to arm64-v8a
12-15 19:39:54.930 I/PackageManager(  878): Adjusting ABI for : com.android.sdm.plugins.sprintdm to arm64-v8a
12-15 19:39:54.930 I/PackageManager(  878): Adjusting ABI for : com.qualcomm.qcrilmsgtunnel to arm64-v8a
12-15 19:39:54.930 I/PackageManager(  878): Adjusting ABI for : com.android.sdm.plugins.diagmon to arm64-v8a
12-15 19:39:54.930 I/PackageManager(  878): Adjusting ABI for : com.android.sdm.plugins.connmo to arm64-v8a
12-15 19:39:54.931 I/PackageManager(  878): Adjusting ABI for : com.android.mms.service to arm64-v8a
12-15 19:39:54.931 I/PackageManager(  878): Adjusting ABI for : com.qti.qualcomm.datastatusnotification to arm64-v8a
12-15 19:39:54.931 I/PackageManager(  878): Adjusting ABI for : com.qualcomm.qti.rcsbootstraputil to arm64-v8a
12-15 19:39:54.931 I/PackageManager(  878): Adjusting ABI for : com.android.stk to arm64-v8a
12-15 19:39:54.932 I/PackageManager(  878): Adjusting ABI for : com.android.providers.telephony to arm64-v8a
12-15 19:39:54.932 I/PackageManager(  878): Adjusting ABI for : com.android.phone to arm64-v8a
12-15 19:39:54.935 I/PackageManager(  878): Time to scan packages: 4.172 seconds
12-15 19:39:54.936 W/PackageManager(  878): Not granting permission android.permission.MANAGE_DOCUMENTS to package com.google.android.youtube (protectionLevel=2 flags=0x38583e45)
12-15 19:39:54.936 W/PackageManager(  878): Not granting permission com.google.android.googleapps.permission.GOOGLE_AUTH to package com.google.android.youtube (protectionLevel=2 flags=0x38583e45)
12-15 19:39:54.936 W/PackageManager(  878): Not granting permission com.google.android.googleapps.permission.GOOGLE_AUTH.youtube to package com.google.android.youtube (protectionLevel=2 flags=0x38583e45)
12-15 19:39:54.936 W/PackageManager(  878): Not granting permission com.google.android.googleapps.permission.GOOGLE_AUTH.YouTubeUser to package com.google.android.youtube (protectionLevel=2 flags=0x38583e45)
12-15 19:39:54.937 W/PackageManager(  878): Unknown permission com.google.android.voicesearch.SHORTCUTS_ACCESS in package com.google.android.googlequicksearchbox
12-15 19:39:54.937 W/PackageManager(  878): Unknown permission com.google.android.voicesearch.ACCESS_SETTINGS in package com.google.android.googlequicksearchbox
12-15 19:39:54.937 W/PackageManager(  878): Unknown permission com.android.browser.permission.PRELOAD in package com.google.android.googlequicksearchbox
12-15 19:39:54.937 W/PackageManager(  878): Unknown permission com.google.android.ears.permission.WRITE in package com.google.android.googlequicksearchbox
12-15 19:39:54.937 W/PackageManager(  878): Unknown permission com.google.android.apps.googlevoice.permission.AUTO_SEND in package com.google.android.googlequicksearchbox
12-15 19:39:54.937 W/PackageManager(  878): Unknown permission com.android.chrome.PRERENDER_URL in package com.google.android.googlequicksearchbox
12-15 19:39:54.937 W/PackageManager(  878): Not granting permission com.google.android.googleapps.permission.GOOGLE_AUTH to package com.android.providers.calendar (protectionLevel=2 flags=0x30083e45)
12-15 19:39:54.937 W/PackageManager(  878): Not granting permission com.google.android.googleapps.permission.GOOGLE_AUTH.cl to package com.android.providers.calendar (protectionLevel=2 flags=0x30083e45)
12-15 19:39:54.938 W/PackageManager(  878): Unknown permission com.android.nfc.permission.NFCEE_ADMIN in package org.simalliance.openmobileapi.service
