--------- beginning of main
02-24 20:25:04.525 W/auditd  (  334): type=2000 audit(0.0:1): initialized
--------- beginning of system
02-24 20:25:07.445 I/vold    (  337): Vold 3.0 (the awakening) firing up
02-24 20:25:07.445 V/vold    (  337): Detected support for: ext4 vfat
02-24 20:25:07.712 I/lowmemorykiller(  370): Using in-kernel low memory killer interface
02-24 20:25:07.720 I/MSM-irqbalance(  376): msm-irq_balance (1.3) initialized
02-24 20:25:07.720 I/MSM-irqbalance(  376): Configuration
02-24 20:25:07.720 I/MSM-irqbalance(  376): Rate: 0.2 Hz
02-24 20:25:07.720 I/MSM-irqbalance(  376): Decay Factor: 75.0
02-24 20:25:07.720 I/MSM-irqbalance(  376): Balancing Factor: 0.1
02-24 20:25:07.720 I/MSM-irqbalance(  376): Debug Log: OFF
02-24 20:25:07.720 I/MSM-irqbalance(  376): Cfg file: /vendor/etc/msm_irqbalance.conf
02-24 20:25:07.720 I/MSM-irqbalance(  376): CPU PRIO: CPU0: 1 CPU1: 1 CPU2: 1 CPU3: 1 CPU4: 0 CPU5: 0 
02-24 20:25:07.720 I/MSM-irqbalance(  376): Ignored IRQs: 20 40 200 203 155 157 
02-24 20:25:07.729 I/rmt_storage(  373): Shared memory initialised successfully.
02-24 20:25:07.731 I/rmt_storage(  373): No EBR found
02-24 20:25:07.731 I/rmt_storage(  373): Error (-1) parsing MBR partitions
02-24 20:25:07.731 I/rmt_storage(  373): Registering modemst1: 0x4a /boot/modem_fs1
02-24 20:25:07.731 I/rmt_storage(  373): Registering modemst2: 0x4b /boot/modem_fs2
02-24 20:25:07.731 I/rmt_storage(  373): Registering fsc: 0xff /boot/modem_fsc
02-24 20:25:07.731 I/rmt_storage(  373): Registering fsg: 0x58 /boot/modem_fsg
02-24 20:25:07.731 I/rmt_storage(  373): 4 GPT partitions found
02-24 20:25:07.731 I/rmt_storage(  373): Capset success!
02-24 20:25:07.732 D/QSEECOMD: (  375): qseecom listener services process entry PPID = 1
02-24 20:25:07.732 E/QSEECOMD: (  375): Listener: index = 0, hierarchy = 0
02-24 20:25:07.735 D/QSEECOMD: (  375): Init dlopen(librpmb.so, RTLD_NOW) succeeds
02-24 20:25:07.735 D/QSEECOMD: (  375): Init::Init dlsym(g_FSHandle rpmb_init_service) succeeds
02-24 20:25:07.736 I/rpmb_emmc(  375): RPMB Mult = 16384, Rel_sec_cnt = 1
02-24 20:25:07.736 E/DrmLibRpmb(  375): rpmb_init succeeded! with ret = 0
02-24 20:25:07.736 D/QSEECOMD: (  375): Init rpmb_init_service ret = 0
02-24 20:25:07.736 D/QSEECOMD: (  375): RPMB system services: init (Listener ID = 8192)
02-24 20:25:07.736 E/QSEECOMD: (  375): Listener: index = 1, hierarchy = 0
02-24 20:25:07.737 D/QSEECOMD: (  375): Init dlopen(libssd.so, RTLD_NOW) succeeds
02-24 20:25:07.737 D/QSEECOMD: (  375): Init::Init dlsym(g_FSHandle ssd_init_service) succeeds
02-24 20:25:07.737 E/SSD     (  375): ssd_init_service succeeded!
02-24 20:25:07.737 D/QSEECOMD: (  375): Init ssd_init_service ret = 0
02-24 20:25:07.737 D/QSEECOMD: (  375): SSD system services: init (Listener ID = 12288)
02-24 20:25:07.737 E/QSEECOMD: (  375): Listener: index = 2, hierarchy = 0
02-24 20:25:07.737 E/QSEECOMD: (  375): Init dlopen(libsecureui.so, RLTD_NOW) is failed....
02-24 20:25:07.738 D/QSEECOMD: (  375): SEC_UI_INIT failed, shall not start secure ui listener
02-24 20:25:07.738 E/QSEECOMD: (  375): Listener: index = 5, hierarchy = 0
02-24 20:25:07.738 E/QSEECOMD: (  375): Init dlopen(libmdtp.so, RLTD_NOW) is failed....
02-24 20:25:07.738 D/QSEECOMD: (  375): ERROR: MDTP_INIT failed, shall not start MDTP listener
02-24 20:25:07.738 D/QSEECOMD: (  375): Parent qseecom daemon process paused!! 
02-24 20:25:07.738 D/QSEECOMD: (  385): qseecom listener service threads starting!!! 
02-24 20:25:07.738 D/QSEECOMD: (  385): Total listener services to start = 7
02-24 20:25:07.738 E/QSEECOMD: (  385): Listener: index = 0, hierarchy = 1
02-24 20:25:07.739 D/QSEECOMD: (  385): Init dlopen(librpmb.so, RTLD_NOW) succeeds
02-24 20:25:07.739 D/QSEECOMD: (  385): Init::Init dlsym(g_FSHandle rpmb_start) succeeds
02-24 20:25:07.739 D/QSEECOMAPI: (  385): QSEECom_register_listener 8192 sb_length = 0x5000
02-24 20:25:07.739 D/QSEECOMD: (  385): Init rpmb_start ret = 0
02-24 20:25:07.739 D/QSEECOMD: (  385): RPMB system services: Started (Listener ID = 8192)
02-24 20:25:07.739 E/QSEECOMD: (  385): Listener: index = 1, hierarchy = 1
02-24 20:25:07.740 D/QSEECOMD: (  385): Init dlopen(libssd.so, RTLD_NOW) succeeds
02-24 20:25:07.740 D/QSEECOMD: (  385): Init::Init dlsym(g_FSHandle ssd_start) succeeds
02-24 20:25:07.740 D/QSEECOMAPI: (  385): QSEECom_register_listener 12288 sb_length = 0x5000
02-24 20:25:07.740 D/QSEECOMD: (  385): Init ssd_start ret = 0
02-24 20:25:07.740 D/QSEECOMD: (  385): SSD system services: Started (Listener ID = 12288)
02-24 20:25:07.740 E/QSEECOMD: (  385): Listener: index = 2, hierarchy = 1
02-24 20:25:07.740 E/QSEECOMD: (  385): Init dlopen(libsecureui.so, RLTD_NOW) is failed....
02-24 20:25:07.740 E/QSEECOMD: (  385): Listener: index = 3, hierarchy = 1
02-24 20:25:07.784 D/QSEECOMD: (  385): Init dlopen(libdrmtime.so, RTLD_NOW) succeeds
02-24 20:25:07.784 D/QSEECOMD: (  385): Init::Init dlsym(g_FSHandle atime_start) succeeds
02-24 20:25:07.784 D/DrmLibTime(  385): QSEE Time Listener: atime_start
02-24 20:25:07.784 D/QSEECOMAPI: (  385): QSEECom_register_listener 11 sb_length = 0x5000
02-24 20:25:07.785 D/DrmLibTime(  385): registering fs service to QSEECom is done!
02-24 20:25:07.785 D/DrmLibTime(  385): begin to create a thread!
02-24 20:25:07.785 D/DrmLibTime(  385): Creating a pthread in atime_start is done! return 0
02-24 20:25:07.785 D/QSEECOMD: (  385): Init atime_start ret = 0
02-24 20:25:07.785 D/DrmLibTime(  385): QSEE Time Listener: dispatch
02-24 20:25:07.785 D/QSEECOMD: (  385): time services: Started (Listener ID = 11)
02-24 20:25:07.785 D/DrmLibTime(  385): before calling ioctl to read the next time_cmd
02-24 20:25:07.785 E/QSEECOMD: (  385): Listener: index = 4, hierarchy = 1
02-24 20:25:07.785 D/QSEECOMD: (  385): Init dlopen(libdrmfs.so, RTLD_NOW) succeeds
02-24 20:25:07.785 D/QSEECOMD: (  385): Init::Init dlsym(g_FSHandle fs_start) succeeds
02-24 20:25:07.785 D/QSEECOMAPI: (  385): QSEECom_register_listener 10 sb_length = 0x5000
02-24 20:25:07.787 D/QSEECOMD: (  385): Init fs_start ret = 0
02-24 20:25:07.787 D/QSEECOMD: (  385): file system services: Started (Listener ID = 10)
02-24 20:25:07.787 E/QSEECOMD: (  385): Listener: index = 5, hierarchy = 1
02-24 20:25:07.787 E/QSEECOMD: (  385): Init dlopen(libmdtp.so, RLTD_NOW) is failed....
02-24 20:25:07.787 E/QSEECOMD: (  385): Listener: index = 6, hierarchy = 1
02-24 20:25:07.787 D/QSEECOMD: (  385): Init dlopen(libdrmfs.so, RTLD_NOW) succeeds
02-24 20:25:07.787 D/QSEECOMD: (  385): Init::Init dlsym(g_FSHandle gpfs_start) succeeds
02-24 20:25:07.787 D/QSEECOMAPI: (  385): QSEECom_register_listener 28672 sb_length = 0x7e000
02-24 20:25:07.796 D/QSEECOMD: (  385): Init gpfs_start ret = 0
02-24 20:25:07.796 D/QSEECOMD: (  385): gpfile system services: Started (Listener ID = 28672)
02-24 20:25:07.797 D/QSEECOMAPI: (  385): QSEECom_get_handle sb_length = 0x400
02-24 20:25:07.797 D/QSEECOMAPI: (  385): App is not loaded in QSEE
02-24 20:25:07.799 E/QSEECOMAPI: (  385): Error::Cannot open the file /firmware/image/keymaste.mdt
02-24 20:25:07.799 E/QSEECOMAPI: (  385): Error::Loading image failed with ret = -1
02-24 20:25:07.799 E/QSEECOMD: (  385): Loading keymaster app failed
02-24 20:25:07.799 D/QSEECOMD: (  385): QSEECOM DAEMON RUNNING 
02-24 20:25:07.802 I/libmdmdetect(  374): ESOC framework not supported
02-24 20:25:07.802 I/libmdmdetect(  374): Found internal modem: modem
02-24 20:25:07.804 I/PerMgrSrv(  374): Peripheral Mananager service start
02-24 20:25:07.804 I/PerMgrSrv(  374): power-off timeout 500,ms; event-ack timeout 200,ms; debug-mode false
02-24 20:25:07.804 I/PerMgrSrv(  374): Statistics for : modem
02-24 20:25:07.804 I/PerMgrSrv(  374): modem: Current State : is off-line
02-24 20:25:07.804 I/PerMgrSrv(  374): modem: Voter/Listener count : 0/0
02-24 20:25:07.804 I/PerMgrSrv(  374): modem: Power on count : 0
02-24 20:25:07.804 I/PerMgrSrv(  374): modem: Power off count: 0
02-24 20:25:07.804 I/PerMgrSrv(  374): modem: Client list:
02-24 20:25:07.805 I/PerMgrSrv(  374): QMI service start
02-24 20:25:07.824 I/SurfaceFlinger(  372): SurfaceFlinger is starting
02-24 20:25:07.824 I/SurfaceFlinger(  372): SurfaceFlinger's main thread ready to run. Initializing graphics H/W...
02-24 20:25:07.834 D/libEGL  (  372): loaded /vendor/lib64/egl/libEGL_adreno.so
02-24 20:25:07.918 D/VoldCryptCmdListener(  337): cryptfs mountdefaultencrypted
02-24 20:25:07.918 I/Ext4Crypt(  337): ext4 crypto complete called on /data
02-24 20:25:07.919 I/Ext4Crypt(  337): No master key, so not ext4enc
02-24 20:25:07.920 I/Cryptfs (  337): cryptfs_check_passwd
02-24 20:25:07.920 I/Ext4Crypt(  337): ext4 crypto complete called on /data
02-24 20:25:07.920 I/Ext4Crypt(  337): No master key, so not ext4enc
02-24 20:25:07.920 D/Cryptfs (  337): crypt_ftr->fs_size = 22994908
02-24 20:25:07.920 I/Cryptfs (  337): Using scrypt with keymaster for cryptfs KDF
02-24 20:25:07.930 E/PerMgrProxy(  414): Starting pm-proxy service
02-24 20:25:07.930 I/libmdmdetect(  414): ESOC framework not supported
02-24 20:25:07.931 I/libmdmdetect(  414): Found internal modem: modem
02-24 20:25:07.931 I/PerMgrProxy(  414): Found internal modem
02-24 20:25:07.932 D/PerMgrSrv(  374): modem state: is off-line, add client PM-PROXY-THREAD
02-24 20:25:07.932 D/PerMgrSrv(  374): PM-PROXY-THREAD registered
02-24 20:25:07.932 D/PerMgrLib(  414): PM-PROXY-THREAD successfully registered for modem
02-24 20:25:07.932 I/PerMgrProxy(  414): pm-proxy-thread Voting for internal modem
02-24 20:25:07.932 D/PerMgrLib(  414): PM-PROXY-THREAD voting for modem
02-24 20:25:07.933 D/PerMgrSrv(  374): PM-PROXY-THREAD voting for modem
02-24 20:25:07.933 D/PerMgrSrv(  374): modem new state: going on-line
02-24 20:25:07.933 D/PerMgrSrv(  374): modem num voters is 1
02-24 20:25:08.004 D/libEGL  (  372): loaded /vendor/lib64/egl/libGLESv1_CM_adreno.so
02-24 20:25:08.015 D/libEGL  (  372): loaded /vendor/lib64/egl/libGLESv2_adreno.so
02-24 20:25:08.038 I/Adreno  (  372): QUALCOMM build                   : 63c06b2, I8366cd0437
02-24 20:25:08.038 I/Adreno  (  372): Build Date                       : 10/21/15
02-24 20:25:08.038 I/Adreno  (  372): OpenGL ES Shader Compiler Version: XE031.05.13.02
02-24 20:25:08.038 I/Adreno  (  372): Local Branch                     : 
02-24 20:25:08.038 I/Adreno  (  372): Remote Branch                    : quic/LA.BF64.1.2.9_v2
02-24 20:25:08.038 I/Adreno  (  372): Remote Branch                    : NONE
02-24 20:25:08.038 I/Adreno  (  372): Reconstruct Branch               : NOTHING
02-24 20:25:08.201 I/qdutils (  372): PartialUpdate status: Enabled
02-24 20:25:08.202 I/qdutils (  372): Left Align: 0
02-24 20:25:08.202 I/qdutils (  372): Width Align: 0
02-24 20:25:08.202 I/qdutils (  372): Top Align: 16
02-24 20:25:08.202 I/qdutils (  372): Height Align: 16
02-24 20:25:08.202 I/qdutils (  372): Min ROI Width: 1080
02-24 20:25:08.202 I/qdutils (  372): Min ROI Height: 0
02-24 20:25:08.202 I/qdutils (  372): Needs ROI Merge: 0
02-24 20:25:08.202 I/qdutils (  372): Dynamic Fps: Disabled
02-24 20:25:08.202 I/qdutils (  372): Min Panel fps: 0
02-24 20:25:08.202 I/qdutils (  372): Max Panel fps: 0
02-24 20:25:08.202 D/qdutils (  372): int qdutils::getHDMINode(): fb node 2 not present
02-24 20:25:08.202 I/qdutils (  372): int qdutils::getHDMINode(): No HDMI node on this device
02-24 20:25:08.204 W/qdhwcomposer(  372): Unable to load libmm-qdcm
02-24 20:25:08.204 I/qdhwcomposer(  372): Initializing Qualcomm Hardware Composer
02-24 20:25:08.204 I/qdhwcomposer(  372): MDP version: 500
02-24 20:25:08.205 I/SurfaceFlinger(  372): Using composer version 1.5
02-24 20:25:08.205 I/qdhwcomposer(  372): hwc_registerProcs
02-24 20:25:08.205 I/qdhwcomposer(  372): Initializing UEVENT Thread
02-24 20:25:08.205 I/qdhwcomposer(  372): Initializing VSYNC Thread
02-24 20:25:08.205 D/qdhwcomposer(  372): hwc_getDisplayAttributes disp = 0, width = 1080
02-24 20:25:08.205 D/qdhwcomposer(  372): hwc_getDisplayAttributes disp = 0, height = 1920
02-24 20:25:08.205 I/qdhwcomposer(  372): vsync_loop: Reading event 0 for dpy 0 from /sys/class/graphics/fb0/vsync_event
02-24 20:25:08.205 E/qdhwcomposer(  372): hwc_getDisplayConfigs display (1) is inactive
02-24 20:25:08.205 I/qdhwcomposer(  372): vsync_loop: Reading event 1 for dpy 0 from /sys/class/graphics/fb0/show_blank_event
02-24 20:25:08.205 I/qdhwcomposer(  372): vsync_loop: Reading event 2 for dpy 0 from /sys/class/graphics/fb0/msm_fb_thermal_level
02-24 20:25:08.205 I/qdhwcomposer(  372): vsync_loop: Reading event 0 for dpy 1 from /sys/class/graphics/fb-1/vsync_event
02-24 20:25:08.205 I/qdhwcomposer(  372): vsync_loop: Reading event 1 for dpy 1 from /sys/class/graphics/fb-1/show_blank_event
02-24 20:25:08.205 I/qdhwcomposer(  372): vsync_loop: Reading event 2 for dpy 1 from /sys/class/graphics/fb-1/msm_fb_thermal_level
02-24 20:25:08.207 I/SurfaceFlinger(  372): EGL information:
02-24 20:25:08.207 I/SurfaceFlinger(  372): vendor    : Android
02-24 20:25:08.207 I/SurfaceFlinger(  372): version   : 1.4 Android META-EGL
02-24 20:25:08.207 I/SurfaceFlinger(  372): extensions: EGL_KHR_get_all_proc_addresses EGL_ANDROID_presentation_time EGL_KHR_swap_buffers_with_damage EGL_KHR_image EGL_KHR_image_base EGL_KHR_lock_surface EGL_KHR_gl_texture_2D_image EGL_KHR_gl_texture_3D_image EGL_KHR_gl_texture_cubemap_image EGL_KHR_gl_renderbuffer_image EGL_KHR_reusable_sync EGL_KHR_fence_sync EGL_KHR_create_context EGL_KHR_surfaceless_context EGL_EXT_create_context_robustness EGL_ANDROID_image_native_buffer EGL_KHR_wait_sync EGL_ANDROID_recordable EGL_KHR_partial_update EGL_KHR_create_context_no_error 
02-24 20:25:08.207 I/SurfaceFlinger(  372): Client API: OpenGL_ES
02-24 20:25:08.207 I/SurfaceFlinger(  372): EGLSurface: 8-8-8-8, config=0x7fa9c51900
02-24 20:25:08.211 I/SurfaceFlinger(  372): OpenGL ES informations:
02-24 20:25:08.211 I/SurfaceFlinger(  372): vendor    : Qualcomm
02-24 20:25:08.211 I/SurfaceFlinger(  372): renderer  : Adreno (TM) 418
02-24 20:25:08.211 I/SurfaceFlinger(  372): version   : OpenGL ES 3.1 V@127.0 (GIT@I8366cd0437)
02-24 20:25:08.211 I/SurfaceFlinger(  372): extensions: GL_OES_EGL_image GL_OES_EGL_image_external GL_OES_EGL_sync GL_OES_vertex_half_float GL_OES_framebuffer_object GL_OES_rgb8_rgba8 GL_OES_compressed_ETC1_RGB8_texture GL_AMD_compressed_ATC_texture GL_KHR_texture_compression_astc_ldr GL_OES_texture_npot GL_EXT_texture_filter_anisotropic GL_EXT_texture_format_BGRA8888 GL_OES_texture_3D GL_EXT_color_buffer_float GL_EXT_color_buffer_half_float GL_QCOM_alpha_test GL_OES_depth24 GL_OES_packed_depth_stencil GL_OES_depth_texture GL_OES_depth_texture_cube_map GL_EXT_sRGB GL_OES_texture_float GL_OES_texture_float_linear GL_OES_texture_half_float GL_OES_texture_half_float_linear GL_EXT_texture_type_2_10_10_10_REV GL_EXT_texture_sRGB_decode GL_OES_element_index_uint GL_EXT_copy_image GL_EXT_geometry_shader GL_EXT_tessellation_shader GL_OES_texture_stencil8 GL_EXT_shader_io_blocks GL_OES_shader_image_atomic GL_OES_sample_variables GL_EXT_texture_border_clamp GL_EXT_multisampled_render_to_texture GL_OES_shader_multisample_interpolation GL_EXT_texture_cube_map_arr
02-24 20:25:08.211 I/SurfaceFlinger(  372): GL_MAX_TEXTURE_SIZE = 16384
02-24 20:25:08.211 I/SurfaceFlinger(  372): GL_MAX_VIEWPORT_DIMS = 16384
02-24 20:25:08.213 D/SurfaceFlinger(  372): Set power mode=2, type=0 flinger=0x7fa9c43c00
02-24 20:25:08.213 D/qdhwcomposer(  372): hwc_setPowerMode: Setting mode 2 on display: 0
02-24 20:25:08.213 D/qdhwcomposer(  372): hwc_setPowerMode: Done setting mode 2 on display 0
02-24 20:25:08.213 I/qdhwcomposer(  372): handle_blank_event: dpy:0 panel power state: 1
02-24 20:25:08.305 D/vold    (  337): Disk at 253:0 changed
02-24 20:25:08.333 D/libEGL  (  432): loaded /vendor/lib64/egl/libEGL_adreno.so
02-24 20:25:08.377 D/libEGL  (  432): loaded /vendor/lib64/egl/libGLESv1_CM_adreno.so
02-24 20:25:08.385 D/libEGL  (  432): loaded /vendor/lib64/egl/libGLESv2_adreno.so
02-24 20:25:08.396 I/Adreno  (  432): QUALCOMM build                   : 63c06b2, I8366cd0437
02-24 20:25:08.396 I/Adreno  (  432): Build Date                       : 10/21/15
02-24 20:25:08.396 I/Adreno  (  432): OpenGL ES Shader Compiler Version: XE031.05.13.02
02-24 20:25:08.396 I/Adreno  (  432): Local Branch                     : 
02-24 20:25:08.396 I/Adreno  (  432): Remote Branch                    : quic/LA.BF64.1.2.9_v2
02-24 20:25:08.396 I/Adreno  (  432): Remote Branch                    : NONE
02-24 20:25:08.396 I/Adreno  (  432): Reconstruct Branch               : NOTHING
02-24 20:25:08.414 E/BootAnimation(  432): couldn't find audio_conf.txt
02-24 20:25:08.468 I/Cryptfs (  337): keymaster module name is Keymaster QTI HAL
02-24 20:25:08.468 I/Cryptfs (  337): keymaster version is 256
02-24 20:25:08.468 I/Cryptfs (  337): Found keymaster1 module, using keymaster1 API.
02-24 20:25:08.469 D/QSEECOMAPI: (  337): QSEECom_get_handle sb_length = 0xa000
02-24 20:25:08.469 D/QSEECOMAPI: (  337): App is already loaded QSEE and app id = 3
02-24 20:25:08.470 E/keymaster1_device(  337): TA API Major Verion: 1
02-24 20:25:08.471 E/keymaster1_device(  337): TA API Minor Verion: 0
02-24 20:25:08.471 E/keymaster1_device(  337): TA Major Verion: 1
02-24 20:25:08.471 E/keymaster1_device(  337): TA Minor Verion: 5
02-24 20:25:08.471 I/Cryptfs (  337): Signing safely-padded object
02-24 20:25:08.508 D/DrmLibTime(  385): got the req here! ret=0
02-24 20:25:08.508 D/DrmLibTime(  385): command id, time_cmd_id = 770
02-24 20:25:08.508 D/DrmLibTime(  385): time_getutcsec starts!
02-24 20:25:08.509 D/DrmLibTime(  385): QSEE Time Listener: time_getutcsec
02-24 20:25:08.509 D/DrmLibTime(  385): QSEE Time Listener: get_utc_seconds
02-24 20:25:08.509 D/DrmLibTime(  385): QSEE Time Listener: time_get_modem_time
02-24 20:25:08.509 D/DrmLibTime(  385): QSEE Time Listener: Checking if ATS_MODEM is set or not.
02-24 20:25:08.509 D/QC-time-services(  385): Lib:time_genoff_operation: pargs->base = 13
02-24 20:25:08.509 D/QC-time-services(  385): Lib:time_genoff_operation: pargs->operation = 2
02-24 20:25:08.509 D/QC-time-services(  385): Lib:time_genoff_operation: pargs->ts_val = 0
02-24 20:25:08.509 E/QC-time-services(  385): Lib:time_genoff_operation: Connection failed !!
02-24 20:25:08.509 D/DrmLibTime(  385): QSEE Time Listener: ATS_MODEM is not set. Fallback to Android system time.
02-24 20:25:08.509 D/DrmLibTime(  385): QSEE Time Listener: Retrieved Android system time: 4735508
02-24 20:25:08.509 D/DrmLibTime(  385): time_getutcsec returns 0, sec = 4735508; nsec = 0
02-24 20:25:08.509 D/DrmLibTime(  385): time_getutcsec finished! 
02-24 20:25:08.509 D/DrmLibTime(  385): iotcl_continue_command finished! and return 0 
02-24 20:25:08.509 D/DrmLibTime(  385): before calling ioctl to read the next time_cmd
02-24 20:25:08.561 E/keymaster1_device(  337): HwKmClose
02-24 20:25:08.562 D/QSEECOMAPI: (  337): QSEECom_dealloc_memory 
02-24 20:25:08.563 D/QSEECOMAPI: (  337): QSEECom_shutdown_app, app_id = 3
02-24 20:25:08.988 D/SurfaceFlinger(  372): shader cache generated - 24 shaders in 370.022186 ms
02-24 20:25:09.001 D/qdutils (  372): DEBUG_CALC_FPS: 0
02-24 20:25:09.001 D/qdutils (  372): period: 10
02-24 20:25:09.001 D/qdutils (  372): ignorethresh_us: 500000
02-24 20:25:09.062 I/Cryptfs (  337): Enabling support for allow_discards in dmcrypt.
02-24 20:25:09.063 D/vold    (  337): Disk at 253:2 changed
02-24 20:25:09.556 I/Cryptfs (  337): Password matches
02-24 20:25:09.556 D/Cryptfs (  337): test_mount_encrypted_fs(): Master key saved
02-24 20:25:09.557 I/Cryptfs (  337): keymaster module name is Keymaster QTI HAL
02-24 20:25:09.557 I/Cryptfs (  337): keymaster version is 256
02-24 20:25:09.557 I/Cryptfs (  337): Found keymaster1 module, using keymaster1 API.
02-24 20:25:09.557 D/QSEECOMAPI: (  337): QSEECom_get_handle sb_length = 0xa000
02-24 20:25:09.557 D/QSEECOMAPI: (  337): App is already loaded QSEE and app id = 3
02-24 20:25:09.558 E/keymaster1_device(  337): TA API Major Verion: 1
02-24 20:25:09.558 E/keymaster1_device(  337): TA API Minor Verion: 0
02-24 20:25:09.558 E/keymaster1_device(  337): TA Major Verion: 1
02-24 20:25:09.558 E/keymaster1_device(  337): TA Minor Verion: 5
02-24 20:25:09.558 E/keymaster1_device(  337): HwKmClose
02-24 20:25:09.558 D/QSEECOMAPI: (  337): QSEECom_dealloc_memory 
02-24 20:25:09.558 D/QSEECOMAPI: (  337): QSEECom_shutdown_app, app_id = 3
02-24 20:25:09.558 D/Cryptfs (  337): Password is default - restarting filesystem
02-24 20:25:09.559 D/Cryptfs (  337): unmounting /data succeeded
02-24 20:25:09.567 D/PerMgrSrv(  374): modem new state: is on-line
02-24 20:25:09.627 I/rmt_storage(  373): rmt_storage_connect_cb: clnt_h=0x1 conn_h=0x7f8467a000
02-24 20:25:09.628 I/rmt_storage(  373): rmt_storage_open_cb: /boot/modem_fs1: clnt_h=0x1: req_h=0x1 msg_id=1: Client found
02-24 20:25:09.628 I/rmt_storage(  373): rmt_storage_client_thread: /boot/modem_fs1: clnt_h=0x1 Worker thread started
02-24 20:25:09.628 I/rmt_storage(  373): rmt_storage_open_cb: /boot/modem_fs1: clnt_h=0x1: req_h=0x1 msg_id=1: Send response: res=0 err=0
02-24 20:25:09.628 I/rmt_storage(  373): wake lock name: rmt_storage_547678581824, name creation success: 24
02-24 20:25:09.628 I/rmt_storage(  373): rmt_storage_disconnect_cb: clnt_h=0x1 conn_h=0x7f8467a000
02-24 20:25:09.628 I/rmt_storage(  373): rmt_storage_connect_cb: clnt_h=0x2 conn_h=0x7f8467a000
02-24 20:25:09.628 I/rmt_storage(  373): rmt_storage_open_cb: /boot/modem_fs2: clnt_h=0x2: req_h=0x2 msg_id=1: Client found
02-24 20:25:09.628 I/rmt_storage(  373): rmt_storage_open_cb: /boot/modem_fs2: clnt_h=0x2: req_h=0x2 msg_id=1: Send response: res=0 err=0
02-24 20:25:09.628 I/rmt_storage(  373): rmt_storage_disconnect_cb: clnt_h=0x2 conn_h=0x7f8467a000
02-24 20:25:09.628 I/rmt_storage(  373): rmt_storage_connect_cb: clnt_h=0x3 conn_h=0x7f8467a000
02-24 20:25:09.629 I/rmt_storage(  373): rmt_storage_open_cb: /boot/modem_fsg: clnt_h=0x3: req_h=0x3 msg_id=1: Client found
02-24 20:25:09.629 I/rmt_storage(  373): rmt_storage_client_thread: /boot/modem_fsg: clnt_h=0x3 Worker thread started
02-24 20:25:09.629 I/rmt_storage(  373): rmt_storage_open_cb: /boot/modem_fsg: clnt_h=0x3: req_h=0x3 msg_id=1: Send response: res=0 err=0
02-24 20:25:09.629 I/rmt_storage(  373): wake lock name: rmt_storage_547676492864, name creation success: 24
02-24 20:25:09.629 I/rmt_storage(  373): rmt_storage_client_thread: /boot/modem_fs2: clnt_h=0x3 Worker thread started
02-24 20:25:09.629 I/rmt_storage(  373): rmt_storage_disconnect_cb: clnt_h=0x3 conn_h=0x7f8467a000
02-24 20:25:09.629 I/rmt_storage(  373): wake lock name: rmt_storage_547677537344, name creation success: 24
02-24 20:25:09.629 I/rmt_storage(  373): rmt_storage_connect_cb: clnt_h=0x4 conn_h=0x7f8467a000
02-24 20:25:09.629 I/rmt_storage(  373): rmt_storage_open_cb: /boot/modem_fsc: clnt_h=0x4: req_h=0x4 msg_id=1: Client found
02-24 20:25:09.629 I/rmt_storage(  373): rmt_storage_client_thread: /boot/modem_fsc: clnt_h=0x4 Worker thread started
02-24 20:25:09.629 I/rmt_storage(  373): rmt_storage_open_cb: /boot/modem_fsc: clnt_h=0x4: req_h=0x4 msg_id=1: Send response: res=0 err=0
02-24 20:25:09.629 I/rmt_storage(  373): wake lock name: rmt_storage_547675448384, name creation success: 24
02-24 20:25:09.629 I/rmt_storage(  373): rmt_storage_disconnect_cb: clnt_h=0x4 conn_h=0x7f8467a000
02-24 20:25:09.630 I/rmt_storage(  373): rmt_storage_connect_cb: clnt_h=0x5 conn_h=0x7f8467a000
02-24 20:25:09.630 I/rmt_storage(  373): rmt_storage_alloc_buff_cb: /boot/modem_fs1: clnt_h=0x5: req_h=0x5 msg_id=4: Alloc request received: Size: 0
02-24 20:25:09.630 I/rmt_storage(  373): rmt_storage_alloc_buff_cb: /boot/modem_fs1: clnt_h=0x5: req_h=0x5 msg_id=4: New client making a dummy request with buffer req size 0
02-24 20:25:09.630 I/rmt_storage(  373): rmt_storage_alloc_buff_cb: /boot/modem_fs1: clnt_h=0x5: req_h=0x5 msg_id=4: Send response: res=0 err=0
02-24 20:25:09.630 I/rmt_storage(  373): rmt_storage_disconnect_cb: clnt_h=0x5 conn_h=0x7f8467a000
02-24 20:25:09.630 I/rmt_storage(  373): rmt_storage_connect_cb: clnt_h=0x6 conn_h=0x7f8467a000
02-24 20:25:09.631 I/rmt_storage(  373): rmt_storage_rw_iovec_cb: /boot/modem_fs1: clnt_h=0x6: req_h=0x6 msg_id=3: R/W request received
02-24 20:25:09.631 I/rmt_storage(  373): wakelock acquired: 1, error no: 42
02-24 20:25:09.631 I/rmt_storage(  373): rmt_storage_client_thread: /boot/modem_fs1: clnt_h=0x6 Unblock worker thread (th_id: 547678581824)
02-24 20:25:09.631 I/rmt_storage(  373): rmt_storage_client_thread: /boot/modem_fs1: clnt_h=0x6: req_h=0x6 msg_id=3: Bytes read = 512
02-24 20:25:09.631 I/rmt_storage(  373): rmt_storage_client_thread: /boot/modem_fs1: clnt_h=0x6: req_h=0x6 msg_id=3: Send response: res=0 err=0
02-24 20:25:09.631 I/rmt_storage(  373): rmt_storage_client_thread: /boot/modem_fs1: clnt_h=0x6 About to block rmt_storage client thread (th_id: 547678581824) wakelock released: 1, error no: 0
02-24 20:25:09.631 I/rmt_storage(  373): 
02-24 20:25:09.632 I/rmt_storage(  373): rmt_storage_connect_cb: clnt_h=0x7 conn_h=0x7f8467a010
02-24 20:25:09.632 I/rmt_storage(  373): rmt_storage_rw_iovec_cb: /boot/modem_fs2: clnt_h=0x6: req_h=0x7 msg_id=3: R/W request received
02-24 20:25:09.632 I/rmt_storage(  373): wakelock acquired: 1, error no: 42
02-24 20:25:09.632 I/rmt_storage(  373): rmt_storage_disconnect_cb: clnt_h=0x6 conn_h=0x7f8467a000
02-24 20:25:09.632 I/rmt_storage(  373): rmt_storage_client_thread: /boot/modem_fs2: clnt_h=0x6 Unblock worker thread (th_id: 547677537344)
02-24 20:25:09.632 I/rmt_storage(  373): rmt_storage_client_thread: /boot/modem_fs2: clnt_h=0x6: req_h=0x7 msg_id=3: Bytes read = 512
02-24 20:25:09.632 I/rmt_storage(  373): rmt_storage_client_thread: /boot/modem_fs2: clnt_h=0x6: req_h=0x7 msg_id=3: Send response: res=0 err=0
02-24 20:25:09.632 I/rmt_storage(  373): rmt_storage_client_thread: /boot/modem_fs2: clnt_h=0x6 About to block rmt_storage client thread (th_id: 547677537344) wakelock released: 1, error no: 0
02-24 20:25:09.632 I/rmt_storage(  373): 
02-24 20:25:09.633 I/rmt_storage(  373): rmt_storage_disconnect_cb: clnt_h=0x7 conn_h=0x7f8467a010
02-24 20:25:09.634 I/rmt_storage(  373): rmt_storage_connect_cb: clnt_h=0x8 conn_h=0x7f8467a010
02-24 20:25:09.634 I/rmt_storage(  373): rmt_storage_rw_iovec_cb: /boot/modem_fs2: clnt_h=0x6: req_h=0x8 msg_id=3: R/W request received
02-24 20:25:09.634 I/rmt_storage(  373): wakelock acquired: 1, error no: 42
02-24 20:25:09.634 I/rmt_storage(  373): rmt_storage_client_thread: /boot/modem_fs2: clnt_h=0x6 Unblock worker thread (th_id: 547677537344)
02-24 20:25:09.641 I/rmt_storage(  373): rmt_storage_client_thread: /boot/modem_fs2: clnt_h=0x6: req_h=0x8 msg_id=3: Bytes read = 1571840
02-24 20:25:09.641 I/rmt_storage(  373): rmt_storage_client_thread: /boot/modem_fs2: clnt_h=0x6: req_h=0x8 msg_id=3: Send response: res=0 err=0
02-24 20:25:09.642 I/rmt_storage(  373): rmt_storage_client_thread: /boot/modem_fs2: clnt_h=0x6 About to block rmt_storage client thread (th_id: 547677537344) wakelock released: 1, error no: 0
02-24 20:25:09.642 I/rmt_storage(  373): 
02-24 20:25:09.642 I/rmt_storage(  373): rmt_storage_disconnect_cb: clnt_h=0x8 conn_h=0x7f8467a010
02-24 20:25:09.674 D/Cryptfs (  337): Just triggered post_fs_data
02-24 20:25:09.721 I//system/bin/tzdatacheck(  480): tzdata file /data/misc/zoneinfo/current/tzdata does not exist. No action required.
02-24 20:25:09.774 D/Cryptfs (  337): post_fs_data done
02-24 20:25:09.775 D/Cryptfs (  337): Just triggered restart_framework
02-24 20:25:09.800 I/irsc_util(  493): Starting irsc tool
02-24 20:25:09.803 I/        (  486): debuggerd: starting
02-24 20:25:09.816 I/Netd    (  484): Netd 1.0 starting
02-24 20:25:09.817 I/keystore(  492): Found keymaster1 module Keymaster QTI HAL, version 100
02-24 20:25:09.817 I/SoftKeymaster(  492): system/keymaster/soft_keymaster_device.cpp, Line 122: Creating device
02-24 20:25:09.817 D/SoftKeymaster(  492): system/keymaster/soft_keymaster_device.cpp, Line 123: Device address: 0x7f98d23000
02-24 20:25:09.817 D/QSEECOMAPI: (  492): QSEECom_get_handle sb_length = 0xa000
02-24 20:25:09.817 D/QSEECOMAPI: (  492): App is already loaded QSEE and app id = 3
02-24 20:25:09.818 E/keymaster1_device(  492): TA API Major Verion: 1
02-24 20:25:09.819 E/keymaster1_device(  492): TA API Minor Verion: 0
02-24 20:25:09.819 E/keymaster1_device(  492): TA Major Verion: 1
02-24 20:25:09.819 E/keymaster1_device(  492): TA Minor Verion: 5
02-24 20:25:09.819 D/SoftKeymaster(  492): system/keymaster/soft_keymaster_device.cpp, Line 173: Reinitializing SoftKeymasterDevice to use HW keymaster1
02-24 20:25:09.822 I/keystore(  492): Keymaster1 module is incomplete, using SoftKeymasterDevice wrapper
02-24 20:25:09.822 I/SoftKeymaster(  492): system/keymaster/soft_keymaster_device.cpp, Line 122: Creating device
02-24 20:25:09.822 D/SoftKeymaster(  492): system/keymaster/soft_keymaster_device.cpp, Line 123: Device address: 0x7f98d23300
02-24 20:25:09.847 I/rmt_storage(  373): rmt_storage_connect_cb: clnt_h=0x9 conn_h=0x7f8467a010
02-24 20:25:09.847 I/rmt_storage(  373): rmt_storage_rw_iovec_cb: /boot/modem_fs1: clnt_h=0x6: req_h=0x9 msg_id=3: R/W request received
02-24 20:25:09.847 I/rmt_storage(  373): wakelock acquired: 1, error no: 42
02-24 20:25:09.847 I/rmt_storage(  373): rmt_storage_client_thread: /boot/modem_fs1: clnt_h=0x6 Unblock worker thread (th_id: 547678581824)
02-24 20:25:09.861 E/Diag_Lib(  499):  Diag_LSM_Init: Failed to open handle to diag driver, error = 13
02-24 20:25:09.861 E/Diag_Lib(  499): qpLogDiagInit <== result : 0
02-24 20:25:09.861 E/Diag_Lib(  499): QMID : gIsQXDMDisabled 0, gIsADBDisabled 1, gIsDebugDisabled 0, gIsIMSLogsDisabled 0
02-24 20:25:09.861 E/Diag_Lib(  499):  Diag_LSM_Init: Failed to open handle to diag driver, error = 13
02-24 20:25:09.861 E/Diag_Lib(  499): qpLogDiagInit <== result : 0
02-24 20:25:09.861 E/Diag_Lib(  499): QMID : gIsQXDMDisabled 0, gIsADBDisabled 1, gIsDebugDisabled 0, gIsIMSLogsDisabled 0
02-24 20:25:09.861 E/Diag_Lib(  499):  Diag_LSM_Init: Failed to open handle to diag driver, error = 13
02-24 20:25:09.861 E/Diag_Lib(  499): qpLogDiagInit <== result : 0
02-24 20:25:09.861 E/Diag_Lib(  499): QMID : gIsQXDMDisabled 0, gIsADBDisabled 1, gIsDebugDisabled 0, gIsIMSLogsDisabled 0
02-24 20:25:09.861 E/Diag_Lib(  499):  Diag_LSM_Init: Failed to open handle to diag driver, error = 13
02-24 20:25:09.861 E/Diag_Lib(  499): qpLogDiagInit <== result : 0
02-24 20:25:09.861 E/Diag_Lib(  499): QMID : gIsQXDMDisabled 0, gIsADBDisabled 1, gIsDebugDisabled 0, gIsIMSLogsDisabled 0
02-24 20:25:09.861 E/Diag_Lib(  499):  Diag_LSM_Init: Failed to open handle to diag driver, error = 13
02-24 20:25:09.861 E/Diag_Lib(  499): qpLogDiagInit <== result : 0
02-24 20:25:09.862 E/Diag_Lib(  499): QMID : gIsQXDMDisabled 0, gIsADBDisabled 1, gIsDebugDisabled 0, gIsIMSLogsDisabled 0
02-24 20:25:09.862 E/Diag_Lib(  499):  Diag_LSM_Init: Failed to open handle to diag driver, error = 13
02-24 20:25:09.862 E/Diag_Lib(  499): qpLogDiagInit <== result : 0
02-24 20:25:09.862 E/Diag_Lib(  499): QMID : gIsQXDMDisabled 0, gIsADBDisabled 1, gIsDebugDisabled 0, gIsIMSLogsDisabled 0
02-24 20:25:09.896 I/rmt_storage(  373): rmt_storage_client_thread: /boot/modem_fs1: clnt_h=0x6: req_h=0x9 msg_id=3: Bytes written = 1572864
02-24 20:25:09.897 I/rmt_storage(  373): rmt_storage_client_thread: /boot/modem_fs1: clnt_h=0x6: req_h=0x9 msg_id=3: Send response: res=0 err=0
02-24 20:25:09.897 I/rmt_storage(  373): rmt_storage_client_thread: /boot/modem_fs1: clnt_h=0x6 About to block rmt_storage client thread (th_id: 547678581824) wakelock released: 1, error no: 0
02-24 20:25:09.897 I/rmt_storage(  373): 
02-24 20:25:09.897 I/rmt_storage(  373): rmt_storage_disconnect_cb: clnt_h=0x9 conn_h=0x7f8467a010
02-24 20:25:09.904 E/Diag_Lib(  499):  Diag_LSM_Init: Failed to open handle to diag driver, error = 13
02-24 20:25:09.904 E/Diag_Lib(  499): qpLogDiagInit <== result : 0
02-24 20:25:09.904 E/Diag_Lib(  499): QMID : gIsQXDMDisabled 0, gIsADBDisabled 1, gIsDebugDisabled 0, gIsIMSLogsDisabled 0
02-24 20:25:09.904 E/Diag_Lib(  499):  Diag_LSM_Init: Failed to open handle to diag driver, error = 13
02-24 20:25:09.904 E/Diag_Lib(  499): qpLogDiagInit <== result : 0
02-24 20:25:09.904 E/Diag_Lib(  499): QMID : gIsQXDMDisabled 0, gIsADBDisabled 1, gIsDebugDisabled 0, gIsIMSLogsDisabled 0
02-24 20:25:09.904 E/Diag_Lib(  499):  Diag_LSM_Init: Failed to open handle to diag driver, error = 13
02-24 20:25:09.904 E/Diag_Lib(  499): qpLogDiagInit <== result : 0
02-24 20:25:09.904 E/Diag_Lib(  499): QMID : gIsQXDMDisabled 0, gIsADBDisabled 1, gIsDebugDisabled 0, gIsIMSLogsDisabled 0
02-24 20:25:09.918 I/installd(  490): installd firing up
02-24 20:25:09.925 I/irsc_util(  493): Num of entries:27
02-24 20:25:09.925 I/irsc_util(  493): Ending irsc tool
02-24 20:25:09.940 I/gatekeeperd(  503): Starting gatekeeperd...
02-24 20:25:09.952 D/QC-time-services(  507): Daemon:genoff_pre_init::Base = 0
02-24 20:25:09.952 I/rmt_storage(  373): rmt_storage_connect_cb: clnt_h=0xa conn_h=0x7f8467a010
02-24 20:25:09.952 I/rmt_storage(  373): rmt_storage_rw_iovec_cb: /boot/modem_fs2: clnt_h=0x6: req_h=0xa msg_id=3: R/W request received
02-24 20:25:09.952 D/QC-time-services(  507): Daemon:ats_rtc_init: Time read from RTC -- year = 70, month = 1,day = 24
02-24 20:25:09.952 I/rmt_storage(  373): wakelock acquired: 1, error no: 42
02-24 20:25:09.952 I/rmt_storage(  373): rmt_storage_client_thread: /boot/modem_fs2: clnt_h=0x6 Unblock worker thread (th_id: 547677537344)
02-24 20:25:09.962 I/ThermalEngine(  498): Thermal daemon started
02-24 20:25:09.962 I/ThermalEngine(  498): Using target config file '/system/etc/thermal-engine-8992.conf'
02-24 20:25:09.962 I/ThermalEngine(  498): devices_manager_init: Init
02-24 20:25:09.963 I/ThermalEngine(  498): Number of gpus :1
02-24 20:25:09.963 I/Thermal-IOCTL(  498): KTM IOCTL interface "/dev/msm_thermal_query" opened
02-24 20:25:09.963 E/ThermalEngine(  498): update_cpu_topology: Cluster Info[0]. Cluster Id: 0 cpu_bits:0xf sync:1
02-24 20:25:09.963 E/ThermalEngine(  498): update_cpu_topology: Cluster Info[1]. Cluster Id: 1 cpu_bits:0x30 sync:1
02-24 20:25:09.964 I/ThermalEngine(  498): vdd_rstr_init: Init KTM VDD RSTR enabled: 0
02-24 20:25:09.964 I/ThermalEngine(  498): sensors_manager_init: Init
02-24 20:25:09.965 E/Diag_Lib(  498):  Diag_LSM_Init: Failed to open handle to diag driver, error = 13
02-24 20:25:09.966 E/QC-QMI  (  498): qmi_client [498]: unable to connect to server, errno=[2:No such file or directory], attempt=1
02-24 20:25:09.978 E/ThermalEngine(  498): bcl_setup: Unexpected node error
02-24 20:25:09.978 E/ThermalEngine(  498): add_tgt_sensors_set: Error adding bcl
02-24 20:25:09.978 E/ThermalEngine(  498): sensors_init: Error adding BCL TS
02-24 20:25:09.981 I/ThermalEngine(  498): Loading config file for virtual sensor
02-24 20:25:09.981 I/ThermalEngine(  498): Loading configuration file /system/etc/thermal-engine-8992.conf
02-24 20:25:10.007 I/rmt_storage(  373): rmt_storage_client_thread: /boot/modem_fs2: clnt_h=0x6: req_h=0xa msg_id=3: Bytes written = 1572864
02-24 20:25:10.007 I/rmt_storage(  373): rmt_storage_client_thread: /boot/modem_fs2: clnt_h=0x6: req_h=0xa msg_id=3: Send response: res=0 err=0
02-24 20:25:10.007 I/rmt_storage(  373): rmt_storage_client_thread: /boot/modem_fs2: clnt_h=0x6 About to block rmt_storage client thread (th_id: 547677537344) wakelock released: 1, error no: 0
02-24 20:25:10.007 I/rmt_storage(  373): 
02-24 20:25:10.007 I/rmt_storage(  373): rmt_storage_disconnect_cb: clnt_h=0xa conn_h=0x7f8467a010
02-24 20:25:10.023 E/Diag_Lib(  496):  Diag_LSM_Init: Failed to open handle to diag driver, error = 13
02-24 20:25:10.023 E/Diag_Lib(  496):  Diag_LSM_Init: Failed to open handle to diag driver, error = 13
02-24 20:25:10.023 E/QC-QMI  (  496): qmi_client [496]: unable to connect to server, errno=[2:No such file or directory], attempt=1
02-24 20:25:10.026 E/Diag_Lib(  494):  Diag_LSM_Init: Failed to open handle to diag driver, error = 13
02-24 20:25:10.026 E/QC-QMI  (  494): qmuxd: linux_qmi_read_sysfs_config: couldn't open file /sys/module/f_rmnet/parameters/rmnet_ctl_ch
02-24 20:25:10.026 E/QC-QMI  (  494): qmuxd: linux_qmi_read_sysfs_config: couldn't open /sys/module/rmnet/parameters/rmnet_ctl_ch
02-24 20:25:10.027 E/Diag_Lib(  494):  Diag_LSM_Init: Failed to open handle to diag driver, error = 13
02-24 20:25:10.032 D/TetherController(  484): Setting IP forward enable = 0
02-24 20:25:10.034 E/Diag_Lib(  494):  Diag_LSM_Init: Failed to open handle to diag driver, error = 13
02-24 20:25:10.037 I/        (  485): debuggerd: starting
02-24 20:25:10.065 E/Diag_Lib(  509):  Diag_LSM_Init: Failed to open handle to diag driver, error = 13
02-24 20:25:10.066 E/QC-QMI  (  509): qmi_client [509]: unable to connect to server, errno=[2:No such file or directory], attempt=1
02-24 20:25:10.071 D/gatekeeper_device(  503): HwKmOpen called
02-24 20:25:10.072 D/QSEECOMAPI: (  503): QSEECom_get_handle sb_length = 0xa000
02-24 20:25:10.072 D/QSEECOMAPI: (  503): App is already loaded QSEE and app id = 3
02-24 20:25:10.098 E/QCNEA   (  510): Cne Version 4.8
02-24 20:25:10.098 E/Diag_Lib(  510):  Diag_LSM_Init: Failed to open handle to diag driver, error = 13
02-24 20:25:10.099 E/Diag_Lib(  510):  Diag_LSM_Init: Failed to open handle to diag driver, error = 13
02-24 20:25:10.099 E/QC-QMI  (  510): qmi_client [510]: unable to connect to server, errno=[2:No such file or directory], attempt=1
02-24 20:25:10.162 D/QC-time-services(  507): Daemon:Value read from RTC seconds = 4735510000
02-24 20:25:10.162 D/QC-time-services(  507): Daemon:genoff_init_config: ATS_RTC initialized with rc: 0
02-24 20:25:10.162 D/QC-time-services(  507): Daemon:genoff_pre_init::Base = 1
02-24 20:25:10.163 D/QC-time-services(  507): Daemon: Storage Name: ats_1 
02-24 20:25:10.163 D/QC-time-services(  507): Daemon:Opening File: /data/time/ats_1
02-24 20:25:10.163 D/QC-time-services(  507): Daemon:time_persistent_memory_opr:Genoff Read operation 
02-24 20:25:10.164 I/ThermalEngine(  498): Parsing section global
02-24 20:25:10.164 I/ThermalEngine(  498): Found field 'sampling'
02-24 20:25:10.164 I/ThermalEngine(  498): Found field 'charger_offset'
02-24 20:25:10.165 E/ThermalEngine(  498): virtual_sensors_init: Error getting virtual sensors set
02-24 20:25:10.165 I/ThermalEngine(  498): Loading configuration file /system/etc/thermal-engine-8992.conf
02-24 20:25:10.165 I/ThermalEngine(  498): Parsing section global
02-24 20:25:10.165 I/ThermalEngine(  498): Found field 'sampling'
02-24 20:25:10.165 I/ThermalEngine(  498): Found field 'charger_offset'
02-24 20:25:10.165 I/ThermalEngine(  498): Created section 'CPU0_MONITOR'
02-24 20:25:10.165 I/ThermalEngine(  498): Algo Type 'monitor'
02-24 20:25:10.165 I/ThermalEngine(  498): Parsing section CPU0_MONITOR
02-24 20:25:10.165 I/ThermalEngine(  498): Found field 'sensor'
02-24 20:25:10.165 I/ThermalEngine(  498): Found field 'sampling'
02-24 20:25:10.165 I/ThermalEngine(  498): Found field 'thresholds'
02-24 20:25:10.165 I/ThermalEngine(  498): Found field 'thresholds_clr'
02-24 20:25:10.165 I/ThermalEngine(  498): Found field 'actions'
02-24 20:25:10.165 I/ThermalEngine(  498): Found field 'action_info'
02-24 20:25:10.165 I/ThermalEngine(  498): Created section 'CPU2_MONITOR'
02-24 20:25:10.165 I/ThermalEngine(  498): Algo Type 'monitor'
02-24 20:25:10.165 I/ThermalEngine(  498): Parsing section CPU2_MONITOR
02-24 20:25:10.165 I/ThermalEngine(  498): Found field 'sensor'
02-24 20:25:10.166 I/ThermalEngine(  498): Found field 'sampling'
02-24 20:25:10.166 I/ThermalEngine(  498): Found field 'thresholds'
02-24 20:25:10.166 I/ThermalEngine(  498): Found field 'thresholds_clr'
02-24 20:25:10.166 I/ThermalEngine(  498): Found field 'actions'
02-24 20:25:10.166 I/ThermalEngine(  498): Found field 'action_info'
02-24 20:25:10.166 I/ThermalEngine(  498): Created section 'CPU3_MONITOR'
02-24 20:25:10.166 I/ThermalEngine(  498): Algo Type 'monitor'
02-24 20:25:10.166 I/ThermalEngine(  498): Parsing section CPU3_MONITOR
02-24 20:25:10.166 I/ThermalEngine(  498): Found field 'sensor'
02-24 20:25:10.166 I/ThermalEngine(  498): Found field 'sampling'
02-24 20:25:10.166 I/ThermalEngine(  498): Found field 'thresholds'
02-24 20:25:10.166 I/ThermalEngine(  498): Found field 'thresholds_clr'
02-24 20:25:10.166 I/ThermalEngine(  498): Found field 'actions'
02-24 20:25:10.166 I/ThermalEngine(  498): Found field 'action_info'
02-24 20:25:10.166 I/ThermalEngine(  498): Created section 'CPU4_MONITOR'
02-24 20:25:10.166 I/ThermalEngine(  498): Algo Type 'monitor'
02-24 20:25:10.166 I/ThermalEngine(  498): Parsing section CPU4_MONITOR
02-24 20:25:10.166 I/ThermalEngine(  498): Found field 'sensor'
02-24 20:25:10.166 I/ThermalEngine(  498): Found field 'sampling'
02-24 20:25:10.166 I/ThermalEngine(  498): Found field 'thresholds'
02-24 20:25:10.166 I/ThermalEngine(  498): Found field 'thresholds_clr'
02-24 20:25:10.166 I/ThermalEngine(  498): Found field 'actions'
02-24 20:25:10.166 I/ThermalEngine(  498): Found field 'action_info'
02-24 20:25:10.166 I/ThermalEngine(  498): Created section 'CPU5_MONITOR'
02-24 20:25:10.166 I/ThermalEngine(  498): Algo Type 'monitor'
02-24 20:25:10.166 I/ThermalEngine(  498): Parsing section CPU5_MONITOR
02-24 20:25:10.166 I/ThermalEngine(  498): Found field 'sensor'
02-24 20:25:10.166 I/ThermalEngine(  498): Found field 'sampling'
02-24 20:25:10.166 I/ThermalEngine(  498): Found field 'thresholds'
02-24 20:25:10.166 I/ThermalEngine(  498): Found field 'thresholds_clr'
02-24 20:25:10.167 I/ThermalEngine(  498): Found field 'actions'
02-24 20:25:10.167 I/ThermalEngine(  498): Found field 'action_info'
02-24 20:25:10.167 I/ThermalEngine(  498): Created section 'CPU4_HOTPLUG_MONITOR'
02-24 20:25:10.167 I/ThermalEngine(  498): Algo Type 'monitor'
02-24 20:25:10.167 I/ThermalEngine(  498): Parsing section CPU4_HOTPLUG_MONITOR
02-24 20:25:10.167 I/ThermalEngine(  498): Found field 'sensor'
02-24 20:25:10.167 I/ThermalEngine(  498): Found field 'sampling'
02-24 20:25:10.167 I/ThermalEngine(  498): Found field 'thresholds'
02-24 20:25:10.167 I/ThermalEngine(  498): Found field 'thresholds_clr'
02-24 20:25:10.167 I/ThermalEngine(  498): Found field 'actions'
02-24 20:25:10.167 I/ThermalEngine(  498): Found field 'action_info'
02-24 20:25:10.167 I/ThermalEngine(  498): Created section 'CPU5_HOTPLUG_MONITOR'
02-24 20:25:10.167 I/ThermalEngine(  498): Algo Type 'monitor'
02-24 20:25:10.167 I/ThermalEngine(  498): Parsing section CPU5_HOTPLUG_MONITOR
02-24 20:25:10.167 I/ThermalEngine(  498): Found field 'sensor'
02-24 20:25:10.167 I/ThermalEngine(  498): Found field 'sampling'
02-24 20:25:10.167 I/ThermalEngine(  498): Found field 'thresholds'
02-24 20:25:10.167 I/ThermalEngine(  498): Found field 'thresholds_clr'
02-24 20:25:10.167 I/ThermalEngine(  498): Found field 'actions'
02-24 20:25:10.167 I/ThermalEngine(  498): Found field 'action_info'
02-24 20:25:10.167 I/ThermalEngine(  498): Created section 'LCD_management'
02-24 20:25:10.167 I/ThermalEngine(  498): Algo Type 'monitor'
02-24 20:25:10.167 I/ThermalEngine(  498): Parsing section LCD_management
02-24 20:25:10.167 I/ThermalEngine(  498): Found field 'sensor'
02-24 20:25:10.167 I/ThermalEngine(  498): Found field 'sampling'
02-24 20:25:10.167 I/ThermalEngine(  498): Found field 'thresholds'
02-24 20:25:10.167 I/ThermalEngine(  498): Found field 'thresholds_clr'
02-24 20:25:10.167 I/ThermalEngine(  498): Found field 'actions'
02-24 20:25:10.167 I/ThermalEngine(  498): Found field 'action_info'
02-24 20:25:10.168 I/ThermalEngine(  498): Created section 'battery_monitor'
02-24 20:25:10.168 I/ThermalEngine(  498): Algo Type 'monitor'
02-24 20:25:10.168 I/ThermalEngine(  498): Parsing section battery_monitor
02-24 20:25:10.168 I/ThermalEngine(  498): Found field 'sensor'
02-24 20:25:10.168 I/ThermalEngine(  498): Found field 'sampling'
02-24 20:25:10.168 I/ThermalEngine(  498): Found field 'thresholds'
02-24 20:25:10.168 I/ThermalEngine(  498): Found field 'thresholds_clr'
02-24 20:25:10.168 I/ThermalEngine(  498): Found field 'actions'
02-24 20:25:10.168 I/ThermalEngine(  498): Found field 'action_info'
02-24 20:25:10.168 I/ThermalEngine(  498): Created section 'PID-LITTLE_CLUSTER_management'
02-24 20:25:10.168 I/ThermalEngine(  498): Algo Type 'pid'
02-24 20:25:10.168 I/ThermalEngine(  498): Parsing section PID-LITTLE_CLUSTER_management
02-24 20:25:10.168 I/ThermalEngine(  498): Found field 'sampling'
02-24 20:25:10.168 I/ThermalEngine(  498): Found field 'sensor'
02-24 20:25:10.168 I/ThermalEngine(  498): Found field 'device'
02-24 20:25:10.168 I/ThermalEngine(  498): Found field 'set_point'
02-24 20:25:10.168 I/ThermalEngine(  498): Found field 'set_point_clr'
02-24 20:25:10.168 I/ThermalEngine(  498): Found field 'p_const'
02-24 20:25:10.168 I/ThermalEngine(  498): Found field 'i_const'
02-24 20:25:10.168 I/ThermalEngine(  498): Found field 'd_const'
02-24 20:25:10.168 I/ThermalEngine(  498): Found field 'i_samples'
02-24 20:25:10.168 I/ThermalEngine(  498): Found field 'dev_units_per_calc'
02-24 20:25:10.168 I/ThermalEngine(  498): Found field 'limit'
02-24 20:25:10.168 I/ThermalEngine(  498): Created section 'PID-BIG_CLUSTER_management'
02-24 20:25:10.168 I/ThermalEngine(  498): Algo Type 'pid'
02-24 20:25:10.168 I/ThermalEngine(  498): Parsing section PID-BIG_CLUSTER_management
02-24 20:25:10.168 I/ThermalEngine(  498): Found field 'sampling'
02-24 20:25:10.168 I/ThermalEngine(  498): Found field 'sensor'
02-24 20:25:10.168 I/ThermalEngine(  498): Found field 'device'
02-24 20:25:10.169 I/ThermalEngine(  498): Found field 'set_point'
02-24 20:25:10.169 I/ThermalEngine(  498): Found field 'set_point_clr'
02-24 20:25:10.169 I/ThermalEngine(  498): Found field 'p_const'
02-24 20:25:10.169 I/ThermalEngine(  498): Found field 'i_const'
02-24 20:25:10.169 I/ThermalEngine(  498): Found field 'd_const'
02-24 20:25:10.169 I/ThermalEngine(  498): Found field 'i_samples'
02-24 20:25:10.169 I/ThermalEngine(  498): Found field 'dev_units_per_calc'
02-24 20:25:10.169 I/ThermalEngine(  498): Found field 'limit'
02-24 20:25:10.169 I/ThermalEngine(  498): Created section 'SS-GPU_management'
02-24 20:25:10.169 I/ThermalEngine(  498): Algo Type 'pid'
02-24 20:25:10.169 I/ThermalEngine(  498): Parsing section SS-GPU_management
02-24 20:25:10.169 I/ThermalEngine(  498): Found field 'sensor'
02-24 20:25:10.169 I/ThermalEngine(  498): Found field 'sampling'
02-24 20:25:10.169 I/ThermalEngine(  498): Found field 'device'
02-24 20:25:10.169 I/ThermalEngine(  498): Found field 'set_point'
02-24 20:25:10.169 I/ThermalEngine(  498): Found field 'set_point_clr'
02-24 20:25:10.169 I/ThermalEngine(  498): Found field 'p_const'
02-24 20:25:10.169 I/ThermalEngine(  498): Found field 'i_const'
02-24 20:25:10.169 I/ThermalEngine(  498): Found field 'd_const'
02-24 20:25:10.169 I/ThermalEngine(  498): Found field 'i_samples'
02-24 20:25:10.169 I/ThermalEngine(  498): Found field 'dev_units_per_calc'
02-24 20:25:10.169 I/ThermalEngine(  498): Found field 'limit'
02-24 20:25:10.169 I/ThermalEngine(  498): [SS-GPU_management]
02-24 20:25:10.169 I/ThermalEngine(  498): algo_type pid
02-24 20:25:10.170 I/ThermalEngine(  498): sampling 5000
02-24 20:25:10.170 I/ThermalEngine(  498): sensor xo_therm
02-24 20:25:10.170 I/ThermalEngine(  498): device gpu
02-24 20:25:10.170 I/ThermalEngine(  498): set_point 44000
02-24 20:25:10.170 I/ThermalEngine(  498): set_point_clr 41000
02-24 20:25:10.170 I/ThermalEngine(  498): p_const 5.000000
02-24 20:25:10.170 I/ThermalEngine(  498): i_const 0.050000
02-24 20:25:10.170 I/ThermalEngine(  498): d_const 0.000000
02-24 20:25:10.170 I/ThermalEngine(  498): i_samples 20
02-24 20:25:10.170 I/ThermalEngine(  498): dev_units_per_calc 3500000
02-24 20:25:10.170 I/ThermalEngine(  498): [PID-BIG_CLUSTER_management]
02-24 20:25:10.170 I/ThermalEngine(  498): algo_type pid
02-24 20:25:10.170 I/ThermalEngine(  498): sampling 1000
02-24 20:25:10.170 I/ThermalEngine(  498): sensor xo_therm
02-24 20:25:10.170 I/ThermalEngine(  498): device cluster1
02-24 20:25:10.170 I/ThermalEngine(  498): set_point 39000
02-24 20:25:10.170 I/ThermalEngine(  498): set_point_clr 37000
02-24 20:25:10.170 I/ThermalEngine(  498): p_const 10.000000
02-24 20:25:10.170 I/ThermalEngine(  498): i_const 0.090000
02-24 20:25:10.170 I/ThermalEngine(  498): d_const 0.000000
02-24 20:25:10.170 I/ThermalEngine(  498): i_samples 10
02-24 20:25:10.170 I/ThermalEngine(  498): dev_units_per_calc 10000
02-24 20:25:10.170 I/ThermalEngine(  498): [PID-LITTLE_CLUSTER_management]
02-24 20:25:10.170 I/ThermalEngine(  498): algo_type pid
02-24 20:25:10.170 I/ThermalEngine(  498): sampling 5000
02-24 20:25:10.170 I/ThermalEngine(  498): sensor xo_therm
02-24 20:25:10.170 I/ThermalEngine(  498): device cluster0
02-24 20:25:10.170 I/ThermalEngine(  498): set_point 44000
02-24 20:25:10.170 I/ThermalEngine(  498): set_point_clr 41000
02-24 20:25:10.170 I/ThermalEngine(  498): p_const 5.000000
02-24 20:25:10.170 I/ThermalEngine(  498): i_const 0.100000
02-24 20:25:10.170 I/ThermalEngine(  498): d_const 0.000000
02-24 20:25:10.170 I/ThermalEngine(  498): i_samples 10
02-24 20:25:10.170 I/ThermalEngine(  498): dev_units_per_calc 10000
02-24 20:25:10.170 I/ThermalEngine(  498): [battery_monitor]
02-24 20:25:10.170 I/ThermalEngine(  498): algo_type monitor
02-24 20:25:10.170 I/ThermalEngine(  498): sampling 10000
02-24 20:25:10.170 I/ThermalEngine(  498): sensor xo_batt
02-24 20:25:10.170 I/ThermalEngine(  498): thresholds 36000 39000
02-24 20:25:10.170 I/ThermalEngine(  498): thresholds_clr 34000 38000
02-24 20:25:10.170 I/ThermalEngine(  498): actions battery battery
02-24 20:25:10.170 I/ThermalEngine(  498): action_info 0 3
02-24 20:25:10.170 I/ThermalEngine(  498): [LCD_management]
02-24 20:25:10.170 I/ThermalEngine(  498): algo_type monitor
02-24 20:25:10.170 I/ThermalEngine(  498): sampling 10000
