12-15 21:59:16.277 E/QC-QMI  (  492): qmi_ctl_handle_request: qmi_ctl_tx_msg call failed
12-15 21:59:16.285 E/QC-QMI  (  492): qmi_qmux_open_connection: connection is disabled for conn_id=29
12-15 21:59:16.285 E/QC-QMI  (  492): qmi_qmux_tx_msg: failed to open inactive connd_id=29
12-15 21:59:16.285 E/QC-QMI  (  492): qmi_qmux: TX failed, connection inactive or in reset, conn_id=29, status_flags=4
12-15 21:59:16.285 E/QC-QMI  (  492): qmi_ctl_tx_msg: qmi_qmux_tx_msg failed
12-15 21:59:16.285 E/QC-QMI  (  492): qmi_ctl_handle_request: qmi_ctl_tx_msg call failed
12-15 21:59:16.286 E/QC-QMI  (  492): qmi_qmux_open_connection: connection is disabled for conn_id=29
12-15 21:59:16.286 E/QC-QMI  (  492): qmi_qmux_tx_msg: failed to open inactive connd_id=29
12-15 21:59:16.286 E/QC-QMI  (  492): qmi_qmux: TX failed, connection inactive or in reset, conn_id=29, status_flags=4
12-15 21:59:16.286 E/QC-QMI  (  492): qmi_ctl_tx_msg: qmi_qmux_tx_msg failed
12-15 21:59:16.286 E/QC-QMI  (  492): qmi_ctl_handle_request: qmi_ctl_tx_msg call failed
12-15 21:59:16.287 E/QC-QMI  (  492): qmi_qmux_open_connection: connection is disabled for conn_id=48
12-15 21:59:16.287 E/QC-QMI  (  492): qmi_qmux_tx_msg: failed to open inactive connd_id=48
12-15 21:59:16.287 E/QC-QMI  (  492): qmi_qmux: TX failed, connection inactive or in reset, conn_id=48, status_flags=4
12-15 21:59:16.287 E/QC-QMI  (  492): qmi_ctl_tx_msg: qmi_qmux_tx_msg failed
12-15 21:59:16.287 E/QC-QMI  (  492): qmi_ctl_handle_request: qmi_ctl_tx_msg call failed
12-15 21:59:16.288 E/QC-QMI  (  492): qmi_qmux_open_connection: connection is disabled for conn_id=48
12-15 21:59:16.288 E/QC-QMI  (  492): qmi_qmux_tx_msg: failed to open inactive connd_id=48
12-15 21:59:16.288 E/QC-QMI  (  492): qmi_qmux: TX failed, connection inactive or in reset, conn_id=48, status_flags=4
12-15 21:59:16.288 E/QC-QMI  (  492): qmi_ctl_tx_msg: qmi_qmux_tx_msg failed
12-15 21:59:16.288 E/QC-QMI  (  492): qmi_ctl_handle_request: qmi_ctl_tx_msg call failed
12-15 21:59:16.288 E/QC-QMI  (  492): qmi_qmux_open_connection: connection is disabled for conn_id=57
12-15 21:59:16.289 E/QC-QMI  (  492): qmi_qmux_tx_msg: failed to open inactive connd_id=57
12-15 21:59:16.289 E/QC-QMI  (  492): qmi_qmux: TX failed, connection inactive or in reset, conn_id=57, status_flags=4
12-15 21:59:16.289 E/QC-QMI  (  492): qmi_ctl_tx_msg: qmi_qmux_tx_msg failed
12-15 21:59:16.289 E/QC-QMI  (  492): qmi_ctl_handle_request: qmi_ctl_tx_msg call failed
12-15 21:59:16.289 E/QC-QMI  (  492): qmi_qmux_open_connection: connection is disabled for conn_id=57
12-15 21:59:16.289 E/QC-QMI  (  492): qmi_qmux_tx_msg: failed to open inactive connd_id=57
12-15 21:59:16.289 E/QC-QMI  (  492): qmi_qmux: TX failed, connection inactive or in reset, conn_id=57, status_flags=4
12-15 21:59:16.290 E/QC-QMI  (  492): qmi_ctl_tx_msg: qmi_qmux_tx_msg failed
12-15 21:59:16.290 E/QC-QMI  (  492): qmi_ctl_handle_request: qmi_ctl_tx_msg call failed
12-15 21:59:16.293 E/QC-QMI  (  492): qmi_qmux_open_connection: connection is disabled for conn_id=29
12-15 21:59:16.293 E/QC-QMI  (  492): qmi_qmux_tx_msg: failed to open inactive connd_id=29
12-15 21:59:16.293 E/QC-QMI  (  492): qmi_qmux: TX failed, connection inactive or in reset, conn_id=29, status_flags=4
12-15 21:59:16.293 E/QC-QMI  (  492): qmi_ctl_tx_msg: qmi_qmux_tx_msg failed
12-15 21:59:16.293 E/QC-QMI  (  492): qmi_ctl_handle_request: qmi_ctl_tx_msg call failed
12-15 21:59:16.294 E/QC-QMI  (  492): qmi_qmux_open_connection: connection is disabled for conn_id=29
12-15 21:59:16.294 E/QC-QMI  (  492): qmi_qmux_tx_msg: failed to open inactive connd_id=29
12-15 21:59:16.294 E/QC-QMI  (  492): qmi_qmux: TX failed, connection inactive or in reset, conn_id=29, status_flags=4
12-15 21:59:16.294 E/QC-QMI  (  492): qmi_ctl_tx_msg: qmi_qmux_tx_msg failed
12-15 21:59:16.294 E/QC-QMI  (  492): qmi_ctl_handle_request: qmi_ctl_tx_msg call failed
12-15 21:59:16.296 E/QC-QMI  (  492): qmi_qmux_open_connection: connection is disabled for conn_id=48
12-15 21:59:16.296 E/QC-QMI  (  492): qmi_qmux_tx_msg: failed to open inactive connd_id=48
12-15 21:59:16.296 E/QC-QMI  (  492): qmi_qmux: TX failed, connection inactive or in reset, conn_id=48, status_flags=4
12-15 21:59:16.296 E/QC-QMI  (  492): qmi_ctl_tx_msg: qmi_qmux_tx_msg failed
12-15 21:59:16.296 E/QC-QMI  (  492): qmi_ctl_handle_request: qmi_ctl_tx_msg call failed
12-15 21:59:16.297 E/QC-QMI  (  492): qmi_qmux_open_connection: connection is disabled for conn_id=48
12-15 21:59:16.297 E/QC-QMI  (  492): qmi_qmux_tx_msg: failed to open inactive connd_id=48
12-15 21:59:16.297 E/QC-QMI  (  492): qmi_qmux: TX failed, connection inactive or in reset, conn_id=48, status_flags=4
12-15 21:59:16.297 E/QC-QMI  (  492): qmi_ctl_tx_msg: qmi_qmux_tx_msg failed
12-15 21:59:16.297 E/QC-QMI  (  492): qmi_ctl_handle_request: qmi_ctl_tx_msg call failed
12-15 21:59:16.298 E/QC-QMI  (  492): qmi_qmux_open_connection: connection is disabled for conn_id=57
12-15 21:59:16.298 E/QC-QMI  (  492): qmi_qmux_tx_msg: failed to open inactive connd_id=57
12-15 21:59:16.298 E/QC-QMI  (  492): qmi_qmux: TX failed, connection inactive or in reset, conn_id=57, status_flags=4
12-15 21:59:16.298 E/QC-QMI  (  492): qmi_ctl_tx_msg: qmi_qmux_tx_msg failed
12-15 21:59:16.298 E/QC-QMI  (  492): qmi_ctl_handle_request: qmi_ctl_tx_msg call failed
12-15 21:59:16.298 E/QC-QMI  (  492): qmi_qmux_open_connection: connection is disabled for conn_id=57
12-15 21:59:16.298 E/QC-QMI  (  492): qmi_qmux_tx_msg: failed to open inactive connd_id=57
12-15 21:59:16.299 E/QC-QMI  (  492): qmi_qmux: TX failed, connection inactive or in reset, conn_id=57, status_flags=4
12-15 21:59:16.299 E/QC-QMI  (  492): qmi_ctl_tx_msg: qmi_qmux_tx_msg failed
12-15 21:59:16.299 E/QC-QMI  (  492): qmi_ctl_handle_request: qmi_ctl_tx_msg call failed
12-15 21:59:16.299 E/QC-QMI  (  492): qmi_qmux_open_connection: connection is disabled for conn_id=29
12-15 21:59:16.299 E/QC-QMI  (  492): qmi_qmux_tx_msg: failed to open inactive connd_id=29
12-15 21:59:16.300 E/QC-QMI  (  492): qmi_qmux: TX failed, connection inactive or in reset, conn_id=29, status_flags=4
12-15 21:59:16.300 E/QC-QMI  (  492): qmi_ctl_tx_msg: qmi_qmux_tx_msg failed
12-15 21:59:16.300 E/QC-QMI  (  492): qmi_ctl_handle_request: qmi_ctl_tx_msg call failed
12-15 21:59:16.300 E/QC-QMI  (  492): qmi_qmux_open_connection: connection is disabled for conn_id=29
12-15 21:59:16.300 E/QC-QMI  (  492): qmi_qmux_tx_msg: failed to open inactive connd_id=29
12-15 21:59:16.300 E/QC-QMI  (  492): qmi_qmux: TX failed, connection inactive or in reset, conn_id=29, status_flags=4
12-15 21:59:16.300 E/QC-QMI  (  492): qmi_ctl_tx_msg: qmi_qmux_tx_msg failed
12-15 21:59:16.300 E/QC-QMI  (  492): qmi_ctl_handle_request: qmi_ctl_tx_msg call failed
12-15 21:59:16.301 E/QC-QMI  (  492): qmi_qmux_open_connection: connection is disabled for conn_id=48
12-15 21:59:16.301 E/QC-QMI  (  492): qmi_qmux_tx_msg: failed to open inactive connd_id=48
12-15 21:59:16.301 E/QC-QMI  (  492): qmi_qmux: TX failed, connection inactive or in reset, conn_id=48, status_flags=4
12-15 21:59:16.301 E/QC-QMI  (  492): qmi_ctl_tx_msg: qmi_qmux_tx_msg failed
12-15 21:59:16.301 E/QC-QMI  (  492): qmi_ctl_handle_request: qmi_ctl_tx_msg call failed
12-15 21:59:16.302 E/QC-QMI  (  492): qmi_qmux_open_connection: connection is disabled for conn_id=48
12-15 21:59:16.302 E/QC-QMI  (  492): qmi_qmux_tx_msg: failed to open inactive connd_id=48
12-15 21:59:16.302 E/QC-QMI  (  492): qmi_qmux: TX failed, connection inactive or in reset, conn_id=48, status_flags=4
12-15 21:59:16.302 E/QC-QMI  (  492): qmi_ctl_tx_msg: qmi_qmux_tx_msg failed
12-15 21:59:16.302 E/QC-QMI  (  492): qmi_ctl_handle_request: qmi_ctl_tx_msg call failed
12-15 21:59:16.303 E/QC-QMI  (  492): qmi_qmux_open_connection: connection is disabled for conn_id=57
12-15 21:59:16.303 E/QC-QMI  (  492): qmi_qmux_tx_msg: failed to open inactive connd_id=57
12-15 21:59:16.303 E/QC-QMI  (  492): qmi_qmux: TX failed, connection inactive or in reset, conn_id=57, status_flags=4
12-15 21:59:16.303 E/QC-QMI  (  492): qmi_ctl_tx_msg: qmi_qmux_tx_msg failed
12-15 21:59:16.303 E/QC-QMI  (  492): qmi_ctl_handle_request: qmi_ctl_tx_msg call failed
12-15 21:59:16.304 E/QC-QMI  (  492): qmi_qmux_open_connection: connection is disabled for conn_id=57
12-15 21:59:16.304 E/QC-QMI  (  492): qmi_qmux_tx_msg: failed to open inactive connd_id=57
12-15 21:59:16.304 E/QC-QMI  (  492): qmi_qmux: TX failed, connection inactive or in reset, conn_id=57, status_flags=4
12-15 21:59:16.304 E/QC-QMI  (  492): qmi_ctl_tx_msg: qmi_qmux_tx_msg failed
12-15 21:59:16.304 E/QC-QMI  (  492): qmi_ctl_handle_request: qmi_ctl_tx_msg call failed
12-15 21:59:16.309 E/QC-QMI  (  492): qmi_qmux_open_connection: connection is disabled for conn_id=29
12-15 21:59:16.309 E/QC-QMI  (  492): qmi_qmux_tx_msg: failed to open inactive connd_id=29
12-15 21:59:16.309 E/QC-QMI  (  492): qmi_qmux: TX failed, connection inactive or in reset, conn_id=29, status_flags=4
12-15 21:59:16.309 E/QC-QMI  (  492): qmi_ctl_tx_msg: qmi_qmux_tx_msg failed
12-15 21:59:16.309 E/QC-QMI  (  492): qmi_ctl_handle_request: qmi_ctl_tx_msg call failed
12-15 21:59:16.310 E/QC-QMI  (  492): qmi_qmux_open_connection: connection is disabled for conn_id=29
12-15 21:59:16.310 E/QC-QMI  (  492): qmi_qmux_tx_msg: failed to open inactive connd_id=29
12-15 21:59:16.310 E/QC-QMI  (  492): qmi_qmux: TX failed, connection inactive or in reset, conn_id=29, status_flags=4
12-15 21:59:16.310 E/QC-QMI  (  492): qmi_ctl_tx_msg: qmi_qmux_tx_msg failed
12-15 21:59:16.310 E/QC-QMI  (  492): qmi_ctl_handle_request: qmi_ctl_tx_msg call failed
12-15 21:59:16.311 E/QC-QMI  (  492): qmi_qmux_open_connection: connection is disabled for conn_id=48
12-15 21:59:16.311 E/QC-QMI  (  492): qmi_qmux_tx_msg: failed to open inactive connd_id=48
12-15 21:59:16.311 E/QC-QMI  (  492): qmi_qmux: TX failed, connection inactive or in reset, conn_id=48, status_flags=4
12-15 21:59:16.311 E/QC-QMI  (  492): qmi_ctl_tx_msg: qmi_qmux_tx_msg failed
12-15 21:59:16.311 E/QC-QMI  (  492): qmi_ctl_handle_request: qmi_ctl_tx_msg call failed
12-15 21:59:16.311 E/QC-QMI  (  492): qmi_qmux_open_connection: connection is disabled for conn_id=48
12-15 21:59:16.312 E/QC-QMI  (  492): qmi_qmux_tx_msg: failed to open inactive connd_id=48
12-15 21:59:16.312 E/QC-QMI  (  492): qmi_qmux: TX failed, connection inactive or in reset, conn_id=48, status_flags=4
12-15 21:59:16.312 E/QC-QMI  (  492): qmi_ctl_tx_msg: qmi_qmux_tx_msg failed
12-15 21:59:16.312 E/QC-QMI  (  492): qmi_ctl_handle_request: qmi_ctl_tx_msg call failed
12-15 21:59:16.312 E/QC-QMI  (  492): qmi_qmux_open_connection: connection is disabled for conn_id=57
12-15 21:59:16.313 E/QC-QMI  (  492): qmi_qmux_tx_msg: failed to open inactive connd_id=57
12-15 21:59:16.313 E/QC-QMI  (  492): qmi_qmux: TX failed, connection inactive or in reset, conn_id=57, status_flags=4
12-15 21:59:16.313 E/QC-QMI  (  492): qmi_ctl_tx_msg: qmi_qmux_tx_msg failed
12-15 21:59:16.313 E/QC-QMI  (  492): qmi_ctl_handle_request: qmi_ctl_tx_msg call failed
12-15 21:59:16.314 E/QC-QMI  (  492): qmi_qmux_open_connection: connection is disabled for conn_id=57
12-15 21:59:16.314 E/QC-QMI  (  492): qmi_qmux_tx_msg: failed to open inactive connd_id=57
12-15 21:59:16.314 E/QC-QMI  (  492): qmi_qmux: TX failed, connection inactive or in reset, conn_id=57, status_flags=4
12-15 21:59:16.314 E/QC-QMI  (  492): qmi_ctl_tx_msg: qmi_qmux_tx_msg failed
12-15 21:59:16.314 E/QC-QMI  (  492): qmi_ctl_handle_request: qmi_ctl_tx_msg call failed
12-15 21:59:16.319 E/QC-QMI  (  492): qmi_qmux_open_connection: connection is disabled for conn_id=29
12-15 21:59:16.319 E/QC-QMI  (  492): qmi_qmux_tx_msg: failed to open inactive connd_id=29
12-15 21:59:16.319 E/QC-QMI  (  492): qmi_qmux: TX failed, connection inactive or in reset, conn_id=29, status_flags=4
12-15 21:59:16.319 E/QC-QMI  (  492): qmi_ctl_tx_msg: qmi_qmux_tx_msg failed
12-15 21:59:16.319 E/QC-QMI  (  492): qmi_ctl_handle_request: qmi_ctl_tx_msg call failed
12-15 21:59:16.319 E/QC-QMI  (  492): qmi_qmux_open_connection: connection is disabled for conn_id=29
12-15 21:59:16.319 E/QC-QMI  (  492): qmi_qmux_tx_msg: failed to open inactive connd_id=29
12-15 21:59:16.320 E/QC-QMI  (  492): qmi_qmux: TX failed, connection inactive or in reset, conn_id=29, status_flags=4
12-15 21:59:16.320 E/QC-QMI  (  492): qmi_ctl_tx_msg: qmi_qmux_tx_msg failed
12-15 21:59:16.320 E/QC-QMI  (  492): qmi_ctl_handle_request: qmi_ctl_tx_msg call failed
12-15 21:59:16.320 E/QC-QMI  (  492): qmi_qmux_open_connection: connection is disabled for conn_id=48
12-15 21:59:16.320 E/QC-QMI  (  492): qmi_qmux_tx_msg: failed to open inactive connd_id=48
12-15 21:59:16.320 E/QC-QMI  (  492): qmi_qmux: TX failed, connection inactive or in reset, conn_id=48, status_flags=4
12-15 21:59:16.320 E/QC-QMI  (  492): qmi_ctl_tx_msg: qmi_qmux_tx_msg failed
12-15 21:59:16.320 E/QC-QMI  (  492): qmi_ctl_handle_request: qmi_ctl_tx_msg call failed
12-15 21:59:16.321 E/QC-QMI  (  492): qmi_qmux_open_connection: connection is disabled for conn_id=48
12-15 21:59:16.321 E/QC-QMI  (  492): qmi_qmux_tx_msg: failed to open inactive connd_id=48
12-15 21:59:16.321 E/QC-QMI  (  492): qmi_qmux: TX failed, connection inactive or in reset, conn_id=48, status_flags=4
12-15 21:59:16.321 E/QC-QMI  (  492): qmi_ctl_tx_msg: qmi_qmux_tx_msg failed
12-15 21:59:16.321 E/QC-QMI  (  492): qmi_ctl_handle_request: qmi_ctl_tx_msg call failed
12-15 21:59:16.322 E/QC-QMI  (  492): qmi_qmux_open_connection: connection is disabled for conn_id=57
12-15 21:59:16.322 E/QC-QMI  (  492): qmi_qmux_tx_msg: failed to open inactive connd_id=57
12-15 21:59:16.322 E/QC-QMI  (  492): qmi_qmux: TX failed, connection inactive or in reset, conn_id=57, status_flags=4
12-15 21:59:16.322 E/QC-QMI  (  492): qmi_ctl_tx_msg: qmi_qmux_tx_msg failed
12-15 21:59:16.322 E/QC-QMI  (  492): qmi_ctl_handle_request: qmi_ctl_tx_msg call failed
12-15 21:59:16.322 E/QC-QMI  (  492): qmi_qmux_open_connection: connection is disabled for conn_id=57
12-15 21:59:16.322 E/QC-QMI  (  492): qmi_qmux_tx_msg: failed to open inactive connd_id=57
12-15 21:59:16.322 E/QC-QMI  (  492): qmi_qmux: TX failed, connection inactive or in reset, conn_id=57, status_flags=4
12-15 21:59:16.322 E/QC-QMI  (  492): qmi_ctl_tx_msg: qmi_qmux_tx_msg failed
12-15 21:59:16.322 E/QC-QMI  (  492): qmi_ctl_handle_request: qmi_ctl_tx_msg call failed
12-15 21:59:16.323 E/QC-QMI  (  492): qmi_qmux_open_connection: connection is disabled for conn_id=29
12-15 21:59:16.323 E/QC-QMI  (  492): qmi_qmux_tx_msg: failed to open inactive connd_id=29
12-15 21:59:16.323 E/QC-QMI  (  492): qmi_qmux: TX failed, connection inactive or in reset, conn_id=29, status_flags=4
12-15 21:59:16.323 E/QC-QMI  (  492): qmi_ctl_tx_msg: qmi_qmux_tx_msg failed
12-15 21:59:16.323 E/QC-QMI  (  492): qmi_ctl_handle_request: qmi_ctl_tx_msg call failed
12-15 21:59:16.324 E/QC-QMI  (  492): qmi_qmux_open_connection: connection is disabled for conn_id=29
12-15 21:59:16.324 E/QC-QMI  (  492): qmi_qmux_tx_msg: failed to open inactive connd_id=29
12-15 21:59:16.324 E/QC-QMI  (  492): qmi_qmux: TX failed, connection inactive or in reset, conn_id=29, status_flags=4
12-15 21:59:16.324 E/QC-QMI  (  492): qmi_ctl_tx_msg: qmi_qmux_tx_msg failed
12-15 21:59:16.324 E/QC-QMI  (  492): qmi_ctl_handle_request: qmi_ctl_tx_msg call failed
12-15 21:59:16.325 E/QC-QMI  (  492): qmi_qmux_open_connection: connection is disabled for conn_id=48
12-15 21:59:16.325 E/QC-QMI  (  492): qmi_qmux_tx_msg: failed to open inactive connd_id=48
12-15 21:59:16.325 E/QC-QMI  (  492): qmi_qmux: TX failed, connection inactive or in reset, conn_id=48, status_flags=4
12-15 21:59:16.325 E/QC-QMI  (  492): qmi_ctl_tx_msg: qmi_qmux_tx_msg failed
12-15 21:59:16.325 E/QC-QMI  (  492): qmi_ctl_handle_request: qmi_ctl_tx_msg call failed
12-15 21:59:16.326 E/QC-QMI  (  492): qmi_qmux_open_connection: connection is disabled for conn_id=48
12-15 21:59:16.326 E/QC-QMI  (  492): qmi_qmux_tx_msg: failed to open inactive connd_id=48
12-15 21:59:16.326 E/QC-QMI  (  492): qmi_qmux: TX failed, connection inactive or in reset, conn_id=48, status_flags=4
12-15 21:59:16.326 E/QC-QMI  (  492): qmi_ctl_tx_msg: qmi_qmux_tx_msg failed
12-15 21:59:16.326 E/QC-QMI  (  492): qmi_ctl_handle_request: qmi_ctl_tx_msg call failed
12-15 21:59:16.326 E/QC-QMI  (  492): qmi_qmux_open_connection: connection is disabled for conn_id=57
12-15 21:59:16.326 E/QC-QMI  (  492): qmi_qmux_tx_msg: failed to open inactive connd_id=57
12-15 21:59:16.326 E/QC-QMI  (  492): qmi_qmux: TX failed, connection inactive or in reset, conn_id=57, status_flags=4
12-15 21:59:16.326 E/QC-QMI  (  492): qmi_ctl_tx_msg: qmi_qmux_tx_msg failed
12-15 21:59:16.326 E/QC-QMI  (  492): qmi_ctl_handle_request: qmi_ctl_tx_msg call failed
12-15 21:59:16.327 E/QC-QMI  (  492): qmi_qmux_open_connection: connection is disabled for conn_id=57
12-15 21:59:16.327 E/QC-QMI  (  492): qmi_qmux_tx_msg: failed to open inactive connd_id=57
12-15 21:59:16.327 E/QC-QMI  (  492): qmi_qmux: TX failed, connection inactive or in reset, conn_id=57, status_flags=4
12-15 21:59:16.327 E/QC-QMI  (  492): qmi_ctl_tx_msg: qmi_qmux_tx_msg failed
12-15 21:59:16.327 E/QC-QMI  (  492): qmi_ctl_handle_request: qmi_ctl_tx_msg call failed
12-15 21:59:16.329 E/QC-QMI  (  492): qmi_qmux_open_connection: connection is disabled for conn_id=29
12-15 21:59:16.329 E/QC-QMI  (  492): qmi_qmux_tx_msg: failed to open inactive connd_id=29
12-15 21:59:16.329 E/QC-QMI  (  492): qmi_qmux: TX failed, connection inactive or in reset, conn_id=29, status_flags=4
12-15 21:59:16.329 E/QC-QMI  (  492): qmi_ctl_tx_msg: qmi_qmux_tx_msg failed
12-15 21:59:16.329 E/QC-QMI  (  492): qmi_ctl_handle_request: qmi_ctl_tx_msg call failed
12-15 21:59:16.330 E/QC-QMI  (  492): qmi_qmux_open_connection: connection is disabled for conn_id=29
12-15 21:59:16.330 E/QC-QMI  (  492): qmi_qmux_tx_msg: failed to open inactive connd_id=29
12-15 21:59:16.330 E/QC-QMI  (  492): qmi_qmux: TX failed, connection inactive or in reset, conn_id=29, status_flags=4
12-15 21:59:16.330 E/QC-QMI  (  492): qmi_ctl_tx_msg: qmi_qmux_tx_msg failed
12-15 21:59:16.330 E/QC-QMI  (  492): qmi_ctl_handle_request: qmi_ctl_tx_msg call failed
12-15 21:59:16.331 E/QC-QMI  (  492): qmi_qmux_open_connection: connection is disabled for conn_id=48
12-15 21:59:16.331 E/QC-QMI  (  492): qmi_qmux_tx_msg: failed to open inactive connd_id=48
12-15 21:59:16.331 E/QC-QMI  (  492): qmi_qmux: TX failed, connection inactive or in reset, conn_id=48, status_flags=4
12-15 21:59:16.331 E/QC-QMI  (  492): qmi_ctl_tx_msg: qmi_qmux_tx_msg failed
12-15 21:59:16.331 E/QC-QMI  (  492): qmi_ctl_handle_request: qmi_ctl_tx_msg call failed
12-15 21:59:16.332 E/QC-QMI  (  492): qmi_qmux_open_connection: connection is disabled for conn_id=48
12-15 21:59:16.332 E/QC-QMI  (  492): qmi_qmux_tx_msg: failed to open inactive connd_id=48
12-15 21:59:16.332 E/QC-QMI  (  492): qmi_qmux: TX failed, connection inactive or in reset, conn_id=48, status_flags=4
12-15 21:59:16.332 E/QC-QMI  (  492): qmi_ctl_tx_msg: qmi_qmux_tx_msg failed
12-15 21:59:16.332 E/QC-QMI  (  492): qmi_ctl_handle_request: qmi_ctl_tx_msg call failed
12-15 21:59:16.333 E/QC-QMI  (  492): qmi_qmux_open_connection: connection is disabled for conn_id=57
12-15 21:59:16.333 E/QC-QMI  (  492): qmi_qmux_tx_msg: failed to open inactive connd_id=57
12-15 21:59:16.333 E/QC-QMI  (  492): qmi_qmux: TX failed, connection inactive or in reset, conn_id=57, status_flags=4
12-15 21:59:16.333 E/QC-QMI  (  492): qmi_ctl_tx_msg: qmi_qmux_tx_msg failed
12-15 21:59:16.333 E/QC-QMI  (  492): qmi_ctl_handle_request: qmi_ctl_tx_msg call failed
12-15 21:59:16.334 E/QC-QMI  (  492): qmi_qmux_open_connection: connection is disabled for conn_id=57
12-15 21:59:16.334 E/QC-QMI  (  492): qmi_qmux_tx_msg: failed to open inactive connd_id=57
12-15 21:59:16.334 E/QC-QMI  (  492): qmi_qmux: TX failed, connection inactive or in reset, conn_id=57, status_flags=4
12-15 21:59:16.334 E/QC-QMI  (  492): qmi_ctl_tx_msg: qmi_qmux_tx_msg failed
12-15 21:59:16.334 E/QC-QMI  (  492): qmi_ctl_handle_request: qmi_ctl_tx_msg call failed
12-15 21:59:16.349 W/PackageManager(  882): Permission com.android.vending.CHECK_LICENSE from package com.android.vending in an unknown group android.permission-group.NETWORK
12-15 21:59:16.349 W/PackageManager(  882): Permission com.android.vending.BILLING from package com.android.vending in an unknown group android.permission-group.NETWORK
12-15 21:59:16.434 W/PackageParser(  882): Ignoring duplicate uses-permissions/uses-permissions-sdk-m: android.permission.SYSTEM_ALERT_WINDOW in package: com.google.android.gms at: Binary XML file line #77
12-15 21:59:16.434 W/PackageParser(  882): Ignoring duplicate uses-permissions/uses-permissions-sdk-m: android.permission.SUBSCRIBED_FEEDS_READ in package: com.google.android.gms at: Binary XML file line #90
12-15 21:59:16.434 W/PackageParser(  882): Ignoring duplicate uses-permissions/uses-permissions-sdk-m: android.permission.SUBSCRIBED_FEEDS_WRITE in package: com.google.android.gms at: Binary XML file line #91
12-15 21:59:16.434 W/PackageParser(  882): Ignoring duplicate uses-permissions/uses-permissions-sdk-m: android.permission.WRITE_SETTINGS in package: com.google.android.gms at: Binary XML file line #134
12-15 21:59:16.435 W/PackageParser(  882): Ignoring duplicate uses-permissions/uses-permissions-sdk-m: android.permission.SYSTEM_ALERT_WINDOW in package: com.google.android.gms at: Binary XML file line #160
12-15 21:59:16.435 W/PackageParser(  882): Ignoring duplicate uses-permissions/uses-permissions-sdk-m: android.permission.READ_SYNC_SETTINGS in package: com.google.android.gms at: Binary XML file line #164
12-15 21:59:16.435 W/PackageParser(  882): Ignoring duplicate uses-permissions/uses-permissions-sdk-m: android.permission.WRITE_SYNC_SETTINGS in package: com.google.android.gms at: Binary XML file line #165
12-15 21:59:16.435 W/PackageParser(  882): Ignoring duplicate uses-permissions/uses-permissions-sdk-m: android.permission.VIBRATE in package: com.google.android.gms at: Binary XML file line #167
12-15 21:59:16.436 W/PackageParser(  882): Ignoring duplicate uses-permissions/uses-permissions-sdk-m: android.permission.VIBRATE in package: com.google.android.gms at: Binary XML file line #209
12-15 21:59:16.436 W/PackageParser(  882): Ignoring duplicate uses-permissions/uses-permissions-sdk-m: android.permission.ACCESS_FINE_LOCATION in package: com.google.android.gms at: Binary XML file line #224
12-15 21:59:16.436 W/PackageParser(  882): Ignoring duplicate uses-permissions/uses-permissions-sdk-m: android.permission.OBSERVE_GRANT_REVOKE_PERMISSIONS in package: com.google.android.gms at: Binary XML file line #230
12-15 21:59:16.436 W/PackageParser(  882): Ignoring duplicate uses-permissions/uses-permissions-sdk-m: android.permission.READ_CONTACTS in package: com.google.android.gms at: Binary XML file line #268
12-15 21:59:16.437 W/PackageParser(  882): Ignoring duplicate uses-permissions/uses-permissions-sdk-m: android.permission.WRITE_SETTINGS in package: com.google.android.gms at: Binary XML file line #300
12-15 21:59:16.437 W/PackageParser(  882): Ignoring duplicate uses-permissions/uses-permissions-sdk-m: android.permission.CAPTURE_AUDIO_OUTPUT in package: com.google.android.gms at: Binary XML file line #315
12-15 21:59:16.437 W/PackageParser(  882): Ignoring duplicate uses-permissions/uses-permissions-sdk-m: android.permission.CAPTURE_VIDEO_OUTPUT in package: com.google.android.gms at: Binary XML file line #316
12-15 21:59:16.598 E/QC-QMI  (  485): qmi_client [485] 2: failed to locate client data
12-15 21:59:16.599 E/QC-QMI  (  492): qmuxd: RX on fd=16 returned error=0 errno[2:No such file or directory]
12-15 21:59:16.599 E/QC-QMI  (  492): QMUX qmux_client_id=2 not found in qmux client list, unable to remove
12-15 21:59:16.601 E/QC-QMI  (  492): qmi_qmux_open_connection: connection is disabled for conn_id=29
12-15 21:59:16.601 E/QC-QMI  (  492): qmi_qmux_tx_msg: failed to open inactive connd_id=29
12-15 21:59:16.601 E/QC-QMI  (  492): qmi_qmux: TX failed, connection inactive or in reset, conn_id=29, status_flags=4
12-15 21:59:16.601 E/QC-QMI  (  492): qmi_ctl_tx_msg: qmi_qmux_tx_msg failed
12-15 21:59:16.601 E/QC-QMI  (  492): qmi_ctl_handle_request: qmi_ctl_tx_msg call failed
12-15 21:59:16.602 E/QC-QMI  (  492): qmi_qmux_open_connection: connection is disabled for conn_id=29
12-15 21:59:16.602 E/QC-QMI  (  492): qmi_qmux_tx_msg: failed to open inactive connd_id=29
12-15 21:59:16.602 E/QC-QMI  (  492): qmi_qmux: TX failed, connection inactive or in reset, conn_id=29, status_flags=4
12-15 21:59:16.602 E/QC-QMI  (  492): qmi_ctl_tx_msg: qmi_qmux_tx_msg failed
12-15 21:59:16.602 E/QC-QMI  (  492): qmi_ctl_handle_request: qmi_ctl_tx_msg call failed
12-15 21:59:16.603 E/QC-QMI  (  492): qmi_qmux_open_connection: connection is disabled for conn_id=29
12-15 21:59:16.603 E/QC-QMI  (  492): qmi_qmux_tx_msg: failed to open inactive connd_id=29
12-15 21:59:16.603 E/QC-QMI  (  492): qmi_qmux: TX failed, connection inactive or in reset, conn_id=29, status_flags=4
12-15 21:59:16.603 E/QC-QMI  (  492): qmi_ctl_tx_msg: qmi_qmux_tx_msg failed
12-15 21:59:16.603 E/QC-QMI  (  492): qmi_ctl_handle_request: qmi_ctl_tx_msg call failed
12-15 21:59:16.604 E/QC-QMI  (  485): qmi_client [485] 3: failed to locate client data
12-15 21:59:16.605 E/QC-QMI  (  492): qmuxd: RX on fd=16 returned error=0 errno[2:No such file or directory]
12-15 21:59:16.605 E/QC-QMI  (  492): QMUX qmux_client_id=3 not found in qmux client list, unable to remove
12-15 21:59:16.606 E/QC-QMI  (  492): qmi_qmux_open_connection: connection is disabled for conn_id=48
12-15 21:59:16.607 E/QC-QMI  (  492): qmi_qmux_tx_msg: failed to open inactive connd_id=48
12-15 21:59:16.607 E/QC-QMI  (  492): qmi_qmux: TX failed, connection inactive or in reset, conn_id=48, status_flags=4
12-15 21:59:16.607 E/QC-QMI  (  492): qmi_ctl_tx_msg: qmi_qmux_tx_msg failed
12-15 21:59:16.607 E/QC-QMI  (  492): qmi_ctl_handle_request: qmi_ctl_tx_msg call failed
12-15 21:59:16.607 E/QC-QMI  (  492): qmi_qmux_open_connection: connection is disabled for conn_id=48
12-15 21:59:16.607 E/QC-QMI  (  492): qmi_qmux_tx_msg: failed to open inactive connd_id=48
12-15 21:59:16.608 E/QC-QMI  (  492): qmi_qmux: TX failed, connection inactive or in reset, conn_id=48, status_flags=4
12-15 21:59:16.608 E/QC-QMI  (  492): qmi_ctl_tx_msg: qmi_qmux_tx_msg failed
12-15 21:59:16.608 E/QC-QMI  (  492): qmi_ctl_handle_request: qmi_ctl_tx_msg call failed
12-15 21:59:16.609 E/QC-QMI  (  485): qmi_client [485] 4: failed to locate client data
12-15 21:59:16.610 E/QC-QMI  (  492): qmuxd: RX on fd=16 returned error=0 errno[2:No such file or directory]
12-15 21:59:16.610 E/QC-QMI  (  492): QMUX qmux_client_id=4 not found in qmux client list, unable to remove
12-15 21:59:16.614 E/QC-QMI  (  492): qmi_qmux_open_connection: connection is disabled for conn_id=57
12-15 21:59:16.614 E/QC-QMI  (  492): qmi_qmux_tx_msg: failed to open inactive connd_id=57
12-15 21:59:16.614 E/QC-QMI  (  492): qmi_qmux: TX failed, connection inactive or in reset, conn_id=57, status_flags=4
12-15 21:59:16.614 E/QC-QMI  (  492): qmi_ctl_tx_msg: qmi_qmux_tx_msg failed
12-15 21:59:16.614 E/QC-QMI  (  492): qmi_ctl_handle_request: qmi_ctl_tx_msg call failed
12-15 21:59:16.615 E/QC-QMI  (  492): qmi_qmux_open_connection: connection is disabled for conn_id=57
12-15 21:59:16.615 E/QC-QMI  (  492): qmi_qmux_tx_msg: failed to open inactive connd_id=57
12-15 21:59:16.615 E/QC-QMI  (  492): qmi_qmux: TX failed, connection inactive or in reset, conn_id=57, status_flags=4
12-15 21:59:16.615 E/QC-QMI  (  492): qmi_ctl_tx_msg: qmi_qmux_tx_msg failed
12-15 21:59:16.615 E/QC-QMI  (  492): qmi_ctl_handle_request: qmi_ctl_tx_msg call failed
12-15 21:59:16.616 E/QC-QMI  (  485): qmi_client [485] 5: failed to locate client data
12-15 21:59:16.617 E/QC-QMI  (  492): qmuxd: RX on fd=16 returned error=0 errno[2:No such file or directory]
12-15 21:59:16.617 E/QC-QMI  (  492): QMUX qmux_client_id=5 not found in qmux client list, unable to remove
12-15 21:59:16.619 W/PackageManager(  882): Permission com.google.android.gms.permission.ACTIVITY_RECOGNITION from package com.google.android.gms in an unknown group android.permission-group.PERSONAL_INFO
12-15 21:59:16.621 E/QC-QMI  (  485): qmi_client [485] 6: failed to locate client data
12-15 21:59:16.621 E/QC-QMI  (  492): qmuxd: RX on fd=16 returned error=0 errno[2:No such file or directory]
12-15 21:59:16.621 E/QC-QMI  (  492): QMUX qmux_client_id=6 not found in qmux client list, unable to remove
12-15 21:59:16.623 E/QC-QMI  (  492): qmi_qmux_open_connection: connection is disabled for conn_id=29
12-15 21:59:16.623 E/QC-QMI  (  492): qmi_qmux_tx_msg: failed to open inactive connd_id=29
12-15 21:59:16.623 E/QC-QMI  (  492): qmi_qmux: TX failed, connection inactive or in reset, conn_id=29, status_flags=4
12-15 21:59:16.623 E/QC-QMI  (  492): qmi_ctl_tx_msg: qmi_qmux_tx_msg failed
12-15 21:59:16.623 E/QC-QMI  (  492): qmi_ctl_handle_request: qmi_ctl_tx_msg call failed
12-15 21:59:16.623 E/QC-QMI  (  492): qmi_qmux_open_connection: connection is disabled for conn_id=29
12-15 21:59:16.623 E/QC-QMI  (  492): qmi_qmux_tx_msg: failed to open inactive connd_id=29
12-15 21:59:16.623 E/QC-QMI  (  492): qmi_qmux: TX failed, connection inactive or in reset, conn_id=29, status_flags=4
12-15 21:59:16.624 E/QC-QMI  (  492): qmi_ctl_tx_msg: qmi_qmux_tx_msg failed
12-15 21:59:16.624 E/QC-QMI  (  492): qmi_ctl_handle_request: qmi_ctl_tx_msg call failed
12-15 21:59:16.625 E/QC-QMI  (  485): qmi_client [485] 7: failed to locate client data
12-15 21:59:16.625 E/QC-QMI  (  492): qmuxd: RX on fd=16 returned error=0 errno[2:No such file or directory]
12-15 21:59:16.625 E/QC-QMI  (  492): QMUX qmux_client_id=7 not found in qmux client list, unable to remove
12-15 21:59:16.627 E/QC-QMI  (  492): qmi_qmux_open_connection: connection is disabled for conn_id=48
12-15 21:59:16.627 E/QC-QMI  (  492): qmi_qmux_tx_msg: failed to open inactive connd_id=48
12-15 21:59:16.627 E/QC-QMI  (  492): qmi_qmux: TX failed, connection inactive or in reset, conn_id=48, status_flags=4
12-15 21:59:16.627 E/QC-QMI  (  492): qmi_ctl_tx_msg: qmi_qmux_tx_msg failed
12-15 21:59:16.627 E/QC-QMI  (  492): qmi_ctl_handle_request: qmi_ctl_tx_msg call failed
12-15 21:59:16.627 E/QC-QMI  (  492): qmi_qmux_open_connection: connection is disabled for conn_id=48
12-15 21:59:16.627 E/QC-QMI  (  492): qmi_qmux_tx_msg: failed to open inactive connd_id=48
12-15 21:59:16.628 E/QC-QMI  (  492): qmi_qmux: TX failed, connection inactive or in reset, conn_id=48, status_flags=4
12-15 21:59:16.628 E/QC-QMI  (  492): qmi_ctl_tx_msg: qmi_qmux_tx_msg failed
12-15 21:59:16.628 E/QC-QMI  (  492): qmi_ctl_handle_request: qmi_ctl_tx_msg call failed
12-15 21:59:16.629 E/QC-QMI  (  485): qmi_client [485] 8: failed to locate client data
12-15 21:59:16.631 E/QC-QMI  (  492): qmuxd: RX on fd=16 returned error=0 errno[2:No such file or directory]
12-15 21:59:16.632 E/QC-QMI  (  492): QMUX qmux_client_id=8 not found in qmux client list, unable to remove
12-15 21:59:16.633 E/QC-QMI  (  492): qmi_qmux_open_connection: connection is disabled for conn_id=57
12-15 21:59:16.633 E/QC-QMI  (  492): qmi_qmux_tx_msg: failed to open inactive connd_id=57
12-15 21:59:16.633 E/QC-QMI  (  492): qmi_qmux: TX failed, connection inactive or in reset, conn_id=57, status_flags=4
12-15 21:59:16.633 E/QC-QMI  (  492): qmi_ctl_tx_msg: qmi_qmux_tx_msg failed
12-15 21:59:16.633 E/QC-QMI  (  492): qmi_ctl_handle_request: qmi_ctl_tx_msg call failed
12-15 21:59:16.634 E/QC-QMI  (  492): qmi_qmux_open_connection: connection is disabled for conn_id=57
12-15 21:59:16.634 E/QC-QMI  (  492): qmi_qmux_tx_msg: failed to open inactive connd_id=57
12-15 21:59:16.634 E/QC-QMI  (  492): qmi_qmux: TX failed, connection inactive or in reset, conn_id=57, status_flags=4
12-15 21:59:16.634 E/QC-QMI  (  492): qmi_ctl_tx_msg: qmi_qmux_tx_msg failed
12-15 21:59:16.634 E/QC-QMI  (  492): qmi_ctl_handle_request: qmi_ctl_tx_msg call failed
12-15 21:59:16.636 E/QC-QMI  (  485): qmi_client [485] 9: failed to locate client data
12-15 21:59:16.636 E/QC-QMI  (  492): qmuxd: RX on fd=16 returned error=0 errno[2:No such file or directory]
12-15 21:59:16.636 E/QC-QMI  (  492): QMUX qmux_client_id=9 not found in qmux client list, unable to remove
12-15 21:59:16.642 E/QC-QMI  (  492): qmi_qmux_open_connection: connection is disabled for conn_id=29
12-15 21:59:16.642 E/QC-QMI  (  492): qmi_qmux_tx_msg: failed to open inactive connd_id=29
12-15 21:59:16.642 E/QC-QMI  (  492): qmi_qmux: TX failed, connection inactive or in reset, conn_id=29, status_flags=4
12-15 21:59:16.642 E/QC-QMI  (  492): qmi_ctl_tx_msg: qmi_qmux_tx_msg failed
12-15 21:59:16.642 E/QC-QMI  (  492): qmi_ctl_handle_request: qmi_ctl_tx_msg call failed
12-15 21:59:16.643 E/QC-QMI  (  492): qmi_qmux_open_connection: connection is disabled for conn_id=29
12-15 21:59:16.643 E/QC-QMI  (  492): qmi_qmux_tx_msg: failed to open inactive connd_id=29
12-15 21:59:16.643 E/QC-QMI  (  492): qmi_qmux: TX failed, connection inactive or in reset, conn_id=29, status_flags=4
12-15 21:59:16.643 E/QC-QMI  (  492): qmi_ctl_tx_msg: qmi_qmux_tx_msg failed
12-15 21:59:16.643 E/QC-QMI  (  492): qmi_ctl_handle_request: qmi_ctl_tx_msg call failed
12-15 21:59:16.643 E/QC-QMI  (  492): qmi_qmux_open_connection: connection is disabled for conn_id=48
12-15 21:59:16.644 E/QC-QMI  (  492): qmi_qmux_tx_msg: failed to open inactive connd_id=48
12-15 21:59:16.644 E/QC-QMI  (  492): qmi_qmux: TX failed, connection inactive or in reset, conn_id=48, status_flags=4
12-15 21:59:16.644 E/QC-QMI  (  492): qmi_ctl_tx_msg: qmi_qmux_tx_msg failed
12-15 21:59:16.644 E/QC-QMI  (  492): qmi_ctl_handle_request: qmi_ctl_tx_msg call failed
12-15 21:59:16.644 E/QC-QMI  (  492): qmi_qmux_open_connection: connection is disabled for conn_id=48
12-15 21:59:16.644 E/QC-QMI  (  492): qmi_qmux_tx_msg: failed to open inactive connd_id=48
12-15 21:59:16.644 E/QC-QMI  (  492): qmi_qmux: TX failed, connection inactive or in reset, conn_id=48, status_flags=4
12-15 21:59:16.644 E/QC-QMI  (  492): qmi_ctl_tx_msg: qmi_qmux_tx_msg failed
12-15 21:59:16.644 E/QC-QMI  (  492): qmi_ctl_handle_request: qmi_ctl_tx_msg call failed
12-15 21:59:16.645 E/QC-QMI  (  492): qmi_qmux_open_connection: connection is disabled for conn_id=57
12-15 21:59:16.645 E/QC-QMI  (  492): qmi_qmux_tx_msg: failed to open inactive connd_id=57
12-15 21:59:16.645 E/QC-QMI  (  492): qmi_qmux: TX failed, connection inactive or in reset, conn_id=57, status_flags=4
12-15 21:59:16.645 E/QC-QMI  (  492): qmi_ctl_tx_msg: qmi_qmux_tx_msg failed
12-15 21:59:16.645 E/QC-QMI  (  492): qmi_ctl_handle_request: qmi_ctl_tx_msg call failed
12-15 21:59:16.646 E/QC-QMI  (  492): qmi_qmux_open_connection: connection is disabled for conn_id=57
12-15 21:59:16.646 E/QC-QMI  (  492): qmi_qmux_tx_msg: failed to open inactive connd_id=57
12-15 21:59:16.646 E/QC-QMI  (  492): qmi_qmux: TX failed, connection inactive or in reset, conn_id=57, status_flags=4
12-15 21:59:16.646 E/QC-QMI  (  492): qmi_ctl_tx_msg: qmi_qmux_tx_msg failed
12-15 21:59:16.646 E/QC-QMI  (  492): qmi_ctl_handle_request: qmi_ctl_tx_msg call failed
12-15 21:59:16.647 E/QC-QMI  (  492): qmi_qmux_open_connection: connection is disabled for conn_id=29
12-15 21:59:16.647 E/QC-QMI  (  492): qmi_qmux_tx_msg: failed to open inactive connd_id=29
12-15 21:59:16.648 E/QC-QMI  (  492): qmi_qmux: TX failed, connection inactive or in reset, conn_id=29, status_flags=4
12-15 21:59:16.648 E/QC-QMI  (  492): qmi_ctl_tx_msg: qmi_qmux_tx_msg failed
12-15 21:59:16.648 E/QC-QMI  (  492): qmi_ctl_handle_request: qmi_ctl_tx_msg call failed
12-15 21:59:16.649 E/QC-QMI  (  492): qmi_qmux_open_connection: connection is disabled for conn_id=29
12-15 21:59:16.649 E/QC-QMI  (  492): qmi_qmux_tx_msg: failed to open inactive connd_id=29
12-15 21:59:16.649 E/QC-QMI  (  492): qmi_qmux: TX failed, connection inactive or in reset, conn_id=29, status_flags=4
12-15 21:59:16.649 E/QC-QMI  (  492): qmi_ctl_tx_msg: qmi_qmux_tx_msg failed
12-15 21:59:16.649 E/QC-QMI  (  492): qmi_ctl_handle_request: qmi_ctl_tx_msg call failed
12-15 21:59:16.649 E/QC-QMI  (  492): qmi_qmux_open_connection: connection is disabled for conn_id=48
12-15 21:59:16.649 E/QC-QMI  (  492): qmi_qmux_tx_msg: failed to open inactive connd_id=48
12-15 21:59:16.649 E/QC-QMI  (  492): qmi_qmux: TX failed, connection inactive or in reset, conn_id=48, status_flags=4
12-15 21:59:16.650 E/QC-QMI  (  492): qmi_ctl_tx_msg: qmi_qmux_tx_msg failed
12-15 21:59:16.650 E/QC-QMI  (  492): qmi_ctl_handle_request: qmi_ctl_tx_msg call failed
12-15 21:59:16.650 E/QC-QMI  (  492): qmi_qmux_open_connection: connection is disabled for conn_id=48
12-15 21:59:16.650 E/QC-QMI  (  492): qmi_qmux_tx_msg: failed to open inactive connd_id=48
12-15 21:59:16.650 E/QC-QMI  (  492): qmi_qmux: TX failed, connection inactive or in reset, conn_id=48, status_flags=4
12-15 21:59:16.650 E/QC-QMI  (  492): qmi_ctl_tx_msg: qmi_qmux_tx_msg failed
12-15 21:59:16.650 E/QC-QMI  (  492): qmi_ctl_handle_request: qmi_ctl_tx_msg call failed
12-15 21:59:16.651 E/QC-QMI  (  492): qmi_qmux_open_connection: connection is disabled for conn_id=57
12-15 21:59:16.651 E/QC-QMI  (  492): qmi_qmux_tx_msg: failed to open inactive connd_id=57
12-15 21:59:16.651 E/QC-QMI  (  492): qmi_qmux: TX failed, connection inactive or in reset, conn_id=57, status_flags=4
12-15 21:59:16.651 E/QC-QMI  (  492): qmi_ctl_tx_msg: qmi_qmux_tx_msg failed
12-15 21:59:16.651 E/QC-QMI  (  492): qmi_ctl_handle_request: qmi_ctl_tx_msg call failed
12-15 21:59:16.652 E/QC-QMI  (  492): qmi_qmux_open_connection: connection is disabled for conn_id=57
12-15 21:59:16.652 E/QC-QMI  (  492): qmi_qmux_tx_msg: failed to open inactive connd_id=57
12-15 21:59:16.652 E/QC-QMI  (  492): qmi_qmux: TX failed, connection inactive or in reset, conn_id=57, status_flags=4
12-15 21:59:16.652 E/QC-QMI  (  492): qmi_ctl_tx_msg: qmi_qmux_tx_msg failed
12-15 21:59:16.652 E/QC-QMI  (  492): qmi_ctl_handle_request: qmi_ctl_tx_msg call failed
12-15 21:59:16.654 E/QC-QMI  (  492): qmi_qmux_open_connection: connection is disabled for conn_id=29
12-15 21:59:16.654 E/QC-QMI  (  492): qmi_qmux_tx_msg: failed to open inactive connd_id=29
12-15 21:59:16.654 E/QC-QMI  (  492): qmi_qmux: TX failed, connection inactive or in reset, conn_id=29, status_flags=4
12-15 21:59:16.654 E/QC-QMI  (  492): qmi_ctl_tx_msg: qmi_qmux_tx_msg failed
12-15 21:59:16.654 E/QC-QMI  (  492): qmi_ctl_handle_request: qmi_ctl_tx_msg call failed
12-15 21:59:16.654 E/QC-QMI  (  492): qmi_qmux_open_connection: connection is disabled for conn_id=29
12-15 21:59:16.654 E/QC-QMI  (  492): qmi_qmux_tx_msg: failed to open inactive connd_id=29
12-15 21:59:16.654 E/QC-QMI  (  492): qmi_qmux: TX failed, connection inactive or in reset, conn_id=29, status_flags=4
12-15 21:59:16.655 E/QC-QMI  (  492): qmi_ctl_tx_msg: qmi_qmux_tx_msg failed
12-15 21:59:16.655 E/QC-QMI  (  492): qmi_ctl_handle_request: qmi_ctl_tx_msg call failed
12-15 21:59:16.655 E/QC-QMI  (  492): qmi_qmux_open_connection: connection is disabled for conn_id=48
12-15 21:59:16.655 E/QC-QMI  (  492): qmi_qmux_tx_msg: failed to open inactive connd_id=48
12-15 21:59:16.655 E/QC-QMI  (  492): qmi_qmux: TX failed, connection inactive or in reset, conn_id=48, status_flags=4
12-15 21:59:16.655 E/QC-QMI  (  492): qmi_ctl_tx_msg: qmi_qmux_tx_msg failed
12-15 21:59:16.655 E/QC-QMI  (  492): qmi_ctl_handle_request: qmi_ctl_tx_msg call failed
12-15 21:59:16.657 E/QC-QMI  (  492): qmi_qmux_open_connection: connection is disabled for conn_id=48
12-15 21:59:16.657 E/QC-QMI  (  492): qmi_qmux_tx_msg: failed to open inactive connd_id=48
12-15 21:59:16.657 E/QC-QMI  (  492): qmi_qmux: TX failed, connection inactive or in reset, conn_id=48, status_flags=4
12-15 21:59:16.657 E/QC-QMI  (  492): qmi_ctl_tx_msg: qmi_qmux_tx_msg failed
12-15 21:59:16.657 E/QC-QMI  (  492): qmi_ctl_handle_request: qmi_ctl_tx_msg call failed
12-15 21:59:16.658 E/QC-QMI  (  492): qmi_qmux_open_connection: connection is disabled for conn_id=57
12-15 21:59:16.658 E/QC-QMI  (  492): qmi_qmux_tx_msg: failed to open inactive connd_id=57
12-15 21:59:16.658 E/QC-QMI  (  492): qmi_qmux: TX failed, connection inactive or in reset, conn_id=57, status_flags=4
12-15 21:59:16.658 E/QC-QMI  (  492): qmi_ctl_tx_msg: qmi_qmux_tx_msg failed
12-15 21:59:16.658 E/QC-QMI  (  492): qmi_ctl_handle_request: qmi_ctl_tx_msg call failed
12-15 21:59:16.658 E/QC-QMI  (  492): qmi_qmux_open_connection: connection is disabled for conn_id=57
12-15 21:59:16.658 E/QC-QMI  (  492): qmi_qmux_tx_msg: failed to open inactive connd_id=57
12-15 21:59:16.658 E/QC-QMI  (  492): qmi_qmux: TX failed, connection inactive or in reset, conn_id=57, status_flags=4
12-15 21:59:16.659 E/QC-QMI  (  492): qmi_ctl_tx_msg: qmi_qmux_tx_msg failed
12-15 21:59:16.659 E/QC-QMI  (  492): qmi_ctl_handle_request: qmi_ctl_tx_msg call failed
12-15 21:59:16.659 E/QC-QMI  (  492): qmi_qmux_open_connection: connection is disabled for conn_id=29
12-15 21:59:16.659 E/QC-QMI  (  492): qmi_qmux_tx_msg: failed to open inactive connd_id=29
12-15 21:59:16.659 E/QC-QMI  (  492): qmi_qmux: TX failed, connection inactive or in reset, conn_id=29, status_flags=4
12-15 21:59:16.659 E/QC-QMI  (  492): qmi_ctl_tx_msg: qmi_qmux_tx_msg failed
12-15 21:59:16.659 E/QC-QMI  (  492): qmi_ctl_handle_request: qmi_ctl_tx_msg call failed
12-15 21:59:16.660 E/QC-QMI  (  492): qmi_qmux_open_connection: connection is disabled for conn_id=29
12-15 21:59:16.660 E/QC-QMI  (  492): qmi_qmux_tx_msg: failed to open inactive connd_id=29
12-15 21:59:16.660 E/QC-QMI  (  492): qmi_qmux: TX failed, connection inactive or in reset, conn_id=29, status_flags=4
12-15 21:59:16.660 E/QC-QMI  (  492): qmi_ctl_tx_msg: qmi_qmux_tx_msg failed
12-15 21:59:16.660 E/QC-QMI  (  492): qmi_ctl_handle_request: qmi_ctl_tx_msg call failed
12-15 21:59:16.661 E/QC-QMI  (  492): qmi_qmux_open_connection: connection is disabled for conn_id=48
12-15 21:59:16.661 E/QC-QMI  (  492): qmi_qmux_tx_msg: failed to open inactive connd_id=48
12-15 21:59:16.661 E/QC-QMI  (  492): qmi_qmux: TX failed, connection inactive or in reset, conn_id=48, status_flags=4
12-15 21:59:16.661 E/QC-QMI  (  492): qmi_ctl_tx_msg: qmi_qmux_tx_msg failed
12-15 21:59:16.661 E/QC-QMI  (  492): qmi_ctl_handle_request: qmi_ctl_tx_msg call failed
12-15 21:59:16.661 E/QC-QMI  (  492): qmi_qmux_open_connection: connection is disabled for conn_id=48
12-15 21:59:16.661 E/QC-QMI  (  492): qmi_qmux_tx_msg: failed to open inactive connd_id=48
12-15 21:59:16.662 E/QC-QMI  (  492): qmi_qmux: TX failed, connection inactive or in reset, conn_id=48, status_flags=4
12-15 21:59:16.662 E/QC-QMI  (  492): qmi_ctl_tx_msg: qmi_qmux_tx_msg failed
12-15 21:59:16.662 E/QC-QMI  (  492): qmi_ctl_handle_request: qmi_ctl_tx_msg call failed
12-15 21:59:16.663 E/QC-QMI  (  492): qmi_qmux_open_connection: connection is disabled for conn_id=57
12-15 21:59:16.663 E/QC-QMI  (  492): qmi_qmux_tx_msg: failed to open inactive connd_id=57
12-15 21:59:16.663 E/QC-QMI  (  492): qmi_qmux: TX failed, connection inactive or in reset, conn_id=57, status_flags=4
12-15 21:59:16.663 E/QC-QMI  (  492): qmi_ctl_tx_msg: qmi_qmux_tx_msg failed
12-15 21:59:16.663 E/QC-QMI  (  492): qmi_ctl_handle_request: qmi_ctl_tx_msg call failed
12-15 21:59:16.664 E/QC-QMI  (  492): qmi_qmux_open_connection: connection is disabled for conn_id=57
12-15 21:59:16.664 E/QC-QMI  (  492): qmi_qmux_tx_msg: failed to open inactive connd_id=57
12-15 21:59:16.665 E/QC-QMI  (  492): qmi_qmux: TX failed, connection inactive or in reset, conn_id=57, status_flags=4
12-15 21:59:16.665 E/QC-QMI  (  492): qmi_ctl_tx_msg: qmi_qmux_tx_msg failed
12-15 21:59:16.665 E/QC-QMI  (  492): qmi_ctl_handle_request: qmi_ctl_tx_msg call failed
12-15 21:59:16.668 E/QC-QMI  (  492): qmi_qmux_open_connection: connection is disabled for conn_id=29
12-15 21:59:16.668 E/QC-QMI  (  492): qmi_qmux_tx_msg: failed to open inactive connd_id=29
12-15 21:59:16.668 E/QC-QMI  (  492): qmi_qmux: TX failed, connection inactive or in reset, conn_id=29, status_flags=4
12-15 21:59:16.668 E/QC-QMI  (  492): qmi_ctl_tx_msg: qmi_qmux_tx_msg failed
12-15 21:59:16.668 E/QC-QMI  (  492): qmi_ctl_handle_request: qmi_ctl_tx_msg call failed
12-15 21:59:16.669 E/QC-QMI  (  492): qmi_qmux_open_connection: connection is disabled for conn_id=29
12-15 21:59:16.669 E/QC-QMI  (  492): qmi_qmux_tx_msg: failed to open inactive connd_id=29
12-15 21:59:16.669 E/QC-QMI  (  492): qmi_qmux: TX failed, connection inactive or in reset, conn_id=29, status_flags=4
12-15 21:59:16.669 E/QC-QMI  (  492): qmi_ctl_tx_msg: qmi_qmux_tx_msg failed
12-15 21:59:16.669 E/QC-QMI  (  492): qmi_ctl_handle_request: qmi_ctl_tx_msg call failed
12-15 21:59:16.669 E/QC-QMI  (  492): qmi_qmux_open_connection: connection is disabled for conn_id=48
12-15 21:59:16.669 E/QC-QMI  (  492): qmi_qmux_tx_msg: failed to open inactive connd_id=48
12-15 21:59:16.669 E/QC-QMI  (  492): qmi_qmux: TX failed, connection inactive or in reset, conn_id=48, status_flags=4
12-15 21:59:16.669 E/QC-QMI  (  492): qmi_ctl_tx_msg: qmi_qmux_tx_msg failed
12-15 21:59:16.669 E/QC-QMI  (  492): qmi_ctl_handle_request: qmi_ctl_tx_msg call failed
12-15 21:59:16.670 E/QC-QMI  (  492): qmi_qmux_open_connection: connection is disabled for conn_id=48
12-15 21:59:16.670 E/QC-QMI  (  492): qmi_qmux_tx_msg: failed to open inactive connd_id=48
12-15 21:59:16.670 E/QC-QMI  (  492): qmi_qmux: TX failed, connection inactive or in reset, conn_id=48, status_flags=4
12-15 21:59:16.670 E/QC-QMI  (  492): qmi_ctl_tx_msg: qmi_qmux_tx_msg failed
12-15 21:59:16.670 E/QC-QMI  (  492): qmi_ctl_handle_request: qmi_ctl_tx_msg call failed
12-15 21:59:16.671 E/QC-QMI  (  492): qmi_qmux_open_connection: connection is disabled for conn_id=57
12-15 21:59:16.671 E/QC-QMI  (  492): qmi_qmux_tx_msg: failed to open inactive connd_id=57
12-15 21:59:16.671 E/QC-QMI  (  492): qmi_qmux: TX failed, connection inactive or in reset, conn_id=57, status_flags=4
12-15 21:59:16.671 E/QC-QMI  (  492): qmi_ctl_tx_msg: qmi_qmux_tx_msg failed
12-15 21:59:16.671 E/QC-QMI  (  492): qmi_ctl_handle_request: qmi_ctl_tx_msg call failed
12-15 21:59:16.671 E/QC-QMI  (  492): qmi_qmux_open_connection: connection is disabled for conn_id=57
12-15 21:59:16.671 E/QC-QMI  (  492): qmi_qmux_tx_msg: failed to open inactive connd_id=57
12-15 21:59:16.671 E/QC-QMI  (  492): qmi_qmux: TX failed, connection inactive or in reset, conn_id=57, status_flags=4
12-15 21:59:16.671 E/QC-QMI  (  492): qmi_ctl_tx_msg: qmi_qmux_tx_msg failed
12-15 21:59:16.671 E/QC-QMI  (  492): qmi_ctl_handle_request: qmi_ctl_tx_msg call failed
12-15 21:59:16.672 E/QC-QMI  (  492): qmi_qmux_open_connection: connection is disabled for conn_id=29
12-15 21:59:16.672 E/QC-QMI  (  492): qmi_qmux_tx_msg: failed to open inactive connd_id=29
12-15 21:59:16.672 E/QC-QMI  (  492): qmi_qmux: TX failed, connection inactive or in reset, conn_id=29, status_flags=4
12-15 21:59:16.672 E/QC-QMI  (  492): qmi_ctl_tx_msg: qmi_qmux_tx_msg failed
12-15 21:59:16.672 E/QC-QMI  (  492): qmi_ctl_handle_request: qmi_ctl_tx_msg call failed
12-15 21:59:16.672 E/QC-QMI  (  492): qmi_qmux_open_connection: connection is disabled for conn_id=29
12-15 21:59:16.673 E/QC-QMI  (  492): qmi_qmux_tx_msg: failed to open inactive connd_id=29
12-15 21:59:16.673 E/QC-QMI  (  492): qmi_qmux: TX failed, connection inactive or in reset, conn_id=29, status_flags=4
12-15 21:59:16.673 E/QC-QMI  (  492): qmi_ctl_tx_msg: qmi_qmux_tx_msg failed
12-15 21:59:16.673 E/QC-QMI  (  492): qmi_ctl_handle_request: qmi_ctl_tx_msg call failed
12-15 21:59:16.673 E/QC-QMI  (  492): qmi_qmux_open_connection: connection is disabled for conn_id=48
12-15 21:59:16.673 E/QC-QMI  (  492): qmi_qmux_tx_msg: failed to open inactive connd_id=48
12-15 21:59:16.673 E/QC-QMI  (  492): qmi_qmux: TX failed, connection inactive or in reset, conn_id=48, status_flags=4
12-15 21:59:16.673 E/QC-QMI  (  492): qmi_ctl_tx_msg: qmi_qmux_tx_msg failed
12-15 21:59:16.673 E/QC-QMI  (  492): qmi_ctl_handle_request: qmi_ctl_tx_msg call failed
12-15 21:59:16.674 E/QC-QMI  (  492): qmi_qmux_open_connection: connection is disabled for conn_id=48
12-15 21:59:16.674 E/QC-QMI  (  492): qmi_qmux_tx_msg: failed to open inactive connd_id=48
12-15 21:59:16.674 E/QC-QMI  (  492): qmi_qmux: TX failed, connection inactive or in reset, conn_id=48, status_flags=4
12-15 21:59:16.674 E/QC-QMI  (  492): qmi_ctl_tx_msg: qmi_qmux_tx_msg failed
12-15 21:59:16.674 E/QC-QMI  (  492): qmi_ctl_handle_request: qmi_ctl_tx_msg call failed
12-15 21:59:16.675 E/QC-QMI  (  492): qmi_qmux_open_connection: connection is disabled for conn_id=57
12-15 21:59:16.675 E/QC-QMI  (  492): qmi_qmux_tx_msg: failed to open inactive connd_id=57
12-15 21:59:16.675 E/QC-QMI  (  492): qmi_qmux: TX failed, connection inactive or in reset, conn_id=57, status_flags=4
12-15 21:59:16.675 E/QC-QMI  (  492): qmi_ctl_tx_msg: qmi_qmux_tx_msg failed
12-15 21:59:16.675 E/QC-QMI  (  492): qmi_ctl_handle_request: qmi_ctl_tx_msg call failed
12-15 21:59:16.675 E/QC-QMI  (  492): qmi_qmux_open_connection: connection is disabled for conn_id=57
12-15 21:59:16.675 E/QC-QMI  (  492): qmi_qmux_tx_msg: failed to open inactive connd_id=57
12-15 21:59:16.675 E/QC-QMI  (  492): qmi_qmux: TX failed, connection inactive or in reset, conn_id=57, status_flags=4
12-15 21:59:16.675 E/QC-QMI  (  492): qmi_ctl_tx_msg: qmi_qmux_tx_msg failed
12-15 21:59:16.675 E/QC-QMI  (  492): qmi_ctl_handle_request: qmi_ctl_tx_msg call failed
12-15 21:59:16.679 E/QC-QMI  (  492): qmi_qmux_open_connection: connection is disabled for conn_id=29
12-15 21:59:16.679 E/QC-QMI  (  492): qmi_qmux_tx_msg: failed to open inactive connd_id=29
12-15 21:59:16.679 E/QC-QMI  (  492): qmi_qmux: TX failed, connection inactive or in reset, conn_id=29, status_flags=4
