12-15 21:39:40.500 E/QC-QMI  (  491): qmi_qmux: TX failed, connection inactive or in reset, conn_id=57, status_flags=4
12-15 21:39:40.500 E/QC-QMI  (  491): qmi_ctl_tx_msg: qmi_qmux_tx_msg failed
12-15 21:39:40.500 E/QC-QMI  (  491): qmi_ctl_handle_request: qmi_ctl_tx_msg call failed
12-15 21:39:40.502 E/QC-QMI  (  491): qmi_qmux_open_connection: connection is disabled for conn_id=57
12-15 21:39:40.502 E/QC-QMI  (  491): qmi_qmux_tx_msg: failed to open inactive connd_id=57
12-15 21:39:40.502 E/QC-QMI  (  491): qmi_qmux: TX failed, connection inactive or in reset, conn_id=57, status_flags=4
12-15 21:39:40.502 E/QC-QMI  (  491): qmi_ctl_tx_msg: qmi_qmux_tx_msg failed
12-15 21:39:40.503 E/QC-QMI  (  491): qmi_ctl_handle_request: qmi_ctl_tx_msg call failed
12-15 21:39:40.507 E/QC-QMI  (  491): qmi_qmux_open_connection: connection is disabled for conn_id=29
12-15 21:39:40.507 E/QC-QMI  (  491): qmi_qmux_tx_msg: failed to open inactive connd_id=29
12-15 21:39:40.507 E/QC-QMI  (  491): qmi_qmux: TX failed, connection inactive or in reset, conn_id=29, status_flags=4
12-15 21:39:40.507 E/QC-QMI  (  491): qmi_ctl_tx_msg: qmi_qmux_tx_msg failed
12-15 21:39:40.507 E/QC-QMI  (  491): qmi_ctl_handle_request: qmi_ctl_tx_msg call failed
12-15 21:39:40.508 E/QC-QMI  (  491): qmi_qmux_open_connection: connection is disabled for conn_id=29
12-15 21:39:40.508 E/QC-QMI  (  491): qmi_qmux_tx_msg: failed to open inactive connd_id=29
12-15 21:39:40.508 E/QC-QMI  (  491): qmi_qmux: TX failed, connection inactive or in reset, conn_id=29, status_flags=4
12-15 21:39:40.508 E/QC-QMI  (  491): qmi_ctl_tx_msg: qmi_qmux_tx_msg failed
12-15 21:39:40.508 E/QC-QMI  (  491): qmi_ctl_handle_request: qmi_ctl_tx_msg call failed
12-15 21:39:40.509 E/QC-QMI  (  491): qmi_qmux_open_connection: connection is disabled for conn_id=48
12-15 21:39:40.509 E/QC-QMI  (  491): qmi_qmux_tx_msg: failed to open inactive connd_id=48
12-15 21:39:40.509 E/QC-QMI  (  491): qmi_qmux: TX failed, connection inactive or in reset, conn_id=48, status_flags=4
12-15 21:39:40.509 E/QC-QMI  (  491): qmi_ctl_tx_msg: qmi_qmux_tx_msg failed
12-15 21:39:40.509 E/QC-QMI  (  491): qmi_ctl_handle_request: qmi_ctl_tx_msg call failed
12-15 21:39:40.509 E/QC-QMI  (  491): qmi_qmux_open_connection: connection is disabled for conn_id=48
12-15 21:39:40.509 E/QC-QMI  (  491): qmi_qmux_tx_msg: failed to open inactive connd_id=48
12-15 21:39:40.509 E/QC-QMI  (  491): qmi_qmux: TX failed, connection inactive or in reset, conn_id=48, status_flags=4
12-15 21:39:40.509 E/QC-QMI  (  491): qmi_ctl_tx_msg: qmi_qmux_tx_msg failed
12-15 21:39:40.510 E/QC-QMI  (  491): qmi_ctl_handle_request: qmi_ctl_tx_msg call failed
12-15 21:39:40.511 E/QC-QMI  (  491): qmi_qmux_open_connection: connection is disabled for conn_id=57
12-15 21:39:40.511 E/QC-QMI  (  491): qmi_qmux_tx_msg: failed to open inactive connd_id=57
12-15 21:39:40.511 E/QC-QMI  (  491): qmi_qmux: TX failed, connection inactive or in reset, conn_id=57, status_flags=4
12-15 21:39:40.511 E/QC-QMI  (  491): qmi_ctl_tx_msg: qmi_qmux_tx_msg failed
12-15 21:39:40.511 E/QC-QMI  (  491): qmi_ctl_handle_request: qmi_ctl_tx_msg call failed
12-15 21:39:40.511 E/QC-QMI  (  491): qmi_qmux_open_connection: connection is disabled for conn_id=57
12-15 21:39:40.511 E/QC-QMI  (  491): qmi_qmux_tx_msg: failed to open inactive connd_id=57
12-15 21:39:40.511 E/QC-QMI  (  491): qmi_qmux: TX failed, connection inactive or in reset, conn_id=57, status_flags=4
12-15 21:39:40.511 E/QC-QMI  (  491): qmi_ctl_tx_msg: qmi_qmux_tx_msg failed
12-15 21:39:40.511 E/QC-QMI  (  491): qmi_ctl_handle_request: qmi_ctl_tx_msg call failed
12-15 21:39:40.512 E/QC-QMI  (  491): qmi_qmux_open_connection: connection is disabled for conn_id=29
12-15 21:39:40.512 W/PackageManager(  881): Permission com.google.android.launcher.permission.READ_SETTINGS from package com.google.android.googlequicksearchbox in an unknown group android.permission-group.SYSTEM_TOOLS
12-15 21:39:40.512 E/QC-QMI  (  491): qmi_qmux_tx_msg: failed to open inactive connd_id=29
12-15 21:39:40.512 W/PackageManager(  881): Permission com.google.android.launcher.permission.WRITE_SETTINGS from package com.google.android.googlequicksearchbox in an unknown group android.permission-group.SYSTEM_TOOLS
12-15 21:39:40.512 E/QC-QMI  (  491): qmi_qmux: TX failed, connection inactive or in reset, conn_id=29, status_flags=4
12-15 21:39:40.512 W/PackageManager(  881): Permission com.android.launcher.permission.INSTALL_SHORTCUT from package com.google.android.googlequicksearchbox in an unknown group android.permission-group.SYSTEM_TOOLS
12-15 21:39:40.512 E/QC-QMI  (  491): qmi_ctl_tx_msg: qmi_qmux_tx_msg failed
12-15 21:39:40.512 E/QC-QMI  (  491): qmi_ctl_handle_request: qmi_ctl_tx_msg call failed
12-15 21:39:40.513 E/QC-QMI  (  491): qmi_qmux_open_connection: connection is disabled for conn_id=29
12-15 21:39:40.513 E/QC-QMI  (  491): qmi_qmux_tx_msg: failed to open inactive connd_id=29
12-15 21:39:40.513 E/QC-QMI  (  491): qmi_qmux: TX failed, connection inactive or in reset, conn_id=29, status_flags=4
12-15 21:39:40.513 E/QC-QMI  (  491): qmi_ctl_tx_msg: qmi_qmux_tx_msg failed
12-15 21:39:40.513 E/QC-QMI  (  491): qmi_ctl_handle_request: qmi_ctl_tx_msg call failed
12-15 21:39:40.514 E/QC-QMI  (  491): qmi_qmux_open_connection: connection is disabled for conn_id=48
12-15 21:39:40.514 E/QC-QMI  (  491): qmi_qmux_tx_msg: failed to open inactive connd_id=48
12-15 21:39:40.514 E/QC-QMI  (  491): qmi_qmux: TX failed, connection inactive or in reset, conn_id=48, status_flags=4
12-15 21:39:40.514 E/QC-QMI  (  491): qmi_ctl_tx_msg: qmi_qmux_tx_msg failed
12-15 21:39:40.514 E/QC-QMI  (  491): qmi_ctl_handle_request: qmi_ctl_tx_msg call failed
12-15 21:39:40.515 E/QC-QMI  (  491): qmi_qmux_open_connection: connection is disabled for conn_id=48
12-15 21:39:40.515 E/QC-QMI  (  491): qmi_qmux_tx_msg: failed to open inactive connd_id=48
12-15 21:39:40.515 E/QC-QMI  (  491): qmi_qmux: TX failed, connection inactive or in reset, conn_id=48, status_flags=4
12-15 21:39:40.515 E/QC-QMI  (  491): qmi_ctl_tx_msg: qmi_qmux_tx_msg failed
12-15 21:39:40.515 E/QC-QMI  (  491): qmi_ctl_handle_request: qmi_ctl_tx_msg call failed
12-15 21:39:40.515 E/QC-QMI  (  491): qmi_qmux_open_connection: connection is disabled for conn_id=57
12-15 21:39:40.515 E/QC-QMI  (  491): qmi_qmux_tx_msg: failed to open inactive connd_id=57
12-15 21:39:40.515 E/QC-QMI  (  491): qmi_qmux: TX failed, connection inactive or in reset, conn_id=57, status_flags=4
12-15 21:39:40.515 E/QC-QMI  (  491): qmi_ctl_tx_msg: qmi_qmux_tx_msg failed
12-15 21:39:40.515 E/QC-QMI  (  491): qmi_ctl_handle_request: qmi_ctl_tx_msg call failed
12-15 21:39:40.516 E/QC-QMI  (  491): qmi_qmux_open_connection: connection is disabled for conn_id=57
12-15 21:39:40.516 E/QC-QMI  (  491): qmi_qmux_tx_msg: failed to open inactive connd_id=57
12-15 21:39:40.516 E/QC-QMI  (  491): qmi_qmux: TX failed, connection inactive or in reset, conn_id=57, status_flags=4
12-15 21:39:40.516 E/QC-QMI  (  491): qmi_ctl_tx_msg: qmi_qmux_tx_msg failed
12-15 21:39:40.517 E/QC-QMI  (  491): qmi_ctl_handle_request: qmi_ctl_tx_msg call failed
12-15 21:39:40.521 E/QC-QMI  (  491): qmi_qmux_open_connection: connection is disabled for conn_id=29
12-15 21:39:40.521 E/QC-QMI  (  491): qmi_qmux_tx_msg: failed to open inactive connd_id=29
12-15 21:39:40.521 E/QC-QMI  (  491): qmi_qmux: TX failed, connection inactive or in reset, conn_id=29, status_flags=4
12-15 21:39:40.521 E/QC-QMI  (  491): qmi_ctl_tx_msg: qmi_qmux_tx_msg failed
12-15 21:39:40.521 E/QC-QMI  (  491): qmi_ctl_handle_request: qmi_ctl_tx_msg call failed
12-15 21:39:40.522 E/QC-QMI  (  491): qmi_qmux_open_connection: connection is disabled for conn_id=29
12-15 21:39:40.522 E/QC-QMI  (  491): qmi_qmux_tx_msg: failed to open inactive connd_id=29
12-15 21:39:40.522 E/QC-QMI  (  491): qmi_qmux: TX failed, connection inactive or in reset, conn_id=29, status_flags=4
12-15 21:39:40.522 E/QC-QMI  (  491): qmi_ctl_tx_msg: qmi_qmux_tx_msg failed
12-15 21:39:40.522 E/QC-QMI  (  491): qmi_ctl_handle_request: qmi_ctl_tx_msg call failed
12-15 21:39:40.525 E/QC-QMI  (  491): qmi_qmux_open_connection: connection is disabled for conn_id=48
12-15 21:39:40.525 E/QC-QMI  (  491): qmi_qmux_tx_msg: failed to open inactive connd_id=48
12-15 21:39:40.525 E/QC-QMI  (  491): qmi_qmux: TX failed, connection inactive or in reset, conn_id=48, status_flags=4
12-15 21:39:40.525 E/QC-QMI  (  491): qmi_ctl_tx_msg: qmi_qmux_tx_msg failed
12-15 21:39:40.525 E/QC-QMI  (  491): qmi_ctl_handle_request: qmi_ctl_tx_msg call failed
12-15 21:39:40.526 E/QC-QMI  (  491): qmi_qmux_open_connection: connection is disabled for conn_id=48
12-15 21:39:40.526 E/QC-QMI  (  491): qmi_qmux_tx_msg: failed to open inactive connd_id=48
12-15 21:39:40.526 E/QC-QMI  (  491): qmi_qmux: TX failed, connection inactive or in reset, conn_id=48, status_flags=4
12-15 21:39:40.526 E/QC-QMI  (  491): qmi_ctl_tx_msg: qmi_qmux_tx_msg failed
12-15 21:39:40.526 E/QC-QMI  (  491): qmi_ctl_handle_request: qmi_ctl_tx_msg call failed
12-15 21:39:40.527 E/QC-QMI  (  491): qmi_qmux_open_connection: connection is disabled for conn_id=57
12-15 21:39:40.527 E/QC-QMI  (  491): qmi_qmux_tx_msg: failed to open inactive connd_id=57
12-15 21:39:40.527 E/QC-QMI  (  491): qmi_qmux: TX failed, connection inactive or in reset, conn_id=57, status_flags=4
12-15 21:39:40.527 E/QC-QMI  (  491): qmi_ctl_tx_msg: qmi_qmux_tx_msg failed
12-15 21:39:40.527 E/QC-QMI  (  491): qmi_ctl_handle_request: qmi_ctl_tx_msg call failed
12-15 21:39:40.528 E/QC-QMI  (  491): qmi_qmux_open_connection: connection is disabled for conn_id=57
12-15 21:39:40.528 E/QC-QMI  (  491): qmi_qmux_tx_msg: failed to open inactive connd_id=57
12-15 21:39:40.528 E/QC-QMI  (  491): qmi_qmux: TX failed, connection inactive or in reset, conn_id=57, status_flags=4
12-15 21:39:40.528 E/QC-QMI  (  491): qmi_ctl_tx_msg: qmi_qmux_tx_msg failed
12-15 21:39:40.528 E/QC-QMI  (  491): qmi_ctl_handle_request: qmi_ctl_tx_msg call failed
12-15 21:39:40.528 E/QC-QMI  (  491): qmi_qmux_open_connection: connection is disabled for conn_id=29
12-15 21:39:40.529 E/QC-QMI  (  491): qmi_qmux_tx_msg: failed to open inactive connd_id=29
12-15 21:39:40.529 E/QC-QMI  (  491): qmi_qmux: TX failed, connection inactive or in reset, conn_id=29, status_flags=4
12-15 21:39:40.529 E/QC-QMI  (  491): qmi_ctl_tx_msg: qmi_qmux_tx_msg failed
12-15 21:39:40.529 E/QC-QMI  (  491): qmi_ctl_handle_request: qmi_ctl_tx_msg call failed
12-15 21:39:40.529 E/QC-QMI  (  491): qmi_qmux_open_connection: connection is disabled for conn_id=29
12-15 21:39:40.529 E/QC-QMI  (  491): qmi_qmux_tx_msg: failed to open inactive connd_id=29
12-15 21:39:40.529 E/QC-QMI  (  491): qmi_qmux: TX failed, connection inactive or in reset, conn_id=29, status_flags=4
12-15 21:39:40.529 E/QC-QMI  (  491): qmi_ctl_tx_msg: qmi_qmux_tx_msg failed
12-15 21:39:40.529 E/QC-QMI  (  491): qmi_ctl_handle_request: qmi_ctl_tx_msg call failed
12-15 21:39:40.530 E/QC-QMI  (  491): qmi_qmux_open_connection: connection is disabled for conn_id=48
12-15 21:39:40.530 E/QC-QMI  (  491): qmi_qmux_tx_msg: failed to open inactive connd_id=48
12-15 21:39:40.530 E/QC-QMI  (  491): qmi_qmux: TX failed, connection inactive or in reset, conn_id=48, status_flags=4
12-15 21:39:40.530 E/QC-QMI  (  491): qmi_ctl_tx_msg: qmi_qmux_tx_msg failed
12-15 21:39:40.530 E/QC-QMI  (  491): qmi_ctl_handle_request: qmi_ctl_tx_msg call failed
12-15 21:39:40.532 E/QC-QMI  (  491): qmi_qmux_open_connection: connection is disabled for conn_id=48
12-15 21:39:40.532 E/QC-QMI  (  491): qmi_qmux_tx_msg: failed to open inactive connd_id=48
12-15 21:39:40.532 E/QC-QMI  (  491): qmi_qmux: TX failed, connection inactive or in reset, conn_id=48, status_flags=4
12-15 21:39:40.532 E/QC-QMI  (  491): qmi_ctl_tx_msg: qmi_qmux_tx_msg failed
12-15 21:39:40.532 E/QC-QMI  (  491): qmi_ctl_handle_request: qmi_ctl_tx_msg call failed
12-15 21:39:40.532 E/QC-QMI  (  491): qmi_qmux_open_connection: connection is disabled for conn_id=57
12-15 21:39:40.532 E/QC-QMI  (  491): qmi_qmux_tx_msg: failed to open inactive connd_id=57
12-15 21:39:40.532 E/QC-QMI  (  491): qmi_qmux: TX failed, connection inactive or in reset, conn_id=57, status_flags=4
12-15 21:39:40.533 E/QC-QMI  (  491): qmi_ctl_tx_msg: qmi_qmux_tx_msg failed
12-15 21:39:40.533 E/QC-QMI  (  491): qmi_ctl_handle_request: qmi_ctl_tx_msg call failed
12-15 21:39:40.533 E/QC-QMI  (  491): qmi_qmux_open_connection: connection is disabled for conn_id=57
12-15 21:39:40.533 E/QC-QMI  (  491): qmi_qmux_tx_msg: failed to open inactive connd_id=57
12-15 21:39:40.533 E/QC-QMI  (  491): qmi_qmux: TX failed, connection inactive or in reset, conn_id=57, status_flags=4
12-15 21:39:40.533 E/QC-QMI  (  491): qmi_ctl_tx_msg: qmi_qmux_tx_msg failed
12-15 21:39:40.533 E/QC-QMI  (  491): qmi_ctl_handle_request: qmi_ctl_tx_msg call failed
12-15 21:39:40.534 D/vold    (  338): Disk at 253:0 changed
12-15 21:39:40.536 D/vold    (  338): Disk at 253:0 changed
12-15 21:39:40.536 D/vold    (  338): Disk at 253:0 changed
12-15 21:39:40.536 D/vold    (  338): Disk at 253:0 changed
12-15 21:39:40.536 D/vold    (  338): Disk at 253:0 changed
12-15 21:39:40.536 D/vold    (  338): Disk at 253:0 changed
12-15 21:39:40.536 D/vold    (  338): Disk at 253:0 changed
12-15 21:39:40.536 D/vold    (  338): Disk at 253:0 changed
12-15 21:39:40.536 D/vold    (  338): Disk at 253:0 changed
12-15 21:39:40.536 D/vold    (  338): Disk at 253:0 changed
12-15 21:39:40.536 D/vold    (  338): Disk at 253:0 changed
12-15 21:39:40.537 D/vold    (  338): Disk at 253:0 changed
12-15 21:39:40.537 D/vold    (  338): Disk at 253:0 changed
12-15 21:39:40.537 D/vold    (  338): Disk at 253:0 changed
12-15 21:39:40.537 D/vold    (  338): Disk at 253:0 changed
12-15 21:39:40.537 D/vold    (  338): Disk at 253:0 changed
12-15 21:39:40.540 E/QC-QMI  (  491): qmi_qmux_open_connection: connection is disabled for conn_id=29
12-15 21:39:40.540 E/QC-QMI  (  491): qmi_qmux_tx_msg: failed to open inactive connd_id=29
12-15 21:39:40.540 E/QC-QMI  (  491): qmi_qmux: TX failed, connection inactive or in reset, conn_id=29, status_flags=4
12-15 21:39:40.540 E/QC-QMI  (  491): qmi_ctl_tx_msg: qmi_qmux_tx_msg failed
12-15 21:39:40.540 E/QC-QMI  (  491): qmi_ctl_handle_request: qmi_ctl_tx_msg call failed
12-15 21:39:40.542 E/QC-QMI  (  491): qmi_qmux_open_connection: connection is disabled for conn_id=29
12-15 21:39:40.542 E/QC-QMI  (  491): qmi_qmux_tx_msg: failed to open inactive connd_id=29
12-15 21:39:40.542 E/QC-QMI  (  491): qmi_qmux: TX failed, connection inactive or in reset, conn_id=29, status_flags=4
12-15 21:39:40.542 E/QC-QMI  (  491): qmi_ctl_tx_msg: qmi_qmux_tx_msg failed
12-15 21:39:40.542 E/QC-QMI  (  491): qmi_ctl_handle_request: qmi_ctl_tx_msg call failed
12-15 21:39:40.543 E/QC-QMI  (  491): qmi_qmux_open_connection: connection is disabled for conn_id=48
12-15 21:39:40.543 E/QC-QMI  (  491): qmi_qmux_tx_msg: failed to open inactive connd_id=48
12-15 21:39:40.543 E/QC-QMI  (  491): qmi_qmux: TX failed, connection inactive or in reset, conn_id=48, status_flags=4
12-15 21:39:40.543 E/QC-QMI  (  491): qmi_ctl_tx_msg: qmi_qmux_tx_msg failed
12-15 21:39:40.543 E/QC-QMI  (  491): qmi_ctl_handle_request: qmi_ctl_tx_msg call failed
12-15 21:39:40.543 E/QC-QMI  (  491): qmi_qmux_open_connection: connection is disabled for conn_id=48
12-15 21:39:40.543 E/QC-QMI  (  491): qmi_qmux_tx_msg: failed to open inactive connd_id=48
12-15 21:39:40.543 E/QC-QMI  (  491): qmi_qmux: TX failed, connection inactive or in reset, conn_id=48, status_flags=4
12-15 21:39:40.543 E/QC-QMI  (  491): qmi_ctl_tx_msg: qmi_qmux_tx_msg failed
12-15 21:39:40.543 E/QC-QMI  (  491): qmi_ctl_handle_request: qmi_ctl_tx_msg call failed
12-15 21:39:40.544 E/QC-QMI  (  491): qmi_qmux_open_connection: connection is disabled for conn_id=57
12-15 21:39:40.545 E/QC-QMI  (  491): qmi_qmux_tx_msg: failed to open inactive connd_id=57
12-15 21:39:40.545 E/QC-QMI  (  491): qmi_qmux: TX failed, connection inactive or in reset, conn_id=57, status_flags=4
12-15 21:39:40.545 E/QC-QMI  (  491): qmi_ctl_tx_msg: qmi_qmux_tx_msg failed
12-15 21:39:40.545 E/QC-QMI  (  491): qmi_ctl_handle_request: qmi_ctl_tx_msg call failed
12-15 21:39:40.545 E/QC-QMI  (  491): qmi_qmux_open_connection: connection is disabled for conn_id=57
12-15 21:39:40.545 E/QC-QMI  (  491): qmi_qmux_tx_msg: failed to open inactive connd_id=57
12-15 21:39:40.545 E/QC-QMI  (  491): qmi_qmux: TX failed, connection inactive or in reset, conn_id=57, status_flags=4
12-15 21:39:40.545 E/QC-QMI  (  491): qmi_ctl_tx_msg: qmi_qmux_tx_msg failed
12-15 21:39:40.546 E/QC-QMI  (  491): qmi_ctl_handle_request: qmi_ctl_tx_msg call failed
12-15 21:39:40.546 E/QC-QMI  (  491): qmi_qmux_open_connection: connection is disabled for conn_id=29
12-15 21:39:40.546 E/QC-QMI  (  491): qmi_qmux_tx_msg: failed to open inactive connd_id=29
12-15 21:39:40.546 E/QC-QMI  (  491): qmi_qmux: TX failed, connection inactive or in reset, conn_id=29, status_flags=4
12-15 21:39:40.546 E/QC-QMI  (  491): qmi_ctl_tx_msg: qmi_qmux_tx_msg failed
12-15 21:39:40.546 E/QC-QMI  (  491): qmi_ctl_handle_request: qmi_ctl_tx_msg call failed
12-15 21:39:40.547 E/QC-QMI  (  491): qmi_qmux_open_connection: connection is disabled for conn_id=29
12-15 21:39:40.547 E/QC-QMI  (  491): qmi_qmux_tx_msg: failed to open inactive connd_id=29
12-15 21:39:40.547 E/QC-QMI  (  491): qmi_qmux: TX failed, connection inactive or in reset, conn_id=29, status_flags=4
12-15 21:39:40.547 E/QC-QMI  (  491): qmi_ctl_tx_msg: qmi_qmux_tx_msg failed
12-15 21:39:40.547 E/QC-QMI  (  491): qmi_ctl_handle_request: qmi_ctl_tx_msg call failed
12-15 21:39:40.548 E/QC-QMI  (  491): qmi_qmux_open_connection: connection is disabled for conn_id=48
12-15 21:39:40.549 E/QC-QMI  (  491): qmi_qmux_tx_msg: failed to open inactive connd_id=48
12-15 21:39:40.549 E/QC-QMI  (  491): qmi_qmux: TX failed, connection inactive or in reset, conn_id=48, status_flags=4
12-15 21:39:40.549 E/QC-QMI  (  491): qmi_ctl_tx_msg: qmi_qmux_tx_msg failed
12-15 21:39:40.549 E/QC-QMI  (  491): qmi_ctl_handle_request: qmi_ctl_tx_msg call failed
12-15 21:39:40.549 E/QC-QMI  (  491): qmi_qmux_open_connection: connection is disabled for conn_id=48
12-15 21:39:40.549 E/QC-QMI  (  491): qmi_qmux_tx_msg: failed to open inactive connd_id=48
12-15 21:39:40.549 E/QC-QMI  (  491): qmi_qmux: TX failed, connection inactive or in reset, conn_id=48, status_flags=4
12-15 21:39:40.550 E/QC-QMI  (  491): qmi_ctl_tx_msg: qmi_qmux_tx_msg failed
12-15 21:39:40.550 E/QC-QMI  (  491): qmi_ctl_handle_request: qmi_ctl_tx_msg call failed
12-15 21:39:40.551 E/QC-QMI  (  491): qmi_qmux_open_connection: connection is disabled for conn_id=57
12-15 21:39:40.551 E/QC-QMI  (  491): qmi_qmux_tx_msg: failed to open inactive connd_id=57
12-15 21:39:40.551 E/QC-QMI  (  491): qmi_qmux: TX failed, connection inactive or in reset, conn_id=57, status_flags=4
12-15 21:39:40.551 E/QC-QMI  (  491): qmi_ctl_tx_msg: qmi_qmux_tx_msg failed
12-15 21:39:40.551 E/QC-QMI  (  491): qmi_ctl_handle_request: qmi_ctl_tx_msg call failed
12-15 21:39:40.551 E/QC-QMI  (  491): qmi_qmux_open_connection: connection is disabled for conn_id=57
12-15 21:39:40.552 E/QC-QMI  (  491): qmi_qmux_tx_msg: failed to open inactive connd_id=57
12-15 21:39:40.552 E/QC-QMI  (  491): qmi_qmux: TX failed, connection inactive or in reset, conn_id=57, status_flags=4
12-15 21:39:40.552 E/QC-QMI  (  491): qmi_ctl_tx_msg: qmi_qmux_tx_msg failed
12-15 21:39:40.552 E/QC-QMI  (  491): qmi_ctl_handle_request: qmi_ctl_tx_msg call failed
12-15 21:39:40.564 W/PackageParser(  881): Ignoring duplicate uses-permissions/uses-permissions-sdk-m: android.permission.READ_CONTACTS in package: com.android.bluetooth at: Binary XML file line #58
12-15 21:39:40.566 W/PackageParser(  881): No actions in intent filter at /system/app/Bluetooth/Bluetooth.apk Binary XML file line #216
12-15 21:39:40.564 W/rild    ( 1603): type=1400 audit(0.0:51): avc: denied { search } for name="msm_subsys" dev="sysfs" ino=3661 scontext=u:r:rild:s0 tcontext=u:object_r:sysfs_ssr:s0 tclass=dir permissive=0
12-15 21:39:40.626 E/QC-QMI  (  491): qmi_qmux_open_connection: connection is disabled for conn_id=29
12-15 21:39:40.626 E/QC-QMI  (  491): qmi_qmux_tx_msg: failed to open inactive connd_id=29
12-15 21:39:40.626 E/QC-QMI  (  491): qmi_qmux: TX failed, connection inactive or in reset, conn_id=29, status_flags=4
12-15 21:39:40.626 E/QC-QMI  (  491): qmi_ctl_tx_msg: qmi_qmux_tx_msg failed
12-15 21:39:40.626 E/QC-QMI  (  491): qmi_ctl_handle_request: qmi_ctl_tx_msg call failed
12-15 21:39:40.627 E/QC-QMI  (  491): qmi_qmux_open_connection: connection is disabled for conn_id=29
12-15 21:39:40.627 E/QC-QMI  (  491): qmi_qmux_tx_msg: failed to open inactive connd_id=29
12-15 21:39:40.627 E/QC-QMI  (  491): qmi_qmux: TX failed, connection inactive or in reset, conn_id=29, status_flags=4
12-15 21:39:40.627 E/QC-QMI  (  491): qmi_ctl_tx_msg: qmi_qmux_tx_msg failed
12-15 21:39:40.627 E/QC-QMI  (  491): qmi_ctl_handle_request: qmi_ctl_tx_msg call failed
12-15 21:39:40.628 E/Diag_Lib(  494):  Diag_LSM_Init: Failed to open handle to diag driver, error = 13
12-15 21:39:40.628 E/QC-QMI  (  491): qmi_qmux_open_connection: connection is disabled for conn_id=48
12-15 21:39:40.628 E/QC-QMI  (  491): qmi_qmux_tx_msg: failed to open inactive connd_id=48
12-15 21:39:40.628 E/QC-QMI  (  491): qmi_qmux: TX failed, connection inactive or in reset, conn_id=48, status_flags=4
12-15 21:39:40.628 E/QC-QMI  (  491): qmi_ctl_tx_msg: qmi_qmux_tx_msg failed
12-15 21:39:40.629 E/QC-QMI  (  491): qmi_ctl_handle_request: qmi_ctl_tx_msg call failed
12-15 21:39:40.614 W/netmgrd (  494): type=1400 audit(0.0:52): avc: denied { read write } for name="diag" dev="tmpfs" ino=11510 scontext=u:r:netmgrd:s0 tcontext=u:object_r:diag_device:s0 tclass=chr_file permissive=0
12-15 21:39:40.629 E/QC-QMI  (  491): qmi_qmux_open_connection: connection is disabled for conn_id=48
12-15 21:39:40.630 E/QC-QMI  (  491): qmi_qmux_tx_msg: failed to open inactive connd_id=48
12-15 21:39:40.630 E/QC-QMI  (  491): qmi_qmux: TX failed, connection inactive or in reset, conn_id=48, status_flags=4
12-15 21:39:40.630 E/QC-QMI  (  491): qmi_ctl_tx_msg: qmi_qmux_tx_msg failed
12-15 21:39:40.630 E/QC-QMI  (  491): qmi_ctl_handle_request: qmi_ctl_tx_msg call failed
12-15 21:39:40.631 E/QC-QMI  (  491): qmi_qmux_open_connection: connection is disabled for conn_id=57
12-15 21:39:40.631 E/QC-QMI  (  491): qmi_qmux_tx_msg: failed to open inactive connd_id=57
12-15 21:39:40.631 E/QC-QMI  (  491): qmi_qmux: TX failed, connection inactive or in reset, conn_id=57, status_flags=4
12-15 21:39:40.631 E/QC-QMI  (  491): qmi_ctl_tx_msg: qmi_qmux_tx_msg failed
12-15 21:39:40.631 E/QC-QMI  (  491): qmi_ctl_handle_request: qmi_ctl_tx_msg call failed
12-15 21:39:40.631 E/QC-QMI  (  491): qmi_qmux_open_connection: connection is disabled for conn_id=57
12-15 21:39:40.632 E/QC-QMI  (  491): qmi_qmux_tx_msg: failed to open inactive connd_id=57
12-15 21:39:40.632 E/QC-QMI  (  491): qmi_qmux: TX failed, connection inactive or in reset, conn_id=57, status_flags=4
12-15 21:39:40.632 E/QC-QMI  (  491): qmi_ctl_tx_msg: qmi_qmux_tx_msg failed
12-15 21:39:40.632 E/QC-QMI  (  491): qmi_ctl_handle_request: qmi_ctl_tx_msg call failed
12-15 21:39:40.636 E/QC-QMI  (  494): qmi_client [494] 13: failed to locate client data
12-15 21:39:40.637 E/QC-QMI  (  491): qmuxd: RX on fd=21 returned error=0 errno[2:No such file or directory]
12-15 21:39:40.637 E/QC-QMI  (  491): QMUX qmux_client_id=13 not found in qmux client list, unable to remove
12-15 21:39:40.638 E/QC-QMI  (  491): qmi_qmux_open_connection: connection is disabled for conn_id=29
12-15 21:39:40.638 E/QC-QMI  (  491): qmi_qmux_tx_msg: failed to open inactive connd_id=29
12-15 21:39:40.638 E/QC-QMI  (  491): qmi_qmux: TX failed, connection inactive or in reset, conn_id=29, status_flags=4
12-15 21:39:40.638 E/QC-QMI  (  491): qmi_ctl_tx_msg: qmi_qmux_tx_msg failed
12-15 21:39:40.639 E/QC-QMI  (  491): qmi_ctl_handle_request: qmi_ctl_tx_msg call failed
12-15 21:39:40.639 E/QC-QMI  (  491): qmi_qmux_open_connection: connection is disabled for conn_id=29
12-15 21:39:40.639 E/QC-QMI  (  491): qmi_qmux_tx_msg: failed to open inactive connd_id=29
12-15 21:39:40.639 E/QC-QMI  (  491): qmi_qmux: TX failed, connection inactive or in reset, conn_id=29, status_flags=4
12-15 21:39:40.639 E/QC-QMI  (  491): qmi_ctl_tx_msg: qmi_qmux_tx_msg failed
12-15 21:39:40.639 E/QC-QMI  (  491): qmi_ctl_handle_request: qmi_ctl_tx_msg call failed
12-15 21:39:40.640 E/QC-QMI  (  491): qmi_qmux_open_connection: connection is disabled for conn_id=48
12-15 21:39:40.640 E/QC-QMI  (  491): qmi_qmux_tx_msg: failed to open inactive connd_id=48
12-15 21:39:40.640 E/QC-QMI  (  491): qmi_qmux: TX failed, connection inactive or in reset, conn_id=48, status_flags=4
12-15 21:39:40.640 E/QC-QMI  (  491): qmi_ctl_tx_msg: qmi_qmux_tx_msg failed
12-15 21:39:40.640 E/QC-QMI  (  491): qmi_ctl_handle_request: qmi_ctl_tx_msg call failed
12-15 21:39:40.641 E/QC-QMI  (  491): qmi_qmux_open_connection: connection is disabled for conn_id=48
12-15 21:39:40.641 E/QC-QMI  (  491): qmi_qmux_tx_msg: failed to open inactive connd_id=48
12-15 21:39:40.641 E/QC-QMI  (  491): qmi_qmux: TX failed, connection inactive or in reset, conn_id=48, status_flags=4
12-15 21:39:40.641 E/QC-QMI  (  491): qmi_ctl_tx_msg: qmi_qmux_tx_msg failed
12-15 21:39:40.641 E/QC-QMI  (  491): qmi_ctl_handle_request: qmi_ctl_tx_msg call failed
12-15 21:39:40.642 E/QC-QMI  (  491): qmi_qmux_open_connection: connection is disabled for conn_id=57
12-15 21:39:40.642 E/QC-QMI  (  491): qmi_qmux_tx_msg: failed to open inactive connd_id=57
12-15 21:39:40.642 E/QC-QMI  (  491): qmi_qmux: TX failed, connection inactive or in reset, conn_id=57, status_flags=4
12-15 21:39:40.642 E/QC-QMI  (  491): qmi_ctl_tx_msg: qmi_qmux_tx_msg failed
12-15 21:39:40.642 E/QC-QMI  (  491): qmi_ctl_handle_request: qmi_ctl_tx_msg call failed
12-15 21:39:40.642 E/QC-QMI  (  491): qmi_qmux_open_connection: connection is disabled for conn_id=57
12-15 21:39:40.642 E/QC-QMI  (  491): qmi_qmux_tx_msg: failed to open inactive connd_id=57
12-15 21:39:40.650 E/QC-QMI  (  491): qmi_qmux: TX failed, connection inactive or in reset, conn_id=57, status_flags=4
12-15 21:39:40.650 E/QC-QMI  (  491): qmi_ctl_tx_msg: qmi_qmux_tx_msg failed
12-15 21:39:40.650 E/QC-QMI  (  491): qmi_ctl_handle_request: qmi_ctl_tx_msg call failed
12-15 21:39:40.655 E/QC-QMI  (  491): qmi_qmux_open_connection: connection is disabled for conn_id=29
12-15 21:39:40.655 E/QC-QMI  (  491): qmi_qmux_tx_msg: failed to open inactive connd_id=29
12-15 21:39:40.656 E/QC-QMI  (  491): qmi_qmux: TX failed, connection inactive or in reset, conn_id=29, status_flags=4
12-15 21:39:40.656 E/QC-QMI  (  491): qmi_ctl_tx_msg: qmi_qmux_tx_msg failed
12-15 21:39:40.656 E/QC-QMI  (  491): qmi_ctl_handle_request: qmi_ctl_tx_msg call failed
12-15 21:39:40.656 E/QC-QMI  (  491): qmi_qmux_open_connection: connection is disabled for conn_id=29
12-15 21:39:40.656 E/QC-QMI  (  491): qmi_qmux_tx_msg: failed to open inactive connd_id=29
12-15 21:39:40.656 E/QC-QMI  (  491): qmi_qmux: TX failed, connection inactive or in reset, conn_id=29, status_flags=4
12-15 21:39:40.656 E/QC-QMI  (  491): qmi_ctl_tx_msg: qmi_qmux_tx_msg failed
12-15 21:39:40.656 E/QC-QMI  (  491): qmi_ctl_handle_request: qmi_ctl_tx_msg call failed
12-15 21:39:40.657 E/QC-QMI  (  491): qmi_qmux_open_connection: connection is disabled for conn_id=48
12-15 21:39:40.657 E/QC-QMI  (  491): qmi_qmux_tx_msg: failed to open inactive connd_id=48
12-15 21:39:40.657 E/QC-QMI  (  491): qmi_qmux: TX failed, connection inactive or in reset, conn_id=48, status_flags=4
12-15 21:39:40.657 E/QC-QMI  (  491): qmi_ctl_tx_msg: qmi_qmux_tx_msg failed
12-15 21:39:40.657 E/QC-QMI  (  491): qmi_ctl_handle_request: qmi_ctl_tx_msg call failed
12-15 21:39:40.658 E/QC-QMI  (  491): qmi_qmux_open_connection: connection is disabled for conn_id=48
12-15 21:39:40.658 E/QC-QMI  (  491): qmi_qmux_tx_msg: failed to open inactive connd_id=48
12-15 21:39:40.658 E/QC-QMI  (  491): qmi_qmux: TX failed, connection inactive or in reset, conn_id=48, status_flags=4
12-15 21:39:40.658 E/QC-QMI  (  491): qmi_ctl_tx_msg: qmi_qmux_tx_msg failed
12-15 21:39:40.658 E/QC-QMI  (  491): qmi_ctl_handle_request: qmi_ctl_tx_msg call failed
12-15 21:39:40.660 E/QC-QMI  (  491): qmi_qmux_open_connection: connection is disabled for conn_id=57
12-15 21:39:40.660 E/QC-QMI  (  491): qmi_qmux_tx_msg: failed to open inactive connd_id=57
12-15 21:39:40.660 E/QC-QMI  (  491): qmi_qmux: TX failed, connection inactive or in reset, conn_id=57, status_flags=4
12-15 21:39:40.660 E/QC-QMI  (  491): qmi_ctl_tx_msg: qmi_qmux_tx_msg failed
12-15 21:39:40.660 E/QC-QMI  (  491): qmi_ctl_handle_request: qmi_ctl_tx_msg call failed
12-15 21:39:40.660 E/QC-QMI  (  491): qmi_qmux_open_connection: connection is disabled for conn_id=57
12-15 21:39:40.661 E/QC-QMI  (  491): qmi_qmux_tx_msg: failed to open inactive connd_id=57
12-15 21:39:40.661 E/QC-QMI  (  491): qmi_qmux: TX failed, connection inactive or in reset, conn_id=57, status_flags=4
12-15 21:39:40.661 E/QC-QMI  (  491): qmi_ctl_tx_msg: qmi_qmux_tx_msg failed
12-15 21:39:40.661 E/QC-QMI  (  491): qmi_ctl_handle_request: qmi_ctl_tx_msg call failed
12-15 21:39:40.666 E/QC-QMI  (  491): qmi_qmux_open_connection: connection is disabled for conn_id=29
12-15 21:39:40.666 E/QC-QMI  (  491): qmi_qmux_tx_msg: failed to open inactive connd_id=29
12-15 21:39:40.666 E/QC-QMI  (  491): qmi_qmux: TX failed, connection inactive or in reset, conn_id=29, status_flags=4
12-15 21:39:40.666 E/QC-QMI  (  491): qmi_ctl_tx_msg: qmi_qmux_tx_msg failed
12-15 21:39:40.666 E/QC-QMI  (  491): qmi_ctl_handle_request: qmi_ctl_tx_msg call failed
12-15 21:39:40.666 E/QC-QMI  (  491): qmi_qmux_open_connection: connection is disabled for conn_id=29
12-15 21:39:40.666 E/QC-QMI  (  491): qmi_qmux_tx_msg: failed to open inactive connd_id=29
12-15 21:39:40.667 E/QC-QMI  (  491): qmi_qmux: TX failed, connection inactive or in reset, conn_id=29, status_flags=4
12-15 21:39:40.667 E/QC-QMI  (  491): qmi_ctl_tx_msg: qmi_qmux_tx_msg failed
12-15 21:39:40.667 E/QC-QMI  (  491): qmi_ctl_handle_request: qmi_ctl_tx_msg call failed
12-15 21:39:40.667 E/QC-QMI  (  491): qmi_qmux_open_connection: connection is disabled for conn_id=48
12-15 21:39:40.667 E/QC-QMI  (  491): qmi_qmux_tx_msg: failed to open inactive connd_id=48
12-15 21:39:40.667 E/QC-QMI  (  491): qmi_qmux: TX failed, connection inactive or in reset, conn_id=48, status_flags=4
12-15 21:39:40.667 E/QC-QMI  (  491): qmi_ctl_tx_msg: qmi_qmux_tx_msg failed
12-15 21:39:40.667 E/QC-QMI  (  491): qmi_ctl_handle_request: qmi_ctl_tx_msg call failed
12-15 21:39:40.668 E/QC-QMI  (  491): qmi_qmux_open_connection: connection is disabled for conn_id=48
12-15 21:39:40.668 E/QC-QMI  (  491): qmi_qmux_tx_msg: failed to open inactive connd_id=48
12-15 21:39:40.668 E/QC-QMI  (  491): qmi_qmux: TX failed, connection inactive or in reset, conn_id=48, status_flags=4
12-15 21:39:40.668 E/QC-QMI  (  491): qmi_ctl_tx_msg: qmi_qmux_tx_msg failed
12-15 21:39:40.668 E/QC-QMI  (  491): qmi_ctl_handle_request: qmi_ctl_tx_msg call failed
12-15 21:39:40.669 E/QC-QMI  (  491): qmi_qmux_open_connection: connection is disabled for conn_id=57
12-15 21:39:40.669 E/QC-QMI  (  491): qmi_qmux_tx_msg: failed to open inactive connd_id=57
12-15 21:39:40.669 E/QC-QMI  (  491): qmi_qmux: TX failed, connection inactive or in reset, conn_id=57, status_flags=4
12-15 21:39:40.669 E/QC-QMI  (  491): qmi_ctl_tx_msg: qmi_qmux_tx_msg failed
12-15 21:39:40.669 E/QC-QMI  (  491): qmi_ctl_handle_request: qmi_ctl_tx_msg call failed
12-15 21:39:40.670 E/QC-QMI  (  491): qmi_qmux_open_connection: connection is disabled for conn_id=57
12-15 21:39:40.670 E/QC-QMI  (  491): qmi_qmux_tx_msg: failed to open inactive connd_id=57
12-15 21:39:40.670 E/QC-QMI  (  491): qmi_qmux: TX failed, connection inactive or in reset, conn_id=57, status_flags=4
12-15 21:39:40.670 E/QC-QMI  (  491): qmi_ctl_tx_msg: qmi_qmux_tx_msg failed
12-15 21:39:40.670 E/QC-QMI  (  491): qmi_ctl_handle_request: qmi_ctl_tx_msg call failed
12-15 21:39:40.675 E/slim_daemon(  572): [NDK] bindNDKSensors: Sensor server is unavailable.
12-15 21:39:40.676 E/QC-QMI  (  491): qmi_qmux_open_connection: connection is disabled for conn_id=29
12-15 21:39:40.676 E/QC-QMI  (  491): qmi_qmux_tx_msg: failed to open inactive connd_id=29
12-15 21:39:40.676 E/QC-QMI  (  491): qmi_qmux: TX failed, connection inactive or in reset, conn_id=29, status_flags=4
12-15 21:39:40.676 E/QC-QMI  (  491): qmi_ctl_tx_msg: qmi_qmux_tx_msg failed
12-15 21:39:40.676 E/QC-QMI  (  491): qmi_ctl_handle_request: qmi_ctl_tx_msg call failed
12-15 21:39:40.676 E/QC-QMI  (  491): qmi_qmux_open_connection: connection is disabled for conn_id=29
12-15 21:39:40.676 E/QC-QMI  (  491): qmi_qmux_tx_msg: failed to open inactive connd_id=29
12-15 21:39:40.677 E/QC-QMI  (  491): qmi_qmux: TX failed, connection inactive or in reset, conn_id=29, status_flags=4
12-15 21:39:40.677 E/QC-QMI  (  491): qmi_ctl_tx_msg: qmi_qmux_tx_msg failed
12-15 21:39:40.677 E/QC-QMI  (  491): qmi_ctl_handle_request: qmi_ctl_tx_msg call failed
12-15 21:39:40.677 E/QC-QMI  (  491): qmi_qmux_open_connection: connection is disabled for conn_id=48
12-15 21:39:40.677 E/QC-QMI  (  491): qmi_qmux_tx_msg: failed to open inactive connd_id=48
12-15 21:39:40.677 E/QC-QMI  (  491): qmi_qmux: TX failed, connection inactive or in reset, conn_id=48, status_flags=4
12-15 21:39:40.677 E/QC-QMI  (  491): qmi_ctl_tx_msg: qmi_qmux_tx_msg failed
12-15 21:39:40.677 E/QC-QMI  (  491): qmi_ctl_handle_request: qmi_ctl_tx_msg call failed
12-15 21:39:40.678 E/QC-QMI  (  491): qmi_qmux_open_connection: connection is disabled for conn_id=48
12-15 21:39:40.678 E/QC-QMI  (  491): qmi_qmux_tx_msg: failed to open inactive connd_id=48
12-15 21:39:40.678 E/QC-QMI  (  491): qmi_qmux: TX failed, connection inactive or in reset, conn_id=48, status_flags=4
12-15 21:39:40.678 E/QC-QMI  (  491): qmi_ctl_tx_msg: qmi_qmux_tx_msg failed
12-15 21:39:40.678 E/QC-QMI  (  491): qmi_ctl_handle_request: qmi_ctl_tx_msg call failed
12-15 21:39:40.679 E/QC-QMI  (  491): qmi_qmux_open_connection: connection is disabled for conn_id=57
12-15 21:39:40.679 E/QC-QMI  (  491): qmi_qmux_tx_msg: failed to open inactive connd_id=57
12-15 21:39:40.679 E/QC-QMI  (  491): qmi_qmux: TX failed, connection inactive or in reset, conn_id=57, status_flags=4
12-15 21:39:40.679 E/QC-QMI  (  491): qmi_ctl_tx_msg: qmi_qmux_tx_msg failed
12-15 21:39:40.679 E/QC-QMI  (  491): qmi_ctl_handle_request: qmi_ctl_tx_msg call failed
12-15 21:39:40.680 E/QC-QMI  (  491): qmi_qmux_open_connection: connection is disabled for conn_id=57
12-15 21:39:40.680 E/QC-QMI  (  491): qmi_qmux_tx_msg: failed to open inactive connd_id=57
12-15 21:39:40.680 E/QC-QMI  (  491): qmi_qmux: TX failed, connection inactive or in reset, conn_id=57, status_flags=4
12-15 21:39:40.680 E/QC-QMI  (  491): qmi_ctl_tx_msg: qmi_qmux_tx_msg failed
12-15 21:39:40.680 E/QC-QMI  (  491): qmi_ctl_handle_request: qmi_ctl_tx_msg call failed
12-15 21:39:40.687 E/QC-QMI  (  491): qmi_qmux_open_connection: connection is disabled for conn_id=29
12-15 21:39:40.687 E/QC-QMI  (  491): qmi_qmux_tx_msg: failed to open inactive connd_id=29
12-15 21:39:40.687 E/QC-QMI  (  491): qmi_qmux: TX failed, connection inactive or in reset, conn_id=29, status_flags=4
12-15 21:39:40.687 E/QC-QMI  (  491): qmi_ctl_tx_msg: qmi_qmux_tx_msg failed
12-15 21:39:40.687 E/QC-QMI  (  491): qmi_ctl_handle_request: qmi_ctl_tx_msg call failed
12-15 21:39:40.687 E/QC-QMI  (  491): qmi_qmux_open_connection: connection is disabled for conn_id=29
12-15 21:39:40.687 E/QC-QMI  (  491): qmi_qmux_tx_msg: failed to open inactive connd_id=29
12-15 21:39:40.687 E/QC-QMI  (  491): qmi_qmux: TX failed, connection inactive or in reset, conn_id=29, status_flags=4
12-15 21:39:40.688 E/QC-QMI  (  491): qmi_ctl_tx_msg: qmi_qmux_tx_msg failed
12-15 21:39:40.688 E/QC-QMI  (  491): qmi_ctl_handle_request: qmi_ctl_tx_msg call failed
12-15 21:39:40.688 E/QC-QMI  (  491): qmi_qmux_open_connection: connection is disabled for conn_id=48
12-15 21:39:40.688 E/QC-QMI  (  491): qmi_qmux_tx_msg: failed to open inactive connd_id=48
12-15 21:39:40.688 E/QC-QMI  (  491): qmi_qmux: TX failed, connection inactive or in reset, conn_id=48, status_flags=4
12-15 21:39:40.688 E/QC-QMI  (  491): qmi_ctl_tx_msg: qmi_qmux_tx_msg failed
12-15 21:39:40.688 E/QC-QMI  (  491): qmi_ctl_handle_request: qmi_ctl_tx_msg call failed
12-15 21:39:40.689 E/QC-QMI  (  491): qmi_qmux_open_connection: connection is disabled for conn_id=48
12-15 21:39:40.689 E/QC-QMI  (  491): qmi_qmux_tx_msg: failed to open inactive connd_id=48
12-15 21:39:40.689 E/QC-QMI  (  491): qmi_qmux: TX failed, connection inactive or in reset, conn_id=48, status_flags=4
12-15 21:39:40.689 E/QC-QMI  (  491): qmi_ctl_tx_msg: qmi_qmux_tx_msg failed
12-15 21:39:40.689 E/QC-QMI  (  491): qmi_ctl_handle_request: qmi_ctl_tx_msg call failed
12-15 21:39:40.690 E/QC-QMI  (  491): qmi_qmux_open_connection: connection is disabled for conn_id=57
12-15 21:39:40.691 E/QC-QMI  (  491): qmi_qmux_tx_msg: failed to open inactive connd_id=57
12-15 21:39:40.691 E/QC-QMI  (  491): qmi_qmux: TX failed, connection inactive or in reset, conn_id=57, status_flags=4
12-15 21:39:40.691 E/QC-QMI  (  491): qmi_ctl_tx_msg: qmi_qmux_tx_msg failed
12-15 21:39:40.691 E/QC-QMI  (  491): qmi_ctl_handle_request: qmi_ctl_tx_msg call failed
12-15 21:39:40.691 E/QC-QMI  (  491): qmi_qmux_open_connection: connection is disabled for conn_id=57
12-15 21:39:40.691 E/QC-QMI  (  491): qmi_qmux_tx_msg: failed to open inactive connd_id=57
12-15 21:39:40.691 E/QC-QMI  (  491): qmi_qmux: TX failed, connection inactive or in reset, conn_id=57, status_flags=4
12-15 21:39:40.691 E/QC-QMI  (  491): qmi_ctl_tx_msg: qmi_qmux_tx_msg failed
12-15 21:39:40.691 E/QC-QMI  (  491): qmi_ctl_handle_request: qmi_ctl_tx_msg call failed
12-15 21:39:40.692 E/QC-QMI  (  491): qmi_qmux_open_connection: connection is disabled for conn_id=29
12-15 21:39:40.693 E/QC-QMI  (  491): qmi_qmux_tx_msg: failed to open inactive connd_id=29
12-15 21:39:40.693 E/QC-QMI  (  491): qmi_qmux: TX failed, connection inactive or in reset, conn_id=29, status_flags=4
12-15 21:39:40.693 E/QC-QMI  (  491): qmi_ctl_tx_msg: qmi_qmux_tx_msg failed
12-15 21:39:40.693 E/QC-QMI  (  491): qmi_ctl_handle_request: qmi_ctl_tx_msg call failed
12-15 21:39:40.694 E/QC-QMI  (  491): qmi_qmux_open_connection: connection is disabled for conn_id=29
12-15 21:39:40.694 E/QC-QMI  (  491): qmi_qmux_tx_msg: failed to open inactive connd_id=29
12-15 21:39:40.694 E/QC-QMI  (  491): qmi_qmux: TX failed, connection inactive or in reset, conn_id=29, status_flags=4
12-15 21:39:40.694 E/QC-QMI  (  491): qmi_ctl_tx_msg: qmi_qmux_tx_msg failed
12-15 21:39:40.694 E/QC-QMI  (  491): qmi_ctl_handle_request: qmi_ctl_tx_msg call failed
12-15 21:39:40.695 E/QC-QMI  (  491): qmi_qmux_open_connection: connection is disabled for conn_id=48
12-15 21:39:40.695 E/QC-QMI  (  491): qmi_qmux_tx_msg: failed to open inactive connd_id=48
12-15 21:39:40.695 E/QC-QMI  (  491): qmi_qmux: TX failed, connection inactive or in reset, conn_id=48, status_flags=4
12-15 21:39:40.695 E/QC-QMI  (  491): qmi_ctl_tx_msg: qmi_qmux_tx_msg failed
12-15 21:39:40.695 E/QC-QMI  (  491): qmi_ctl_handle_request: qmi_ctl_tx_msg call failed
12-15 21:39:40.696 E/QC-QMI  (  491): qmi_qmux_open_connection: connection is disabled for conn_id=48
12-15 21:39:40.697 E/QC-QMI  (  491): qmi_qmux_tx_msg: failed to open inactive connd_id=48
12-15 21:39:40.697 E/QC-QMI  (  491): qmi_qmux: TX failed, connection inactive or in reset, conn_id=48, status_flags=4
12-15 21:39:40.697 E/QC-QMI  (  491): qmi_ctl_tx_msg: qmi_qmux_tx_msg failed
12-15 21:39:40.697 E/QC-QMI  (  491): qmi_ctl_handle_request: qmi_ctl_tx_msg call failed
12-15 21:39:40.700 E/QC-QMI  (  491): qmi_qmux_open_connection: connection is disabled for conn_id=57
12-15 21:39:40.700 E/QC-QMI  (  491): qmi_qmux_tx_msg: failed to open inactive connd_id=57
12-15 21:39:40.700 E/QC-QMI  (  491): qmi_qmux: TX failed, connection inactive or in reset, conn_id=57, status_flags=4
12-15 21:39:40.700 E/QC-QMI  (  491): qmi_ctl_tx_msg: qmi_qmux_tx_msg failed
12-15 21:39:40.700 E/QC-QMI  (  491): qmi_ctl_handle_request: qmi_ctl_tx_msg call failed
12-15 21:39:40.701 E/QC-QMI  (  491): qmi_qmux_open_connection: connection is disabled for conn_id=57
12-15 21:39:40.701 E/QC-QMI  (  491): qmi_qmux_tx_msg: failed to open inactive connd_id=57
12-15 21:39:40.701 E/QC-QMI  (  491): qmi_qmux: TX failed, connection inactive or in reset, conn_id=57, status_flags=4
12-15 21:39:40.701 E/QC-QMI  (  491): qmi_ctl_tx_msg: qmi_qmux_tx_msg failed
12-15 21:39:40.701 E/QC-QMI  (  491): qmi_ctl_handle_request: qmi_ctl_tx_msg call failed
12-15 21:39:40.704 E/QC-QMI  (  491): qmi_qmux_open_connection: connection is disabled for conn_id=29
12-15 21:39:40.704 E/QC-QMI  (  491): qmi_qmux_tx_msg: failed to open inactive connd_id=29
12-15 21:39:40.704 E/QC-QMI  (  491): qmi_qmux: TX failed, connection inactive or in reset, conn_id=29, status_flags=4
12-15 21:39:40.704 E/QC-QMI  (  491): qmi_ctl_tx_msg: qmi_qmux_tx_msg failed
12-15 21:39:40.704 E/QC-QMI  (  491): qmi_ctl_handle_request: qmi_ctl_tx_msg call failed
12-15 21:39:40.705 E/QC-QMI  (  491): qmi_qmux_open_connection: connection is disabled for conn_id=29
12-15 21:39:40.705 E/QC-QMI  (  491): qmi_qmux_tx_msg: failed to open inactive connd_id=29
12-15 21:39:40.705 E/QC-QMI  (  491): qmi_qmux: TX failed, connection inactive or in reset, conn_id=29, status_flags=4
12-15 21:39:40.705 E/QC-QMI  (  491): qmi_ctl_tx_msg: qmi_qmux_tx_msg failed
12-15 21:39:40.705 E/QC-QMI  (  491): qmi_ctl_handle_request: qmi_ctl_tx_msg call failed
12-15 21:39:40.705 E/QC-QMI  (  491): qmi_qmux_open_connection: connection is disabled for conn_id=48
12-15 21:39:40.705 E/QC-QMI  (  491): qmi_qmux_tx_msg: failed to open inactive connd_id=48
12-15 21:39:40.705 E/QC-QMI  (  491): qmi_qmux: TX failed, connection inactive or in reset, conn_id=48, status_flags=4
12-15 21:39:40.705 E/QC-QMI  (  491): qmi_ctl_tx_msg: qmi_qmux_tx_msg failed
12-15 21:39:40.705 E/QC-QMI  (  491): qmi_ctl_handle_request: qmi_ctl_tx_msg call failed
12-15 21:39:40.706 E/QC-QMI  (  491): qmi_qmux_open_connection: connection is disabled for conn_id=48
12-15 21:39:40.706 E/QC-QMI  (  491): qmi_qmux_tx_msg: failed to open inactive connd_id=48
12-15 21:39:40.706 E/QC-QMI  (  491): qmi_qmux: TX failed, connection inactive or in reset, conn_id=48, status_flags=4
12-15 21:39:40.706 E/QC-QMI  (  491): qmi_ctl_tx_msg: qmi_qmux_tx_msg failed
12-15 21:39:40.706 E/QC-QMI  (  491): qmi_ctl_handle_request: qmi_ctl_tx_msg call failed
12-15 21:39:40.707 E/QC-QMI  (  491): qmi_qmux_open_connection: connection is disabled for conn_id=57
12-15 21:39:40.707 E/QC-QMI  (  491): qmi_qmux_tx_msg: failed to open inactive connd_id=57
12-15 21:39:40.707 E/QC-QMI  (  491): qmi_qmux: TX failed, connection inactive or in reset, conn_id=57, status_flags=4
12-15 21:39:40.707 E/QC-QMI  (  491): qmi_ctl_tx_msg: qmi_qmux_tx_msg failed
12-15 21:39:40.707 E/QC-QMI  (  491): qmi_ctl_handle_request: qmi_ctl_tx_msg call failed
12-15 21:39:40.707 E/QC-QMI  (  491): qmi_qmux_open_connection: connection is disabled for conn_id=57
12-15 21:39:40.707 E/QC-QMI  (  491): qmi_qmux_tx_msg: failed to open inactive connd_id=57
12-15 21:39:40.708 E/QC-QMI  (  491): qmi_qmux: TX failed, connection inactive or in reset, conn_id=57, status_flags=4
12-15 21:39:40.708 E/QC-QMI  (  491): qmi_ctl_tx_msg: qmi_qmux_tx_msg failed
12-15 21:39:40.708 E/QC-QMI  (  491): qmi_ctl_handle_request: qmi_ctl_tx_msg call failed
12-15 21:39:40.708 E/QC-QMI  (  491): qmi_qmux_open_connection: connection is disabled for conn_id=29
12-15 21:39:40.708 E/QC-QMI  (  491): qmi_qmux_tx_msg: failed to open inactive connd_id=29
12-15 21:39:40.708 E/QC-QMI  (  491): qmi_qmux: TX failed, connection inactive or in reset, conn_id=29, status_flags=4
12-15 21:39:40.708 E/QC-QMI  (  491): qmi_ctl_tx_msg: qmi_qmux_tx_msg failed
12-15 21:39:40.708 E/QC-QMI  (  491): qmi_ctl_handle_request: qmi_ctl_tx_msg call failed
12-15 21:39:40.709 E/QC-QMI  (  491): qmi_qmux_open_connection: connection is disabled for conn_id=29
12-15 21:39:40.709 E/QC-QMI  (  491): qmi_qmux_tx_msg: failed to open inactive connd_id=29
12-15 21:39:40.710 E/QC-QMI  (  491): qmi_qmux: TX failed, connection inactive or in reset, conn_id=29, status_flags=4
12-15 21:39:40.710 E/QC-QMI  (  491): qmi_ctl_tx_msg: qmi_qmux_tx_msg failed
12-15 21:39:40.710 E/QC-QMI  (  491): qmi_ctl_handle_request: qmi_ctl_tx_msg call failed
12-15 21:39:40.710 E/QC-QMI  (  491): qmi_qmux_open_connection: connection is disabled for conn_id=48
12-15 21:39:40.710 E/QC-QMI  (  491): qmi_qmux_tx_msg: failed to open inactive connd_id=48
12-15 21:39:40.710 E/QC-QMI  (  491): qmi_qmux: TX failed, connection inactive or in reset, conn_id=48, status_flags=4
12-15 21:39:40.711 E/QC-QMI  (  491): qmi_ctl_tx_msg: qmi_qmux_tx_msg failed
12-15 21:39:40.711 E/QC-QMI  (  491): qmi_ctl_handle_request: qmi_ctl_tx_msg call failed
12-15 21:39:40.711 E/QC-QMI  (  491): qmi_qmux_open_connection: connection is disabled for conn_id=48
12-15 21:39:40.711 E/QC-QMI  (  491): qmi_qmux_tx_msg: failed to open inactive connd_id=48
12-15 21:39:40.711 E/QC-QMI  (  491): qmi_qmux: TX failed, connection inactive or in reset, conn_id=48, status_flags=4
12-15 21:39:40.711 E/QC-QMI  (  491): qmi_ctl_tx_msg: qmi_qmux_tx_msg failed
12-15 21:39:40.711 E/QC-QMI  (  491): qmi_ctl_handle_request: qmi_ctl_tx_msg call failed
12-15 21:39:40.712 E/QC-QMI  (  491): qmi_qmux_open_connection: connection is disabled for conn_id=57
12-15 21:39:40.712 E/QC-QMI  (  491): qmi_qmux_tx_msg: failed to open inactive connd_id=57
12-15 21:39:40.712 E/QC-QMI  (  491): qmi_qmux: TX failed, connection inactive or in reset, conn_id=57, status_flags=4
12-15 21:39:40.712 E/QC-QMI  (  491): qmi_ctl_tx_msg: qmi_qmux_tx_msg failed
12-15 21:39:40.712 E/QC-QMI  (  491): qmi_ctl_handle_request: qmi_ctl_tx_msg call failed
12-15 21:39:40.713 E/QC-QMI  (  491): qmi_qmux_open_connection: connection is disabled for conn_id=57
12-15 21:39:40.713 E/QC-QMI  (  491): qmi_qmux_tx_msg: failed to open inactive connd_id=57
12-15 21:39:40.713 E/QC-QMI  (  491): qmi_qmux: TX failed, connection inactive or in reset, conn_id=57, status_flags=4
12-15 21:39:40.713 E/QC-QMI  (  491): qmi_ctl_tx_msg: qmi_qmux_tx_msg failed
12-15 21:39:40.713 E/QC-QMI  (  491): qmi_ctl_handle_request: qmi_ctl_tx_msg call failed
12-15 21:39:40.717 E/QC-QMI  (  491): qmi_qmux_open_connection: connection is disabled for conn_id=29
12-15 21:39:40.717 E/QC-QMI  (  491): qmi_qmux_tx_msg: failed to open inactive connd_id=29
12-15 21:39:40.717 E/QC-QMI  (  491): qmi_qmux: TX failed, connection inactive or in reset, conn_id=29, status_flags=4
12-15 21:39:40.717 E/QC-QMI  (  491): qmi_ctl_tx_msg: qmi_qmux_tx_msg failed
12-15 21:39:40.717 E/QC-QMI  (  491): qmi_ctl_handle_request: qmi_ctl_tx_msg call failed
12-15 21:39:40.719 E/QC-QMI  (  491): qmi_qmux_open_connection: connection is disabled for conn_id=29
12-15 21:39:40.719 E/QC-QMI  (  491): qmi_qmux_tx_msg: failed to open inactive connd_id=29
12-15 21:39:40.719 E/QC-QMI  (  491): qmi_qmux: TX failed, connection inactive or in reset, conn_id=29, status_flags=4
12-15 21:39:40.719 E/QC-QMI  (  491): qmi_ctl_tx_msg: qmi_qmux_tx_msg failed
12-15 21:39:40.719 E/QC-QMI  (  491): qmi_ctl_handle_request: qmi_ctl_tx_msg call failed
12-15 21:39:40.720 E/QC-QMI  (  491): qmi_qmux_open_connection: connection is disabled for conn_id=48
12-15 21:39:40.721 E/QC-QMI  (  491): qmi_qmux_tx_msg: failed to open inactive connd_id=48
12-15 21:39:40.721 E/QC-QMI  (  491): qmi_qmux: TX failed, connection inactive or in reset, conn_id=48, status_flags=4
12-15 21:39:40.721 E/QC-QMI  (  491): qmi_ctl_tx_msg: qmi_qmux_tx_msg failed
12-15 21:39:40.721 E/QC-QMI  (  491): qmi_ctl_handle_request: qmi_ctl_tx_msg call failed
12-15 21:39:40.721 E/QC-QMI  (  491): qmi_qmux_open_connection: connection is disabled for conn_id=48
12-15 21:39:40.721 E/QC-QMI  (  491): qmi_qmux_tx_msg: failed to open inactive connd_id=48
12-15 21:39:40.721 E/QC-QMI  (  491): qmi_qmux: TX failed, connection inactive or in reset, conn_id=48, status_flags=4
12-15 21:39:40.721 E/QC-QMI  (  491): qmi_ctl_tx_msg: qmi_qmux_tx_msg failed
12-15 21:39:40.721 E/QC-QMI  (  491): qmi_ctl_handle_request: qmi_ctl_tx_msg call failed
12-15 21:39:40.722 E/QC-QMI  (  491): qmi_qmux_open_connection: connection is disabled for conn_id=57
12-15 21:39:40.722 E/QC-QMI  (  491): qmi_qmux_tx_msg: failed to open inactive connd_id=57
12-15 21:39:40.722 E/QC-QMI  (  491): qmi_qmux: TX failed, connection inactive or in reset, conn_id=57, status_flags=4
12-15 21:39:40.722 E/QC-QMI  (  491): qmi_ctl_tx_msg: qmi_qmux_tx_msg failed
12-15 21:39:40.722 E/QC-QMI  (  491): qmi_ctl_handle_request: qmi_ctl_tx_msg call failed
12-15 21:39:40.722 E/QC-QMI  (  491): qmi_qmux_open_connection: connection is disabled for conn_id=57
12-15 21:39:40.723 E/QC-QMI  (  491): qmi_qmux_tx_msg: failed to open inactive connd_id=57
12-15 21:39:40.723 E/QC-QMI  (  491): qmi_qmux: TX failed, connection inactive or in reset, conn_id=57, status_flags=4
12-15 21:39:40.723 E/QC-QMI  (  491): qmi_ctl_tx_msg: qmi_qmux_tx_msg failed
12-15 21:39:40.723 E/QC-QMI  (  491): qmi_ctl_handle_request: qmi_ctl_tx_msg call failed
12-15 21:39:40.726 E/QC-QMI  (  491): qmi_qmux_open_connection: connection is disabled for conn_id=29
12-15 21:39:40.726 E/QC-QMI  (  491): qmi_qmux_tx_msg: failed to open inactive connd_id=29
12-15 21:39:40.726 E/QC-QMI  (  491): qmi_qmux: TX failed, connection inactive or in reset, conn_id=29, status_flags=4
12-15 21:39:40.726 E/QC-QMI  (  491): qmi_ctl_tx_msg: qmi_qmux_tx_msg failed
