12-15 21:59:18.021 E/mm-camera(  510): module_faceproc_query_mod:1916] Caps ROI 10 scene_mode_cnt 1 HW analysis supported 0
12-15 21:59:18.021 E/mm-camera(  510): mct: mct_pipeline_populate_query_cap_buffer: 3A VERSION:: 4.1.0.r9
12-15 21:59:18.022 E/mm-camera(  510): mct: mct_pipeline_process_set:2298: Couldn't find stream id: 0
12-15 21:59:18.025 E/mm-camera(  510): port_iface_ext_unlink_func: E, identity = 0x1000f, port = 0xf5496c00, direction = 2
12-15 21:59:18.025 E/mm-camera(  510): port_iface_check_caps_unreserve_func:  E, identity = 0x1000f, port = 0xf5496c00, direction = 2
12-15 21:59:18.025 E/mm-camera(  510): iface_unreserve_sink_port: stream_id f mode 0 
12-15 21:59:18.025 E/mm-camera(  510): port_iface_ext_unlink_func: E, identity = 0x1000f, port = 0xf5496f00, direction = 1
12-15 21:59:18.025 E/mm-camera(  510): iface_ext_unlink_src_port: mct stream already removed from hw stream
12-15 21:59:18.025 E/mm-camera(  510): port_iface_check_caps_unreserve_func:  E, identity = 0x1000f, port = 0xf5496f00, direction = 1
12-15 21:59:18.025 E/mm-camera(  510): isp_port_check_caps_unreserve:844 ide 1000f port 0xf537abe0
12-15 21:59:18.025 E/mm-camera(  510): c2d_port_check_caps_unreserve:183, identity=0x1000f
12-15 21:59:18.025 E/mm-camera(  510): c2d_port_check_caps_unreserve:193, identity=0x1000f, unreserved
12-15 21:59:18.025 E/mm-camera(  510): c2d_port_check_caps_unreserve:183, identity=0x1000f
12-15 21:59:18.025 E/mm-camera(  510): c2d_port_check_caps_unreserve:193, identity=0x1000f, unreserved
12-15 21:59:18.025 E/mm-camera(  510): cpp_port_check_caps_unreserve:164, identity=0x1000f
12-15 21:59:18.025 E/mm-camera(  510): cpp_port_check_caps_unreserve:174, identity=0x1000f, unreserved
12-15 21:59:18.025 E/mm-camera(  510): cpp_port_check_caps_unreserve:164, identity=0x1000f
12-15 21:59:18.025 E/mm-camera(  510): cpp_port_check_caps_unreserve:174, identity=0x1000f, unreserved
12-15 21:59:18.026 E/mm-camera(  510): q3a_thread_af_stop:672  q3a_thread_af_stop:672 MSG_STOP_THREAD
12-15 21:59:18.027 D/mm-camera(  510): stats_port_delete_reserved_stream:2340: going to NULL peer
12-15 21:59:18.029 E/mm-camera-isp2(  510): isp_module_stop_session:437 session id 1
12-15 21:59:18.031 E/mm-camera(  510): cpp_module_stop_session:536, info: stopping session 1 ...
12-15 21:59:18.032 E/mm-camera(  510): cpp_thread_process_pipe_message:581, CPP_THREAD_MSG_ABORT: cpp_thread exiting..
12-15 21:59:18.033 E/mm-camera(  510): module_faceproc_stop_session:1804] session cnt 1
12-15 21:59:18.035 E/mm-camera(  510): cpp_module_stop_session:585, info: session 1 stopped.
12-15 21:59:18.036 E/mm-camera(  510): c2d_module_stop_session:354, info: stopping session 1 ...
12-15 21:59:18.036 E/mm-camera(  510): c2d_thread_process_pipe_message:830, C2D_THREAD_MSG_ABORT: c2d_thread exiting..
12-15 21:59:18.037 E/mm-camera(  510): c2d_module_stop_session:399, info: session 1 stopped.
12-15 21:59:18.038 E/cac2    (  510):  [cac2latency] cac2_destroy_buffers: 0 ms 
12-15 21:59:18.044 D/QCamera3HWI(  487): int qcamera::lookupFwkName(const mapType*, size_t, halType) [with halType = cam_effect_mode_type; mapType = qcamera::QCamera3HardwareInterface::QCameraMap<camera_metadata_enum_android_control_effect_mode, cam_effect_mode_type>; size_t = unsigned int]: Cannot find matching framework type
12-15 21:59:18.044 D/QCamera3HWI(  487): int qcamera::lookupFwkName(const mapType*, size_t, halType) [with halType = cam_effect_mode_type; mapType = qcamera::QCamera3HardwareInterface::QCameraMap<camera_metadata_enum_android_control_effect_mode, cam_effect_mode_type>; size_t = unsigned int]: Cannot find matching framework type
12-15 21:59:18.044 D/QCamera3HWI(  487): int qcamera::lookupFwkName(const mapType*, size_t, halType) [with halType = cam_effect_mode_type; mapType = qcamera::QCamera3HardwareInterface::QCameraMap<camera_metadata_enum_android_control_effect_mode, cam_effect_mode_type>; size_t = unsigned int]: Cannot find matching framework type
12-15 21:59:18.044 D/QCamera3HWI(  487): int qcamera::lookupFwkName(const mapType*, size_t, halType) [with halType = cam_scene_mode_type; mapType = qcamera::QCamera3HardwareInterface::QCameraMap<camera_metadata_enum_android_control_scene_mode, cam_scene_mode_type>; size_t = unsigned int]: Cannot find matching framework type
12-15 21:59:18.044 D/QCamera3HWI(  487): int qcamera::lookupFwkName(const mapType*, size_t, halType) [with halType = cam_scene_mode_type; mapType = qcamera::QCamera3HardwareInterface::QCameraMap<camera_metadata_enum_android_control_scene_mode, cam_scene_mode_type>; size_t = unsigned int]: Cannot find matching framework type
12-15 21:59:18.044 D/QCamera3HWI(  487): int qcamera::lookupFwkName(const mapType*, size_t, halType) [with halType = cam_scene_mode_type; mapType = qcamera::QCamera3HardwareInterface::QCameraMap<camera_metadata_enum_android_control_scene_mode, cam_scene_mode_type>; size_t = unsigned int]: Cannot find matching framework type
12-15 21:59:18.044 D/QCamera3HWI(  487): int qcamera::lookupFwkName(const mapType*, size_t, halType) [with halType = cam_scene_mode_type; mapType = qcamera::QCamera3HardwareInterface::QCameraMap<camera_metadata_enum_android_control_scene_mode, cam_scene_mode_type>; size_t = unsigned int]: Cannot find matching framework type
12-15 21:59:18.044 D/QCamera3HWI(  487): int qcamera::lookupFwkName(const mapType*, size_t, halType) [with halType = cam_focus_mode_type; mapType = qcamera::QCamera3HardwareInterface::QCameraMap<camera_metadata_enum_android_control_af_mode, cam_focus_mode_type>; size_t = unsigned int]: Cannot find matching framework type
12-15 21:59:18.044 D/QCamera3HWI(  487): int qcamera::lookupFwkName(const mapType*, size_t, halType) [with halType = cam_focus_mode_type; mapType = qcamera::QCamera3HardwareInterface::QCameraMap<camera_metadata_enum_android_control_af_mode, cam_focus_mode_type>; size_t = unsigned int]: Cannot find matching framework type
12-15 21:59:18.044 D/QCamera3HWI(  487): int qcamera::lookupFwkName(const mapType*, size_t, halType) [with halType = cam_wb_mode_type; mapType = qcamera::QCamera3HardwareInterface::QCameraMap<camera_metadata_enum_android_control_awb_mode, cam_wb_mode_type>; size_t = unsigned int]: Cannot find matching framework type
12-15 21:59:18.044 D/QCamera3HWI(  487): int qcamera::lookupFwkName(const mapType*, size_t, halType) [with halType = cam_wb_mode_type; mapType = qcamera::QCamera3HardwareInterface::QCameraMap<camera_metadata_enum_android_control_awb_mode, cam_wb_mode_type>; size_t = unsigned int]: Cannot find matching framework type
12-15 21:59:18.045 E/Camera2-Metadata(  487): Update metadata entry: Unknown tag -2147352575
12-15 21:59:18.045 E/Camera2-Metadata(  487): Update metadata entry: Unknown tag -2147352576
12-15 21:59:18.045 I/QCamera3HWI(  487): static int qcamera::QCamera3HardwareInterface::getCamInfo(uint32_t, camera_info*): camera 0 resource cost is 100
12-15 21:59:18.053 E/mm-camera-img(  510): module_imglib_start_session:1778 ###Img_Loglevel 1
12-15 21:59:18.055 E/mm-camera-isp2(  510): isp_module_start_session:360 num_session_opened 1
12-15 21:59:18.060 E/mm-camera(  510): q3a_port_init:1753  q3a_port_init: 3A VERSION --> 4.1.0.r9
12-15 21:59:18.067 E/libaprpmem(  510): 
12-15 21:59:18.067 E/libaprpmem(  510):  Ion allocation success virtaddr : ret=4039675904 fd=38 heapid=33554432
12-15 21:59:18.070 E/libaprpmem(  510): 
12-15 21:59:18.070 E/libaprpmem(  510):  Ion allocation success virtaddr : ret=4035706880 fd=41 heapid=33554432
12-15 21:59:18.073 E/libaprpmem(  510): 
12-15 21:59:18.073 E/libaprpmem(  510):  Ion allocation success virtaddr : ret=4027768832 fd=42 heapid=33554432
12-15 21:59:18.077 E/libaprpmem(  510): 
12-15 21:59:18.077 E/libaprpmem(  510):  Ion allocation success virtaddr : ret=4023586816 fd=43 heapid=33554432
12-15 21:59:18.081 E/libaprpmem(  510): 
12-15 21:59:18.081 E/libaprpmem(  510):  Ion allocation success virtaddr : ret=4015222784 fd=44 heapid=33554432
12-15 21:59:18.085 E/libaprpmem(  510): 
12-15 21:59:18.085 E/libaprpmem(  510):  Ion allocation success virtaddr : ret=4011040768 fd=45 heapid=33554432
12-15 21:59:18.088 E/libaprpmem(  510): 
12-15 21:59:18.088 E/libaprpmem(  510):  Ion allocation success virtaddr : ret=3992989696 fd=46 heapid=33554432
12-15 21:59:18.123 E/mm-camera(  510): mct: mct_pipeline_start_stream_internal: Adding session stream streamid= 0xf for session=2
12-15 21:59:18.123 E/mm-camera(  510): mct: mct_pipeline_start_stream_internal:Linking session stream for session 2
12-15 21:59:18.123 E/mm-camera-sensor(  510): port_sensor_caps_reserve:86session id doesn't match
12-15 21:59:18.123 E/mm-camera-sensor(  510): port_sensor_caps_reserve:86session id doesn't match
12-15 21:59:18.123 E/mm-camera(  510): iface_util_find_primary_cid:84 error cannot find primary sensor format cids 1
12-15 21:59:18.127 E/mm-camera(  510): mct: mct_pipeline_start_stream_internal:Session stream linked successfully session 2
12-15 21:59:18.130 E/mm-camera(  510): module_sensor_query_mod:5580led flash is not supported for this sensor.
12-15 21:59:18.130 E/mm-camera-isp2(  510): isp_resource_query_mod:145 num_isp_preallocate 0 num_session_opened 1 dual_vfe_enabled 0
12-15 21:59:18.130 E/mm-camera(  510): module_faceproc_query_mod:1916] Caps ROI 10 scene_mode_cnt 1 HW analysis supported 0
12-15 21:59:18.130 E/mm-camera(  510): mct: mct_pipeline_populate_query_cap_buffer: 3A VERSION:: 4.1.0.r9
12-15 21:59:18.132 E/mm-camera(  510): mct: mct_pipeline_process_set:2298: Couldn't find stream id: 0
12-15 21:59:18.133 E/mm-camera(  510): port_iface_ext_unlink_func: E, identity = 0x2000f, port = 0xf5496c00, direction = 2
12-15 21:59:18.133 E/mm-camera(  510): port_iface_check_caps_unreserve_func:  E, identity = 0x2000f, port = 0xf5496c00, direction = 2
12-15 21:59:18.133 E/mm-camera(  510): iface_unreserve_sink_port: stream_id f mode 0 
12-15 21:59:18.133 E/mm-camera(  510): port_iface_ext_unlink_func: E, identity = 0x2000f, port = 0xf5496f00, direction = 1
12-15 21:59:18.133 E/mm-camera(  510): iface_ext_unlink_src_port: mct stream already removed from hw stream
12-15 21:59:18.133 E/mm-camera(  510): port_iface_check_caps_unreserve_func:  E, identity = 0x2000f, port = 0xf5496f00, direction = 1
12-15 21:59:18.133 E/mm-camera(  510): isp_port_check_caps_unreserve:844 ide 2000f port 0xf537abe0
12-15 21:59:18.133 E/mm-camera(  510): c2d_port_check_caps_unreserve:183, identity=0x2000f
12-15 21:59:18.133 E/mm-camera(  510): c2d_port_check_caps_unreserve:193, identity=0x2000f, unreserved
12-15 21:59:18.133 E/mm-camera(  510): c2d_port_check_caps_unreserve:183, identity=0x2000f
12-15 21:59:18.133 E/mm-camera(  510): c2d_port_check_caps_unreserve:193, identity=0x2000f, unreserved
12-15 21:59:18.133 E/mm-camera(  510): cpp_port_check_caps_unreserve:164, identity=0x2000f
12-15 21:59:18.133 E/mm-camera(  510): cpp_port_check_caps_unreserve:174, identity=0x2000f, unreserved
12-15 21:59:18.133 E/mm-camera(  510): cpp_port_check_caps_unreserve:164, identity=0x2000f
12-15 21:59:18.133 E/mm-camera(  510): cpp_port_check_caps_unreserve:174, identity=0x2000f, unreserved
12-15 21:59:18.134 E/mm-camera(  510): q3a_thread_af_stop:672  q3a_thread_af_stop:672 MSG_STOP_THREAD
12-15 21:59:18.135 D/mm-camera(  510): stats_port_delete_reserved_stream:2340: going to NULL peer
12-15 21:59:18.137 E/mm-camera-isp2(  510): isp_module_stop_session:437 session id 2
12-15 21:59:18.145 E/mm-camera(  510): cpp_module_stop_session:536, info: stopping session 2 ...
12-15 21:59:18.145 E/mm-camera(  510): cpp_thread_process_pipe_message:581, CPP_THREAD_MSG_ABORT: cpp_thread exiting..
12-15 21:59:18.146 E/mm-camera(  510): module_faceproc_stop_session:1804] session cnt 1
12-15 21:59:18.148 E/mm-camera(  510): cpp_module_stop_session:585, info: session 2 stopped.
12-15 21:59:18.148 E/mm-camera(  510): c2d_module_stop_session:354, info: stopping session 2 ...
12-15 21:59:18.148 E/mm-camera(  510): c2d_thread_process_pipe_message:830, C2D_THREAD_MSG_ABORT: c2d_thread exiting..
12-15 21:59:18.149 E/mm-camera(  510): c2d_module_stop_session:399, info: session 2 stopped.
12-15 21:59:18.150 E/cac2    (  510):  [cac2latency] cac2_destroy_buffers: 0 ms 
12-15 21:59:18.163 D/QCamera3HWI(  487): int qcamera::lookupFwkName(const mapType*, size_t, halType) [with halType = cam_effect_mode_type; mapType = qcamera::QCamera3HardwareInterface::QCameraMap<camera_metadata_enum_android_control_effect_mode, cam_effect_mode_type>; size_t = unsigned int]: Cannot find matching framework type
12-15 21:59:18.163 D/QCamera3HWI(  487): int qcamera::lookupFwkName(const mapType*, size_t, halType) [with halType = cam_effect_mode_type; mapType = qcamera::QCamera3HardwareInterface::QCameraMap<camera_metadata_enum_android_control_effect_mode, cam_effect_mode_type>; size_t = unsigned int]: Cannot find matching framework type
12-15 21:59:18.163 D/QCamera3HWI(  487): int qcamera::lookupFwkName(const mapType*, size_t, halType) [with halType = cam_effect_mode_type; mapType = qcamera::QCamera3HardwareInterface::QCameraMap<camera_metadata_enum_android_control_effect_mode, cam_effect_mode_type>; size_t = unsigned int]: Cannot find matching framework type
12-15 21:59:18.163 D/QCamera3HWI(  487): int qcamera::lookupFwkName(const mapType*, size_t, halType) [with halType = cam_scene_mode_type; mapType = qcamera::QCamera3HardwareInterface::QCameraMap<camera_metadata_enum_android_control_scene_mode, cam_scene_mode_type>; size_t = unsigned int]: Cannot find matching framework type
12-15 21:59:18.163 D/QCamera3HWI(  487): int qcamera::lookupFwkName(const mapType*, size_t, halType) [with halType = cam_scene_mode_type; mapType = qcamera::QCamera3HardwareInterface::QCameraMap<camera_metadata_enum_android_control_scene_mode, cam_scene_mode_type>; size_t = unsigned int]: Cannot find matching framework type
12-15 21:59:18.163 D/QCamera3HWI(  487): int qcamera::lookupFwkName(const mapType*, size_t, halType) [with halType = cam_scene_mode_type; mapType = qcamera::QCamera3HardwareInterface::QCameraMap<camera_metadata_enum_android_control_scene_mode, cam_scene_mode_type>; size_t = unsigned int]: Cannot find matching framework type
12-15 21:59:18.163 D/QCamera3HWI(  487): int qcamera::lookupFwkName(const mapType*, size_t, halType) [with halType = cam_scene_mode_type; mapType = qcamera::QCamera3HardwareInterface::QCameraMap<camera_metadata_enum_android_control_scene_mode, cam_scene_mode_type>; size_t = unsigned int]: Cannot find matching framework type
12-15 21:59:18.163 D/QCamera3HWI(  487): int qcamera::lookupFwkName(const mapType*, size_t, halType) [with halType = cam_wb_mode_type; mapType = qcamera::QCamera3HardwareInterface::QCameraMap<camera_metadata_enum_android_control_awb_mode, cam_wb_mode_type>; size_t = unsigned int]: Cannot find matching framework type
12-15 21:59:18.163 D/QCamera3HWI(  487): int qcamera::lookupFwkName(const mapType*, size_t, halType) [with halType = cam_wb_mode_type; mapType = qcamera::QCamera3HardwareInterface::QCameraMap<camera_metadata_enum_android_control_awb_mode, cam_wb_mode_type>; size_t = unsigned int]: Cannot find matching framework type
12-15 21:59:18.163 E/Camera2-Metadata(  487): Update metadata entry: Unknown tag -2147352575
12-15 21:59:18.163 E/Camera2-Metadata(  487): Update metadata entry: Unknown tag -2147352576
12-15 21:59:18.163 I/QCamera3HWI(  487): static int qcamera::QCamera3HardwareInterface::getCamInfo(uint32_t, camera_info*): camera 1 resource cost is 77
12-15 21:59:18.163 I/CameraService(  487): Loaded "QCamera Module" camera module
12-15 21:59:18.164 I/QCamera3HWI(  487): static int qcamera::QCamera3HardwareInterface::getCamInfo(uint32_t, camera_info*): camera 0 resource cost is 100
12-15 21:59:18.164 I/QCamera3HWI(  487): static int qcamera::QCamera3HardwareInterface::getCamInfo(uint32_t, camera_info*): camera 1 resource cost is 77
12-15 21:59:18.165 I/ServiceManager(  487): Waiting for service media.camera.proxy...
12-15 21:59:18.260 D/vold    (  338): Disk at 253:0 changed
12-15 21:59:18.263 E/slim_daemon(  602): [NDK] bindNDKSensors: Sensor server is unavailable.
12-15 21:59:18.321 W/PackageParser(  882): Ignoring duplicate uses-permissions/uses-permissions-sdk-m: android.permission.WAKE_LOCK in package: com.google.android.apps.maps at: Binary XML file line #95
12-15 21:59:18.538 W/PackageParser(  882): Ignoring duplicate uses-permissions/uses-permissions-sdk-m: android.permission.CHANGE_WIFI_STATE in package: com.android.nfc at: Binary XML file line #47
12-15 21:59:18.539 W/PackageParser(  882): Ignoring duplicate uses-permissions/uses-permissions-sdk-m: android.permission.ACCESS_WIFI_STATE in package: com.android.nfc at: Binary XML file line #48
12-15 21:59:18.624 W/PackageParser(  882): Problem in package /system/app/Photos/Photos.apk:
12-15 21:59:18.624 W/PackageParser(  882): Unknown element under <activity>: category at /system/app/Photos/Photos.apk Binary XML file line #649
12-15 21:59:18.645 I/MSM-irqbalance(  375): Discovered a new IRQ: 81
12-15 21:59:18.674 W/PackageManager(  882): Permission com.google.android.apps.photos.permission.GOOGLE_PHOTOS_PROVIDER from package com.google.android.apps.photos in an unknown group android.permission-group.PERSONAL_INFO
12-15 21:59:18.972 W/PackageManager(  882): Permission com.google.android.gm.email.permission.READ_ATTACHMENT from package com.google.android.gm in an unknown group android.permission-group.MESSAGES
12-15 21:59:18.972 W/PackageManager(  882): Permission com.google.android.gm.permission.READ_GMAIL from package com.google.android.gm in an unknown group android.permission-group.MESSAGES
12-15 21:59:18.972 W/PackageManager(  882): Permission com.google.android.gm.permission.WRITE_GMAIL from package com.google.android.gm in an unknown group android.permission-group.MESSAGES
12-15 21:59:18.972 W/PackageManager(  882): Permission com.google.android.gm.permission.AUTO_SEND from package com.google.android.gm in an unknown group android.permission-group.MESSAGES
12-15 21:59:18.972 W/PackageManager(  882): Permission com.google.android.gm.permission.READ_CONTENT_PROVIDER from package com.google.android.gm in an unknown group android.permission-group.MESSAGES
12-15 21:59:19.010 I/ServiceManager(  511): Waiting for service AtCmdFwd...
12-15 21:59:19.135 W/PackageParser(  882): Ignoring duplicate uses-permissions/uses-permissions-sdk-m: android.permission.READ_PHONE_STATE in package: com.google.android.videos at: Binary XML file line #7
12-15 21:59:19.166 I/ServiceManager(  487): Waiting for service media.camera.proxy...
12-15 21:59:19.264 E/slim_daemon(  602): [NDK] bindNDKSensors: Sensor server is unavailable.
12-15 21:59:19.426 D/PackageManager(  882): No files in app dir /oem/app
12-15 21:59:19.465 I/SELinux (  882): SELinux: Loaded file_contexts contexts from /file_contexts.
12-15 21:59:19.477 D/PackageManager(  882): No files in app dir /data/app-private
12-15 21:59:19.477 W/PackageManager(  882): Package com.google.android.gms desires unavailable shared library com.google.android.ble; ignoring!
12-15 21:59:19.477 W/PackageManager(  882): Package com.google.android.GoogleCamera desires unavailable shared library com.google.android.gestureservice; ignoring!
12-15 21:59:19.478 W/PackageManager(  882): Package com.google.android.GoogleCamera desires unavailable shared library com.google.android.camera2; ignoring!
12-15 21:59:19.478 I/PackageManager(  882): Adjusting ABI for : com.google.android.backuptransport to arm64-v8a
12-15 21:59:19.478 I/PackageManager(  882): Adjusting ABI for : com.google.android.gsf.login to arm64-v8a
12-15 21:59:19.479 I/PackageManager(  882): Adjusting ABI for : com.google.android.gsf to arm64-v8a
12-15 21:59:19.479 I/PackageManager(  882): Adjusting ABI for : com.android.providers.settings to arm64-v8a
12-15 21:59:19.480 I/PackageManager(  882): Adjusting ABI for : com.quicinc.cne.CNEService to arm64-v8a
12-15 21:59:19.480 I/PackageManager(  882): Adjusting ABI for : com.android.settings to arm64-v8a
12-15 21:59:19.480 I/PackageManager(  882): Adjusting ABI for : com.qualcomm.atfwd to arm64-v8a
12-15 21:59:19.481 I/PackageManager(  882): Adjusting ABI for : com.android.keychain to arm64-v8a
12-15 21:59:19.481 I/PackageManager(  882): Adjusting ABI for : com.qualcomm.timeservice to arm64-v8a
12-15 21:59:19.482 I/PackageManager(  882): Adjusting ABI for : com.android.server.telecom to arm64-v8a
12-15 21:59:19.482 I/PackageManager(  882): Adjusting ABI for : com.lge.HiddenMenu to arm64-v8a
12-15 21:59:19.482 I/PackageManager(  882): Adjusting ABI for : com.android.location.fused to arm64-v8a
12-15 21:59:19.483 I/PackageManager(  882): Adjusting ABI for : com.android.inputdevices to arm64-v8a
12-15 21:59:19.484 I/PackageManager(  882): Adjusting ABI for : com.android.providers.telephony to arm64-v8a
12-15 21:59:19.485 I/PackageManager(  882): Adjusting ABI for : com.qualcomm.qti.rcsbootstraputil to arm64-v8a
12-15 21:59:19.485 I/PackageManager(  882): Adjusting ABI for : com.qti.qualcomm.datastatusnotification to arm64-v8a
12-15 21:59:19.485 I/PackageManager(  882): Adjusting ABI for : com.android.sdm.plugins.connmo to arm64-v8a
12-15 21:59:19.485 I/PackageManager(  882): Adjusting ABI for : com.android.sdm.plugins.dcmo to arm64-v8a
12-15 21:59:19.486 I/PackageManager(  882): Adjusting ABI for : com.android.mms.service to arm64-v8a
12-15 21:59:19.486 I/PackageManager(  882): Adjusting ABI for : com.android.phone to arm64-v8a
12-15 21:59:19.486 I/PackageManager(  882): Adjusting ABI for : com.android.stk to arm64-v8a
12-15 21:59:19.486 I/PackageManager(  882): Adjusting ABI for : com.android.sdm.plugins.sprintdm to arm64-v8a
12-15 21:59:19.486 I/PackageManager(  882): Adjusting ABI for : com.qualcomm.qcrilmsgtunnel to arm64-v8a
12-15 21:59:19.487 I/PackageManager(  882): Adjusting ABI for : com.qualcomm.qti.rcsimsbootstraputil to arm64-v8a
12-15 21:59:19.487 I/PackageManager(  882): Adjusting ABI for : com.android.sdm.plugins.diagmon to arm64-v8a
12-15 21:59:19.492 I/PackageManager(  882): Time to scan packages: 4.198 seconds
12-15 21:59:19.494 W/PackageManager(  882): Not granting permission android.permission.MANAGE_DOCUMENTS to package com.google.android.youtube (protectionLevel=2 flags=0x38583e45)
12-15 21:59:19.494 W/PackageManager(  882): Not granting permission com.google.android.googleapps.permission.GOOGLE_AUTH to package com.google.android.youtube (protectionLevel=2 flags=0x38583e45)
12-15 21:59:19.494 W/PackageManager(  882): Not granting permission com.google.android.googleapps.permission.GOOGLE_AUTH.youtube to package com.google.android.youtube (protectionLevel=2 flags=0x38583e45)
12-15 21:59:19.494 W/PackageManager(  882): Not granting permission com.google.android.googleapps.permission.GOOGLE_AUTH.YouTubeUser to package com.google.android.youtube (protectionLevel=2 flags=0x38583e45)
12-15 21:59:19.495 W/PackageManager(  882): Unknown permission com.google.android.voicesearch.SHORTCUTS_ACCESS in package com.google.android.googlequicksearchbox
12-15 21:59:19.495 W/PackageManager(  882): Unknown permission com.google.android.voicesearch.ACCESS_SETTINGS in package com.google.android.googlequicksearchbox
12-15 21:59:19.495 W/PackageManager(  882): Unknown permission com.android.browser.permission.PRELOAD in package com.google.android.googlequicksearchbox
12-15 21:59:19.495 W/PackageManager(  882): Unknown permission com.google.android.ears.permission.WRITE in package com.google.android.googlequicksearchbox
12-15 21:59:19.495 W/PackageManager(  882): Unknown permission com.google.android.apps.googlevoice.permission.AUTO_SEND in package com.google.android.googlequicksearchbox
12-15 21:59:19.495 W/PackageManager(  882): Unknown permission com.android.chrome.PRERENDER_URL in package com.google.android.googlequicksearchbox
12-15 21:59:19.495 W/PackageManager(  882): Not granting permission com.google.android.googleapps.permission.GOOGLE_AUTH to package com.android.providers.calendar (protectionLevel=2 flags=0x30083e45)
12-15 21:59:19.495 W/PackageManager(  882): Not granting permission com.google.android.googleapps.permission.GOOGLE_AUTH.cl to package com.android.providers.calendar (protectionLevel=2 flags=0x30083e45)
12-15 21:59:19.496 W/PackageManager(  882): Unknown permission com.android.nfc.permission.NFCEE_ADMIN in package org.simalliance.openmobileapi.service
12-15 21:59:19.496 W/PackageManager(  882): Not granting permission android.permission.WRITE_SECURE_SETTINGS to package com.google.android.apps.enterprise.dmagent (protectionLevel=50 flags=0x38083e05)
12-15 21:59:19.496 W/PackageManager(  882): Not granting permission android.permission.CONNECTIVITY_INTERNAL to package com.google.android.apps.enterprise.dmagent (protectionLevel=18 flags=0x38083e05)
12-15 21:59:19.496 W/PackageManager(  882): Not granting permission android.permission.MANAGE_USB to package com.google.android.apps.enterprise.dmagent (protectionLevel=18 flags=0x38083e05)
12-15 21:59:19.496 W/PackageManager(  882): Not granting permission android.permission.CHANGE_COMPONENT_ENABLED_STATE to package com.google.android.apps.enterprise.dmagent (protectionLevel=18 flags=0x38083e05)
12-15 21:59:19.496 W/PackageManager(  882): Not granting permission android.permission.MANAGE_CA_CERTIFICATES to package com.google.android.apps.enterprise.dmagent (protectionLevel=18 flags=0x38083e05)
12-15 21:59:19.496 W/PackageManager(  882): Not granting permission android.permission.MANAGE_USERS to package com.google.android.apps.enterprise.dmagent (protectionLevel=18 flags=0x38083e05)
12-15 21:59:19.497 W/PackageManager(  882): Not granting permission android.permission.SEND_DOWNLOAD_COMPLETED_INTENTS to package com.android.vending (protectionLevel=2 flags=0x384abe45)
12-15 21:59:19.497 W/PackageManager(  882): Unknown permission android.permission.SEND_SMS_NO_CONFIRMATION in package com.android.vending
12-15 21:59:19.497 I/PackageManager(  882): Un-granting permission android.permission.INSTALL_GRANT_RUNTIME_PERMISSIONS from package com.android.vending (protectionLevel=770 flags=0x384abe45)
12-15 21:59:19.497 I/PackageManager(  882): Un-granting permission android.permission.GRANT_RUNTIME_PERMISSIONS from package com.android.vending (protectionLevel=770 flags=0x384abe45)
12-15 21:59:19.497 I/PackageManager(  882): Un-granting permission android.permission.REVOKE_RUNTIME_PERMISSIONS from package com.android.vending (protectionLevel=770 flags=0x384abe45)
12-15 21:59:19.497 W/PackageManager(  882): Unknown permission android.permission.NFC_TRANSACTION in package at.psa.app.bankaustria
12-15 21:59:19.497 W/PackageManager(  882): Unknown permission android.permission.SMARTCARD in package at.psa.app.bankaustria
12-15 21:59:19.497 W/PackageManager(  882): Unknown permission com.rise.world.apps.ipc.permission.SMCC in package at.psa.app.bankaustria
12-15 21:59:19.497 W/PackageManager(  882): Unknown permission com.gsma.services.nfc.permission.TRANSACTION_EVENT in package at.psa.app.bankaustria
12-15 21:59:19.498 W/PackageManager(  882): Unknown permission android.permission.NFC_UNLOCK in package com.android.nfc
12-15 21:59:19.498 W/PackageManager(  882): Unknown permission com.android.launcher.permission.READ_SETTINGS in package com.google.android.launcher
12-15 21:59:19.498 W/PackageManager(  882): Unknown permission com.android.launcher.permission.WRITE_SETTINGS in package com.google.android.launcher
12-15 21:59:19.498 W/PackageManager(  882): Unknown permission com.google.android.email.permission.ACCESS_PROVIDER in package com.google.android.gm
12-15 21:59:19.498 W/PackageManager(  882): Unknown permission android.permission.READ_OWNER_DATA in package com.google.android.setupwizard
12-15 21:59:19.498 W/PackageManager(  882): Unknown permission android.permission.WRITE_OWNER_DATA in package com.google.android.setupwizard
12-15 21:59:19.499 W/PackageManager(  882): Unknown permission android.permission.WRITE_SYNC_STATS in package com.google.android.apps.docs
12-15 21:59:19.499 W/PackageManager(  882): Not granting permission android.permission.INTERACT_ACROSS_USERS to package com.google.android.syncadapters.contacts (protectionLevel=50 flags=0x38083e45)
12-15 21:59:19.499 W/PackageManager(  882): Unknown permission com.google.android.gms.permission.CONTACTS_SYNC_DELEGATION in package com.google.android.syncadapters.contacts
12-15 21:59:19.499 W/PackageManager(  882): Unknown permission com.chrome.permission.DEVICE_EXTRAS in package com.android.chrome
12-15 21:59:19.500 W/PackageManager(  882): Unknown permission com.sec.enterprise.knox.MDM_CONTENT_PROVIDER in package com.android.chrome
12-15 21:59:19.500 I/PackageManager(  882): Un-granting permission android.permission.CLEAR_APP_USER_DATA from package com.google.android.packageinstaller (protectionLevel=258 flags=0x38483e45)
12-15 21:59:19.500 I/PackageManager(  882): Un-granting permission android.permission.GRANT_RUNTIME_PERMISSIONS from package com.google.android.packageinstaller (protectionLevel=770 flags=0x38483e45)
12-15 21:59:19.500 I/PackageManager(  882): Un-granting permission android.permission.REVOKE_RUNTIME_PERMISSIONS from package com.google.android.packageinstaller (protectionLevel=770 flags=0x38483e45)
12-15 21:59:19.500 I/PackageManager(  882): Un-granting permission android.permission.INSTALL_GRANT_RUNTIME_PERMISSIONS from package com.google.android.packageinstaller (protectionLevel=770 flags=0x38483e45)
12-15 21:59:19.500 I/PackageManager(  882): Un-granting permission android.permission.INTERACT_ACROSS_USERS_FULL from package com.google.android.packageinstaller (protectionLevel=258 flags=0x38483e45)
12-15 21:59:19.500 I/PackageManager(  882): Un-granting permission android.permission.KILL_UID from package com.google.android.packageinstaller (protectionLevel=258 flags=0x38483e45)
12-15 21:59:19.500 W/PackageManager(  882): Unknown permission com.google.android.wearable.READ_SETTINGS in package com.google.android.gms
12-15 21:59:19.501 W/PackageManager(  882): Not granting permission android.permission.MANAGE_DOCUMENTS to package com.google.android.gms (protectionLevel=2 flags=0xb8483e45)
12-15 21:59:19.501 W/PackageManager(  882): Unknown permission com.android.launcher.permission.PRELOAD_WORKSPACE in package com.google.android.partnersetup
12-15 21:59:19.501 W/PackageManager(  882): Not granting permission com.google.android.googleapps.permission.GOOGLE_AUTH to package com.google.android.videos (protectionLevel=2 flags=0x38583e45)
12-15 21:59:19.501 W/PackageManager(  882): Unknown permission com.google.android.gallery3d.permission.PICASA_STORE in package com.google.android.apps.photos
12-15 21:59:19.502 W/PackageManager(  882): Not granting permission android.permission.CONTROL_KEYGUARD to package com.google.android.gsf.login (protectionLevel=2 flags=0x3048be45)
12-15 21:59:19.502 W/PackageManager(  882): Unknown permission com.android.vending.billing.IBillingAccountService.BIND2 in package com.google.android.gsf.login
12-15 21:59:19.502 W/PackageManager(  882): Unknown permission com.android.launcher.permission.READ_SETTINGS in package com.android.settings
12-15 21:59:19.502 W/PackageManager(  882): Unknown permission com.android.launcher.permission.WRITE_SETTINGS in package com.android.settings
12-15 21:59:19.503 W/PackageManager(  882): Unknown permission com.android.permission.DCMO_SETTINGS in package com.android.omadm.service
12-15 21:59:19.503 W/PackageManager(  882): Not granting permission android.permission.REGISTER_CONNECTION_MANAGER to package com.google.android.talk (protectionLevel=18 flags=0x3849be45)
12-15 21:59:19.503 W/PackageManager(  882): Unknown permission com.android.smspush.WAPPUSH_MANAGER_BIND in package com.android.phone
12-15 21:59:19.504 W/PackageManager(  882): Unknown permission com.google.android.gallery3d.permission.GALLERY_PROVIDER in package com.android.bluetooth
12-15 21:59:19.504 W/PackageManager(  882): Unknown permission com.android.gallery3d.permission.GALLERY_PROVIDER in package com.android.bluetooth
12-15 21:59:19.505 W/PackageManager(  882): Not granting permission android.permission.BIND_WALLPAPER to package com.google.android.GoogleCamera (protectionLevel=18 flags=0x30583c45)
12-15 21:59:19.505 W/PackageManager(  882): Unknown permission com.google.android.gallery3d.permission.GALLERY_PROVIDER in package com.google.android.GoogleCamera
12-15 21:59:19.575 I/art     (  882): Starting a blocking GC Explicit
12-15 21:59:19.603 I/art     (  882): Explicit concurrent mark sweep GC freed 17886(1299KB) AllocSpace objects, 2(40KB) LOS objects, 33% free, 15MB/23MB, paused 197us total 27.809ms
12-15 21:59:19.604 I/SystemServer(  882): User Service
12-15 21:59:19.608 I/lowmemorykiller(  369): ActivityManager connected
12-15 21:59:19.609 D/SensorService(  882): nuSensorService starting...
12-15 21:59:19.612 I/sensors (  882): open_sensors
12-15 21:59:20.010 I/ServiceManager(  511): Waiting for service AtCmdFwd...
12-15 21:59:20.166 I/ServiceManager(  487): Waiting for service media.camera.proxy...
12-15 21:59:20.265 E/slim_daemon(  602): [NDK] bindNDKSensors: Sensor server is unavailable.
12-15 21:59:21.011 I/ServiceManager(  511): Waiting for service AtCmdFwd...
12-15 21:59:21.167 I/ServiceManager(  487): Waiting for service media.camera.proxy...
12-15 21:59:21.266 E/slim_daemon(  602): [NDK] bindNDKSensors: Sensor server is unavailable.
12-15 21:59:21.672 I/hubconnection(  882): sensorhub said: 'Hello, world!'
12-15 21:59:21.672 I/hubconnection(  882): sensorhub said: 'Found Bosch BMP280 Pressure/Temperature Sensor'
12-15 21:59:21.672 I/hubconnection(  882): sensorhub said: 'Found Rohm RPR-0521 Proximity/ALS Sensor'
12-15 21:59:21.672 I/hubconnection(  882): sensorhub said: 'Found Bosch BMI160 Accel/Gyro Sensor'
12-15 21:59:21.672 I/sensors (  882): get_sensors_list
12-15 21:59:21.672 I/sensors (  882): activate
12-15 21:59:21.673 I/sensors (  882): activate
12-15 21:59:21.673 I/sensors (  882): activate
12-15 21:59:21.673 I/sensors (  882): activate
12-15 21:59:21.673 I/sensors (  882): activate
12-15 21:59:21.674 I/sensors (  882): activate
12-15 21:59:21.674 I/sensors (  882): activate
12-15 21:59:21.674 I/sensors (  882): activate
12-15 21:59:21.674 I/sensors (  882): activate
12-15 21:59:21.674 I/sensors (  882): activate
12-15 21:59:21.674 I/sensors (  882): activate
12-15 21:59:21.674 I/sensors (  882): activate
12-15 21:59:21.674 I/sensors (  882): activate
12-15 21:59:21.675 I/sensors (  882): activate
12-15 21:59:21.675 I/sensors (  882): activate
12-15 21:59:21.675 I/sensors (  882): activate
12-15 21:59:21.675 I/sensors (  882): activate
12-15 21:59:21.675 I/sensors (  882): activate
12-15 21:59:21.675 I/sensors (  882): activate
12-15 21:59:21.675 I/sensors (  882): activate
12-15 21:59:21.675 I/sensors (  882): activate
12-15 21:59:21.675 I/sensors (  882): activate
12-15 21:59:21.676 I/sensors (  882): activate
12-15 21:59:21.676 I/sensors (  882): activate
12-15 21:59:21.676 I/sensors (  882): get_sensors_list
12-15 21:59:21.677 I/sensors (  882): get_sensors_list
12-15 21:59:21.681 I/SystemServiceManager(  882): Starting com.android.server.BatteryService
12-15 21:59:21.682 D/SensorService(  882): new thread SensorEventAckReceiver
12-15 21:59:21.684 D/SensorService(  882): nuSensorService thread starting...
12-15 21:59:21.693 I/hubconnection(  882): sensorhub said: 'init: 24 -19 -1, -9 13 -25, 0.00, 7'
12-15 21:59:21.695 I/hubconnection(  882): sensorhub said: 'activate 18 enable:1'
12-15 21:59:21.697 I/SystemServiceManager(  882): Starting com.android.server.usage.UsageStatsService
12-15 21:59:21.698 I/hubconnection(  882): sensorhub said: 'activate 6 enable:0'
12-15 21:59:21.700 I/hubconnection(  882): sensorhub said: 'activate 7 enable:0'
12-15 21:59:21.701 I/hubconnection(  882): sensorhub said: 'activate 1 enable:0'
12-15 21:59:21.702 I/hubconnection(  882): sensorhub said: 'activate 2 enable:0'
12-15 21:59:21.705 I/SystemServiceManager(  882): Starting com.android.server.webkit.WebViewUpdateService
12-15 21:59:21.705 I/hubconnection(  882): sensorhub said: 'activate 26 enable:0'
12-15 21:59:21.707 I/SystemServer(  882): Reading configuration...
12-15 21:59:21.707 I/SystemServer(  882): Scheduling Policy
12-15 21:59:21.707 I/hubconnection(  882): sensorhub said: 'activate 3 enable:0'
12-15 21:59:21.708 I/SystemServiceManager(  882): Starting com.android.server.telecom.TelecomLoaderService
12-15 21:59:21.709 I/SystemServer(  882): Telephony Registry
12-15 21:59:21.709 I/hubconnection(  882): sensorhub said: 'activate 25 enable:0'
12-15 21:59:21.710 I/hubconnection(  882): sensorhub said: 'activate 4 enable:0'
12-15 21:59:21.711 I/hubconnection(  882): sensorhub said: 'activate 5 enable:0'
12-15 21:59:21.713 I/SystemServer(  882): Entropy Mixer
12-15 21:59:21.713 I/hubconnection(  882): sensorhub said: 'activate 8 enable:0'
12-15 21:59:21.714 I/hubconnection(  882): sensorhub said: 'activate 9 enable:0'
12-15 21:59:21.715 I/hubconnection(  882): sensorhub said: 'activate 24 enable:0'
12-15 21:59:21.717 I/hubconnection(  882): sensorhub said: 'activate 12 enable:0'
12-15 21:59:21.718 I/hubconnection(  882): sensorhub said: 'activate 15 enable:0'
12-15 21:59:21.719 I/EntropyMixer(  882): Added HW RNG output to entropy pool
12-15 21:59:21.719 I/hubconnection(  882): sensorhub said: 'activate 16 enable:0'
12-15 21:59:21.719 I/EntropyMixer(  882): Writing entropy...
12-15 21:59:21.722 I/hubconnection(  882): sensorhub said: 'activate 17 enable:0'
12-15 21:59:21.725 I/hubconnection(  882): sensorhub said: 'activate 19 enable:0'
12-15 21:59:21.726 I/hubconnection(  882): sensorhub said: 'activate 20 enable:0'
12-15 21:59:21.728 I/hubconnection(  882): sensorhub said: 'activate 22 enable:0'
12-15 21:59:21.729 I/hubconnection(  882): sensorhub said: 'activate 21 enable:0'
12-15 21:59:21.730 I/hubconnection(  882): sensorhub said: 'activate 28 enable:0'
12-15 21:59:21.730 I/SystemServer(  882): Camera Service
12-15 21:59:21.731 I/SystemServiceManager(  882): Starting com.android.server.camera.CameraService
12-15 21:59:21.731 I/hubconnection(  882): sensorhub said: 'activate 29 enable:0'
12-15 21:59:21.733 I/hubconnection(  882): sensorhub said: 'activate 30 enable:0'
12-15 21:59:21.733 I/SystemServer(  882): Account Manager
12-15 21:59:21.734 I/hubconnection(  882): sensorhub said: 'activate 31 enable:0'
12-15 21:59:21.738 I/SystemServer(  882): Content Manager
12-15 21:59:21.740 I/SystemServer(  882): System Content Providers
12-15 21:59:21.745 W/System  (  882): ClassLoader referenced unknown path: /system/priv-app/SettingsProvider/lib/arm64
12-15 21:59:21.770 I/SystemServer(  882): Vibrator Service
12-15 21:59:21.773 I/SystemServer(  882): Consumer IR Service
12-15 21:59:21.773 E/ConsumerIrService(  882): Can't open consumer IR HW Module, error: -2
12-15 21:59:21.774 I/SystemServiceManager(  882): Starting com.android.server.AlarmManagerService
12-15 21:59:21.777 D/AlarmManagerService(  882): Kernel timezone updated to -60 minutes west of GMT
12-15 21:59:21.781 I/SystemServer(  882): Init Watchdog
12-15 21:59:21.782 I/SystemServer(  882): Input Manager
12-15 21:59:21.783 I/InputManager(  882): Initializing input manager, mUseDevInputEventForAudioJack=true
12-15 21:59:21.784 I/SystemServer(  882): Window Manager
12-15 21:59:21.794 I/WindowManager(  882): No existing display settings /data/system/display_settings.xml; starting empty
12-15 21:59:21.836 I/InputManager(  882): Starting input manager
12-15 21:59:21.838 I/SystemServer(  882): Bluetooth Service
12-15 21:59:21.839 I/SystemServiceManager(  882): Starting com.android.server.BluetoothService
12-15 21:59:21.840 D/EventHub(  882): No input device configuration file found for device 'uinput-folio'.
12-15 21:59:21.840 I/EventHub(  882): New device: id=1, fd=83, path='/dev/input/event6', name='uinput-folio', classes=0x80, configuration='', keyLayout='', keyCharacterMap='', builtinKeyboard=false, wakeMechanism=EPOLLWAKEUP, usingClockIoctl=true
12-15 21:59:21.840 D/EventHub(  882): No input device configuration file found for device 'msm8994-tomtom-snd-card Headset Jack'.
12-15 21:59:21.840 I/EventHub(  882): New device: id=2, fd=84, path='/dev/input/event5', name='msm8994-tomtom-snd-card Headset Jack', classes=0x80, configuration='', keyLayout='', keyCharacterMap='', builtinKeyboard=false, wakeMechanism=EPOLLWAKEUP, usingClockIoctl=true
12-15 21:59:21.840 D/EventHub(  882): No input device configuration file found for device 'msm8994-tomtom-snd-card Button Jack'.
12-15 21:59:21.841 D/BluetoothService(  882): onStart: publishing BluetoothManagerService
12-15 21:59:21.843 I/SystemServer(  882): Input Method Service
12-15 21:59:21.847 W/EventHub(  882): Unable to disable kernel key repeat for /dev/input/event4: Function not implemented
12-15 21:59:21.847 I/EventHub(  882): New device: id=3, fd=85, path='/dev/input/event4', name='msm8994-tomtom-snd-card Button Jack', classes=0x1, configuration='', keyLayout='/system/usr/keylayout/Generic.kl', keyCharacterMap='/system/usr/keychars/Generic.kcm', builtinKeyboard=false, wakeMechanism=EPOLLWAKEUP, usingClockIoctl=true
12-15 21:59:21.848 D/EventHub(  882): No input device configuration file found for device 'qpnp_pon'.
12-15 21:59:21.851 W/EventHub(  882): Unable to disable kernel key repeat for /dev/input/event2: Function not implemented
12-15 21:59:21.851 I/EventHub(  882): New device: id=4, fd=86, path='/dev/input/event2', name='qpnp_pon', classes=0x1, configuration='', keyLayout='/system/usr/keylayout/qpnp_pon.kl', keyCharacterMap='/system/usr/keychars/Generic.kcm', builtinKeyboard=false, wakeMechanism=EPOLLWAKEUP, usingClockIoctl=true
12-15 21:59:21.851 D/EventHub(  882): No input device configuration file found for device 'STM VL6180 proximity sensor'.
12-15 21:59:21.879 I/SystemServer(  882): Accessibility Manager
12-15 21:59:21.884 D/EventHub(  882): No input device configuration file found for device 'gpio-keys'.
12-15 21:59:21.885 I/ActivityManager(  882): Config changes=1df8 {1.0 ?mcc?mnc de_DE ldltr sw411dp w411dp h731dp 420dpi nrml long port ?uimode ?night -touch -keyb/v/h -nav/h s.2}
12-15 21:59:21.888 W/EventHub(  882): Unable to disable kernel key repeat for /dev/input/event3: Function not implemented
12-15 21:59:21.888 I/EventHub(  882): New device: id=6, fd=93, path='/dev/input/event3', name='gpio-keys', classes=0x1, configuration='', keyLayout='/system/usr/keylayout/gpio-keys.kl', keyCharacterMap='/system/usr/keychars/Generic.kcm', builtinKeyboard=false, wakeMechanism=EPOLLWAKEUP, usingClockIoctl=true
12-15 21:59:21.889 I/EventHub(  882): New device: id=7, fd=92, path='/dev/input/event0', name='synaptics_rmi4_i2c', classes=0x14, configuration='/system/usr/idc/synaptics_rmi4_i2c.idc', keyLayout='', keyCharacterMap='', builtinKeyboard=false, wakeMechanism=EPOLLWAKEUP, usingClockIoctl=true
12-15 21:59:21.894 I/InputReader(  882): Device added: id=-1, name='Virtual', sources=0x00000301
12-15 21:59:21.895 I/InputReader(  882):   Touch device 'synaptics_rmi4_i2c' could not query the properties of its associated display.  The device will be inoperable until the display size becomes available.
12-15 21:59:21.895 I/InputReader(  882): Device added: id=7, name='synaptics_rmi4_i2c', sources=0x00001002
12-15 21:59:21.895 I/InputReader(  882): Device added: id=6, name='gpio-keys', sources=0x00000101
12-15 21:59:21.895 I/InputReader(  882): Device added: id=4, name='qpnp_pon', sources=0x00000101
12-15 21:59:21.895 I/InputReader(  882): Device added: id=3, name='msm8994-tomtom-snd-card Button Jack', sources=0x00000101
12-15 21:59:21.895 I/InputReader(  882): Device added: id=2, name='msm8994-tomtom-snd-card Headset Jack', sources=0x80000000
12-15 21:59:21.895 I/InputReader(  882): Device added: id=1, name='uinput-folio', sources=0x80000000
12-15 21:59:21.896 I/InputReader(  882): Reconfiguring input devices.  changes=0x00000004
12-15 21:59:21.896 I/InputReader(  882): Device reconfigured: id=7, name='synaptics_rmi4_i2c', size 1080x1920, orientation 0, mode 1, display id 0
12-15 21:59:21.905 I/ActivityManager(  882): Config changes=508 {1.0 ?mcc?mnc de_DE ldltr sw411dp w411dp h659dp 420dpi nrml port ?uimode ?night finger -keyb/v/h -nav/h s.3}
12-15 21:59:21.906 I/SystemServiceManager(  882): Starting com.android.server.MountService$Lifecycle
12-15 21:59:21.913 D/MountService(  882): Thinking about reset, mSystemReady=false, mDaemonConnected=true
12-15 21:59:21.913 D/MountService(  882): Thinking about reset, mSystemReady=false, mDaemonConnected=true
12-15 21:59:21.914 I/SystemServiceManager(  882): Starting com.android.server.UiModeManagerService
12-15 21:59:21.916 D/CryptdConnector(  882): SND -> {1 cryptfs getfield SystemLocale}
12-15 21:59:21.916 I/Ext4Crypt(  338): ext4 crypto complete called on /data
12-15 21:59:21.916 I/Ext4Crypt(  338): No master key, so not ext4enc
12-15 21:59:21.917 I/ActivityManager(  882): Config changes=200 {1.0 ?mcc?mnc de_DE ldltr sw411dp w411dp h659dp 420dpi nrml port finger -keyb/v/h -nav/h s.4}
12-15 21:59:21.919 D/CryptdConnector(  882): RCV <- {113 1 de-DE}
12-15 21:59:21.919 D/CryptdConnector(  882): RCV <- {200 1 0}
12-15 21:59:21.920 D/MountService(  882): Got locale de-DE from mount service
12-15 21:59:21.921 I/SystemServer(  882): LockSettingsService
12-15 21:59:21.921 D/MountService(  882): Setting system properties to de-DE from mount service
12-15 21:59:21.928 I/SystemServiceManager(  882): Starting com.android.server.PersistentDataBlockService
12-15 21:59:21.929 W/MountService(  882): No primary storage mounted!
12-15 21:59:21.929 D/VoldConnector(  882): SND -> {1 asec list}
12-15 21:59:21.931 D/VoldConnector(  882): RCV <- {200 1 asec operation succeeded}
12-15 21:59:21.932 I/PackageManager(  882): No secure containers found
12-15 21:59:21.932 W/PackageManager(  882): Not granting permission android.permission.MANAGE_DOCUMENTS to package com.google.android.youtube (protectionLevel=2 flags=0x38583e45)
12-15 21:59:21.932 W/PackageManager(  882): Not granting permission com.google.android.googleapps.permission.GOOGLE_AUTH to package com.google.android.youtube (protectionLevel=2 flags=0x38583e45)
12-15 21:59:21.932 W/PackageManager(  882): Not granting permission com.google.android.googleapps.permission.GOOGLE_AUTH.youtube to package com.google.android.youtube (protectionLevel=2 flags=0x38583e45)
12-15 21:59:21.932 W/PackageManager(  882): Not granting permission com.google.android.googleapps.permission.GOOGLE_AUTH.YouTubeUser to package com.google.android.youtube (protectionLevel=2 flags=0x38583e45)
12-15 21:59:21.933 W/PackageManager(  882): Unknown permission com.google.android.voicesearch.SHORTCUTS_ACCESS in package com.google.android.googlequicksearchbox
12-15 21:59:21.933 W/PackageManager(  882): Unknown permission com.google.android.voicesearch.ACCESS_SETTINGS in package com.google.android.googlequicksearchbox
12-15 21:59:21.933 W/PackageManager(  882): Unknown permission com.android.browser.permission.PRELOAD in package com.google.android.googlequicksearchbox
12-15 21:59:21.933 W/PackageManager(  882): Unknown permission com.google.android.ears.permission.WRITE in package com.google.android.googlequicksearchbox
12-15 21:59:21.933 W/PackageManager(  882): Unknown permission com.google.android.apps.googlevoice.permission.AUTO_SEND in package com.google.android.googlequicksearchbox
12-15 21:59:21.933 W/PackageManager(  882): Unknown permission com.android.chrome.PRERENDER_URL in package com.google.android.googlequicksearchbox
12-15 21:59:21.933 W/PackageManager(  882): Not granting permission com.google.android.googleapps.permission.GOOGLE_AUTH to package com.android.providers.calendar (protectionLevel=2 flags=0x30083e45)
12-15 21:59:21.933 W/PackageManager(  882): Not granting permission com.google.android.googleapps.permission.GOOGLE_AUTH.cl to package com.android.providers.calendar (protectionLevel=2 flags=0x30083e45)
12-15 21:59:21.933 W/PackageManager(  882): Unknown permission com.android.nfc.permission.NFCEE_ADMIN in package org.simalliance.openmobileapi.service
12-15 21:59:21.934 W/PackageManager(  882): Not granting permission android.permission.WRITE_SECURE_SETTINGS to package com.google.android.apps.enterprise.dmagent (protectionLevel=50 flags=0x38083e05)
12-15 21:59:21.934 W/PackageManager(  882): Not granting permission android.permission.CONNECTIVITY_INTERNAL to package com.google.android.apps.enterprise.dmagent (protectionLevel=18 flags=0x38083e05)
12-15 21:59:21.934 W/PackageManager(  882): Not granting permission android.permission.MANAGE_USB to package com.google.android.apps.enterprise.dmagent (protectionLevel=18 flags=0x38083e05)
12-15 21:59:21.934 W/PackageManager(  882): Not granting permission android.permission.CHANGE_COMPONENT_ENABLED_STATE to package com.google.android.apps.enterprise.dmagent (protectionLevel=18 flags=0x38083e05)
12-15 21:59:21.934 W/PackageManager(  882): Not granting permission android.permission.MANAGE_CA_CERTIFICATES to package com.google.android.apps.enterprise.dmagent (protectionLevel=18 flags=0x38083e05)
12-15 21:59:21.934 W/PackageManager(  882): Not granting permission android.permission.MANAGE_USERS to package com.google.android.apps.enterprise.dmagent (protectionLevel=18 flags=0x38083e05)
12-15 21:59:21.934 W/PackageManager(  882): Not granting permission android.permission.SEND_DOWNLOAD_COMPLETED_INTENTS to package com.android.vending (protectionLevel=2 flags=0x384abe45)
12-15 21:59:21.934 W/PackageManager(  882): Unknown permission android.permission.SEND_SMS_NO_CONFIRMATION in package com.android.vending
12-15 21:59:21.935 W/PackageManager(  882): Unknown permission android.permission.NFC_TRANSACTION in package at.psa.app.bankaustria
12-15 21:59:21.935 W/PackageManager(  882): Unknown permission android.permission.SMARTCARD in package at.psa.app.bankaustria
12-15 21:59:21.935 W/PackageManager(  882): Unknown permission com.rise.world.apps.ipc.permission.SMCC in package at.psa.app.bankaustria
