12-15 21:18:58.901 E/mm-camera(  549): c2d_port_check_caps_unreserve:193, identity=0x1000f, unreserved
12-15 21:18:58.901 E/mm-camera(  549): c2d_port_check_caps_unreserve:183, identity=0x1000f
12-15 21:18:58.901 E/mm-camera(  549): c2d_port_check_caps_unreserve:193, identity=0x1000f, unreserved
12-15 21:18:58.901 E/mm-camera(  549): cpp_port_check_caps_unreserve:164, identity=0x1000f
12-15 21:18:58.901 E/mm-camera(  549): cpp_port_check_caps_unreserve:174, identity=0x1000f, unreserved
12-15 21:18:58.901 E/mm-camera(  549): cpp_port_check_caps_unreserve:164, identity=0x1000f
12-15 21:18:58.901 E/mm-camera(  549): cpp_port_check_caps_unreserve:174, identity=0x1000f, unreserved
12-15 21:18:58.901 E/mm-camera(  549): q3a_thread_af_stop:672  q3a_thread_af_stop:672 MSG_STOP_THREAD
12-15 21:18:58.902 D/mm-camera(  549): stats_port_delete_reserved_stream:2340: going to NULL peer
12-15 21:18:58.903 E/mm-camera-isp2(  549): isp_module_stop_session:437 session id 1
12-15 21:18:58.905 E/mm-camera(  549): cpp_module_stop_session:536, info: stopping session 1 ...
12-15 21:18:58.905 E/mm-camera(  549): cpp_thread_process_pipe_message:581, CPP_THREAD_MSG_ABORT: cpp_thread exiting..
12-15 21:18:58.907 E/mm-camera(  549): module_faceproc_stop_session:1804] session cnt 1
12-15 21:18:58.909 E/mm-camera(  549): cpp_module_stop_session:585, info: session 1 stopped.
12-15 21:18:58.909 E/mm-camera(  549): c2d_module_stop_session:354, info: stopping session 1 ...
12-15 21:18:58.909 E/mm-camera(  549): c2d_thread_process_pipe_message:830, C2D_THREAD_MSG_ABORT: c2d_thread exiting..
12-15 21:18:58.911 E/mm-camera(  549): c2d_module_stop_session:399, info: session 1 stopped.
12-15 21:18:58.913 E/cac2    (  549):  [cac2latency] cac2_destroy_buffers: 0 ms 
12-15 21:18:58.921 D/QCamera3HWI(  485): int qcamera::lookupFwkName(const mapType*, size_t, halType) [with halType = cam_effect_mode_type; mapType = qcamera::QCamera3HardwareInterface::QCameraMap<camera_metadata_enum_android_control_effect_mode, cam_effect_mode_type>; size_t = unsigned int]: Cannot find matching framework type
12-15 21:18:58.921 D/QCamera3HWI(  485): int qcamera::lookupFwkName(const mapType*, size_t, halType) [with halType = cam_effect_mode_type; mapType = qcamera::QCamera3HardwareInterface::QCameraMap<camera_metadata_enum_android_control_effect_mode, cam_effect_mode_type>; size_t = unsigned int]: Cannot find matching framework type
12-15 21:18:58.921 D/QCamera3HWI(  485): int qcamera::lookupFwkName(const mapType*, size_t, halType) [with halType = cam_effect_mode_type; mapType = qcamera::QCamera3HardwareInterface::QCameraMap<camera_metadata_enum_android_control_effect_mode, cam_effect_mode_type>; size_t = unsigned int]: Cannot find matching framework type
12-15 21:18:58.921 D/QCamera3HWI(  485): int qcamera::lookupFwkName(const mapType*, size_t, halType) [with halType = cam_scene_mode_type; mapType = qcamera::QCamera3HardwareInterface::QCameraMap<camera_metadata_enum_android_control_scene_mode, cam_scene_mode_type>; size_t = unsigned int]: Cannot find matching framework type
12-15 21:18:58.921 D/QCamera3HWI(  485): int qcamera::lookupFwkName(const mapType*, size_t, halType) [with halType = cam_scene_mode_type; mapType = qcamera::QCamera3HardwareInterface::QCameraMap<camera_metadata_enum_android_control_scene_mode, cam_scene_mode_type>; size_t = unsigned int]: Cannot find matching framework type
12-15 21:18:58.921 D/QCamera3HWI(  485): int qcamera::lookupFwkName(const mapType*, size_t, halType) [with halType = cam_scene_mode_type; mapType = qcamera::QCamera3HardwareInterface::QCameraMap<camera_metadata_enum_android_control_scene_mode, cam_scene_mode_type>; size_t = unsigned int]: Cannot find matching framework type
12-15 21:18:58.921 D/QCamera3HWI(  485): int qcamera::lookupFwkName(const mapType*, size_t, halType) [with halType = cam_scene_mode_type; mapType = qcamera::QCamera3HardwareInterface::QCameraMap<camera_metadata_enum_android_control_scene_mode, cam_scene_mode_type>; size_t = unsigned int]: Cannot find matching framework type
12-15 21:18:58.921 D/QCamera3HWI(  485): int qcamera::lookupFwkName(const mapType*, size_t, halType) [with halType = cam_focus_mode_type; mapType = qcamera::QCamera3HardwareInterface::QCameraMap<camera_metadata_enum_android_control_af_mode, cam_focus_mode_type>; size_t = unsigned int]: Cannot find matching framework type
12-15 21:18:58.921 D/QCamera3HWI(  485): int qcamera::lookupFwkName(const mapType*, size_t, halType) [with halType = cam_focus_mode_type; mapType = qcamera::QCamera3HardwareInterface::QCameraMap<camera_metadata_enum_android_control_af_mode, cam_focus_mode_type>; size_t = unsigned int]: Cannot find matching framework type
12-15 21:18:58.921 D/QCamera3HWI(  485): int qcamera::lookupFwkName(const mapType*, size_t, halType) [with halType = cam_wb_mode_type; mapType = qcamera::QCamera3HardwareInterface::QCameraMap<camera_metadata_enum_android_control_awb_mode, cam_wb_mode_type>; size_t = unsigned int]: Cannot find matching framework type
12-15 21:18:58.921 D/QCamera3HWI(  485): int qcamera::lookupFwkName(const mapType*, size_t, halType) [with halType = cam_wb_mode_type; mapType = qcamera::QCamera3HardwareInterface::QCameraMap<camera_metadata_enum_android_control_awb_mode, cam_wb_mode_type>; size_t = unsigned int]: Cannot find matching framework type
12-15 21:18:58.922 E/Camera2-Metadata(  485): Update metadata entry: Unknown tag -2147352575
12-15 21:18:58.922 E/Camera2-Metadata(  485): Update metadata entry: Unknown tag -2147352576
12-15 21:18:58.922 I/QCamera3HWI(  485): static int qcamera::QCamera3HardwareInterface::getCamInfo(uint32_t, camera_info*): camera 0 resource cost is 100
12-15 21:18:58.937 E/mm-camera(  549): q3a_port_init:1753  q3a_port_init: 3A VERSION --> 4.1.0.r9
12-15 21:18:58.938 E/mm-camera-img(  549): module_imglib_start_session:1778 ###Img_Loglevel 1
12-15 21:18:58.940 E/mm-camera-isp2(  549): isp_module_start_session:360 num_session_opened 1
12-15 21:18:58.949 E/libaprpmem(  549): 
12-15 21:18:58.949 E/libaprpmem(  549):  Ion allocation success virtaddr : ret=4033892352 fd=38 heapid=33554432
12-15 21:18:58.952 E/libaprpmem(  549): 
12-15 21:18:58.952 E/libaprpmem(  549):  Ion allocation success virtaddr : ret=4029923328 fd=41 heapid=33554432
12-15 21:18:58.956 E/libaprpmem(  549): 
12-15 21:18:58.956 E/libaprpmem(  549):  Ion allocation success virtaddr : ret=4021985280 fd=42 heapid=33554432
12-15 21:18:58.960 E/libaprpmem(  549): 
12-15 21:18:58.960 E/libaprpmem(  549):  Ion allocation success virtaddr : ret=4017803264 fd=43 heapid=33554432
12-15 21:18:58.965 E/libaprpmem(  549): 
12-15 21:18:58.965 E/libaprpmem(  549):  Ion allocation success virtaddr : ret=4009439232 fd=44 heapid=33554432
12-15 21:18:58.970 E/libaprpmem(  549): 
12-15 21:18:58.970 E/libaprpmem(  549):  Ion allocation success virtaddr : ret=4005257216 fd=45 heapid=33554432
12-15 21:18:58.972 E/libaprpmem(  549): 
12-15 21:18:58.972 E/libaprpmem(  549):  Ion allocation success virtaddr : ret=4001075200 fd=46 heapid=33554432
12-15 21:18:58.985 W/PackageParser(  880): Ignoring duplicate uses-permissions/uses-permissions-sdk-m: android.permission.ACCESS_NETWORK_STATE in package: com.google.android.inputmethod.japanese at: Binary XML file line #26
12-15 21:18:58.985 W/PackageParser(  880): Ignoring duplicate uses-permissions/uses-permissions-sdk-m: android.permission.INTERNET in package: com.google.android.inputmethod.japanese at: Binary XML file line #27
12-15 21:18:58.992 E/mm-camera(  549): mct: mct_pipeline_start_stream_internal: Adding session stream streamid= 0xf for session=2
12-15 21:18:58.993 E/mm-camera(  549): mct: mct_pipeline_start_stream_internal:Linking session stream for session 2
12-15 21:18:58.993 E/mm-camera-sensor(  549): port_sensor_caps_reserve:86session id doesn't match
12-15 21:18:58.993 E/mm-camera-sensor(  549): port_sensor_caps_reserve:86session id doesn't match
12-15 21:18:58.993 E/mm-camera(  549): iface_util_find_primary_cid:84 error cannot find primary sensor format cids 1
12-15 21:18:58.996 E/mm-camera(  549): mct: mct_pipeline_start_stream_internal:Session stream linked successfully session 2
12-15 21:18:58.996 E/mm-camera(  549): module_sensor_query_mod:5580led flash is not supported for this sensor.
12-15 21:18:58.996 E/mm-camera-isp2(  549): isp_resource_query_mod:145 num_isp_preallocate 0 num_session_opened 1 dual_vfe_enabled 0
12-15 21:18:58.996 E/mm-camera(  549): module_faceproc_query_mod:1916] Caps ROI 10 scene_mode_cnt 1 HW analysis supported 0
12-15 21:18:58.996 E/mm-camera(  549): mct: mct_pipeline_populate_query_cap_buffer: 3A VERSION:: 4.1.0.r9
12-15 21:18:58.997 E/mm-camera(  549): mct: mct_pipeline_process_set:2298: Couldn't find stream id: 0
12-15 21:18:58.999 E/mm-camera(  549): port_iface_ext_unlink_func: E, identity = 0x2000f, port = 0xf4e96c00, direction = 2
12-15 21:18:58.999 E/mm-camera(  549): port_iface_check_caps_unreserve_func:  E, identity = 0x2000f, port = 0xf4e96c00, direction = 2
12-15 21:18:58.999 E/mm-camera(  549): iface_unreserve_sink_port: stream_id f mode 0 
12-15 21:18:58.999 E/mm-camera(  549): port_iface_ext_unlink_func: E, identity = 0x2000f, port = 0xf4e96f00, direction = 1
12-15 21:18:58.999 E/mm-camera(  549): iface_ext_unlink_src_port: mct stream already removed from hw stream
12-15 21:18:58.999 E/mm-camera(  549): port_iface_check_caps_unreserve_func:  E, identity = 0x2000f, port = 0xf4e96f00, direction = 1
12-15 21:18:58.999 E/mm-camera(  549): isp_port_check_caps_unreserve:844 ide 2000f port 0xf4d7abe0
12-15 21:18:58.999 E/mm-camera(  549): c2d_port_check_caps_unreserve:183, identity=0x2000f
12-15 21:18:58.999 E/mm-camera(  549): c2d_port_check_caps_unreserve:193, identity=0x2000f, unreserved
12-15 21:18:58.999 E/mm-camera(  549): c2d_port_check_caps_unreserve:183, identity=0x2000f
12-15 21:18:58.999 E/mm-camera(  549): c2d_port_check_caps_unreserve:193, identity=0x2000f, unreserved
12-15 21:18:58.999 E/mm-camera(  549): cpp_port_check_caps_unreserve:164, identity=0x2000f
12-15 21:18:58.999 E/mm-camera(  549): cpp_port_check_caps_unreserve:174, identity=0x2000f, unreserved
12-15 21:18:58.999 E/mm-camera(  549): cpp_port_check_caps_unreserve:164, identity=0x2000f
12-15 21:18:58.999 E/mm-camera(  549): cpp_port_check_caps_unreserve:174, identity=0x2000f, unreserved
12-15 21:18:59.000 E/mm-camera(  549): q3a_thread_af_stop:672  q3a_thread_af_stop:672 MSG_STOP_THREAD
12-15 21:18:59.000 D/mm-camera(  549): stats_port_delete_reserved_stream:2340: going to NULL peer
12-15 21:18:59.004 E/mm-camera-isp2(  549): isp_module_stop_session:437 session id 2
12-15 21:18:59.007 E/mm-camera(  549): cpp_module_stop_session:536, info: stopping session 2 ...
12-15 21:18:59.008 E/mm-camera(  549): cpp_thread_process_pipe_message:581, CPP_THREAD_MSG_ABORT: cpp_thread exiting..
12-15 21:18:59.011 E/mm-camera(  549): module_faceproc_stop_session:1804] session cnt 1
12-15 21:18:59.011 E/mm-camera(  549): cpp_module_stop_session:585, info: session 2 stopped.
12-15 21:18:59.011 E/mm-camera(  549): c2d_module_stop_session:354, info: stopping session 2 ...
12-15 21:18:59.011 E/mm-camera(  549): c2d_thread_process_pipe_message:830, C2D_THREAD_MSG_ABORT: c2d_thread exiting..
12-15 21:18:59.013 E/mm-camera(  549): c2d_module_stop_session:399, info: session 2 stopped.
12-15 21:18:59.015 E/cac2    (  549):  [cac2latency] cac2_destroy_buffers: 0 ms 
12-15 21:18:59.027 D/QCamera3HWI(  485): int qcamera::lookupFwkName(const mapType*, size_t, halType) [with halType = cam_effect_mode_type; mapType = qcamera::QCamera3HardwareInterface::QCameraMap<camera_metadata_enum_android_control_effect_mode, cam_effect_mode_type>; size_t = unsigned int]: Cannot find matching framework type
12-15 21:18:59.027 D/QCamera3HWI(  485): int qcamera::lookupFwkName(const mapType*, size_t, halType) [with halType = cam_effect_mode_type; mapType = qcamera::QCamera3HardwareInterface::QCameraMap<camera_metadata_enum_android_control_effect_mode, cam_effect_mode_type>; size_t = unsigned int]: Cannot find matching framework type
12-15 21:18:59.027 D/QCamera3HWI(  485): int qcamera::lookupFwkName(const mapType*, size_t, halType) [with halType = cam_effect_mode_type; mapType = qcamera::QCamera3HardwareInterface::QCameraMap<camera_metadata_enum_android_control_effect_mode, cam_effect_mode_type>; size_t = unsigned int]: Cannot find matching framework type
12-15 21:18:59.028 D/QCamera3HWI(  485): int qcamera::lookupFwkName(const mapType*, size_t, halType) [with halType = cam_scene_mode_type; mapType = qcamera::QCamera3HardwareInterface::QCameraMap<camera_metadata_enum_android_control_scene_mode, cam_scene_mode_type>; size_t = unsigned int]: Cannot find matching framework type
12-15 21:18:59.028 D/QCamera3HWI(  485): int qcamera::lookupFwkName(const mapType*, size_t, halType) [with halType = cam_scene_mode_type; mapType = qcamera::QCamera3HardwareInterface::QCameraMap<camera_metadata_enum_android_control_scene_mode, cam_scene_mode_type>; size_t = unsigned int]: Cannot find matching framework type
12-15 21:18:59.028 D/QCamera3HWI(  485): int qcamera::lookupFwkName(const mapType*, size_t, halType) [with halType = cam_scene_mode_type; mapType = qcamera::QCamera3HardwareInterface::QCameraMap<camera_metadata_enum_android_control_scene_mode, cam_scene_mode_type>; size_t = unsigned int]: Cannot find matching framework type
12-15 21:18:59.028 D/QCamera3HWI(  485): int qcamera::lookupFwkName(const mapType*, size_t, halType) [with halType = cam_scene_mode_type; mapType = qcamera::QCamera3HardwareInterface::QCameraMap<camera_metadata_enum_android_control_scene_mode, cam_scene_mode_type>; size_t = unsigned int]: Cannot find matching framework type
12-15 21:18:59.028 D/QCamera3HWI(  485): int qcamera::lookupFwkName(const mapType*, size_t, halType) [with halType = cam_wb_mode_type; mapType = qcamera::QCamera3HardwareInterface::QCameraMap<camera_metadata_enum_android_control_awb_mode, cam_wb_mode_type>; size_t = unsigned int]: Cannot find matching framework type
12-15 21:18:59.028 D/QCamera3HWI(  485): int qcamera::lookupFwkName(const mapType*, size_t, halType) [with halType = cam_wb_mode_type; mapType = qcamera::QCamera3HardwareInterface::QCameraMap<camera_metadata_enum_android_control_awb_mode, cam_wb_mode_type>; size_t = unsigned int]: Cannot find matching framework type
12-15 21:18:59.028 E/Camera2-Metadata(  485): Update metadata entry: Unknown tag -2147352575
12-15 21:18:59.028 E/Camera2-Metadata(  485): Update metadata entry: Unknown tag -2147352576
12-15 21:18:59.029 I/QCamera3HWI(  485): static int qcamera::QCamera3HardwareInterface::getCamInfo(uint32_t, camera_info*): camera 1 resource cost is 77
12-15 21:18:59.029 I/CameraService(  485): Loaded "QCamera Module" camera module
12-15 21:18:59.029 I/QCamera3HWI(  485): static int qcamera::QCamera3HardwareInterface::getCamInfo(uint32_t, camera_info*): camera 0 resource cost is 100
12-15 21:18:59.029 I/QCamera3HWI(  485): static int qcamera::QCamera3HardwareInterface::getCamInfo(uint32_t, camera_info*): camera 1 resource cost is 77
12-15 21:18:59.030 I/ServiceManager(  485): Waiting for service media.camera.proxy...
12-15 21:18:59.147 E/slim_daemon(  579): [NDK] bindNDKSensors: Sensor server is unavailable.
12-15 21:18:59.153 W/PackageParser(  880): Ignoring duplicate uses-permissions/uses-permissions-sdk-m: android.permission.INTERNET in package: com.google.android.talk at: Binary XML file line #161
12-15 21:18:59.154 W/PackageParser(  880): Ignoring duplicate uses-permissions/uses-permissions-sdk-m: android.permission.USE_CREDENTIALS in package: com.google.android.talk at: Binary XML file line #164
12-15 21:18:59.154 W/PackageParser(  880): Ignoring duplicate uses-permissions/uses-permissions-sdk-m: android.permission.ACCESS_NETWORK_STATE in package: com.google.android.talk at: Binary XML file line #166
12-15 21:18:59.194 I/ServiceManager(  550): Waiting for service AtCmdFwd...
12-15 21:18:59.396 D/vold    (  337): Disk at 253:0 changed
12-15 21:18:59.459 W/PackageParser(  880): Ignoring duplicate uses-permissions/uses-permissions-sdk-m: android.permission.WAKE_LOCK in package: com.google.android.apps.maps at: Binary XML file line #95
12-15 21:18:59.688 W/PackageParser(  880): Ignoring duplicate uses-permissions/uses-permissions-sdk-m: android.permission.CHANGE_WIFI_STATE in package: com.android.nfc at: Binary XML file line #47
12-15 21:18:59.688 W/PackageParser(  880): Ignoring duplicate uses-permissions/uses-permissions-sdk-m: android.permission.ACCESS_WIFI_STATE in package: com.android.nfc at: Binary XML file line #48
12-15 21:18:59.777 W/PackageParser(  880): Problem in package /system/app/Photos/Photos.apk:
12-15 21:18:59.777 W/PackageParser(  880): Unknown element under <activity>: category at /system/app/Photos/Photos.apk Binary XML file line #649
12-15 21:18:59.778 I/MSM-irqbalance(  371): Discovered a new IRQ: 81
12-15 21:18:59.825 W/PackageManager(  880): Permission com.google.android.apps.photos.permission.GOOGLE_PHOTOS_PROVIDER from package com.google.android.apps.photos in an unknown group android.permission-group.PERSONAL_INFO
12-15 21:19:00.030 I/ServiceManager(  485): Waiting for service media.camera.proxy...
12-15 21:19:00.121 W/PackageManager(  880): Permission com.google.android.gm.email.permission.READ_ATTACHMENT from package com.google.android.gm in an unknown group android.permission-group.MESSAGES
12-15 21:19:00.121 W/PackageManager(  880): Permission com.google.android.gm.permission.READ_GMAIL from package com.google.android.gm in an unknown group android.permission-group.MESSAGES
12-15 21:19:00.121 W/PackageManager(  880): Permission com.google.android.gm.permission.WRITE_GMAIL from package com.google.android.gm in an unknown group android.permission-group.MESSAGES
12-15 21:19:00.121 W/PackageManager(  880): Permission com.google.android.gm.permission.AUTO_SEND from package com.google.android.gm in an unknown group android.permission-group.MESSAGES
12-15 21:19:00.121 W/PackageManager(  880): Permission com.google.android.gm.permission.READ_CONTENT_PROVIDER from package com.google.android.gm in an unknown group android.permission-group.MESSAGES
12-15 21:19:00.148 E/slim_daemon(  579): [NDK] bindNDKSensors: Sensor server is unavailable.
12-15 21:19:00.194 I/ServiceManager(  550): Waiting for service AtCmdFwd...
12-15 21:19:00.284 W/PackageParser(  880): Ignoring duplicate uses-permissions/uses-permissions-sdk-m: android.permission.READ_PHONE_STATE in package: com.google.android.videos at: Binary XML file line #7
12-15 21:19:00.573 D/PackageManager(  880): No files in app dir /oem/app
12-15 21:19:00.614 I/SELinux (  880): SELinux: Loaded file_contexts contexts from /file_contexts.
12-15 21:19:00.626 D/PackageManager(  880): No files in app dir /data/app-private
12-15 21:19:00.627 W/PackageManager(  880): Package com.google.android.gms desires unavailable shared library com.google.android.ble; ignoring!
12-15 21:19:00.627 W/PackageManager(  880): Package com.google.android.GoogleCamera desires unavailable shared library com.google.android.gestureservice; ignoring!
12-15 21:19:00.627 W/PackageManager(  880): Package com.google.android.GoogleCamera desires unavailable shared library com.google.android.camera2; ignoring!
12-15 21:19:00.627 I/PackageManager(  880): Adjusting ABI for : com.google.android.gsf.login to arm64-v8a
12-15 21:19:00.628 I/PackageManager(  880): Adjusting ABI for : com.google.android.backuptransport to arm64-v8a
12-15 21:19:00.628 I/PackageManager(  880): Adjusting ABI for : com.google.android.gsf to arm64-v8a
12-15 21:19:00.629 I/PackageManager(  880): Adjusting ABI for : com.android.server.telecom to arm64-v8a
12-15 21:19:00.630 I/PackageManager(  880): Adjusting ABI for : com.qualcomm.timeservice to arm64-v8a
12-15 21:19:00.630 I/PackageManager(  880): Adjusting ABI for : com.qualcomm.atfwd to arm64-v8a
12-15 21:19:00.630 I/PackageManager(  880): Adjusting ABI for : com.android.settings to arm64-v8a
12-15 21:19:00.631 I/PackageManager(  880): Adjusting ABI for : com.android.inputdevices to arm64-v8a
12-15 21:19:00.631 I/PackageManager(  880): Adjusting ABI for : com.android.keychain to arm64-v8a
12-15 21:19:00.632 I/PackageManager(  880): Adjusting ABI for : com.lge.HiddenMenu to arm64-v8a
12-15 21:19:00.632 I/PackageManager(  880): Adjusting ABI for : com.quicinc.cne.CNEService to arm64-v8a
12-15 21:19:00.633 I/PackageManager(  880): Adjusting ABI for : com.android.providers.settings to arm64-v8a
12-15 21:19:00.633 I/PackageManager(  880): Adjusting ABI for : com.android.location.fused to arm64-v8a
12-15 21:19:00.634 I/PackageManager(  880): Adjusting ABI for : com.android.sdm.plugins.dcmo to arm64-v8a
12-15 21:19:00.634 I/PackageManager(  880): Adjusting ABI for : com.android.sdm.plugins.diagmon to arm64-v8a
12-15 21:19:00.635 I/PackageManager(  880): Adjusting ABI for : com.qti.qualcomm.datastatusnotification to arm64-v8a
12-15 21:19:00.635 I/PackageManager(  880): Adjusting ABI for : com.android.sdm.plugins.sprintdm to arm64-v8a
12-15 21:19:00.635 I/PackageManager(  880): Adjusting ABI for : com.android.sdm.plugins.connmo to arm64-v8a
12-15 21:19:00.635 I/PackageManager(  880): Adjusting ABI for : com.android.providers.telephony to arm64-v8a
12-15 21:19:00.635 I/PackageManager(  880): Adjusting ABI for : com.android.phone to arm64-v8a
12-15 21:19:00.636 I/PackageManager(  880): Adjusting ABI for : com.qualcomm.qti.rcsbootstraputil to arm64-v8a
12-15 21:19:00.636 I/PackageManager(  880): Adjusting ABI for : com.qualcomm.qti.rcsimsbootstraputil to arm64-v8a
12-15 21:19:00.636 I/PackageManager(  880): Adjusting ABI for : com.android.stk to arm64-v8a
12-15 21:19:00.636 I/PackageManager(  880): Adjusting ABI for : com.qualcomm.qcrilmsgtunnel to arm64-v8a
12-15 21:19:00.636 I/PackageManager(  880): Adjusting ABI for : com.android.mms.service to arm64-v8a
12-15 21:19:00.641 I/PackageManager(  880): Time to scan packages: 4.295 seconds
12-15 21:19:00.643 W/PackageManager(  880): Not granting permission android.permission.MANAGE_DOCUMENTS to package com.google.android.youtube (protectionLevel=2 flags=0x38583e45)
12-15 21:19:00.643 W/PackageManager(  880): Not granting permission com.google.android.googleapps.permission.GOOGLE_AUTH to package com.google.android.youtube (protectionLevel=2 flags=0x38583e45)
12-15 21:19:00.643 W/PackageManager(  880): Not granting permission com.google.android.googleapps.permission.GOOGLE_AUTH.youtube to package com.google.android.youtube (protectionLevel=2 flags=0x38583e45)
12-15 21:19:00.643 W/PackageManager(  880): Not granting permission com.google.android.googleapps.permission.GOOGLE_AUTH.YouTubeUser to package com.google.android.youtube (protectionLevel=2 flags=0x38583e45)
12-15 21:19:00.644 W/PackageManager(  880): Unknown permission com.google.android.voicesearch.SHORTCUTS_ACCESS in package com.google.android.googlequicksearchbox
12-15 21:19:00.644 W/PackageManager(  880): Unknown permission com.google.android.voicesearch.ACCESS_SETTINGS in package com.google.android.googlequicksearchbox
12-15 21:19:00.644 W/PackageManager(  880): Unknown permission com.android.browser.permission.PRELOAD in package com.google.android.googlequicksearchbox
12-15 21:19:00.644 W/PackageManager(  880): Unknown permission com.google.android.ears.permission.WRITE in package com.google.android.googlequicksearchbox
12-15 21:19:00.645 W/PackageManager(  880): Unknown permission com.google.android.apps.googlevoice.permission.AUTO_SEND in package com.google.android.googlequicksearchbox
12-15 21:19:00.645 W/PackageManager(  880): Unknown permission com.android.chrome.PRERENDER_URL in package com.google.android.googlequicksearchbox
12-15 21:19:00.645 W/PackageManager(  880): Not granting permission com.google.android.googleapps.permission.GOOGLE_AUTH to package com.android.providers.calendar (protectionLevel=2 flags=0x30083e45)
12-15 21:19:00.645 W/PackageManager(  880): Not granting permission com.google.android.googleapps.permission.GOOGLE_AUTH.cl to package com.android.providers.calendar (protectionLevel=2 flags=0x30083e45)
12-15 21:19:00.645 W/PackageManager(  880): Unknown permission com.android.nfc.permission.NFCEE_ADMIN in package org.simalliance.openmobileapi.service
12-15 21:19:00.646 W/PackageManager(  880): Not granting permission android.permission.WRITE_SECURE_SETTINGS to package com.google.android.apps.enterprise.dmagent (protectionLevel=50 flags=0x38083e05)
12-15 21:19:00.646 W/PackageManager(  880): Not granting permission android.permission.CONNECTIVITY_INTERNAL to package com.google.android.apps.enterprise.dmagent (protectionLevel=18 flags=0x38083e05)
12-15 21:19:00.646 W/PackageManager(  880): Not granting permission android.permission.MANAGE_USB to package com.google.android.apps.enterprise.dmagent (protectionLevel=18 flags=0x38083e05)
12-15 21:19:00.646 W/PackageManager(  880): Not granting permission android.permission.CHANGE_COMPONENT_ENABLED_STATE to package com.google.android.apps.enterprise.dmagent (protectionLevel=18 flags=0x38083e05)
12-15 21:19:00.646 W/PackageManager(  880): Not granting permission android.permission.MANAGE_CA_CERTIFICATES to package com.google.android.apps.enterprise.dmagent (protectionLevel=18 flags=0x38083e05)
12-15 21:19:00.646 W/PackageManager(  880): Not granting permission android.permission.MANAGE_USERS to package com.google.android.apps.enterprise.dmagent (protectionLevel=18 flags=0x38083e05)
12-15 21:19:00.647 W/PackageManager(  880): Not granting permission android.permission.SEND_DOWNLOAD_COMPLETED_INTENTS to package com.android.vending (protectionLevel=2 flags=0x384abe45)
12-15 21:19:00.647 W/PackageManager(  880): Unknown permission android.permission.SEND_SMS_NO_CONFIRMATION in package com.android.vending
12-15 21:19:00.647 I/PackageManager(  880): Un-granting permission android.permission.INSTALL_GRANT_RUNTIME_PERMISSIONS from package com.android.vending (protectionLevel=770 flags=0x384abe45)
12-15 21:19:00.647 I/PackageManager(  880): Un-granting permission android.permission.GRANT_RUNTIME_PERMISSIONS from package com.android.vending (protectionLevel=770 flags=0x384abe45)
12-15 21:19:00.647 I/PackageManager(  880): Un-granting permission android.permission.REVOKE_RUNTIME_PERMISSIONS from package com.android.vending (protectionLevel=770 flags=0x384abe45)
12-15 21:19:00.648 W/PackageManager(  880): Unknown permission android.permission.NFC_TRANSACTION in package at.psa.app.bankaustria
12-15 21:19:00.648 W/PackageManager(  880): Unknown permission android.permission.SMARTCARD in package at.psa.app.bankaustria
12-15 21:19:00.648 W/PackageManager(  880): Unknown permission com.rise.world.apps.ipc.permission.SMCC in package at.psa.app.bankaustria
12-15 21:19:00.648 W/PackageManager(  880): Unknown permission com.gsma.services.nfc.permission.TRANSACTION_EVENT in package at.psa.app.bankaustria
12-15 21:19:00.648 W/PackageManager(  880): Unknown permission android.permission.NFC_UNLOCK in package com.android.nfc
12-15 21:19:00.649 W/PackageManager(  880): Unknown permission com.android.launcher.permission.READ_SETTINGS in package com.google.android.launcher
12-15 21:19:00.649 W/PackageManager(  880): Unknown permission com.android.launcher.permission.WRITE_SETTINGS in package com.google.android.launcher
12-15 21:19:00.649 W/PackageManager(  880): Unknown permission com.google.android.email.permission.ACCESS_PROVIDER in package com.google.android.gm
12-15 21:19:00.649 W/PackageManager(  880): Unknown permission android.permission.READ_OWNER_DATA in package com.google.android.setupwizard
12-15 21:19:00.650 W/PackageManager(  880): Unknown permission android.permission.WRITE_OWNER_DATA in package com.google.android.setupwizard
12-15 21:19:00.650 W/PackageManager(  880): Unknown permission android.permission.WRITE_SYNC_STATS in package com.google.android.apps.docs
12-15 21:19:00.651 W/PackageManager(  880): Not granting permission android.permission.INTERACT_ACROSS_USERS to package com.google.android.syncadapters.contacts (protectionLevel=50 flags=0x38083e45)
12-15 21:19:00.651 W/PackageManager(  880): Unknown permission com.google.android.gms.permission.CONTACTS_SYNC_DELEGATION in package com.google.android.syncadapters.contacts
12-15 21:19:00.651 W/PackageManager(  880): Unknown permission com.chrome.permission.DEVICE_EXTRAS in package com.android.chrome
12-15 21:19:00.651 W/PackageManager(  880): Unknown permission com.sec.enterprise.knox.MDM_CONTENT_PROVIDER in package com.android.chrome
12-15 21:19:00.652 I/PackageManager(  880): Un-granting permission android.permission.CLEAR_APP_USER_DATA from package com.google.android.packageinstaller (protectionLevel=258 flags=0x38483e45)
12-15 21:19:00.652 I/PackageManager(  880): Un-granting permission android.permission.GRANT_RUNTIME_PERMISSIONS from package com.google.android.packageinstaller (protectionLevel=770 flags=0x38483e45)
12-15 21:19:00.652 I/PackageManager(  880): Un-granting permission android.permission.REVOKE_RUNTIME_PERMISSIONS from package com.google.android.packageinstaller (protectionLevel=770 flags=0x38483e45)
12-15 21:19:00.652 I/PackageManager(  880): Un-granting permission android.permission.INSTALL_GRANT_RUNTIME_PERMISSIONS from package com.google.android.packageinstaller (protectionLevel=770 flags=0x38483e45)
12-15 21:19:00.652 I/PackageManager(  880): Un-granting permission android.permission.INTERACT_ACROSS_USERS_FULL from package com.google.android.packageinstaller (protectionLevel=258 flags=0x38483e45)
12-15 21:19:00.652 I/PackageManager(  880): Un-granting permission android.permission.KILL_UID from package com.google.android.packageinstaller (protectionLevel=258 flags=0x38483e45)
12-15 21:19:00.653 W/PackageManager(  880): Unknown permission com.google.android.wearable.READ_SETTINGS in package com.google.android.gms
12-15 21:19:00.653 W/PackageManager(  880): Not granting permission android.permission.MANAGE_DOCUMENTS to package com.google.android.gms (protectionLevel=2 flags=0xb8483e45)
12-15 21:19:00.654 W/PackageManager(  880): Unknown permission com.android.launcher.permission.PRELOAD_WORKSPACE in package com.google.android.partnersetup
12-15 21:19:00.654 W/PackageManager(  880): Not granting permission com.google.android.googleapps.permission.GOOGLE_AUTH to package com.google.android.videos (protectionLevel=2 flags=0x38583e45)
12-15 21:19:00.654 W/PackageManager(  880): Unknown permission com.google.android.gallery3d.permission.PICASA_STORE in package com.google.android.apps.photos
12-15 21:19:00.654 W/PackageManager(  880): Not granting permission android.permission.CONTROL_KEYGUARD to package com.google.android.gsf.login (protectionLevel=2 flags=0x3048be45)
12-15 21:19:00.655 W/PackageManager(  880): Unknown permission com.android.vending.billing.IBillingAccountService.BIND2 in package com.google.android.gsf.login
12-15 21:19:00.655 W/PackageManager(  880): Unknown permission com.android.launcher.permission.READ_SETTINGS in package com.android.settings
12-15 21:19:00.655 W/PackageManager(  880): Unknown permission com.android.launcher.permission.WRITE_SETTINGS in package com.android.settings
12-15 21:19:00.656 W/PackageManager(  880): Unknown permission com.android.permission.DCMO_SETTINGS in package com.android.omadm.service
12-15 21:19:00.656 W/PackageManager(  880): Not granting permission android.permission.REGISTER_CONNECTION_MANAGER to package com.google.android.talk (protectionLevel=18 flags=0x3849be45)
12-15 21:19:00.656 W/PackageManager(  880): Unknown permission com.android.smspush.WAPPUSH_MANAGER_BIND in package com.android.phone
12-15 21:19:00.657 W/PackageManager(  880): Unknown permission com.google.android.gallery3d.permission.GALLERY_PROVIDER in package com.android.bluetooth
12-15 21:19:00.658 W/PackageManager(  880): Unknown permission com.android.gallery3d.permission.GALLERY_PROVIDER in package com.android.bluetooth
12-15 21:19:00.658 W/PackageManager(  880): Not granting permission android.permission.BIND_WALLPAPER to package com.google.android.GoogleCamera (protectionLevel=18 flags=0x30583c45)
12-15 21:19:00.658 W/PackageManager(  880): Unknown permission com.google.android.gallery3d.permission.GALLERY_PROVIDER in package com.google.android.GoogleCamera
12-15 21:19:00.726 I/art     (  880): Starting a blocking GC Explicit
12-15 21:19:00.759 I/art     (  880): Explicit concurrent mark sweep GC freed 18703(1345KB) AllocSpace objects, 2(40KB) LOS objects, 33% free, 15MB/23MB, paused 214us total 32.147ms
12-15 21:19:00.759 I/art     (  880): WaitForGcToComplete blocked for 25.050ms for cause HeapTrim
12-15 21:19:00.760 I/SystemServer(  880): User Service
12-15 21:19:00.764 I/lowmemorykiller(  365): ActivityManager connected
12-15 21:19:00.765 D/SensorService(  880): nuSensorService starting...
12-15 21:19:00.768 I/sensors (  880): open_sensors
12-15 21:19:01.031 I/ServiceManager(  485): Waiting for service media.camera.proxy...
12-15 21:19:01.148 E/slim_daemon(  579): [NDK] bindNDKSensors: Sensor server is unavailable.
12-15 21:19:01.195 I/ServiceManager(  550): Waiting for service AtCmdFwd...
12-15 21:19:02.032 I/ServiceManager(  485): Waiting for service media.camera.proxy...
12-15 21:19:02.150 E/slim_daemon(  579): [NDK] bindNDKSensors: Sensor server is unavailable.
12-15 21:19:02.195 W/Atfwd_Sendcmd(  550): AtCmdFwd service not published, waiting... retryCnt : 1
12-15 21:19:02.828 I/hubconnection(  880): sensorhub said: 'Hello, world!'
12-15 21:19:02.829 I/hubconnection(  880): sensorhub said: 'Found Bosch BMP280 Pressure/Temperature Sensor'
12-15 21:19:02.829 I/hubconnection(  880): sensorhub said: 'Found Rohm RPR-0521 Proximity/ALS Sensor'
12-15 21:19:02.829 I/hubconnection(  880): sensorhub said: 'Found Bosch BMI160 Accel/Gyro Sensor'
12-15 21:19:02.829 I/sensors (  880): get_sensors_list
12-15 21:19:02.829 I/sensors (  880): activate
12-15 21:19:02.830 I/sensors (  880): activate
12-15 21:19:02.830 I/sensors (  880): activate
12-15 21:19:02.830 I/sensors (  880): activate
12-15 21:19:02.830 I/sensors (  880): activate
12-15 21:19:02.830 I/sensors (  880): activate
12-15 21:19:02.830 I/sensors (  880): activate
12-15 21:19:02.830 I/sensors (  880): activate
12-15 21:19:02.831 I/sensors (  880): activate
12-15 21:19:02.831 I/sensors (  880): activate
12-15 21:19:02.831 I/sensors (  880): activate
12-15 21:19:02.831 I/sensors (  880): activate
12-15 21:19:02.831 I/sensors (  880): activate
12-15 21:19:02.831 I/sensors (  880): activate
12-15 21:19:02.831 I/sensors (  880): activate
12-15 21:19:02.831 I/sensors (  880): activate
12-15 21:19:02.831 I/sensors (  880): activate
12-15 21:19:02.831 I/sensors (  880): activate
12-15 21:19:02.831 I/sensors (  880): activate
12-15 21:19:02.831 I/sensors (  880): activate
12-15 21:19:02.832 I/sensors (  880): activate
12-15 21:19:02.832 I/sensors (  880): activate
12-15 21:19:02.832 I/sensors (  880): activate
12-15 21:19:02.832 I/sensors (  880): activate
12-15 21:19:02.832 I/sensors (  880): get_sensors_list
12-15 21:19:02.832 I/sensors (  880): get_sensors_list
12-15 21:19:02.835 I/SystemServiceManager(  880): Starting com.android.server.BatteryService
12-15 21:19:02.838 D/SensorService(  880): nuSensorService thread starting...
12-15 21:19:02.840 D/SensorService(  880): new thread SensorEventAckReceiver
12-15 21:19:02.848 I/hubconnection(  880): sensorhub said: 'init: 24 -19 -1, -9 13 -25, 0.00, 7'
12-15 21:19:02.852 I/SystemServiceManager(  880): Starting com.android.server.usage.UsageStatsService
12-15 21:19:02.853 I/hubconnection(  880): sensorhub said: 'activate 18 enable:1'
12-15 21:19:02.861 I/hubconnection(  880): sensorhub said: 'activate 6 enable:0'
12-15 21:19:02.862 I/hubconnection(  880): sensorhub said: 'activate 7 enable:0'
12-15 21:19:02.864 I/hubconnection(  880): sensorhub said: 'activate 1 enable:0'
12-15 21:19:02.866 I/hubconnection(  880): sensorhub said: 'activate 2 enable:0'
12-15 21:19:02.866 I/SystemServiceManager(  880): Starting com.android.server.webkit.WebViewUpdateService
12-15 21:19:02.867 I/hubconnection(  880): sensorhub said: 'activate 26 enable:0'
12-15 21:19:02.868 I/hubconnection(  880): sensorhub said: 'activate 3 enable:0'
12-15 21:19:02.869 I/SystemServer(  880): Reading configuration...
12-15 21:19:02.870 I/SystemServer(  880): Scheduling Policy
12-15 21:19:02.870 I/hubconnection(  880): sensorhub said: 'activate 25 enable:0'
12-15 21:19:02.871 I/hubconnection(  880): sensorhub said: 'activate 4 enable:0'
12-15 21:19:02.871 I/SystemServiceManager(  880): Starting com.android.server.telecom.TelecomLoaderService
12-15 21:19:02.872 I/SystemServer(  880): Telephony Registry
12-15 21:19:02.872 I/hubconnection(  880): sensorhub said: 'activate 5 enable:0'
12-15 21:19:02.873 I/hubconnection(  880): sensorhub said: 'activate 8 enable:0'
12-15 21:19:02.875 I/hubconnection(  880): sensorhub said: 'activate 9 enable:0'
12-15 21:19:02.877 I/hubconnection(  880): sensorhub said: 'activate 24 enable:0'
12-15 21:19:02.877 I/SystemServer(  880): Entropy Mixer
12-15 21:19:02.878 I/hubconnection(  880): sensorhub said: 'activate 12 enable:0'
12-15 21:19:02.880 I/hubconnection(  880): sensorhub said: 'activate 15 enable:0'
12-15 21:19:02.881 I/hubconnection(  880): sensorhub said: 'activate 16 enable:0'
12-15 21:19:02.882 I/hubconnection(  880): sensorhub said: 'activate 17 enable:0'
12-15 21:19:02.884 I/hubconnection(  880): sensorhub said: 'activate 19 enable:0'
12-15 21:19:02.884 I/EntropyMixer(  880): Added HW RNG output to entropy pool
12-15 21:19:02.884 I/EntropyMixer(  880): Writing entropy...
12-15 21:19:02.885 I/hubconnection(  880): sensorhub said: 'activate 20 enable:0'
12-15 21:19:02.886 I/hubconnection(  880): sensorhub said: 'activate 22 enable:0'
12-15 21:19:02.888 I/hubconnection(  880): sensorhub said: 'activate 21 enable:0'
12-15 21:19:02.889 I/hubconnection(  880): sensorhub said: 'activate 28 enable:0'
12-15 21:19:02.890 I/hubconnection(  880): sensorhub said: 'activate 29 enable:0'
12-15 21:19:02.891 I/hubconnection(  880): sensorhub said: 'activate 30 enable:0'
12-15 21:19:02.893 I/hubconnection(  880): sensorhub said: 'activate 31 enable:0'
12-15 21:19:02.894 I/SystemServer(  880): Camera Service
12-15 21:19:02.895 I/SystemServiceManager(  880): Starting com.android.server.camera.CameraService
12-15 21:19:02.897 I/SystemServer(  880): Account Manager
12-15 21:19:02.902 I/SystemServer(  880): Content Manager
12-15 21:19:02.903 I/SystemServer(  880): System Content Providers
12-15 21:19:02.908 W/System  (  880): ClassLoader referenced unknown path: /system/priv-app/SettingsProvider/lib/arm64
12-15 21:19:02.934 I/SystemServer(  880): Vibrator Service
12-15 21:19:02.937 I/SystemServer(  880): Consumer IR Service
12-15 21:19:02.937 E/ConsumerIrService(  880): Can't open consumer IR HW Module, error: -2
12-15 21:19:02.938 I/SystemServiceManager(  880): Starting com.android.server.AlarmManagerService
12-15 21:19:02.940 D/AlarmManagerService(  880): Kernel timezone updated to -60 minutes west of GMT
12-15 21:19:02.945 I/SystemServer(  880): Init Watchdog
12-15 21:19:02.945 I/SystemServer(  880): Input Manager
12-15 21:19:02.946 I/InputManager(  880): Initializing input manager, mUseDevInputEventForAudioJack=true
12-15 21:19:02.948 I/SystemServer(  880): Window Manager
12-15 21:19:02.960 I/WindowManager(  880): No existing display settings /data/system/display_settings.xml; starting empty
12-15 21:19:03.002 I/InputManager(  880): Starting input manager
12-15 21:19:03.004 I/SystemServer(  880): Bluetooth Service
12-15 21:19:03.004 I/SystemServiceManager(  880): Starting com.android.server.BluetoothService
12-15 21:19:03.005 D/EventHub(  880): No input device configuration file found for device 'uinput-folio'.
12-15 21:19:03.006 I/EventHub(  880): New device: id=1, fd=83, path='/dev/input/event6', name='uinput-folio', classes=0x80, configuration='', keyLayout='', keyCharacterMap='', builtinKeyboard=false, wakeMechanism=EPOLLWAKEUP, usingClockIoctl=true
12-15 21:19:03.006 D/EventHub(  880): No input device configuration file found for device 'msm8994-tomtom-snd-card Headset Jack'.
12-15 21:19:03.006 I/EventHub(  880): New device: id=2, fd=84, path='/dev/input/event5', name='msm8994-tomtom-snd-card Headset Jack', classes=0x80, configuration='', keyLayout='', keyCharacterMap='', builtinKeyboard=false, wakeMechanism=EPOLLWAKEUP, usingClockIoctl=true
12-15 21:19:03.006 D/EventHub(  880): No input device configuration file found for device 'msm8994-tomtom-snd-card Button Jack'.
12-15 21:19:03.008 D/BluetoothService(  880): onStart: publishing BluetoothManagerService
12-15 21:19:03.009 I/SystemServer(  880): Input Method Service
12-15 21:19:03.012 W/EventHub(  880): Unable to disable kernel key repeat for /dev/input/event4: Function not implemented
12-15 21:19:03.012 I/EventHub(  880): New device: id=3, fd=85, path='/dev/input/event4', name='msm8994-tomtom-snd-card Button Jack', classes=0x1, configuration='', keyLayout='/system/usr/keylayout/Generic.kl', keyCharacterMap='/system/usr/keychars/Generic.kcm', builtinKeyboard=false, wakeMechanism=EPOLLWAKEUP, usingClockIoctl=true
12-15 21:19:03.012 D/EventHub(  880): No input device configuration file found for device 'qpnp_pon'.
12-15 21:19:03.015 W/EventHub(  880): Unable to disable kernel key repeat for /dev/input/event2: Function not implemented
12-15 21:19:03.016 I/EventHub(  880): New device: id=4, fd=86, path='/dev/input/event2', name='qpnp_pon', classes=0x1, configuration='', keyLayout='/system/usr/keylayout/qpnp_pon.kl', keyCharacterMap='/system/usr/keychars/Generic.kcm', builtinKeyboard=false, wakeMechanism=EPOLLWAKEUP, usingClockIoctl=true
12-15 21:19:03.016 D/EventHub(  880): No input device configuration file found for device 'STM VL6180 proximity sensor'.
12-15 21:19:03.033 I/AudioPolicyService(  485): AudioPolicyService CSTOR in new mode
12-15 21:19:03.036 I/APM::ConfigParsingUtils(  485): loadAudioPolicyConfig() loaded /system/etc/audio_policy.conf
12-15 21:19:03.043 I/SystemServer(  880): Accessibility Manager
12-15 21:19:03.046 D/audio_hw_primary(  485): adev_open: enter
12-15 21:19:03.047 D/msm8974_platform(  485): platform_set_parameters: add operator[verizon] mccmnc[310004;311480]
12-15 21:19:03.047 D/msm8974_platform(  485): platform_set_parameters: add operator[uscellular] mccmnc[311220;311580]
12-15 21:19:03.047 D/msm8974_platform(  485): platform_add_operator_specific_device : deivce[voice-dmic-ef] -> operator[verizon] mixer_path[voice-dmic-ef-vzwusc] acdb_id [130]
12-15 21:19:03.047 D/msm8974_platform(  485): platform_add_operator_specific_device : deivce[voice-dmic-ef-vzwusc] -> operator[uscellular] mixer_path[voice-dmic-ef-vzwusc] acdb_id [130]
12-15 21:19:03.047 D/msm8974_platform(  485): platform_add_operator_specific_device : deivce[voice-handset] -> operator[verizon] mixer_path[voice-handset-vzwusc] acdb_id [131]
12-15 21:19:03.047 D/msm8974_platform(  485): platform_add_operator_specific_device : deivce[voice-handset-vzwusc] -> operator[uscellular] mixer_path[voice-handset-vzwusc] acdb_id [131]
12-15 21:19:03.047 I/ActivityManager(  880): Config changes=1df8 {1.0 ?mcc?mnc de_DE ldltr sw411dp w411dp h731dp 420dpi nrml long port ?uimode ?night -touch -keyb/v/h -nav/h s.2}
12-15 21:19:03.047 D/msm8974_platform(  485): platform_add_operator_specific_device : deivce[voice-headset-mic] -> operator[verizon] mixer_path[voice-headset-mic-vzwusc] acdb_id [132]
12-15 21:19:03.047 D/msm8974_platform(  485): platform_add_operator_specific_device : deivce[voice-headset-mic-vzwusc] -> operator[uscellular] mixer_path[voice-headset-mic-vzwusc] acdb_id [132]
12-15 21:19:03.047 D/msm8974_platform(  485): platform_add_operator_specific_device : deivce[voice-headphones] -> operator[verizon] mixer_path[voice-headphones-vzwusc] acdb_id [133]
12-15 21:19:03.047 D/msm8974_platform(  485): platform_add_operator_specific_device : deivce[voice-headphones-vzwusc] -> operator[uscellular] mixer_path[voice-headphones-vzwusc] acdb_id [133]
12-15 21:19:03.061 I/ActivityManager(  880): Config changes=500 {1.0 ?mcc?mnc de_DE ldltr sw411dp w411dp h659dp 420dpi nrml port ?uimode ?night -touch -keyb/v/h -nav/h s.3}
12-15 21:19:03.062 I/SystemServiceManager(  880): Starting com.android.server.MountService$Lifecycle
12-15 21:19:03.069 D/MountService(  880): Thinking about reset, mSystemReady=false, mDaemonConnected=true
12-15 21:19:03.070 I/SystemServiceManager(  880): Starting com.android.server.UiModeManagerService
12-15 21:19:03.070 D/MountService(  880): Thinking about reset, mSystemReady=false, mDaemonConnected=true
12-15 21:19:03.071 D/CryptdConnector(  880): SND -> {1 cryptfs getfield SystemLocale}
12-15 21:19:03.071 D/msm8974_platform(  485): platform_init: snd_card_name: msm8994-tomtom-snd-card
12-15 21:19:03.072 I/Ext4Crypt(  337): ext4 crypto complete called on /data
12-15 21:19:03.072 I/Ext4Crypt(  337): No master key, so not ext4enc
12-15 21:19:03.072 I/ActivityManager(  880): Config changes=200 {1.0 ?mcc?mnc de_DE ldltr sw411dp w411dp h659dp 420dpi nrml port -touch -keyb/v/h -nav/h s.4}
12-15 21:19:03.075 D/CryptdConnector(  880): RCV <- {113 1 de-DE}
12-15 21:19:03.075 D/CryptdConnector(  880): RCV <- {200 1 0}
12-15 21:19:03.076 I/SystemServer(  880): LockSettingsService
12-15 21:19:03.077 D/MountService(  880): Got locale de-DE from mount service
12-15 21:19:03.078 D/MountService(  880): Setting system properties to de-DE from mount service
12-15 21:19:03.081 I/SystemServiceManager(  880): Starting com.android.server.PersistentDataBlockService
12-15 21:19:03.086 W/MountService(  880): No primary storage mounted!
12-15 21:19:03.086 D/VoldConnector(  880): SND -> {1 asec list}
12-15 21:19:03.088 D/EventHub(  880): No input device configuration file found for device 'gpio-keys'.
12-15 21:19:03.089 D/VoldConnector(  880): RCV <- {200 1 asec operation succeeded}
12-15 21:19:03.090 I/PackageManager(  880): No secure containers found
12-15 21:19:03.090 W/PackageManager(  880): Not granting permission android.permission.MANAGE_DOCUMENTS to package com.google.android.youtube (protectionLevel=2 flags=0x38583e45)
12-15 21:19:03.090 W/PackageManager(  880): Not granting permission com.google.android.googleapps.permission.GOOGLE_AUTH to package com.google.android.youtube (protectionLevel=2 flags=0x38583e45)
12-15 21:19:03.090 W/PackageManager(  880): Not granting permission com.google.android.googleapps.permission.GOOGLE_AUTH.youtube to package com.google.android.youtube (protectionLevel=2 flags=0x38583e45)
12-15 21:19:03.090 W/PackageManager(  880): Not granting permission com.google.android.googleapps.permission.GOOGLE_AUTH.YouTubeUser to package com.google.android.youtube (protectionLevel=2 flags=0x38583e45)
12-15 21:19:03.091 W/PackageManager(  880): Unknown permission com.google.android.voicesearch.SHORTCUTS_ACCESS in package com.google.android.googlequicksearchbox
12-15 21:19:03.091 W/PackageManager(  880): Unknown permission com.google.android.voicesearch.ACCESS_SETTINGS in package com.google.android.googlequicksearchbox
12-15 21:19:03.091 W/PackageManager(  880): Unknown permission com.android.browser.permission.PRELOAD in package com.google.android.googlequicksearchbox
12-15 21:19:03.091 W/PackageManager(  880): Unknown permission com.google.android.ears.permission.WRITE in package com.google.android.googlequicksearchbox
12-15 21:19:03.091 W/PackageManager(  880): Unknown permission com.google.android.apps.googlevoice.permission.AUTO_SEND in package com.google.android.googlequicksearchbox
12-15 21:19:03.091 W/PackageManager(  880): Unknown permission com.android.chrome.PRERENDER_URL in package com.google.android.googlequicksearchbox
12-15 21:19:03.091 W/PackageManager(  880): Not granting permission com.google.android.googleapps.permission.GOOGLE_AUTH to package com.android.providers.calendar (protectionLevel=2 flags=0x30083e45)
12-15 21:19:03.091 W/PackageManager(  880): Not granting permission com.google.android.googleapps.permission.GOOGLE_AUTH.cl to package com.android.providers.calendar (protectionLevel=2 flags=0x30083e45)
12-15 21:19:03.091 W/PackageManager(  880): Unknown permission com.android.nfc.permission.NFCEE_ADMIN in package org.simalliance.openmobileapi.service
12-15 21:19:03.091 W/PackageManager(  880): Not granting permission android.permission.WRITE_SECURE_SETTINGS to package com.google.android.apps.enterprise.dmagent (protectionLevel=50 flags=0x38083e05)
12-15 21:19:03.091 W/PackageManager(  880): Not granting permission android.permission.CONNECTIVITY_INTERNAL to package com.google.android.apps.enterprise.dmagent (protectionLevel=18 flags=0x38083e05)
12-15 21:19:03.092 W/PackageManager(  880): Not granting permission android.permission.MANAGE_USB to package com.google.android.apps.enterprise.dmagent (protectionLevel=18 flags=0x38083e05)
12-15 21:19:03.092 W/PackageManager(  880): Not granting permission android.permission.CHANGE_COMPONENT_ENABLED_STATE to package com.google.android.apps.enterprise.dmagent (protectionLevel=18 flags=0x38083e05)
12-15 21:19:03.092 W/PackageManager(  880): Not granting permission android.permission.MANAGE_CA_CERTIFICATES to package com.google.android.apps.enterprise.dmagent (protectionLevel=18 flags=0x38083e05)
12-15 21:19:03.092 W/PackageManager(  880): Not granting permission android.permission.MANAGE_USERS to package com.google.android.apps.enterprise.dmagent (protectionLevel=18 flags=0x38083e05)
12-15 21:19:03.092 W/PackageManager(  880): Not granting permission android.permission.SEND_DOWNLOAD_COMPLETED_INTENTS to package com.android.vending (protectionLevel=2 flags=0x384abe45)
12-15 21:19:03.092 W/PackageManager(  880): Unknown permission android.permission.SEND_SMS_NO_CONFIRMATION in package com.android.vending
12-15 21:19:03.093 W/EventHub(  880): Unable to disable kernel key repeat for /dev/input/event3: Function not implemented
12-15 21:19:03.093 W/PackageManager(  880): Unknown permission android.permission.NFC_TRANSACTION in package at.psa.app.bankaustria
