12-15 20:51:11.249 E/QC-QMI  (  493): qmi_qmux: TX failed, connection inactive or in reset, conn_id=57, status_flags=4
12-15 20:51:11.249 E/QC-QMI  (  493): qmi_ctl_tx_msg: qmi_qmux_tx_msg failed
12-15 20:51:11.249 E/QC-QMI  (  493): qmi_ctl_handle_request: qmi_ctl_tx_msg call failed
12-15 20:51:11.249 E/QC-QMI  (  493): qmi_qmux_open_connection: connection is disabled for conn_id=57
12-15 20:51:11.249 E/QC-QMI  (  493): qmi_qmux_tx_msg: failed to open inactive connd_id=57
12-15 20:51:11.249 E/QC-QMI  (  493): qmi_qmux: TX failed, connection inactive or in reset, conn_id=57, status_flags=4
12-15 20:51:11.249 E/QC-QMI  (  493): qmi_ctl_tx_msg: qmi_qmux_tx_msg failed
12-15 20:51:11.249 E/QC-QMI  (  493): qmi_ctl_handle_request: qmi_ctl_tx_msg call failed
12-15 20:51:11.250 E/QC-QMI  (  493): qmi_qmux_open_connection: connection is disabled for conn_id=29
12-15 20:51:11.250 E/QC-QMI  (  493): qmi_qmux_tx_msg: failed to open inactive connd_id=29
12-15 20:51:11.250 E/QC-QMI  (  493): qmi_qmux: TX failed, connection inactive or in reset, conn_id=29, status_flags=4
12-15 20:51:11.250 E/QC-QMI  (  493): qmi_ctl_tx_msg: qmi_qmux_tx_msg failed
12-15 20:51:11.250 E/QC-QMI  (  493): qmi_ctl_handle_request: qmi_ctl_tx_msg call failed
12-15 20:51:11.250 E/QC-QMI  (  493): qmi_qmux_open_connection: connection is disabled for conn_id=29
12-15 20:51:11.250 E/QC-QMI  (  493): qmi_qmux_tx_msg: failed to open inactive connd_id=29
12-15 20:51:11.250 E/QC-QMI  (  493): qmi_qmux: TX failed, connection inactive or in reset, conn_id=29, status_flags=4
12-15 20:51:11.250 E/QC-QMI  (  493): qmi_ctl_tx_msg: qmi_qmux_tx_msg failed
12-15 20:51:11.250 E/QC-QMI  (  493): qmi_ctl_handle_request: qmi_ctl_tx_msg call failed
12-15 20:51:11.250 E/QC-QMI  (  493): qmi_qmux_open_connection: connection is disabled for conn_id=29
12-15 20:51:11.250 E/QC-QMI  (  493): qmi_qmux_tx_msg: failed to open inactive connd_id=29
12-15 20:51:11.250 E/QC-QMI  (  493): qmi_qmux: TX failed, connection inactive or in reset, conn_id=29, status_flags=4
12-15 20:51:11.250 E/QC-QMI  (  493): qmi_ctl_tx_msg: qmi_qmux_tx_msg failed
12-15 20:51:11.250 E/QC-QMI  (  493): qmi_ctl_handle_request: qmi_ctl_tx_msg call failed
12-15 20:51:11.250 E/QC-QMI  (  493): qmi_qmux_open_connection: connection is disabled for conn_id=29
12-15 20:51:11.250 E/QC-QMI  (  493): qmi_qmux_tx_msg: failed to open inactive connd_id=29
12-15 20:51:11.250 E/QC-QMI  (  493): qmi_qmux: TX failed, connection inactive or in reset, conn_id=29, status_flags=4
12-15 20:51:11.251 E/QC-QMI  (  493): qmi_ctl_tx_msg: qmi_qmux_tx_msg failed
12-15 20:51:11.251 E/QC-QMI  (  493): qmi_ctl_handle_request: qmi_ctl_tx_msg call failed
12-15 20:51:11.251 E/QC-QMI  (  493): qmi_qmux_open_connection: connection is disabled for conn_id=48
12-15 20:51:11.251 E/QC-QMI  (  493): qmi_qmux_tx_msg: failed to open inactive connd_id=48
12-15 20:51:11.251 E/QC-QMI  (  493): qmi_qmux: TX failed, connection inactive or in reset, conn_id=48, status_flags=4
12-15 20:51:11.251 E/QC-QMI  (  493): qmi_ctl_tx_msg: qmi_qmux_tx_msg failed
12-15 20:51:11.251 E/QC-QMI  (  493): qmi_ctl_handle_request: qmi_ctl_tx_msg call failed
12-15 20:51:11.251 E/QC-QMI  (  493): qmi_qmux_open_connection: connection is disabled for conn_id=48
12-15 20:51:11.251 E/QC-QMI  (  493): qmi_qmux_tx_msg: failed to open inactive connd_id=48
12-15 20:51:11.251 E/QC-QMI  (  493): qmi_qmux: TX failed, connection inactive or in reset, conn_id=48, status_flags=4
12-15 20:51:11.251 E/QC-QMI  (  493): qmi_ctl_tx_msg: qmi_qmux_tx_msg failed
12-15 20:51:11.251 E/QC-QMI  (  493): qmi_ctl_handle_request: qmi_ctl_tx_msg call failed
12-15 20:51:11.252 E/QC-QMI  (  493): qmi_qmux_open_connection: connection is disabled for conn_id=48
12-15 20:51:11.252 E/QC-QMI  (  493): qmi_qmux_tx_msg: failed to open inactive connd_id=48
12-15 20:51:11.252 E/QC-QMI  (  493): qmi_qmux: TX failed, connection inactive or in reset, conn_id=48, status_flags=4
12-15 20:51:11.252 E/QC-QMI  (  493): qmi_ctl_tx_msg: qmi_qmux_tx_msg failed
12-15 20:51:11.252 E/QC-QMI  (  493): qmi_ctl_handle_request: qmi_ctl_tx_msg call failed
12-15 20:51:11.252 E/QC-QMI  (  493): qmi_qmux_open_connection: connection is disabled for conn_id=48
12-15 20:51:11.252 E/QC-QMI  (  493): qmi_qmux_tx_msg: failed to open inactive connd_id=48
12-15 20:51:11.252 E/QC-QMI  (  493): qmi_qmux: TX failed, connection inactive or in reset, conn_id=48, status_flags=4
12-15 20:51:11.252 E/QC-QMI  (  493): qmi_ctl_tx_msg: qmi_qmux_tx_msg failed
12-15 20:51:11.252 E/QC-QMI  (  493): qmi_ctl_handle_request: qmi_ctl_tx_msg call failed
12-15 20:51:11.252 E/QC-QMI  (  493): qmi_qmux_open_connection: connection is disabled for conn_id=57
12-15 20:51:11.252 E/QC-QMI  (  493): qmi_qmux_tx_msg: failed to open inactive connd_id=57
12-15 20:51:11.252 E/QC-QMI  (  493): qmi_qmux: TX failed, connection inactive or in reset, conn_id=57, status_flags=4
12-15 20:51:11.252 E/QC-QMI  (  493): qmi_ctl_tx_msg: qmi_qmux_tx_msg failed
12-15 20:51:11.252 E/QC-QMI  (  493): qmi_ctl_handle_request: qmi_ctl_tx_msg call failed
12-15 20:51:11.253 E/QC-QMI  (  493): qmi_qmux_open_connection: connection is disabled for conn_id=57
12-15 20:51:11.253 E/QC-QMI  (  493): qmi_qmux_tx_msg: failed to open inactive connd_id=57
12-15 20:51:11.253 E/QC-QMI  (  493): qmi_qmux: TX failed, connection inactive or in reset, conn_id=57, status_flags=4
12-15 20:51:11.253 E/QC-QMI  (  493): qmi_ctl_tx_msg: qmi_qmux_tx_msg failed
12-15 20:51:11.253 E/QC-QMI  (  493): qmi_ctl_handle_request: qmi_ctl_tx_msg call failed
12-15 20:51:11.253 E/QC-QMI  (  493): qmi_qmux_open_connection: connection is disabled for conn_id=57
12-15 20:51:11.253 E/QC-QMI  (  493): qmi_qmux_tx_msg: failed to open inactive connd_id=57
12-15 20:51:11.253 E/QC-QMI  (  493): qmi_qmux: TX failed, connection inactive or in reset, conn_id=57, status_flags=4
12-15 20:51:11.253 E/QC-QMI  (  493): qmi_ctl_tx_msg: qmi_qmux_tx_msg failed
12-15 20:51:11.253 E/QC-QMI  (  493): qmi_ctl_handle_request: qmi_ctl_tx_msg call failed
12-15 20:51:11.254 E/QC-QMI  (  493): qmi_qmux_open_connection: connection is disabled for conn_id=57
12-15 20:51:11.254 E/QC-QMI  (  493): qmi_qmux_tx_msg: failed to open inactive connd_id=57
12-15 20:51:11.254 E/QC-QMI  (  493): qmi_qmux: TX failed, connection inactive or in reset, conn_id=57, status_flags=4
12-15 20:51:11.254 E/QC-QMI  (  493): qmi_ctl_tx_msg: qmi_qmux_tx_msg failed
12-15 20:51:11.254 E/QC-QMI  (  493): qmi_ctl_handle_request: qmi_ctl_tx_msg call failed
12-15 20:51:11.268 W/rild    ( 1508): type=1400 audit(0.0:51): avc: denied { search } for name="msm_subsys" dev="sysfs" ino=3661 scontext=u:r:rild:s0 tcontext=u:object_r:sysfs_ssr:s0 tclass=dir permissive=0
12-15 20:51:11.314 W/PackageManager(  883): Permission com.google.android.launcher.permission.READ_SETTINGS from package com.google.android.googlequicksearchbox in an unknown group android.permission-group.SYSTEM_TOOLS
12-15 20:51:11.314 W/PackageManager(  883): Permission com.google.android.launcher.permission.WRITE_SETTINGS from package com.google.android.googlequicksearchbox in an unknown group android.permission-group.SYSTEM_TOOLS
12-15 20:51:11.314 W/PackageManager(  883): Permission com.android.launcher.permission.INSTALL_SHORTCUT from package com.google.android.googlequicksearchbox in an unknown group android.permission-group.SYSTEM_TOOLS
12-15 20:51:11.333 D/vold    (  336): Disk at 253:0 changed
12-15 20:51:11.336 D/vold    (  336): Disk at 253:0 changed
12-15 20:51:11.336 D/vold    (  336): Disk at 253:0 changed
12-15 20:51:11.336 D/vold    (  336): Disk at 253:0 changed
12-15 20:51:11.336 D/vold    (  336): Disk at 253:0 changed
12-15 20:51:11.336 D/vold    (  336): Disk at 253:0 changed
12-15 20:51:11.336 D/vold    (  336): Disk at 253:0 changed
12-15 20:51:11.336 D/vold    (  336): Disk at 253:0 changed
12-15 20:51:11.336 D/vold    (  336): Disk at 253:0 changed
12-15 20:51:11.336 D/vold    (  336): Disk at 253:0 changed
12-15 20:51:11.336 D/vold    (  336): Disk at 253:0 changed
12-15 20:51:11.336 D/vold    (  336): Disk at 253:0 changed
12-15 20:51:11.336 D/vold    (  336): Disk at 253:0 changed
12-15 20:51:11.336 D/vold    (  336): Disk at 253:0 changed
12-15 20:51:11.336 D/vold    (  336): Disk at 253:0 changed
12-15 20:51:11.336 D/vold    (  336): Disk at 253:0 changed
12-15 20:51:11.338 E/QC-QMI  (  493): qmi_qmux_open_connection: connection is disabled for conn_id=29
12-15 20:51:11.339 E/QC-QMI  (  493): qmi_qmux_tx_msg: failed to open inactive connd_id=29
12-15 20:51:11.339 E/QC-QMI  (  493): qmi_qmux: TX failed, connection inactive or in reset, conn_id=29, status_flags=4
12-15 20:51:11.339 E/QC-QMI  (  493): qmi_ctl_tx_msg: qmi_qmux_tx_msg failed
12-15 20:51:11.339 E/QC-QMI  (  493): qmi_ctl_handle_request: qmi_ctl_tx_msg call failed
12-15 20:51:11.339 E/QC-QMI  (  493): qmi_qmux_open_connection: connection is disabled for conn_id=29
12-15 20:51:11.339 E/QC-QMI  (  493): qmi_qmux_tx_msg: failed to open inactive connd_id=29
12-15 20:51:11.339 E/QC-QMI  (  493): qmi_qmux: TX failed, connection inactive or in reset, conn_id=29, status_flags=4
12-15 20:51:11.339 E/QC-QMI  (  493): qmi_ctl_tx_msg: qmi_qmux_tx_msg failed
12-15 20:51:11.339 E/QC-QMI  (  493): qmi_ctl_handle_request: qmi_ctl_tx_msg call failed
12-15 20:51:11.340 E/slim_daemon(  564): [NDK] bindNDKSensors: Sensor server is unavailable.
12-15 20:51:11.340 E/QC-QMI  (  493): qmi_qmux_open_connection: connection is disabled for conn_id=48
12-15 20:51:11.340 E/QC-QMI  (  493): qmi_qmux_tx_msg: failed to open inactive connd_id=48
12-15 20:51:11.340 E/QC-QMI  (  493): qmi_qmux: TX failed, connection inactive or in reset, conn_id=48, status_flags=4
12-15 20:51:11.340 E/QC-QMI  (  493): qmi_ctl_tx_msg: qmi_qmux_tx_msg failed
12-15 20:51:11.340 E/QC-QMI  (  493): qmi_ctl_handle_request: qmi_ctl_tx_msg call failed
12-15 20:51:11.341 E/QC-QMI  (  493): qmi_qmux_open_connection: connection is disabled for conn_id=48
12-15 20:51:11.341 E/QC-QMI  (  493): qmi_qmux_tx_msg: failed to open inactive connd_id=48
12-15 20:51:11.341 E/QC-QMI  (  493): qmi_qmux: TX failed, connection inactive or in reset, conn_id=48, status_flags=4
12-15 20:51:11.341 E/QC-QMI  (  493): qmi_ctl_tx_msg: qmi_qmux_tx_msg failed
12-15 20:51:11.341 E/QC-QMI  (  493): qmi_ctl_handle_request: qmi_ctl_tx_msg call failed
12-15 20:51:11.342 E/QC-QMI  (  493): qmi_qmux_open_connection: connection is disabled for conn_id=57
12-15 20:51:11.342 E/QC-QMI  (  493): qmi_qmux_tx_msg: failed to open inactive connd_id=57
12-15 20:51:11.342 E/QC-QMI  (  493): qmi_qmux: TX failed, connection inactive or in reset, conn_id=57, status_flags=4
12-15 20:51:11.342 E/QC-QMI  (  493): qmi_ctl_tx_msg: qmi_qmux_tx_msg failed
12-15 20:51:11.342 E/QC-QMI  (  493): qmi_ctl_handle_request: qmi_ctl_tx_msg call failed
12-15 20:51:11.343 E/QC-QMI  (  493): qmi_qmux_open_connection: connection is disabled for conn_id=57
12-15 20:51:11.343 E/QC-QMI  (  493): qmi_qmux_tx_msg: failed to open inactive connd_id=57
12-15 20:51:11.343 E/QC-QMI  (  493): qmi_qmux: TX failed, connection inactive or in reset, conn_id=57, status_flags=4
12-15 20:51:11.343 E/QC-QMI  (  493): qmi_ctl_tx_msg: qmi_qmux_tx_msg failed
12-15 20:51:11.343 E/QC-QMI  (  493): qmi_ctl_handle_request: qmi_ctl_tx_msg call failed
12-15 20:51:11.349 E/QC-QMI  (  493): qmi_qmux_open_connection: connection is disabled for conn_id=29
12-15 20:51:11.349 E/QC-QMI  (  493): qmi_qmux_tx_msg: failed to open inactive connd_id=29
12-15 20:51:11.349 E/QC-QMI  (  493): qmi_qmux: TX failed, connection inactive or in reset, conn_id=29, status_flags=4
12-15 20:51:11.349 E/QC-QMI  (  493): qmi_ctl_tx_msg: qmi_qmux_tx_msg failed
12-15 20:51:11.349 E/QC-QMI  (  493): qmi_ctl_handle_request: qmi_ctl_tx_msg call failed
12-15 20:51:11.350 E/QC-QMI  (  493): qmi_qmux_open_connection: connection is disabled for conn_id=29
12-15 20:51:11.350 E/QC-QMI  (  493): qmi_qmux_tx_msg: failed to open inactive connd_id=29
12-15 20:51:11.350 E/QC-QMI  (  493): qmi_qmux: TX failed, connection inactive or in reset, conn_id=29, status_flags=4
12-15 20:51:11.350 E/QC-QMI  (  493): qmi_ctl_tx_msg: qmi_qmux_tx_msg failed
12-15 20:51:11.350 E/QC-QMI  (  493): qmi_ctl_handle_request: qmi_ctl_tx_msg call failed
12-15 20:51:11.351 E/QC-QMI  (  493): qmi_qmux_open_connection: connection is disabled for conn_id=48
12-15 20:51:11.351 E/QC-QMI  (  493): qmi_qmux_tx_msg: failed to open inactive connd_id=48
12-15 20:51:11.351 E/QC-QMI  (  493): qmi_qmux: TX failed, connection inactive or in reset, conn_id=48, status_flags=4
12-15 20:51:11.351 E/QC-QMI  (  493): qmi_ctl_tx_msg: qmi_qmux_tx_msg failed
12-15 20:51:11.351 E/QC-QMI  (  493): qmi_ctl_handle_request: qmi_ctl_tx_msg call failed
12-15 20:51:11.352 E/QC-QMI  (  493): qmi_qmux_open_connection: connection is disabled for conn_id=48
12-15 20:51:11.352 E/QC-QMI  (  493): qmi_qmux_tx_msg: failed to open inactive connd_id=48
12-15 20:51:11.352 E/QC-QMI  (  493): qmi_qmux: TX failed, connection inactive or in reset, conn_id=48, status_flags=4
12-15 20:51:11.352 E/QC-QMI  (  493): qmi_ctl_tx_msg: qmi_qmux_tx_msg failed
12-15 20:51:11.352 E/QC-QMI  (  493): qmi_ctl_handle_request: qmi_ctl_tx_msg call failed
12-15 20:51:11.353 E/QC-QMI  (  493): qmi_qmux_open_connection: connection is disabled for conn_id=57
12-15 20:51:11.353 E/QC-QMI  (  493): qmi_qmux_tx_msg: failed to open inactive connd_id=57
12-15 20:51:11.353 E/QC-QMI  (  493): qmi_qmux: TX failed, connection inactive or in reset, conn_id=57, status_flags=4
12-15 20:51:11.353 E/QC-QMI  (  493): qmi_ctl_tx_msg: qmi_qmux_tx_msg failed
12-15 20:51:11.353 E/QC-QMI  (  493): qmi_ctl_handle_request: qmi_ctl_tx_msg call failed
12-15 20:51:11.354 E/QC-QMI  (  493): qmi_qmux_open_connection: connection is disabled for conn_id=57
12-15 20:51:11.354 E/QC-QMI  (  493): qmi_qmux_tx_msg: failed to open inactive connd_id=57
12-15 20:51:11.354 E/QC-QMI  (  493): qmi_qmux: TX failed, connection inactive or in reset, conn_id=57, status_flags=4
12-15 20:51:11.354 E/QC-QMI  (  493): qmi_ctl_tx_msg: qmi_qmux_tx_msg failed
12-15 20:51:11.354 E/QC-QMI  (  493): qmi_ctl_handle_request: qmi_ctl_tx_msg call failed
12-15 20:51:11.359 E/QC-QMI  (  493): qmi_qmux_open_connection: connection is disabled for conn_id=29
12-15 20:51:11.359 E/QC-QMI  (  493): qmi_qmux_tx_msg: failed to open inactive connd_id=29
12-15 20:51:11.359 E/QC-QMI  (  493): qmi_qmux: TX failed, connection inactive or in reset, conn_id=29, status_flags=4
12-15 20:51:11.359 E/QC-QMI  (  493): qmi_ctl_tx_msg: qmi_qmux_tx_msg failed
12-15 20:51:11.359 E/QC-QMI  (  493): qmi_ctl_handle_request: qmi_ctl_tx_msg call failed
12-15 20:51:11.360 E/QC-QMI  (  493): qmi_qmux_open_connection: connection is disabled for conn_id=29
12-15 20:51:11.360 E/QC-QMI  (  493): qmi_qmux_tx_msg: failed to open inactive connd_id=29
12-15 20:51:11.360 E/QC-QMI  (  493): qmi_qmux: TX failed, connection inactive or in reset, conn_id=29, status_flags=4
12-15 20:51:11.360 E/QC-QMI  (  493): qmi_ctl_tx_msg: qmi_qmux_tx_msg failed
12-15 20:51:11.360 E/QC-QMI  (  493): qmi_ctl_handle_request: qmi_ctl_tx_msg call failed
12-15 20:51:11.361 W/PackageParser(  883): Ignoring duplicate uses-permissions/uses-permissions-sdk-m: android.permission.READ_CONTACTS in package: com.android.bluetooth at: Binary XML file line #58
12-15 20:51:11.361 E/QC-QMI  (  493): qmi_qmux_open_connection: connection is disabled for conn_id=48
12-15 20:51:11.361 E/QC-QMI  (  493): qmi_qmux_tx_msg: failed to open inactive connd_id=48
12-15 20:51:11.361 E/QC-QMI  (  493): qmi_qmux: TX failed, connection inactive or in reset, conn_id=48, status_flags=4
12-15 20:51:11.361 E/QC-QMI  (  493): qmi_ctl_tx_msg: qmi_qmux_tx_msg failed
12-15 20:51:11.361 E/QC-QMI  (  493): qmi_ctl_handle_request: qmi_ctl_tx_msg call failed
12-15 20:51:11.361 E/QC-QMI  (  493): qmi_qmux_open_connection: connection is disabled for conn_id=48
12-15 20:51:11.362 E/QC-QMI  (  493): qmi_qmux_tx_msg: failed to open inactive connd_id=48
12-15 20:51:11.362 E/QC-QMI  (  493): qmi_qmux: TX failed, connection inactive or in reset, conn_id=48, status_flags=4
12-15 20:51:11.362 E/QC-QMI  (  493): qmi_ctl_tx_msg: qmi_qmux_tx_msg failed
12-15 20:51:11.362 E/QC-QMI  (  493): qmi_ctl_handle_request: qmi_ctl_tx_msg call failed
12-15 20:51:11.362 W/PackageParser(  883): No actions in intent filter at /system/app/Bluetooth/Bluetooth.apk Binary XML file line #216
12-15 20:51:11.362 E/QC-QMI  (  493): qmi_qmux_open_connection: connection is disabled for conn_id=57
12-15 20:51:11.362 E/QC-QMI  (  493): qmi_qmux_tx_msg: failed to open inactive connd_id=57
12-15 20:51:11.363 E/QC-QMI  (  493): qmi_qmux: TX failed, connection inactive or in reset, conn_id=57, status_flags=4
12-15 20:51:11.363 E/QC-QMI  (  493): qmi_ctl_tx_msg: qmi_qmux_tx_msg failed
12-15 20:51:11.363 E/QC-QMI  (  493): qmi_ctl_handle_request: qmi_ctl_tx_msg call failed
12-15 20:51:11.364 E/QC-QMI  (  493): qmi_qmux_open_connection: connection is disabled for conn_id=57
12-15 20:51:11.365 E/QC-QMI  (  493): qmi_qmux_tx_msg: failed to open inactive connd_id=57
12-15 20:51:11.365 E/QC-QMI  (  493): qmi_qmux: TX failed, connection inactive or in reset, conn_id=57, status_flags=4
12-15 20:51:11.365 E/QC-QMI  (  493): qmi_ctl_tx_msg: qmi_qmux_tx_msg failed
12-15 20:51:11.365 E/QC-QMI  (  493): qmi_ctl_handle_request: qmi_ctl_tx_msg call failed
12-15 20:51:11.370 E/QC-QMI  (  493): qmi_qmux_open_connection: connection is disabled for conn_id=29
12-15 20:51:11.370 E/QC-QMI  (  493): qmi_qmux_tx_msg: failed to open inactive connd_id=29
12-15 20:51:11.370 E/QC-QMI  (  493): qmi_qmux: TX failed, connection inactive or in reset, conn_id=29, status_flags=4
12-15 20:51:11.370 E/QC-QMI  (  493): qmi_ctl_tx_msg: qmi_qmux_tx_msg failed
12-15 20:51:11.370 E/QC-QMI  (  493): qmi_ctl_handle_request: qmi_ctl_tx_msg call failed
12-15 20:51:11.371 E/QC-QMI  (  493): qmi_qmux_open_connection: connection is disabled for conn_id=29
12-15 20:51:11.371 E/QC-QMI  (  493): qmi_qmux_tx_msg: failed to open inactive connd_id=29
12-15 20:51:11.371 E/QC-QMI  (  493): qmi_qmux: TX failed, connection inactive or in reset, conn_id=29, status_flags=4
12-15 20:51:11.371 E/QC-QMI  (  493): qmi_ctl_tx_msg: qmi_qmux_tx_msg failed
12-15 20:51:11.371 E/QC-QMI  (  493): qmi_ctl_handle_request: qmi_ctl_tx_msg call failed
12-15 20:51:11.372 E/QC-QMI  (  493): qmi_qmux_open_connection: connection is disabled for conn_id=48
12-15 20:51:11.372 E/QC-QMI  (  493): qmi_qmux_tx_msg: failed to open inactive connd_id=48
12-15 20:51:11.372 E/QC-QMI  (  493): qmi_qmux: TX failed, connection inactive or in reset, conn_id=48, status_flags=4
12-15 20:51:11.372 E/QC-QMI  (  493): qmi_ctl_tx_msg: qmi_qmux_tx_msg failed
12-15 20:51:11.372 E/QC-QMI  (  493): qmi_ctl_handle_request: qmi_ctl_tx_msg call failed
12-15 20:51:11.372 E/QC-QMI  (  493): qmi_qmux_open_connection: connection is disabled for conn_id=48
12-15 20:51:11.372 E/QC-QMI  (  493): qmi_qmux_tx_msg: failed to open inactive connd_id=48
12-15 20:51:11.373 E/QC-QMI  (  493): qmi_qmux: TX failed, connection inactive or in reset, conn_id=48, status_flags=4
12-15 20:51:11.373 E/QC-QMI  (  493): qmi_ctl_tx_msg: qmi_qmux_tx_msg failed
12-15 20:51:11.373 E/QC-QMI  (  493): qmi_ctl_handle_request: qmi_ctl_tx_msg call failed
12-15 20:51:11.375 E/QC-QMI  (  493): qmi_qmux_open_connection: connection is disabled for conn_id=57
12-15 20:51:11.375 E/QC-QMI  (  493): qmi_qmux_tx_msg: failed to open inactive connd_id=57
12-15 20:51:11.375 E/QC-QMI  (  493): qmi_qmux: TX failed, connection inactive or in reset, conn_id=57, status_flags=4
12-15 20:51:11.375 E/QC-QMI  (  493): qmi_ctl_tx_msg: qmi_qmux_tx_msg failed
12-15 20:51:11.375 E/QC-QMI  (  493): qmi_ctl_handle_request: qmi_ctl_tx_msg call failed
12-15 20:51:11.375 E/QC-QMI  (  493): qmi_qmux_open_connection: connection is disabled for conn_id=57
12-15 20:51:11.375 E/QC-QMI  (  493): qmi_qmux_tx_msg: failed to open inactive connd_id=57
12-15 20:51:11.375 E/QC-QMI  (  493): qmi_qmux: TX failed, connection inactive or in reset, conn_id=57, status_flags=4
12-15 20:51:11.375 E/QC-QMI  (  493): qmi_ctl_tx_msg: qmi_qmux_tx_msg failed
12-15 20:51:11.375 E/QC-QMI  (  493): qmi_ctl_handle_request: qmi_ctl_tx_msg call failed
12-15 20:51:11.381 E/QC-QMI  (  493): qmi_qmux_open_connection: connection is disabled for conn_id=29
12-15 20:51:11.381 E/QC-QMI  (  493): qmi_qmux_tx_msg: failed to open inactive connd_id=29
12-15 20:51:11.381 E/QC-QMI  (  493): qmi_qmux: TX failed, connection inactive or in reset, conn_id=29, status_flags=4
12-15 20:51:11.381 E/QC-QMI  (  493): qmi_ctl_tx_msg: qmi_qmux_tx_msg failed
12-15 20:51:11.381 E/QC-QMI  (  493): qmi_ctl_handle_request: qmi_ctl_tx_msg call failed
12-15 20:51:11.382 E/QC-QMI  (  493): qmi_qmux_open_connection: connection is disabled for conn_id=29
12-15 20:51:11.382 E/QC-QMI  (  493): qmi_qmux_tx_msg: failed to open inactive connd_id=29
12-15 20:51:11.382 E/QC-QMI  (  493): qmi_qmux: TX failed, connection inactive or in reset, conn_id=29, status_flags=4
12-15 20:51:11.382 E/QC-QMI  (  493): qmi_ctl_tx_msg: qmi_qmux_tx_msg failed
12-15 20:51:11.382 E/QC-QMI  (  493): qmi_ctl_handle_request: qmi_ctl_tx_msg call failed
12-15 20:51:11.383 E/QC-QMI  (  493): qmi_qmux_open_connection: connection is disabled for conn_id=48
12-15 20:51:11.383 E/QC-QMI  (  493): qmi_qmux_tx_msg: failed to open inactive connd_id=48
12-15 20:51:11.383 E/QC-QMI  (  493): qmi_qmux: TX failed, connection inactive or in reset, conn_id=48, status_flags=4
12-15 20:51:11.383 E/QC-QMI  (  493): qmi_ctl_tx_msg: qmi_qmux_tx_msg failed
12-15 20:51:11.383 E/QC-QMI  (  493): qmi_ctl_handle_request: qmi_ctl_tx_msg call failed
12-15 20:51:11.383 E/QC-QMI  (  493): qmi_qmux_open_connection: connection is disabled for conn_id=48
12-15 20:51:11.383 E/QC-QMI  (  493): qmi_qmux_tx_msg: failed to open inactive connd_id=48
12-15 20:51:11.383 E/QC-QMI  (  493): qmi_qmux: TX failed, connection inactive or in reset, conn_id=48, status_flags=4
12-15 20:51:11.384 E/QC-QMI  (  493): qmi_ctl_tx_msg: qmi_qmux_tx_msg failed
12-15 20:51:11.384 E/QC-QMI  (  493): qmi_ctl_handle_request: qmi_ctl_tx_msg call failed
12-15 20:51:11.384 E/QC-QMI  (  493): qmi_qmux_open_connection: connection is disabled for conn_id=57
12-15 20:51:11.384 E/QC-QMI  (  493): qmi_qmux_tx_msg: failed to open inactive connd_id=57
12-15 20:51:11.384 E/QC-QMI  (  493): qmi_qmux: TX failed, connection inactive or in reset, conn_id=57, status_flags=4
12-15 20:51:11.384 E/QC-QMI  (  493): qmi_ctl_tx_msg: qmi_qmux_tx_msg failed
12-15 20:51:11.384 E/QC-QMI  (  493): qmi_ctl_handle_request: qmi_ctl_tx_msg call failed
12-15 20:51:11.385 E/QC-QMI  (  493): qmi_qmux_open_connection: connection is disabled for conn_id=57
12-15 20:51:11.385 E/QC-QMI  (  493): qmi_qmux_tx_msg: failed to open inactive connd_id=57
12-15 20:51:11.385 E/QC-QMI  (  493): qmi_qmux: TX failed, connection inactive or in reset, conn_id=57, status_flags=4
12-15 20:51:11.385 E/QC-QMI  (  493): qmi_ctl_tx_msg: qmi_qmux_tx_msg failed
12-15 20:51:11.385 E/QC-QMI  (  493): qmi_ctl_handle_request: qmi_ctl_tx_msg call failed
12-15 20:51:11.390 E/QC-QMI  (  493): qmi_qmux_open_connection: connection is disabled for conn_id=29
12-15 20:51:11.390 E/QC-QMI  (  493): qmi_qmux_tx_msg: failed to open inactive connd_id=29
12-15 20:51:11.390 E/QC-QMI  (  493): qmi_qmux: TX failed, connection inactive or in reset, conn_id=29, status_flags=4
12-15 20:51:11.390 E/QC-QMI  (  493): qmi_ctl_tx_msg: qmi_qmux_tx_msg failed
12-15 20:51:11.390 E/QC-QMI  (  493): qmi_ctl_handle_request: qmi_ctl_tx_msg call failed
12-15 20:51:11.391 E/QC-QMI  (  493): qmi_qmux_open_connection: connection is disabled for conn_id=29
12-15 20:51:11.391 E/QC-QMI  (  493): qmi_qmux_tx_msg: failed to open inactive connd_id=29
12-15 20:51:11.391 E/QC-QMI  (  493): qmi_qmux: TX failed, connection inactive or in reset, conn_id=29, status_flags=4
12-15 20:51:11.391 E/QC-QMI  (  493): qmi_ctl_tx_msg: qmi_qmux_tx_msg failed
12-15 20:51:11.391 E/QC-QMI  (  493): qmi_ctl_handle_request: qmi_ctl_tx_msg call failed
12-15 20:51:11.392 E/QC-QMI  (  493): qmi_qmux_open_connection: connection is disabled for conn_id=48
12-15 20:51:11.392 E/QC-QMI  (  493): qmi_qmux_tx_msg: failed to open inactive connd_id=48
12-15 20:51:11.392 E/QC-QMI  (  493): qmi_qmux: TX failed, connection inactive or in reset, conn_id=48, status_flags=4
12-15 20:51:11.392 E/QC-QMI  (  493): qmi_ctl_tx_msg: qmi_qmux_tx_msg failed
12-15 20:51:11.392 E/QC-QMI  (  493): qmi_ctl_handle_request: qmi_ctl_tx_msg call failed
12-15 20:51:11.393 E/QC-QMI  (  493): qmi_qmux_open_connection: connection is disabled for conn_id=48
12-15 20:51:11.393 E/QC-QMI  (  493): qmi_qmux_tx_msg: failed to open inactive connd_id=48
12-15 20:51:11.393 E/QC-QMI  (  493): qmi_qmux: TX failed, connection inactive or in reset, conn_id=48, status_flags=4
12-15 20:51:11.393 E/QC-QMI  (  493): qmi_ctl_tx_msg: qmi_qmux_tx_msg failed
12-15 20:51:11.393 E/QC-QMI  (  493): qmi_ctl_handle_request: qmi_ctl_tx_msg call failed
12-15 20:51:11.394 E/QC-QMI  (  493): qmi_qmux_open_connection: connection is disabled for conn_id=57
12-15 20:51:11.394 E/QC-QMI  (  493): qmi_qmux_tx_msg: failed to open inactive connd_id=57
12-15 20:51:11.394 E/QC-QMI  (  493): qmi_qmux: TX failed, connection inactive or in reset, conn_id=57, status_flags=4
12-15 20:51:11.394 E/QC-QMI  (  493): qmi_ctl_tx_msg: qmi_qmux_tx_msg failed
12-15 20:51:11.394 E/QC-QMI  (  493): qmi_ctl_handle_request: qmi_ctl_tx_msg call failed
12-15 20:51:11.394 E/QC-QMI  (  493): qmi_qmux_open_connection: connection is disabled for conn_id=57
12-15 20:51:11.394 E/QC-QMI  (  493): qmi_qmux_tx_msg: failed to open inactive connd_id=57
12-15 20:51:11.395 E/QC-QMI  (  493): qmi_qmux: TX failed, connection inactive or in reset, conn_id=57, status_flags=4
12-15 20:51:11.395 E/QC-QMI  (  493): qmi_ctl_tx_msg: qmi_qmux_tx_msg failed
12-15 20:51:11.395 E/QC-QMI  (  493): qmi_ctl_handle_request: qmi_ctl_tx_msg call failed
12-15 20:51:11.397 E/QC-QMI  (  493): qmi_qmux_open_connection: connection is disabled for conn_id=29
12-15 20:51:11.397 E/QC-QMI  (  493): qmi_qmux_tx_msg: failed to open inactive connd_id=29
12-15 20:51:11.397 E/QC-QMI  (  493): qmi_qmux: TX failed, connection inactive or in reset, conn_id=29, status_flags=4
12-15 20:51:11.405 E/QC-QMI  (  493): qmi_ctl_tx_msg: qmi_qmux_tx_msg failed
12-15 20:51:11.405 E/QC-QMI  (  493): qmi_ctl_handle_request: qmi_ctl_tx_msg call failed
12-15 20:51:11.406 E/QC-QMI  (  493): qmi_qmux_open_connection: connection is disabled for conn_id=29
12-15 20:51:11.406 E/QC-QMI  (  493): qmi_qmux_tx_msg: failed to open inactive connd_id=29
12-15 20:51:11.406 E/QC-QMI  (  493): qmi_qmux: TX failed, connection inactive or in reset, conn_id=29, status_flags=4
12-15 20:51:11.406 E/QC-QMI  (  493): qmi_ctl_tx_msg: qmi_qmux_tx_msg failed
12-15 20:51:11.406 E/QC-QMI  (  493): qmi_ctl_handle_request: qmi_ctl_tx_msg call failed
12-15 20:51:11.411 E/QC-QMI  (  493): qmi_qmux_open_connection: connection is disabled for conn_id=48
12-15 20:51:11.411 E/QC-QMI  (  493): qmi_qmux_tx_msg: failed to open inactive connd_id=48
12-15 20:51:11.411 E/QC-QMI  (  493): qmi_qmux: TX failed, connection inactive or in reset, conn_id=48, status_flags=4
12-15 20:51:11.411 E/QC-QMI  (  493): qmi_ctl_tx_msg: qmi_qmux_tx_msg failed
12-15 20:51:11.411 E/QC-QMI  (  493): qmi_ctl_handle_request: qmi_ctl_tx_msg call failed
12-15 20:51:11.411 E/QC-QMI  (  493): qmi_qmux_open_connection: connection is disabled for conn_id=48
12-15 20:51:11.411 E/QC-QMI  (  493): qmi_qmux_tx_msg: failed to open inactive connd_id=48
12-15 20:51:11.412 E/QC-QMI  (  493): qmi_qmux: TX failed, connection inactive or in reset, conn_id=48, status_flags=4
12-15 20:51:11.412 E/QC-QMI  (  493): qmi_ctl_tx_msg: qmi_qmux_tx_msg failed
12-15 20:51:11.412 E/QC-QMI  (  493): qmi_ctl_handle_request: qmi_ctl_tx_msg call failed
12-15 20:51:11.414 E/QC-QMI  (  493): qmi_qmux_open_connection: connection is disabled for conn_id=57
12-15 20:51:11.414 E/QC-QMI  (  493): qmi_qmux_tx_msg: failed to open inactive connd_id=57
12-15 20:51:11.414 E/QC-QMI  (  493): qmi_qmux: TX failed, connection inactive or in reset, conn_id=57, status_flags=4
12-15 20:51:11.414 E/QC-QMI  (  493): qmi_ctl_tx_msg: qmi_qmux_tx_msg failed
12-15 20:51:11.414 E/QC-QMI  (  493): qmi_ctl_handle_request: qmi_ctl_tx_msg call failed
12-15 20:51:11.415 E/QC-QMI  (  493): qmi_qmux_open_connection: connection is disabled for conn_id=57
12-15 20:51:11.415 E/QC-QMI  (  493): qmi_qmux_tx_msg: failed to open inactive connd_id=57
12-15 20:51:11.415 E/QC-QMI  (  493): qmi_qmux: TX failed, connection inactive or in reset, conn_id=57, status_flags=4
12-15 20:51:11.415 E/QC-QMI  (  493): qmi_ctl_tx_msg: qmi_qmux_tx_msg failed
12-15 20:51:11.415 E/QC-QMI  (  493): qmi_ctl_handle_request: qmi_ctl_tx_msg call failed
12-15 20:51:11.419 E/QC-QMI  (  493): qmi_qmux_open_connection: connection is disabled for conn_id=29
12-15 20:51:11.419 E/QC-QMI  (  493): qmi_qmux_tx_msg: failed to open inactive connd_id=29
12-15 20:51:11.419 E/QC-QMI  (  493): qmi_qmux: TX failed, connection inactive or in reset, conn_id=29, status_flags=4
12-15 20:51:11.419 E/QC-QMI  (  493): qmi_ctl_tx_msg: qmi_qmux_tx_msg failed
12-15 20:51:11.419 E/QC-QMI  (  493): qmi_ctl_handle_request: qmi_ctl_tx_msg call failed
12-15 20:51:11.419 E/QC-QMI  (  493): qmi_qmux_open_connection: connection is disabled for conn_id=29
12-15 20:51:11.419 E/QC-QMI  (  493): qmi_qmux_tx_msg: failed to open inactive connd_id=29
12-15 20:51:11.420 E/QC-QMI  (  493): qmi_qmux: TX failed, connection inactive or in reset, conn_id=29, status_flags=4
12-15 20:51:11.420 E/QC-QMI  (  493): qmi_ctl_tx_msg: qmi_qmux_tx_msg failed
12-15 20:51:11.420 E/QC-QMI  (  493): qmi_ctl_handle_request: qmi_ctl_tx_msg call failed
12-15 20:51:11.423 E/QC-QMI  (  493): qmi_qmux_open_connection: connection is disabled for conn_id=48
12-15 20:51:11.424 E/QC-QMI  (  493): qmi_qmux_tx_msg: failed to open inactive connd_id=48
12-15 20:51:11.424 E/QC-QMI  (  493): qmi_qmux: TX failed, connection inactive or in reset, conn_id=48, status_flags=4
12-15 20:51:11.424 E/QC-QMI  (  493): qmi_ctl_tx_msg: qmi_qmux_tx_msg failed
12-15 20:51:11.424 E/QC-QMI  (  493): qmi_ctl_handle_request: qmi_ctl_tx_msg call failed
12-15 20:51:11.424 E/QC-QMI  (  493): qmi_qmux_open_connection: connection is disabled for conn_id=48
12-15 20:51:11.424 E/QC-QMI  (  493): qmi_qmux_tx_msg: failed to open inactive connd_id=48
12-15 20:51:11.424 E/QC-QMI  (  493): qmi_qmux: TX failed, connection inactive or in reset, conn_id=48, status_flags=4
12-15 20:51:11.424 E/QC-QMI  (  493): qmi_ctl_tx_msg: qmi_qmux_tx_msg failed
12-15 20:51:11.424 E/QC-QMI  (  493): qmi_ctl_handle_request: qmi_ctl_tx_msg call failed
12-15 20:51:11.425 E/QC-QMI  (  493): qmi_qmux_open_connection: connection is disabled for conn_id=57
12-15 20:51:11.425 E/QC-QMI  (  493): qmi_qmux_tx_msg: failed to open inactive connd_id=57
12-15 20:51:11.425 E/QC-QMI  (  493): qmi_qmux: TX failed, connection inactive or in reset, conn_id=57, status_flags=4
12-15 20:51:11.425 E/QC-QMI  (  493): qmi_ctl_tx_msg: qmi_qmux_tx_msg failed
12-15 20:51:11.425 E/QC-QMI  (  493): qmi_ctl_handle_request: qmi_ctl_tx_msg call failed
12-15 20:51:11.426 E/QC-QMI  (  493): qmi_qmux_open_connection: connection is disabled for conn_id=57
12-15 20:51:11.426 E/QC-QMI  (  493): qmi_qmux_tx_msg: failed to open inactive connd_id=57
12-15 20:51:11.426 E/QC-QMI  (  493): qmi_qmux: TX failed, connection inactive or in reset, conn_id=57, status_flags=4
12-15 20:51:11.426 E/QC-QMI  (  493): qmi_ctl_tx_msg: qmi_qmux_tx_msg failed
12-15 20:51:11.426 E/QC-QMI  (  493): qmi_ctl_handle_request: qmi_ctl_tx_msg call failed
12-15 20:51:11.426 E/QC-QMI  (  493): qmi_qmux_open_connection: connection is disabled for conn_id=29
12-15 20:51:11.426 E/QC-QMI  (  493): qmi_qmux_tx_msg: failed to open inactive connd_id=29
12-15 20:51:11.426 E/QC-QMI  (  493): qmi_qmux: TX failed, connection inactive or in reset, conn_id=29, status_flags=4
12-15 20:51:11.426 E/QC-QMI  (  493): qmi_ctl_tx_msg: qmi_qmux_tx_msg failed
12-15 20:51:11.426 E/QC-QMI  (  493): qmi_ctl_handle_request: qmi_ctl_tx_msg call failed
12-15 20:51:11.427 E/QC-QMI  (  493): qmi_qmux_open_connection: connection is disabled for conn_id=29
12-15 20:51:11.427 E/QC-QMI  (  493): qmi_qmux_tx_msg: failed to open inactive connd_id=29
12-15 20:51:11.427 E/QC-QMI  (  493): qmi_qmux: TX failed, connection inactive or in reset, conn_id=29, status_flags=4
12-15 20:51:11.427 E/QC-QMI  (  493): qmi_ctl_tx_msg: qmi_qmux_tx_msg failed
12-15 20:51:11.427 E/QC-QMI  (  493): qmi_ctl_handle_request: qmi_ctl_tx_msg call failed
12-15 20:51:11.427 E/QC-QMI  (  493): qmi_qmux_open_connection: connection is disabled for conn_id=48
12-15 20:51:11.427 E/QC-QMI  (  493): qmi_qmux_tx_msg: failed to open inactive connd_id=48
12-15 20:51:11.427 E/QC-QMI  (  493): qmi_qmux: TX failed, connection inactive or in reset, conn_id=48, status_flags=4
12-15 20:51:11.428 E/QC-QMI  (  493): qmi_ctl_tx_msg: qmi_qmux_tx_msg failed
12-15 20:51:11.428 E/QC-QMI  (  493): qmi_ctl_handle_request: qmi_ctl_tx_msg call failed
12-15 20:51:11.428 E/QC-QMI  (  493): qmi_qmux_open_connection: connection is disabled for conn_id=48
12-15 20:51:11.428 E/QC-QMI  (  493): qmi_qmux_tx_msg: failed to open inactive connd_id=48
12-15 20:51:11.428 E/QC-QMI  (  493): qmi_qmux: TX failed, connection inactive or in reset, conn_id=48, status_flags=4
12-15 20:51:11.428 E/QC-QMI  (  493): qmi_ctl_tx_msg: qmi_qmux_tx_msg failed
12-15 20:51:11.428 E/QC-QMI  (  493): qmi_ctl_handle_request: qmi_ctl_tx_msg call failed
12-15 20:51:11.429 E/QC-QMI  (  493): qmi_qmux_open_connection: connection is disabled for conn_id=57
12-15 20:51:11.429 E/QC-QMI  (  493): qmi_qmux_tx_msg: failed to open inactive connd_id=57
12-15 20:51:11.429 E/QC-QMI  (  493): qmi_qmux: TX failed, connection inactive or in reset, conn_id=57, status_flags=4
12-15 20:51:11.429 E/QC-QMI  (  493): qmi_ctl_tx_msg: qmi_qmux_tx_msg failed
12-15 20:51:11.429 E/QC-QMI  (  493): qmi_ctl_handle_request: qmi_ctl_tx_msg call failed
12-15 20:51:11.432 E/QC-QMI  (  493): qmi_qmux_open_connection: connection is disabled for conn_id=57
12-15 20:51:11.432 E/QC-QMI  (  493): qmi_qmux_tx_msg: failed to open inactive connd_id=57
12-15 20:51:11.432 E/QC-QMI  (  493): qmi_qmux: TX failed, connection inactive or in reset, conn_id=57, status_flags=4
12-15 20:51:11.432 E/QC-QMI  (  493): qmi_ctl_tx_msg: qmi_qmux_tx_msg failed
12-15 20:51:11.432 E/QC-QMI  (  493): qmi_ctl_handle_request: qmi_ctl_tx_msg call failed
12-15 20:51:11.435 E/QC-QMI  (  493): qmi_qmux_open_connection: connection is disabled for conn_id=29
12-15 20:51:11.435 E/QC-QMI  (  493): qmi_qmux_tx_msg: failed to open inactive connd_id=29
12-15 20:51:11.435 E/QC-QMI  (  493): qmi_qmux: TX failed, connection inactive or in reset, conn_id=29, status_flags=4
12-15 20:51:11.435 E/QC-QMI  (  493): qmi_ctl_tx_msg: qmi_qmux_tx_msg failed
12-15 20:51:11.436 E/QC-QMI  (  493): qmi_ctl_handle_request: qmi_ctl_tx_msg call failed
12-15 20:51:11.437 E/QC-QMI  (  493): qmi_qmux_open_connection: connection is disabled for conn_id=29
12-15 20:51:11.437 E/QC-QMI  (  493): qmi_qmux_tx_msg: failed to open inactive connd_id=29
12-15 20:51:11.437 E/QC-QMI  (  493): qmi_qmux: TX failed, connection inactive or in reset, conn_id=29, status_flags=4
12-15 20:51:11.437 E/QC-QMI  (  493): qmi_ctl_tx_msg: qmi_qmux_tx_msg failed
12-15 20:51:11.437 E/QC-QMI  (  493): qmi_ctl_handle_request: qmi_ctl_tx_msg call failed
12-15 20:51:11.438 E/QC-QMI  (  493): qmi_qmux_open_connection: connection is disabled for conn_id=48
12-15 20:51:11.438 E/QC-QMI  (  493): qmi_qmux_tx_msg: failed to open inactive connd_id=48
12-15 20:51:11.439 E/QC-QMI  (  493): qmi_qmux: TX failed, connection inactive or in reset, conn_id=48, status_flags=4
12-15 20:51:11.439 E/QC-QMI  (  493): qmi_ctl_tx_msg: qmi_qmux_tx_msg failed
12-15 20:51:11.439 E/QC-QMI  (  493): qmi_ctl_handle_request: qmi_ctl_tx_msg call failed
12-15 20:51:11.440 E/QC-QMI  (  493): qmi_qmux_open_connection: connection is disabled for conn_id=48
12-15 20:51:11.440 E/QC-QMI  (  493): qmi_qmux_tx_msg: failed to open inactive connd_id=48
12-15 20:51:11.440 E/QC-QMI  (  493): qmi_qmux: TX failed, connection inactive or in reset, conn_id=48, status_flags=4
12-15 20:51:11.440 E/QC-QMI  (  493): qmi_ctl_tx_msg: qmi_qmux_tx_msg failed
12-15 20:51:11.440 E/QC-QMI  (  493): qmi_ctl_handle_request: qmi_ctl_tx_msg call failed
12-15 20:51:11.440 E/QC-QMI  (  493): qmi_qmux_open_connection: connection is disabled for conn_id=57
12-15 20:51:11.440 E/QC-QMI  (  493): qmi_qmux_tx_msg: failed to open inactive connd_id=57
12-15 20:51:11.440 E/QC-QMI  (  493): qmi_qmux: TX failed, connection inactive or in reset, conn_id=57, status_flags=4
12-15 20:51:11.441 E/QC-QMI  (  493): qmi_ctl_tx_msg: qmi_qmux_tx_msg failed
12-15 20:51:11.441 E/QC-QMI  (  493): qmi_ctl_handle_request: qmi_ctl_tx_msg call failed
12-15 20:51:11.441 E/QC-QMI  (  493): qmi_qmux_open_connection: connection is disabled for conn_id=57
12-15 20:51:11.441 E/QC-QMI  (  493): qmi_qmux_tx_msg: failed to open inactive connd_id=57
12-15 20:51:11.441 E/QC-QMI  (  493): qmi_qmux: TX failed, connection inactive or in reset, conn_id=57, status_flags=4
12-15 20:51:11.441 E/QC-QMI  (  493): qmi_ctl_tx_msg: qmi_qmux_tx_msg failed
12-15 20:51:11.441 E/QC-QMI  (  493): qmi_ctl_handle_request: qmi_ctl_tx_msg call failed
12-15 20:51:11.444 E/QC-QMI  (  493): qmi_qmux_open_connection: connection is disabled for conn_id=29
12-15 20:51:11.444 E/QC-QMI  (  493): qmi_qmux_tx_msg: failed to open inactive connd_id=29
12-15 20:51:11.445 E/QC-QMI  (  493): qmi_qmux: TX failed, connection inactive or in reset, conn_id=29, status_flags=4
12-15 20:51:11.445 E/QC-QMI  (  493): qmi_ctl_tx_msg: qmi_qmux_tx_msg failed
12-15 20:51:11.445 E/QC-QMI  (  493): qmi_ctl_handle_request: qmi_ctl_tx_msg call failed
12-15 20:51:11.446 E/QC-QMI  (  493): qmi_qmux_open_connection: connection is disabled for conn_id=29
12-15 20:51:11.446 E/QC-QMI  (  493): qmi_qmux_tx_msg: failed to open inactive connd_id=29
12-15 20:51:11.446 E/QC-QMI  (  493): qmi_qmux: TX failed, connection inactive or in reset, conn_id=29, status_flags=4
12-15 20:51:11.446 E/QC-QMI  (  493): qmi_ctl_tx_msg: qmi_qmux_tx_msg failed
12-15 20:51:11.446 E/QC-QMI  (  493): qmi_ctl_handle_request: qmi_ctl_tx_msg call failed
12-15 20:51:11.446 E/QC-QMI  (  493): qmi_qmux_open_connection: connection is disabled for conn_id=48
12-15 20:51:11.446 E/QC-QMI  (  493): qmi_qmux_tx_msg: failed to open inactive connd_id=48
12-15 20:51:11.447 E/QC-QMI  (  493): qmi_qmux: TX failed, connection inactive or in reset, conn_id=48, status_flags=4
12-15 20:51:11.447 E/QC-QMI  (  493): qmi_ctl_tx_msg: qmi_qmux_tx_msg failed
12-15 20:51:11.447 E/QC-QMI  (  493): qmi_ctl_handle_request: qmi_ctl_tx_msg call failed
12-15 20:51:11.447 E/QC-QMI  (  493): qmi_qmux_open_connection: connection is disabled for conn_id=48
12-15 20:51:11.447 E/QC-QMI  (  493): qmi_qmux_tx_msg: failed to open inactive connd_id=48
12-15 20:51:11.447 E/QC-QMI  (  493): qmi_qmux: TX failed, connection inactive or in reset, conn_id=48, status_flags=4
12-15 20:51:11.447 E/QC-QMI  (  493): qmi_ctl_tx_msg: qmi_qmux_tx_msg failed
12-15 20:51:11.447 E/QC-QMI  (  493): qmi_ctl_handle_request: qmi_ctl_tx_msg call failed
12-15 20:51:11.448 E/QC-QMI  (  493): qmi_qmux_open_connection: connection is disabled for conn_id=57
12-15 20:51:11.448 E/QC-QMI  (  493): qmi_qmux_tx_msg: failed to open inactive connd_id=57
12-15 20:51:11.448 E/QC-QMI  (  493): qmi_qmux: TX failed, connection inactive or in reset, conn_id=57, status_flags=4
12-15 20:51:11.448 E/QC-QMI  (  493): qmi_ctl_tx_msg: qmi_qmux_tx_msg failed
12-15 20:51:11.448 E/QC-QMI  (  493): qmi_ctl_handle_request: qmi_ctl_tx_msg call failed
12-15 20:51:11.449 E/QC-QMI  (  493): qmi_qmux_open_connection: connection is disabled for conn_id=57
12-15 20:51:11.450 E/QC-QMI  (  493): qmi_qmux_tx_msg: failed to open inactive connd_id=57
12-15 20:51:11.450 E/QC-QMI  (  493): qmi_qmux: TX failed, connection inactive or in reset, conn_id=57, status_flags=4
12-15 20:51:11.450 E/QC-QMI  (  493): qmi_ctl_tx_msg: qmi_qmux_tx_msg failed
12-15 20:51:11.450 E/QC-QMI  (  493): qmi_ctl_handle_request: qmi_ctl_tx_msg call failed
12-15 20:51:11.450 E/QC-QMI  (  493): qmi_qmux_open_connection: connection is disabled for conn_id=29
12-15 20:51:11.450 E/QC-QMI  (  493): qmi_qmux_tx_msg: failed to open inactive connd_id=29
12-15 20:51:11.450 E/QC-QMI  (  493): qmi_qmux: TX failed, connection inactive or in reset, conn_id=29, status_flags=4
12-15 20:51:11.451 E/QC-QMI  (  493): qmi_ctl_tx_msg: qmi_qmux_tx_msg failed
12-15 20:51:11.451 E/QC-QMI  (  493): qmi_ctl_handle_request: qmi_ctl_tx_msg call failed
12-15 20:51:11.451 E/QC-QMI  (  493): qmi_qmux_open_connection: connection is disabled for conn_id=29
12-15 20:51:11.451 E/QC-QMI  (  493): qmi_qmux_tx_msg: failed to open inactive connd_id=29
12-15 20:51:11.451 E/QC-QMI  (  493): qmi_qmux: TX failed, connection inactive or in reset, conn_id=29, status_flags=4
12-15 20:51:11.451 E/QC-QMI  (  493): qmi_ctl_tx_msg: qmi_qmux_tx_msg failed
12-15 20:51:11.451 E/QC-QMI  (  493): qmi_ctl_handle_request: qmi_ctl_tx_msg call failed
12-15 20:51:11.452 E/QC-QMI  (  493): qmi_qmux_open_connection: connection is disabled for conn_id=48
12-15 20:51:11.452 E/QC-QMI  (  493): qmi_qmux_tx_msg: failed to open inactive connd_id=48
12-15 20:51:11.452 E/QC-QMI  (  493): qmi_qmux: TX failed, connection inactive or in reset, conn_id=48, status_flags=4
12-15 20:51:11.452 E/QC-QMI  (  493): qmi_ctl_tx_msg: qmi_qmux_tx_msg failed
12-15 20:51:11.452 E/QC-QMI  (  493): qmi_ctl_handle_request: qmi_ctl_tx_msg call failed
12-15 20:51:11.457 E/QC-QMI  (  493): qmi_qmux_open_connection: connection is disabled for conn_id=48
12-15 20:51:11.457 E/QC-QMI  (  493): qmi_qmux_tx_msg: failed to open inactive connd_id=48
12-15 20:51:11.457 E/QC-QMI  (  493): qmi_qmux: TX failed, connection inactive or in reset, conn_id=48, status_flags=4
12-15 20:51:11.457 E/QC-QMI  (  493): qmi_ctl_tx_msg: qmi_qmux_tx_msg failed
12-15 20:51:11.457 E/QC-QMI  (  493): qmi_ctl_handle_request: qmi_ctl_tx_msg call failed
12-15 20:51:11.458 E/QC-QMI  (  493): qmi_qmux_open_connection: connection is disabled for conn_id=57
12-15 20:51:11.458 E/QC-QMI  (  493): qmi_qmux_tx_msg: failed to open inactive connd_id=57
12-15 20:51:11.458 E/QC-QMI  (  493): qmi_qmux: TX failed, connection inactive or in reset, conn_id=57, status_flags=4
12-15 20:51:11.458 E/QC-QMI  (  493): qmi_ctl_tx_msg: qmi_qmux_tx_msg failed
12-15 20:51:11.458 E/QC-QMI  (  493): qmi_ctl_handle_request: qmi_ctl_tx_msg call failed
12-15 20:51:11.458 E/QC-QMI  (  493): qmi_qmux_open_connection: connection is disabled for conn_id=57
12-15 20:51:11.458 E/QC-QMI  (  493): qmi_qmux_tx_msg: failed to open inactive connd_id=57
12-15 20:51:11.458 E/QC-QMI  (  493): qmi_qmux: TX failed, connection inactive or in reset, conn_id=57, status_flags=4
12-15 20:51:11.459 E/QC-QMI  (  493): qmi_ctl_tx_msg: qmi_qmux_tx_msg failed
12-15 20:51:11.459 E/QC-QMI  (  493): qmi_ctl_handle_request: qmi_ctl_tx_msg call failed
12-15 20:51:11.468 W/rild    (  620): type=1400 audit(0.0:52): avc: denied { read write } for name="diag" dev="tmpfs" ino=11333 scontext=u:r:rild:s0 tcontext=u:object_r:diag_device:s0 tclass=chr_file permissive=0
12-15 20:51:11.468 W/rild    (  620): type=1400 audit(0.0:53): avc: denied { read write } for name="diag" dev="tmpfs" ino=11333 scontext=u:r:rild:s0 tcontext=u:object_r:diag_device:s0 tclass=chr_file permissive=0
12-15 20:51:11.475 E/Diag_Lib(  486):  Diag_LSM_Init: Failed to open handle to diag driver, error = 13
12-15 20:51:11.475 E/Diag_Lib(  486):  Diag_LSM_Init: Failed to open handle to diag driver, error = 13
12-15 20:51:11.468 W/rild    (  620): type=1400 audit(0.0:54): avc: denied { read write } for name="diag" dev="tmpfs" ino=11333 scontext=u:r:rild:s0 tcontext=u:object_r:diag_device:s0 tclass=chr_file permissive=0
12-15 20:51:11.477 E/Diag_Lib(  486):  Diag_LSM_Init: Failed to open handle to diag driver, error = 13
12-15 20:51:11.498 W/rild    (  620): type=1400 audit(0.0:55): avc: denied { read write } for name="diag" dev="tmpfs" ino=11333 scontext=u:r:rild:s0 tcontext=u:object_r:diag_device:s0 tclass=chr_file permissive=0
12-15 20:51:11.509 E/Diag_Lib(  486):  Diag_LSM_Init: Failed to open handle to diag driver, error = 13
12-15 20:51:11.518 E/QMI_FW  (  486): qcci_qmi_lge_vs_nv_init-entered!!!
12-15 20:51:11.518 E/QMI_FW  (  486): [VSS_QCCI]Daemon:qcci_qmi_lge_vs_nv_init: qmi_client_get_service_list returned 0 num_services 1
12-15 20:51:11.518 E/QMI_FW  (  486): [VSS_QCCI] qmi_client_get_service_list() returned 0 num_entries = 1 num_services = 1
12-15 20:51:11.518 E/QMI_FW  (  486): [VSS_QCCI] NV qmi_client_init returned 0
12-15 20:51:11.518 E/QMI_FW  (  486): [VSS_QCCI] Enter qcci_qmi_lge_vs_nv_init()----> nv_client = 0x18
12-15 20:51:11.518 E/QMI_FW  (  486): [VSS_QCCI] NV qmi_client_register_error_cb returned 0
12-15 20:51:11.518 E/QMI_FW  (  486): qcci_qmi_lge_vs_nv_init: [VSS_QCCI] NV Done initialization and send server connect callback req
12-15 20:51:11.518 E/QMI_FW  (  486): [VSS_QCCI] NV init Complete!!!
12-15 20:51:11.603 W/PackageManager(  883): Permission com.android.chrome.permission.DEBUG from package com.android.chrome in an unknown group android.permission-group.DEVELOPMENT_TOOLS
12-15 20:51:11.648 W/netmgrd (  496): type=1400 audit(0.0:56): avc: denied { read write } for name="diag" dev="tmpfs" ino=11333 scontext=u:r:netmgrd:s0 tcontext=u:object_r:diag_device:s0 tclass=chr_file permissive=0
12-15 20:51:11.660 E/Diag_Lib(  496):  Diag_LSM_Init: Failed to open handle to diag driver, error = 13
12-15 20:51:11.667 E/QC-QMI  (  496): qmi_client [496] 13: failed to locate client data
12-15 20:51:11.668 E/QC-QMI  (  493): qmuxd: RX on fd=21 returned error=0 errno[2:No such file or directory]
12-15 20:51:11.668 E/QC-QMI  (  493): QMUX qmux_client_id=13 not found in qmux client list, unable to remove
12-15 20:51:11.800 W/PackageManager(  883): Permission com.google.android.apps.docs.permission.READ_MY_DATA from package com.google.android.apps.docs in an unknown group android.permission-group.PERSONAL_INFO
12-15 20:51:11.800 W/PackageManager(  883): Permission com.google.android.apps.docs.permission.SYNC_STATUS from package com.google.android.apps.docs in an unknown group android.permission-group.PERSONAL_INFO
12-15 20:51:11.978 W/PackageParser(  883): Ignoring duplicate uses-permissions/uses-permissions-sdk-m: android.permission.ACCESS_NETWORK_STATE in package: com.google.android.inputmethod.japanese at: Binary XML file line #26
12-15 20:51:11.978 W/PackageParser(  883): Ignoring duplicate uses-permissions/uses-permissions-sdk-m: android.permission.INTERNET in package: com.google.android.inputmethod.japanese at: Binary XML file line #27
12-15 20:51:11.993 E/mm-camera-intf(  488): mm_camera_open:Failed with Connection timed out error, retrying after 20 milli-seconds
12-15 20:51:12.023 E/mm-camera-img(  511): module_imglib_start_session:1778 ###Img_Loglevel 1
12-15 20:51:12.028 E/mm-camera(  511): q3a_port_init:1753  q3a_port_init: 3A VERSION --> 4.1.0.r9
12-15 20:51:12.029 E/mm-camera-isp2(  511): isp_module_start_session:360 num_session_opened 1
12-15 20:51:12.050 E/libaprpmem(  511): 
12-15 20:51:12.050 E/libaprpmem(  511):  Ion allocation success virtaddr : ret=4039139328 fd=42 heapid=33554432
12-15 20:51:12.056 E/libaprpmem(  511): 
12-15 20:51:12.056 E/libaprpmem(  511):  Ion allocation success virtaddr : ret=4035170304 fd=43 heapid=33554432
12-15 20:51:12.064 E/libaprpmem(  511): 
12-15 20:51:12.064 E/libaprpmem(  511):  Ion allocation success virtaddr : ret=4027232256 fd=44 heapid=33554432
12-15 20:51:12.070 E/libaprpmem(  511): 
12-15 20:51:12.070 E/libaprpmem(  511):  Ion allocation success virtaddr : ret=4023050240 fd=45 heapid=33554432
12-15 20:51:12.076 E/mm-camera-sensor(  511): sensor_sdk_util_get_kernel_i2c_addr_type:26Invalid addr_type = 0
12-15 20:51:12.076 E/mm-camera-sensor(  511): sensor_sdk_util_get_kernel_i2c_data_type:40Invalid addr_type = 0
12-15 20:51:12.081 E/libaprpmem(  511): 
12-15 20:51:12.081 E/libaprpmem(  511):  Ion allocation success virtaddr : ret=4014686208 fd=47 heapid=33554432
12-15 20:51:12.093 E/libaprpmem(  511): 
12-15 20:51:12.093 E/libaprpmem(  511):  Ion allocation success virtaddr : ret=4010504192 fd=48 heapid=33554432
12-15 20:51:12.098 E/libaprpmem(  511): 
12-15 20:51:12.098 E/libaprpmem(  511):  Ion allocation success virtaddr : ret=4006322176 fd=49 heapid=33554432
12-15 20:51:12.105 E/mm-camera-sensor(  511): sensor_sdk_util_get_kernel_i2c_data_type:40Invalid addr_type = 0
12-15 20:51:12.105 E/mm-camera-sensor(  511): sensor_sdk_util_get_kernel_i2c_addr_type:26Invalid addr_type = 0
12-15 20:51:12.133 I/ServiceManager(  512): Waiting for service AtCmdFwd...
12-15 20:51:12.147 E/mm-camera(  511): mct: mct_pipeline_start_stream_internal: Adding session stream streamid= 0xf for session=1
12-15 20:51:12.148 E/mm-camera(  511): mct: mct_pipeline_start_stream_internal:Linking session stream for session 1
12-15 20:51:12.149 W/PackageParser(  883): Ignoring duplicate uses-permissions/uses-permissions-sdk-m: android.permission.INTERNET in package: com.google.android.talk at: Binary XML file line #161
12-15 20:51:12.150 W/PackageParser(  883): Ignoring duplicate uses-permissions/uses-permissions-sdk-m: android.permission.USE_CREDENTIALS in package: com.google.android.talk at: Binary XML file line #164
12-15 20:51:12.150 W/PackageParser(  883): Ignoring duplicate uses-permissions/uses-permissions-sdk-m: android.permission.ACCESS_NETWORK_STATE in package: com.google.android.talk at: Binary XML file line #166
12-15 20:51:12.153 E/mm-camera(  511): mct: mct_pipeline_start_stream_internal:Session stream linked successfully session 1
