--------- beginning of main
02-24 20:14:25.772 W/auditd  (  335): type=2000 audit(0.0:1): initialized
--------- beginning of system
02-24 20:14:28.415 I/vold    (  338): Vold 3.0 (the awakening) firing up
02-24 20:14:28.415 V/vold    (  338): Detected support for: ext4 vfat
02-24 20:14:28.678 I/lowmemorykiller(  369): Using in-kernel low memory killer interface
02-24 20:14:28.700 D/QSEECOMD: (  374): qseecom listener services process entry PPID = 1
02-24 20:14:28.700 E/QSEECOMD: (  374): Listener: index = 0, hierarchy = 0
02-24 20:14:28.700 I/rmt_storage(  372): Shared memory initialised successfully.
02-24 20:14:28.701 I/MSM-irqbalance(  375): msm-irq_balance (1.3) initialized
02-24 20:14:28.701 I/MSM-irqbalance(  375): Configuration
02-24 20:14:28.701 I/MSM-irqbalance(  375): Rate: 0.2 Hz
02-24 20:14:28.701 I/MSM-irqbalance(  375): Decay Factor: 75.0
02-24 20:14:28.701 I/MSM-irqbalance(  375): Balancing Factor: 0.1
02-24 20:14:28.701 I/MSM-irqbalance(  375): Debug Log: OFF
02-24 20:14:28.702 I/MSM-irqbalance(  375): Cfg file: /vendor/etc/msm_irqbalance.conf
02-24 20:14:28.702 I/MSM-irqbalance(  375): CPU PRIO: CPU0: 1 CPU1: 1 CPU2: 1 CPU3: 1 CPU4: 0 CPU5: 0 
02-24 20:14:28.702 I/MSM-irqbalance(  375): Ignored IRQs: 20 40 200 203 155 157 
02-24 20:14:28.702 I/rmt_storage(  372): No EBR found
02-24 20:14:28.702 I/rmt_storage(  372): Error (-1) parsing MBR partitions
02-24 20:14:28.702 I/rmt_storage(  372): Registering modemst1: 0x4a /boot/modem_fs1
02-24 20:14:28.702 I/rmt_storage(  372): Registering modemst2: 0x4b /boot/modem_fs2
02-24 20:14:28.702 I/rmt_storage(  372): Registering fsc: 0xff /boot/modem_fsc
02-24 20:14:28.702 I/rmt_storage(  372): Registering fsg: 0x58 /boot/modem_fsg
02-24 20:14:28.702 I/rmt_storage(  372): 4 GPT partitions found
02-24 20:14:28.702 I/rmt_storage(  372): Capset success!
02-24 20:14:28.704 D/QSEECOMD: (  374): Init dlopen(librpmb.so, RTLD_NOW) succeeds
02-24 20:14:28.704 D/QSEECOMD: (  374): Init::Init dlsym(g_FSHandle rpmb_init_service) succeeds
02-24 20:14:28.705 I/rpmb_emmc(  374): RPMB Mult = 16384, Rel_sec_cnt = 1
02-24 20:14:28.705 E/DrmLibRpmb(  374): rpmb_init succeeded! with ret = 0
02-24 20:14:28.705 D/QSEECOMD: (  374): Init rpmb_init_service ret = 0
02-24 20:14:28.705 D/QSEECOMD: (  374): RPMB system services: init (Listener ID = 8192)
02-24 20:14:28.705 E/QSEECOMD: (  374): Listener: index = 1, hierarchy = 0
02-24 20:14:28.706 D/QSEECOMD: (  374): Init dlopen(libssd.so, RTLD_NOW) succeeds
02-24 20:14:28.707 D/QSEECOMD: (  374): Init::Init dlsym(g_FSHandle ssd_init_service) succeeds
02-24 20:14:28.707 E/SSD     (  374): ssd_init_service succeeded!
02-24 20:14:28.707 D/QSEECOMD: (  374): Init ssd_init_service ret = 0
02-24 20:14:28.707 D/QSEECOMD: (  374): SSD system services: init (Listener ID = 12288)
02-24 20:14:28.707 E/QSEECOMD: (  374): Listener: index = 2, hierarchy = 0
02-24 20:14:28.707 E/QSEECOMD: (  374): Init dlopen(libsecureui.so, RLTD_NOW) is failed....
02-24 20:14:28.707 D/QSEECOMD: (  374): SEC_UI_INIT failed, shall not start secure ui listener
02-24 20:14:28.707 E/QSEECOMD: (  374): Listener: index = 5, hierarchy = 0
02-24 20:14:28.708 E/QSEECOMD: (  374): Init dlopen(libmdtp.so, RLTD_NOW) is failed....
02-24 20:14:28.708 D/QSEECOMD: (  374): ERROR: MDTP_INIT failed, shall not start MDTP listener
02-24 20:14:28.708 D/QSEECOMD: (  374): Parent qseecom daemon process paused!! 
02-24 20:14:28.708 D/QSEECOMD: (  383): qseecom listener service threads starting!!! 
02-24 20:14:28.708 D/QSEECOMD: (  383): Total listener services to start = 7
02-24 20:14:28.708 E/QSEECOMD: (  383): Listener: index = 0, hierarchy = 1
02-24 20:14:28.708 D/QSEECOMD: (  383): Init dlopen(librpmb.so, RTLD_NOW) succeeds
02-24 20:14:28.708 D/QSEECOMD: (  383): Init::Init dlsym(g_FSHandle rpmb_start) succeeds
02-24 20:14:28.708 D/QSEECOMAPI: (  383): QSEECom_register_listener 8192 sb_length = 0x5000
02-24 20:14:28.709 D/QSEECOMD: (  383): Init rpmb_start ret = 0
02-24 20:14:28.709 D/QSEECOMD: (  383): RPMB system services: Started (Listener ID = 8192)
02-24 20:14:28.709 E/QSEECOMD: (  383): Listener: index = 1, hierarchy = 1
02-24 20:14:28.709 D/QSEECOMD: (  383): Init dlopen(libssd.so, RTLD_NOW) succeeds
02-24 20:14:28.709 D/QSEECOMD: (  383): Init::Init dlsym(g_FSHandle ssd_start) succeeds
02-24 20:14:28.709 D/QSEECOMAPI: (  383): QSEECom_register_listener 12288 sb_length = 0x5000
02-24 20:14:28.710 D/QSEECOMD: (  383): Init ssd_start ret = 0
02-24 20:14:28.710 D/QSEECOMD: (  383): SSD system services: Started (Listener ID = 12288)
02-24 20:14:28.710 E/QSEECOMD: (  383): Listener: index = 2, hierarchy = 1
02-24 20:14:28.710 E/QSEECOMD: (  383): Init dlopen(libsecureui.so, RLTD_NOW) is failed....
02-24 20:14:28.710 E/QSEECOMD: (  383): Listener: index = 3, hierarchy = 1
02-24 20:14:28.747 D/QSEECOMD: (  383): Init dlopen(libdrmtime.so, RTLD_NOW) succeeds
02-24 20:14:28.747 D/QSEECOMD: (  383): Init::Init dlsym(g_FSHandle atime_start) succeeds
02-24 20:14:28.747 D/DrmLibTime(  383): QSEE Time Listener: atime_start
02-24 20:14:28.747 D/QSEECOMAPI: (  383): QSEECom_register_listener 11 sb_length = 0x5000
02-24 20:14:28.747 D/DrmLibTime(  383): registering fs service to QSEECom is done!
02-24 20:14:28.747 D/DrmLibTime(  383): begin to create a thread!
02-24 20:14:28.748 D/DrmLibTime(  383): Creating a pthread in atime_start is done! return 0
02-24 20:14:28.748 D/QSEECOMD: (  383): Init atime_start ret = 0
02-24 20:14:28.748 D/DrmLibTime(  383): QSEE Time Listener: dispatch
02-24 20:14:28.748 D/QSEECOMD: (  383): time services: Started (Listener ID = 11)
02-24 20:14:28.748 D/DrmLibTime(  383): before calling ioctl to read the next time_cmd
02-24 20:14:28.748 E/QSEECOMD: (  383): Listener: index = 4, hierarchy = 1
02-24 20:14:28.748 D/QSEECOMD: (  383): Init dlopen(libdrmfs.so, RTLD_NOW) succeeds
02-24 20:14:28.748 D/QSEECOMD: (  383): Init::Init dlsym(g_FSHandle fs_start) succeeds
02-24 20:14:28.748 D/QSEECOMAPI: (  383): QSEECom_register_listener 10 sb_length = 0x5000
02-24 20:14:28.748 D/QSEECOMD: (  383): Init fs_start ret = 0
02-24 20:14:28.748 D/QSEECOMD: (  383): file system services: Started (Listener ID = 10)
02-24 20:14:28.748 E/QSEECOMD: (  383): Listener: index = 5, hierarchy = 1
02-24 20:14:28.749 E/QSEECOMD: (  383): Init dlopen(libmdtp.so, RLTD_NOW) is failed....
02-24 20:14:28.749 E/QSEECOMD: (  383): Listener: index = 6, hierarchy = 1
02-24 20:14:28.749 D/QSEECOMD: (  383): Init dlopen(libdrmfs.so, RTLD_NOW) succeeds
02-24 20:14:28.749 D/QSEECOMD: (  383): Init::Init dlsym(g_FSHandle gpfs_start) succeeds
02-24 20:14:28.749 D/QSEECOMAPI: (  383): QSEECom_register_listener 28672 sb_length = 0x7e000
02-24 20:14:28.751 D/QSEECOMD: (  383): Init gpfs_start ret = 0
02-24 20:14:28.751 D/QSEECOMD: (  383): gpfile system services: Started (Listener ID = 28672)
02-24 20:14:28.752 D/QSEECOMAPI: (  383): QSEECom_get_handle sb_length = 0x400
02-24 20:14:28.752 D/QSEECOMAPI: (  383): App is not loaded in QSEE
02-24 20:14:28.754 E/QSEECOMAPI: (  383): Error::Cannot open the file /firmware/image/keymaste.mdt
02-24 20:14:28.754 E/QSEECOMAPI: (  383): Error::Loading image failed with ret = -1
02-24 20:14:28.754 E/QSEECOMD: (  383): Loading keymaster app failed
02-24 20:14:28.754 D/QSEECOMD: (  383): QSEECOM DAEMON RUNNING 
02-24 20:14:28.759 I/libmdmdetect(  373): ESOC framework not supported
02-24 20:14:28.760 I/libmdmdetect(  373): Found internal modem: modem
02-24 20:14:28.761 I/PerMgrSrv(  373): Peripheral Mananager service start
02-24 20:14:28.762 I/PerMgrSrv(  373): power-off timeout 500,ms; event-ack timeout 200,ms; debug-mode false
02-24 20:14:28.762 I/PerMgrSrv(  373): Statistics for : modem
02-24 20:14:28.762 I/PerMgrSrv(  373): modem: Current State : is off-line
02-24 20:14:28.762 I/PerMgrSrv(  373): modem: Voter/Listener count : 0/0
02-24 20:14:28.762 I/PerMgrSrv(  373): modem: Power on count : 0
02-24 20:14:28.762 I/PerMgrSrv(  373): modem: Power off count: 0
02-24 20:14:28.762 I/PerMgrSrv(  373): modem: Client list:
02-24 20:14:28.762 I/PerMgrSrv(  373): QMI service start
02-24 20:14:28.790 I/SurfaceFlinger(  371): SurfaceFlinger is starting
02-24 20:14:28.790 I/SurfaceFlinger(  371): SurfaceFlinger's main thread ready to run. Initializing graphics H/W...
02-24 20:14:28.799 D/libEGL  (  371): loaded /vendor/lib64/egl/libEGL_adreno.so
02-24 20:14:28.856 D/VoldCryptCmdListener(  338): cryptfs mountdefaultencrypted
02-24 20:14:28.856 I/Ext4Crypt(  338): ext4 crypto complete called on /data
02-24 20:14:28.856 I/Ext4Crypt(  338): No master key, so not ext4enc
02-24 20:14:28.858 I/Cryptfs (  338): cryptfs_check_passwd
02-24 20:14:28.858 I/Ext4Crypt(  338): ext4 crypto complete called on /data
02-24 20:14:28.858 I/Ext4Crypt(  338): No master key, so not ext4enc
02-24 20:14:28.859 D/Cryptfs (  338): crypt_ftr->fs_size = 22994908
02-24 20:14:28.859 I/Cryptfs (  338): Using scrypt with keymaster for cryptfs KDF
02-24 20:14:28.876 E/PerMgrProxy(  413): Starting pm-proxy service
02-24 20:14:28.876 I/libmdmdetect(  413): ESOC framework not supported
02-24 20:14:28.877 I/libmdmdetect(  413): Found internal modem: modem
02-24 20:14:28.877 I/PerMgrProxy(  413): Found internal modem
02-24 20:14:28.877 D/PerMgrSrv(  373): modem state: is off-line, add client PM-PROXY-THREAD
02-24 20:14:28.878 D/PerMgrSrv(  373): PM-PROXY-THREAD registered
02-24 20:14:28.878 D/PerMgrLib(  413): PM-PROXY-THREAD successfully registered for modem
02-24 20:14:28.878 I/PerMgrProxy(  413): pm-proxy-thread Voting for internal modem
02-24 20:14:28.878 D/PerMgrLib(  413): PM-PROXY-THREAD voting for modem
02-24 20:14:28.878 D/PerMgrSrv(  373): PM-PROXY-THREAD voting for modem
02-24 20:14:28.878 D/PerMgrSrv(  373): modem new state: going on-line
02-24 20:14:28.878 D/PerMgrSrv(  373): modem num voters is 1
02-24 20:14:28.967 D/libEGL  (  371): loaded /vendor/lib64/egl/libGLESv1_CM_adreno.so
02-24 20:14:28.979 D/libEGL  (  371): loaded /vendor/lib64/egl/libGLESv2_adreno.so
02-24 20:14:29.002 I/Adreno  (  371): QUALCOMM build                   : 63c06b2, I8366cd0437
02-24 20:14:29.002 I/Adreno  (  371): Build Date                       : 10/21/15
02-24 20:14:29.002 I/Adreno  (  371): OpenGL ES Shader Compiler Version: XE031.05.13.02
02-24 20:14:29.002 I/Adreno  (  371): Local Branch                     : 
02-24 20:14:29.002 I/Adreno  (  371): Remote Branch                    : quic/LA.BF64.1.2.9_v2
02-24 20:14:29.002 I/Adreno  (  371): Remote Branch                    : NONE
02-24 20:14:29.002 I/Adreno  (  371): Reconstruct Branch               : NOTHING
02-24 20:14:29.170 I/qdutils (  371): PartialUpdate status: Enabled
02-24 20:14:29.170 I/qdutils (  371): Left Align: 0
02-24 20:14:29.170 I/qdutils (  371): Width Align: 0
02-24 20:14:29.170 I/qdutils (  371): Top Align: 16
02-24 20:14:29.170 I/qdutils (  371): Height Align: 16
02-24 20:14:29.170 I/qdutils (  371): Min ROI Width: 1080
02-24 20:14:29.170 I/qdutils (  371): Min ROI Height: 0
02-24 20:14:29.170 I/qdutils (  371): Needs ROI Merge: 0
02-24 20:14:29.170 I/qdutils (  371): Dynamic Fps: Disabled
02-24 20:14:29.170 I/qdutils (  371): Min Panel fps: 0
02-24 20:14:29.170 I/qdutils (  371): Max Panel fps: 0
02-24 20:14:29.171 D/qdutils (  371): int qdutils::getHDMINode(): fb node 2 not present
02-24 20:14:29.171 I/qdutils (  371): int qdutils::getHDMINode(): No HDMI node on this device
02-24 20:14:29.173 W/qdhwcomposer(  371): Unable to load libmm-qdcm
02-24 20:14:29.173 I/qdhwcomposer(  371): Initializing Qualcomm Hardware Composer
02-24 20:14:29.173 I/qdhwcomposer(  371): MDP version: 500
02-24 20:14:29.173 I/SurfaceFlinger(  371): Using composer version 1.5
02-24 20:14:29.173 I/qdhwcomposer(  371): hwc_registerProcs
02-24 20:14:29.173 I/qdhwcomposer(  371): Initializing UEVENT Thread
02-24 20:14:29.173 I/qdhwcomposer(  371): Initializing VSYNC Thread
02-24 20:14:29.174 D/qdhwcomposer(  371): hwc_getDisplayAttributes disp = 0, width = 1080
02-24 20:14:29.174 D/qdhwcomposer(  371): hwc_getDisplayAttributes disp = 0, height = 1920
02-24 20:14:29.174 I/qdhwcomposer(  371): vsync_loop: Reading event 0 for dpy 0 from /sys/class/graphics/fb0/vsync_event
02-24 20:14:29.174 E/qdhwcomposer(  371): hwc_getDisplayConfigs display (1) is inactive
02-24 20:14:29.174 I/qdhwcomposer(  371): vsync_loop: Reading event 1 for dpy 0 from /sys/class/graphics/fb0/show_blank_event
02-24 20:14:29.174 I/qdhwcomposer(  371): vsync_loop: Reading event 2 for dpy 0 from /sys/class/graphics/fb0/msm_fb_thermal_level
02-24 20:14:29.174 I/qdhwcomposer(  371): vsync_loop: Reading event 0 for dpy 1 from /sys/class/graphics/fb-1/vsync_event
02-24 20:14:29.174 I/qdhwcomposer(  371): vsync_loop: Reading event 1 for dpy 1 from /sys/class/graphics/fb-1/show_blank_event
02-24 20:14:29.174 I/qdhwcomposer(  371): vsync_loop: Reading event 2 for dpy 1 from /sys/class/graphics/fb-1/msm_fb_thermal_level
02-24 20:14:29.175 I/SurfaceFlinger(  371): EGL information:
02-24 20:14:29.175 I/SurfaceFlinger(  371): vendor    : Android
02-24 20:14:29.175 I/SurfaceFlinger(  371): version   : 1.4 Android META-EGL
02-24 20:14:29.175 I/SurfaceFlinger(  371): extensions: EGL_KHR_get_all_proc_addresses EGL_ANDROID_presentation_time EGL_KHR_swap_buffers_with_damage EGL_KHR_image EGL_KHR_image_base EGL_KHR_lock_surface EGL_KHR_gl_texture_2D_image EGL_KHR_gl_texture_3D_image EGL_KHR_gl_texture_cubemap_image EGL_KHR_gl_renderbuffer_image EGL_KHR_reusable_sync EGL_KHR_fence_sync EGL_KHR_create_context EGL_KHR_surfaceless_context EGL_EXT_create_context_robustness EGL_ANDROID_image_native_buffer EGL_KHR_wait_sync EGL_ANDROID_recordable EGL_KHR_partial_update EGL_KHR_create_context_no_error 
02-24 20:14:29.175 I/SurfaceFlinger(  371): Client API: OpenGL_ES
02-24 20:14:29.175 I/SurfaceFlinger(  371): EGLSurface: 8-8-8-8, config=0x7f7f1d1900
02-24 20:14:29.180 I/SurfaceFlinger(  371): OpenGL ES informations:
02-24 20:14:29.180 I/SurfaceFlinger(  371): vendor    : Qualcomm
02-24 20:14:29.180 I/SurfaceFlinger(  371): renderer  : Adreno (TM) 418
02-24 20:14:29.180 I/SurfaceFlinger(  371): version   : OpenGL ES 3.1 V@127.0 (GIT@I8366cd0437)
02-24 20:14:29.180 I/SurfaceFlinger(  371): extensions: GL_OES_EGL_image GL_OES_EGL_image_external GL_OES_EGL_sync GL_OES_vertex_half_float GL_OES_framebuffer_object GL_OES_rgb8_rgba8 GL_OES_compressed_ETC1_RGB8_texture GL_AMD_compressed_ATC_texture GL_KHR_texture_compression_astc_ldr GL_OES_texture_npot GL_EXT_texture_filter_anisotropic GL_EXT_texture_format_BGRA8888 GL_OES_texture_3D GL_EXT_color_buffer_float GL_EXT_color_buffer_half_float GL_QCOM_alpha_test GL_OES_depth24 GL_OES_packed_depth_stencil GL_OES_depth_texture GL_OES_depth_texture_cube_map GL_EXT_sRGB GL_OES_texture_float GL_OES_texture_float_linear GL_OES_texture_half_float GL_OES_texture_half_float_linear GL_EXT_texture_type_2_10_10_10_REV GL_EXT_texture_sRGB_decode GL_OES_element_index_uint GL_EXT_copy_image GL_EXT_geometry_shader GL_EXT_tessellation_shader GL_OES_texture_stencil8 GL_EXT_shader_io_blocks GL_OES_shader_image_atomic GL_OES_sample_variables GL_EXT_texture_border_clamp GL_EXT_multisampled_render_to_texture GL_OES_shader_multisample_interpolation GL_EXT_texture_cube_map_arr
02-24 20:14:29.180 I/SurfaceFlinger(  371): GL_MAX_TEXTURE_SIZE = 16384
02-24 20:14:29.180 I/SurfaceFlinger(  371): GL_MAX_VIEWPORT_DIMS = 16384
02-24 20:14:29.182 D/SurfaceFlinger(  371): Set power mode=2, type=0 flinger=0x7f7f1c3c00
02-24 20:14:29.182 D/qdhwcomposer(  371): hwc_setPowerMode: Setting mode 2 on display: 0
02-24 20:14:29.182 D/qdhwcomposer(  371): hwc_setPowerMode: Done setting mode 2 on display 0
02-24 20:14:29.182 I/qdhwcomposer(  371): handle_blank_event: dpy:0 panel power state: 1
02-24 20:14:29.288 D/vold    (  338): Disk at 253:0 changed
02-24 20:14:29.319 D/libEGL  (  431): loaded /vendor/lib64/egl/libEGL_adreno.so
02-24 20:14:29.364 D/libEGL  (  431): loaded /vendor/lib64/egl/libGLESv1_CM_adreno.so
02-24 20:14:29.372 D/libEGL  (  431): loaded /vendor/lib64/egl/libGLESv2_adreno.so
02-24 20:14:29.381 I/Adreno  (  431): QUALCOMM build                   : 63c06b2, I8366cd0437
02-24 20:14:29.381 I/Adreno  (  431): Build Date                       : 10/21/15
02-24 20:14:29.381 I/Adreno  (  431): OpenGL ES Shader Compiler Version: XE031.05.13.02
02-24 20:14:29.381 I/Adreno  (  431): Local Branch                     : 
02-24 20:14:29.381 I/Adreno  (  431): Remote Branch                    : quic/LA.BF64.1.2.9_v2
02-24 20:14:29.381 I/Adreno  (  431): Remote Branch                    : NONE
02-24 20:14:29.381 I/Adreno  (  431): Reconstruct Branch               : NOTHING
02-24 20:14:29.398 E/BootAnimation(  431): couldn't find audio_conf.txt
02-24 20:14:29.426 I/Cryptfs (  338): keymaster module name is Keymaster QTI HAL
02-24 20:14:29.426 I/Cryptfs (  338): keymaster version is 256
02-24 20:14:29.426 I/Cryptfs (  338): Found keymaster1 module, using keymaster1 API.
02-24 20:14:29.427 D/QSEECOMAPI: (  338): QSEECom_get_handle sb_length = 0xa000
02-24 20:14:29.427 D/QSEECOMAPI: (  338): App is already loaded QSEE and app id = 3
02-24 20:14:29.428 E/keymaster1_device(  338): TA API Major Verion: 1
02-24 20:14:29.428 E/keymaster1_device(  338): TA API Minor Verion: 0
02-24 20:14:29.428 E/keymaster1_device(  338): TA Major Verion: 1
02-24 20:14:29.429 E/keymaster1_device(  338): TA Minor Verion: 5
02-24 20:14:29.429 I/Cryptfs (  338): Signing safely-padded object
02-24 20:14:29.466 D/DrmLibTime(  383): got the req here! ret=0
02-24 20:14:29.466 D/DrmLibTime(  383): command id, time_cmd_id = 770
02-24 20:14:29.466 D/DrmLibTime(  383): time_getutcsec starts!
02-24 20:14:29.466 D/DrmLibTime(  383): QSEE Time Listener: time_getutcsec
02-24 20:14:29.466 D/DrmLibTime(  383): QSEE Time Listener: get_utc_seconds
02-24 20:14:29.466 D/DrmLibTime(  383): QSEE Time Listener: time_get_modem_time
02-24 20:14:29.466 D/DrmLibTime(  383): QSEE Time Listener: Checking if ATS_MODEM is set or not.
02-24 20:14:29.466 D/QC-time-services(  383): Lib:time_genoff_operation: pargs->base = 13
02-24 20:14:29.466 D/QC-time-services(  383): Lib:time_genoff_operation: pargs->operation = 2
02-24 20:14:29.466 D/QC-time-services(  383): Lib:time_genoff_operation: pargs->ts_val = 0
02-24 20:14:29.466 E/QC-time-services(  383): Lib:time_genoff_operation: Connection failed !!
02-24 20:14:29.466 D/DrmLibTime(  383): QSEE Time Listener: ATS_MODEM is not set. Fallback to Android system time.
02-24 20:14:29.467 D/DrmLibTime(  383): QSEE Time Listener: Retrieved Android system time: 4734869
02-24 20:14:29.467 D/DrmLibTime(  383): time_getutcsec returns 0, sec = 4734869; nsec = 0
02-24 20:14:29.467 D/DrmLibTime(  383): time_getutcsec finished! 
02-24 20:14:29.467 D/DrmLibTime(  383): iotcl_continue_command finished! and return 0 
02-24 20:14:29.467 D/DrmLibTime(  383): before calling ioctl to read the next time_cmd
02-24 20:14:29.521 E/keymaster1_device(  338): HwKmClose
02-24 20:14:29.522 D/QSEECOMAPI: (  338): QSEECom_dealloc_memory 
02-24 20:14:29.522 D/QSEECOMAPI: (  338): QSEECom_shutdown_app, app_id = 3
02-24 20:14:29.962 D/SurfaceFlinger(  371): shader cache generated - 24 shaders in 367.933502 ms
02-24 20:14:29.976 D/qdutils (  371): DEBUG_CALC_FPS: 0
02-24 20:14:29.976 D/qdutils (  371): period: 10
02-24 20:14:29.976 D/qdutils (  371): ignorethresh_us: 500000
02-24 20:14:30.021 I/Cryptfs (  338): Enabling support for allow_discards in dmcrypt.
02-24 20:14:30.022 D/vold    (  338): Disk at 253:2 changed
02-24 20:14:30.519 I/Cryptfs (  338): Password matches
02-24 20:14:30.519 D/Cryptfs (  338): test_mount_encrypted_fs(): Master key saved
02-24 20:14:30.519 I/Cryptfs (  338): keymaster module name is Keymaster QTI HAL
02-24 20:14:30.519 I/Cryptfs (  338): keymaster version is 256
02-24 20:14:30.519 I/Cryptfs (  338): Found keymaster1 module, using keymaster1 API.
02-24 20:14:30.519 D/QSEECOMAPI: (  338): QSEECom_get_handle sb_length = 0xa000
02-24 20:14:30.520 D/QSEECOMAPI: (  338): App is already loaded QSEE and app id = 3
02-24 20:14:30.521 E/keymaster1_device(  338): TA API Major Verion: 1
02-24 20:14:30.521 E/keymaster1_device(  338): TA API Minor Verion: 0
02-24 20:14:30.521 E/keymaster1_device(  338): TA Major Verion: 1
02-24 20:14:30.521 E/keymaster1_device(  338): TA Minor Verion: 5
02-24 20:14:30.521 E/keymaster1_device(  338): HwKmClose
02-24 20:14:30.521 D/QSEECOMAPI: (  338): QSEECom_dealloc_memory 
02-24 20:14:30.521 D/QSEECOMAPI: (  338): QSEECom_shutdown_app, app_id = 3
02-24 20:14:30.521 D/Cryptfs (  338): Password is default - restarting filesystem
02-24 20:14:30.521 D/Cryptfs (  338): unmounting /data succeeded
02-24 20:14:30.536 D/PerMgrSrv(  373): modem new state: is on-line
02-24 20:14:30.604 I/rmt_storage(  372): rmt_storage_connect_cb: clnt_h=0x1 conn_h=0x7f947fa000
02-24 20:14:30.604 I/rmt_storage(  372): rmt_storage_open_cb: /boot/modem_fs1: clnt_h=0x1: req_h=0x1 msg_id=1: Client found
02-24 20:14:30.605 I/rmt_storage(  372): rmt_storage_client_thread: /boot/modem_fs1: clnt_h=0x1 Worker thread started
02-24 20:14:30.605 I/rmt_storage(  372): rmt_storage_open_cb: /boot/modem_fs1: clnt_h=0x1: req_h=0x1 msg_id=1: Send response: res=0 err=0
02-24 20:14:30.605 I/rmt_storage(  372): wake lock name: rmt_storage_547948590144, name creation success: 24
02-24 20:14:30.605 I/rmt_storage(  372): rmt_storage_disconnect_cb: clnt_h=0x1 conn_h=0x7f947fa000
02-24 20:14:30.605 I/rmt_storage(  372): rmt_storage_connect_cb: clnt_h=0x2 conn_h=0x7f947fa000
02-24 20:14:30.605 I/rmt_storage(  372): rmt_storage_open_cb: /boot/modem_fs2: clnt_h=0x2: req_h=0x2 msg_id=1: Client found
02-24 20:14:30.605 I/rmt_storage(  372): rmt_storage_client_thread: /boot/modem_fs2: clnt_h=0x2 Worker thread started
02-24 20:14:30.605 I/rmt_storage(  372): rmt_storage_open_cb: /boot/modem_fs2: clnt_h=0x2: req_h=0x2 msg_id=1: Send response: res=0 err=0
02-24 20:14:30.605 I/rmt_storage(  372): wake lock name: rmt_storage_547947545664, name creation success: 24
02-24 20:14:30.605 I/rmt_storage(  372): rmt_storage_disconnect_cb: clnt_h=0x2 conn_h=0x7f947fa000
02-24 20:14:30.605 I/rmt_storage(  372): rmt_storage_connect_cb: clnt_h=0x3 conn_h=0x7f947fa000
02-24 20:14:30.606 I/rmt_storage(  372): rmt_storage_open_cb: /boot/modem_fsg: clnt_h=0x3: req_h=0x3 msg_id=1: Client found
02-24 20:14:30.606 I/rmt_storage(  372): rmt_storage_client_thread: /boot/modem_fsg: clnt_h=0x3 Worker thread started
02-24 20:14:30.606 I/rmt_storage(  372): rmt_storage_open_cb: /boot/modem_fsg: clnt_h=0x3: req_h=0x3 msg_id=1: Send response: res=0 err=0
02-24 20:14:30.606 I/rmt_storage(  372): wake lock name: rmt_storage_547946501184, name creation success: 24
02-24 20:14:30.606 I/rmt_storage(  372): rmt_storage_disconnect_cb: clnt_h=0x3 conn_h=0x7f947fa000
02-24 20:14:30.606 I/rmt_storage(  372): rmt_storage_connect_cb: clnt_h=0x4 conn_h=0x7f947fa000
02-24 20:14:30.606 I/rmt_storage(  372): rmt_storage_open_cb: /boot/modem_fsc: clnt_h=0x4: req_h=0x4 msg_id=1: Client found
02-24 20:14:30.606 I/rmt_storage(  372): rmt_storage_client_thread: /boot/modem_fsc: clnt_h=0x4 Worker thread started
02-24 20:14:30.606 I/rmt_storage(  372): rmt_storage_open_cb: /boot/modem_fsc: clnt_h=0x4: req_h=0x4 msg_id=1: Send response: res=0 err=0
02-24 20:14:30.606 I/rmt_storage(  372): wake lock name: rmt_storage_547945456704, name creation success: 24
02-24 20:14:30.607 I/rmt_storage(  372): rmt_storage_disconnect_cb: clnt_h=0x4 conn_h=0x7f947fa000
02-24 20:14:30.607 I/rmt_storage(  372): rmt_storage_connect_cb: clnt_h=0x5 conn_h=0x7f947fa000
02-24 20:14:30.607 I/rmt_storage(  372): rmt_storage_alloc_buff_cb: /boot/modem_fs1: clnt_h=0x5: req_h=0x5 msg_id=4: Alloc request received: Size: 0
02-24 20:14:30.607 I/rmt_storage(  372): rmt_storage_alloc_buff_cb: /boot/modem_fs1: clnt_h=0x5: req_h=0x5 msg_id=4: New client making a dummy request with buffer req size 0
02-24 20:14:30.607 I/rmt_storage(  372): rmt_storage_alloc_buff_cb: /boot/modem_fs1: clnt_h=0x5: req_h=0x5 msg_id=4: Send response: res=0 err=0
02-24 20:14:30.608 I/rmt_storage(  372): rmt_storage_disconnect_cb: clnt_h=0x5 conn_h=0x7f947fa000
02-24 20:14:30.608 I/rmt_storage(  372): rmt_storage_connect_cb: clnt_h=0x6 conn_h=0x7f947fa000
02-24 20:14:30.608 I/rmt_storage(  372): rmt_storage_rw_iovec_cb: /boot/modem_fs1: clnt_h=0x6: req_h=0x6 msg_id=3: R/W request received
02-24 20:14:30.608 I/rmt_storage(  372): wakelock acquired: 1, error no: 42
02-24 20:14:30.608 I/rmt_storage(  372): rmt_storage_client_thread: /boot/modem_fs1: clnt_h=0x6 Unblock worker thread (th_id: 547948590144)
02-24 20:14:30.609 I/rmt_storage(  372): rmt_storage_client_thread: /boot/modem_fs1: clnt_h=0x6: req_h=0x6 msg_id=3: Bytes read = 512
02-24 20:14:30.609 I/rmt_storage(  372): rmt_storage_client_thread: /boot/modem_fs1: clnt_h=0x6: req_h=0x6 msg_id=3: Send response: res=0 err=0
02-24 20:14:30.609 I/rmt_storage(  372): rmt_storage_client_thread: /boot/modem_fs1: clnt_h=0x6 About to block rmt_storage client thread (th_id: 547948590144) wakelock released: 1, error no: 0
02-24 20:14:30.609 I/rmt_storage(  372): 
02-24 20:14:30.610 I/rmt_storage(  372): rmt_storage_connect_cb: clnt_h=0x7 conn_h=0x7f947fa010
02-24 20:14:30.610 I/rmt_storage(  372): rmt_storage_rw_iovec_cb: /boot/modem_fs2: clnt_h=0x6: req_h=0x7 msg_id=3: R/W request received
02-24 20:14:30.610 I/rmt_storage(  372): wakelock acquired: 1, error no: 42
02-24 20:14:30.610 I/rmt_storage(  372): rmt_storage_disconnect_cb: clnt_h=0x6 conn_h=0x7f947fa000
02-24 20:14:30.610 I/rmt_storage(  372): rmt_storage_client_thread: /boot/modem_fs2: clnt_h=0x6 Unblock worker thread (th_id: 547947545664)
02-24 20:14:30.610 I/rmt_storage(  372): rmt_storage_client_thread: /boot/modem_fs2: clnt_h=0x6: req_h=0x7 msg_id=3: Bytes read = 512
02-24 20:14:30.611 I/rmt_storage(  372): rmt_storage_client_thread: /boot/modem_fs2: clnt_h=0x6: req_h=0x7 msg_id=3: Send response: res=0 err=0
02-24 20:14:30.611 I/rmt_storage(  372): rmt_storage_client_thread: /boot/modem_fs2: clnt_h=0x6 About to block rmt_storage client thread (th_id: 547947545664) wakelock released: 1, error no: 0
02-24 20:14:30.611 I/rmt_storage(  372): 
02-24 20:14:30.611 I/rmt_storage(  372): rmt_storage_disconnect_cb: clnt_h=0x7 conn_h=0x7f947fa010
02-24 20:14:30.612 I/rmt_storage(  372): rmt_storage_connect_cb: clnt_h=0x8 conn_h=0x7f947fa010
02-24 20:14:30.612 I/rmt_storage(  372): rmt_storage_rw_iovec_cb: /boot/modem_fs2: clnt_h=0x6: req_h=0x8 msg_id=3: R/W request received
02-24 20:14:30.612 I/rmt_storage(  372): wakelock acquired: 1, error no: 42
02-24 20:14:30.612 I/rmt_storage(  372): rmt_storage_client_thread: /boot/modem_fs2: clnt_h=0x6 Unblock worker thread (th_id: 547947545664)
02-24 20:14:30.621 I/rmt_storage(  372): rmt_storage_client_thread: /boot/modem_fs2: clnt_h=0x6: req_h=0x8 msg_id=3: Bytes read = 1571840
02-24 20:14:30.621 I/rmt_storage(  372): rmt_storage_client_thread: /boot/modem_fs2: clnt_h=0x6: req_h=0x8 msg_id=3: Send response: res=0 err=0
02-24 20:14:30.621 I/rmt_storage(  372): rmt_storage_client_thread: /boot/modem_fs2: clnt_h=0x6 About to block rmt_storage client thread (th_id: 547947545664) wakelock released: 1, error no: 0
02-24 20:14:30.621 I/rmt_storage(  372): 
02-24 20:14:30.621 I/rmt_storage(  372): rmt_storage_disconnect_cb: clnt_h=0x8 conn_h=0x7f947fa010
02-24 20:14:30.629 D/Cryptfs (  338): Just triggered post_fs_data
02-24 20:14:30.675 I//system/bin/tzdatacheck(  480): tzdata file /data/misc/zoneinfo/current/tzdata does not exist. No action required.
02-24 20:14:30.729 D/Cryptfs (  338): post_fs_data done
02-24 20:14:30.730 D/Cryptfs (  338): Just triggered restart_framework
02-24 20:14:30.747 I/        (  484): debuggerd: starting
02-24 20:14:30.750 I/irsc_util(  491): Starting irsc tool
02-24 20:14:30.755 I/irsc_util(  491): Num of entries:27
02-24 20:14:30.756 I/irsc_util(  491): Ending irsc tool
02-24 20:14:30.769 I/installd(  488): installd firing up
02-24 20:14:30.777 I/Netd    (  482): Netd 1.0 starting
02-24 20:14:30.780 D/TetherController(  482): Setting IP forward enable = 0
02-24 20:14:30.782 I/keystore(  490): Found keymaster1 module Keymaster QTI HAL, version 100
02-24 20:14:30.782 I/SoftKeymaster(  490): system/keymaster/soft_keymaster_device.cpp, Line 122: Creating device
02-24 20:14:30.782 D/SoftKeymaster(  490): system/keymaster/soft_keymaster_device.cpp, Line 123: Device address: 0x7f7f063000
02-24 20:14:30.783 D/QSEECOMAPI: (  490): QSEECom_get_handle sb_length = 0xa000
02-24 20:14:30.783 D/QSEECOMAPI: (  490): App is already loaded QSEE and app id = 3
02-24 20:14:30.785 E/keymaster1_device(  490): TA API Major Verion: 1
02-24 20:14:30.785 E/keymaster1_device(  490): TA API Minor Verion: 0
02-24 20:14:30.785 E/keymaster1_device(  490): TA Major Verion: 1
02-24 20:14:30.785 E/keymaster1_device(  490): TA Minor Verion: 5
02-24 20:14:30.785 D/SoftKeymaster(  490): system/keymaster/soft_keymaster_device.cpp, Line 173: Reinitializing SoftKeymasterDevice to use HW keymaster1
02-24 20:14:30.785 E/Diag_Lib(  497):  Diag_LSM_Init: Failed to open handle to diag driver, error = 13
02-24 20:14:30.786 E/Diag_Lib(  497): qpLogDiagInit <== result : 0
02-24 20:14:30.786 E/Diag_Lib(  497): QMID : gIsQXDMDisabled 0, gIsADBDisabled 1, gIsDebugDisabled 0, gIsIMSLogsDisabled 0
02-24 20:14:30.786 E/Diag_Lib(  497):  Diag_LSM_Init: Failed to open handle to diag driver, error = 13
02-24 20:14:30.786 E/Diag_Lib(  497): qpLogDiagInit <== result : 0
02-24 20:14:30.786 E/Diag_Lib(  497): QMID : gIsQXDMDisabled 0, gIsADBDisabled 1, gIsDebugDisabled 0, gIsIMSLogsDisabled 0
02-24 20:14:30.786 E/Diag_Lib(  497):  Diag_LSM_Init: Failed to open handle to diag driver, error = 13
02-24 20:14:30.786 E/Diag_Lib(  497): qpLogDiagInit <== result : 0
02-24 20:14:30.786 E/Diag_Lib(  497): QMID : gIsQXDMDisabled 0, gIsADBDisabled 1, gIsDebugDisabled 0, gIsIMSLogsDisabled 0
02-24 20:14:30.786 E/Diag_Lib(  497):  Diag_LSM_Init: Failed to open handle to diag driver, error = 13
02-24 20:14:30.786 E/Diag_Lib(  497): qpLogDiagInit <== result : 0
02-24 20:14:30.786 E/Diag_Lib(  497): QMID : gIsQXDMDisabled 0, gIsADBDisabled 1, gIsDebugDisabled 0, gIsIMSLogsDisabled 0
02-24 20:14:30.786 E/Diag_Lib(  497):  Diag_LSM_Init: Failed to open handle to diag driver, error = 13
02-24 20:14:30.786 E/Diag_Lib(  497): qpLogDiagInit <== result : 0
02-24 20:14:30.786 E/Diag_Lib(  497): QMID : gIsQXDMDisabled 0, gIsADBDisabled 1, gIsDebugDisabled 0, gIsIMSLogsDisabled 0
02-24 20:14:30.786 E/Diag_Lib(  497):  Diag_LSM_Init: Failed to open handle to diag driver, error = 13
02-24 20:14:30.786 E/Diag_Lib(  497): qpLogDiagInit <== result : 0
02-24 20:14:30.786 E/Diag_Lib(  497): QMID : gIsQXDMDisabled 0, gIsADBDisabled 1, gIsDebugDisabled 0, gIsIMSLogsDisabled 0
02-24 20:14:30.788 I/keystore(  490): Keymaster1 module is incomplete, using SoftKeymasterDevice wrapper
02-24 20:14:30.788 I/SoftKeymaster(  490): system/keymaster/soft_keymaster_device.cpp, Line 122: Creating device
02-24 20:14:30.788 D/SoftKeymaster(  490): system/keymaster/soft_keymaster_device.cpp, Line 123: Device address: 0x7f7f063300
02-24 20:14:30.798 E/Diag_Lib(  497):  Diag_LSM_Init: Failed to open handle to diag driver, error = 13
02-24 20:14:30.798 E/Diag_Lib(  497): qpLogDiagInit <== result : 0
02-24 20:14:30.798 E/Diag_Lib(  497): QMID : gIsQXDMDisabled 0, gIsADBDisabled 1, gIsDebugDisabled 0, gIsIMSLogsDisabled 0
02-24 20:14:30.798 E/Diag_Lib(  497):  Diag_LSM_Init: Failed to open handle to diag driver, error = 13
02-24 20:14:30.798 E/Diag_Lib(  497): qpLogDiagInit <== result : 0
02-24 20:14:30.798 E/Diag_Lib(  497): QMID : gIsQXDMDisabled 0, gIsADBDisabled 1, gIsDebugDisabled 0, gIsIMSLogsDisabled 0
02-24 20:14:30.799 E/Diag_Lib(  497):  Diag_LSM_Init: Failed to open handle to diag driver, error = 13
02-24 20:14:30.799 E/Diag_Lib(  497): qpLogDiagInit <== result : 0
02-24 20:14:30.799 E/Diag_Lib(  497): QMID : gIsQXDMDisabled 0, gIsADBDisabled 1, gIsDebugDisabled 0, gIsIMSLogsDisabled 0
02-24 20:14:30.826 I/rmt_storage(  372): rmt_storage_connect_cb: clnt_h=0x9 conn_h=0x7f947fa010
02-24 20:14:30.826 I/rmt_storage(  372): rmt_storage_rw_iovec_cb: /boot/modem_fs1: clnt_h=0x6: req_h=0x9 msg_id=3: R/W request received
02-24 20:14:30.826 I/rmt_storage(  372): wakelock acquired: 1, error no: 42
02-24 20:14:30.826 I/rmt_storage(  372): rmt_storage_client_thread: /boot/modem_fs1: clnt_h=0x6 Unblock worker thread (th_id: 547948590144)
02-24 20:14:30.878 I/rmt_storage(  372): rmt_storage_client_thread: /boot/modem_fs1: clnt_h=0x6: req_h=0x9 msg_id=3: Bytes written = 1572864
02-24 20:14:30.878 I/rmt_storage(  372): rmt_storage_client_thread: /boot/modem_fs1: clnt_h=0x6: req_h=0x9 msg_id=3: Send response: res=0 err=0
02-24 20:14:30.878 I/rmt_storage(  372): rmt_storage_client_thread: /boot/modem_fs1: clnt_h=0x6 About to block rmt_storage client thread (th_id: 547948590144) wakelock released: 1, error no: 0
02-24 20:14:30.878 I/rmt_storage(  372): 
02-24 20:14:30.879 I/rmt_storage(  372): rmt_storage_disconnect_cb: clnt_h=0x9 conn_h=0x7f947fa010
02-24 20:14:30.906 D/QC-time-services(  509): Daemon:genoff_pre_init::Base = 0
02-24 20:14:30.906 D/QC-time-services(  509): Daemon:ats_rtc_init: Time read from RTC -- year = 70, month = 1,day = 24
02-24 20:14:30.918 I/fingerprintd(  514): Starting fingerprintd
02-24 20:14:30.924 E/Diag_Lib(  508):  Diag_LSM_Init: Failed to open handle to diag driver, error = 13
02-24 20:14:30.924 E/QC-QMI  (  508): qmi_client [508]: unable to bind to client socket, rc = -1 errno[13:Permission denied]
02-24 20:14:30.924 E/QC-QMI  (  508): qmi_qmux_if_pwr_up_init_ex:  Initialization failed, rc = -1
02-24 20:14:30.924 E/QMI_FW  (  508): QMUXD: WARNING qmi_qmux_if_pwr_up_init failed! rc=-1
02-24 20:14:30.924 E/QC-QMI  (  508): qmi_client [508]: unable to bind to client socket, rc = -1 errno[13:Permission denied]
02-24 20:14:30.925 E/QC-QMI  (  508): qmi_qmux_if_pwr_up_init_ex:  Initialization failed, rc = -1
02-24 20:14:30.925 E/QMI_FW  (  508): QMUXD: WARNING qmi_qmux_if_pwr_up_init failed! rc=-1
02-24 20:14:30.925 E/QC-QMI  (  508): qmi_client [508]: unable to bind to client socket, rc = -1 errno[13:Permission denied]
02-24 20:14:30.925 E/QC-QMI  (  508): qmi_qmux_if_pwr_up_init_ex:  Initialization failed, rc = -1
02-24 20:14:30.925 E/QMI_FW  (  508): QMUXD: WARNING qmi_qmux_if_pwr_up_init failed! rc=-1
02-24 20:14:30.925 E/QC-QMI  (  508): qmi_client [508]: unable to bind to client socket, rc = -1 errno[13:Permission denied]
02-24 20:14:30.925 E/QC-QMI  (  508): qmi_qmux_if_pwr_up_init_ex:  Initialization failed, rc = -1
02-24 20:14:30.925 E/QMI_FW  (  508): QMUXD: WARNING qmi_qmux_if_pwr_up_init failed! rc=-1
02-24 20:14:30.934 I/rmt_storage(  372): rmt_storage_connect_cb: clnt_h=0xa conn_h=0x7f947fa010
02-24 20:14:30.934 I/rmt_storage(  372): rmt_storage_rw_iovec_cb: /boot/modem_fs2: clnt_h=0x6: req_h=0xa msg_id=3: R/W request received
02-24 20:14:30.934 I/rmt_storage(  372): wakelock acquired: 1, error no: 42
02-24 20:14:30.934 I/rmt_storage(  372): rmt_storage_client_thread: /boot/modem_fs2: clnt_h=0x6 Unblock worker thread (th_id: 547947545664)
02-24 20:14:30.945 D/QC-time-services(  509): Daemon:Value read from RTC seconds = 4734871000
02-24 20:14:30.945 D/QC-time-services(  509): Daemon:genoff_init_config: ATS_RTC initialized with rc: 0
02-24 20:14:30.945 D/QC-time-services(  509): Daemon:genoff_pre_init::Base = 1
02-24 20:14:30.945 D/QC-time-services(  509): Daemon: Storage Name: ats_1 
02-24 20:14:30.945 D/QC-time-services(  509): Daemon:Opening File: /data/time/ats_1
02-24 20:14:30.945 D/QC-time-services(  509): Daemon:time_persistent_memory_opr:Genoff Read operation 
02-24 20:14:30.951 D/QC-time-services(  509): Daemon:genoff_pre_init::Base = 2
02-24 20:14:30.951 D/QC-time-services(  509): Daemon: Storage Name: ats_2 
02-24 20:14:30.951 D/QC-time-services(  509): Daemon:Opening File: /data/time/ats_2
02-24 20:14:30.951 D/QC-time-services(  509): Daemon:time_persistent_memory_opr:Genoff Read operation 
02-24 20:14:30.976 I/gatekeeperd(  501): Starting gatekeeperd...
02-24 20:14:30.981 I/rmt_storage(  372): rmt_storage_client_thread: /boot/modem_fs2: clnt_h=0x6: req_h=0xa msg_id=3: Bytes written = 1572864
02-24 20:14:30.982 I/rmt_storage(  372): rmt_storage_client_thread: /boot/modem_fs2: clnt_h=0x6: req_h=0xa msg_id=3: Send response: res=0 err=0
02-24 20:14:30.982 I/rmt_storage(  372): rmt_storage_client_thread: /boot/modem_fs2: clnt_h=0x6 About to block rmt_storage client thread (th_id: 547947545664) wakelock released: 1, error no: 0
02-24 20:14:30.982 I/rmt_storage(  372): 
02-24 20:14:30.982 I/rmt_storage(  372): rmt_storage_disconnect_cb: clnt_h=0xa conn_h=0x7f947fa010
02-24 20:14:30.994 D/gatekeeper_device(  501): HwKmOpen called
02-24 20:14:30.994 D/QSEECOMAPI: (  501): QSEECom_get_handle sb_length = 0xa000
02-24 20:14:30.994 D/QSEECOMAPI: (  501): App is already loaded QSEE and app id = 3
02-24 20:14:31.029 E/Diag_Lib(  511):  Diag_LSM_Init: Failed to open handle to diag driver, error = 13
02-24 20:14:31.030 E/QC-QMI  (  511): qmi_client [511]: unable to connect to server, errno=[2:No such file or directory], attempt=1
02-24 20:14:31.031 I/ThermalEngine(  496): Thermal daemon started
02-24 20:14:31.032 I/ThermalEngine(  496): Using target config file '/system/etc/thermal-engine-8992.conf'
02-24 20:14:31.032 I/ThermalEngine(  496): devices_manager_init: Init
02-24 20:14:31.032 I/ThermalEngine(  496): Number of gpus :1
02-24 20:14:31.032 I/Thermal-IOCTL(  496): KTM IOCTL interface "/dev/msm_thermal_query" opened
02-24 20:14:31.033 E/ThermalEngine(  496): update_cpu_topology: Cluster Info[0]. Cluster Id: 0 cpu_bits:0xf sync:1
02-24 20:14:31.033 E/ThermalEngine(  496): update_cpu_topology: Cluster Info[1]. Cluster Id: 1 cpu_bits:0x30 sync:1
02-24 20:14:31.044 I/ThermalEngine(  496): vdd_rstr_init: Init KTM VDD RSTR enabled: 0
02-24 20:14:31.045 E/Diag_Lib(  496):  Diag_LSM_Init: Failed to open handle to diag driver, error = 13
02-24 20:14:31.045 I/ThermalEngine(  496): sensors_manager_init: Init
02-24 20:14:31.045 E/QC-QMI  (  496): qmi_client [496]: unable to connect to server, errno=[2:No such file or directory], attempt=1
02-24 20:14:31.049 E/QCNEA   (  512): Cne Version 4.8
02-24 20:14:31.049 E/Diag_Lib(  512):  Diag_LSM_Init: Failed to open handle to diag driver, error = 13
02-24 20:14:31.050 E/Diag_Lib(  512):  Diag_LSM_Init: Failed to open handle to diag driver, error = 13
02-24 20:14:31.051 E/QC-QMI  (  512): qmi_client [512]: unable to connect to server, errno=[2:No such file or directory], attempt=1
02-24 20:14:31.064 E/ThermalEngine(  496): bcl_setup: Unexpected node error
02-24 20:14:31.064 E/ThermalEngine(  496): add_tgt_sensors_set: Error adding bcl
02-24 20:14:31.064 E/ThermalEngine(  496): sensors_init: Error adding BCL TS
02-24 20:14:31.066 E/Diag_Lib(  494):  Diag_LSM_Init: Failed to open handle to diag driver, error = 13
02-24 20:14:31.066 E/Diag_Lib(  494):  Diag_LSM_Init: Failed to open handle to diag driver, error = 13
02-24 20:14:31.066 E/QC-QMI  (  494): qmi_client [494]: unable to connect to server, errno=[2:No such file or directory], attempt=1
02-24 20:14:31.067 I/ThermalEngine(  496): Loading config file for virtual sensor
02-24 20:14:31.067 I/ThermalEngine(  496): Loading configuration file /system/etc/thermal-engine-8992.conf
02-24 20:14:31.074 I/ThermalEngine(  496): Parsing section global
02-24 20:14:31.074 I/ThermalEngine(  496): Found field 'sampling'
02-24 20:14:31.074 I/ThermalEngine(  496): Found field 'charger_offset'
02-24 20:14:31.074 E/ThermalEngine(  496): virtual_sensors_init: Error getting virtual sensors set
02-24 20:14:31.074 I/ThermalEngine(  496): Loading configuration file /system/etc/thermal-engine-8992.conf
02-24 20:14:31.074 I/ThermalEngine(  496): Parsing section global
02-24 20:14:31.074 I/ThermalEngine(  496): Found field 'sampling'
02-24 20:14:31.074 I/ThermalEngine(  496): Found field 'charger_offset'
02-24 20:14:31.075 I/ThermalEngine(  496): Created section 'CPU0_MONITOR'
02-24 20:14:31.075 I/ThermalEngine(  496): Algo Type 'monitor'
02-24 20:14:31.075 I/ThermalEngine(  496): Parsing section CPU0_MONITOR
02-24 20:14:31.075 I/ThermalEngine(  496): Found field 'sensor'
02-24 20:14:31.075 I/ThermalEngine(  496): Found field 'sampling'
02-24 20:14:31.075 I/ThermalEngine(  496): Found field 'thresholds'
02-24 20:14:31.075 I/ThermalEngine(  496): Found field 'thresholds_clr'
02-24 20:14:31.075 I/ThermalEngine(  496): Found field 'actions'
02-24 20:14:31.075 I/ThermalEngine(  496): Found field 'action_info'
02-24 20:14:31.075 I/ThermalEngine(  496): Created section 'CPU2_MONITOR'
02-24 20:14:31.075 I/ThermalEngine(  496): Algo Type 'monitor'
02-24 20:14:31.075 I/ThermalEngine(  496): Parsing section CPU2_MONITOR
02-24 20:14:31.075 I/ThermalEngine(  496): Found field 'sensor'
02-24 20:14:31.075 I/ThermalEngine(  496): Found field 'sampling'
02-24 20:14:31.075 I/ThermalEngine(  496): Found field 'thresholds'
02-24 20:14:31.075 I/ThermalEngine(  496): Found field 'thresholds_clr'
02-24 20:14:31.075 I/ThermalEngine(  496): Found field 'actions'
02-24 20:14:31.075 I/ThermalEngine(  496): Found field 'action_info'
02-24 20:14:31.075 I/ThermalEngine(  496): Created section 'CPU3_MONITOR'
02-24 20:14:31.075 I/ThermalEngine(  496): Algo Type 'monitor'
02-24 20:14:31.075 I/ThermalEngine(  496): Parsing section CPU3_MONITOR
02-24 20:14:31.075 I/ThermalEngine(  496): Found field 'sensor'
02-24 20:14:31.075 I/ThermalEngine(  496): Found field 'sampling'
02-24 20:14:31.075 I/ThermalEngine(  496): Found field 'thresholds'
02-24 20:14:31.075 I/ThermalEngine(  496): Found field 'thresholds_clr'
02-24 20:14:31.075 I/ThermalEngine(  496): Found field 'actions'
02-24 20:14:31.075 I/ThermalEngine(  496): Found field 'action_info'
02-24 20:14:31.075 I/ThermalEngine(  496): Created section 'CPU4_MONITOR'
02-24 20:14:31.075 I/ThermalEngine(  496): Algo Type 'monitor'
02-24 20:14:31.075 I/ThermalEngine(  496): Parsing section CPU4_MONITOR
02-24 20:14:31.075 I/ThermalEngine(  496): Found field 'sensor'
02-24 20:14:31.075 I/ThermalEngine(  496): Found field 'sampling'
02-24 20:14:31.076 I/ThermalEngine(  496): Found field 'thresholds'
02-24 20:14:31.076 I/ThermalEngine(  496): Found field 'thresholds_clr'
02-24 20:14:31.076 I/ThermalEngine(  496): Found field 'actions'
02-24 20:14:31.076 I/ThermalEngine(  496): Found field 'action_info'
02-24 20:14:31.076 I/ThermalEngine(  496): Created section 'CPU5_MONITOR'
02-24 20:14:31.076 I/ThermalEngine(  496): Algo Type 'monitor'
02-24 20:14:31.076 I/ThermalEngine(  496): Parsing section CPU5_MONITOR
02-24 20:14:31.076 I/ThermalEngine(  496): Found field 'sensor'
02-24 20:14:31.076 I/ThermalEngine(  496): Found field 'sampling'
02-24 20:14:31.076 I/ThermalEngine(  496): Found field 'thresholds'
02-24 20:14:31.076 I/ThermalEngine(  496): Found field 'thresholds_clr'
02-24 20:14:31.076 I/ThermalEngine(  496): Found field 'actions'
02-24 20:14:31.076 I/ThermalEngine(  496): Found field 'action_info'
02-24 20:14:31.076 I/ThermalEngine(  496): Created section 'CPU4_HOTPLUG_MONITOR'
02-24 20:14:31.076 I/ThermalEngine(  496): Algo Type 'monitor'
02-24 20:14:31.076 I/ThermalEngine(  496): Parsing section CPU4_HOTPLUG_MONITOR
02-24 20:14:31.076 I/ThermalEngine(  496): Found field 'sensor'
02-24 20:14:31.076 I/ThermalEngine(  496): Found field 'sampling'
02-24 20:14:31.076 I/ThermalEngine(  496): Found field 'thresholds'
02-24 20:14:31.076 I/ThermalEngine(  496): Found field 'thresholds_clr'
02-24 20:14:31.076 I/ThermalEngine(  496): Found field 'actions'
02-24 20:14:31.076 I/ThermalEngine(  496): Found field 'action_info'
02-24 20:14:31.076 I/ThermalEngine(  496): Created section 'CPU5_HOTPLUG_MONITOR'
02-24 20:14:31.076 I/ThermalEngine(  496): Algo Type 'monitor'
02-24 20:14:31.076 I/ThermalEngine(  496): Parsing section CPU5_HOTPLUG_MONITOR
02-24 20:14:31.076 I/ThermalEngine(  496): Found field 'sensor'
02-24 20:14:31.076 I/ThermalEngine(  496): Found field 'sampling'
02-24 20:14:31.076 I/ThermalEngine(  496): Found field 'thresholds'
02-24 20:14:31.076 I/ThermalEngine(  496): Found field 'thresholds_clr'
02-24 20:14:31.076 I/ThermalEngine(  496): Found field 'actions'
02-24 20:14:31.076 I/ThermalEngine(  496): Found field 'action_info'
02-24 20:14:31.076 I/ThermalEngine(  496): Created section 'LCD_management'
02-24 20:14:31.077 I/ThermalEngine(  496): Algo Type 'monitor'
02-24 20:14:31.077 I/ThermalEngine(  496): Parsing section LCD_management
02-24 20:14:31.077 I/ThermalEngine(  496): Found field 'sensor'
02-24 20:14:31.077 I/ThermalEngine(  496): Found field 'sampling'
02-24 20:14:31.077 I/ThermalEngine(  496): Found field 'thresholds'
02-24 20:14:31.077 I/ThermalEngine(  496): Found field 'thresholds_clr'
02-24 20:14:31.077 I/ThermalEngine(  496): Found field 'actions'
02-24 20:14:31.077 I/ThermalEngine(  496): Found field 'action_info'
02-24 20:14:31.077 I/ThermalEngine(  496): Created section 'battery_monitor'
02-24 20:14:31.077 I/ThermalEngine(  496): Algo Type 'monitor'
02-24 20:14:31.077 I/ThermalEngine(  496): Parsing section battery_monitor
02-24 20:14:31.077 I/ThermalEngine(  496): Found field 'sensor'
02-24 20:14:31.077 I/ThermalEngine(  496): Found field 'sampling'
02-24 20:14:31.077 I/ThermalEngine(  496): Found field 'thresholds'
02-24 20:14:31.077 I/ThermalEngine(  496): Found field 'thresholds_clr'
02-24 20:14:31.077 I/ThermalEngine(  496): Found field 'actions'
02-24 20:14:31.077 I/ThermalEngine(  496): Found field 'action_info'
02-24 20:14:31.077 I/ThermalEngine(  496): Created section 'PID-LITTLE_CLUSTER_management'
02-24 20:14:31.077 I/ThermalEngine(  496): Algo Type 'pid'
02-24 20:14:31.077 I/ThermalEngine(  496): Parsing section PID-LITTLE_CLUSTER_management
02-24 20:14:31.077 I/ThermalEngine(  496): Found field 'sampling'
02-24 20:14:31.077 I/ThermalEngine(  496): Found field 'sensor'
02-24 20:14:31.077 I/ThermalEngine(  496): Found field 'device'
02-24 20:14:31.077 I/ThermalEngine(  496): Found field 'set_point'
02-24 20:14:31.077 I/ThermalEngine(  496): Found field 'set_point_clr'
02-24 20:14:31.077 I/ThermalEngine(  496): Found field 'p_const'
02-24 20:14:31.077 I/ThermalEngine(  496): Found field 'i_const'
02-24 20:14:31.077 I/ThermalEngine(  496): Found field 'd_const'
02-24 20:14:31.077 I/ThermalEngine(  496): Found field 'i_samples'
02-24 20:14:31.077 I/ThermalEngine(  496): Found field 'dev_units_per_calc'
02-24 20:14:31.078 I/ThermalEngine(  496): Found field 'limit'
02-24 20:14:31.078 I/ThermalEngine(  496): Created section 'PID-BIG_CLUSTER_management'
02-24 20:14:31.078 I/ThermalEngine(  496): Algo Type 'pid'
02-24 20:14:31.078 I/ThermalEngine(  496): Parsing section PID-BIG_CLUSTER_management
02-24 20:14:31.078 I/ThermalEngine(  496): Found field 'sampling'
02-24 20:14:31.078 I/ThermalEngine(  496): Found field 'sensor'
02-24 20:14:31.078 I/ThermalEngine(  496): Found field 'device'
02-24 20:14:31.078 I/ThermalEngine(  496): Found field 'set_point'
02-24 20:14:31.078 I/ThermalEngine(  496): Found field 'set_point_clr'
02-24 20:14:31.078 I/ThermalEngine(  496): Found field 'p_const'
02-24 20:14:31.078 I/ThermalEngine(  496): Found field 'i_const'
02-24 20:14:31.078 I/ThermalEngine(  496): Found field 'd_const'
02-24 20:14:31.078 I/ThermalEngine(  496): Found field 'i_samples'
02-24 20:14:31.078 I/ThermalEngine(  496): Found field 'dev_units_per_calc'
02-24 20:14:31.078 I/ThermalEngine(  496): Found field 'limit'
02-24 20:14:31.078 I/ThermalEngine(  496): Created section 'SS-GPU_management'
02-24 20:14:31.078 I/ThermalEngine(  496): Algo Type 'pid'
02-24 20:14:31.078 I/ThermalEngine(  496): Parsing section SS-GPU_management
02-24 20:14:31.078 I/ThermalEngine(  496): Found field 'sensor'
02-24 20:14:31.078 I/ThermalEngine(  496): Found field 'sampling'
02-24 20:14:31.078 I/ThermalEngine(  496): Found field 'device'
02-24 20:14:31.078 I/ThermalEngine(  496): Found field 'set_point'
02-24 20:14:31.078 I/ThermalEngine(  496): Found field 'set_point_clr'
02-24 20:14:31.078 I/ThermalEngine(  496): Found field 'p_const'
02-24 20:14:31.078 I/ThermalEngine(  496): Found field 'i_const'
02-24 20:14:31.079 I/ThermalEngine(  496): Found field 'd_const'
02-24 20:14:31.079 I/ThermalEngine(  496): Found field 'i_samples'
02-24 20:14:31.079 I/ThermalEngine(  496): Found field 'dev_units_per_calc'
02-24 20:14:31.079 I/ThermalEngine(  496): Found field 'limit'
02-24 20:14:31.079 I/ThermalEngine(  496): [SS-GPU_management]
02-24 20:14:31.079 I/ThermalEngine(  496): algo_type pid
02-24 20:14:31.079 I/ThermalEngine(  496): sampling 5000
02-24 20:14:31.079 I/ThermalEngine(  496): sensor xo_therm
02-24 20:14:31.079 I/ThermalEngine(  496): device gpu
02-24 20:14:31.079 I/ThermalEngine(  496): set_point 44000
02-24 20:14:31.079 I/ThermalEngine(  496): set_point_clr 41000
02-24 20:14:31.079 I/ThermalEngine(  496): p_const 5.000000
02-24 20:14:31.079 I/ThermalEngine(  496): i_const 0.050000
02-24 20:14:31.079 I/ThermalEngine(  496): d_const 0.000000
02-24 20:14:31.079 I/ThermalEngine(  496): i_samples 20
02-24 20:14:31.079 I/ThermalEngine(  496): dev_units_per_calc 3500000
02-24 20:14:31.079 I/ThermalEngine(  496): [PID-BIG_CLUSTER_management]
02-24 20:14:31.079 I/ThermalEngine(  496): algo_type pid
02-24 20:14:31.079 I/ThermalEngine(  496): sampling 1000
02-24 20:14:31.079 I/ThermalEngine(  496): sensor xo_therm
02-24 20:14:31.079 I/ThermalEngine(  496): device cluster1
02-24 20:14:31.079 I/ThermalEngine(  496): set_point 39000
02-24 20:14:31.079 I/ThermalEngine(  496): set_point_clr 37000
02-24 20:14:31.079 I/ThermalEngine(  496): p_const 10.000000
02-24 20:14:31.079 I/ThermalEngine(  496): i_const 0.090000
02-24 20:14:31.079 I/ThermalEngine(  496): d_const 0.000000
02-24 20:14:31.079 I/ThermalEngine(  496): i_samples 10
02-24 20:14:31.079 I/ThermalEngine(  496): dev_units_per_calc 10000
02-24 20:14:31.079 I/ThermalEngine(  496): [PID-LITTLE_CLUSTER_management]
02-24 20:14:31.079 I/ThermalEngine(  496): algo_type pid
02-24 20:14:31.079 I/ThermalEngine(  496): sampling 5000
02-24 20:14:31.079 I/ThermalEngine(  496): sensor xo_therm
