12-15 19:39:47.780 I/art     (  500): option[14]=--runtime-arg
12-15 19:39:47.780 I/art     (  500): option[15]=-Ximage-compiler-option
12-15 19:39:47.780 I/art     (  500): option[16]=-Xms64m
12-15 19:39:47.780 I/art     (  500): option[17]=-Ximage-compiler-option
12-15 19:39:47.780 I/art     (  500): option[18]=--runtime-arg
12-15 19:39:47.780 I/art     (  500): option[19]=-Ximage-compiler-option
12-15 19:39:47.780 I/art     (  500): option[20]=-Xmx64m
12-15 19:39:47.780 I/art     (  500): option[21]=-Ximage-compiler-option
12-15 19:39:47.780 E/Diag_Lib(  586):  Diag_LSM_Init: Failed to open handle to diag driver, error = 13
12-15 19:39:47.780 I/art     (  500): option[22]=--image-classes=/system/etc/preloaded-classes
12-15 19:39:47.780 I/art     (  500): option[23]=-Xcompiler-option
12-15 19:39:47.780 I/art     (  500): option[24]=--runtime-arg
12-15 19:39:47.780 I/art     (  500): option[25]=-Xcompiler-option
12-15 19:39:47.780 I/art     (  500): option[26]=-Xms64m
12-15 19:39:47.780 I/art     (  500): option[27]=-Xcompiler-option
12-15 19:39:47.780 I/art     (  500): option[28]=--runtime-arg
12-15 19:39:47.780 I/art     (  500): option[29]=-Xcompiler-option
12-15 19:39:47.780 I/art     (  500): option[30]=-Xmx512m
12-15 19:39:47.780 I/art     (  500): option[31]=-Xcompiler-option
12-15 19:39:47.780 I/art     (  500): option[32]=-j2
12-15 19:39:47.780 I/art     (  500): option[33]=-Ximage-compiler-option
12-15 19:39:47.780 E/QC-QMI  (  586): qmi_client [586]: unable to connect to server, errno=[2:No such file or directory], attempt=1
12-15 19:39:47.780 I/art     (  500): option[34]=-j4
12-15 19:39:47.780 I/art     (  500): option[35]=-Ximage-compiler-option
12-15 19:39:47.780 I/art     (  500): option[36]=--instruction-set-variant=cortex-a53
12-15 19:39:47.780 I/art     (  500): option[37]=-Xcompiler-option
12-15 19:39:47.780 I/art     (  500): option[38]=--instruction-set-variant=cortex-a53
12-15 19:39:47.780 I/art     (  500): option[39]=-Ximage-compiler-option
12-15 19:39:47.781 I/art     (  500): option[40]=--instruction-set-features=default
12-15 19:39:47.781 I/art     (  500): option[41]=-Xcompiler-option
12-15 19:39:47.781 I/art     (  500): option[42]=--instruction-set-features=default
12-15 19:39:47.781 I/art     (  500): option[43]=-Duser.locale=de-DE
12-15 19:39:47.781 I/art     (  500): option[44]=--cpu-abilist=arm64-v8a
12-15 19:39:47.781 I/art     (  500): option[45]=-Xfingerprint:google/bullhead/bullhead:6.0.1/MMB29K/2419427:user/release-keys
12-15 19:39:47.782 E/slim_daemon(  586): [NDK] bindNDKSensors: Sensor server is unavailable.
12-15 19:39:47.933 I/mm-camera(  509): server_process_module_init:59, int mods
12-15 19:39:47.934 E/mm-camera-sensor(  509): eebin_read:387failed!
12-15 19:39:47.934 E/mm-camera-sensor(  509): eebin_read:387failed!
12-15 19:39:47.934 E/mm-camera-sensor(  509): sensor_init_probe:483failed: to oribe eeprom bin sensors
12-15 19:39:47.934 E/mm-camera-sensor(  509): add_external_sensor:108NO external sensor lib: no external path
12-15 19:39:47.934 E/mm-camera-sensor(  509): sensor_probe:274failed: to load imx214
12-15 19:39:47.934 E/mm-camera-sensor(  509): sensor_probe:274failed: to load imx230
12-15 19:39:47.935 E/mm-camera-sensor(  509): sensor_probe:274failed: to load s5k3m2xx
12-15 19:39:47.951 E/mm-camera-sensor(  509): sensor_probe:274failed: to load s5k3m2xm
12-15 19:39:47.952 E/mm-camera-sensor(  509): sensor_probe:274failed: to load ov4688
12-15 19:39:47.952 E/mm-camera-sensor(  509): sensor_probe:274failed: to load imx258
12-15 19:39:47.989 E/mm-camera(  509): module_sensor_find_other_subdev:6416subdev_name /dev/v4l-subdev0 subdev id 0
12-15 19:39:47.989 D/mm-camera-intf(  488): index = 0 flag = 3 mount_angle = 270 facing = 0
12-15 19:39:47.989 E/mm-camera(  509): module_sensor_find_other_subdev:6416subdev_name /dev/v4l-subdev1 subdev id 1
12-15 19:39:47.989 D/mm-camera-intf(  488): index = 1 flag = 101 mount_angle = 90 facing = 1
12-15 19:39:47.989 E/mm-camera(  509): module_sensor_find_other_subdev:6416subdev_name /dev/v4l-subdev2 subdev id 2
12-15 19:39:47.990 E/mm-camera(  509): module_sensor_find_other_subdev:6416subdev_name /dev/v4l-subdev3 subdev id 0
12-15 19:39:47.990 E/mm-camera(  509): module_sensor_find_other_subdev:6416subdev_name /dev/v4l-subdev4 subdev id 1
12-15 19:39:47.990 E/mm-camera(  509): module_sensor_find_other_subdev:6416subdev_name /dev/v4l-subdev5 subdev id 2
12-15 19:39:47.990 E/mm-camera(  509): module_sensor_find_other_subdev:6416subdev_name /dev/v4l-subdev6 subdev id 3
12-15 19:39:47.990 E/mm-camera(  509): module_sensor_find_other_subdev:6416subdev_name /dev/v4l-subdev7 subdev id 0
12-15 19:39:47.990 E/mm-camera(  509): module_sensor_find_other_subdev:6416subdev_name /dev/v4l-subdev8 subdev id 0
12-15 19:39:47.990 E/mm-camera(  509): module_sensor_find_other_subdev:6416subdev_name /dev/v4l-subdev9 subdev id 5
12-15 19:39:47.990 E/mm-camera(  509): module_sensor_find_other_subdev:6416subdev_name /dev/v4l-subdev10 subdev id 1
12-15 19:39:48.098 D/ICU     (  501): No timezone override file found: /data/misc/zoneinfo/current/icu/icu_tzdata.dat
12-15 19:39:48.140 D/ICU     (  500): No timezone override file found: /data/misc/zoneinfo/current/icu/icu_tzdata.dat
12-15 19:39:48.259 E/mm-camera-isp2(  509): module_chroma_enhan40_init:90 name chroma_enhan40
12-15 19:39:48.323 E/mm-camera-isp2(  509): module_color_correct40_init:96 name color_correct40
12-15 19:39:48.347 E/QC-QMI  (  497): qmi_client [497]: unable to connect to server, errno=[2:No such file or directory], attempt=3
12-15 19:39:48.349 E/mm-camera-isp2(  509): module_luma_adaptation40_init:87 name luma_adaptation40
12-15 19:39:48.359 E/QC-QMI  (  510): qmi_client [510]: unable to connect to server, errno=[2:No such file or directory], attempt=3
12-15 19:39:48.430 I/Radio-JNI(  501): register_android_hardware_Radio DONE
12-15 19:39:48.462 I/SamplingProfilerIntegration(  501): Profiling disabled.
12-15 19:39:48.467 D/Zygote  (  501): begin preload
12-15 19:39:48.494 I/Zygote  (  501): Preloading classes...
12-15 19:39:48.495 E/mm-camera-isp2(  509): module_chroma_enhan40_init:90 name chroma_enhan40
12-15 19:39:48.496 E/mm-camera-isp2(  509): module_color_correct40_init:96 name color_correct40
12-15 19:39:48.496 E/mm-camera-isp2(  509): module_luma_adaptation40_init:87 name luma_adaptation40
12-15 19:39:48.498 E/mm-camera-isp2(  509): isp_resource_gen_hws_caps:3628 i 0 isp id 0
12-15 19:39:48.498 E/mm-camera-isp2(  509): isp_resource_gen_hws_caps:3628 i 1 isp id 1
12-15 19:39:48.498 E/mm-camera-isp2(  509): module_isp_init:776 module 0xf4e17200
12-15 19:39:48.498 E/mm-camera(  509): cpp_module_init:68 name=cpp
12-15 19:39:48.502 V/NatController(  483): runCmd(/system/bin/iptables -w -F natctrl_FORWARD) res=0
12-15 19:39:48.502 E/mm-camera(  509): cpp_hardware_load_firmware:490, info: hw_version=0x50010000, fw_version=0x10080000
12-15 19:39:48.509 I/Radio-JNI(  500): register_android_hardware_Radio DONE
12-15 19:39:48.513 V/NatController(  483): runCmd(/system/bin/iptables -w -A natctrl_FORWARD -j DROP) res=0
12-15 19:39:48.518 E/mm-camera(  509): cpp_hardware_load_firmware:506, info: cpp firmware loaded: cpp_firmware_v1_8_0.fw
12-15 19:39:48.519 E/mm-camera(  509): cpp_module_init:110: info: CPP module_init successful
12-15 19:39:48.520 E/mm-camera(  509): vpe_module_init:26 name=vpe
12-15 19:39:48.520 E/mm-camera(  509): vpe_hardware_find_subdev:719: entity.name=video0 entity.revision=0
12-15 19:39:48.520 E/mm-camera(  509): vpe_hardware_find_subdev:719: entity.name=msm_cci entity.revision=0
12-15 19:39:48.520 E/mm-camera(  509): vpe_hardware_find_subdev:719: entity.name=v4l-subdev0 entity.revision=0
12-15 19:39:48.520 E/mm-camera(  509): vpe_hardware_find_subdev:719: entity.name=v4l-subdev1 entity.revision=0
12-15 19:39:48.520 E/mm-camera(  509): vpe_hardware_find_subdev:719: entity.name=v4l-subdev2 entity.revision=0
12-15 19:39:48.520 E/mm-camera(  509): vpe_hardware_find_subdev:719: entity.name=v4l-subdev3 entity.revision=0
12-15 19:39:48.520 E/mm-camera(  509): vpe_hardware_find_subdev:719: entity.name=v4l-subdev4 entity.revision=0
12-15 19:39:48.520 E/mm-camera(  509): vpe_hardware_find_subdev:719: entity.name=v4l-subdev5 entity.revision=0
12-15 19:39:48.520 E/mm-camera(  509): vpe_hardware_find_subdev:719: entity.name=v4l-subdev6 entity.revision=0
12-15 19:39:48.520 E/mm-camera(  509): vpe_hardware_find_subdev:719: entity.name=v4l-subdev7 entity.revision=0
12-15 19:39:48.520 E/mm-camera(  509): vpe_hardware_find_subdev:719: entity.name=v4l-subdev8 entity.revision=0
12-15 19:39:48.520 E/mm-camera(  509): vpe_hardware_find_subdev:719: entity.name=v4l-subdev9 entity.revision=0
12-15 19:39:48.520 E/mm-camera(  509): vpe_hardware_find_subdev:719: entity.name=v4l-subdev10 entity.revision=0
12-15 19:39:48.520 E/mm-camera(  509): vpe_hardware_find_subdev:719: entity.name=v4l-subdev11 entity.revision=0
12-15 19:39:48.520 E/mm-camera(  509): vpe_hardware_find_subdev:719: entity.name=v4l-subdev12 entity.revision=12
12-15 19:39:48.521 E/mm-camera(  509): vpe_hardware_find_subdev:719: entity.name=v4l-subdev13 entity.revision=0
12-15 19:39:48.521 E/mm-camera(  509): vpe_hardware_find_subdev:719: entity.name=v4l-subdev14 entity.revision=0
12-15 19:39:48.521 E/mm-camera(  509): vpe_hardware_find_subdev:719: entity.name=v4l-subdev15 entity.revision=0
12-15 19:39:48.521 E/mm-camera(  509): vpe_hardware_find_subdev:719: entity.name=v4l-subdev16 entity.revision=0
12-15 19:39:48.521 E/mm-camera(  509): vpe_hardware_find_subdev:719: entity.name=v4l-subdev17 entity.revision=0
12-15 19:39:48.521 E/mm-camera(  509): vpe_hardware_find_subdev:719: entity.name=v4l-subdev18 entity.revision=0
12-15 19:39:48.521 E/mm-camera(  509): vpe_hardware_find_subdev:714: done enumerating media entities
12-15 19:39:48.521 E/mm-camera(  509): vpe_hardware_find_subdev:719: entity.name=video1 entity.revision=0
12-15 19:39:48.521 E/mm-camera(  509): vpe_hardware_find_subdev:714: done enumerating media entities
12-15 19:39:48.521 E/mm-camera(  509): vpe_hardware_find_subdev:719: entity.name=video2 entity.revision=0
12-15 19:39:48.521 E/mm-camera(  509): vpe_hardware_find_subdev:714: done enumerating media entities
12-15 19:39:48.521 E/mm-camera(  509): vpe_hardware_find_subdev:686: no more media devices
12-15 19:39:48.521 E/mm-camera(  509): vpe_hardware_find_subdev:731: no vpe device found.
12-15 19:39:48.521 E/mm-camera(  509): vpe_hardware_create:31: error: cannot find vpe subdev
12-15 19:39:48.521 E/mm-camera(  509): vpe_module_create_vpe_ctrl:141, failed, cannnot create vpe hardware instance
12-15 19:39:48.521 E/mm-camera(  509): vpe_module_init:34 failed
12-15 19:39:48.521 E/mm-camera(  509): c2d_module_init:50 name=c2d
12-15 19:39:48.521 E/mm-camera(  509): c2d_module_init:92: info: C2D module_init successful
12-15 19:39:48.521 E/mm-camera-vpu(  509): vpu_module_init:54, INFO name=vpu
12-15 19:39:48.522 E/mm-camera-pp(  509): [INFO] base_module_init:142, name=tmod
12-15 19:39:48.527 V/NatController(  483): runCmd(/system/bin/iptables -w -t nat -F natctrl_nat_POSTROUTING) res=0
12-15 19:39:48.529 E/mm-camera-pp(  509): [INFO] base_module_init:142, name=ezt
12-15 19:39:48.530 E/mm-camera-eztune(  509): Tuning lib open failed: dlopen failed: library "libmmcamera_tuning.so" not found
12-15 19:39:48.530 E/mm-camera-img(  509): frameproc_comp_load:843] Error opening frameproc library libmmcamera_llvd.so error dlopen failed: library "libmmcamera_llvd.so" not found
12-15 19:39:48.530 E/mm-camera(  509): module_imgbase_init_llvd:2207] Error rc -6
12-15 19:39:48.537 V/NatController(  483): runCmd(/system/bin/iptables -w -F natctrl_tether_counters) res=1
12-15 19:39:48.540 I/mm-camera-img(  509): module_goog_eis_load:222 successfully loaded goog_eis library
12-15 19:39:48.541 I/mm-camera-img(  509): module_goog_eis_init:2120] successfully return
12-15 19:39:48.548 V/NatController(  483): runCmd(/system/bin/iptables -w -X natctrl_tether_counters) res=1
12-15 19:39:48.557 V/NatController(  483): runCmd(/system/bin/iptables -w -N natctrl_tether_counters) res=0
12-15 19:39:48.558 I/SamplingProfilerIntegration(  500): Profiling disabled.
12-15 19:39:48.559 E/QC-QMI  (  511): qmi_client [511]: unable to connect to server, errno=[2:No such file or directory], attempt=3
12-15 19:39:48.563 D/Zygote  (  500): begin preload
12-15 19:39:48.567 V/NatController(  483): runCmd(/system/bin/iptables -w -t mangle -A natctrl_mangle_FORWARD -p tcp --tcp-flags SYN SYN -j TCPMSS --clamp-mss-to-pmtu) res=0
12-15 19:39:48.571 I/Zygote  (  500): Preloading classes...
12-15 19:39:48.621 V/RenderScript(  509): 0xf41a2000 Launching thread(s), CPUs 6
12-15 19:39:48.752 V/RenderScript(  509): Successfully loaded runtime: libRSDriver_adreno.so
12-15 19:39:48.772 W/Adreno-RS(  509): <rsdSetCacheDir:719>: System path detected in cacheDir: /system/vendor/lib
12-15 19:39:48.773 W/Adreno-RS(  509): <rsdSetCacheDir:730>: Caching & Profiling are disabled!
12-15 19:39:48.780 E/QC-QMI  (  586): qmi_client [586]: unable to connect to server, errno=[2:No such file or directory], attempt=2
12-15 19:39:48.782 E/slim_daemon(  586): [NDK] bindNDKSensors: Sensor server is unavailable.
12-15 19:39:49.016 I/MSM-irqbalance(  373): Discovered a new IRQ: 89
12-15 19:39:49.017 I/MSM-irqbalance(  373): Discovered a new IRQ: 90
12-15 19:39:49.017 I/MSM-irqbalance(  373): Discovered a new IRQ: 196
12-15 19:39:49.017 I/MSM-irqbalance(  373): Discovered a new IRQ: 215
12-15 19:39:49.080 E/Minikin (  501): addFont failed to create font /system/fonts/NanumGothic.ttf
12-15 19:39:49.080 E/Minikin (  500): addFont failed to create font /system/fonts/NanumGothic.ttf
12-15 19:39:49.080 E/Minikin (  501): addFont failed to create font /system/fonts/DroidSansFallback.ttf
12-15 19:39:49.080 E/Minikin (  501): addFont failed to create font /system/fonts/MTLmr3m.ttf
12-15 19:39:49.080 E/Minikin (  500): addFont failed to create font /system/fonts/DroidSansFallback.ttf
12-15 19:39:49.080 E/Minikin (  500): addFont failed to create font /system/fonts/MTLmr3m.ttf
12-15 19:39:49.193 V/DngCreator_JNI(  501): DngCreator_nativeClassInit:
12-15 19:39:49.193 V/DngCreator_JNI(  500): DngCreator_nativeClassInit:
12-15 19:39:49.254 D/MDnsDS  (  483): MDnsSdListener::Hander starting up
12-15 19:39:49.254 D/MDnsDS  (  483): MDnsSdListener starting to monitor
12-15 19:39:49.254 D/MDnsDS  (  483): Going to poll with pollCount 1
12-15 19:39:49.336 I/art     (  500): Thread[1,tid=500,Native,Thread*=0x7f98cbba00,peer=0x12c2c100,"main"] recursive attempt to load library "/system/lib64/libmedia_jni.so"
12-15 19:39:49.337 D/MtpDeviceJNI(  500): register_android_mtp_MtpDevice
12-15 19:39:49.337 I/art     (  500): Thread[1,tid=500,Native,Thread*=0x7f98cbba00,peer=0x12c2c100,"main"] recursive attempt to load library "/system/lib64/libmedia_jni.so"
12-15 19:39:49.337 I/art     (  500): Thread[1,tid=500,Native,Thread*=0x7f98cbba00,peer=0x12c2c100,"main"] recursive attempt to load library "/system/lib64/libmedia_jni.so"
12-15 19:39:49.347 E/QC-QMI  (  497): qmi_client [497]: unable to connect to server, errno=[2:No such file or directory], attempt=4
12-15 19:39:49.354 I/art     (  501): Thread[1,tid=501,Native,Thread*=0xf5476500,peer=0x12c35100,"main"] recursive attempt to load library "/system/lib/libmedia_jni.so"
12-15 19:39:49.354 D/MtpDeviceJNI(  501): register_android_mtp_MtpDevice
12-15 19:39:49.355 I/art     (  501): Thread[1,tid=501,Native,Thread*=0xf5476500,peer=0x12c35100,"main"] recursive attempt to load library "/system/lib/libmedia_jni.so"
12-15 19:39:49.355 I/art     (  501): Thread[1,tid=501,Native,Thread*=0xf5476500,peer=0x12c35100,"main"] recursive attempt to load library "/system/lib/libmedia_jni.so"
12-15 19:39:49.359 E/QC-QMI  (  510): qmi_client [510]: unable to connect to server, errno=[2:No such file or directory], attempt=4
12-15 19:39:49.371 E/EmojiFactory_jni(  500): Failed to load libemoji.so: dlopen failed: library "libemoji.so" not found
12-15 19:39:49.384 W/Adreno-RS(  509): <rsdSetCacheDir:719>: System path detected in cacheDir: /system/vendor/lib
12-15 19:39:49.384 W/Adreno-RS(  509): <rsdSetCacheDir:730>: Caching & Profiling are disabled!
12-15 19:39:49.387 E/EmojiFactory_jni(  501): Failed to load libemoji.so: dlopen failed: library "libemoji.so" not found
12-15 19:39:49.495 I/System  (  500): Loaded time zone names for "" in 18ms (17ms in ICU)
12-15 19:39:49.510 I/System  (  501): Loaded time zone names for "" in 19ms (18ms in ICU)
12-15 19:39:49.517 I/System  (  500): Loaded time zone names for "en_US" in 22ms (20ms in ICU)
12-15 19:39:49.531 I/System  (  501): Loaded time zone names for "en_US" in 21ms (12ms in ICU)
12-15 19:39:49.531 I/System  (  500): Loaded time zone names for "de_DE" in 14ms (13ms in ICU)
12-15 19:39:49.543 I/Zygote  (  500): ...preloaded 3831 classes in 972ms.
12-15 19:39:49.544 I/art     (  500): VMRuntime.preloadDexCaches starting
12-15 19:39:49.549 I/System  (  501): Loaded time zone names for "de_DE" in 17ms (17ms in ICU)
12-15 19:39:49.559 E/QC-QMI  (  511): qmi_client [511]: unable to connect to server, errno=[2:No such file or directory], attempt=4
12-15 19:39:49.561 I/Zygote  (  501): ...preloaded 3831 classes in 1066ms.
12-15 19:39:49.561 I/art     (  501): VMRuntime.preloadDexCaches starting
12-15 19:39:49.568 E/mm-camera-img(  509): cac2_comp_load:1528] cds_proc_type 1
12-15 19:39:49.569 E/mm-camera(  509): pproc_module_init:2986 num_sub_mods:7
12-15 19:39:49.569 E/mm-camera-img(  509): Can not discover face-detect device
12-15 19:39:49.569 E/mm-camera-img(  509): Can not find device name
12-15 19:39:49.569 E/mm-camera-img(  509): faceproc_dsp_comp_load:1115] E 
12-15 19:39:49.569 E/mm-camera(  509): module_faceproc_init:2289] HW or DSP FD not available switch to SW
12-15 19:39:49.578 E/mm-camera-img(  509): hdr_comp_load:1258] Error opening hdr library
12-15 19:39:49.578 E/hdr     (  509): Cannot load hdr lib in module_hdr_lib_load
12-15 19:39:49.578 E/hdr     (  509): Cannot load library in hdr module
12-15 19:39:49.578 E/mm-camera-img(  509): module_imglib_create_topology:742] Can not init the module hdr
12-15 19:39:49.578 E/mm-camera-img(  509): frameproc_comp_load:843] Error opening frameproc library libmmcamera_chromaflash_lib.so error dlopen failed: library "libmmcamera_chromaflash_lib.so" not found
12-15 19:39:49.578 E/mm-camera(  509): module_imgbase_init_imglib_chroma_flash:2207] Error rc -6
12-15 19:39:49.578 E/mm-camera-img(  509): module_imglib_create_topology:742] Can not init the module imglib_chroma_flash
12-15 19:39:49.578 E/mm-camera-img(  509): frameproc_comp_load:843] Error opening frameproc library libmmcamera_optizoom_lib.so error dlopen failed: library "libmmcamera_optizoom_lib.so" not found
12-15 19:39:49.578 E/mm-camera(  509): module_imgbase_init_imglib_optizoom:2207] Error rc -6
12-15 19:39:49.578 E/mm-camera-img(  509): module_imglib_create_topology:742] Can not init the module imglib_optizoom
12-15 19:39:49.579 E/mm-camera-img(  509): frameproc_comp_load:843] Error opening frameproc library libmmcamera_ubifocus_lib.so error dlopen failed: library "libmmcamera_ubifocus_lib.so" not found
12-15 19:39:49.579 E/mm-camera(  509): module_imgbase_init_imglib_ubifocus:2207] Error rc -6
12-15 19:39:49.579 E/mm-camera-img(  509): module_imglib_create_topology:742] Can not init the module imglib_ubifocus
12-15 19:39:49.579 E/mm-camera-img(  509): frameproc_comp_load:843] Error opening frameproc library libmmcamera_ubifocus_lib.so error dlopen failed: library "libmmcamera_ubifocus_lib.so" not found
12-15 19:39:49.579 E/mm-camera(  509): module_imgbase_init_imglib_refocus:2207] Error rc -6
12-15 19:39:49.579 E/mm-camera-img(  509): module_imglib_create_topology:742] Can not init the module imglib_refocus
12-15 19:39:49.579 E/mm-camera-img(  509): frameproc_comp_load:843] Error opening frameproc library libmmcamera_trueportrait_lib.so error dlopen failed: library "libmmcamera_trueportrait_lib.so" not found
12-15 19:39:49.579 E/mm-camera(  509): module_imgbase_init_imglib_trueportrait:2207] Error rc -6
12-15 19:39:49.579 E/mm-camera-img(  509): module_imglib_create_topology:742] Can not init the module imglib_trueportrait
12-15 19:39:49.579 E/mm-camera-img(  509): frameproc_comp_load:843] Error opening frameproc library libmmcamera_stillmore_lib.so error dlopen failed: library "libmmcamera_stillmore_lib.so" not found
12-15 19:39:49.579 E/mm-camera(  509): module_imgbase_init_imglib_stillmore:2207] Error rc -6
12-15 19:39:49.580 E/mm-camera-img(  509): module_imglib_create_topology:742] Can not init the module imglib_stillmore
12-15 19:39:49.595 I/art     (  500): VMRuntime.preloadDexCaches strings total=243695 before=43711 after=43711
12-15 19:39:49.595 I/art     (  500): VMRuntime.preloadDexCaches types total=20132 before=6880 after=6906
12-15 19:39:49.595 I/art     (  500): VMRuntime.preloadDexCaches fields total=98209 before=35725 after=35930
12-15 19:39:49.595 I/art     (  500): VMRuntime.preloadDexCaches methods total=170282 before=70820 after=71318
12-15 19:39:49.595 I/art     (  500): VMRuntime.preloadDexCaches finished
12-15 19:39:49.613 I/art     (  501): VMRuntime.preloadDexCaches strings total=243695 before=43711 after=43711
12-15 19:39:49.613 I/art     (  501): VMRuntime.preloadDexCaches types total=20132 before=6880 after=6906
12-15 19:39:49.613 I/art     (  501): VMRuntime.preloadDexCaches fields total=98209 before=35725 after=35930
12-15 19:39:49.613 I/art     (  501): VMRuntime.preloadDexCaches methods total=170282 before=70820 after=71318
12-15 19:39:49.613 I/art     (  501): VMRuntime.preloadDexCaches finished
12-15 19:39:49.620 D/idmap   (  876): error: no read access to /vendor/overlay: No such file or directory
12-15 19:39:49.637 D/idmap   (  877): error: no read access to /vendor/overlay: No such file or directory
12-15 19:39:49.661 I/Zygote  (  500): Preloading resources...
12-15 19:39:49.663 I/Zygote  (  501): Preloading resources...
12-15 19:39:49.781 E/QC-QMI  (  586): qmi_client [586]: unable to connect to server, errno=[2:No such file or directory], attempt=3
12-15 19:39:49.783 E/slim_daemon(  586): [NDK] bindNDKSensors: Sensor server is unavailable.
12-15 19:39:50.014 I/Zygote  (  500): ...preloaded 342 resources in 353ms.
12-15 19:39:50.019 I/Zygote  (  500): ...preloaded 41 resources in 4ms.
12-15 19:39:50.020 D/libEGL  (  500): loaded /vendor/lib64/egl/libEGL_adreno.so
12-15 19:39:50.025 I/Zygote  (  501): ...preloaded 342 resources in 362ms.
12-15 19:39:50.029 I/Zygote  (  501): ...preloaded 41 resources in 4ms.
12-15 19:39:50.036 D/libEGL  (  501): loaded /vendor/lib/egl/libEGL_adreno.so
12-15 19:39:50.059 D/libEGL  (  500): loaded /vendor/lib64/egl/libGLESv1_CM_adreno.so
12-15 19:39:50.067 D/libEGL  (  500): loaded /vendor/lib64/egl/libGLESv2_adreno.so
12-15 19:39:50.078 I/Zygote  (  500): Preloading shared libraries...
12-15 19:39:50.091 D/Zygote  (  500): end preload
12-15 19:39:50.091 I/art     (  500): Starting a blocking GC Explicit
12-15 19:39:50.100 I/art     (  500): Explicit concurrent mark sweep GC freed 11484(464KB) AllocSpace objects, 0(0B) LOS objects, 39% free, 11MB/19MB, paused 85us total 9.525ms
12-15 19:39:50.111 I/art     (  500): Starting a blocking GC Explicit
12-15 19:39:50.119 I/art     (  500): Explicit concurrent mark sweep GC freed 2497(117KB) AllocSpace objects, 0(0B) LOS objects, 40% free, 11MB/19MB, paused 73us total 7.423ms
12-15 19:39:50.119 I/art     (  500): Starting a blocking GC HeapTrim
12-15 19:39:50.121 I/art     (  500): Starting a blocking GC Background
12-15 19:39:50.149 I/Zygote  (  500): System server process 878 has been created
12-15 19:39:50.152 I/Zygote  (  500): Accepting command socket connections
12-15 19:39:50.212 D/libEGL  (  501): loaded /vendor/lib/egl/libGLESv1_CM_adreno.so
12-15 19:39:50.226 D/libEGL  (  501): loaded /vendor/lib/egl/libGLESv2_adreno.so
12-15 19:39:50.243 I/Zygote  (  501): Preloading shared libraries...
12-15 19:39:50.254 D/Zygote  (  501): end preload
12-15 19:39:50.255 I/art     (  501): Waiting for a blocking GC Explicit
12-15 19:39:50.263 I/art     (  501): WaitForGcToComplete blocked for 7.917ms for cause Explicit
12-15 19:39:50.263 I/art     (  501): Starting a blocking GC Explicit
12-15 19:39:50.269 I/art     (  501): Explicit concurrent mark sweep GC freed 1841(90KB) AllocSpace objects, 0(0B) LOS objects, 40% free, 11MB/19MB, paused 124us total 6.080ms
12-15 19:39:50.269 I/art     (  501): Starting a blocking GC Explicit
12-15 19:39:50.275 I/art     (  501): Explicit concurrent mark sweep GC freed 920(46KB) AllocSpace objects, 0(0B) LOS objects, 40% free, 11MB/19MB, paused 110us total 5.448ms
12-15 19:39:50.275 I/Zygote  (  501): Accepting command socket connections
12-15 19:39:50.281 I/Zygote  (  878): Process: zygote socket opened, supported ABIS: armeabi-v7a,armeabi
12-15 19:39:50.283 I/InstallerConnection(  878): connecting...
12-15 19:39:50.284 I/installd(  489): new connection
12-15 19:39:50.317 I/InstallerConnection(  878): disconnecting...
12-15 19:39:50.317 E/installd(  489): eof
12-15 19:39:50.317 E/installd(  489): failed to read size
12-15 19:39:50.317 I/installd(  489): closing connection
12-15 19:39:50.347 E/QC-QMI  (  497): qmi_client [497]: unable to connect to server, errno=[2:No such file or directory], attempt=5
12-15 19:39:50.358 I/SystemServer(  878): Entered the Android system server!
12-15 19:39:50.360 E/QC-QMI  (  510): qmi_client [510]: unable to connect to server, errno=[2:No such file or directory], attempt=5
12-15 19:39:50.417 I/SystemServiceManager(  878): Starting com.android.server.pm.Installer
12-15 19:39:50.427 I/Installer(  878): Waiting for installd to be ready.
12-15 19:39:50.427 I/InstallerConnection(  878): connecting...
12-15 19:39:50.428 I/installd(  489): new connection
12-15 19:39:50.428 I/SystemServiceManager(  878): Starting com.android.server.am.ActivityManagerService$Lifecycle
12-15 19:39:50.467 I/ActivityManager(  878): Memory class: 192
12-15 19:39:50.484 D/BatteryStatsImpl(  878): Reading daily items from /data/system/batterystats-daily.xml
12-15 19:39:50.559 E/QC-QMI  (  511): qmi_client [511]: unable to connect to server, errno=[2:No such file or directory], attempt=5
12-15 19:39:50.585 I/IntentFirewall(  878): Read new rules (A:0 B:0 S:0)
12-15 19:39:50.593 D/AppOps  (  878): AppOpsService published
12-15 19:39:50.593 I/SystemServiceManager(  878): Starting com.android.server.power.PowerManagerService
12-15 19:39:50.601 I/QCOMPowerHAL(  878): QCOM power HAL initing.
12-15 19:39:50.601 W/libsuspend(  878): Error writing 'on' to /sys/power/state: Invalid argument
12-15 19:39:50.601 I/libsuspend(  878): Selected wakeup count
12-15 19:39:50.601 E/QCOMPowerHAL(  878): Invalid hint ID.
12-15 19:39:50.603 I/SystemServiceManager(  878): Starting com.android.server.lights.LightsService
12-15 19:39:50.606 I/SystemServiceManager(  878): Starting com.android.server.display.DisplayManagerService
12-15 19:39:50.609 I/SystemServiceManager(  878): Starting phase 100
12-15 19:39:50.623 I/DisplayManagerService(  878): Display device added: DisplayDeviceInfo{"Integrierter Bildschirm": uniqueId="local:0", 1080 x 1920, modeId 1, defaultModeId 1, supportedModes [{id=1, width=1080, height=1920, fps=60.0}], colorTransformId 1, defaultColorTransformId 1, supportedColorTransforms [{id=1, colorTransform=-22}], density 420, 422.03 x 424.069 dpi, appVsyncOff 0, presDeadline 17666667, touch INTERNAL, rotation 0, type BUILT_IN, state UNKNOWN, FLAG_DEFAULT_DISPLAY, FLAG_ROTATES_WITH_CONTENT, FLAG_SECURE, FLAG_SUPPORTS_PROTECTED_BUFFERS}
12-15 19:39:50.624 D/SurfaceFlinger(  369): Set power mode=2, type=0 flinger=0x7fb1b43c00
12-15 19:39:50.624 D/SurfaceFlinger(  369): Screen type=0 is already mode=2
12-15 19:39:50.625 I/SystemServer(  878): Package Manager
12-15 19:39:50.625 I/DisplayManagerService(  878): Display device changed state: "Integrierter Bildschirm", ON
12-15 19:39:50.638 D/vold    (  338): Disk at 253:0 changed
12-15 19:39:50.664 D/vold    (  338): Disk at 253:0 changed
12-15 19:39:50.666 D/vold    (  338): Disk at 253:0 changed
12-15 19:39:50.676 D/SELinuxMMAC(  878): Using policy file /system/etc/security/mac_permissions.xml
12-15 19:39:50.688 D/PackageSettings(  878): Read domain verification for package:com.google.android.youtube
12-15 19:39:50.698 D/PackageSettings(  878): Read domain verification for package:com.android.vending
12-15 19:39:50.710 D/PackageSettings(  878): Read domain verification for package:com.google.android.apps.maps
12-15 19:39:50.777 D/vold    (  338): Disk at 253:0 changed
12-15 19:39:50.781 E/QC-QMI  (  586): qmi_client [586]: unable to connect to server, errno=[2:No such file or directory], attempt=4
12-15 19:39:50.782 D/vold    (  338): Disk at 253:0 changed
12-15 19:39:50.783 E/slim_daemon(  586): [NDK] bindNDKSensors: Sensor server is unavailable.
12-15 19:39:50.784 D/vold    (  338): Disk at 253:0 changed
12-15 19:39:50.785 D/vold    (  338): Disk at 253:0 changed
12-15 19:39:50.786 D/vold    (  338): Disk at 253:0 changed
12-15 19:39:50.789 D/vold    (  338): Disk at 253:0 changed
12-15 19:39:50.790 D/vold    (  338): Disk at 253:0 changed
12-15 19:39:50.791 D/vold    (  338): Disk at 253:0 changed
12-15 19:39:50.792 D/vold    (  338): Disk at 253:0 changed
12-15 19:39:50.793 D/vold    (  338): Disk at 253:0 changed
12-15 19:39:50.810 E/art     (  878): DexFile_getDexOptNeeded file '/system/framework/org.apache.http.legacy.jar' does not exist
12-15 19:39:50.811 W/PackageManager(  878): Library not found: /system/framework/org.apache.http.legacy.jar
12-15 19:39:50.856 E/art     (  878): DexFile_getDexOptNeeded file '/system/framework/org.apache.http.legacy.jar' does not exist
12-15 19:39:50.856 W/PackageManager(  878): Library not found: /system/framework/org.apache.http.legacy.jar
12-15 19:39:50.983 D/PackageManager(  878): No files in app dir /vendor/overlay
12-15 19:39:50.986 W/PackageManager(  878): Failed to parse /system/framework/arm: Missing base APK in /system/framework/arm
12-15 19:39:50.987 W/PackageManager(  878): Failed to parse /system/framework/arm64: Missing base APK in /system/framework/arm64
12-15 19:39:51.035 W/PackageManager(  878): Failed to parse /system/framework/oat: Missing base APK in /system/framework/oat
12-15 19:39:51.223 W/PackageParser(  878): Unknown element under <application>: uses-permission at /system/priv-app/DiagMon/DiagMon.apk Binary XML file line #7
12-15 19:39:51.250 W/PackageManager(  878): Permission android.permission.DOWNLOAD_WITHOUT_NOTIFICATION from package com.android.providers.downloads in an unknown group android.permission-group.NETWORK
12-15 19:39:51.348 E/QC-QMI  (  497): qmi_client [497]: unable to connect to server, errno=[2:No such file or directory], attempt=6
12-15 19:39:51.353 W/PackageParser(  878): No actions in intent filter at /system/priv-app/GoogleContacts/GoogleContacts.apk Binary XML file line #390
12-15 19:39:51.360 E/QC-QMI  (  510): qmi_client [510]: unable to connect to server, errno=[2:No such file or directory], attempt=6
12-15 19:39:51.405 W/PackageParser(  878): No actions in intent filter at /system/priv-app/GoogleDialer/GoogleDialer.apk Binary XML file line #191
12-15 19:39:51.438 W/PackageParser(  878): Unknown element under <manifest>: uses-library at /system/priv-app/GoogleFeedback/GoogleFeedback.apk Binary XML file line #30
12-15 19:39:51.548 W/PackageParser(  878): Ignoring duplicate uses-permissions/uses-permissions-sdk-m: com.google.android.providers.gsf.permission.READ_GSERVICES in package: com.google.android.partnersetup at: Binary XML file line #31
12-15 19:39:51.557 W/netmgrd (  496): type=1400 audit(0.0:49): avc: denied { read write } for name="diag" dev="tmpfs" ino=12506 scontext=u:r:netmgrd:s0 tcontext=u:object_r:diag_device:s0 tclass=chr_file permissive=0
12-15 19:39:51.557 W/netmgrd (  496): type=1400 audit(0.0:50): avc: denied { read write } for name="diag" dev="tmpfs" ino=12506 scontext=u:r:netmgrd:s0 tcontext=u:object_r:diag_device:s0 tclass=chr_file permissive=0
12-15 19:39:51.560 E/QC-QMI  (  511): qmi_client [511]: unable to connect to server, errno=[2:No such file or directory], attempt=6
12-15 19:39:51.572 E/Diag_Lib(  496):  Diag_LSM_Init: Failed to open handle to diag driver, error = 13
12-15 19:39:51.574 E/Diag_Lib(  496):  Diag_LSM_Init: Failed to open handle to diag driver, error = 13
12-15 19:39:51.586 I/chatty  (  493): uid=1001(radio) /system/bin/qmuxd expire 3 lines
12-15 19:39:51.612 W/PackageManager(  878): Permission com.google.android.googleapps.permission.GOOGLE_AUTH from package com.google.android.gsf in an unknown group android.permission-group.ACCOUNTS
12-15 19:39:51.612 W/PackageManager(  878): Permission com.google.android.googleapps.permission.GOOGLE_AUTH.ALL_SERVICES from package com.google.android.gsf in an unknown group android.permission-group.ACCOUNTS
12-15 19:39:51.612 W/PackageManager(  878): Permission com.google.android.googleapps.permission.GOOGLE_AUTH.OTHER_SERVICES from package com.google.android.gsf in an unknown group android.permission-group.ACCOUNTS
12-15 19:39:51.612 W/PackageManager(  878): Permission com.google.android.googleapps.permission.GOOGLE_AUTH.mail from package com.google.android.gsf in an unknown group android.permission-group.ACCOUNTS
12-15 19:39:51.612 W/PackageManager(  878): Permission com.google.android.googleapps.permission.GOOGLE_AUTH.cl from package com.google.android.gsf in an unknown group android.permission-group.ACCOUNTS
12-15 19:39:51.612 W/PackageManager(  878): Permission com.google.android.googleapps.permission.GOOGLE_AUTH.android from package com.google.android.gsf in an unknown group android.permission-group.ACCOUNTS
12-15 19:39:51.612 W/PackageManager(  878): Permission com.google.android.googleapps.permission.GOOGLE_AUTH.androidsecure from package com.google.android.gsf in an unknown group android.permission-group.ACCOUNTS
12-15 19:39:51.612 W/PackageManager(  878): Permission com.google.android.googleapps.permission.GOOGLE_AUTH.sierra from package com.google.android.gsf in an unknown group android.permission-group.ACCOUNTS
12-15 19:39:51.612 W/PackageManager(  878): Permission com.google.android.googleapps.permission.GOOGLE_AUTH.sierraqa from package com.google.android.gsf in an unknown group android.permission-group.ACCOUNTS
12-15 19:39:51.613 W/PackageManager(  878): Permission com.google.android.googleapps.permission.GOOGLE_AUTH.sierrasandbox from package com.google.android.gsf in an unknown group android.permission-group.ACCOUNTS
12-15 19:39:51.613 W/PackageManager(  878): Permission com.google.android.googleapps.permission.GOOGLE_AUTH.youtube from package com.google.android.gsf in an unknown group android.permission-group.ACCOUNTS
12-15 19:39:51.613 W/PackageManager(  878): Permission com.google.android.googleapps.permission.GOOGLE_AUTH.YouTubeUser from package com.google.android.gsf in an unknown group android.permission-group.ACCOUNTS
12-15 19:39:51.613 W/PackageManager(  878): Permission com.google.android.googleapps.permission.GOOGLE_AUTH.talk from package com.google.android.gsf in an unknown group android.permission-group.ACCOUNTS
12-15 19:39:51.613 W/PackageManager(  878): Permission com.google.android.googleapps.permission.GOOGLE_AUTH.ig from package com.google.android.gsf in an unknown group android.permission-group.ACCOUNTS
12-15 19:39:51.613 W/PackageManager(  878): Permission com.google.android.googleapps.permission.GOOGLE_AUTH.lh2 from package com.google.android.gsf in an unknown group android.permission-group.ACCOUNTS
12-15 19:39:51.613 W/PackageManager(  878): Permission com.google.android.googleapps.permission.GOOGLE_AUTH.mobile from package com.google.android.gsf in an unknown group android.permission-group.ACCOUNTS
12-15 19:39:51.613 W/PackageManager(  878): Permission com.google.android.googleapps.permission.GOOGLE_AUTH.cp from package com.google.android.gsf in an unknown group android.permission-group.ACCOUNTS
12-15 19:39:51.613 W/PackageManager(  878): Permission com.google.android.googleapps.permission.GOOGLE_AUTH.adsense from package com.google.android.gsf in an unknown group android.permission-group.ACCOUNTS
12-15 19:39:51.613 W/PackageManager(  878): Permission com.google.android.googleapps.permission.GOOGLE_AUTH.adwords from package com.google.android.gsf in an unknown group android.permission-group.ACCOUNTS
12-15 19:39:51.613 W/PackageManager(  878): Permission com.google.android.googleapps.permission.GOOGLE_AUTH.blogger from package com.google.android.gsf in an unknown group android.permission-group.ACCOUNTS
12-15 19:39:51.614 W/PackageManager(  878): Permission com.google.android.googleapps.permission.GOOGLE_AUTH.dodgeball from package com.google.android.gsf in an unknown group android.permission-group.ACCOUNTS
12-15 19:39:51.614 W/PackageManager(  878): Permission com.google.android.googleapps.permission.GOOGLE_AUTH.gbase from package com.google.android.gsf in an unknown group android.permission-group.ACCOUNTS
12-15 19:39:51.614 W/PackageManager(  878): Permission com.google.android.googleapps.permission.GOOGLE_AUTH.groups2 from package com.google.android.gsf in an unknown group android.permission-group.ACCOUNTS
12-15 19:39:51.614 W/PackageManager(  878): Permission com.google.android.googleapps.permission.GOOGLE_AUTH.health from package com.google.android.gsf in an unknown group android.permission-group.ACCOUNTS
12-15 19:39:51.614 W/PackageManager(  878): Permission com.google.android.googleapps.permission.GOOGLE_AUTH.jotspot from package com.google.android.gsf in an unknown group android.permission-group.ACCOUNTS
12-15 19:39:51.614 W/PackageManager(  878): Permission com.google.android.googleapps.permission.GOOGLE_AUTH.knol from package com.google.android.gsf in an unknown group android.permission-group.ACCOUNTS
12-15 19:39:51.614 W/PackageManager(  878): Permission com.google.android.googleapps.permission.GOOGLE_AUTH.news from package com.google.android.gsf in an unknown group android.permission-group.ACCOUNTS
12-15 19:39:51.614 W/PackageManager(  878): Permission com.google.android.googleapps.permission.GOOGLE_AUTH.orkut from package com.google.android.gsf in an unknown group android.permission-group.ACCOUNTS
12-15 19:39:51.614 W/PackageManager(  878): Permission com.google.android.googleapps.permission.GOOGLE_AUTH.print from package com.google.android.gsf in an unknown group android.permission-group.ACCOUNTS
12-15 19:39:51.614 W/PackageManager(  878): Permission com.google.android.googleapps.permission.GOOGLE_AUTH.sitemaps from package com.google.android.gsf in an unknown group android.permission-group.ACCOUNTS
12-15 19:39:51.614 W/PackageManager(  878): Permission com.google.android.googleapps.permission.GOOGLE_AUTH.wifi from package com.google.android.gsf in an unknown group android.permission-group.ACCOUNTS
12-15 19:39:51.615 W/PackageManager(  878): Permission com.google.android.googleapps.permission.GOOGLE_AUTH.finance from package com.google.android.gsf in an unknown group android.permission-group.ACCOUNTS
12-15 19:39:51.615 W/PackageManager(  878): Permission com.google.android.googleapps.permission.GOOGLE_AUTH.local from package com.google.android.gsf in an unknown group android.permission-group.ACCOUNTS
12-15 19:39:51.615 W/PackageManager(  878): Permission com.google.android.googleapps.permission.GOOGLE_AUTH.ah from package com.google.android.gsf in an unknown group android.permission-group.ACCOUNTS
12-15 19:39:51.615 W/PackageManager(  878): Permission com.google.android.googleapps.permission.GOOGLE_AUTH.notebook from package com.google.android.gsf in an unknown group android.permission-group.ACCOUNTS
12-15 19:39:51.615 W/PackageManager(  878): Permission com.google.android.googleapps.permission.GOOGLE_AUTH.writely from package com.google.android.gsf in an unknown group android.permission-group.ACCOUNTS
12-15 19:39:51.615 W/PackageManager(  878): Permission com.google.android.googleapps.permission.GOOGLE_AUTH.wise from package com.google.android.gsf in an unknown group android.permission-group.ACCOUNTS
12-15 19:39:51.615 W/PackageManager(  878): Permission com.google.android.googleapps.permission.GOOGLE_AUTH.grandcentral from package com.google.android.gsf in an unknown group android.permission-group.ACCOUNTS
12-15 19:39:51.615 W/PackageManager(  878): Permission com.google.android.googleapps.permission.GOOGLE_AUTH.speechpersonalization from package com.google.android.gsf in an unknown group android.permission-group.ACCOUNTS
12-15 19:39:51.615 W/PackageManager(  878): Permission com.google.android.googleapps.permission.GOOGLE_AUTH.speech from package com.google.android.gsf in an unknown group android.permission-group.ACCOUNTS
12-15 19:39:51.619 W/PackageManager(  878): Permission com.google.android.providers.talk.permission.READ_ONLY from package com.google.android.gsf in an unknown group android.permission-group.MESSAGES
12-15 19:39:51.619 W/PackageManager(  878): Permission com.google.android.providers.talk.permission.WRITE_ONLY from package com.google.android.gsf in an unknown group android.permission-group.MESSAGES
12-15 19:39:51.619 W/PackageManager(  878): Permission com.google.android.gtalkservice.permission.GTALK_SERVICE from package com.google.android.gsf in an unknown group android.permission-group.MESSAGES
12-15 19:39:51.619 W/PackageManager(  878): Permission com.google.android.gtalkservice.permission.SEND_HEARTBEAT from package com.google.android.gsf in an unknown group android.permission-group.NETWORK
12-15 19:39:51.620 W/PackageManager(  878): Permission com.google.android.permission.BROADCAST_DATA_MESSAGE from package com.google.android.gsf in an unknown group android.permission-group.NETWORK
12-15 19:39:51.620 W/PackageManager(  878): Permission com.google.android.c2dm.permission.SEND from package com.google.android.gsf in an unknown group android.permission-group.NETWORK
12-15 19:39:51.620 W/PackageManager(  878): Permission com.google.android.c2dm.permission.RECEIVE from package com.google.android.gsf in an unknown group android.permission-group.NETWORK
12-15 19:39:51.620 W/PackageManager(  878): Permission com.google.android.xmpp.permission.BROADCAST from package com.google.android.gsf in an unknown group android.permission-group.NETWORK
12-15 19:39:51.620 W/PackageManager(  878): Permission com.google.android.xmpp.permission.SEND_RECEIVE from package com.google.android.gsf in an unknown group android.permission-group.NETWORK
12-15 19:39:51.620 W/PackageManager(  878): Permission com.google.android.xmpp.permission.XMPP_ENDPOINT_BROADCAST from package com.google.android.gsf in an unknown group android.permission-group.NETWORK
12-15 19:39:51.620 W/PackageManager(  878): Permission com.google.android.xmpp.permission.USE_XMPP_ENDPOINT from package com.google.android.gsf in an unknown group android.permission-group.NETWORK
12-15 19:39:51.620 W/PackageManager(  878): Permission com.google.android.providers.gsf.permission.READ_GSERVICES from package com.google.android.gsf in an unknown group android.permission-group.ACCOUNTS
12-15 19:39:51.766 W/PackageManager(  878): Permission com.android.vending.CHECK_LICENSE from package com.android.vending in an unknown group android.permission-group.NETWORK
12-15 19:39:51.766 W/PackageManager(  878): Permission com.android.vending.BILLING from package com.android.vending in an unknown group android.permission-group.NETWORK
12-15 19:39:51.784 E/slim_daemon(  586): [NDK] bindNDKSensors: Sensor server is unavailable.
12-15 19:39:51.849 I/chatty  (  493): uid=1001(radio) /system/bin/qmuxd expire 247 lines
12-15 19:39:51.849 W/PackageParser(  878): Ignoring duplicate uses-permissions/uses-permissions-sdk-m: android.permission.SYSTEM_ALERT_WINDOW in package: com.google.android.gms at: Binary XML file line #77
12-15 19:39:51.849 W/PackageParser(  878): Ignoring duplicate uses-permissions/uses-permissions-sdk-m: android.permission.SUBSCRIBED_FEEDS_READ in package: com.google.android.gms at: Binary XML file line #90
12-15 19:39:51.849 W/PackageParser(  878): Ignoring duplicate uses-permissions/uses-permissions-sdk-m: android.permission.SUBSCRIBED_FEEDS_WRITE in package: com.google.android.gms at: Binary XML file line #91
12-15 19:39:51.850 W/PackageParser(  878): Ignoring duplicate uses-permissions/uses-permissions-sdk-m: android.permission.WRITE_SETTINGS in package: com.google.android.gms at: Binary XML file line #134
12-15 19:39:51.850 W/PackageParser(  878): Ignoring duplicate uses-permissions/uses-permissions-sdk-m: android.permission.SYSTEM_ALERT_WINDOW in package: com.google.android.gms at: Binary XML file line #160
12-15 19:39:51.850 W/PackageParser(  878): Ignoring duplicate uses-permissions/uses-permissions-sdk-m: android.permission.READ_SYNC_SETTINGS in package: com.google.android.gms at: Binary XML file line #164
12-15 19:39:51.850 W/PackageParser(  878): Ignoring duplicate uses-permissions/uses-permissions-sdk-m: android.permission.WRITE_SYNC_SETTINGS in package: com.google.android.gms at: Binary XML file line #165
12-15 19:39:51.850 W/PackageParser(  878): Ignoring duplicate uses-permissions/uses-permissions-sdk-m: android.permission.VIBRATE in package: com.google.android.gms at: Binary XML file line #167
12-15 19:39:51.850 W/PackageParser(  878): Ignoring duplicate uses-permissions/uses-permissions-sdk-m: android.permission.VIBRATE in package: com.google.android.gms at: Binary XML file line #209
12-15 19:39:51.850 W/PackageParser(  878): Ignoring duplicate uses-permissions/uses-permissions-sdk-m: android.permission.ACCESS_FINE_LOCATION in package: com.google.android.gms at: Binary XML file line #224
12-15 19:39:51.851 W/PackageParser(  878): Ignoring duplicate uses-permissions/uses-permissions-sdk-m: android.permission.OBSERVE_GRANT_REVOKE_PERMISSIONS in package: com.google.android.gms at: Binary XML file line #230
12-15 19:39:51.851 W/PackageParser(  878): Ignoring duplicate uses-permissions/uses-permissions-sdk-m: android.permission.READ_CONTACTS in package: com.google.android.gms at: Binary XML file line #268
12-15 19:39:51.851 W/PackageParser(  878): Ignoring duplicate uses-permissions/uses-permissions-sdk-m: android.permission.WRITE_SETTINGS in package: com.google.android.gms at: Binary XML file line #300
12-15 19:39:51.851 W/PackageParser(  878): Ignoring duplicate uses-permissions/uses-permissions-sdk-m: android.permission.CAPTURE_AUDIO_OUTPUT in package: com.google.android.gms at: Binary XML file line #315
12-15 19:39:51.851 W/PackageParser(  878): Ignoring duplicate uses-permissions/uses-permissions-sdk-m: android.permission.CAPTURE_VIDEO_OUTPUT in package: com.google.android.gms at: Binary XML file line #316
12-15 19:39:52.052 W/PackageManager(  878): Permission com.google.android.gms.permission.ACTIVITY_RECOGNITION from package com.google.android.gms in an unknown group android.permission-group.PERSONAL_INFO
12-15 19:39:52.115 W/PackageParser(  878): Ignoring duplicate uses-permissions/uses-permissions-sdk-m: android.permission.USE_CREDENTIALS in package: com.android.settings at: Binary XML file line #55
12-15 19:39:52.115 W/PackageParser(  878): Ignoring duplicate uses-permissions/uses-permissions-sdk-m: android.permission.READ_SYNC_SETTINGS in package: com.android.settings at: Binary XML file line #60
12-15 19:39:52.115 W/PackageParser(  878): Ignoring duplicate uses-permissions/uses-permissions-sdk-m: android.permission.WRITE_SYNC_SETTINGS in package: com.android.settings at: Binary XML file line #61
12-15 19:39:52.221 W/PackageParser(  878): No actions in intent filter at /system/priv-app/SetupWizard/SetupWizard.apk Binary XML file line #184
12-15 19:39:52.264 W/PackageParser(  878): Ignoring duplicate uses-permissions/uses-permissions-sdk-m: android.permission.INSTALL_GRANT_RUNTIME_PERMISSIONS in package: com.android.shell at: Binary XML file line #101
12-15 19:39:52.278 I/chatty  (  486): uid=1001(radio) /system/bin/rild expire 1 line
12-15 19:39:52.285 I/chatty  (  486): uid=1001(radio) /system/bin/rild expire 1 line
12-15 19:39:52.290 I/chatty  (  486): uid=1001(radio) /system/bin/rild expire 1 line
12-15 19:39:52.296 I/chatty  (  486): uid=1001(radio) /system/bin/rild expire 1 line
12-15 19:39:52.303 I/chatty  (  486): uid=1001(radio) /system/bin/rild expire 1 line
12-15 19:39:52.307 I/chatty  (  486): uid=1001(radio) /system/bin/rild expire 1 line
12-15 19:39:52.311 I/chatty  (  486): uid=1001(radio) /system/bin/rild expire 1 line
12-15 19:39:52.314 I/chatty  (  486): uid=1001(radio) /system/bin/rild expire 1 line
12-15 19:39:52.357 I/chatty  (  493): uid=1001(radio) /system/bin/qmuxd expire 255 lines
12-15 19:39:52.359 W/PackageParser(  878): Ignoring duplicate uses-permissions/uses-permissions-sdk-m: android.permission.CONFIGURE_WIFI_DISPLAY in package: com.android.systemui at: Binary XML file line #120
12-15 19:39:52.367 I/Atfwd_Daemon(  510): result : 255 	 ,Init step :0 	 ,qmiErrorCode: 0
12-15 19:39:52.367 I/Atfwd_Daemon(  510): result : 0 	 ,Init step :1 	 ,qmiErrorCode: 0
12-15 19:39:52.367 I/ServiceManager(  510): Waiting for service AtCmdFwd...
12-15 19:39:52.387 I/ThermalEngine(  497): qmi: Instance id 157 for fusion TS
12-15 19:39:52.399 E/QC-QMI  (  493): qmi_ctl_handle_request: qmi_ctl_tx_msg call failed
12-15 19:39:52.400 E/QC-QMI  (  493): qmi_qmux_open_connection: connection is disabled for conn_id=57
12-15 19:39:52.400 E/QC-QMI  (  493): qmi_qmux_tx_msg: failed to open inactive connd_id=57
12-15 19:39:52.400 E/QC-QMI  (  493): qmi_qmux: TX failed, connection inactive or in reset, conn_id=57, status_flags=4
12-15 19:39:52.400 E/QC-QMI  (  493): qmi_ctl_tx_msg: qmi_qmux_tx_msg failed
12-15 19:39:52.400 E/QC-QMI  (  493): qmi_ctl_handle_request: qmi_ctl_tx_msg call failed
12-15 19:39:52.401 E/QC-QMI  (  493): qmi_qmux_open_connection: connection is disabled for conn_id=57
12-15 19:39:52.401 E/QC-QMI  (  493): qmi_qmux_tx_msg: failed to open inactive connd_id=57
