02-24 19:06:25.078 I/ThermalEngine(  497): Created section 'CPU5_MONITOR'
02-24 19:06:25.078 E/Diag_Lib(  516):  Diag_LSM_Init: Failed to open handle to diag driver, error = 13
02-24 19:06:25.079 I/ThermalEngine(  497): Algo Type 'monitor'
02-24 19:06:25.079 D/QC-time-services(  510): Daemon:genoff_post_init:Error in accessing storage
02-24 19:06:25.079 E/Diag_Lib(  516): qpLogDiagInit <== result : 0
02-24 19:06:25.079 I/ThermalEngine(  497): Parsing section CPU5_MONITOR
02-24 19:06:25.079 D/QC-time-services(  510): Daemon:genoff_pre_init::Base = 11
02-24 19:06:25.079 E/Diag_Lib(  516): DATAD : gIsQXDMDisabled 0, gIsADBDisabled 1, gIsDebugDisabled 0, gIsIMSLogsDisabled 0
02-24 19:06:25.079 I/ThermalEngine(  497): Found field 'sensor'
02-24 19:06:25.079 D/QC-time-services(  510): Daemon: Storage Name: ats_11 
02-24 19:06:25.079 I/ThermalEngine(  497): Found field 'sampling'
02-24 19:06:25.079 D/QC-time-services(  510): Daemon:Opening File: /data/time/ats_11
02-24 19:06:25.079 I/ThermalEngine(  497): Found field 'thresholds'
02-24 19:06:25.079 E/Diag_Lib(  516):  Diag_LSM_Init: Failed to open handle to diag driver, error = 13
02-24 19:06:25.079 D/QC-time-services(  510): Daemon:time_persistent_memory_opr:Genoff Read operation 
02-24 19:06:25.079 I/ThermalEngine(  497): Found field 'thresholds_clr'
02-24 19:06:25.079 E/Diag_Lib(  516): qpLogDiagInit <== result : 0
02-24 19:06:25.079 I/ThermalEngine(  497): Found field 'actions'
02-24 19:06:25.079 E/Diag_Lib(  516): DATAD : gIsQXDMDisabled 0, gIsADBDisabled 1, gIsDebugDisabled 0, gIsIMSLogsDisabled 0
02-24 19:06:25.079 D/QC-time-services(  510): Daemon:Unable to open filefor read
02-24 19:06:25.079 I/ThermalEngine(  497): Found field 'action_info'
02-24 19:06:25.079 D/QC-time-services(  510): Daemon:genoff_post_init:Error in accessing storage
02-24 19:06:25.079 I/ThermalEngine(  497): Created section 'CPU4_HOTPLUG_MONITOR'
02-24 19:06:25.079 E/Diag_Lib(  516):  Diag_LSM_Init: Failed to open handle to diag driver, error = 13
02-24 19:06:25.079 D/QC-time-services(  510): Daemon:genoff_pre_init::Base = 12
02-24 19:06:25.079 I/ThermalEngine(  497): Algo Type 'monitor'
02-24 19:06:25.079 E/Diag_Lib(  516): qpLogDiagInit <== result : 0
02-24 19:06:25.079 I/ThermalEngine(  497): Parsing section CPU4_HOTPLUG_MONITOR
02-24 19:06:25.079 D/QC-time-services(  510): Daemon: Storage Name: ats_12 
02-24 19:06:25.079 E/Diag_Lib(  516): DATAD : gIsQXDMDisabled 0, gIsADBDisabled 1, gIsDebugDisabled 0, gIsIMSLogsDisabled 0
02-24 19:06:25.079 I/ThermalEngine(  497): Found field 'sensor'
02-24 19:06:25.079 D/QC-time-services(  510): Daemon:Opening File: /data/time/ats_12
02-24 19:06:25.079 I/ThermalEngine(  497): Found field 'sampling'
02-24 19:06:25.079 E/Diag_Lib(  516):  Diag_LSM_Init: Failed to open handle to diag driver, error = 13
02-24 19:06:25.079 D/QC-time-services(  510): Daemon:time_persistent_memory_opr:Genoff Read operation 
02-24 19:06:25.079 I/ThermalEngine(  497): Found field 'thresholds'
02-24 19:06:25.079 E/Diag_Lib(  516): qpLogDiagInit <== result : 0
02-24 19:06:25.079 I/ThermalEngine(  497): Found field 'thresholds_clr'
02-24 19:06:25.079 E/Diag_Lib(  516): DATAD : gIsQXDMDisabled 0, gIsADBDisabled 1, gIsDebugDisabled 0, gIsIMSLogsDisabled 0
02-24 19:06:25.079 I/ThermalEngine(  497): Found field 'actions'
02-24 19:06:25.079 D/QC-time-services(  510): Daemon:Unable to open filefor read
02-24 19:06:25.079 I/ThermalEngine(  497): Found field 'action_info'
02-24 19:06:25.079 E/Diag_Lib(  516):  Diag_LSM_Init: Failed to open handle to diag driver, error = 13
02-24 19:06:25.079 D/QC-time-services(  510): Daemon:genoff_post_init:Error in accessing storage
02-24 19:06:25.079 E/Diag_Lib(  516): qpLogDiagInit <== result : 0
02-24 19:06:25.079 I/ThermalEngine(  497): Created section 'CPU5_HOTPLUG_MONITOR'
02-24 19:06:25.079 D/QC-time-services(  510): Daemon:genoff_pre_init::Base = 13
02-24 19:06:25.079 I/ThermalEngine(  497): Algo Type 'monitor'
02-24 19:06:25.079 E/Diag_Lib(  516): DATAD : gIsQXDMDisabled 0, gIsADBDisabled 1, gIsDebugDisabled 0, gIsIMSLogsDisabled 0
02-24 19:06:25.079 D/QC-time-services(  510): Daemon: Storage Name: ats_13 
02-24 19:06:25.079 I/ThermalEngine(  497): Parsing section CPU5_HOTPLUG_MONITOR
02-24 19:06:25.079 D/QC-time-services(  510): Daemon:Opening File: /data/time/ats_13
02-24 19:06:25.079 I/ThermalEngine(  497): Found field 'sensor'
02-24 19:06:25.079 I/ThermalEngine(  497): Found field 'sampling'
02-24 19:06:25.079 D/QC-time-services(  510): Daemon:time_persistent_memory_opr:Genoff Read operation 
02-24 19:06:25.080 I/ThermalEngine(  497): Found field 'thresholds'
02-24 19:06:25.080 I/ThermalEngine(  497): Found field 'thresholds_clr'
02-24 19:06:25.080 I/ThermalEngine(  497): Found field 'actions'
02-24 19:06:25.080 I/ThermalEngine(  497): Found field 'action_info'
02-24 19:06:25.080 I/ThermalEngine(  497): Created section 'LCD_management'
02-24 19:06:25.080 I/ThermalEngine(  497): Algo Type 'monitor'
02-24 19:06:25.080 I/ThermalEngine(  497): Parsing section LCD_management
02-24 19:06:25.080 I/ThermalEngine(  497): Found field 'sensor'
02-24 19:06:25.080 I/ThermalEngine(  497): Found field 'sampling'
02-24 19:06:25.080 I/ThermalEngine(  497): Found field 'thresholds'
02-24 19:06:25.080 I/ThermalEngine(  497): Found field 'thresholds_clr'
02-24 19:06:25.080 I/ThermalEngine(  497): Found field 'actions'
02-24 19:06:25.080 I/ThermalEngine(  497): Found field 'action_info'
02-24 19:06:25.080 I/ThermalEngine(  497): Created section 'battery_monitor'
02-24 19:06:25.080 I/ThermalEngine(  497): Algo Type 'monitor'
02-24 19:06:25.080 I/ThermalEngine(  497): Parsing section battery_monitor
02-24 19:06:25.080 I/ThermalEngine(  497): Found field 'sensor'
02-24 19:06:25.080 I/ThermalEngine(  497): Found field 'sampling'
02-24 19:06:25.080 I/ThermalEngine(  497): Found field 'thresholds'
02-24 19:06:25.080 I/ThermalEngine(  497): Found field 'thresholds_clr'
02-24 19:06:25.080 I/ThermalEngine(  497): Found field 'actions'
02-24 19:06:25.080 I/ThermalEngine(  497): Found field 'action_info'
02-24 19:06:25.080 E/Diag_Lib(  493):  Diag_LSM_Init: Failed to open handle to diag driver, error = 13
02-24 19:06:25.080 I/ThermalEngine(  497): Created section 'PID-LITTLE_CLUSTER_management'
02-24 19:06:25.080 I/ThermalEngine(  497): Algo Type 'pid'
02-24 19:06:25.080 I/ThermalEngine(  497): Parsing section PID-LITTLE_CLUSTER_management
02-24 19:06:25.080 I/ThermalEngine(  497): Found field 'sampling'
02-24 19:06:25.080 I/ThermalEngine(  497): Found field 'sensor'
02-24 19:06:25.080 I/ThermalEngine(  497): Found field 'device'
02-24 19:06:25.080 I/ThermalEngine(  497): Found field 'set_point'
02-24 19:06:25.080 I/ThermalEngine(  497): Found field 'set_point_clr'
02-24 19:06:25.081 I/ThermalEngine(  497): Found field 'p_const'
02-24 19:06:25.081 I/ThermalEngine(  497): Found field 'i_const'
02-24 19:06:25.081 I/ThermalEngine(  497): Found field 'd_const'
02-24 19:06:25.081 I/ThermalEngine(  497): Found field 'i_samples'
02-24 19:06:25.081 I/ThermalEngine(  497): Found field 'dev_units_per_calc'
02-24 19:06:25.081 I/ThermalEngine(  497): Found field 'limit'
02-24 19:06:25.081 I/ThermalEngine(  497): Created section 'PID-BIG_CLUSTER_management'
02-24 19:06:25.081 I/ThermalEngine(  497): Algo Type 'pid'
02-24 19:06:25.081 I/ThermalEngine(  497): Parsing section PID-BIG_CLUSTER_management
02-24 19:06:25.081 I/ThermalEngine(  497): Found field 'sampling'
02-24 19:06:25.081 I/ThermalEngine(  497): Found field 'sensor'
02-24 19:06:25.081 I/ThermalEngine(  497): Found field 'device'
02-24 19:06:25.081 I/ThermalEngine(  497): Found field 'set_point'
02-24 19:06:25.081 I/ThermalEngine(  497): Found field 'set_point_clr'
02-24 19:06:25.081 I/ThermalEngine(  497): Found field 'p_const'
02-24 19:06:25.081 I/ThermalEngine(  497): Found field 'i_const'
02-24 19:06:25.081 I/ThermalEngine(  497): Found field 'd_const'
02-24 19:06:25.081 I/ThermalEngine(  497): Found field 'i_samples'
02-24 19:06:25.081 I/ThermalEngine(  497): Found field 'dev_units_per_calc'
02-24 19:06:25.081 I/ThermalEngine(  497): Found field 'limit'
02-24 19:06:25.081 I/ThermalEngine(  497): Created section 'SS-GPU_management'
02-24 19:06:25.081 I/ThermalEngine(  497): Algo Type 'pid'
02-24 19:06:25.081 I/ThermalEngine(  497): Parsing section SS-GPU_management
02-24 19:06:25.081 I/ThermalEngine(  497): Found field 'sensor'
02-24 19:06:25.081 I/ThermalEngine(  497): Found field 'sampling'
02-24 19:06:25.081 I/ThermalEngine(  497): Found field 'device'
02-24 19:06:25.081 I/ThermalEngine(  497): Found field 'set_point'
02-24 19:06:25.081 I/ThermalEngine(  497): Found field 'set_point_clr'
02-24 19:06:25.081 I/ThermalEngine(  497): Found field 'p_const'
02-24 19:06:25.081 I/ThermalEngine(  497): Found field 'i_const'
02-24 19:06:25.081 I/ThermalEngine(  497): Found field 'd_const'
02-24 19:06:25.081 I/ThermalEngine(  497): Found field 'i_samples'
02-24 19:06:25.081 I/ThermalEngine(  497): Found field 'dev_units_per_calc'
02-24 19:06:25.082 I/ThermalEngine(  497): Found field 'limit'
02-24 19:06:25.082 I/ThermalEngine(  497): [SS-GPU_management]
02-24 19:06:25.082 I/ThermalEngine(  497): algo_type pid
02-24 19:06:25.082 I/ThermalEngine(  497): sampling 5000
02-24 19:06:25.082 I/ThermalEngine(  497): sensor xo_therm
02-24 19:06:25.082 I/ThermalEngine(  497): device gpu
02-24 19:06:25.082 I/ThermalEngine(  497): set_point 44000
02-24 19:06:25.082 I/ThermalEngine(  497): set_point_clr 41000
02-24 19:06:25.082 I/ThermalEngine(  497): p_const 5.000000
02-24 19:06:25.082 I/ThermalEngine(  497): i_const 0.050000
02-24 19:06:25.082 I/ThermalEngine(  497): d_const 0.000000
02-24 19:06:25.082 I/ThermalEngine(  497): i_samples 20
02-24 19:06:25.082 I/ThermalEngine(  497): dev_units_per_calc 3500000
02-24 19:06:25.082 I/ThermalEngine(  497): [PID-BIG_CLUSTER_management]
02-24 19:06:25.082 I/ThermalEngine(  497): algo_type pid
02-24 19:06:25.082 I/ThermalEngine(  497): sampling 1000
02-24 19:06:25.082 I/ThermalEngine(  497): sensor xo_therm
02-24 19:06:25.082 I/ThermalEngine(  497): device cluster1
02-24 19:06:25.082 I/ThermalEngine(  497): set_point 39000
02-24 19:06:25.082 I/ThermalEngine(  497): set_point_clr 37000
02-24 19:06:25.082 I/ThermalEngine(  497): p_const 10.000000
02-24 19:06:25.082 I/ThermalEngine(  497): i_const 0.090000
02-24 19:06:25.082 I/ThermalEngine(  497): d_const 0.000000
02-24 19:06:25.082 I/ThermalEngine(  497): i_samples 10
02-24 19:06:25.082 I/ThermalEngine(  497): dev_units_per_calc 10000
02-24 19:06:25.082 I/ThermalEngine(  497): [PID-LITTLE_CLUSTER_management]
02-24 19:06:25.082 I/ThermalEngine(  497): algo_type pid
02-24 19:06:25.082 I/ThermalEngine(  497): sampling 5000
02-24 19:06:25.082 I/ThermalEngine(  497): sensor xo_therm
02-24 19:06:25.082 I/ThermalEngine(  497): device cluster0
02-24 19:06:25.082 I/ThermalEngine(  497): set_point 44000
02-24 19:06:25.082 I/ThermalEngine(  497): set_point_clr 41000
02-24 19:06:25.082 I/ThermalEngine(  497): p_const 5.000000
02-24 19:06:25.082 I/ThermalEngine(  497): i_const 0.100000
02-24 19:06:25.082 I/ThermalEngine(  497): d_const 0.000000
02-24 19:06:25.082 I/ThermalEngine(  497): i_samples 10
02-24 19:06:25.082 I/ThermalEngine(  497): dev_units_per_calc 10000
02-24 19:06:25.082 I/ThermalEngine(  497): [battery_monitor]
02-24 19:06:25.082 I/ThermalEngine(  497): algo_type monitor
02-24 19:06:25.082 I/ThermalEngine(  497): sampling 10000
02-24 19:06:25.082 I/ThermalEngine(  497): sensor xo_batt
02-24 19:06:25.082 I/ThermalEngine(  497): thresholds 36000 39000
02-24 19:06:25.082 I/ThermalEngine(  497): thresholds_clr 34000 38000
02-24 19:06:25.082 I/ThermalEngine(  497): actions battery battery
02-24 19:06:25.082 I/ThermalEngine(  497): action_info 0 3
02-24 19:06:25.082 I/ThermalEngine(  497): [LCD_management]
02-24 19:06:25.082 I/ThermalEngine(  497): algo_type monitor
02-24 19:06:25.082 I/ThermalEngine(  497): sampling 10000
02-24 19:06:25.082 I/ThermalEngine(  497): sensor xo_therm
02-24 19:06:25.083 I/ThermalEngine(  497): thresholds 36000 39000 42000 45000
02-24 19:06:25.083 I/ThermalEngine(  497): thresholds_clr 34000 37000 40000 43000
02-24 19:06:25.083 I/ThermalEngine(  497): actions lcd lcd lcd lcd
02-24 19:06:25.083 I/ThermalEngine(  497): action_info 255 232 208 183
02-24 19:06:25.083 I/ThermalEngine(  497): [CPU5_HOTPLUG_MONITOR]
02-24 19:06:25.083 I/ThermalEngine(  497): algo_type monitor
02-24 19:06:25.083 I/ThermalEngine(  497): sampling 1000
02-24 19:06:25.083 I/ThermalEngine(  497): sensor xo_therm
02-24 19:06:25.083 I/ThermalEngine(  497): thresholds 41000
02-24 19:06:25.083 I/ThermalEngine(  497): thresholds_clr 39000
02-24 19:06:25.083 I/ThermalEngine(  497): actions hotplug_5
02-24 19:06:25.083 I/ThermalEngine(  497): action_info 1
02-24 19:06:25.083 I/ThermalEngine(  497): [CPU4_HOTPLUG_MONITOR]
02-24 19:06:25.083 I/ThermalEngine(  497): algo_type monitor
02-24 19:06:25.083 I/ThermalEngine(  497): sampling 1000
02-24 19:06:25.083 I/ThermalEngine(  497): sensor xo_therm
02-24 19:06:25.083 I/ThermalEngine(  497): thresholds 41000
02-24 19:06:25.083 I/ThermalEngine(  497): thresholds_clr 39000
02-24 19:06:25.083 I/ThermalEngine(  497): actions hotplug_4
02-24 19:06:25.083 I/ThermalEngine(  497): action_info 1
02-24 19:06:25.083 I/ThermalEngine(  497): [CPU5_MONITOR]
02-24 19:06:25.083 I/ThermalEngine(  497): algo_type monitor
02-24 19:06:25.083 I/ThermalEngine(  497): sampling 1000
02-24 19:06:25.083 I/ThermalEngine(  497): sensor cpu5
02-24 19:06:25.083 I/ThermalEngine(  497): thresholds 115000
02-24 19:06:25.083 I/ThermalEngine(  497): thresholds_clr 110000
02-24 19:06:25.083 I/ThermalEngine(  497): actions shutdown
02-24 19:06:25.083 I/ThermalEngine(  497): action_info 0
02-24 19:06:25.083 I/ThermalEngine(  497): [CPU4_MONITOR]
02-24 19:06:25.083 I/ThermalEngine(  497): algo_type monitor
02-24 19:06:25.083 I/ThermalEngine(  497): sampling 1000
02-24 19:06:25.083 I/ThermalEngine(  497): sensor cpu4
02-24 19:06:25.083 I/ThermalEngine(  497): thresholds 115000
02-24 19:06:25.083 I/ThermalEngine(  497): thresholds_clr 110000
02-24 19:06:25.083 I/ThermalEngine(  497): actions shutdown
02-24 19:06:25.083 I/ThermalEngine(  497): action_info 0
02-24 19:06:25.083 I/ThermalEngine(  497): [CPU3_MONITOR]
02-24 19:06:25.083 I/ThermalEngine(  497): algo_type monitor
02-24 19:06:25.083 I/ThermalEngine(  497): sampling 1000
02-24 19:06:25.083 I/ThermalEngine(  497): sensor cpu3
02-24 19:06:25.083 I/ThermalEngine(  497): thresholds 115000
02-24 19:06:25.083 I/ThermalEngine(  497): thresholds_clr 110000
02-24 19:06:25.083 I/ThermalEngine(  497): actions shutdown
02-24 19:06:25.084 I/ThermalEngine(  497): action_info 0
02-24 19:06:25.084 I/ThermalEngine(  497): [CPU2_MONITOR]
02-24 19:06:25.084 I/ThermalEngine(  497): algo_type monitor
02-24 19:06:25.084 I/ThermalEngine(  497): sampling 1000
02-24 19:06:25.084 I/ThermalEngine(  497): sensor cpu2
02-24 19:06:25.084 I/ThermalEngine(  497): thresholds 115000
02-24 19:06:25.084 I/ThermalEngine(  497): thresholds_clr 110000
02-24 19:06:25.084 I/ThermalEngine(  497): actions shutdown
02-24 19:06:25.084 I/ThermalEngine(  497): action_info 0
02-24 19:06:25.084 I/ThermalEngine(  497): [CPU0_MONITOR]
02-24 19:06:25.084 I/ThermalEngine(  497): algo_type monitor
02-24 19:06:25.084 I/ThermalEngine(  497): sampling 1000
02-24 19:06:25.084 I/ThermalEngine(  497): sensor cpu0-1
02-24 19:06:25.084 I/ThermalEngine(  497): thresholds 115000
02-24 19:06:25.084 I/ThermalEngine(  497): thresholds_clr 110000
02-24 19:06:25.084 I/ThermalEngine(  497): actions shutdown
02-24 19:06:25.084 I/ThermalEngine(  497): action_info 0
02-24 19:06:25.084 I/ThermalEngine(  497): [PMIC-ALARM-MONITOR]
02-24 19:06:25.084 I/ThermalEngine(  497): #algo_type monitor
02-24 19:06:25.084 I/ThermalEngine(  497): sampling 1000
02-24 19:06:25.084 I/ThermalEngine(  497): sensor pm8994_tz
02-24 19:06:25.084 I/ThermalEngine(  497): thresholds 107000 127000
02-24 19:06:25.084 I/ThermalEngine(  497): thresholds_clr 103000 123000
02-24 19:06:25.084 I/ThermalEngine(  497): actions hotplug_5+hotplug_4+hotplug_3+hotplug_2+hotplug_1+cluster1+ hotplug_5+hotplug_4+hotplug_3+hotplug_2+hotplug_1
02-24 19:06:25.084 I/ThermalEngine(  497): action_info 0+0+0+0+0+302400+0 1+1+1+1+1
02-24 19:06:25.084 I/ThermalEngine(  497): [VDD_RSTR_MONITOR-TSENS14]
02-24 19:06:25.084 I/ThermalEngine(  497): #algo_type monitor
02-24 19:06:25.084 I/ThermalEngine(  497): sampling 1000
02-24 19:06:25.084 I/ThermalEngine(  497): sensor tsens_tz_sensor14
02-24 19:06:25.084 I/ThermalEngine(  497): thresholds 5000
02-24 19:06:25.084 I/ThermalEngine(  497): thresholds_clr 10000
02-24 19:06:25.084 I/ThermalEngine(  497): actions vdd_restriction
02-24 19:06:25.084 I/ThermalEngine(  497): action_info 1
02-24 19:06:25.084 I/ThermalEngine(  497): descending
02-24 19:06:25.084 I/ThermalEngine(  497): [VDD_RSTR_MONITOR-TSENS13]
02-24 19:06:25.084 I/ThermalEngine(  497): #algo_type monitor
02-24 19:06:25.084 I/ThermalEngine(  497): sampling 1000
02-24 19:06:25.084 I/ThermalEngine(  497): sensor tsens_tz_sensor13
02-24 19:06:25.084 I/ThermalEngine(  497): thresholds 5000
02-24 19:06:25.084 I/ThermalEngine(  497): thresholds_clr 10000
02-24 19:06:25.084 I/ThermalEngine(  497): actions vdd_restriction
02-24 19:06:25.084 I/ThermalEngine(  497): action_info 1
02-24 19:06:25.084 E/QCNEA   (  513): Cne Version 4.8
02-24 19:06:25.084 I/ThermalEngine(  497): descending
02-24 19:06:25.085 I/ThermalEngine(  497): [VDD_RSTR_MONITOR-TSENS12]
02-24 19:06:25.085 I/ThermalEngine(  497): #algo_type monitor
02-24 19:06:25.085 I/ThermalEngine(  497): sampling 1000
02-24 19:06:25.085 I/ThermalEngine(  497): sensor tsens_tz_sensor12
02-24 19:06:25.085 I/ThermalEngine(  497): thresholds 5000
02-24 19:06:25.085 E/Diag_Lib(  513):  Diag_LSM_Init: Failed to open handle to diag driver, error = 13
02-24 19:06:25.085 I/ThermalEngine(  497): thresholds_clr 10000
02-24 19:06:25.085 I/ThermalEngine(  497): actions vdd_restriction
02-24 19:06:25.085 I/ThermalEngine(  497): action_info 1
02-24 19:06:25.085 I/ThermalEngine(  497): descending
02-24 19:06:25.085 I/ThermalEngine(  497): [VDD_RSTR_MONITOR-TSENS11]
02-24 19:06:25.085 I/ThermalEngine(  497): #algo_type monitor
02-24 19:06:25.085 I/ThermalEngine(  497): sampling 1000
02-24 19:06:25.085 I/ThermalEngine(  497): sensor tsens_tz_sensor11
02-24 19:06:25.085 I/ThermalEngine(  497): thresholds 5000
02-24 19:06:25.085 I/ThermalEngine(  497): thresholds_clr 10000
02-24 19:06:25.085 I/ThermalEngine(  497): actions vdd_restriction
02-24 19:06:25.085 I/ThermalEngine(  497): action_info 1
02-24 19:06:25.085 I/ThermalEngine(  497): descending
02-24 19:06:25.085 I/ThermalEngine(  497): [VDD_RSTR_MONITOR-TSENS10]
02-24 19:06:25.085 I/ThermalEngine(  497): #algo_type monitor
02-24 19:06:25.085 I/ThermalEngine(  497): sampling 1000
02-24 19:06:25.085 I/ThermalEngine(  497): sensor tsens_tz_sensor10
02-24 19:06:25.085 I/ThermalEngine(  497): thresholds 5000
02-24 19:06:25.086 I/ThermalEngine(  497): thresholds_clr 10000
02-24 19:06:25.086 I/ThermalEngine(  497): actions vdd_restriction
02-24 19:06:25.086 I/ThermalEngine(  497): action_info 1
02-24 19:06:25.086 I/ThermalEngine(  497): descending
02-24 19:06:25.086 I/ThermalEngine(  497): [VDD_RSTR_MONITOR-TSENS9]
02-24 19:06:25.086 I/ThermalEngine(  497): #algo_type monitor
02-24 19:06:25.086 I/ThermalEngine(  497): sampling 1000
02-24 19:06:25.086 I/ThermalEngine(  497): sensor tsens_tz_sensor9
02-24 19:06:25.086 I/ThermalEngine(  497): thresholds 5000
02-24 19:06:25.086 I/ThermalEngine(  497): thresholds_clr 10000
02-24 19:06:25.086 I/ThermalEngine(  497): actions vdd_restriction
02-24 19:06:25.086 I/ThermalEngine(  497): action_info 1
02-24 19:06:25.086 I/ThermalEngine(  497): descending
02-24 19:06:25.086 I/ThermalEngine(  497): [VDD_RSTR_MONITOR-TSENS7]
02-24 19:06:25.086 I/ThermalEngine(  497): #algo_type monitor
02-24 19:06:25.086 I/ThermalEngine(  497): sampling 1000
02-24 19:06:25.086 I/ThermalEngine(  497): sensor tsens_tz_sensor7
02-24 19:06:25.086 I/ThermalEngine(  497): thresholds 5000
02-24 19:06:25.086 I/ThermalEngine(  497): thresholds_clr 10000
02-24 19:06:25.086 I/ThermalEngine(  497): actions vdd_restriction
02-24 19:06:25.086 I/ThermalEngine(  497): action_info 1
02-24 19:06:25.086 I/ThermalEngine(  497): descending
02-24 19:06:25.086 I/ThermalEngine(  497): [VDD_RSTR_MONITOR-TSENS5]
02-24 19:06:25.086 I/ThermalEngine(  497): #algo_type monitor
02-24 19:06:25.086 I/ThermalEngine(  497): sampling 1000
02-24 19:06:25.086 I/ThermalEngine(  497): sensor tsens_tz_sensor5
02-24 19:06:25.086 I/ThermalEngine(  497): thresholds 5000
02-24 19:06:25.086 E/Diag_Lib(  513):  Diag_LSM_Init: Failed to open handle to diag driver, error = 13
02-24 19:06:25.086 I/ThermalEngine(  497): thresholds_clr 10000
02-24 19:06:25.086 I/ThermalEngine(  497): actions vdd_restriction
02-24 19:06:25.086 I/ThermalEngine(  497): action_info 1
02-24 19:06:25.086 I/ThermalEngine(  497): descending
02-24 19:06:25.086 I/ThermalEngine(  497): [VDD_RSTR_MONITOR-TSENS4]
02-24 19:06:25.086 I/ThermalEngine(  497): #algo_type monitor
02-24 19:06:25.086 I/ThermalEngine(  497): sampling 1000
02-24 19:06:25.086 I/ThermalEngine(  497): sensor tsens_tz_sensor4
02-24 19:06:25.086 I/ThermalEngine(  497): thresholds 5000
02-24 19:06:25.086 I/ThermalEngine(  497): thresholds_clr 10000
02-24 19:06:25.087 I/ThermalEngine(  497): actions vdd_restriction
02-24 19:06:25.087 E/QC-QMI  (  513): qmi_client [513]: unable to connect to server, errno=[2:No such file or directory], attempt=1
02-24 19:06:25.087 I/ThermalEngine(  497): action_info 1
02-24 19:06:25.087 I/ThermalEngine(  497): descending
02-24 19:06:25.087 I/ThermalEngine(  497): [VDD_RSTR_MONITOR-TSENS3]
02-24 19:06:25.087 I/ThermalEngine(  497): #algo_type monitor
02-24 19:06:25.087 I/ThermalEngine(  497): sampling 1000
02-24 19:06:25.087 I/ThermalEngine(  497): sensor tsens_tz_sensor3
02-24 19:06:25.087 I/ThermalEngine(  497): thresholds 5000
02-24 19:06:25.087 I/ThermalEngine(  497): thresholds_clr 10000
02-24 19:06:25.087 I/ThermalEngine(  497): actions vdd_restriction
02-24 19:06:25.087 I/ThermalEngine(  497): action_info 1
02-24 19:06:25.087 I/ThermalEngine(  497): descending
02-24 19:06:25.087 I/ThermalEngine(  497): [VDD_RSTR_MONITOR-TSENS2]
02-24 19:06:25.087 I/ThermalEngine(  497): #algo_type monitor
02-24 19:06:25.087 I/ThermalEngine(  497): sampling 1000
02-24 19:06:25.087 I/ThermalEngine(  497): sensor tsens_tz_sensor2
02-24 19:06:25.087 I/ThermalEngine(  497): thresholds 5000
02-24 19:06:25.087 I/ThermalEngine(  497): thresholds_clr 10000
02-24 19:06:25.087 I/ThermalEngine(  497): actions vdd_restriction
02-24 19:06:25.087 I/ThermalEngine(  497): action_info 1
02-24 19:06:25.087 I/ThermalEngine(  497): descending
02-24 19:06:25.087 I/ThermalEngine(  497): [VDD_RSTR_MONITOR-TSENS1]
02-24 19:06:25.087 I/ThermalEngine(  497): #algo_type monitor
02-24 19:06:25.087 I/ThermalEngine(  497): sampling 1000
02-24 19:06:25.087 I/ThermalEngine(  497): sensor tsens_tz_sensor1
02-24 19:06:25.087 I/ThermalEngine(  497): thresholds 5000
02-24 19:06:25.087 I/ThermalEngine(  497): thresholds_clr 10000
02-24 19:06:25.087 I/ThermalEngine(  497): actions vdd_restriction
02-24 19:06:25.087 I/ThermalEngine(  497): action_info 1
02-24 19:06:25.087 I/ThermalEngine(  497): descending
02-24 19:06:25.087 I/ThermalEngine(  497): [VDD_RSTR_MONITOR-TSENS0]
02-24 19:06:25.087 I/ThermalEngine(  497): #algo_type monitor
02-24 19:06:25.087 I/ThermalEngine(  497): sampling 1000
02-24 19:06:25.087 I/ThermalEngine(  497): sensor tsens_tz_sensor0
02-24 19:06:25.087 I/ThermalEngine(  497): thresholds 5000
02-24 19:06:25.087 I/ThermalEngine(  497): thresholds_clr 10000
02-24 19:06:25.087 I/ThermalEngine(  497): actions vdd_restriction
02-24 19:06:25.087 I/ThermalEngine(  497): action_info 1
02-24 19:06:25.087 I/ThermalEngine(  497): descending
02-24 19:06:25.087 E/ThermalEngine(  497): create_device_clnts: Error adding device 
02-24 19:06:25.088 I/ThermalEngine(  497): [SS-GPU]
02-24 19:06:25.088 I/ThermalEngine(  497): #algo_type ss
02-24 19:06:25.088 I/ThermalEngine(  497): sampling 250
02-24 19:06:25.088 I/ThermalEngine(  497): sensor gpu
02-24 19:06:25.088 I/ThermalEngine(  497): device gpu
02-24 19:06:25.088 I/ThermalEngine(  497): set_point 85000
02-24 19:06:25.088 I/ThermalEngine(  497): set_point_clr 55000
02-24 19:06:25.088 I/ThermalEngine(  497): time_constant 0
02-24 19:06:25.088 I/ThermalEngine(  497): [SS-POPMEM]
02-24 19:06:25.088 I/ThermalEngine(  497): #algo_type ss
02-24 19:06:25.088 I/ThermalEngine(  497): sampling 10
02-24 19:06:25.088 I/ThermalEngine(  497): sensor pop_mem
02-24 19:06:25.088 I/ThermalEngine(  497): device cluster1
02-24 19:06:25.088 I/ThermalEngine(  497): set_point 80000
02-24 19:06:25.088 I/ThermalEngine(  497): set_point_clr 55000
02-24 19:06:25.088 I/ThermalEngine(  497): time_constant 16
02-24 19:06:25.088 I/ThermalEngine(  497): [SS-CPU5]
02-24 19:06:25.088 I/ThermalEngine(  497): #algo_type ss
02-24 19:06:25.088 I/ThermalEngine(  497): sampling 10
02-24 19:06:25.088 I/ThermalEngine(  497): sensor cpu5
02-24 19:06:25.088 I/ThermalEngine(  497): device cluster1
02-24 19:06:25.088 I/ThermalEngine(  497): set_point 95000
02-24 19:06:25.088 I/ThermalEngine(  497): set_point_clr 55000
02-24 19:06:25.088 I/ThermalEngine(  497): time_constant 0
02-24 19:06:25.088 I/ThermalEngine(  497): [SS-CPU4]
02-24 19:06:25.088 I/ThermalEngine(  497): #algo_type ss
02-24 19:06:25.088 I/ThermalEngine(  497): sampling 10
02-24 19:06:25.088 I/ThermalEngine(  497): sensor cpu4
02-24 19:06:25.088 I/ThermalEngine(  497): device cluster1
02-24 19:06:25.088 I/ThermalEngine(  497): set_point 95000
02-24 19:06:25.088 I/ThermalEngine(  497): set_point_clr 55000
02-24 19:06:25.088 I/ThermalEngine(  497): time_constant 0
02-24 19:06:25.088 I/ThermalEngine(  497): [SS-CPU3]
02-24 19:06:25.088 I/ThermalEngine(  497): #algo_type ss
02-24 19:06:25.088 I/ThermalEngine(  497): sampling 10
02-24 19:06:25.088 I/ThermalEngine(  497): sensor cpu3
02-24 19:06:25.088 I/ThermalEngine(  497): device cluster0
02-24 19:06:25.088 I/ThermalEngine(  497): set_point 95000
02-24 19:06:25.088 I/ThermalEngine(  497): set_point_clr 55000
02-24 19:06:25.088 I/ThermalEngine(  497): time_constant 0
02-24 19:06:25.088 I/ThermalEngine(  497): [SS-CPU2]
02-24 19:06:25.088 I/ThermalEngine(  497): #algo_type ss
02-24 19:06:25.088 I/ThermalEngine(  497): sampling 10
02-24 19:06:25.088 I/ThermalEngine(  497): sensor cpu2
02-24 19:06:25.088 I/ThermalEngine(  497): device cluster0
02-24 19:06:25.088 I/ThermalEngine(  497): set_point 95000
02-24 19:06:25.088 I/ThermalEngine(  497): set_point_clr 55000
02-24 19:06:25.088 I/ThermalEngine(  497): time_constant 0
02-24 19:06:25.088 I/ThermalEngine(  497): [SS-CPU0]
02-24 19:06:25.088 I/ThermalEngine(  497): #algo_type ss
02-24 19:06:25.088 I/ThermalEngine(  497): sampling 10
02-24 19:06:25.088 I/ThermalEngine(  497): sensor cpu0-1
02-24 19:06:25.088 I/ThermalEngine(  497): device cluster0
02-24 19:06:25.088 I/ThermalEngine(  497): set_point 95000
02-24 19:06:25.088 I/ThermalEngine(  497): set_point_clr 55000
02-24 19:06:25.088 I/ThermalEngine(  497): time_constant 0
02-24 19:06:25.092 E/Diag_Lib(  496):  Diag_LSM_Init: Failed to open handle to diag driver, error = 13
02-24 19:06:25.104 I/ThermalEngine(  497): vdd_restrict_qmi_request: MODEM req level(0) is recorded and waiting for completing QMI registration
02-24 19:06:25.104 I/ThermalEngine(  497): vdd_restrict_qmi_request: ADSP req level(0) is recorded and waiting for completing QMI registration
02-24 19:06:25.104 I/ThermalEngine(  497): hotplug_ktm_disable_cb: write out 0
04-20 13:12:40.354 I/auditd  (  333): type=1403 audit(0.0:2): policy loaded auid=4294967295 ses=4294967295
04-20 13:12:40.354 W/auditd  (  333): type=1404 audit(0.0:3): enforcing=1 old_enforcing=0 auid=4294967295 ses=4294967295
04-20 13:12:41.574 W/irq/502-wcd9xxx(  400): type=1400 audit(0.0:4): avc: granted { setsched } for scontext=u:r:kernel:s0 tcontext=u:r:kernel:s0 tclass=process
04-20 13:12:41.594 W/irq/215-fc38800(  401): type=1400 audit(0.0:5): avc: granted { setsched } for scontext=u:r:kernel:s0 tcontext=u:r:kernel:s0 tclass=process
04-20 13:12:41.604 W/init    (    1): type=1400 audit(0.0:6): avc: denied { unlink } for name="diag" dev="tmpfs" ino=11333 scontext=u:r:init:s0 tcontext=u:object_r:diag_device:s0 tclass=chr_file permissive=0
04-20 13:12:41.884 W/mdss_fb0(  426): type=1400 audit(0.0:7): avc: granted { setsched } for scontext=u:r:kernel:s0 tcontext=u:r:kernel:s0 tclass=process
04-20 13:12:43.604 W/imsqmidaemon(  498): type=1400 audit(0.0:8): avc: denied { read write } for name="diag" dev="tmpfs" ino=11333 scontext=u:r:ims:s0 tcontext=u:object_r:diag_device:s0 tclass=chr_file permissive=0
04-20 13:12:43.604 W/imsqmidaemon(  498): type=1400 audit(0.0:9): avc: denied { read write } for name="diag" dev="tmpfs" ino=11333 scontext=u:r:ims:s0 tcontext=u:object_r:diag_device:s0 tclass=chr_file permissive=0
04-20 13:12:43.604 W/imsqmidaemon(  498): type=1400 audit(0.0:10): avc: denied { read write } for name="diag" dev="tmpfs" ino=11333 scontext=u:r:ims:s0 tcontext=u:object_r:diag_device:s0 tclass=chr_file permissive=0
04-20 13:12:43.604 W/imsqmidaemon(  498): type=1400 audit(0.0:11): avc: denied { read write } for name="diag" dev="tmpfs" ino=11333 scontext=u:r:ims:s0 tcontext=u:object_r:diag_device:s0 tclass=chr_file permissive=0
04-20 13:12:43.604 W/imsqmidaemon(  498): type=1400 audit(0.0:12): avc: denied { read write } for name="diag" dev="tmpfs" ino=11333 scontext=u:r:ims:s0 tcontext=u:object_r:diag_device:s0 tclass=chr_file permissive=0
04-20 13:12:43.604 W/imsqmidaemon(  498): type=1400 audit(0.0:13): avc: denied { read write } for name="diag" dev="tmpfs" ino=11333 scontext=u:r:ims:s0 tcontext=u:object_r:diag_device:s0 tclass=chr_file permissive=0
04-20 13:12:43.624 W/imsqmidaemon(  498): type=1400 audit(0.0:14): avc: denied { read write } for name="diag" dev="tmpfs" ino=11333 scontext=u:r:ims:s0 tcontext=u:object_r:diag_device:s0 tclass=chr_file permissive=0
04-20 13:12:43.624 W/imsqmidaemon(  498): type=1400 audit(0.0:15): avc: denied { read write } for name="diag" dev="tmpfs" ino=11333 scontext=u:r:ims:s0 tcontext=u:object_r:diag_device:s0 tclass=chr_file permissive=0
04-20 13:12:43.624 W/imsqmidaemon(  498): type=1400 audit(0.0:16): avc: denied { read write } for name="diag" dev="tmpfs" ino=11333 scontext=u:r:ims:s0 tcontext=u:object_r:diag_device:s0 tclass=chr_file permissive=0
04-20 13:12:43.744 W/ATFWD-daemon(  512): type=1400 audit(0.0:17): avc: denied { read write } for name="diag" dev="tmpfs" ino=11333 scontext=u:r:atfwd:s0 tcontext=u:object_r:diag_device:s0 tclass=chr_file permissive=0
04-20 13:12:43.754 W/thermal-engine(  522): type=1400 audit(0.0:18): avc: denied { read write } for name="diag" dev="tmpfs" ino=11333 scontext=u:r:thermal-engine:s0 tcontext=u:object_r:diag_device:s0 tclass=chr_file permissive=0
04-20 13:12:43.754 W/qti     (  495): type=1400 audit(0.0:19): avc: denied { read write } for name="diag" dev="tmpfs" ino=11333 scontext=u:r:qti:s0 tcontext=u:object_r:diag_device:s0 tclass=chr_file permissive=0
04-20 13:12:43.764 W/qmuxd   (  493): type=1400 audit(0.0:20): avc: denied { read write } for name="diag" dev="tmpfs" ino=11333 scontext=u:r:qmux:s0 tcontext=u:object_r:diag_device:s0 tclass=chr_file permissive=0
04-20 13:12:43.764 W/qti     (  495): type=1400 audit(0.0:21): avc: denied { read write } for name="diag" dev="tmpfs" ino=11333 scontext=u:r:qti:s0 tcontext=u:object_r:diag_device:s0 tclass=chr_file permissive=0
04-20 13:12:43.764 W/qmuxd   (  493): type=1400 audit(0.0:22): avc: denied { read write } for name="diag" dev="tmpfs" ino=11333 scontext=u:r:qmux:s0 tcontext=u:object_r:diag_device:s0 tclass=chr_file permissive=0
04-20 13:12:43.764 W/imsdatadaemon(  516): type=1400 audit(0.0:23): avc: denied { read write } for name="diag" dev="tmpfs" ino=11333 scontext=u:r:ims:s0 tcontext=u:object_r:diag_device:s0 tclass=chr_file permissive=0
04-20 13:12:43.764 W/imsdatadaemon(  516): type=1400 audit(0.0:24): avc: denied { read write } for name="diag" dev="tmpfs" ino=11333 scontext=u:r:ims:s0 tcontext=u:object_r:diag_device:s0 tclass=chr_file permissive=0
04-20 13:12:43.764 W/imsdatadaemon(  516): type=1400 audit(0.0:25): avc: denied { read write } for name="diag" dev="tmpfs" ino=11333 scontext=u:r:ims:s0 tcontext=u:object_r:diag_device:s0 tclass=chr_file permissive=0
04-20 13:12:43.764 W/imsdatadaemon(  516): type=1400 audit(0.0:26): avc: denied { read write } for name="diag" dev="tmpfs" ino=11333 scontext=u:r:ims:s0 tcontext=u:object_r:diag_device:s0 tclass=chr_file permissive=0
04-20 13:12:43.764 W/imsdatadaemon(  516): type=1400 audit(0.0:27): avc: denied { read write } for name="diag" dev="tmpfs" ino=11333 scontext=u:r:ims:s0 tcontext=u:object_r:diag_device:s0 tclass=chr_file permissive=0
04-20 13:12:43.774 W/imsdatadaemon(  516): type=1400 audit(0.0:28): avc: denied { read write } for name="diag" dev="tmpfs" ino=11333 scontext=u:r:ims:s0 tcontext=u:object_r:diag_device:s0 tclass=chr_file permissive=0
04-20 13:12:43.774 W/imsdatadaemon(  516): type=1400 audit(0.0:29): avc: denied { read write } for name="diag" dev="tmpfs" ino=11333 scontext=u:r:ims:s0 tcontext=u:object_r:diag_device:s0 tclass=chr_file permissive=0
04-20 13:12:43.774 W/imsdatadaemon(  516): type=1400 audit(0.0:30): avc: denied { read write } for name="diag" dev="tmpfs" ino=11333 scontext=u:r:ims:s0 tcontext=u:object_r:diag_device:s0 tclass=chr_file permissive=0
04-20 13:12:43.774 W/imsdatadaemon(  516): type=1400 audit(0.0:31): avc: denied { read write } for name="diag" dev="tmpfs" ino=11333 scontext=u:r:ims:s0 tcontext=u:object_r:diag_device:s0 tclass=chr_file permissive=0
04-20 13:12:43.774 W/imsdatadaemon(  516): type=1400 audit(0.0:32): avc: denied { read write } for name="diag" dev="tmpfs" ino=11333 scontext=u:r:ims:s0 tcontext=u:object_r:diag_device:s0 tclass=chr_file permissive=0
04-20 13:12:43.774 W/imsdatadaemon(  516): type=1400 audit(0.0:33): avc: denied { read write } for name="diag" dev="tmpfs" ino=11333 scontext=u:r:ims:s0 tcontext=u:object_r:diag_device:s0 tclass=chr_file permissive=0
04-20 13:12:43.774 W/imsdatadaemon(  516): type=1400 audit(0.0:34): avc: denied { read write } for name="diag" dev="tmpfs" ino=11333 scontext=u:r:ims:s0 tcontext=u:object_r:diag_device:s0 tclass=chr_file permissive=0
04-20 13:12:43.774 W/imsdatadaemon(  516): type=1400 audit(0.0:35): avc: denied { read write } for name="diag" dev="tmpfs" ino=11333 scontext=u:r:ims:s0 tcontext=u:object_r:diag_device:s0 tclass=chr_file permissive=0
04-20 13:12:43.774 W/imsdatadaemon(  516): type=1400 audit(0.0:36): avc: denied { read write } for name="diag" dev="tmpfs" ino=11333 scontext=u:r:ims:s0 tcontext=u:object_r:diag_device:s0 tclass=chr_file permissive=0
04-20 13:12:43.774 W/imsdatadaemon(  516): type=1400 audit(0.0:37): avc: denied { read write } for name="diag" dev="tmpfs" ino=11333 scontext=u:r:ims:s0 tcontext=u:object_r:diag_device:s0 tclass=chr_file permissive=0
04-20 13:12:43.774 W/imsdatadaemon(  516): type=1400 audit(0.0:38): avc: denied { read write } for name="diag" dev="tmpfs" ino=11333 scontext=u:r:ims:s0 tcontext=u:object_r:diag_device:s0 tclass=chr_file permissive=0
04-20 13:12:43.774 W/imsdatadaemon(  516): type=1400 audit(0.0:39): avc: denied { read write } for name="diag" dev="tmpfs" ino=11333 scontext=u:r:ims:s0 tcontext=u:object_r:diag_device:s0 tclass=chr_file permissive=0
04-20 13:12:43.774 W/imsdatadaemon(  516): type=1400 audit(0.0:40): avc: denied { read write } for name="diag" dev="tmpfs" ino=11333 scontext=u:r:ims:s0 tcontext=u:object_r:diag_device:s0 tclass=chr_file permissive=0
04-20 13:12:43.774 W/qmuxd   (  493): type=1400 audit(0.0:41): avc: denied { read write } for name="diag" dev="tmpfs" ino=11333 scontext=u:r:qmux:s0 tcontext=u:object_r:diag_device:s0 tclass=chr_file permissive=0
04-20 13:12:43.774 W/cnd     (  513): type=1400 audit(0.0:42): avc: denied { read write } for name="smem_log" dev="tmpfs" ino=11375 scontext=u:r:cnd:s0 tcontext=u:object_r:smem_log_device:s0 tclass=chr_file permissive=0
02-24 19:06:25.147 V/LOWI-6.3.1.0.r(  563): [LOWIEventDispatcher] LOWIEventDispatcher
02-24 19:06:25.151 V/LOWI-6.3.1.0.r(  563): [MessageQ_Client] creating client socket
02-24 19:06:25.151 I/LOWI-6.3.1.0.r(  563): [MessageQ_Client] connecting to server [/data/misc/location/mq/location-mq-s]
02-24 19:06:25.151 I/LOWI-6.3.1.0.r(  563): [MessageQ_Client] connected
02-24 19:06:25.151 V/LOWI-6.3.1.0.r(  563): [LOWIController] init
02-24 19:06:25.151 E/QCALOG  (  562): [MessageQ] ProcessNewMessage: [NOT_REGISTERED:563] unknown deliver target [OS-Agent]
02-24 19:06:25.151 E/Diag_Lib(  563):  Diag_LSM_Init: Failed to open handle to diag driver, error = 13
02-24 19:06:25.152 E/LOWI-6.3.1.0.r(  563): [LOWIDiagLog] Diag logging could not be enabled
02-24 19:06:25.158 E/LOWI-6.3.1.0.r(  563): [LOWIEventReceiver] handleEvent failed
02-24 19:06:25.180 D/QC-time-services(  510): Daemon:genoff_pre_init::Base = 14
02-24 19:06:25.180 D/QC-time-services(  510): Daemon: Storage Name: ats_14 
02-24 19:06:25.180 D/QC-time-services(  510): Daemon:Opening File: /data/time/ats_14
02-24 19:06:25.180 D/QC-time-services(  510): Daemon:time_persistent_memory_opr:Genoff Read operation 
02-24 19:06:25.180 D/QC-time-services(  510): Daemon:Unable to open filefor read
02-24 19:06:25.180 D/QC-time-services(  510): Daemon:genoff_post_init:Error in accessing storage
02-24 19:06:25.180 D/QC-time-services(  510): Daemon:genoff_init_config: Other bases initilized, exiting genoff_init
02-24 19:06:25.180 D/QC-time-services(  510): Daemon:rtc_get: Time read from RTC -- MM/DD/YY HH:MM:SS1/24/70 18:6:25
02-24 19:06:25.181 D/QC-time-services(  510): Daemon:genoff_opr: Base = 1, val = 0, operation = 1
02-24 19:06:25.181 D/QC-time-services(  510): Daemon: genoff get for 1
02-24 19:06:25.181 D/QC-time-services(  510): Daemon:rtc_get: Time read from RTC -- MM/DD/YY HH:MM:SS1/24/70 18:6:25
02-24 19:06:25.181 D/QC-time-services(  510): Daemon:Value read from RTC seconds = 4730785000
02-24 19:06:25.181 D/QC-time-services(  510): Daemon:Value read from generic offset = 1445478280249
02-24 19:06:25.181 D/QC-time-services(  510): Daemon:Final Time = 1450209065249
02-24 19:06:25.182 D/QC-time-services(  510): Daemon:genoff_boot_tod_init: Setting system time to sec =1450209065, nsec =249000000
12-15 20:51:05.249 E/QC-time-services(  510): Daemon:genoff_boot_tod_init: Unable to set TOD at boot up
12-15 20:51:05.249 E/QC-time-services(  510): Daemon: Unable to set TOD at boot up
12-15 20:51:05.249 D/QC-time-services(  510): Daemon:genoff_modem_qmi_service_request: Initiallizing QMI 
12-15 20:51:05.254 D/QC-time-services(  510): Daemon: Time-services: All initializations done
12-15 20:51:05.254 E/QC-time-services(  510): Daemon: Time-services: Waiting to acceptconnection
12-15 20:51:05.254 E/Diag_Lib(  510):  Diag_LSM_Init: Failed to open handle to diag driver, error = 13
12-15 20:51:05.254 E/QC-QMI  (  510): qmi_client [510]: unable to bind to client socket, rc = -1 errno[13:Permission denied]
12-15 20:51:05.255 E/QC-QMI  (  510): qmi_qmux_if_pwr_up_init_ex:  Initialization failed, rc = -1
12-15 20:51:05.255 E/QMI_FW  (  510): QMUXD: WARNING qmi_qmux_if_pwr_up_init failed! rc=-1
12-15 20:51:05.255 E/QC-QMI  (  510): qmi_client [510]: unable to bind to client socket, rc = -1 errno[13:Permission denied]
12-15 20:51:05.255 E/QC-QMI  (  510): qmi_qmux_if_pwr_up_init_ex:  Initialization failed, rc = -1
12-15 20:51:05.255 E/QMI_FW  (  510): QMUXD: WARNING qmi_qmux_if_pwr_up_init failed! rc=-1
12-15 20:51:05.255 E/QC-QMI  (  510): qmi_client [510]: unable to bind to client socket, rc = -1 errno[13:Permission denied]
12-15 20:51:05.255 E/QC-QMI  (  510): qmi_qmux_if_pwr_up_init_ex:  Initialization failed, rc = -1
12-15 20:51:05.255 E/QMI_FW  (  510): QMUXD: WARNING qmi_qmux_if_pwr_up_init failed! rc=-1
12-15 20:51:05.255 E/QC-QMI  (  510): qmi_client [510]: unable to bind to client socket, rc = -1 errno[13:Permission denied]
12-15 20:51:05.255 E/QC-QMI  (  510): qmi_qmux_if_pwr_up_init_ex:  Initialization failed, rc = -1
12-15 20:51:05.255 E/QMI_FW  (  510): QMUXD: WARNING qmi_qmux_if_pwr_up_init failed! rc=-1
12-15 20:51:05.256 E/QC-QMI  (  510): qmi_client [510]: unable to bind to client socket, rc = -1 errno[13:Permission denied]
12-15 20:51:05.256 E/QC-QMI  (  510): qmi_qmux_if_pwr_up_init_ex:  Initialization failed, rc = -1
12-15 20:51:05.256 E/QMI_FW  (  510): QMUXD: WARNING qmi_qmux_if_pwr_up_init failed! rc=-1
12-15 20:51:05.256 E/QC-QMI  (  510): qmi_client [510]: unable to bind to client socket, rc = -1 errno[13:Permission denied]
12-15 20:51:05.256 E/QC-QMI  (  510): qmi_qmux_if_pwr_up_init_ex:  Initialization failed, rc = -1
12-15 20:51:05.256 E/QMI_FW  (  510): QMUXD: WARNING qmi_qmux_if_pwr_up_init failed! rc=-1
12-15 20:51:05.256 E/QC-QMI  (  510): qmi_client [510]: unable to bind to client socket, rc = -1 errno[13:Permission denied]
12-15 20:51:05.256 E/QC-QMI  (  510): qmi_qmux_if_pwr_up_init_ex:  Initialization failed, rc = -1
12-15 20:51:05.256 E/QMI_FW  (  510): QMUXD: WARNING qmi_qmux_if_pwr_up_init failed! rc=-1
12-15 20:51:05.256 E/QC-QMI  (  510): qmi_client [510]: unable to bind to client socket, rc = -1 errno[13:Permission denied]
12-15 20:51:05.257 E/QC-QMI  (  510): qmi_qmux_if_pwr_up_init_ex:  Initialization failed, rc = -1
12-15 20:51:05.257 E/QMI_FW  (  510): QMUXD: WARNING qmi_qmux_if_pwr_up_init failed! rc=-1
12-15 20:51:05.257 E/QC-time-services(  510): Daemon:genoff_modem_qmi_service_request: qmi_client_get_service_list returned 0num_services 1
12-15 20:51:05.257 E/QC-QMI  (  510): qmi_client [510]: unable to bind to client socket, rc = -1 errno[13:Permission denied]
12-15 20:51:05.257 E/QC-QMI  (  510): qmi_qmux_if_pwr_up_init_ex:  Initialization failed, rc = -1
12-15 20:51:05.257 E/QMI_FW  (  510): QMUXD: WARNING qmi_qmux_if_pwr_up_init failed! rc=-1
12-15 20:51:05.257 E/QC-QMI  (  510): qmi_client [510]: unable to bind to client socket, rc = -1 errno[13:Permission denied]
12-15 20:51:05.257 E/QC-QMI  (  510): qmi_qmux_if_pwr_up_init_ex:  Initialization failed, rc = -1
12-15 20:51:05.257 E/QMI_FW  (  510): QMUXD: WARNING qmi_qmux_if_pwr_up_init failed! rc=-1
12-15 20:51:05.257 E/QC-QMI  (  510): qmi_client [510]: unable to bind to client socket, rc = -1 errno[13:Permission denied]
12-15 20:51:05.257 E/QC-QMI  (  510): qmi_qmux_if_pwr_up_init_ex:  Initialization failed, rc = -1
12-15 20:51:05.257 E/QMI_FW  (  510): QMUXD: WARNING qmi_qmux_if_pwr_up_init failed! rc=-1
12-15 20:51:05.258 E/QC-QMI  (  510): qmi_client [510]: unable to bind to client socket, rc = -1 errno[13:Permission denied]
12-15 20:51:05.258 E/QC-QMI  (  510): qmi_qmux_if_pwr_up_init_ex:  Initialization failed, rc = -1
12-15 20:51:05.258 E/QMI_FW  (  510): QMUXD: WARNING qmi_qmux_if_pwr_up_init failed! rc=-1
12-15 20:51:05.258 E/QC-QMI  (  510): qmi_client [510]: unable to bind to client socket, rc = -1 errno[13:Permission denied]
12-15 20:51:05.258 E/QC-QMI  (  510): qmi_qmux_if_pwr_up_init_ex:  Initialization failed, rc = -1
12-15 20:51:05.258 E/QMI_FW  (  510): QMUXD: WARNING qmi_qmux_if_pwr_up_init failed! rc=-1
12-15 20:51:05.258 E/QC-QMI  (  510): qmi_client [510]: unable to bind to client socket, rc = -1 errno[13:Permission denied]
12-15 20:51:05.258 E/QC-QMI  (  510): qmi_qmux_if_pwr_up_init_ex:  Initialization failed, rc = -1
12-15 20:51:05.258 E/QMI_FW  (  510): QMUXD: WARNING qmi_qmux_if_pwr_up_init failed! rc=-1
12-15 20:51:05.258 E/QC-QMI  (  510): qmi_client [510]: unable to bind to client socket, rc = -1 errno[13:Permission denied]
12-15 20:51:05.259 E/QC-QMI  (  510): qmi_qmux_if_pwr_up_init_ex:  Initialization failed, rc = -1
12-15 20:51:05.259 E/QMI_FW  (  510): QMUXD: WARNING qmi_qmux_if_pwr_up_init failed! rc=-1
12-15 20:51:05.259 E/QC-QMI  (  510): qmi_client [510]: unable to bind to client socket, rc = -1 errno[13:Permission denied]
12-15 20:51:05.259 E/QC-QMI  (  510): qmi_qmux_if_pwr_up_init_ex:  Initialization failed, rc = -1
12-15 20:51:05.259 E/QMI_FW  (  510): QMUXD: WARNING qmi_qmux_if_pwr_up_init failed! rc=-1
12-15 20:51:05.259 E/QC-QMI  (  510): qmi_client [510]: unable to bind to client socket, rc = -1 errno[13:Permission denied]
12-15 20:51:05.259 E/QC-QMI  (  510): qmi_qmux_if_pwr_up_init_ex:  Initialization failed, rc = -1
12-15 20:51:05.259 E/QMI_FW  (  510): QMUXD: WARNING qmi_qmux_if_pwr_up_init failed! rc=-1
12-15 20:51:05.259 E/QC-QMI  (  510): qmi_client [510]: unable to bind to client socket, rc = -1 errno[13:Permission denied]
12-15 20:51:05.259 E/QC-QMI  (  510): qmi_qmux_if_pwr_up_init_ex:  Initialization failed, rc = -1
12-15 20:51:05.259 E/QMI_FW  (  510): QMUXD: WARNING qmi_qmux_if_pwr_up_init failed! rc=-1
12-15 20:51:05.259 E/QC-QMI  (  510): qmi_client [510]: unable to bind to client socket, rc = -1 errno[13:Permission denied]
12-15 20:51:05.260 E/QC-QMI  (  510): qmi_qmux_if_pwr_up_init_ex:  Initialization failed, rc = -1
12-15 20:51:05.260 E/QMI_FW  (  510): QMUXD: WARNING qmi_qmux_if_pwr_up_init failed! rc=-1
12-15 20:51:05.260 E/QC-QMI  (  510): qmi_client [510]: unable to bind to client socket, rc = -1 errno[13:Permission denied]
12-15 20:51:05.260 E/QC-QMI  (  510): qmi_qmux_if_pwr_up_init_ex:  Initialization failed, rc = -1
12-15 20:51:05.260 E/QMI_FW  (  510): QMUXD: WARNING qmi_qmux_if_pwr_up_init failed! rc=-1
12-15 20:51:05.263 E/QC-time-services(  510): Daemon:tod_update_ind_cb: Got Update from modem msg_id 40
12-15 20:51:05.263 D/QC-time-services(  510): Daemon:genoff_modem_qmi_service_request: Initial transaction successfull
12-15 20:51:05.315 D/gatekeeper_device(  502): HwKmOpen called
12-15 20:51:05.316 D/QSEECOMAPI: (  502): QSEECom_get_handle sb_length = 0xa000
12-15 20:51:05.316 D/QSEECOMAPI: (  502): App is already loaded QSEE and app id = 3
12-15 20:51:05.549 E/Diag_Lib(  486):  Diag_LSM_Init: Failed to open handle to diag driver, error = 13
12-15 20:51:05.605 I/recovery(  631): Recovery image already installed 
12-15 20:51:05.613 I/libmdmdetect(  486): ESOC framework not supported
12-15 20:51:05.613 E/libmdmdetect(  486): Failed to open SSR root dir: Permission denied
12-15 20:51:05.672 I/        (  484): debuggerd: starting
12-15 20:51:05.868 E/Diag_Lib(  486):  Diag_LSM_Init: Failed to open handle to diag driver, error = 13
12-15 20:51:05.868 E/QC-QMI  (  486): qmi_client [486]: unable to connect to server, errno=[2:No such file or directory], attempt=1
12-15 20:51:05.885 I/mediaserver(  488): ServiceManager: 0xf674e120
12-15 20:51:05.886 I/AudioFlinger(  488): Using 300 mSec as standby time.
12-15 20:51:05.886 E/        (  488): batterystats service unavailable!
12-15 20:51:05.886 E/        (  488): batterystats service unavailable!
12-15 20:51:05.886 I/CameraService(  488): CameraService started (pid=488)
12-15 20:51:05.886 I/CameraService(  488): CameraService process starting
12-15 20:51:05.887 E/        (  488): batterystats service unavailable!
12-15 20:51:05.887 E/        (  488): batterystats service unavailable!
12-15 20:51:06.124 E/QC-QMI  (  512): qmi_client [512]: unable to connect to server, errno=[2:No such file or directory], attempt=2
12-15 20:51:06.128 E/QC-QMI  (  497): qmi_client [497]: unable to connect to server, errno=[2:No such file or directory], attempt=2
12-15 20:51:06.133 E/QC-QMI  (  495): qmi_client [495]: unable to connect to server, errno=[2:No such file or directory], attempt=2
12-15 20:51:06.154 E/QC-QMI  (  513): qmi_client [513]: unable to connect to server, errno=[2:No such file or directory], attempt=2
12-15 20:51:06.327 D/vold    (  336): Disk at 253:0 changed
12-15 20:51:06.328 E/        (  499): ServiceManager: 0x7fa9da1a40
12-15 20:51:06.328 I/ConnectionManagerService(  499): ConnectionManagerService::instantiate()
12-15 20:51:06.328 I/ConnectionManagerService(  499): ConnectionManagerService started: pid = 499
12-15 20:51:06.333 E/slim_daemon(  564): [NDK] bindNDKSensors: Sensor server is unavailable.
12-15 20:51:06.334 E/Diag_Lib(  564):  Diag_LSM_Init: Failed to open handle to diag driver, error = 13
12-15 20:51:06.334 E/QC-QMI  (  564): qmi_client [564]: unable to connect to server, errno=[2:No such file or directory], attempt=1
12-15 20:51:06.405 D/AndroidRuntime(  500): >>>>>> START com.android.internal.os.ZygoteInit uid 0 <<<<<<
12-15 20:51:06.409 D/AndroidRuntime(  500): CheckJNI is OFF
12-15 20:51:06.409 I/art     (  500): option[0]=-Xzygote
12-15 20:51:06.409 I/art     (  500): option[1]=-Xstacktracefile:/data/anr/traces.txt
12-15 20:51:06.409 I/art     (  500): option[2]=exit
12-15 20:51:06.409 I/art     (  500): option[3]=vfprintf
12-15 20:51:06.410 I/art     (  500): option[4]=sensitiveThread
12-15 20:51:06.410 I/art     (  500): option[5]=-verbose:gc
12-15 20:51:06.410 I/art     (  500): option[6]=-Xms8m
12-15 20:51:06.410 I/art     (  500): option[7]=-Xmx512m
12-15 20:51:06.410 I/art     (  500): option[8]=-XX:HeapGrowthLimit=192m
12-15 20:51:06.410 I/art     (  500): option[9]=-XX:HeapMinFree=512k
12-15 20:51:06.410 I/art     (  500): option[10]=-XX:HeapMaxFree=8m
12-15 20:51:06.410 I/art     (  500): option[11]=-XX:HeapTargetUtilization=0.75
12-15 20:51:06.410 I/art     (  500): option[12]=-agentlib:jdwp=transport=dt_android_adb,suspend=n,server=y
12-15 20:51:06.410 I/art     (  500): option[13]=-Ximage-compiler-option
12-15 20:51:06.410 I/art     (  500): option[14]=--runtime-arg
12-15 20:51:06.410 I/art     (  500): option[15]=-Ximage-compiler-option
12-15 20:51:06.410 I/art     (  500): option[16]=-Xms64m
12-15 20:51:06.410 I/art     (  500): option[17]=-Ximage-compiler-option
12-15 20:51:06.410 I/art     (  500): option[18]=--runtime-arg
12-15 20:51:06.410 I/art     (  500): option[19]=-Ximage-compiler-option
12-15 20:51:06.410 I/art     (  500): option[20]=-Xmx64m
12-15 20:51:06.410 I/art     (  500): option[21]=-Ximage-compiler-option
