12-15 21:39:40.726 E/QC-QMI  (  491): qmi_ctl_handle_request: qmi_ctl_tx_msg call failed
12-15 21:39:40.726 E/QC-QMI  (  491): qmi_qmux_open_connection: connection is disabled for conn_id=29
12-15 21:39:40.726 E/QC-QMI  (  491): qmi_qmux_tx_msg: failed to open inactive connd_id=29
12-15 21:39:40.727 E/QC-QMI  (  491): qmi_qmux: TX failed, connection inactive or in reset, conn_id=29, status_flags=4
12-15 21:39:40.727 E/QC-QMI  (  491): qmi_ctl_tx_msg: qmi_qmux_tx_msg failed
12-15 21:39:40.727 E/QC-QMI  (  491): qmi_ctl_handle_request: qmi_ctl_tx_msg call failed
12-15 21:39:40.727 E/QC-QMI  (  491): qmi_qmux_open_connection: connection is disabled for conn_id=48
12-15 21:39:40.727 E/QC-QMI  (  491): qmi_qmux_tx_msg: failed to open inactive connd_id=48
12-15 21:39:40.727 E/QC-QMI  (  491): qmi_qmux: TX failed, connection inactive or in reset, conn_id=48, status_flags=4
12-15 21:39:40.727 E/QC-QMI  (  491): qmi_ctl_tx_msg: qmi_qmux_tx_msg failed
12-15 21:39:40.727 E/QC-QMI  (  491): qmi_ctl_handle_request: qmi_ctl_tx_msg call failed
12-15 21:39:40.728 E/QC-QMI  (  491): qmi_qmux_open_connection: connection is disabled for conn_id=48
12-15 21:39:40.728 E/QC-QMI  (  491): qmi_qmux_tx_msg: failed to open inactive connd_id=48
12-15 21:39:40.728 E/QC-QMI  (  491): qmi_qmux: TX failed, connection inactive or in reset, conn_id=48, status_flags=4
12-15 21:39:40.728 E/QC-QMI  (  491): qmi_ctl_tx_msg: qmi_qmux_tx_msg failed
12-15 21:39:40.728 E/QC-QMI  (  491): qmi_ctl_handle_request: qmi_ctl_tx_msg call failed
12-15 21:39:40.729 E/QC-QMI  (  491): qmi_qmux_open_connection: connection is disabled for conn_id=57
12-15 21:39:40.729 E/QC-QMI  (  491): qmi_qmux_tx_msg: failed to open inactive connd_id=57
12-15 21:39:40.729 E/QC-QMI  (  491): qmi_qmux: TX failed, connection inactive or in reset, conn_id=57, status_flags=4
12-15 21:39:40.729 E/QC-QMI  (  491): qmi_ctl_tx_msg: qmi_qmux_tx_msg failed
12-15 21:39:40.729 E/QC-QMI  (  491): qmi_ctl_handle_request: qmi_ctl_tx_msg call failed
12-15 21:39:40.730 E/QC-QMI  (  491): qmi_qmux_open_connection: connection is disabled for conn_id=57
12-15 21:39:40.730 E/QC-QMI  (  491): qmi_qmux_tx_msg: failed to open inactive connd_id=57
12-15 21:39:40.730 E/QC-QMI  (  491): qmi_qmux: TX failed, connection inactive or in reset, conn_id=57, status_flags=4
12-15 21:39:40.730 E/QC-QMI  (  491): qmi_ctl_tx_msg: qmi_qmux_tx_msg failed
12-15 21:39:40.730 E/QC-QMI  (  491): qmi_ctl_handle_request: qmi_ctl_tx_msg call failed
12-15 21:39:40.731 E/QC-QMI  (  491): qmi_qmux_open_connection: connection is disabled for conn_id=29
12-15 21:39:40.731 E/QC-QMI  (  491): qmi_qmux_tx_msg: failed to open inactive connd_id=29
12-15 21:39:40.731 E/QC-QMI  (  491): qmi_qmux: TX failed, connection inactive or in reset, conn_id=29, status_flags=4
12-15 21:39:40.731 E/QC-QMI  (  491): qmi_ctl_tx_msg: qmi_qmux_tx_msg failed
12-15 21:39:40.731 E/QC-QMI  (  491): qmi_ctl_handle_request: qmi_ctl_tx_msg call failed
12-15 21:39:40.732 E/QC-QMI  (  491): qmi_qmux_open_connection: connection is disabled for conn_id=29
12-15 21:39:40.732 E/QC-QMI  (  491): qmi_qmux_tx_msg: failed to open inactive connd_id=29
12-15 21:39:40.732 E/QC-QMI  (  491): qmi_qmux: TX failed, connection inactive or in reset, conn_id=29, status_flags=4
12-15 21:39:40.732 E/QC-QMI  (  491): qmi_ctl_tx_msg: qmi_qmux_tx_msg failed
12-15 21:39:40.732 E/QC-QMI  (  491): qmi_ctl_handle_request: qmi_ctl_tx_msg call failed
12-15 21:39:40.733 E/QC-QMI  (  491): qmi_qmux_open_connection: connection is disabled for conn_id=48
12-15 21:39:40.733 E/QC-QMI  (  491): qmi_qmux_tx_msg: failed to open inactive connd_id=48
12-15 21:39:40.733 E/QC-QMI  (  491): qmi_qmux: TX failed, connection inactive or in reset, conn_id=48, status_flags=4
12-15 21:39:40.733 E/QC-QMI  (  491): qmi_ctl_tx_msg: qmi_qmux_tx_msg failed
12-15 21:39:40.733 E/QC-QMI  (  491): qmi_ctl_handle_request: qmi_ctl_tx_msg call failed
12-15 21:39:40.734 E/QC-QMI  (  491): qmi_qmux_open_connection: connection is disabled for conn_id=48
12-15 21:39:40.734 E/QC-QMI  (  491): qmi_qmux_tx_msg: failed to open inactive connd_id=48
12-15 21:39:40.734 E/QC-QMI  (  491): qmi_qmux: TX failed, connection inactive or in reset, conn_id=48, status_flags=4
12-15 21:39:40.734 E/QC-QMI  (  491): qmi_ctl_tx_msg: qmi_qmux_tx_msg failed
12-15 21:39:40.735 E/QC-QMI  (  491): qmi_ctl_handle_request: qmi_ctl_tx_msg call failed
12-15 21:39:40.736 E/QC-QMI  (  491): qmi_qmux_open_connection: connection is disabled for conn_id=57
12-15 21:39:40.736 E/QC-QMI  (  491): qmi_qmux_tx_msg: failed to open inactive connd_id=57
12-15 21:39:40.736 E/QC-QMI  (  491): qmi_qmux: TX failed, connection inactive or in reset, conn_id=57, status_flags=4
12-15 21:39:40.736 E/QC-QMI  (  491): qmi_ctl_tx_msg: qmi_qmux_tx_msg failed
12-15 21:39:40.736 E/QC-QMI  (  491): qmi_ctl_handle_request: qmi_ctl_tx_msg call failed
12-15 21:39:40.737 E/QC-QMI  (  491): qmi_qmux_open_connection: connection is disabled for conn_id=57
12-15 21:39:40.737 E/QC-QMI  (  491): qmi_qmux_tx_msg: failed to open inactive connd_id=57
12-15 21:39:40.737 E/QC-QMI  (  491): qmi_qmux: TX failed, connection inactive or in reset, conn_id=57, status_flags=4
12-15 21:39:40.737 E/QC-QMI  (  491): qmi_ctl_tx_msg: qmi_qmux_tx_msg failed
12-15 21:39:40.737 E/QC-QMI  (  491): qmi_ctl_handle_request: qmi_ctl_tx_msg call failed
12-15 21:39:40.753 E/Diag_Lib(  484):  Diag_LSM_Init: Failed to open handle to diag driver, error = 13
12-15 21:39:40.753 E/Diag_Lib(  484):  Diag_LSM_Init: Failed to open handle to diag driver, error = 13
12-15 21:39:40.744 W/rild    (  623): type=1400 audit(0.0:53): avc: denied { read write } for name="diag" dev="tmpfs" ino=11510 scontext=u:r:rild:s0 tcontext=u:object_r:diag_device:s0 tclass=chr_file permissive=0
12-15 21:39:40.744 W/rild    (  623): type=1400 audit(0.0:54): avc: denied { read write } for name="diag" dev="tmpfs" ino=11510 scontext=u:r:rild:s0 tcontext=u:object_r:diag_device:s0 tclass=chr_file permissive=0
12-15 21:39:40.755 E/Diag_Lib(  484):  Diag_LSM_Init: Failed to open handle to diag driver, error = 13
12-15 21:39:40.744 W/rild    (  623): type=1400 audit(0.0:55): avc: denied { read write } for name="diag" dev="tmpfs" ino=11510 scontext=u:r:rild:s0 tcontext=u:object_r:diag_device:s0 tclass=chr_file permissive=0
12-15 21:39:40.774 W/rild    (  623): type=1400 audit(0.0:56): avc: denied { read write } for name="diag" dev="tmpfs" ino=11510 scontext=u:r:rild:s0 tcontext=u:object_r:diag_device:s0 tclass=chr_file permissive=0
12-15 21:39:40.785 E/Diag_Lib(  484):  Diag_LSM_Init: Failed to open handle to diag driver, error = 13
12-15 21:39:40.792 E/QMI_FW  (  484): qcci_qmi_lge_vs_nv_init-entered!!!
12-15 21:39:40.793 E/QMI_FW  (  484): [VSS_QCCI]Daemon:qcci_qmi_lge_vs_nv_init: qmi_client_get_service_list returned 0 num_services 1
12-15 21:39:40.793 E/QMI_FW  (  484): [VSS_QCCI] qmi_client_get_service_list() returned 0 num_entries = 1 num_services = 1
12-15 21:39:40.793 E/QMI_FW  (  484): [VSS_QCCI] NV qmi_client_init returned 0
12-15 21:39:40.793 E/QMI_FW  (  484): [VSS_QCCI] Enter qcci_qmi_lge_vs_nv_init()----> nv_client = 0x18
12-15 21:39:40.793 E/QMI_FW  (  484): [VSS_QCCI] NV qmi_client_register_error_cb returned 0
12-15 21:39:40.793 E/QMI_FW  (  484): qcci_qmi_lge_vs_nv_init: [VSS_QCCI] NV Done initialization and send server connect callback req
12-15 21:39:40.793 E/QMI_FW  (  484): [VSS_QCCI] NV init Complete!!!
12-15 21:39:40.834 W/PackageManager(  881): Permission com.android.chrome.permission.DEBUG from package com.android.chrome in an unknown group android.permission-group.DEVELOPMENT_TOOLS
12-15 21:39:41.026 W/PackageManager(  881): Permission com.google.android.apps.docs.permission.READ_MY_DATA from package com.google.android.apps.docs in an unknown group android.permission-group.PERSONAL_INFO
12-15 21:39:41.026 W/PackageManager(  881): Permission com.google.android.apps.docs.permission.SYNC_STATUS from package com.google.android.apps.docs in an unknown group android.permission-group.PERSONAL_INFO
12-15 21:39:41.060 E/mm-camera-intf(  486): mm_camera_open:Failed with Connection timed out error, retrying after 20 milli-seconds
12-15 21:39:41.089 E/mm-camera-img(  508): module_imglib_start_session:1778 ###Img_Loglevel 1
12-15 21:39:41.096 E/mm-camera-isp2(  508): isp_module_start_session:360 num_session_opened 1
12-15 21:39:41.098 E/mm-camera(  508): q3a_port_init:1753  q3a_port_init: 3A VERSION --> 4.1.0.r9
12-15 21:39:41.112 E/libaprpmem(  508): 
12-15 21:39:41.112 E/libaprpmem(  508):  Ion allocation success virtaddr : ret=4032585728 fd=42 heapid=33554432
12-15 21:39:41.117 E/libaprpmem(  508): 
12-15 21:39:41.117 E/libaprpmem(  508):  Ion allocation success virtaddr : ret=4028616704 fd=43 heapid=33554432
12-15 21:39:41.126 E/libaprpmem(  508): 
12-15 21:39:41.126 E/libaprpmem(  508):  Ion allocation success virtaddr : ret=4020678656 fd=44 heapid=33554432
12-15 21:39:41.132 E/libaprpmem(  508): 
12-15 21:39:41.132 E/libaprpmem(  508):  Ion allocation success virtaddr : ret=4016496640 fd=45 heapid=33554432
12-15 21:39:41.141 E/libaprpmem(  508): 
12-15 21:39:41.141 E/libaprpmem(  508):  Ion allocation success virtaddr : ret=4008132608 fd=47 heapid=33554432
12-15 21:39:41.147 E/mm-camera-sensor(  508): sensor_sdk_util_get_kernel_i2c_addr_type:26Invalid addr_type = 0
12-15 21:39:41.147 E/mm-camera-sensor(  508): sensor_sdk_util_get_kernel_i2c_data_type:40Invalid addr_type = 0
12-15 21:39:41.147 E/libaprpmem(  508): 
12-15 21:39:41.147 E/libaprpmem(  508):  Ion allocation success virtaddr : ret=4003950592 fd=46 heapid=33554432
12-15 21:39:41.157 E/libaprpmem(  508): 
12-15 21:39:41.157 E/libaprpmem(  508):  Ion allocation success virtaddr : ret=3999768576 fd=49 heapid=33554432
12-15 21:39:41.167 E/mm-camera-sensor(  508): sensor_sdk_util_get_kernel_i2c_data_type:40Invalid addr_type = 0
12-15 21:39:41.167 E/mm-camera-sensor(  508): sensor_sdk_util_get_kernel_i2c_addr_type:26Invalid addr_type = 0
12-15 21:39:41.198 E/mm-camera(  508): mct: mct_pipeline_start_stream_internal: Adding session stream streamid= 0xf for session=1
12-15 21:39:41.198 E/mm-camera(  508): mct: mct_pipeline_start_stream_internal:Linking session stream for session 1
12-15 21:39:41.201 E/mm-camera(  508): mct: mct_pipeline_start_stream_internal:Session stream linked successfully session 1
12-15 21:39:41.202 E/mm-camera-isp2(  508): isp_resource_query_mod:145 num_isp_preallocate 0 num_session_opened 1 dual_vfe_enabled 0
12-15 21:39:41.202 E/mm-camera(  508): module_faceproc_query_mod:1916] Caps ROI 10 scene_mode_cnt 1 HW analysis supported 0
12-15 21:39:41.202 E/mm-camera(  508): mct: mct_pipeline_populate_query_cap_buffer: 3A VERSION:: 4.1.0.r9
12-15 21:39:41.204 E/mm-camera(  508): mct: mct_pipeline_process_set:2298: Couldn't find stream id: 0
12-15 21:39:41.205 E/mm-camera(  508): port_iface_ext_unlink_func: E, identity = 0x1000f, port = 0xf4e16c00, direction = 2
12-15 21:39:41.205 E/mm-camera(  508): port_iface_check_caps_unreserve_func:  E, identity = 0x1000f, port = 0xf4e16c00, direction = 2
12-15 21:39:41.205 E/mm-camera(  508): iface_unreserve_sink_port: stream_id f mode 0 
12-15 21:39:41.205 E/mm-camera(  508): port_iface_ext_unlink_func: E, identity = 0x1000f, port = 0xf4e16f00, direction = 1
12-15 21:39:41.205 E/mm-camera(  508): iface_ext_unlink_src_port: mct stream already removed from hw stream
12-15 21:39:41.205 E/mm-camera(  508): port_iface_check_caps_unreserve_func:  E, identity = 0x1000f, port = 0xf4e16f00, direction = 1
12-15 21:39:41.205 E/mm-camera(  508): isp_port_check_caps_unreserve:844 ide 1000f port 0xf4cbabe0
12-15 21:39:41.205 E/mm-camera(  508): c2d_port_check_caps_unreserve:183, identity=0x1000f
12-15 21:39:41.205 E/mm-camera(  508): c2d_port_check_caps_unreserve:193, identity=0x1000f, unreserved
12-15 21:39:41.205 E/mm-camera(  508): c2d_port_check_caps_unreserve:183, identity=0x1000f
12-15 21:39:41.206 E/mm-camera(  508): c2d_port_check_caps_unreserve:193, identity=0x1000f, unreserved
12-15 21:39:41.206 E/mm-camera(  508): cpp_port_check_caps_unreserve:164, identity=0x1000f
12-15 21:39:41.206 E/mm-camera(  508): cpp_port_check_caps_unreserve:174, identity=0x1000f, unreserved
12-15 21:39:41.206 E/mm-camera(  508): cpp_port_check_caps_unreserve:164, identity=0x1000f
12-15 21:39:41.206 E/mm-camera(  508): cpp_port_check_caps_unreserve:174, identity=0x1000f, unreserved
12-15 21:39:41.206 E/mm-camera(  508): q3a_thread_af_stop:672  q3a_thread_af_stop:672 MSG_STOP_THREAD
12-15 21:39:41.207 D/mm-camera(  508): stats_port_delete_reserved_stream:2340: going to NULL peer
12-15 21:39:41.209 E/mm-camera-isp2(  508): isp_module_stop_session:437 session id 1
12-15 21:39:41.211 E/mm-camera(  508): cpp_module_stop_session:536, info: stopping session 1 ...
12-15 21:39:41.212 E/mm-camera(  508): cpp_thread_process_pipe_message:581, CPP_THREAD_MSG_ABORT: cpp_thread exiting..
12-15 21:39:41.213 W/PackageParser(  881): Ignoring duplicate uses-permissions/uses-permissions-sdk-m: android.permission.ACCESS_NETWORK_STATE in package: com.google.android.inputmethod.japanese at: Binary XML file line #26
12-15 21:39:41.213 W/PackageParser(  881): Ignoring duplicate uses-permissions/uses-permissions-sdk-m: android.permission.INTERNET in package: com.google.android.inputmethod.japanese at: Binary XML file line #27
12-15 21:39:41.215 E/mm-camera(  508): module_faceproc_stop_session:1804] session cnt 1
12-15 21:39:41.216 E/mm-camera(  508): cpp_module_stop_session:585, info: session 1 stopped.
12-15 21:39:41.216 E/mm-camera(  508): c2d_module_stop_session:354, info: stopping session 1 ...
12-15 21:39:41.216 E/mm-camera(  508): c2d_thread_process_pipe_message:830, C2D_THREAD_MSG_ABORT: c2d_thread exiting..
12-15 21:39:41.217 E/mm-camera(  508): c2d_module_stop_session:399, info: session 1 stopped.
12-15 21:39:41.222 E/cac2    (  508):  [cac2latency] cac2_destroy_buffers: 1 ms 
12-15 21:39:41.227 D/QCamera3HWI(  486): int qcamera::lookupFwkName(const mapType*, size_t, halType) [with halType = cam_effect_mode_type; mapType = qcamera::QCamera3HardwareInterface::QCameraMap<camera_metadata_enum_android_control_effect_mode, cam_effect_mode_type>; size_t = unsigned int]: Cannot find matching framework type
12-15 21:39:41.228 D/QCamera3HWI(  486): int qcamera::lookupFwkName(const mapType*, size_t, halType) [with halType = cam_effect_mode_type; mapType = qcamera::QCamera3HardwareInterface::QCameraMap<camera_metadata_enum_android_control_effect_mode, cam_effect_mode_type>; size_t = unsigned int]: Cannot find matching framework type
12-15 21:39:41.228 D/QCamera3HWI(  486): int qcamera::lookupFwkName(const mapType*, size_t, halType) [with halType = cam_effect_mode_type; mapType = qcamera::QCamera3HardwareInterface::QCameraMap<camera_metadata_enum_android_control_effect_mode, cam_effect_mode_type>; size_t = unsigned int]: Cannot find matching framework type
12-15 21:39:41.228 D/QCamera3HWI(  486): int qcamera::lookupFwkName(const mapType*, size_t, halType) [with halType = cam_scene_mode_type; mapType = qcamera::QCamera3HardwareInterface::QCameraMap<camera_metadata_enum_android_control_scene_mode, cam_scene_mode_type>; size_t = unsigned int]: Cannot find matching framework type
12-15 21:39:41.228 D/QCamera3HWI(  486): int qcamera::lookupFwkName(const mapType*, size_t, halType) [with halType = cam_scene_mode_type; mapType = qcamera::QCamera3HardwareInterface::QCameraMap<camera_metadata_enum_android_control_scene_mode, cam_scene_mode_type>; size_t = unsigned int]: Cannot find matching framework type
12-15 21:39:41.228 D/QCamera3HWI(  486): int qcamera::lookupFwkName(const mapType*, size_t, halType) [with halType = cam_scene_mode_type; mapType = qcamera::QCamera3HardwareInterface::QCameraMap<camera_metadata_enum_android_control_scene_mode, cam_scene_mode_type>; size_t = unsigned int]: Cannot find matching framework type
12-15 21:39:41.228 D/QCamera3HWI(  486): int qcamera::lookupFwkName(const mapType*, size_t, halType) [with halType = cam_scene_mode_type; mapType = qcamera::QCamera3HardwareInterface::QCameraMap<camera_metadata_enum_android_control_scene_mode, cam_scene_mode_type>; size_t = unsigned int]: Cannot find matching framework type
12-15 21:39:41.228 D/QCamera3HWI(  486): int qcamera::lookupFwkName(const mapType*, size_t, halType) [with halType = cam_focus_mode_type; mapType = qcamera::QCamera3HardwareInterface::QCameraMap<camera_metadata_enum_android_control_af_mode, cam_focus_mode_type>; size_t = unsigned int]: Cannot find matching framework type
12-15 21:39:41.228 D/QCamera3HWI(  486): int qcamera::lookupFwkName(const mapType*, size_t, halType) [with halType = cam_focus_mode_type; mapType = qcamera::QCamera3HardwareInterface::QCameraMap<camera_metadata_enum_android_control_af_mode, cam_focus_mode_type>; size_t = unsigned int]: Cannot find matching framework type
12-15 21:39:41.228 D/QCamera3HWI(  486): int qcamera::lookupFwkName(const mapType*, size_t, halType) [with halType = cam_wb_mode_type; mapType = qcamera::QCamera3HardwareInterface::QCameraMap<camera_metadata_enum_android_control_awb_mode, cam_wb_mode_type>; size_t = unsigned int]: Cannot find matching framework type
12-15 21:39:41.228 D/QCamera3HWI(  486): int qcamera::lookupFwkName(const mapType*, size_t, halType) [with halType = cam_wb_mode_type; mapType = qcamera::QCamera3HardwareInterface::QCameraMap<camera_metadata_enum_android_control_awb_mode, cam_wb_mode_type>; size_t = unsigned int]: Cannot find matching framework type
12-15 21:39:41.228 E/Camera2-Metadata(  486): Update metadata entry: Unknown tag -2147352575
12-15 21:39:41.228 E/Camera2-Metadata(  486): Update metadata entry: Unknown tag -2147352576
12-15 21:39:41.228 I/QCamera3HWI(  486): static int qcamera::QCamera3HardwareInterface::getCamInfo(uint32_t, camera_info*): camera 0 resource cost is 100
12-15 21:39:41.238 E/mm-camera-img(  508): module_imglib_start_session:1778 ###Img_Loglevel 1
12-15 21:39:41.239 E/mm-camera-isp2(  508): isp_module_start_session:360 num_session_opened 1
12-15 21:39:41.242 E/mm-camera(  508): q3a_port_init:1753  q3a_port_init: 3A VERSION --> 4.1.0.r9
12-15 21:39:41.248 I/ServiceManager(  509): Waiting for service AtCmdFwd...
12-15 21:39:41.251 E/libaprpmem(  508): 
12-15 21:39:41.251 E/libaprpmem(  508):  Ion allocation success virtaddr : ret=4032585728 fd=38 heapid=33554432
12-15 21:39:41.254 E/libaprpmem(  508): 
12-15 21:39:41.254 E/libaprpmem(  508):  Ion allocation success virtaddr : ret=4028616704 fd=41 heapid=33554432
12-15 21:39:41.258 E/libaprpmem(  508): 
12-15 21:39:41.258 E/libaprpmem(  508):  Ion allocation success virtaddr : ret=4020678656 fd=42 heapid=33554432
12-15 21:39:41.262 E/libaprpmem(  508): 
12-15 21:39:41.262 E/libaprpmem(  508):  Ion allocation success virtaddr : ret=4016496640 fd=43 heapid=33554432
12-15 21:39:41.266 E/libaprpmem(  508): 
12-15 21:39:41.266 E/libaprpmem(  508):  Ion allocation success virtaddr : ret=4008132608 fd=44 heapid=33554432
12-15 21:39:41.271 E/libaprpmem(  508): 
12-15 21:39:41.271 E/libaprpmem(  508):  Ion allocation success virtaddr : ret=4003950592 fd=45 heapid=33554432
12-15 21:39:41.274 E/libaprpmem(  508): 
12-15 21:39:41.274 E/libaprpmem(  508):  Ion allocation success virtaddr : ret=3999768576 fd=46 heapid=33554432
12-15 21:39:41.307 E/mm-camera(  508): mct: mct_pipeline_start_stream_internal: Adding session stream streamid= 0xf for session=2
12-15 21:39:41.308 E/mm-camera(  508): mct: mct_pipeline_start_stream_internal:Linking session stream for session 2
12-15 21:39:41.308 E/mm-camera-sensor(  508): port_sensor_caps_reserve:86session id doesn't match
12-15 21:39:41.308 E/mm-camera-sensor(  508): port_sensor_caps_reserve:86session id doesn't match
12-15 21:39:41.308 E/mm-camera(  508): iface_util_find_primary_cid:84 error cannot find primary sensor format cids 1
12-15 21:39:41.312 E/mm-camera(  508): mct: mct_pipeline_start_stream_internal:Session stream linked successfully session 2
12-15 21:39:41.313 E/mm-camera(  508): module_sensor_query_mod:5580led flash is not supported for this sensor.
12-15 21:39:41.313 E/mm-camera-isp2(  508): isp_resource_query_mod:145 num_isp_preallocate 0 num_session_opened 1 dual_vfe_enabled 0
12-15 21:39:41.313 E/mm-camera(  508): module_faceproc_query_mod:1916] Caps ROI 10 scene_mode_cnt 1 HW analysis supported 0
12-15 21:39:41.313 E/mm-camera(  508): mct: mct_pipeline_populate_query_cap_buffer: 3A VERSION:: 4.1.0.r9
12-15 21:39:41.314 E/mm-camera(  508): mct: mct_pipeline_process_set:2298: Couldn't find stream id: 0
12-15 21:39:41.315 E/mm-camera(  508): port_iface_ext_unlink_func: E, identity = 0x2000f, port = 0xf4e16c00, direction = 2
12-15 21:39:41.315 E/mm-camera(  508): port_iface_check_caps_unreserve_func:  E, identity = 0x2000f, port = 0xf4e16c00, direction = 2
12-15 21:39:41.315 E/mm-camera(  508): iface_unreserve_sink_port: stream_id f mode 0 
12-15 21:39:41.315 E/mm-camera(  508): port_iface_ext_unlink_func: E, identity = 0x2000f, port = 0xf4e16f00, direction = 1
12-15 21:39:41.315 E/mm-camera(  508): iface_ext_unlink_src_port: mct stream already removed from hw stream
12-15 21:39:41.315 E/mm-camera(  508): port_iface_check_caps_unreserve_func:  E, identity = 0x2000f, port = 0xf4e16f00, direction = 1
12-15 21:39:41.315 E/mm-camera(  508): isp_port_check_caps_unreserve:844 ide 2000f port 0xf4cbabe0
12-15 21:39:41.316 E/mm-camera(  508): c2d_port_check_caps_unreserve:183, identity=0x2000f
12-15 21:39:41.316 E/mm-camera(  508): c2d_port_check_caps_unreserve:193, identity=0x2000f, unreserved
12-15 21:39:41.316 E/mm-camera(  508): c2d_port_check_caps_unreserve:183, identity=0x2000f
12-15 21:39:41.316 E/mm-camera(  508): c2d_port_check_caps_unreserve:193, identity=0x2000f, unreserved
12-15 21:39:41.316 E/mm-camera(  508): cpp_port_check_caps_unreserve:164, identity=0x2000f
12-15 21:39:41.316 E/mm-camera(  508): cpp_port_check_caps_unreserve:174, identity=0x2000f, unreserved
12-15 21:39:41.316 E/mm-camera(  508): cpp_port_check_caps_unreserve:164, identity=0x2000f
12-15 21:39:41.316 E/mm-camera(  508): cpp_port_check_caps_unreserve:174, identity=0x2000f, unreserved
12-15 21:39:41.316 E/mm-camera(  508): q3a_thread_af_stop:672  q3a_thread_af_stop:672 MSG_STOP_THREAD
12-15 21:39:41.317 D/mm-camera(  508): stats_port_delete_reserved_stream:2340: going to NULL peer
12-15 21:39:41.318 E/mm-camera-isp2(  508): isp_module_stop_session:437 session id 2
12-15 21:39:41.323 E/mm-camera(  508): cpp_module_stop_session:536, info: stopping session 2 ...
12-15 21:39:41.324 E/mm-camera(  508): cpp_thread_process_pipe_message:581, CPP_THREAD_MSG_ABORT: cpp_thread exiting..
12-15 21:39:41.326 E/mm-camera(  508): module_faceproc_stop_session:1804] session cnt 1
12-15 21:39:41.327 E/mm-camera(  508): cpp_module_stop_session:585, info: session 2 stopped.
12-15 21:39:41.327 E/mm-camera(  508): c2d_module_stop_session:354, info: stopping session 2 ...
12-15 21:39:41.327 E/mm-camera(  508): c2d_thread_process_pipe_message:830, C2D_THREAD_MSG_ABORT: c2d_thread exiting..
12-15 21:39:41.328 E/mm-camera(  508): c2d_module_stop_session:399, info: session 2 stopped.
12-15 21:39:41.331 E/cac2    (  508):  [cac2latency] cac2_destroy_buffers: 1 ms 
12-15 21:39:41.345 D/QCamera3HWI(  486): int qcamera::lookupFwkName(const mapType*, size_t, halType) [with halType = cam_effect_mode_type; mapType = qcamera::QCamera3HardwareInterface::QCameraMap<camera_metadata_enum_android_control_effect_mode, cam_effect_mode_type>; size_t = unsigned int]: Cannot find matching framework type
12-15 21:39:41.345 D/QCamera3HWI(  486): int qcamera::lookupFwkName(const mapType*, size_t, halType) [with halType = cam_effect_mode_type; mapType = qcamera::QCamera3HardwareInterface::QCameraMap<camera_metadata_enum_android_control_effect_mode, cam_effect_mode_type>; size_t = unsigned int]: Cannot find matching framework type
12-15 21:39:41.345 D/QCamera3HWI(  486): int qcamera::lookupFwkName(const mapType*, size_t, halType) [with halType = cam_effect_mode_type; mapType = qcamera::QCamera3HardwareInterface::QCameraMap<camera_metadata_enum_android_control_effect_mode, cam_effect_mode_type>; size_t = unsigned int]: Cannot find matching framework type
12-15 21:39:41.345 D/QCamera3HWI(  486): int qcamera::lookupFwkName(const mapType*, size_t, halType) [with halType = cam_scene_mode_type; mapType = qcamera::QCamera3HardwareInterface::QCameraMap<camera_metadata_enum_android_control_scene_mode, cam_scene_mode_type>; size_t = unsigned int]: Cannot find matching framework type
12-15 21:39:41.345 D/QCamera3HWI(  486): int qcamera::lookupFwkName(const mapType*, size_t, halType) [with halType = cam_scene_mode_type; mapType = qcamera::QCamera3HardwareInterface::QCameraMap<camera_metadata_enum_android_control_scene_mode, cam_scene_mode_type>; size_t = unsigned int]: Cannot find matching framework type
12-15 21:39:41.345 D/QCamera3HWI(  486): int qcamera::lookupFwkName(const mapType*, size_t, halType) [with halType = cam_scene_mode_type; mapType = qcamera::QCamera3HardwareInterface::QCameraMap<camera_metadata_enum_android_control_scene_mode, cam_scene_mode_type>; size_t = unsigned int]: Cannot find matching framework type
12-15 21:39:41.345 D/QCamera3HWI(  486): int qcamera::lookupFwkName(const mapType*, size_t, halType) [with halType = cam_scene_mode_type; mapType = qcamera::QCamera3HardwareInterface::QCameraMap<camera_metadata_enum_android_control_scene_mode, cam_scene_mode_type>; size_t = unsigned int]: Cannot find matching framework type
12-15 21:39:41.345 D/QCamera3HWI(  486): int qcamera::lookupFwkName(const mapType*, size_t, halType) [with halType = cam_wb_mode_type; mapType = qcamera::QCamera3HardwareInterface::QCameraMap<camera_metadata_enum_android_control_awb_mode, cam_wb_mode_type>; size_t = unsigned int]: Cannot find matching framework type
12-15 21:39:41.345 D/QCamera3HWI(  486): int qcamera::lookupFwkName(const mapType*, size_t, halType) [with halType = cam_wb_mode_type; mapType = qcamera::QCamera3HardwareInterface::QCameraMap<camera_metadata_enum_android_control_awb_mode, cam_wb_mode_type>; size_t = unsigned int]: Cannot find matching framework type
12-15 21:39:41.346 E/Camera2-Metadata(  486): Update metadata entry: Unknown tag -2147352575
12-15 21:39:41.346 E/Camera2-Metadata(  486): Update metadata entry: Unknown tag -2147352576
12-15 21:39:41.346 I/QCamera3HWI(  486): static int qcamera::QCamera3HardwareInterface::getCamInfo(uint32_t, camera_info*): camera 1 resource cost is 77
12-15 21:39:41.346 I/CameraService(  486): Loaded "QCamera Module" camera module
12-15 21:39:41.346 I/QCamera3HWI(  486): static int qcamera::QCamera3HardwareInterface::getCamInfo(uint32_t, camera_info*): camera 0 resource cost is 100
12-15 21:39:41.346 I/QCamera3HWI(  486): static int qcamera::QCamera3HardwareInterface::getCamInfo(uint32_t, camera_info*): camera 1 resource cost is 77
12-15 21:39:41.347 I/ServiceManager(  486): Waiting for service media.camera.proxy...
12-15 21:39:41.385 W/PackageParser(  881): Ignoring duplicate uses-permissions/uses-permissions-sdk-m: android.permission.INTERNET in package: com.google.android.talk at: Binary XML file line #161
12-15 21:39:41.385 W/PackageParser(  881): Ignoring duplicate uses-permissions/uses-permissions-sdk-m: android.permission.USE_CREDENTIALS in package: com.google.android.talk at: Binary XML file line #164
12-15 21:39:41.385 W/PackageParser(  881): Ignoring duplicate uses-permissions/uses-permissions-sdk-m: android.permission.ACCESS_NETWORK_STATE in package: com.google.android.talk at: Binary XML file line #166
12-15 21:39:41.624 D/vold    (  338): Disk at 253:0 changed
12-15 21:39:41.675 E/slim_daemon(  572): [NDK] bindNDKSensors: Sensor server is unavailable.
12-15 21:39:41.685 W/PackageParser(  881): Ignoring duplicate uses-permissions/uses-permissions-sdk-m: android.permission.WAKE_LOCK in package: com.google.android.apps.maps at: Binary XML file line #95
12-15 21:39:41.900 W/PackageParser(  881): Ignoring duplicate uses-permissions/uses-permissions-sdk-m: android.permission.CHANGE_WIFI_STATE in package: com.android.nfc at: Binary XML file line #47
12-15 21:39:41.901 W/PackageParser(  881): Ignoring duplicate uses-permissions/uses-permissions-sdk-m: android.permission.ACCESS_WIFI_STATE in package: com.android.nfc at: Binary XML file line #48
12-15 21:39:41.960 I/MSM-irqbalance(  373): Discovered a new IRQ: 81
12-15 21:39:41.990 W/PackageParser(  881): Problem in package /system/app/Photos/Photos.apk:
12-15 21:39:41.990 W/PackageParser(  881): Unknown element under <activity>: category at /system/app/Photos/Photos.apk Binary XML file line #649
12-15 21:39:42.038 W/PackageManager(  881): Permission com.google.android.apps.photos.permission.GOOGLE_PHOTOS_PROVIDER from package com.google.android.apps.photos in an unknown group android.permission-group.PERSONAL_INFO
12-15 21:39:42.248 I/ServiceManager(  509): Waiting for service AtCmdFwd...
12-15 21:39:42.344 W/PackageManager(  881): Permission com.google.android.gm.email.permission.READ_ATTACHMENT from package com.google.android.gm in an unknown group android.permission-group.MESSAGES
12-15 21:39:42.344 W/PackageManager(  881): Permission com.google.android.gm.permission.READ_GMAIL from package com.google.android.gm in an unknown group android.permission-group.MESSAGES
12-15 21:39:42.344 W/PackageManager(  881): Permission com.google.android.gm.permission.WRITE_GMAIL from package com.google.android.gm in an unknown group android.permission-group.MESSAGES
12-15 21:39:42.345 W/PackageManager(  881): Permission com.google.android.gm.permission.AUTO_SEND from package com.google.android.gm in an unknown group android.permission-group.MESSAGES
12-15 21:39:42.345 W/PackageManager(  881): Permission com.google.android.gm.permission.READ_CONTENT_PROVIDER from package com.google.android.gm in an unknown group android.permission-group.MESSAGES
12-15 21:39:42.348 I/ServiceManager(  486): Waiting for service media.camera.proxy...
12-15 21:39:42.515 W/PackageParser(  881): Ignoring duplicate uses-permissions/uses-permissions-sdk-m: android.permission.READ_PHONE_STATE in package: com.google.android.videos at: Binary XML file line #7
12-15 21:39:42.676 E/slim_daemon(  572): [NDK] bindNDKSensors: Sensor server is unavailable.
12-15 21:39:42.803 D/PackageManager(  881): No files in app dir /oem/app
12-15 21:39:42.842 I/SELinux (  881): SELinux: Loaded file_contexts contexts from /file_contexts.
12-15 21:39:42.854 D/PackageManager(  881): No files in app dir /data/app-private
12-15 21:39:42.855 W/PackageManager(  881): Package com.google.android.gms desires unavailable shared library com.google.android.ble; ignoring!
12-15 21:39:42.855 W/PackageManager(  881): Package com.google.android.GoogleCamera desires unavailable shared library com.google.android.gestureservice; ignoring!
12-15 21:39:42.855 W/PackageManager(  881): Package com.google.android.GoogleCamera desires unavailable shared library com.google.android.camera2; ignoring!
12-15 21:39:42.855 I/PackageManager(  881): Adjusting ABI for : com.google.android.gsf to arm64-v8a
12-15 21:39:42.856 I/PackageManager(  881): Adjusting ABI for : com.google.android.backuptransport to arm64-v8a
12-15 21:39:42.856 I/PackageManager(  881): Adjusting ABI for : com.google.android.gsf.login to arm64-v8a
12-15 21:39:42.857 I/PackageManager(  881): Adjusting ABI for : com.android.inputdevices to arm64-v8a
12-15 21:39:42.858 I/PackageManager(  881): Adjusting ABI for : com.quicinc.cne.CNEService to arm64-v8a
12-15 21:39:42.858 I/PackageManager(  881): Adjusting ABI for : com.android.keychain to arm64-v8a
12-15 21:39:42.859 I/PackageManager(  881): Adjusting ABI for : com.android.providers.settings to arm64-v8a
12-15 21:39:42.859 I/PackageManager(  881): Adjusting ABI for : com.android.settings to arm64-v8a
12-15 21:39:42.860 I/PackageManager(  881): Adjusting ABI for : com.lge.HiddenMenu to arm64-v8a
12-15 21:39:42.860 I/PackageManager(  881): Adjusting ABI for : com.qualcomm.atfwd to arm64-v8a
12-15 21:39:42.861 I/PackageManager(  881): Adjusting ABI for : com.android.server.telecom to arm64-v8a
12-15 21:39:42.861 I/PackageManager(  881): Adjusting ABI for : com.android.location.fused to arm64-v8a
12-15 21:39:42.862 I/PackageManager(  881): Adjusting ABI for : com.qualcomm.timeservice to arm64-v8a
12-15 21:39:42.863 I/PackageManager(  881): Adjusting ABI for : com.android.providers.telephony to arm64-v8a
12-15 21:39:42.863 I/PackageManager(  881): Adjusting ABI for : com.android.stk to arm64-v8a
12-15 21:39:42.864 I/PackageManager(  881): Adjusting ABI for : com.qualcomm.qcrilmsgtunnel to arm64-v8a
12-15 21:39:42.864 I/PackageManager(  881): Adjusting ABI for : com.qti.qualcomm.datastatusnotification to arm64-v8a
12-15 21:39:42.864 I/PackageManager(  881): Adjusting ABI for : com.qualcomm.qti.rcsimsbootstraputil to arm64-v8a
12-15 21:39:42.865 I/PackageManager(  881): Adjusting ABI for : com.qualcomm.qti.rcsbootstraputil to arm64-v8a
12-15 21:39:42.865 I/PackageManager(  881): Adjusting ABI for : com.android.sdm.plugins.diagmon to arm64-v8a
12-15 21:39:42.865 I/PackageManager(  881): Adjusting ABI for : com.android.phone to arm64-v8a
12-15 21:39:42.866 I/PackageManager(  881): Adjusting ABI for : com.android.sdm.plugins.connmo to arm64-v8a
12-15 21:39:42.866 I/PackageManager(  881): Adjusting ABI for : com.android.sdm.plugins.dcmo to arm64-v8a
12-15 21:39:42.867 I/PackageManager(  881): Adjusting ABI for : com.android.mms.service to arm64-v8a
12-15 21:39:42.868 I/PackageManager(  881): Adjusting ABI for : com.android.sdm.plugins.sprintdm to arm64-v8a
12-15 21:39:42.873 I/PackageManager(  881): Time to scan packages: 4.277 seconds
12-15 21:39:42.874 W/PackageManager(  881): Not granting permission android.permission.MANAGE_DOCUMENTS to package com.google.android.youtube (protectionLevel=2 flags=0x38583e45)
12-15 21:39:42.874 W/PackageManager(  881): Not granting permission com.google.android.googleapps.permission.GOOGLE_AUTH to package com.google.android.youtube (protectionLevel=2 flags=0x38583e45)
12-15 21:39:42.875 W/PackageManager(  881): Not granting permission com.google.android.googleapps.permission.GOOGLE_AUTH.youtube to package com.google.android.youtube (protectionLevel=2 flags=0x38583e45)
12-15 21:39:42.875 W/PackageManager(  881): Not granting permission com.google.android.googleapps.permission.GOOGLE_AUTH.YouTubeUser to package com.google.android.youtube (protectionLevel=2 flags=0x38583e45)
12-15 21:39:42.876 W/PackageManager(  881): Unknown permission com.google.android.voicesearch.SHORTCUTS_ACCESS in package com.google.android.googlequicksearchbox
12-15 21:39:42.876 W/PackageManager(  881): Unknown permission com.google.android.voicesearch.ACCESS_SETTINGS in package com.google.android.googlequicksearchbox
12-15 21:39:42.876 W/PackageManager(  881): Unknown permission com.android.browser.permission.PRELOAD in package com.google.android.googlequicksearchbox
12-15 21:39:42.876 W/PackageManager(  881): Unknown permission com.google.android.ears.permission.WRITE in package com.google.android.googlequicksearchbox
12-15 21:39:42.877 W/PackageManager(  881): Unknown permission com.google.android.apps.googlevoice.permission.AUTO_SEND in package com.google.android.googlequicksearchbox
12-15 21:39:42.877 W/PackageManager(  881): Unknown permission com.android.chrome.PRERENDER_URL in package com.google.android.googlequicksearchbox
12-15 21:39:42.877 W/PackageManager(  881): Not granting permission com.google.android.googleapps.permission.GOOGLE_AUTH to package com.android.providers.calendar (protectionLevel=2 flags=0x30083e45)
12-15 21:39:42.877 W/PackageManager(  881): Not granting permission com.google.android.googleapps.permission.GOOGLE_AUTH.cl to package com.android.providers.calendar (protectionLevel=2 flags=0x30083e45)
12-15 21:39:42.877 W/PackageManager(  881): Unknown permission com.android.nfc.permission.NFCEE_ADMIN in package org.simalliance.openmobileapi.service
12-15 21:39:42.878 W/PackageManager(  881): Not granting permission android.permission.WRITE_SECURE_SETTINGS to package com.google.android.apps.enterprise.dmagent (protectionLevel=50 flags=0x38083e05)
12-15 21:39:42.878 W/PackageManager(  881): Not granting permission android.permission.CONNECTIVITY_INTERNAL to package com.google.android.apps.enterprise.dmagent (protectionLevel=18 flags=0x38083e05)
12-15 21:39:42.878 W/PackageManager(  881): Not granting permission android.permission.MANAGE_USB to package com.google.android.apps.enterprise.dmagent (protectionLevel=18 flags=0x38083e05)
12-15 21:39:42.878 W/PackageManager(  881): Not granting permission android.permission.CHANGE_COMPONENT_ENABLED_STATE to package com.google.android.apps.enterprise.dmagent (protectionLevel=18 flags=0x38083e05)
12-15 21:39:42.878 W/PackageManager(  881): Not granting permission android.permission.MANAGE_CA_CERTIFICATES to package com.google.android.apps.enterprise.dmagent (protectionLevel=18 flags=0x38083e05)
12-15 21:39:42.878 W/PackageManager(  881): Not granting permission android.permission.MANAGE_USERS to package com.google.android.apps.enterprise.dmagent (protectionLevel=18 flags=0x38083e05)
12-15 21:39:42.879 W/PackageManager(  881): Not granting permission android.permission.SEND_DOWNLOAD_COMPLETED_INTENTS to package com.android.vending (protectionLevel=2 flags=0x384abe45)
12-15 21:39:42.879 W/PackageManager(  881): Unknown permission android.permission.SEND_SMS_NO_CONFIRMATION in package com.android.vending
12-15 21:39:42.879 I/PackageManager(  881): Un-granting permission android.permission.INSTALL_GRANT_RUNTIME_PERMISSIONS from package com.android.vending (protectionLevel=770 flags=0x384abe45)
12-15 21:39:42.879 I/PackageManager(  881): Un-granting permission android.permission.GRANT_RUNTIME_PERMISSIONS from package com.android.vending (protectionLevel=770 flags=0x384abe45)
12-15 21:39:42.879 I/PackageManager(  881): Un-granting permission android.permission.REVOKE_RUNTIME_PERMISSIONS from package com.android.vending (protectionLevel=770 flags=0x384abe45)
12-15 21:39:42.880 W/PackageManager(  881): Unknown permission android.permission.NFC_TRANSACTION in package at.psa.app.bankaustria
12-15 21:39:42.880 W/PackageManager(  881): Unknown permission android.permission.SMARTCARD in package at.psa.app.bankaustria
12-15 21:39:42.880 W/PackageManager(  881): Unknown permission com.rise.world.apps.ipc.permission.SMCC in package at.psa.app.bankaustria
12-15 21:39:42.880 W/PackageManager(  881): Unknown permission com.gsma.services.nfc.permission.TRANSACTION_EVENT in package at.psa.app.bankaustria
12-15 21:39:42.880 W/PackageManager(  881): Unknown permission android.permission.NFC_UNLOCK in package com.android.nfc
12-15 21:39:42.881 W/PackageManager(  881): Unknown permission com.android.launcher.permission.READ_SETTINGS in package com.google.android.launcher
12-15 21:39:42.881 W/PackageManager(  881): Unknown permission com.android.launcher.permission.WRITE_SETTINGS in package com.google.android.launcher
12-15 21:39:42.881 W/PackageManager(  881): Unknown permission com.google.android.email.permission.ACCESS_PROVIDER in package com.google.android.gm
12-15 21:39:42.881 W/PackageManager(  881): Unknown permission android.permission.READ_OWNER_DATA in package com.google.android.setupwizard
12-15 21:39:42.881 W/PackageManager(  881): Unknown permission android.permission.WRITE_OWNER_DATA in package com.google.android.setupwizard
12-15 21:39:42.882 W/PackageManager(  881): Unknown permission android.permission.WRITE_SYNC_STATS in package com.google.android.apps.docs
12-15 21:39:42.883 W/PackageManager(  881): Not granting permission android.permission.INTERACT_ACROSS_USERS to package com.google.android.syncadapters.contacts (protectionLevel=50 flags=0x38083e45)
12-15 21:39:42.883 W/PackageManager(  881): Unknown permission com.google.android.gms.permission.CONTACTS_SYNC_DELEGATION in package com.google.android.syncadapters.contacts
12-15 21:39:42.883 W/PackageManager(  881): Unknown permission com.chrome.permission.DEVICE_EXTRAS in package com.android.chrome
12-15 21:39:42.883 W/PackageManager(  881): Unknown permission com.sec.enterprise.knox.MDM_CONTENT_PROVIDER in package com.android.chrome
12-15 21:39:42.884 I/PackageManager(  881): Un-granting permission android.permission.CLEAR_APP_USER_DATA from package com.google.android.packageinstaller (protectionLevel=258 flags=0x38483e45)
12-15 21:39:42.884 I/PackageManager(  881): Un-granting permission android.permission.GRANT_RUNTIME_PERMISSIONS from package com.google.android.packageinstaller (protectionLevel=770 flags=0x38483e45)
12-15 21:39:42.884 I/PackageManager(  881): Un-granting permission android.permission.REVOKE_RUNTIME_PERMISSIONS from package com.google.android.packageinstaller (protectionLevel=770 flags=0x38483e45)
12-15 21:39:42.884 I/PackageManager(  881): Un-granting permission android.permission.INSTALL_GRANT_RUNTIME_PERMISSIONS from package com.google.android.packageinstaller (protectionLevel=770 flags=0x38483e45)
12-15 21:39:42.884 I/PackageManager(  881): Un-granting permission android.permission.INTERACT_ACROSS_USERS_FULL from package com.google.android.packageinstaller (protectionLevel=258 flags=0x38483e45)
12-15 21:39:42.884 I/PackageManager(  881): Un-granting permission android.permission.KILL_UID from package com.google.android.packageinstaller (protectionLevel=258 flags=0x38483e45)
12-15 21:39:42.885 W/PackageManager(  881): Unknown permission com.google.android.wearable.READ_SETTINGS in package com.google.android.gms
12-15 21:39:42.885 W/PackageManager(  881): Not granting permission android.permission.MANAGE_DOCUMENTS to package com.google.android.gms (protectionLevel=2 flags=0xb8483e45)
12-15 21:39:42.886 W/PackageManager(  881): Unknown permission com.android.launcher.permission.PRELOAD_WORKSPACE in package com.google.android.partnersetup
12-15 21:39:42.886 W/PackageManager(  881): Not granting permission com.google.android.googleapps.permission.GOOGLE_AUTH to package com.google.android.videos (protectionLevel=2 flags=0x38583e45)
12-15 21:39:42.886 W/PackageManager(  881): Unknown permission com.google.android.gallery3d.permission.PICASA_STORE in package com.google.android.apps.photos
12-15 21:39:42.887 W/PackageManager(  881): Not granting permission android.permission.CONTROL_KEYGUARD to package com.google.android.gsf.login (protectionLevel=2 flags=0x3048be45)
12-15 21:39:42.887 W/PackageManager(  881): Unknown permission com.android.vending.billing.IBillingAccountService.BIND2 in package com.google.android.gsf.login
12-15 21:39:42.887 W/PackageManager(  881): Unknown permission com.android.launcher.permission.READ_SETTINGS in package com.android.settings
12-15 21:39:42.887 W/PackageManager(  881): Unknown permission com.android.launcher.permission.WRITE_SETTINGS in package com.android.settings
12-15 21:39:42.888 W/PackageManager(  881): Unknown permission com.android.permission.DCMO_SETTINGS in package com.android.omadm.service
12-15 21:39:42.888 W/PackageManager(  881): Not granting permission android.permission.REGISTER_CONNECTION_MANAGER to package com.google.android.talk (protectionLevel=18 flags=0x3849be45)
12-15 21:39:42.888 W/PackageManager(  881): Unknown permission com.android.smspush.WAPPUSH_MANAGER_BIND in package com.android.phone
12-15 21:39:42.890 W/PackageManager(  881): Unknown permission com.google.android.gallery3d.permission.GALLERY_PROVIDER in package com.android.bluetooth
12-15 21:39:42.890 W/PackageManager(  881): Unknown permission com.android.gallery3d.permission.GALLERY_PROVIDER in package com.android.bluetooth
12-15 21:39:42.890 W/PackageManager(  881): Not granting permission android.permission.BIND_WALLPAPER to package com.google.android.GoogleCamera (protectionLevel=18 flags=0x30583c45)
12-15 21:39:42.890 W/PackageManager(  881): Unknown permission com.google.android.gallery3d.permission.GALLERY_PROVIDER in package com.google.android.GoogleCamera
12-15 21:39:42.955 I/art     (  881): Starting a blocking GC Explicit
12-15 21:39:42.984 I/art     (  881): Explicit concurrent mark sweep GC freed 19699(1406KB) AllocSpace objects, 2(40KB) LOS objects, 33% free, 15MB/23MB, paused 200us total 28.833ms
12-15 21:39:42.985 I/SystemServer(  881): User Service
12-15 21:39:42.989 I/lowmemorykiller(  367): ActivityManager connected
12-15 21:39:42.990 D/SensorService(  881): nuSensorService starting...
12-15 21:39:42.992 I/sensors (  881): open_sensors
12-15 21:39:43.249 I/ServiceManager(  509): Waiting for service AtCmdFwd...
12-15 21:39:43.348 I/ServiceManager(  486): Waiting for service media.camera.proxy...
12-15 21:39:43.677 E/slim_daemon(  572): [NDK] bindNDKSensors: Sensor server is unavailable.
12-15 21:39:44.249 W/Atfwd_Sendcmd(  509): AtCmdFwd service not published, waiting... retryCnt : 1
12-15 21:39:44.349 I/ServiceManager(  486): Waiting for service media.camera.proxy...
12-15 21:39:44.678 E/slim_daemon(  572): [NDK] bindNDKSensors: Sensor server is unavailable.
12-15 21:39:45.053 I/hubconnection(  881): sensorhub said: 'Hello, world!'
12-15 21:39:45.053 I/hubconnection(  881): sensorhub said: 'Found Bosch BMP280 Pressure/Temperature Sensor'
12-15 21:39:45.053 I/hubconnection(  881): sensorhub said: 'Found Rohm RPR-0521 Proximity/ALS Sensor'
12-15 21:39:45.053 I/hubconnection(  881): sensorhub said: 'Found Bosch BMI160 Accel/Gyro Sensor'
12-15 21:39:45.053 I/sensors (  881): get_sensors_list
12-15 21:39:45.053 I/sensors (  881): activate
12-15 21:39:45.054 I/sensors (  881): activate
12-15 21:39:45.054 I/sensors (  881): activate
12-15 21:39:45.054 I/sensors (  881): activate
12-15 21:39:45.054 I/sensors (  881): activate
12-15 21:39:45.054 I/sensors (  881): activate
12-15 21:39:45.054 I/sensors (  881): activate
12-15 21:39:45.054 I/sensors (  881): activate
12-15 21:39:45.055 I/sensors (  881): activate
12-15 21:39:45.055 I/sensors (  881): activate
12-15 21:39:45.055 I/sensors (  881): activate
12-15 21:39:45.055 I/sensors (  881): activate
12-15 21:39:45.055 I/sensors (  881): activate
12-15 21:39:45.055 I/sensors (  881): activate
12-15 21:39:45.055 I/sensors (  881): activate
12-15 21:39:45.055 I/sensors (  881): activate
12-15 21:39:45.055 I/sensors (  881): activate
12-15 21:39:45.055 I/sensors (  881): activate
12-15 21:39:45.055 I/sensors (  881): activate
12-15 21:39:45.055 I/sensors (  881): activate
12-15 21:39:45.055 I/sensors (  881): activate
12-15 21:39:45.056 I/sensors (  881): activate
12-15 21:39:45.056 I/sensors (  881): activate
12-15 21:39:45.056 I/sensors (  881): activate
12-15 21:39:45.056 I/sensors (  881): get_sensors_list
12-15 21:39:45.056 I/sensors (  881): get_sensors_list
12-15 21:39:45.060 I/SystemServiceManager(  881): Starting com.android.server.BatteryService
12-15 21:39:45.063 D/SensorService(  881): nuSensorService thread starting...
12-15 21:39:45.066 D/SensorService(  881): new thread SensorEventAckReceiver
12-15 21:39:45.071 I/hubconnection(  881): sensorhub said: 'init: 24 -19 -1, -9 13 -25, 0.00, 7'
12-15 21:39:45.072 I/hubconnection(  881): sensorhub said: 'activate 18 enable:1'
12-15 21:39:45.073 I/SystemServiceManager(  881): Starting com.android.server.usage.UsageStatsService
12-15 21:39:45.079 I/hubconnection(  881): sensorhub said: 'activate 6 enable:0'
12-15 21:39:45.081 I/hubconnection(  881): sensorhub said: 'activate 7 enable:0'
12-15 21:39:45.083 I/hubconnection(  881): sensorhub said: 'activate 1 enable:0'
12-15 21:39:45.085 I/hubconnection(  881): sensorhub said: 'activate 2 enable:0'
12-15 21:39:45.087 I/hubconnection(  881): sensorhub said: 'activate 26 enable:0'
12-15 21:39:45.088 I/SystemServiceManager(  881): Starting com.android.server.webkit.WebViewUpdateService
12-15 21:39:45.088 I/hubconnection(  881): sensorhub said: 'activate 3 enable:0'
12-15 21:39:45.090 I/SystemServer(  881): Reading configuration...
12-15 21:39:45.090 I/SystemServer(  881): Scheduling Policy
12-15 21:39:45.091 I/hubconnection(  881): sensorhub said: 'activate 25 enable:0'
12-15 21:39:45.092 I/SystemServiceManager(  881): Starting com.android.server.telecom.TelecomLoaderService
12-15 21:39:45.092 I/hubconnection(  881): sensorhub said: 'activate 4 enable:0'
12-15 21:39:45.093 I/SystemServer(  881): Telephony Registry
12-15 21:39:45.093 I/hubconnection(  881): sensorhub said: 'activate 5 enable:0'
12-15 21:39:45.094 I/hubconnection(  881): sensorhub said: 'activate 8 enable:0'
12-15 21:39:45.095 I/hubconnection(  881): sensorhub said: 'activate 9 enable:0'
12-15 21:39:45.097 I/hubconnection(  881): sensorhub said: 'activate 24 enable:0'
12-15 21:39:45.098 I/hubconnection(  881): sensorhub said: 'activate 12 enable:0'
12-15 21:39:45.098 I/SystemServer(  881): Entropy Mixer
12-15 21:39:45.099 I/hubconnection(  881): sensorhub said: 'activate 15 enable:0'
12-15 21:39:45.101 I/hubconnection(  881): sensorhub said: 'activate 16 enable:0'
12-15 21:39:45.102 I/hubconnection(  881): sensorhub said: 'activate 17 enable:0'
12-15 21:39:45.103 I/hubconnection(  881): sensorhub said: 'activate 19 enable:0'
12-15 21:39:45.104 I/EntropyMixer(  881): Added HW RNG output to entropy pool
12-15 21:39:45.104 I/hubconnection(  881): sensorhub said: 'activate 20 enable:0'
12-15 21:39:45.104 I/EntropyMixer(  881): Writing entropy...
12-15 21:39:45.105 I/hubconnection(  881): sensorhub said: 'activate 22 enable:0'
12-15 21:39:45.107 I/hubconnection(  881): sensorhub said: 'activate 21 enable:0'
12-15 21:39:45.108 I/hubconnection(  881): sensorhub said: 'activate 28 enable:0'
12-15 21:39:45.109 I/hubconnection(  881): sensorhub said: 'activate 29 enable:0'
12-15 21:39:45.110 I/hubconnection(  881): sensorhub said: 'activate 30 enable:0'
12-15 21:39:45.112 I/hubconnection(  881): sensorhub said: 'activate 31 enable:0'
12-15 21:39:45.113 I/SystemServer(  881): Camera Service
12-15 21:39:45.113 I/SystemServiceManager(  881): Starting com.android.server.camera.CameraService
12-15 21:39:45.115 I/SystemServer(  881): Account Manager
12-15 21:39:45.119 I/SystemServer(  881): Content Manager
