12-15 22:09:55.956 E/QC-QMI  (  494): qmi_qmux: TX failed, connection inactive or in reset, conn_id=48, status_flags=4
12-15 22:09:55.956 E/QC-QMI  (  494): qmi_ctl_tx_msg: qmi_qmux_tx_msg failed
12-15 22:09:55.956 E/QC-QMI  (  494): qmi_ctl_handle_request: qmi_ctl_tx_msg call failed
12-15 22:09:55.957 E/QC-QMI  (  494): qmi_qmux_open_connection: connection is disabled for conn_id=29
12-15 22:09:55.957 E/QC-QMI  (  494): qmi_qmux_tx_msg: failed to open inactive connd_id=29
12-15 22:09:55.957 E/QC-QMI  (  494): qmi_qmux: TX failed, connection inactive or in reset, conn_id=29, status_flags=4
12-15 22:09:55.957 E/QC-QMI  (  494): qmi_ctl_tx_msg: qmi_qmux_tx_msg failed
12-15 22:09:55.957 E/QC-QMI  (  494): qmi_ctl_handle_request: qmi_ctl_tx_msg call failed
12-15 22:09:55.957 E/QC-QMI  (  494): qmi_qmux_open_connection: connection is disabled for conn_id=48
12-15 22:09:55.957 E/QC-QMI  (  494): qmi_qmux_tx_msg: failed to open inactive connd_id=48
12-15 22:09:55.957 E/QC-QMI  (  494): qmi_qmux: TX failed, connection inactive or in reset, conn_id=48, status_flags=4
12-15 22:09:55.957 E/QC-QMI  (  494): qmi_ctl_tx_msg: qmi_qmux_tx_msg failed
12-15 22:09:55.957 E/QC-QMI  (  494): qmi_ctl_handle_request: qmi_ctl_tx_msg call failed
12-15 22:09:55.958 E/QC-QMI  (  494): qmi_qmux_open_connection: connection is disabled for conn_id=29
12-15 22:09:55.958 E/QC-QMI  (  494): qmi_qmux_tx_msg: failed to open inactive connd_id=29
12-15 22:09:55.958 E/QC-QMI  (  494): qmi_qmux: TX failed, connection inactive or in reset, conn_id=29, status_flags=4
12-15 22:09:55.958 E/QC-QMI  (  494): qmi_ctl_tx_msg: qmi_qmux_tx_msg failed
12-15 22:09:55.958 E/QC-QMI  (  494): qmi_ctl_handle_request: qmi_ctl_tx_msg call failed
12-15 22:09:55.958 E/QC-QMI  (  494): qmi_qmux_open_connection: connection is disabled for conn_id=57
12-15 22:09:55.958 E/QC-QMI  (  494): qmi_qmux_tx_msg: failed to open inactive connd_id=57
12-15 22:09:55.958 E/QC-QMI  (  494): qmi_qmux: TX failed, connection inactive or in reset, conn_id=57, status_flags=4
12-15 22:09:55.958 E/QC-QMI  (  494): qmi_ctl_tx_msg: qmi_qmux_tx_msg failed
12-15 22:09:55.958 E/QC-QMI  (  494): qmi_ctl_handle_request: qmi_ctl_tx_msg call failed
12-15 22:09:55.959 E/QC-QMI  (  494): qmi_qmux_open_connection: connection is disabled for conn_id=57
12-15 22:09:55.959 E/QC-QMI  (  494): qmi_qmux_tx_msg: failed to open inactive connd_id=57
12-15 22:09:55.959 E/QC-QMI  (  494): qmi_qmux: TX failed, connection inactive or in reset, conn_id=57, status_flags=4
12-15 22:09:55.959 E/QC-QMI  (  494): qmi_ctl_tx_msg: qmi_qmux_tx_msg failed
12-15 22:09:55.959 E/QC-QMI  (  494): qmi_ctl_handle_request: qmi_ctl_tx_msg call failed
12-15 22:09:55.959 E/QC-QMI  (  494): qmi_qmux_open_connection: connection is disabled for conn_id=48
12-15 22:09:55.959 E/QC-QMI  (  494): qmi_qmux_tx_msg: failed to open inactive connd_id=48
12-15 22:09:55.959 E/QC-QMI  (  494): qmi_qmux: TX failed, connection inactive or in reset, conn_id=48, status_flags=4
12-15 22:09:55.959 E/QC-QMI  (  494): qmi_ctl_tx_msg: qmi_qmux_tx_msg failed
12-15 22:09:55.959 E/QC-QMI  (  494): qmi_ctl_handle_request: qmi_ctl_tx_msg call failed
12-15 22:09:55.960 E/QC-QMI  (  494): qmi_qmux_open_connection: connection is disabled for conn_id=29
12-15 22:09:55.960 E/QC-QMI  (  494): qmi_qmux_tx_msg: failed to open inactive connd_id=29
12-15 22:09:55.960 E/QC-QMI  (  494): qmi_qmux: TX failed, connection inactive or in reset, conn_id=29, status_flags=4
12-15 22:09:55.960 E/QC-QMI  (  494): qmi_ctl_tx_msg: qmi_qmux_tx_msg failed
12-15 22:09:55.960 E/QC-QMI  (  494): qmi_ctl_handle_request: qmi_ctl_tx_msg call failed
12-15 22:09:55.960 E/QC-QMI  (  494): qmi_qmux_open_connection: connection is disabled for conn_id=48
12-15 22:09:55.960 E/QC-QMI  (  494): qmi_qmux_tx_msg: failed to open inactive connd_id=48
12-15 22:09:55.960 E/QC-QMI  (  494): qmi_qmux: TX failed, connection inactive or in reset, conn_id=48, status_flags=4
12-15 22:09:55.960 E/QC-QMI  (  494): qmi_ctl_tx_msg: qmi_qmux_tx_msg failed
12-15 22:09:55.960 E/QC-QMI  (  494): qmi_ctl_handle_request: qmi_ctl_tx_msg call failed
12-15 22:09:55.961 E/QC-QMI  (  494): qmi_qmux_open_connection: connection is disabled for conn_id=29
12-15 22:09:55.961 E/QC-QMI  (  494): qmi_qmux_tx_msg: failed to open inactive connd_id=29
12-15 22:09:55.961 E/QC-QMI  (  494): qmi_qmux: TX failed, connection inactive or in reset, conn_id=29, status_flags=4
12-15 22:09:55.961 E/QC-QMI  (  494): qmi_ctl_tx_msg: qmi_qmux_tx_msg failed
12-15 22:09:55.961 E/QC-QMI  (  494): qmi_ctl_handle_request: qmi_ctl_tx_msg call failed
12-15 22:09:55.961 E/QC-QMI  (  494): qmi_qmux_open_connection: connection is disabled for conn_id=57
12-15 22:09:55.961 E/QC-QMI  (  494): qmi_qmux_tx_msg: failed to open inactive connd_id=57
12-15 22:09:55.961 E/QC-QMI  (  494): qmi_qmux: TX failed, connection inactive or in reset, conn_id=57, status_flags=4
12-15 22:09:55.961 E/QC-QMI  (  494): qmi_ctl_tx_msg: qmi_qmux_tx_msg failed
12-15 22:09:55.961 E/QC-QMI  (  494): qmi_ctl_handle_request: qmi_ctl_tx_msg call failed
12-15 22:09:55.962 E/QC-QMI  (  494): qmi_qmux_open_connection: connection is disabled for conn_id=48
12-15 22:09:55.962 E/QC-QMI  (  494): qmi_qmux_tx_msg: failed to open inactive connd_id=48
12-15 22:09:55.962 E/QC-QMI  (  494): qmi_qmux: TX failed, connection inactive or in reset, conn_id=48, status_flags=4
12-15 22:09:55.962 E/QC-QMI  (  494): qmi_ctl_tx_msg: qmi_qmux_tx_msg failed
12-15 22:09:55.962 E/QC-QMI  (  494): qmi_ctl_handle_request: qmi_ctl_tx_msg call failed
12-15 22:09:55.969 E/QC-QMI  (  494): qmi_qmux_open_connection: connection is disabled for conn_id=57
12-15 22:09:55.969 E/QC-QMI  (  494): qmi_qmux_tx_msg: failed to open inactive connd_id=57
12-15 22:09:55.969 E/QC-QMI  (  494): qmi_qmux: TX failed, connection inactive or in reset, conn_id=57, status_flags=4
12-15 22:09:55.969 E/QC-QMI  (  494): qmi_ctl_tx_msg: qmi_qmux_tx_msg failed
12-15 22:09:55.969 E/QC-QMI  (  494): qmi_ctl_handle_request: qmi_ctl_tx_msg call failed
12-15 22:09:55.970 E/QC-QMI  (  494): qmi_qmux_open_connection: connection is disabled for conn_id=48
12-15 22:09:55.970 E/QC-QMI  (  494): qmi_qmux_tx_msg: failed to open inactive connd_id=48
12-15 22:09:55.970 E/QC-QMI  (  494): qmi_qmux: TX failed, connection inactive or in reset, conn_id=48, status_flags=4
12-15 22:09:55.970 E/QC-QMI  (  494): qmi_ctl_tx_msg: qmi_qmux_tx_msg failed
12-15 22:09:55.970 E/QC-QMI  (  494): qmi_ctl_handle_request: qmi_ctl_tx_msg call failed
12-15 22:09:55.971 E/QC-QMI  (  494): qmi_qmux_open_connection: connection is disabled for conn_id=29
12-15 22:09:55.971 E/QC-QMI  (  494): qmi_qmux_tx_msg: failed to open inactive connd_id=29
12-15 22:09:55.971 E/QC-QMI  (  494): qmi_qmux: TX failed, connection inactive or in reset, conn_id=29, status_flags=4
12-15 22:09:55.971 E/QC-QMI  (  494): qmi_ctl_tx_msg: qmi_qmux_tx_msg failed
12-15 22:09:55.971 E/QC-QMI  (  494): qmi_ctl_handle_request: qmi_ctl_tx_msg call failed
12-15 22:09:55.972 E/QC-QMI  (  494): qmi_qmux_open_connection: connection is disabled for conn_id=57
12-15 22:09:55.972 E/QC-QMI  (  494): qmi_qmux_tx_msg: failed to open inactive connd_id=57
12-15 22:09:55.972 E/QC-QMI  (  494): qmi_qmux: TX failed, connection inactive or in reset, conn_id=57, status_flags=4
12-15 22:09:55.972 E/QC-QMI  (  494): qmi_ctl_tx_msg: qmi_qmux_tx_msg failed
12-15 22:09:55.972 E/QC-QMI  (  494): qmi_ctl_handle_request: qmi_ctl_tx_msg call failed
12-15 22:09:55.972 E/QC-QMI  (  494): qmi_qmux_open_connection: connection is disabled for conn_id=29
12-15 22:09:55.972 E/QC-QMI  (  494): qmi_qmux_tx_msg: failed to open inactive connd_id=29
12-15 22:09:55.972 E/QC-QMI  (  494): qmi_qmux: TX failed, connection inactive or in reset, conn_id=29, status_flags=4
12-15 22:09:55.972 E/QC-QMI  (  494): qmi_ctl_tx_msg: qmi_qmux_tx_msg failed
12-15 22:09:55.972 E/QC-QMI  (  494): qmi_ctl_handle_request: qmi_ctl_tx_msg call failed
12-15 22:09:55.973 E/QC-QMI  (  494): qmi_qmux_open_connection: connection is disabled for conn_id=57
12-15 22:09:55.973 E/QC-QMI  (  494): qmi_qmux_tx_msg: failed to open inactive connd_id=57
12-15 22:09:55.973 E/QC-QMI  (  494): qmi_qmux: TX failed, connection inactive or in reset, conn_id=57, status_flags=4
12-15 22:09:55.973 E/QC-QMI  (  494): qmi_ctl_tx_msg: qmi_qmux_tx_msg failed
12-15 22:09:55.973 E/QC-QMI  (  494): qmi_ctl_handle_request: qmi_ctl_tx_msg call failed
12-15 22:09:55.973 E/QC-QMI  (  494): qmi_qmux_open_connection: connection is disabled for conn_id=48
12-15 22:09:55.973 E/QC-QMI  (  494): qmi_qmux_tx_msg: failed to open inactive connd_id=48
12-15 22:09:55.973 E/QC-QMI  (  494): qmi_qmux: TX failed, connection inactive or in reset, conn_id=48, status_flags=4
12-15 22:09:55.973 E/QC-QMI  (  494): qmi_ctl_tx_msg: qmi_qmux_tx_msg failed
12-15 22:09:55.973 E/QC-QMI  (  494): qmi_ctl_handle_request: qmi_ctl_tx_msg call failed
12-15 22:09:55.974 E/QC-QMI  (  494): qmi_qmux_open_connection: connection is disabled for conn_id=29
12-15 22:09:55.974 E/QC-QMI  (  494): qmi_qmux_tx_msg: failed to open inactive connd_id=29
12-15 22:09:55.974 E/QC-QMI  (  494): qmi_qmux: TX failed, connection inactive or in reset, conn_id=29, status_flags=4
12-15 22:09:55.974 E/QC-QMI  (  494): qmi_ctl_tx_msg: qmi_qmux_tx_msg failed
12-15 22:09:55.974 E/QC-QMI  (  494): qmi_ctl_handle_request: qmi_ctl_tx_msg call failed
12-15 22:09:55.974 E/QC-QMI  (  494): qmi_qmux_open_connection: connection is disabled for conn_id=48
12-15 22:09:55.974 E/QC-QMI  (  494): qmi_qmux_tx_msg: failed to open inactive connd_id=48
12-15 22:09:55.974 E/QC-QMI  (  494): qmi_qmux: TX failed, connection inactive or in reset, conn_id=48, status_flags=4
12-15 22:09:55.975 E/QC-QMI  (  494): qmi_ctl_tx_msg: qmi_qmux_tx_msg failed
12-15 22:09:55.975 E/QC-QMI  (  494): qmi_ctl_handle_request: qmi_ctl_tx_msg call failed
12-15 22:09:55.975 E/QC-QMI  (  494): qmi_qmux_open_connection: connection is disabled for conn_id=29
12-15 22:09:55.975 E/QC-QMI  (  494): qmi_qmux_tx_msg: failed to open inactive connd_id=29
12-15 22:09:55.975 E/QC-QMI  (  494): qmi_qmux: TX failed, connection inactive or in reset, conn_id=29, status_flags=4
12-15 22:09:55.975 E/QC-QMI  (  494): qmi_ctl_tx_msg: qmi_qmux_tx_msg failed
12-15 22:09:55.975 E/QC-QMI  (  494): qmi_ctl_handle_request: qmi_ctl_tx_msg call failed
12-15 22:09:55.975 E/QC-QMI  (  494): qmi_qmux_open_connection: connection is disabled for conn_id=57
12-15 22:09:55.975 E/QC-QMI  (  494): qmi_qmux_tx_msg: failed to open inactive connd_id=57
12-15 22:09:55.975 E/QC-QMI  (  494): qmi_qmux: TX failed, connection inactive or in reset, conn_id=57, status_flags=4
12-15 22:09:55.975 E/QC-QMI  (  494): qmi_ctl_tx_msg: qmi_qmux_tx_msg failed
12-15 22:09:55.975 E/QC-QMI  (  494): qmi_ctl_handle_request: qmi_ctl_tx_msg call failed
12-15 22:09:55.976 E/QC-QMI  (  494): qmi_qmux_open_connection: connection is disabled for conn_id=48
12-15 22:09:55.976 E/QC-QMI  (  494): qmi_qmux_tx_msg: failed to open inactive connd_id=48
12-15 22:09:55.976 E/QC-QMI  (  494): qmi_qmux: TX failed, connection inactive or in reset, conn_id=48, status_flags=4
12-15 22:09:55.976 E/QC-QMI  (  494): qmi_ctl_tx_msg: qmi_qmux_tx_msg failed
12-15 22:09:55.976 E/QC-QMI  (  494): qmi_ctl_handle_request: qmi_ctl_tx_msg call failed
12-15 22:09:55.976 E/QC-QMI  (  494): qmi_qmux_open_connection: connection is disabled for conn_id=57
12-15 22:09:55.976 E/QC-QMI  (  494): qmi_qmux_tx_msg: failed to open inactive connd_id=57
12-15 22:09:55.976 E/QC-QMI  (  494): qmi_qmux: TX failed, connection inactive or in reset, conn_id=57, status_flags=4
12-15 22:09:55.976 E/QC-QMI  (  494): qmi_ctl_tx_msg: qmi_qmux_tx_msg failed
12-15 22:09:55.976 E/QC-QMI  (  494): qmi_ctl_handle_request: qmi_ctl_tx_msg call failed
12-15 22:09:55.977 E/QC-QMI  (  494): qmi_qmux_open_connection: connection is disabled for conn_id=48
12-15 22:09:55.977 E/QC-QMI  (  494): qmi_qmux_tx_msg: failed to open inactive connd_id=48
12-15 22:09:55.977 E/QC-QMI  (  494): qmi_qmux: TX failed, connection inactive or in reset, conn_id=48, status_flags=4
12-15 22:09:55.977 E/QC-QMI  (  494): qmi_ctl_tx_msg: qmi_qmux_tx_msg failed
12-15 22:09:55.977 E/QC-QMI  (  494): qmi_ctl_handle_request: qmi_ctl_tx_msg call failed
12-15 22:09:55.977 E/QC-QMI  (  494): qmi_qmux_open_connection: connection is disabled for conn_id=57
12-15 22:09:55.977 E/QC-QMI  (  494): qmi_qmux_tx_msg: failed to open inactive connd_id=57
12-15 22:09:55.977 E/QC-QMI  (  494): qmi_qmux: TX failed, connection inactive or in reset, conn_id=57, status_flags=4
12-15 22:09:55.977 E/QC-QMI  (  494): qmi_ctl_tx_msg: qmi_qmux_tx_msg failed
12-15 22:09:55.977 E/QC-QMI  (  494): qmi_ctl_handle_request: qmi_ctl_tx_msg call failed
12-15 22:09:55.982 E/QC-QMI  (  494): qmi_qmux_open_connection: connection is disabled for conn_id=57
12-15 22:09:55.982 E/QC-QMI  (  494): qmi_qmux_tx_msg: failed to open inactive connd_id=57
12-15 22:09:55.982 E/QC-QMI  (  494): qmi_qmux: TX failed, connection inactive or in reset, conn_id=57, status_flags=4
12-15 22:09:55.982 E/QC-QMI  (  494): qmi_ctl_tx_msg: qmi_qmux_tx_msg failed
12-15 22:09:55.982 E/QC-QMI  (  494): qmi_ctl_handle_request: qmi_ctl_tx_msg call failed
12-15 22:09:55.983 E/QC-QMI  (  494): qmi_qmux_open_connection: connection is disabled for conn_id=29
12-15 22:09:55.983 E/QC-QMI  (  494): qmi_qmux_tx_msg: failed to open inactive connd_id=29
12-15 22:09:55.983 E/QC-QMI  (  494): qmi_qmux: TX failed, connection inactive or in reset, conn_id=29, status_flags=4
12-15 22:09:55.983 E/QC-QMI  (  494): qmi_ctl_tx_msg: qmi_qmux_tx_msg failed
12-15 22:09:55.983 E/QC-QMI  (  494): qmi_ctl_handle_request: qmi_ctl_tx_msg call failed
12-15 22:09:55.984 E/QC-QMI  (  494): qmi_qmux_open_connection: connection is disabled for conn_id=29
12-15 22:09:55.984 E/QC-QMI  (  494): qmi_qmux_tx_msg: failed to open inactive connd_id=29
12-15 22:09:55.984 E/QC-QMI  (  494): qmi_qmux: TX failed, connection inactive or in reset, conn_id=29, status_flags=4
12-15 22:09:55.984 E/QC-QMI  (  494): qmi_ctl_tx_msg: qmi_qmux_tx_msg failed
12-15 22:09:55.984 E/QC-QMI  (  494): qmi_ctl_handle_request: qmi_ctl_tx_msg call failed
12-15 22:09:55.985 E/QC-QMI  (  494): qmi_qmux_open_connection: connection is disabled for conn_id=48
12-15 22:09:55.985 E/QC-QMI  (  494): qmi_qmux_tx_msg: failed to open inactive connd_id=48
12-15 22:09:55.985 E/QC-QMI  (  494): qmi_qmux: TX failed, connection inactive or in reset, conn_id=48, status_flags=4
12-15 22:09:55.985 E/QC-QMI  (  494): qmi_ctl_tx_msg: qmi_qmux_tx_msg failed
12-15 22:09:55.985 E/QC-QMI  (  494): qmi_ctl_handle_request: qmi_ctl_tx_msg call failed
12-15 22:09:55.986 E/QC-QMI  (  494): qmi_qmux_open_connection: connection is disabled for conn_id=48
12-15 22:09:55.986 E/QC-QMI  (  494): qmi_qmux_tx_msg: failed to open inactive connd_id=48
12-15 22:09:55.986 E/QC-QMI  (  494): qmi_qmux: TX failed, connection inactive or in reset, conn_id=48, status_flags=4
12-15 22:09:55.986 E/QC-QMI  (  494): qmi_ctl_tx_msg: qmi_qmux_tx_msg failed
12-15 22:09:55.986 E/QC-QMI  (  494): qmi_ctl_handle_request: qmi_ctl_tx_msg call failed
12-15 22:09:55.986 E/QC-QMI  (  494): qmi_qmux_open_connection: connection is disabled for conn_id=57
12-15 22:09:55.986 E/QC-QMI  (  494): qmi_qmux_tx_msg: failed to open inactive connd_id=57
12-15 22:09:55.986 E/QC-QMI  (  494): qmi_qmux: TX failed, connection inactive or in reset, conn_id=57, status_flags=4
12-15 22:09:55.986 E/QC-QMI  (  494): qmi_ctl_tx_msg: qmi_qmux_tx_msg failed
12-15 22:09:55.987 E/QC-QMI  (  494): qmi_ctl_handle_request: qmi_ctl_tx_msg call failed
12-15 22:09:55.988 E/QC-QMI  (  494): qmi_qmux_open_connection: connection is disabled for conn_id=57
12-15 22:09:55.989 E/QC-QMI  (  494): qmi_qmux_tx_msg: failed to open inactive connd_id=57
12-15 22:09:55.989 E/QC-QMI  (  494): qmi_qmux: TX failed, connection inactive or in reset, conn_id=57, status_flags=4
12-15 22:09:55.989 E/QC-QMI  (  494): qmi_ctl_tx_msg: qmi_qmux_tx_msg failed
12-15 22:09:55.989 E/QC-QMI  (  494): qmi_ctl_handle_request: qmi_ctl_tx_msg call failed
12-15 22:09:55.990 W/PackageManager(  882): Permission com.google.android.launcher.permission.READ_SETTINGS from package com.google.android.googlequicksearchbox in an unknown group android.permission-group.SYSTEM_TOOLS
12-15 22:09:55.990 W/PackageManager(  882): Permission com.google.android.launcher.permission.WRITE_SETTINGS from package com.google.android.googlequicksearchbox in an unknown group android.permission-group.SYSTEM_TOOLS
12-15 22:09:55.990 W/PackageManager(  882): Permission com.android.launcher.permission.INSTALL_SHORTCUT from package com.google.android.googlequicksearchbox in an unknown group android.permission-group.SYSTEM_TOOLS
12-15 22:09:55.992 E/QC-QMI  (  494): qmi_qmux_open_connection: connection is disabled for conn_id=29
12-15 22:09:55.992 E/QC-QMI  (  494): qmi_qmux_tx_msg: failed to open inactive connd_id=29
12-15 22:09:55.992 E/QC-QMI  (  494): qmi_qmux: TX failed, connection inactive or in reset, conn_id=29, status_flags=4
12-15 22:09:55.992 E/QC-QMI  (  494): qmi_ctl_tx_msg: qmi_qmux_tx_msg failed
12-15 22:09:55.992 E/QC-QMI  (  494): qmi_ctl_handle_request: qmi_ctl_tx_msg call failed
12-15 22:09:55.992 E/QC-QMI  (  494): qmi_qmux_open_connection: connection is disabled for conn_id=29
12-15 22:09:55.992 E/QC-QMI  (  494): qmi_qmux_tx_msg: failed to open inactive connd_id=29
12-15 22:09:55.992 E/QC-QMI  (  494): qmi_qmux: TX failed, connection inactive or in reset, conn_id=29, status_flags=4
12-15 22:09:55.992 E/QC-QMI  (  494): qmi_ctl_tx_msg: qmi_qmux_tx_msg failed
12-15 22:09:55.993 E/QC-QMI  (  494): qmi_ctl_handle_request: qmi_ctl_tx_msg call failed
12-15 22:09:55.993 E/QC-QMI  (  494): qmi_qmux_open_connection: connection is disabled for conn_id=48
12-15 22:09:55.993 E/QC-QMI  (  494): qmi_qmux_tx_msg: failed to open inactive connd_id=48
12-15 22:09:55.993 E/QC-QMI  (  494): qmi_qmux: TX failed, connection inactive or in reset, conn_id=48, status_flags=4
12-15 22:09:55.993 E/QC-QMI  (  494): qmi_ctl_tx_msg: qmi_qmux_tx_msg failed
12-15 22:09:55.993 E/QC-QMI  (  494): qmi_ctl_handle_request: qmi_ctl_tx_msg call failed
12-15 22:09:55.994 E/QC-QMI  (  494): qmi_qmux_open_connection: connection is disabled for conn_id=48
12-15 22:09:55.994 E/QC-QMI  (  494): qmi_qmux_tx_msg: failed to open inactive connd_id=48
12-15 22:09:55.994 E/QC-QMI  (  494): qmi_qmux: TX failed, connection inactive or in reset, conn_id=48, status_flags=4
12-15 22:09:55.994 E/QC-QMI  (  494): qmi_ctl_tx_msg: qmi_qmux_tx_msg failed
12-15 22:09:55.994 E/QC-QMI  (  494): qmi_ctl_handle_request: qmi_ctl_tx_msg call failed
12-15 22:09:55.994 E/QC-QMI  (  494): qmi_qmux_open_connection: connection is disabled for conn_id=57
12-15 22:09:55.994 E/QC-QMI  (  494): qmi_qmux_tx_msg: failed to open inactive connd_id=57
12-15 22:09:55.994 E/QC-QMI  (  494): qmi_qmux: TX failed, connection inactive or in reset, conn_id=57, status_flags=4
12-15 22:09:55.994 E/QC-QMI  (  494): qmi_ctl_tx_msg: qmi_qmux_tx_msg failed
12-15 22:09:55.994 E/QC-QMI  (  494): qmi_ctl_handle_request: qmi_ctl_tx_msg call failed
12-15 22:09:55.995 E/QC-QMI  (  494): qmi_qmux_open_connection: connection is disabled for conn_id=57
12-15 22:09:55.995 E/QC-QMI  (  494): qmi_qmux_tx_msg: failed to open inactive connd_id=57
12-15 22:09:55.995 E/QC-QMI  (  494): qmi_qmux: TX failed, connection inactive or in reset, conn_id=57, status_flags=4
12-15 22:09:55.995 E/QC-QMI  (  494): qmi_ctl_tx_msg: qmi_qmux_tx_msg failed
12-15 22:09:55.995 E/QC-QMI  (  494): qmi_ctl_handle_request: qmi_ctl_tx_msg call failed
12-15 22:09:55.995 E/QC-QMI  (  494): qmi_qmux_open_connection: connection is disabled for conn_id=29
12-15 22:09:55.995 E/QC-QMI  (  494): qmi_qmux_tx_msg: failed to open inactive connd_id=29
12-15 22:09:55.995 E/QC-QMI  (  494): qmi_qmux: TX failed, connection inactive or in reset, conn_id=29, status_flags=4
12-15 22:09:55.995 E/QC-QMI  (  494): qmi_ctl_tx_msg: qmi_qmux_tx_msg failed
12-15 22:09:55.995 E/QC-QMI  (  494): qmi_ctl_handle_request: qmi_ctl_tx_msg call failed
12-15 22:09:55.996 E/QC-QMI  (  494): qmi_qmux_open_connection: connection is disabled for conn_id=29
12-15 22:09:55.996 E/QC-QMI  (  494): qmi_qmux_tx_msg: failed to open inactive connd_id=29
12-15 22:09:55.996 E/QC-QMI  (  494): qmi_qmux: TX failed, connection inactive or in reset, conn_id=29, status_flags=4
12-15 22:09:55.996 E/QC-QMI  (  494): qmi_ctl_tx_msg: qmi_qmux_tx_msg failed
12-15 22:09:55.996 E/QC-QMI  (  494): qmi_ctl_handle_request: qmi_ctl_tx_msg call failed
12-15 22:09:55.997 E/QC-QMI  (  494): qmi_qmux_open_connection: connection is disabled for conn_id=48
12-15 22:09:55.997 E/QC-QMI  (  494): qmi_qmux_tx_msg: failed to open inactive connd_id=48
12-15 22:09:55.997 E/QC-QMI  (  494): qmi_qmux: TX failed, connection inactive or in reset, conn_id=48, status_flags=4
12-15 22:09:55.997 E/QC-QMI  (  494): qmi_ctl_tx_msg: qmi_qmux_tx_msg failed
12-15 22:09:55.997 E/QC-QMI  (  494): qmi_ctl_handle_request: qmi_ctl_tx_msg call failed
12-15 22:09:55.998 E/QC-QMI  (  494): qmi_qmux_open_connection: connection is disabled for conn_id=48
12-15 22:09:55.998 E/QC-QMI  (  494): qmi_qmux_tx_msg: failed to open inactive connd_id=48
12-15 22:09:55.998 E/QC-QMI  (  494): qmi_qmux: TX failed, connection inactive or in reset, conn_id=48, status_flags=4
12-15 22:09:55.998 E/QC-QMI  (  494): qmi_ctl_tx_msg: qmi_qmux_tx_msg failed
12-15 22:09:55.998 E/QC-QMI  (  494): qmi_ctl_handle_request: qmi_ctl_tx_msg call failed
12-15 22:09:55.999 E/QC-QMI  (  494): qmi_qmux_open_connection: connection is disabled for conn_id=57
12-15 22:09:55.999 E/QC-QMI  (  494): qmi_qmux_tx_msg: failed to open inactive connd_id=57
12-15 22:09:55.999 E/QC-QMI  (  494): qmi_qmux: TX failed, connection inactive or in reset, conn_id=57, status_flags=4
12-15 22:09:55.999 E/QC-QMI  (  494): qmi_ctl_tx_msg: qmi_qmux_tx_msg failed
12-15 22:09:55.999 E/QC-QMI  (  494): qmi_ctl_handle_request: qmi_ctl_tx_msg call failed
12-15 22:09:55.999 E/QC-QMI  (  494): qmi_qmux_open_connection: connection is disabled for conn_id=57
12-15 22:09:55.999 E/QC-QMI  (  494): qmi_qmux_tx_msg: failed to open inactive connd_id=57
12-15 22:09:55.999 E/QC-QMI  (  494): qmi_qmux: TX failed, connection inactive or in reset, conn_id=57, status_flags=4
12-15 22:09:55.999 E/QC-QMI  (  494): qmi_ctl_tx_msg: qmi_qmux_tx_msg failed
12-15 22:09:56.000 E/QC-QMI  (  494): qmi_ctl_handle_request: qmi_ctl_tx_msg call failed
12-15 22:09:56.004 E/QC-QMI  (  494): qmi_qmux_open_connection: connection is disabled for conn_id=29
12-15 22:09:56.004 E/QC-QMI  (  494): qmi_qmux_tx_msg: failed to open inactive connd_id=29
12-15 22:09:56.004 E/QC-QMI  (  494): qmi_qmux: TX failed, connection inactive or in reset, conn_id=29, status_flags=4
12-15 22:09:56.004 E/QC-QMI  (  494): qmi_ctl_tx_msg: qmi_qmux_tx_msg failed
12-15 22:09:56.004 E/QC-QMI  (  494): qmi_ctl_handle_request: qmi_ctl_tx_msg call failed
12-15 22:09:56.006 E/QC-QMI  (  494): qmi_qmux_open_connection: connection is disabled for conn_id=29
12-15 22:09:56.006 E/QC-QMI  (  494): qmi_qmux_tx_msg: failed to open inactive connd_id=29
12-15 22:09:56.006 E/QC-QMI  (  494): qmi_qmux: TX failed, connection inactive or in reset, conn_id=29, status_flags=4
12-15 22:09:56.006 E/QC-QMI  (  494): qmi_ctl_tx_msg: qmi_qmux_tx_msg failed
12-15 22:09:56.006 E/QC-QMI  (  494): qmi_ctl_handle_request: qmi_ctl_tx_msg call failed
12-15 22:09:56.007 E/QC-QMI  (  494): qmi_qmux_open_connection: connection is disabled for conn_id=48
12-15 22:09:56.007 E/QC-QMI  (  494): qmi_qmux_tx_msg: failed to open inactive connd_id=48
12-15 22:09:56.007 E/QC-QMI  (  494): qmi_qmux: TX failed, connection inactive or in reset, conn_id=48, status_flags=4
12-15 22:09:56.007 E/QC-QMI  (  494): qmi_ctl_tx_msg: qmi_qmux_tx_msg failed
12-15 22:09:56.007 E/QC-QMI  (  494): qmi_ctl_handle_request: qmi_ctl_tx_msg call failed
12-15 22:09:56.007 D/vold    (  337): Disk at 253:0 changed
12-15 22:09:56.007 E/QC-QMI  (  494): qmi_qmux_open_connection: connection is disabled for conn_id=48
12-15 22:09:56.008 E/QC-QMI  (  494): qmi_qmux_tx_msg: failed to open inactive connd_id=48
12-15 22:09:56.008 E/QC-QMI  (  494): qmi_qmux: TX failed, connection inactive or in reset, conn_id=48, status_flags=4
12-15 22:09:56.008 E/QC-QMI  (  494): qmi_ctl_tx_msg: qmi_qmux_tx_msg failed
12-15 22:09:56.008 E/QC-QMI  (  494): qmi_ctl_handle_request: qmi_ctl_tx_msg call failed
12-15 22:09:56.008 E/QC-QMI  (  494): qmi_qmux_open_connection: connection is disabled for conn_id=57
12-15 22:09:56.009 E/QC-QMI  (  494): qmi_qmux_tx_msg: failed to open inactive connd_id=57
12-15 22:09:56.009 E/QC-QMI  (  494): qmi_qmux: TX failed, connection inactive or in reset, conn_id=57, status_flags=4
12-15 22:09:56.009 E/QC-QMI  (  494): qmi_ctl_tx_msg: qmi_qmux_tx_msg failed
12-15 22:09:56.009 E/QC-QMI  (  494): qmi_ctl_handle_request: qmi_ctl_tx_msg call failed
12-15 22:09:56.009 D/vold    (  337): Disk at 253:0 changed
12-15 22:09:56.009 D/vold    (  337): Disk at 253:0 changed
12-15 22:09:56.009 D/vold    (  337): Disk at 253:0 changed
12-15 22:09:56.009 D/vold    (  337): Disk at 253:0 changed
12-15 22:09:56.009 D/vold    (  337): Disk at 253:0 changed
12-15 22:09:56.009 D/vold    (  337): Disk at 253:0 changed
12-15 22:09:56.009 D/vold    (  337): Disk at 253:0 changed
12-15 22:09:56.009 D/vold    (  337): Disk at 253:0 changed
12-15 22:09:56.009 E/QC-QMI  (  494): qmi_qmux_open_connection: connection is disabled for conn_id=57
12-15 22:09:56.009 D/vold    (  337): Disk at 253:0 changed
12-15 22:09:56.009 E/QC-QMI  (  494): qmi_qmux_tx_msg: failed to open inactive connd_id=57
12-15 22:09:56.009 D/vold    (  337): Disk at 253:0 changed
12-15 22:09:56.009 E/QC-QMI  (  494): qmi_qmux: TX failed, connection inactive or in reset, conn_id=57, status_flags=4
12-15 22:09:56.009 E/QC-QMI  (  494): qmi_ctl_tx_msg: qmi_qmux_tx_msg failed
12-15 22:09:56.009 D/vold    (  337): Disk at 253:0 changed
12-15 22:09:56.009 E/QC-QMI  (  494): qmi_ctl_handle_request: qmi_ctl_tx_msg call failed
12-15 22:09:56.009 D/vold    (  337): Disk at 253:0 changed
12-15 22:09:56.009 D/vold    (  337): Disk at 253:0 changed
12-15 22:09:56.010 D/vold    (  337): Disk at 253:0 changed
12-15 22:09:56.010 D/vold    (  337): Disk at 253:0 changed
12-15 22:09:56.015 E/QC-QMI  (  494): qmi_qmux_open_connection: connection is disabled for conn_id=29
12-15 22:09:56.016 E/QC-QMI  (  494): qmi_qmux_tx_msg: failed to open inactive connd_id=29
12-15 22:09:56.016 E/QC-QMI  (  494): qmi_qmux: TX failed, connection inactive or in reset, conn_id=29, status_flags=4
12-15 22:09:56.016 E/QC-QMI  (  494): qmi_ctl_tx_msg: qmi_qmux_tx_msg failed
12-15 22:09:56.016 E/QC-QMI  (  494): qmi_ctl_handle_request: qmi_ctl_tx_msg call failed
12-15 22:09:56.016 E/QC-QMI  (  494): qmi_qmux_open_connection: connection is disabled for conn_id=29
12-15 22:09:56.016 E/QC-QMI  (  494): qmi_qmux_tx_msg: failed to open inactive connd_id=29
12-15 22:09:56.016 E/QC-QMI  (  494): qmi_qmux: TX failed, connection inactive or in reset, conn_id=29, status_flags=4
12-15 22:09:56.016 E/QC-QMI  (  494): qmi_ctl_tx_msg: qmi_qmux_tx_msg failed
12-15 22:09:56.016 E/QC-QMI  (  494): qmi_ctl_handle_request: qmi_ctl_tx_msg call failed
12-15 22:09:56.017 E/QC-QMI  (  494): qmi_qmux_open_connection: connection is disabled for conn_id=48
12-15 22:09:56.017 E/QC-QMI  (  494): qmi_qmux_tx_msg: failed to open inactive connd_id=48
12-15 22:09:56.017 E/QC-QMI  (  494): qmi_qmux: TX failed, connection inactive or in reset, conn_id=48, status_flags=4
12-15 22:09:56.017 E/QC-QMI  (  494): qmi_ctl_tx_msg: qmi_qmux_tx_msg failed
12-15 22:09:56.017 E/QC-QMI  (  494): qmi_ctl_handle_request: qmi_ctl_tx_msg call failed
12-15 22:09:56.019 E/QC-QMI  (  494): qmi_qmux_open_connection: connection is disabled for conn_id=48
12-15 22:09:56.019 E/QC-QMI  (  494): qmi_qmux_tx_msg: failed to open inactive connd_id=48
12-15 22:09:56.019 E/QC-QMI  (  494): qmi_qmux: TX failed, connection inactive or in reset, conn_id=48, status_flags=4
12-15 22:09:56.019 E/QC-QMI  (  494): qmi_ctl_tx_msg: qmi_qmux_tx_msg failed
12-15 22:09:56.019 E/QC-QMI  (  494): qmi_ctl_handle_request: qmi_ctl_tx_msg call failed
12-15 22:09:56.020 E/QC-QMI  (  494): qmi_qmux_open_connection: connection is disabled for conn_id=57
12-15 22:09:56.020 E/QC-QMI  (  494): qmi_qmux_tx_msg: failed to open inactive connd_id=57
12-15 22:09:56.020 E/QC-QMI  (  494): qmi_qmux: TX failed, connection inactive or in reset, conn_id=57, status_flags=4
12-15 22:09:56.020 E/QC-QMI  (  494): qmi_ctl_tx_msg: qmi_qmux_tx_msg failed
12-15 22:09:56.020 E/QC-QMI  (  494): qmi_ctl_handle_request: qmi_ctl_tx_msg call failed
12-15 22:09:56.021 E/QC-QMI  (  494): qmi_qmux_open_connection: connection is disabled for conn_id=57
12-15 22:09:56.021 E/QC-QMI  (  494): qmi_qmux_tx_msg: failed to open inactive connd_id=57
12-15 22:09:56.021 E/QC-QMI  (  494): qmi_qmux: TX failed, connection inactive or in reset, conn_id=57, status_flags=4
12-15 22:09:56.021 E/QC-QMI  (  494): qmi_ctl_tx_msg: qmi_qmux_tx_msg failed
12-15 22:09:56.021 E/QC-QMI  (  494): qmi_ctl_handle_request: qmi_ctl_tx_msg call failed
12-15 22:09:56.024 E/QC-QMI  (  494): qmi_qmux_open_connection: connection is disabled for conn_id=29
12-15 22:09:56.024 E/QC-QMI  (  494): qmi_qmux_tx_msg: failed to open inactive connd_id=29
12-15 22:09:56.024 E/QC-QMI  (  494): qmi_qmux: TX failed, connection inactive or in reset, conn_id=29, status_flags=4
12-15 22:09:56.024 E/QC-QMI  (  494): qmi_ctl_tx_msg: qmi_qmux_tx_msg failed
12-15 22:09:56.024 E/QC-QMI  (  494): qmi_ctl_handle_request: qmi_ctl_tx_msg call failed
12-15 22:09:56.025 E/QC-QMI  (  494): qmi_qmux_open_connection: connection is disabled for conn_id=29
12-15 22:09:56.025 E/QC-QMI  (  494): qmi_qmux_tx_msg: failed to open inactive connd_id=29
12-15 22:09:56.025 E/QC-QMI  (  494): qmi_qmux: TX failed, connection inactive or in reset, conn_id=29, status_flags=4
12-15 22:09:56.025 E/QC-QMI  (  494): qmi_ctl_tx_msg: qmi_qmux_tx_msg failed
12-15 22:09:56.025 E/QC-QMI  (  494): qmi_ctl_handle_request: qmi_ctl_tx_msg call failed
12-15 22:09:56.026 E/QC-QMI  (  494): qmi_qmux_open_connection: connection is disabled for conn_id=48
12-15 22:09:56.026 E/QC-QMI  (  494): qmi_qmux_tx_msg: failed to open inactive connd_id=48
12-15 22:09:56.026 E/QC-QMI  (  494): qmi_qmux: TX failed, connection inactive or in reset, conn_id=48, status_flags=4
12-15 22:09:56.026 E/QC-QMI  (  494): qmi_ctl_tx_msg: qmi_qmux_tx_msg failed
12-15 22:09:56.026 E/QC-QMI  (  494): qmi_ctl_handle_request: qmi_ctl_tx_msg call failed
12-15 22:09:56.027 E/QC-QMI  (  494): qmi_qmux_open_connection: connection is disabled for conn_id=48
12-15 22:09:56.027 E/QC-QMI  (  494): qmi_qmux_tx_msg: failed to open inactive connd_id=48
12-15 22:09:56.027 E/QC-QMI  (  494): qmi_qmux: TX failed, connection inactive or in reset, conn_id=48, status_flags=4
12-15 22:09:56.027 E/QC-QMI  (  494): qmi_ctl_tx_msg: qmi_qmux_tx_msg failed
12-15 22:09:56.027 E/QC-QMI  (  494): qmi_ctl_handle_request: qmi_ctl_tx_msg call failed
12-15 22:09:56.028 E/QC-QMI  (  494): qmi_qmux_open_connection: connection is disabled for conn_id=57
12-15 22:09:56.028 E/QC-QMI  (  494): qmi_qmux_tx_msg: failed to open inactive connd_id=57
12-15 22:09:56.028 E/QC-QMI  (  494): qmi_qmux: TX failed, connection inactive or in reset, conn_id=57, status_flags=4
12-15 22:09:56.028 E/QC-QMI  (  494): qmi_ctl_tx_msg: qmi_qmux_tx_msg failed
12-15 22:09:56.028 E/QC-QMI  (  494): qmi_ctl_handle_request: qmi_ctl_tx_msg call failed
12-15 22:09:56.029 E/QC-QMI  (  494): qmi_qmux_open_connection: connection is disabled for conn_id=57
12-15 22:09:56.029 E/QC-QMI  (  494): qmi_qmux_tx_msg: failed to open inactive connd_id=57
12-15 22:09:56.029 E/QC-QMI  (  494): qmi_qmux: TX failed, connection inactive or in reset, conn_id=57, status_flags=4
12-15 22:09:56.029 E/QC-QMI  (  494): qmi_ctl_tx_msg: qmi_qmux_tx_msg failed
12-15 22:09:56.029 E/QC-QMI  (  494): qmi_ctl_handle_request: qmi_ctl_tx_msg call failed
12-15 22:09:56.030 E/QC-QMI  (  494): qmi_qmux_open_connection: connection is disabled for conn_id=29
12-15 22:09:56.030 E/QC-QMI  (  494): qmi_qmux_tx_msg: failed to open inactive connd_id=29
12-15 22:09:56.030 E/QC-QMI  (  494): qmi_qmux: TX failed, connection inactive or in reset, conn_id=29, status_flags=4
12-15 22:09:56.030 E/QC-QMI  (  494): qmi_ctl_tx_msg: qmi_qmux_tx_msg failed
12-15 22:09:56.030 E/QC-QMI  (  494): qmi_ctl_handle_request: qmi_ctl_tx_msg call failed
12-15 22:09:56.032 E/QC-QMI  (  494): qmi_qmux_open_connection: connection is disabled for conn_id=29
12-15 22:09:56.032 E/QC-QMI  (  494): qmi_qmux_tx_msg: failed to open inactive connd_id=29
12-15 22:09:56.032 E/QC-QMI  (  494): qmi_qmux: TX failed, connection inactive or in reset, conn_id=29, status_flags=4
12-15 22:09:56.032 E/QC-QMI  (  494): qmi_ctl_tx_msg: qmi_qmux_tx_msg failed
12-15 22:09:56.032 E/QC-QMI  (  494): qmi_ctl_handle_request: qmi_ctl_tx_msg call failed
12-15 22:09:56.033 E/QC-QMI  (  494): qmi_qmux_open_connection: connection is disabled for conn_id=48
12-15 22:09:56.033 E/QC-QMI  (  494): qmi_qmux_tx_msg: failed to open inactive connd_id=48
12-15 22:09:56.033 E/QC-QMI  (  494): qmi_qmux: TX failed, connection inactive or in reset, conn_id=48, status_flags=4
12-15 22:09:56.033 E/QC-QMI  (  494): qmi_ctl_tx_msg: qmi_qmux_tx_msg failed
12-15 22:09:56.033 E/QC-QMI  (  494): qmi_ctl_handle_request: qmi_ctl_tx_msg call failed
12-15 22:09:56.034 E/QC-QMI  (  494): qmi_qmux_open_connection: connection is disabled for conn_id=48
12-15 22:09:56.034 E/QC-QMI  (  494): qmi_qmux_tx_msg: failed to open inactive connd_id=48
12-15 22:09:56.034 E/QC-QMI  (  494): qmi_qmux: TX failed, connection inactive or in reset, conn_id=48, status_flags=4
12-15 22:09:56.034 E/QC-QMI  (  494): qmi_ctl_tx_msg: qmi_qmux_tx_msg failed
12-15 22:09:56.034 E/QC-QMI  (  494): qmi_ctl_handle_request: qmi_ctl_tx_msg call failed
12-15 22:09:56.035 W/PackageParser(  882): Ignoring duplicate uses-permissions/uses-permissions-sdk-m: android.permission.READ_CONTACTS in package: com.android.bluetooth at: Binary XML file line #58
12-15 22:09:56.035 E/QC-QMI  (  494): qmi_qmux_open_connection: connection is disabled for conn_id=57
12-15 22:09:56.035 E/QC-QMI  (  494): qmi_qmux_tx_msg: failed to open inactive connd_id=57
12-15 22:09:56.035 E/QC-QMI  (  494): qmi_qmux: TX failed, connection inactive or in reset, conn_id=57, status_flags=4
12-15 22:09:56.035 E/QC-QMI  (  494): qmi_ctl_tx_msg: qmi_qmux_tx_msg failed
12-15 22:09:56.035 E/QC-QMI  (  494): qmi_ctl_handle_request: qmi_ctl_tx_msg call failed
12-15 22:09:56.036 W/PackageParser(  882): No actions in intent filter at /system/app/Bluetooth/Bluetooth.apk Binary XML file line #216
12-15 22:09:56.036 E/QC-QMI  (  494): qmi_qmux_open_connection: connection is disabled for conn_id=57
12-15 22:09:56.036 E/QC-QMI  (  494): qmi_qmux_tx_msg: failed to open inactive connd_id=57
12-15 22:09:56.036 E/QC-QMI  (  494): qmi_qmux: TX failed, connection inactive or in reset, conn_id=57, status_flags=4
12-15 22:09:56.036 E/QC-QMI  (  494): qmi_ctl_tx_msg: qmi_qmux_tx_msg failed
12-15 22:09:56.036 E/QC-QMI  (  494): qmi_ctl_handle_request: qmi_ctl_tx_msg call failed
12-15 22:09:56.046 W/rild    ( 1426): type=1400 audit(0.0:51): avc: denied { search } for name="msm_subsys" dev="sysfs" ino=3661 scontext=u:r:rild:s0 tcontext=u:object_r:sysfs_ssr:s0 tclass=dir permissive=0
12-15 22:09:56.106 E/QC-QMI  (  494): qmi_qmux_open_connection: connection is disabled for conn_id=29
12-15 22:09:56.106 E/QC-QMI  (  494): qmi_qmux_tx_msg: failed to open inactive connd_id=29
12-15 22:09:56.106 E/QC-QMI  (  494): qmi_qmux: TX failed, connection inactive or in reset, conn_id=29, status_flags=4
12-15 22:09:56.107 E/QC-QMI  (  494): qmi_ctl_tx_msg: qmi_qmux_tx_msg failed
12-15 22:09:56.107 E/QC-QMI  (  494): qmi_ctl_handle_request: qmi_ctl_tx_msg call failed
12-15 22:09:56.107 E/QC-QMI  (  494): qmi_qmux_open_connection: connection is disabled for conn_id=29
12-15 22:09:56.107 E/QC-QMI  (  494): qmi_qmux_tx_msg: failed to open inactive connd_id=29
12-15 22:09:56.107 E/QC-QMI  (  494): qmi_qmux: TX failed, connection inactive or in reset, conn_id=29, status_flags=4
12-15 22:09:56.107 E/QC-QMI  (  494): qmi_ctl_tx_msg: qmi_qmux_tx_msg failed
12-15 22:09:56.107 E/QC-QMI  (  494): qmi_ctl_handle_request: qmi_ctl_tx_msg call failed
12-15 22:09:56.109 E/QC-QMI  (  494): qmi_qmux_open_connection: connection is disabled for conn_id=48
12-15 22:09:56.109 E/QC-QMI  (  494): qmi_qmux_tx_msg: failed to open inactive connd_id=48
12-15 22:09:56.109 E/QC-QMI  (  494): qmi_qmux: TX failed, connection inactive or in reset, conn_id=48, status_flags=4
12-15 22:09:56.109 E/QC-QMI  (  494): qmi_ctl_tx_msg: qmi_qmux_tx_msg failed
12-15 22:09:56.109 E/QC-QMI  (  494): qmi_ctl_handle_request: qmi_ctl_tx_msg call failed
12-15 22:09:56.109 E/QC-QMI  (  494): qmi_qmux_open_connection: connection is disabled for conn_id=48
12-15 22:09:56.109 E/QC-QMI  (  494): qmi_qmux_tx_msg: failed to open inactive connd_id=48
12-15 22:09:56.109 E/QC-QMI  (  494): qmi_qmux: TX failed, connection inactive or in reset, conn_id=48, status_flags=4
12-15 22:09:56.109 E/QC-QMI  (  494): qmi_ctl_tx_msg: qmi_qmux_tx_msg failed
12-15 22:09:56.110 E/QC-QMI  (  494): qmi_ctl_handle_request: qmi_ctl_tx_msg call failed
12-15 22:09:56.110 E/QC-QMI  (  494): qmi_qmux_open_connection: connection is disabled for conn_id=57
12-15 22:09:56.110 E/QC-QMI  (  494): qmi_qmux_tx_msg: failed to open inactive connd_id=57
12-15 22:09:56.110 E/QC-QMI  (  494): qmi_qmux: TX failed, connection inactive or in reset, conn_id=57, status_flags=4
12-15 22:09:56.110 E/QC-QMI  (  494): qmi_ctl_tx_msg: qmi_qmux_tx_msg failed
12-15 22:09:56.110 E/QC-QMI  (  494): qmi_ctl_handle_request: qmi_ctl_tx_msg call failed
12-15 22:09:56.111 E/QC-QMI  (  494): qmi_qmux_open_connection: connection is disabled for conn_id=57
12-15 22:09:56.111 E/QC-QMI  (  494): qmi_qmux_tx_msg: failed to open inactive connd_id=57
12-15 22:09:56.111 E/QC-QMI  (  494): qmi_qmux: TX failed, connection inactive or in reset, conn_id=57, status_flags=4
12-15 22:09:56.111 E/QC-QMI  (  494): qmi_ctl_tx_msg: qmi_qmux_tx_msg failed
12-15 22:09:56.111 E/QC-QMI  (  494): qmi_ctl_handle_request: qmi_ctl_tx_msg call failed
12-15 22:09:56.121 E/QC-QMI  (  494): qmi_qmux_open_connection: connection is disabled for conn_id=29
12-15 22:09:56.121 E/QC-QMI  (  494): qmi_qmux_tx_msg: failed to open inactive connd_id=29
12-15 22:09:56.121 E/QC-QMI  (  494): qmi_qmux: TX failed, connection inactive or in reset, conn_id=29, status_flags=4
12-15 22:09:56.121 E/QC-QMI  (  494): qmi_ctl_tx_msg: qmi_qmux_tx_msg failed
12-15 22:09:56.121 E/QC-QMI  (  494): qmi_ctl_handle_request: qmi_ctl_tx_msg call failed
12-15 22:09:56.123 E/QC-QMI  (  494): qmi_qmux_open_connection: connection is disabled for conn_id=29
12-15 22:09:56.123 E/QC-QMI  (  494): qmi_qmux_tx_msg: failed to open inactive connd_id=29
12-15 22:09:56.123 E/QC-QMI  (  494): qmi_qmux: TX failed, connection inactive or in reset, conn_id=29, status_flags=4
12-15 22:09:56.123 E/QC-QMI  (  494): qmi_ctl_tx_msg: qmi_qmux_tx_msg failed
12-15 22:09:56.123 E/QC-QMI  (  494): qmi_ctl_handle_request: qmi_ctl_tx_msg call failed
12-15 22:09:56.124 E/QC-QMI  (  494): qmi_qmux_open_connection: connection is disabled for conn_id=48
12-15 22:09:56.124 E/QC-QMI  (  494): qmi_qmux_tx_msg: failed to open inactive connd_id=48
12-15 22:09:56.124 E/QC-QMI  (  494): qmi_qmux: TX failed, connection inactive or in reset, conn_id=48, status_flags=4
12-15 22:09:56.124 E/QC-QMI  (  494): qmi_ctl_tx_msg: qmi_qmux_tx_msg failed
12-15 22:09:56.124 E/QC-QMI  (  494): qmi_ctl_handle_request: qmi_ctl_tx_msg call failed
12-15 22:09:56.124 E/QC-QMI  (  494): qmi_qmux_open_connection: connection is disabled for conn_id=48
12-15 22:09:56.124 E/QC-QMI  (  494): qmi_qmux_tx_msg: failed to open inactive connd_id=48
12-15 22:09:56.124 E/QC-QMI  (  494): qmi_qmux: TX failed, connection inactive or in reset, conn_id=48, status_flags=4
12-15 22:09:56.124 E/QC-QMI  (  494): qmi_ctl_tx_msg: qmi_qmux_tx_msg failed
12-15 22:09:56.124 E/QC-QMI  (  494): qmi_ctl_handle_request: qmi_ctl_tx_msg call failed
12-15 22:09:56.125 E/QC-QMI  (  494): qmi_qmux_open_connection: connection is disabled for conn_id=57
12-15 22:09:56.125 E/QC-QMI  (  494): qmi_qmux_tx_msg: failed to open inactive connd_id=57
12-15 22:09:56.125 E/QC-QMI  (  494): qmi_qmux: TX failed, connection inactive or in reset, conn_id=57, status_flags=4
12-15 22:09:56.125 E/QC-QMI  (  494): qmi_ctl_tx_msg: qmi_qmux_tx_msg failed
12-15 22:09:56.125 E/QC-QMI  (  494): qmi_ctl_handle_request: qmi_ctl_tx_msg call failed
12-15 22:09:56.125 E/QC-QMI  (  494): qmi_qmux_open_connection: connection is disabled for conn_id=57
12-15 22:09:56.126 E/QC-QMI  (  494): qmi_qmux_tx_msg: failed to open inactive connd_id=57
12-15 22:09:56.126 E/QC-QMI  (  494): qmi_qmux: TX failed, connection inactive or in reset, conn_id=57, status_flags=4
12-15 22:09:56.126 E/QC-QMI  (  494): qmi_ctl_tx_msg: qmi_qmux_tx_msg failed
12-15 22:09:56.126 E/QC-QMI  (  494): qmi_ctl_handle_request: qmi_ctl_tx_msg call failed
12-15 22:09:56.131 E/QC-QMI  (  494): qmi_qmux_open_connection: connection is disabled for conn_id=29
12-15 22:09:56.131 E/QC-QMI  (  494): qmi_qmux_tx_msg: failed to open inactive connd_id=29
12-15 22:09:56.131 E/QC-QMI  (  494): qmi_qmux: TX failed, connection inactive or in reset, conn_id=29, status_flags=4
12-15 22:09:56.131 E/QC-QMI  (  494): qmi_ctl_tx_msg: qmi_qmux_tx_msg failed
12-15 22:09:56.132 E/QC-QMI  (  494): qmi_ctl_handle_request: qmi_ctl_tx_msg call failed
12-15 22:09:56.132 E/QC-QMI  (  494): qmi_qmux_open_connection: connection is disabled for conn_id=29
12-15 22:09:56.132 E/QC-QMI  (  494): qmi_qmux_tx_msg: failed to open inactive connd_id=29
12-15 22:09:56.132 E/QC-QMI  (  494): qmi_qmux: TX failed, connection inactive or in reset, conn_id=29, status_flags=4
12-15 22:09:56.132 E/QC-QMI  (  494): qmi_ctl_tx_msg: qmi_qmux_tx_msg failed
12-15 22:09:56.132 E/QC-QMI  (  494): qmi_ctl_handle_request: qmi_ctl_tx_msg call failed
12-15 22:09:56.133 E/QC-QMI  (  494): qmi_qmux_open_connection: connection is disabled for conn_id=48
12-15 22:09:56.133 E/QC-QMI  (  494): qmi_qmux_tx_msg: failed to open inactive connd_id=48
12-15 22:09:56.133 E/QC-QMI  (  494): qmi_qmux: TX failed, connection inactive or in reset, conn_id=48, status_flags=4
12-15 22:09:56.133 E/QC-QMI  (  494): qmi_ctl_tx_msg: qmi_qmux_tx_msg failed
12-15 22:09:56.133 E/QC-QMI  (  494): qmi_ctl_handle_request: qmi_ctl_tx_msg call failed
12-15 22:09:56.136 E/QC-QMI  (  494): qmi_qmux_open_connection: connection is disabled for conn_id=48
12-15 22:09:56.136 E/QC-QMI  (  494): qmi_qmux_tx_msg: failed to open inactive connd_id=48
12-15 22:09:56.136 E/QC-QMI  (  494): qmi_qmux: TX failed, connection inactive or in reset, conn_id=48, status_flags=4
12-15 22:09:56.136 E/QC-QMI  (  494): qmi_ctl_tx_msg: qmi_qmux_tx_msg failed
12-15 22:09:56.136 E/QC-QMI  (  494): qmi_ctl_handle_request: qmi_ctl_tx_msg call failed
12-15 22:09:56.137 E/QC-QMI  (  494): qmi_qmux_open_connection: connection is disabled for conn_id=57
12-15 22:09:56.137 E/QC-QMI  (  494): qmi_qmux_tx_msg: failed to open inactive connd_id=57
12-15 22:09:56.137 E/QC-QMI  (  494): qmi_qmux: TX failed, connection inactive or in reset, conn_id=57, status_flags=4
12-15 22:09:56.137 E/QC-QMI  (  494): qmi_ctl_tx_msg: qmi_qmux_tx_msg failed
12-15 22:09:56.137 E/QC-QMI  (  494): qmi_ctl_handle_request: qmi_ctl_tx_msg call failed
12-15 22:09:56.138 E/QC-QMI  (  494): qmi_qmux_open_connection: connection is disabled for conn_id=57
12-15 22:09:56.138 E/QC-QMI  (  494): qmi_qmux_tx_msg: failed to open inactive connd_id=57
12-15 22:09:56.138 E/QC-QMI  (  494): qmi_qmux: TX failed, connection inactive or in reset, conn_id=57, status_flags=4
12-15 22:09:56.138 E/QC-QMI  (  494): qmi_ctl_tx_msg: qmi_qmux_tx_msg failed
12-15 22:09:56.139 E/QC-QMI  (  494): qmi_ctl_handle_request: qmi_ctl_tx_msg call failed
12-15 22:09:56.142 E/slim_daemon(  555): [NDK] bindNDKSensors: Sensor server is unavailable.
12-15 22:09:56.145 E/QC-QMI  (  494): qmi_qmux_open_connection: connection is disabled for conn_id=29
12-15 22:09:56.145 E/QC-QMI  (  494): qmi_qmux_tx_msg: failed to open inactive connd_id=29
12-15 22:09:56.145 E/QC-QMI  (  494): qmi_qmux: TX failed, connection inactive or in reset, conn_id=29, status_flags=4
12-15 22:09:56.145 E/QC-QMI  (  494): qmi_ctl_tx_msg: qmi_qmux_tx_msg failed
12-15 22:09:56.145 E/QC-QMI  (  494): qmi_ctl_handle_request: qmi_ctl_tx_msg call failed
12-15 22:09:56.146 E/QC-QMI  (  494): qmi_qmux_open_connection: connection is disabled for conn_id=29
12-15 22:09:56.146 E/QC-QMI  (  494): qmi_qmux_tx_msg: failed to open inactive connd_id=29
12-15 22:09:56.146 E/QC-QMI  (  494): qmi_qmux: TX failed, connection inactive or in reset, conn_id=29, status_flags=4
12-15 22:09:56.146 E/QC-QMI  (  494): qmi_ctl_tx_msg: qmi_qmux_tx_msg failed
12-15 22:09:56.146 E/QC-QMI  (  494): qmi_ctl_handle_request: qmi_ctl_tx_msg call failed
12-15 22:09:56.147 E/QC-QMI  (  494): qmi_qmux_open_connection: connection is disabled for conn_id=48
12-15 22:09:56.147 E/QC-QMI  (  494): qmi_qmux_tx_msg: failed to open inactive connd_id=48
12-15 22:09:56.147 E/QC-QMI  (  494): qmi_qmux: TX failed, connection inactive or in reset, conn_id=48, status_flags=4
12-15 22:09:56.147 E/QC-QMI  (  494): qmi_ctl_tx_msg: qmi_qmux_tx_msg failed
12-15 22:09:56.147 E/QC-QMI  (  494): qmi_ctl_handle_request: qmi_ctl_tx_msg call failed
12-15 22:09:56.151 E/QC-QMI  (  494): qmi_qmux_open_connection: connection is disabled for conn_id=48
12-15 22:09:56.151 E/QC-QMI  (  494): qmi_qmux_tx_msg: failed to open inactive connd_id=48
12-15 22:09:56.151 E/QC-QMI  (  494): qmi_qmux: TX failed, connection inactive or in reset, conn_id=48, status_flags=4
12-15 22:09:56.151 E/QC-QMI  (  494): qmi_ctl_tx_msg: qmi_qmux_tx_msg failed
12-15 22:09:56.151 E/QC-QMI  (  494): qmi_ctl_handle_request: qmi_ctl_tx_msg call failed
12-15 22:09:56.152 E/QC-QMI  (  494): qmi_qmux:  Sending sys indication=18 to qmux_client_id=0x12 on conn_id=0
12-15 22:09:56.152 E/QC-QMI  (  494): qmi_qmux_open_connection: connection is disabled for conn_id=57
12-15 22:09:56.152 E/QC-QMI  (  494): qmi_qmux_tx_msg: failed to open inactive connd_id=57
12-15 22:09:56.152 E/QC-QMI  (  494): qmi_qmux:  Sending sys indication=18 to qmux_client_id=0x11 on conn_id=0
12-15 22:09:56.152 E/QC-QMI  (  494): qmi_qmux: TX failed, connection inactive or in reset, conn_id=57, status_flags=4
12-15 22:09:56.152 E/QC-QMI  (  494): qmi_ctl_tx_msg: qmi_qmux_tx_msg failed
12-15 22:09:56.152 E/QC-QMI  (  494): qmi_qmux:  Sending sys indication=18 to qmux_client_id=0xc on conn_id=0
12-15 22:09:56.152 E/QC-QMI  (  494): qmi_ctl_handle_request: qmi_ctl_tx_msg call failed
12-15 22:09:56.152 E/QC-QMI  (  494): qmi_qmux:  Sending sys indication=18 to qmux_client_id=0xb on conn_id=0
12-15 22:09:56.152 E/QC-QMI  (  494): qmi_qmux:  Sending sys indication=18 to qmux_client_id=0xa on conn_id=0
12-15 22:09:56.152 E/QC-QMI  (  494): qmi_qmux:  Sending sys indication=18 to qmux_client_id=0x9 on conn_id=0
12-15 22:09:56.153 I/Atfwd_Daemon(  509): Ignoring sys_event: 4 from QMI with NO event_info/dev_id
12-15 22:09:56.153 E/QC-QMI  (  494): qmi_qmux_open_connection: connection is disabled for conn_id=57
12-15 22:09:56.153 E/QC-QMI  (  494): qmi_qmux_tx_msg: failed to open inactive connd_id=57
12-15 22:09:56.153 E/QC-QMI  (  494): qmi_qmux: TX failed, connection inactive or in reset, conn_id=57, status_flags=4
12-15 22:09:56.153 E/QC-QMI  (  494): qmi_ctl_tx_msg: qmi_qmux_tx_msg failed
12-15 22:09:56.153 E/QC-QMI  (  494): qmi_ctl_handle_request: qmi_ctl_tx_msg call failed
12-15 22:09:56.153 E/QC-QMI  (  494): qmi_qmux_open_connection: connection is disabled for conn_id=29
12-15 22:09:56.153 E/QC-QMI  (  494): qmi_qmux_tx_msg: failed to open inactive connd_id=29
12-15 22:09:56.153 E/QC-QMI  (  494): qmi_qmux: TX failed, connection inactive or in reset, conn_id=29, status_flags=4
12-15 22:09:56.153 E/QC-QMI  (  494): qmi_ctl_tx_msg: qmi_qmux_tx_msg failed
12-15 22:09:56.153 E/QC-QMI  (  494): qmi_ctl_handle_request: qmi_ctl_tx_msg call failed
12-15 22:09:56.154 E/QC-QMI  (  494): qmi_qmux_open_connection: connection is disabled for conn_id=29
12-15 22:09:56.154 E/QC-QMI  (  494): qmi_qmux_tx_msg: failed to open inactive connd_id=29
12-15 22:09:56.154 E/QC-QMI  (  494): qmi_qmux: TX failed, connection inactive or in reset, conn_id=29, status_flags=4
12-15 22:09:56.154 E/QC-QMI  (  494): qmi_ctl_tx_msg: qmi_qmux_tx_msg failed
12-15 22:09:56.154 E/QC-QMI  (  494): qmi_ctl_handle_request: qmi_ctl_tx_msg call failed
12-15 22:09:56.155 E/QC-QMI  (  494): qmi_qmux_open_connection: connection is disabled for conn_id=29
12-15 22:09:56.155 E/QC-QMI  (  494): qmi_qmux_tx_msg: failed to open inactive connd_id=29
12-15 22:09:56.155 E/QC-QMI  (  494): qmi_qmux: TX failed, connection inactive or in reset, conn_id=29, status_flags=4
12-15 22:09:56.155 E/QC-QMI  (  494): qmi_ctl_tx_msg: qmi_qmux_tx_msg failed
12-15 22:09:56.155 E/QC-QMI  (  494): qmi_ctl_handle_request: qmi_ctl_tx_msg call failed
12-15 22:09:56.155 E/QC-QMI  (  494): qmi_qmux_open_connection: connection is disabled for conn_id=48
12-15 22:09:56.156 E/QC-QMI  (  494): qmi_qmux_tx_msg: failed to open inactive connd_id=48
12-15 22:09:56.156 E/QC-QMI  (  494): qmi_qmux: TX failed, connection inactive or in reset, conn_id=48, status_flags=4
12-15 22:09:56.156 E/QC-QMI  (  494): qmi_ctl_tx_msg: qmi_qmux_tx_msg failed
12-15 22:09:56.156 E/QC-QMI  (  494): qmi_ctl_handle_request: qmi_ctl_tx_msg call failed
12-15 22:09:56.156 E/QC-QMI  (  494): qmi_qmux_open_connection: connection is disabled for conn_id=29
12-15 22:09:56.156 E/QC-QMI  (  494): qmi_qmux_tx_msg: failed to open inactive connd_id=29
12-15 22:09:56.156 E/QC-QMI  (  494): qmi_qmux: TX failed, connection inactive or in reset, conn_id=29, status_flags=4
