12-15 22:05:23.460 E/QC-QMI  (  492): qmi_qmux_open_connection: connection is disabled for conn_id=57
12-15 22:05:23.460 E/QC-QMI  (  492): qmi_qmux_tx_msg: failed to open inactive connd_id=57
12-15 22:05:23.460 E/QC-QMI  (  492): qmi_qmux: TX failed, connection inactive or in reset, conn_id=57, status_flags=4
12-15 22:05:23.460 E/QC-QMI  (  492): qmi_ctl_tx_msg: qmi_qmux_tx_msg failed
12-15 22:05:23.460 E/QC-QMI  (  492): qmi_ctl_handle_request: qmi_ctl_tx_msg call failed
12-15 22:05:23.468 E/QC-QMI  (  492): qmi_qmux_open_connection: connection is disabled for conn_id=29
12-15 22:05:23.468 E/QC-QMI  (  492): qmi_qmux_tx_msg: failed to open inactive connd_id=29
12-15 22:05:23.468 E/QC-QMI  (  492): qmi_qmux: TX failed, connection inactive or in reset, conn_id=29, status_flags=4
12-15 22:05:23.468 E/QC-QMI  (  492): qmi_ctl_tx_msg: qmi_qmux_tx_msg failed
12-15 22:05:23.468 E/QC-QMI  (  492): qmi_ctl_handle_request: qmi_ctl_tx_msg call failed
12-15 22:05:23.468 E/QC-QMI  (  492): qmi_qmux_open_connection: connection is disabled for conn_id=29
12-15 22:05:23.469 E/QC-QMI  (  492): qmi_qmux_tx_msg: failed to open inactive connd_id=29
12-15 22:05:23.469 E/QC-QMI  (  492): qmi_qmux: TX failed, connection inactive or in reset, conn_id=29, status_flags=4
12-15 22:05:23.469 E/QC-QMI  (  492): qmi_ctl_tx_msg: qmi_qmux_tx_msg failed
12-15 22:05:23.469 E/QC-QMI  (  492): qmi_ctl_handle_request: qmi_ctl_tx_msg call failed
12-15 22:05:23.469 E/QC-QMI  (  492): qmi_qmux_open_connection: connection is disabled for conn_id=48
12-15 22:05:23.469 E/QC-QMI  (  492): qmi_qmux_tx_msg: failed to open inactive connd_id=48
12-15 22:05:23.469 E/QC-QMI  (  492): qmi_qmux: TX failed, connection inactive or in reset, conn_id=48, status_flags=4
12-15 22:05:23.469 E/QC-QMI  (  492): qmi_ctl_tx_msg: qmi_qmux_tx_msg failed
12-15 22:05:23.469 E/QC-QMI  (  492): qmi_ctl_handle_request: qmi_ctl_tx_msg call failed
12-15 22:05:23.470 E/QC-QMI  (  492): qmi_qmux_open_connection: connection is disabled for conn_id=48
12-15 22:05:23.470 E/QC-QMI  (  492): qmi_qmux_tx_msg: failed to open inactive connd_id=48
12-15 22:05:23.470 E/QC-QMI  (  492): qmi_qmux: TX failed, connection inactive or in reset, conn_id=48, status_flags=4
12-15 22:05:23.470 E/QC-QMI  (  492): qmi_ctl_tx_msg: qmi_qmux_tx_msg failed
12-15 22:05:23.470 E/QC-QMI  (  492): qmi_ctl_handle_request: qmi_ctl_tx_msg call failed
12-15 22:05:23.472 E/QC-QMI  (  492): qmi_qmux_open_connection: connection is disabled for conn_id=57
12-15 22:05:23.472 E/QC-QMI  (  492): qmi_qmux_tx_msg: failed to open inactive connd_id=57
12-15 22:05:23.472 E/QC-QMI  (  492): qmi_qmux: TX failed, connection inactive or in reset, conn_id=57, status_flags=4
12-15 22:05:23.472 E/QC-QMI  (  492): qmi_ctl_tx_msg: qmi_qmux_tx_msg failed
12-15 22:05:23.472 E/QC-QMI  (  492): qmi_ctl_handle_request: qmi_ctl_tx_msg call failed
12-15 22:05:23.473 E/QC-QMI  (  492): qmi_qmux_open_connection: connection is disabled for conn_id=57
12-15 22:05:23.473 E/QC-QMI  (  492): qmi_qmux_tx_msg: failed to open inactive connd_id=57
12-15 22:05:23.473 E/QC-QMI  (  492): qmi_qmux: TX failed, connection inactive or in reset, conn_id=57, status_flags=4
12-15 22:05:23.473 E/QC-QMI  (  492): qmi_ctl_tx_msg: qmi_qmux_tx_msg failed
12-15 22:05:23.473 E/QC-QMI  (  492): qmi_ctl_handle_request: qmi_ctl_tx_msg call failed
12-15 22:05:23.483 E/QC-QMI  (  492): qmi_qmux_open_connection: connection is disabled for conn_id=29
12-15 22:05:23.483 E/QC-QMI  (  492): qmi_qmux_tx_msg: failed to open inactive connd_id=29
12-15 22:05:23.483 E/QC-QMI  (  492): qmi_qmux: TX failed, connection inactive or in reset, conn_id=29, status_flags=4
12-15 22:05:23.483 E/QC-QMI  (  492): qmi_ctl_tx_msg: qmi_qmux_tx_msg failed
12-15 22:05:23.483 E/QC-QMI  (  492): qmi_ctl_handle_request: qmi_ctl_tx_msg call failed
12-15 22:05:23.484 E/QC-QMI  (  492): qmi_qmux_open_connection: connection is disabled for conn_id=29
12-15 22:05:23.484 E/QC-QMI  (  492): qmi_qmux_tx_msg: failed to open inactive connd_id=29
12-15 22:05:23.484 E/QC-QMI  (  492): qmi_qmux: TX failed, connection inactive or in reset, conn_id=29, status_flags=4
12-15 22:05:23.484 E/QC-QMI  (  492): qmi_ctl_tx_msg: qmi_qmux_tx_msg failed
12-15 22:05:23.484 E/QC-QMI  (  492): qmi_ctl_handle_request: qmi_ctl_tx_msg call failed
12-15 22:05:23.485 E/QC-QMI  (  492): qmi_qmux_open_connection: connection is disabled for conn_id=48
12-15 22:05:23.485 E/QC-QMI  (  492): qmi_qmux_tx_msg: failed to open inactive connd_id=48
12-15 22:05:23.485 E/QC-QMI  (  492): qmi_qmux: TX failed, connection inactive or in reset, conn_id=48, status_flags=4
12-15 22:05:23.485 E/QC-QMI  (  492): qmi_ctl_tx_msg: qmi_qmux_tx_msg failed
12-15 22:05:23.485 E/QC-QMI  (  492): qmi_ctl_handle_request: qmi_ctl_tx_msg call failed
12-15 22:05:23.486 E/QC-QMI  (  492): qmi_qmux_open_connection: connection is disabled for conn_id=48
12-15 22:05:23.486 E/QC-QMI  (  492): qmi_qmux_tx_msg: failed to open inactive connd_id=48
12-15 22:05:23.486 E/QC-QMI  (  492): qmi_qmux: TX failed, connection inactive or in reset, conn_id=48, status_flags=4
12-15 22:05:23.486 E/QC-QMI  (  492): qmi_ctl_tx_msg: qmi_qmux_tx_msg failed
12-15 22:05:23.487 E/QC-QMI  (  492): qmi_ctl_handle_request: qmi_ctl_tx_msg call failed
12-15 22:05:23.487 E/QC-QMI  (  492): qmi_qmux_open_connection: connection is disabled for conn_id=57
12-15 22:05:23.487 E/QC-QMI  (  492): qmi_qmux_tx_msg: failed to open inactive connd_id=57
12-15 22:05:23.487 E/QC-QMI  (  492): qmi_qmux: TX failed, connection inactive or in reset, conn_id=57, status_flags=4
12-15 22:05:23.487 E/QC-QMI  (  492): qmi_ctl_tx_msg: qmi_qmux_tx_msg failed
12-15 22:05:23.488 E/QC-QMI  (  492): qmi_ctl_handle_request: qmi_ctl_tx_msg call failed
12-15 22:05:23.488 E/QC-QMI  (  492): qmi_qmux_open_connection: connection is disabled for conn_id=57
12-15 22:05:23.488 E/QC-QMI  (  492): qmi_qmux_tx_msg: failed to open inactive connd_id=57
12-15 22:05:23.488 E/QC-QMI  (  492): qmi_qmux: TX failed, connection inactive or in reset, conn_id=57, status_flags=4
12-15 22:05:23.488 E/QC-QMI  (  492): qmi_ctl_tx_msg: qmi_qmux_tx_msg failed
12-15 22:05:23.488 E/QC-QMI  (  492): qmi_ctl_handle_request: qmi_ctl_tx_msg call failed
12-15 22:05:23.493 W/PackageParser(  882): Ignoring duplicate uses-permissions/uses-permissions-sdk-m: android.permission.SYSTEM_ALERT_WINDOW in package: com.google.android.gms at: Binary XML file line #77
12-15 22:05:23.493 W/PackageParser(  882): Ignoring duplicate uses-permissions/uses-permissions-sdk-m: android.permission.SUBSCRIBED_FEEDS_READ in package: com.google.android.gms at: Binary XML file line #90
12-15 22:05:23.493 E/QC-QMI  (  492): qmi_qmux_open_connection: connection is disabled for conn_id=29
12-15 22:05:23.493 W/PackageParser(  882): Ignoring duplicate uses-permissions/uses-permissions-sdk-m: android.permission.SUBSCRIBED_FEEDS_WRITE in package: com.google.android.gms at: Binary XML file line #91
12-15 22:05:23.493 E/QC-QMI  (  492): qmi_qmux_tx_msg: failed to open inactive connd_id=29
12-15 22:05:23.493 E/QC-QMI  (  492): qmi_qmux: TX failed, connection inactive or in reset, conn_id=29, status_flags=4
12-15 22:05:23.493 E/QC-QMI  (  492): qmi_ctl_tx_msg: qmi_qmux_tx_msg failed
12-15 22:05:23.493 E/QC-QMI  (  492): qmi_ctl_handle_request: qmi_ctl_tx_msg call failed
12-15 22:05:23.494 W/PackageParser(  882): Ignoring duplicate uses-permissions/uses-permissions-sdk-m: android.permission.WRITE_SETTINGS in package: com.google.android.gms at: Binary XML file line #134
12-15 22:05:23.494 E/QC-QMI  (  492): qmi_qmux_open_connection: connection is disabled for conn_id=29
12-15 22:05:23.494 W/PackageParser(  882): Ignoring duplicate uses-permissions/uses-permissions-sdk-m: android.permission.SYSTEM_ALERT_WINDOW in package: com.google.android.gms at: Binary XML file line #160
12-15 22:05:23.494 E/QC-QMI  (  492): qmi_qmux_tx_msg: failed to open inactive connd_id=29
12-15 22:05:23.494 E/QC-QMI  (  492): qmi_qmux: TX failed, connection inactive or in reset, conn_id=29, status_flags=4
12-15 22:05:23.494 E/QC-QMI  (  492): qmi_ctl_tx_msg: qmi_qmux_tx_msg failed
12-15 22:05:23.494 E/QC-QMI  (  492): qmi_ctl_handle_request: qmi_ctl_tx_msg call failed
12-15 22:05:23.494 W/PackageParser(  882): Ignoring duplicate uses-permissions/uses-permissions-sdk-m: android.permission.READ_SYNC_SETTINGS in package: com.google.android.gms at: Binary XML file line #164
12-15 22:05:23.494 W/PackageParser(  882): Ignoring duplicate uses-permissions/uses-permissions-sdk-m: android.permission.WRITE_SYNC_SETTINGS in package: com.google.android.gms at: Binary XML file line #165
12-15 22:05:23.494 W/PackageParser(  882): Ignoring duplicate uses-permissions/uses-permissions-sdk-m: android.permission.VIBRATE in package: com.google.android.gms at: Binary XML file line #167
12-15 22:05:23.495 W/PackageParser(  882): Ignoring duplicate uses-permissions/uses-permissions-sdk-m: android.permission.VIBRATE in package: com.google.android.gms at: Binary XML file line #209
12-15 22:05:23.495 E/QC-QMI  (  492): qmi_qmux_open_connection: connection is disabled for conn_id=48
12-15 22:05:23.495 E/QC-QMI  (  492): qmi_qmux_tx_msg: failed to open inactive connd_id=48
12-15 22:05:23.495 E/QC-QMI  (  492): qmi_qmux: TX failed, connection inactive or in reset, conn_id=48, status_flags=4
12-15 22:05:23.495 E/QC-QMI  (  492): qmi_ctl_tx_msg: qmi_qmux_tx_msg failed
12-15 22:05:23.495 W/PackageParser(  882): Ignoring duplicate uses-permissions/uses-permissions-sdk-m: android.permission.ACCESS_FINE_LOCATION in package: com.google.android.gms at: Binary XML file line #224
12-15 22:05:23.495 E/QC-QMI  (  492): qmi_ctl_handle_request: qmi_ctl_tx_msg call failed
12-15 22:05:23.495 W/PackageParser(  882): Ignoring duplicate uses-permissions/uses-permissions-sdk-m: android.permission.OBSERVE_GRANT_REVOKE_PERMISSIONS in package: com.google.android.gms at: Binary XML file line #230
12-15 22:05:23.496 E/QC-QMI  (  492): qmi_qmux_open_connection: connection is disabled for conn_id=48
12-15 22:05:23.496 W/PackageParser(  882): Ignoring duplicate uses-permissions/uses-permissions-sdk-m: android.permission.READ_CONTACTS in package: com.google.android.gms at: Binary XML file line #268
12-15 22:05:23.496 E/QC-QMI  (  492): qmi_qmux_tx_msg: failed to open inactive connd_id=48
12-15 22:05:23.496 E/QC-QMI  (  492): qmi_qmux: TX failed, connection inactive or in reset, conn_id=48, status_flags=4
12-15 22:05:23.496 E/QC-QMI  (  492): qmi_ctl_tx_msg: qmi_qmux_tx_msg failed
12-15 22:05:23.496 E/QC-QMI  (  492): qmi_ctl_handle_request: qmi_ctl_tx_msg call failed
12-15 22:05:23.496 W/PackageParser(  882): Ignoring duplicate uses-permissions/uses-permissions-sdk-m: android.permission.WRITE_SETTINGS in package: com.google.android.gms at: Binary XML file line #300
12-15 22:05:23.496 W/PackageParser(  882): Ignoring duplicate uses-permissions/uses-permissions-sdk-m: android.permission.CAPTURE_AUDIO_OUTPUT in package: com.google.android.gms at: Binary XML file line #315
12-15 22:05:23.496 W/PackageParser(  882): Ignoring duplicate uses-permissions/uses-permissions-sdk-m: android.permission.CAPTURE_VIDEO_OUTPUT in package: com.google.android.gms at: Binary XML file line #316
12-15 22:05:23.496 E/QC-QMI  (  492): qmi_qmux_open_connection: connection is disabled for conn_id=57
12-15 22:05:23.497 E/QC-QMI  (  492): qmi_qmux_tx_msg: failed to open inactive connd_id=57
12-15 22:05:23.497 E/QC-QMI  (  492): qmi_qmux: TX failed, connection inactive or in reset, conn_id=57, status_flags=4
12-15 22:05:23.497 E/QC-QMI  (  492): qmi_ctl_tx_msg: qmi_qmux_tx_msg failed
12-15 22:05:23.497 E/QC-QMI  (  492): qmi_ctl_handle_request: qmi_ctl_tx_msg call failed
12-15 22:05:23.497 E/QC-QMI  (  492): qmi_qmux_open_connection: connection is disabled for conn_id=57
12-15 22:05:23.497 E/QC-QMI  (  492): qmi_qmux_tx_msg: failed to open inactive connd_id=57
12-15 22:05:23.497 E/QC-QMI  (  492): qmi_qmux: TX failed, connection inactive or in reset, conn_id=57, status_flags=4
12-15 22:05:23.497 E/QC-QMI  (  492): qmi_ctl_tx_msg: qmi_qmux_tx_msg failed
12-15 22:05:23.497 E/QC-QMI  (  492): qmi_ctl_handle_request: qmi_ctl_tx_msg call failed
12-15 22:05:23.498 E/QC-QMI  (  492): qmi_qmux_open_connection: connection is disabled for conn_id=29
12-15 22:05:23.499 E/QC-QMI  (  492): qmi_qmux_tx_msg: failed to open inactive connd_id=29
12-15 22:05:23.499 E/QC-QMI  (  492): qmi_qmux: TX failed, connection inactive or in reset, conn_id=29, status_flags=4
12-15 22:05:23.499 E/QC-QMI  (  492): qmi_ctl_tx_msg: qmi_qmux_tx_msg failed
12-15 22:05:23.499 E/QC-QMI  (  492): qmi_ctl_handle_request: qmi_ctl_tx_msg call failed
12-15 22:05:23.499 E/QC-QMI  (  492): qmi_qmux_open_connection: connection is disabled for conn_id=29
12-15 22:05:23.499 E/QC-QMI  (  492): qmi_qmux_tx_msg: failed to open inactive connd_id=29
12-15 22:05:23.499 E/QC-QMI  (  492): qmi_qmux: TX failed, connection inactive or in reset, conn_id=29, status_flags=4
12-15 22:05:23.500 E/QC-QMI  (  492): qmi_ctl_tx_msg: qmi_qmux_tx_msg failed
12-15 22:05:23.500 E/QC-QMI  (  492): qmi_ctl_handle_request: qmi_ctl_tx_msg call failed
12-15 22:05:23.500 E/QC-QMI  (  492): qmi_qmux_open_connection: connection is disabled for conn_id=48
12-15 22:05:23.500 E/QC-QMI  (  492): qmi_qmux_tx_msg: failed to open inactive connd_id=48
12-15 22:05:23.500 E/QC-QMI  (  492): qmi_qmux: TX failed, connection inactive or in reset, conn_id=48, status_flags=4
12-15 22:05:23.500 E/QC-QMI  (  492): qmi_ctl_tx_msg: qmi_qmux_tx_msg failed
12-15 22:05:23.500 E/QC-QMI  (  492): qmi_ctl_handle_request: qmi_ctl_tx_msg call failed
12-15 22:05:23.501 E/QC-QMI  (  492): qmi_qmux_open_connection: connection is disabled for conn_id=48
12-15 22:05:23.501 E/QC-QMI  (  492): qmi_qmux_tx_msg: failed to open inactive connd_id=48
12-15 22:05:23.501 E/QC-QMI  (  492): qmi_qmux: TX failed, connection inactive or in reset, conn_id=48, status_flags=4
12-15 22:05:23.501 E/QC-QMI  (  492): qmi_ctl_tx_msg: qmi_qmux_tx_msg failed
12-15 22:05:23.501 E/QC-QMI  (  492): qmi_ctl_handle_request: qmi_ctl_tx_msg call failed
12-15 22:05:23.502 E/QC-QMI  (  492): qmi_qmux_open_connection: connection is disabled for conn_id=57
12-15 22:05:23.503 E/QC-QMI  (  492): qmi_qmux_tx_msg: failed to open inactive connd_id=57
12-15 22:05:23.503 E/QC-QMI  (  492): qmi_qmux: TX failed, connection inactive or in reset, conn_id=57, status_flags=4
12-15 22:05:23.503 E/QC-QMI  (  492): qmi_ctl_tx_msg: qmi_qmux_tx_msg failed
12-15 22:05:23.503 E/QC-QMI  (  492): qmi_ctl_handle_request: qmi_ctl_tx_msg call failed
12-15 22:05:23.504 E/QC-QMI  (  492): qmi_qmux_open_connection: connection is disabled for conn_id=57
12-15 22:05:23.504 E/QC-QMI  (  492): qmi_qmux_tx_msg: failed to open inactive connd_id=57
12-15 22:05:23.504 E/QC-QMI  (  492): qmi_qmux: TX failed, connection inactive or in reset, conn_id=57, status_flags=4
12-15 22:05:23.504 E/QC-QMI  (  492): qmi_ctl_tx_msg: qmi_qmux_tx_msg failed
12-15 22:05:23.504 E/QC-QMI  (  492): qmi_ctl_handle_request: qmi_ctl_tx_msg call failed
12-15 22:05:23.505 E/QC-QMI  (  492): qmi_qmux_open_connection: connection is disabled for conn_id=29
12-15 22:05:23.505 E/QC-QMI  (  492): qmi_qmux_tx_msg: failed to open inactive connd_id=29
12-15 22:05:23.505 E/QC-QMI  (  492): qmi_qmux: TX failed, connection inactive or in reset, conn_id=29, status_flags=4
12-15 22:05:23.505 E/QC-QMI  (  492): qmi_ctl_tx_msg: qmi_qmux_tx_msg failed
12-15 22:05:23.505 E/QC-QMI  (  492): qmi_ctl_handle_request: qmi_ctl_tx_msg call failed
12-15 22:05:23.506 E/QC-QMI  (  492): qmi_qmux_open_connection: connection is disabled for conn_id=29
12-15 22:05:23.506 E/QC-QMI  (  492): qmi_qmux_tx_msg: failed to open inactive connd_id=29
12-15 22:05:23.506 E/QC-QMI  (  492): qmi_qmux: TX failed, connection inactive or in reset, conn_id=29, status_flags=4
12-15 22:05:23.506 E/QC-QMI  (  492): qmi_ctl_tx_msg: qmi_qmux_tx_msg failed
12-15 22:05:23.506 E/QC-QMI  (  492): qmi_ctl_handle_request: qmi_ctl_tx_msg call failed
12-15 22:05:23.507 E/QC-QMI  (  492): qmi_qmux_open_connection: connection is disabled for conn_id=48
12-15 22:05:23.507 E/QC-QMI  (  492): qmi_qmux_tx_msg: failed to open inactive connd_id=48
12-15 22:05:23.507 E/QC-QMI  (  492): qmi_qmux: TX failed, connection inactive or in reset, conn_id=48, status_flags=4
12-15 22:05:23.507 E/QC-QMI  (  492): qmi_ctl_tx_msg: qmi_qmux_tx_msg failed
12-15 22:05:23.507 E/QC-QMI  (  492): qmi_ctl_handle_request: qmi_ctl_tx_msg call failed
12-15 22:05:23.508 E/QC-QMI  (  492): qmi_qmux_open_connection: connection is disabled for conn_id=48
12-15 22:05:23.508 E/QC-QMI  (  492): qmi_qmux_tx_msg: failed to open inactive connd_id=48
12-15 22:05:23.508 E/QC-QMI  (  492): qmi_qmux: TX failed, connection inactive or in reset, conn_id=48, status_flags=4
12-15 22:05:23.508 E/QC-QMI  (  492): qmi_ctl_tx_msg: qmi_qmux_tx_msg failed
12-15 22:05:23.508 E/QC-QMI  (  492): qmi_ctl_handle_request: qmi_ctl_tx_msg call failed
12-15 22:05:23.508 E/QC-QMI  (  492): qmi_qmux_open_connection: connection is disabled for conn_id=57
12-15 22:05:23.508 E/QC-QMI  (  492): qmi_qmux_tx_msg: failed to open inactive connd_id=57
12-15 22:05:23.508 E/QC-QMI  (  492): qmi_qmux: TX failed, connection inactive or in reset, conn_id=57, status_flags=4
12-15 22:05:23.508 E/QC-QMI  (  492): qmi_ctl_tx_msg: qmi_qmux_tx_msg failed
12-15 22:05:23.508 E/QC-QMI  (  492): qmi_ctl_handle_request: qmi_ctl_tx_msg call failed
12-15 22:05:23.509 E/QC-QMI  (  492): qmi_qmux_open_connection: connection is disabled for conn_id=57
12-15 22:05:23.509 E/QC-QMI  (  492): qmi_qmux_tx_msg: failed to open inactive connd_id=57
12-15 22:05:23.509 E/QC-QMI  (  492): qmi_qmux: TX failed, connection inactive or in reset, conn_id=57, status_flags=4
12-15 22:05:23.509 E/QC-QMI  (  492): qmi_ctl_tx_msg: qmi_qmux_tx_msg failed
12-15 22:05:23.509 E/QC-QMI  (  492): qmi_ctl_handle_request: qmi_ctl_tx_msg call failed
12-15 22:05:23.510 E/QC-QMI  (  492): qmi_qmux_open_connection: connection is disabled for conn_id=29
12-15 22:05:23.510 E/QC-QMI  (  492): qmi_qmux_tx_msg: failed to open inactive connd_id=29
12-15 22:05:23.510 E/QC-QMI  (  492): qmi_qmux: TX failed, connection inactive or in reset, conn_id=29, status_flags=4
12-15 22:05:23.510 E/QC-QMI  (  492): qmi_ctl_tx_msg: qmi_qmux_tx_msg failed
12-15 22:05:23.510 E/QC-QMI  (  492): qmi_ctl_handle_request: qmi_ctl_tx_msg call failed
12-15 22:05:23.511 E/QC-QMI  (  492): qmi_qmux_open_connection: connection is disabled for conn_id=29
12-15 22:05:23.511 E/QC-QMI  (  492): qmi_qmux_tx_msg: failed to open inactive connd_id=29
12-15 22:05:23.511 E/QC-QMI  (  492): qmi_qmux: TX failed, connection inactive or in reset, conn_id=29, status_flags=4
12-15 22:05:23.511 E/QC-QMI  (  492): qmi_ctl_tx_msg: qmi_qmux_tx_msg failed
12-15 22:05:23.511 E/QC-QMI  (  492): qmi_ctl_handle_request: qmi_ctl_tx_msg call failed
12-15 22:05:23.512 E/QC-QMI  (  492): qmi_qmux_open_connection: connection is disabled for conn_id=48
12-15 22:05:23.512 E/QC-QMI  (  492): qmi_qmux_tx_msg: failed to open inactive connd_id=48
12-15 22:05:23.512 E/QC-QMI  (  492): qmi_qmux: TX failed, connection inactive or in reset, conn_id=48, status_flags=4
12-15 22:05:23.512 E/QC-QMI  (  492): qmi_ctl_tx_msg: qmi_qmux_tx_msg failed
12-15 22:05:23.512 E/QC-QMI  (  492): qmi_ctl_handle_request: qmi_ctl_tx_msg call failed
12-15 22:05:23.513 E/QC-QMI  (  492): qmi_qmux_open_connection: connection is disabled for conn_id=48
12-15 22:05:23.513 E/QC-QMI  (  492): qmi_qmux_tx_msg: failed to open inactive connd_id=48
12-15 22:05:23.513 E/QC-QMI  (  492): qmi_qmux: TX failed, connection inactive or in reset, conn_id=48, status_flags=4
12-15 22:05:23.513 E/QC-QMI  (  492): qmi_ctl_tx_msg: qmi_qmux_tx_msg failed
12-15 22:05:23.513 E/QC-QMI  (  492): qmi_ctl_handle_request: qmi_ctl_tx_msg call failed
12-15 22:05:23.515 E/QC-QMI  (  492): qmi_qmux_open_connection: connection is disabled for conn_id=57
12-15 22:05:23.515 E/QC-QMI  (  492): qmi_qmux_tx_msg: failed to open inactive connd_id=57
12-15 22:05:23.515 E/QC-QMI  (  492): qmi_qmux: TX failed, connection inactive or in reset, conn_id=57, status_flags=4
12-15 22:05:23.515 E/QC-QMI  (  492): qmi_ctl_tx_msg: qmi_qmux_tx_msg failed
12-15 22:05:23.515 E/QC-QMI  (  492): qmi_ctl_handle_request: qmi_ctl_tx_msg call failed
12-15 22:05:23.516 E/QC-QMI  (  492): qmi_qmux_open_connection: connection is disabled for conn_id=57
12-15 22:05:23.516 E/QC-QMI  (  492): qmi_qmux_tx_msg: failed to open inactive connd_id=57
12-15 22:05:23.516 E/QC-QMI  (  492): qmi_qmux: TX failed, connection inactive or in reset, conn_id=57, status_flags=4
12-15 22:05:23.516 E/QC-QMI  (  492): qmi_ctl_tx_msg: qmi_qmux_tx_msg failed
12-15 22:05:23.516 E/QC-QMI  (  492): qmi_ctl_handle_request: qmi_ctl_tx_msg call failed
12-15 22:05:23.517 E/QC-QMI  (  492): qmi_qmux_open_connection: connection is disabled for conn_id=29
12-15 22:05:23.517 E/QC-QMI  (  492): qmi_qmux_tx_msg: failed to open inactive connd_id=29
12-15 22:05:23.518 E/QC-QMI  (  492): qmi_qmux: TX failed, connection inactive or in reset, conn_id=29, status_flags=4
12-15 22:05:23.518 E/QC-QMI  (  492): qmi_ctl_tx_msg: qmi_qmux_tx_msg failed
12-15 22:05:23.518 E/QC-QMI  (  492): qmi_ctl_handle_request: qmi_ctl_tx_msg call failed
12-15 22:05:23.518 E/QC-QMI  (  492): qmi_qmux_open_connection: connection is disabled for conn_id=29
12-15 22:05:23.518 E/QC-QMI  (  492): qmi_qmux_tx_msg: failed to open inactive connd_id=29
12-15 22:05:23.518 E/QC-QMI  (  492): qmi_qmux: TX failed, connection inactive or in reset, conn_id=29, status_flags=4
12-15 22:05:23.518 E/QC-QMI  (  492): qmi_ctl_tx_msg: qmi_qmux_tx_msg failed
12-15 22:05:23.518 E/QC-QMI  (  492): qmi_ctl_handle_request: qmi_ctl_tx_msg call failed
12-15 22:05:23.519 E/QC-QMI  (  492): qmi_qmux_open_connection: connection is disabled for conn_id=48
12-15 22:05:23.519 E/QC-QMI  (  492): qmi_qmux_tx_msg: failed to open inactive connd_id=48
12-15 22:05:23.519 E/QC-QMI  (  492): qmi_qmux: TX failed, connection inactive or in reset, conn_id=48, status_flags=4
12-15 22:05:23.519 E/QC-QMI  (  492): qmi_ctl_tx_msg: qmi_qmux_tx_msg failed
12-15 22:05:23.519 E/QC-QMI  (  492): qmi_ctl_handle_request: qmi_ctl_tx_msg call failed
12-15 22:05:23.520 E/QC-QMI  (  492): qmi_qmux_open_connection: connection is disabled for conn_id=48
12-15 22:05:23.520 E/QC-QMI  (  492): qmi_qmux_tx_msg: failed to open inactive connd_id=48
12-15 22:05:23.520 E/QC-QMI  (  492): qmi_qmux: TX failed, connection inactive or in reset, conn_id=48, status_flags=4
12-15 22:05:23.520 E/QC-QMI  (  492): qmi_ctl_tx_msg: qmi_qmux_tx_msg failed
12-15 22:05:23.520 E/QC-QMI  (  492): qmi_ctl_handle_request: qmi_ctl_tx_msg call failed
12-15 22:05:23.521 E/QC-QMI  (  492): qmi_qmux_open_connection: connection is disabled for conn_id=57
12-15 22:05:23.521 E/QC-QMI  (  492): qmi_qmux_tx_msg: failed to open inactive connd_id=57
12-15 22:05:23.521 E/QC-QMI  (  492): qmi_qmux: TX failed, connection inactive or in reset, conn_id=57, status_flags=4
12-15 22:05:23.521 E/QC-QMI  (  492): qmi_ctl_tx_msg: qmi_qmux_tx_msg failed
12-15 22:05:23.521 E/QC-QMI  (  492): qmi_ctl_handle_request: qmi_ctl_tx_msg call failed
12-15 22:05:23.521 E/QC-QMI  (  492): qmi_qmux_open_connection: connection is disabled for conn_id=57
12-15 22:05:23.521 E/QC-QMI  (  492): qmi_qmux_tx_msg: failed to open inactive connd_id=57
12-15 22:05:23.521 E/QC-QMI  (  492): qmi_qmux: TX failed, connection inactive or in reset, conn_id=57, status_flags=4
12-15 22:05:23.521 E/QC-QMI  (  492): qmi_ctl_tx_msg: qmi_qmux_tx_msg failed
12-15 22:05:23.522 E/QC-QMI  (  492): qmi_ctl_handle_request: qmi_ctl_tx_msg call failed
12-15 22:05:23.701 W/PackageManager(  882): Permission com.google.android.gms.permission.ACTIVITY_RECOGNITION from package com.google.android.gms in an unknown group android.permission-group.PERSONAL_INFO
12-15 22:05:23.772 W/PackageParser(  882): Ignoring duplicate uses-permissions/uses-permissions-sdk-m: android.permission.USE_CREDENTIALS in package: com.android.settings at: Binary XML file line #55
12-15 22:05:23.773 W/PackageParser(  882): Ignoring duplicate uses-permissions/uses-permissions-sdk-m: android.permission.READ_SYNC_SETTINGS in package: com.android.settings at: Binary XML file line #60
12-15 22:05:23.773 W/PackageParser(  882): Ignoring duplicate uses-permissions/uses-permissions-sdk-m: android.permission.WRITE_SYNC_SETTINGS in package: com.android.settings at: Binary XML file line #61
12-15 22:05:23.878 W/PackageParser(  882): No actions in intent filter at /system/priv-app/SetupWizard/SetupWizard.apk Binary XML file line #184
12-15 22:05:23.922 W/PackageParser(  882): Ignoring duplicate uses-permissions/uses-permissions-sdk-m: android.permission.INSTALL_GRANT_RUNTIME_PERMISSIONS in package: com.android.shell at: Binary XML file line #101
12-15 22:05:24.010 W/PackageParser(  882): Ignoring duplicate uses-permissions/uses-permissions-sdk-m: android.permission.CONFIGURE_WIFI_DISPLAY in package: com.android.systemui at: Binary XML file line #120
12-15 22:05:24.051 E/QC-QMI  (  492): qmi_qmux_open_connection: connection is disabled for conn_id=29
12-15 22:05:24.051 E/QC-QMI  (  492): qmi_qmux_tx_msg: failed to open inactive connd_id=29
12-15 22:05:24.051 E/QC-QMI  (  492): qmi_qmux: TX failed, connection inactive or in reset, conn_id=29, status_flags=4
12-15 22:05:24.051 E/QC-QMI  (  492): qmi_ctl_tx_msg: qmi_qmux_tx_msg failed
12-15 22:05:24.051 E/QC-QMI  (  492): qmi_ctl_handle_request: qmi_ctl_tx_msg call failed
12-15 22:05:24.052 E/QC-QMI  (  492): qmi_qmux_open_connection: connection is disabled for conn_id=29
12-15 22:05:24.052 E/QC-QMI  (  492): qmi_qmux_tx_msg: failed to open inactive connd_id=29
12-15 22:05:24.052 E/QC-QMI  (  492): qmi_qmux: TX failed, connection inactive or in reset, conn_id=29, status_flags=4
12-15 22:05:24.052 E/QC-QMI  (  492): qmi_ctl_tx_msg: qmi_qmux_tx_msg failed
12-15 22:05:24.052 E/QC-QMI  (  492): qmi_ctl_handle_request: qmi_ctl_tx_msg call failed
12-15 22:05:24.052 E/QC-QMI  (  492): qmi_qmux_open_connection: connection is disabled for conn_id=29
12-15 22:05:24.052 E/QC-QMI  (  492): qmi_qmux_tx_msg: failed to open inactive connd_id=29
12-15 22:05:24.052 E/QC-QMI  (  492): qmi_qmux: TX failed, connection inactive or in reset, conn_id=29, status_flags=4
12-15 22:05:24.052 E/QC-QMI  (  492): qmi_ctl_tx_msg: qmi_qmux_tx_msg failed
12-15 22:05:24.053 E/QC-QMI  (  492): qmi_ctl_handle_request: qmi_ctl_tx_msg call failed
12-15 22:05:24.055 E/QC-QMI  (  492): qmi_qmux_open_connection: connection is disabled for conn_id=48
12-15 22:05:24.055 E/QC-QMI  (  492): qmi_qmux_tx_msg: failed to open inactive connd_id=48
12-15 22:05:24.055 E/QC-QMI  (  492): qmi_qmux: TX failed, connection inactive or in reset, conn_id=48, status_flags=4
12-15 22:05:24.055 E/QC-QMI  (  492): qmi_ctl_tx_msg: qmi_qmux_tx_msg failed
12-15 22:05:24.055 E/QC-QMI  (  492): qmi_ctl_handle_request: qmi_ctl_tx_msg call failed
12-15 22:05:24.056 E/QC-QMI  (  492): qmi_qmux_open_connection: connection is disabled for conn_id=48
12-15 22:05:24.057 E/QC-QMI  (  492): qmi_qmux_tx_msg: failed to open inactive connd_id=48
12-15 22:05:24.057 E/QC-QMI  (  492): qmi_qmux: TX failed, connection inactive or in reset, conn_id=48, status_flags=4
12-15 22:05:24.057 E/QC-QMI  (  492): qmi_ctl_tx_msg: qmi_qmux_tx_msg failed
12-15 22:05:24.057 E/QC-QMI  (  492): qmi_ctl_handle_request: qmi_ctl_tx_msg call failed
12-15 22:05:24.058 E/QC-QMI  (  492): qmi_qmux_open_connection: connection is disabled for conn_id=57
12-15 22:05:24.058 E/QC-QMI  (  492): qmi_qmux_tx_msg: failed to open inactive connd_id=57
12-15 22:05:24.058 E/QC-QMI  (  492): qmi_qmux: TX failed, connection inactive or in reset, conn_id=57, status_flags=4
12-15 22:05:24.058 E/QC-QMI  (  492): qmi_ctl_tx_msg: qmi_qmux_tx_msg failed
12-15 22:05:24.058 E/QC-QMI  (  492): qmi_ctl_handle_request: qmi_ctl_tx_msg call failed
12-15 22:05:24.058 E/QC-QMI  (  492): qmi_qmux_open_connection: connection is disabled for conn_id=57
12-15 22:05:24.058 E/QC-QMI  (  492): qmi_qmux_tx_msg: failed to open inactive connd_id=57
12-15 22:05:24.058 E/QC-QMI  (  492): qmi_qmux: TX failed, connection inactive or in reset, conn_id=57, status_flags=4
12-15 22:05:24.058 E/QC-QMI  (  492): qmi_ctl_tx_msg: qmi_qmux_tx_msg failed
12-15 22:05:24.058 E/QC-QMI  (  492): qmi_ctl_handle_request: qmi_ctl_tx_msg call failed
12-15 22:05:24.059 E/QC-QMI  (  492): qmi_qmux_open_connection: connection is disabled for conn_id=29
12-15 22:05:24.059 E/QC-QMI  (  492): qmi_qmux_tx_msg: failed to open inactive connd_id=29
12-15 22:05:24.059 E/QC-QMI  (  492): qmi_qmux: TX failed, connection inactive or in reset, conn_id=29, status_flags=4
12-15 22:05:24.059 E/QC-QMI  (  492): qmi_ctl_tx_msg: qmi_qmux_tx_msg failed
12-15 22:05:24.059 E/QC-QMI  (  492): qmi_ctl_handle_request: qmi_ctl_tx_msg call failed
12-15 22:05:24.060 E/QC-QMI  (  492): qmi_qmux_open_connection: connection is disabled for conn_id=29
12-15 22:05:24.060 E/QC-QMI  (  492): qmi_qmux_tx_msg: failed to open inactive connd_id=29
12-15 22:05:24.060 E/QC-QMI  (  492): qmi_qmux: TX failed, connection inactive or in reset, conn_id=29, status_flags=4
12-15 22:05:24.060 E/QC-QMI  (  492): qmi_ctl_tx_msg: qmi_qmux_tx_msg failed
12-15 22:05:24.060 E/QC-QMI  (  492): qmi_ctl_handle_request: qmi_ctl_tx_msg call failed
12-15 22:05:24.061 E/QC-QMI  (  492): qmi_qmux_open_connection: connection is disabled for conn_id=48
12-15 22:05:24.061 E/QC-QMI  (  492): qmi_qmux_tx_msg: failed to open inactive connd_id=48
12-15 22:05:24.061 E/QC-QMI  (  492): qmi_qmux: TX failed, connection inactive or in reset, conn_id=48, status_flags=4
12-15 22:05:24.061 E/QC-QMI  (  492): qmi_ctl_tx_msg: qmi_qmux_tx_msg failed
12-15 22:05:24.061 E/QC-QMI  (  492): qmi_ctl_handle_request: qmi_ctl_tx_msg call failed
12-15 22:05:24.063 D/vold    (  337): Disk at 253:0 changed
12-15 22:05:24.063 E/QC-QMI  (  492): qmi_qmux_open_connection: connection is disabled for conn_id=48
12-15 22:05:24.063 E/QC-QMI  (  492): qmi_qmux_tx_msg: failed to open inactive connd_id=48
12-15 22:05:24.063 E/QC-QMI  (  492): qmi_qmux: TX failed, connection inactive or in reset, conn_id=48, status_flags=4
12-15 22:05:24.063 E/QC-QMI  (  492): qmi_ctl_tx_msg: qmi_qmux_tx_msg failed
12-15 22:05:24.064 E/QC-QMI  (  492): qmi_ctl_handle_request: qmi_ctl_tx_msg call failed
12-15 22:05:24.068 E/QC-QMI  (  492): qmi_qmux_open_connection: connection is disabled for conn_id=57
12-15 22:05:24.068 E/QC-QMI  (  492): qmi_qmux_tx_msg: failed to open inactive connd_id=57
12-15 22:05:24.068 E/QC-QMI  (  492): qmi_qmux: TX failed, connection inactive or in reset, conn_id=57, status_flags=4
12-15 22:05:24.068 E/QC-QMI  (  492): qmi_ctl_tx_msg: qmi_qmux_tx_msg failed
12-15 22:05:24.068 E/QC-QMI  (  492): qmi_ctl_handle_request: qmi_ctl_tx_msg call failed
12-15 22:05:24.072 E/QC-QMI  (  492): qmi_qmux_open_connection: connection is disabled for conn_id=57
12-15 22:05:24.072 E/QC-QMI  (  492): qmi_qmux_tx_msg: failed to open inactive connd_id=57
12-15 22:05:24.072 E/QC-QMI  (  492): qmi_qmux: TX failed, connection inactive or in reset, conn_id=57, status_flags=4
12-15 22:05:24.072 E/QC-QMI  (  492): qmi_ctl_tx_msg: qmi_qmux_tx_msg failed
12-15 22:05:24.072 E/QC-QMI  (  492): qmi_ctl_handle_request: qmi_ctl_tx_msg call failed
12-15 22:05:24.073 E/QC-QMI  (  492): qmi_qmux_open_connection: connection is disabled for conn_id=29
12-15 22:05:24.073 E/QC-QMI  (  492): qmi_qmux_tx_msg: failed to open inactive connd_id=29
12-15 22:05:24.073 E/QC-QMI  (  492): qmi_qmux: TX failed, connection inactive or in reset, conn_id=29, status_flags=4
12-15 22:05:24.073 E/QC-QMI  (  492): qmi_ctl_tx_msg: qmi_qmux_tx_msg failed
12-15 22:05:24.073 E/QC-QMI  (  492): qmi_ctl_handle_request: qmi_ctl_tx_msg call failed
12-15 22:05:24.074 E/QC-QMI  (  492): qmi_qmux_open_connection: connection is disabled for conn_id=29
12-15 22:05:24.074 E/QC-QMI  (  492): qmi_qmux_tx_msg: failed to open inactive connd_id=29
12-15 22:05:24.074 E/QC-QMI  (  492): qmi_qmux: TX failed, connection inactive or in reset, conn_id=29, status_flags=4
12-15 22:05:24.074 E/QC-QMI  (  492): qmi_ctl_tx_msg: qmi_qmux_tx_msg failed
12-15 22:05:24.075 E/QC-QMI  (  492): qmi_ctl_handle_request: qmi_ctl_tx_msg call failed
12-15 22:05:24.075 E/QC-QMI  (  484): qmi_client [484] 3: failed to locate client data
12-15 22:05:24.077 E/QC-QMI  (  492): qmi_qmux_open_connection: connection is disabled for conn_id=48
12-15 22:05:24.077 E/QC-QMI  (  492): qmi_qmux_tx_msg: failed to open inactive connd_id=48
12-15 22:05:24.077 E/QC-QMI  (  492): qmi_qmux: TX failed, connection inactive or in reset, conn_id=48, status_flags=4
12-15 22:05:24.077 E/QC-QMI  (  492): qmi_ctl_tx_msg: qmi_qmux_tx_msg failed
12-15 22:05:24.077 E/QC-QMI  (  492): qmi_ctl_handle_request: qmi_ctl_tx_msg call failed
12-15 22:05:24.078 E/QC-QMI  (  492): qmuxd: RX on fd=17 returned error=0 errno[2:No such file or directory]
12-15 22:05:24.078 E/QC-QMI  (  492): QMUX qmux_client_id=3 not found in qmux client list, unable to remove
12-15 22:05:24.081 E/QC-QMI  (  492): qmi_qmux_open_connection: connection is disabled for conn_id=48
12-15 22:05:24.081 E/QC-QMI  (  492): qmi_qmux_tx_msg: failed to open inactive connd_id=48
12-15 22:05:24.081 E/QC-QMI  (  492): qmi_qmux: TX failed, connection inactive or in reset, conn_id=48, status_flags=4
12-15 22:05:24.081 E/QC-QMI  (  492): qmi_ctl_tx_msg: qmi_qmux_tx_msg failed
12-15 22:05:24.081 E/QC-QMI  (  492): qmi_ctl_handle_request: qmi_ctl_tx_msg call failed
12-15 22:05:24.084 E/QC-QMI  (  492): qmi_qmux_open_connection: connection is disabled for conn_id=57
12-15 22:05:24.085 E/QC-QMI  (  492): qmi_qmux_tx_msg: failed to open inactive connd_id=57
12-15 22:05:24.085 E/QC-QMI  (  492): qmi_qmux: TX failed, connection inactive or in reset, conn_id=57, status_flags=4
12-15 22:05:24.085 E/QC-QMI  (  492): qmi_ctl_tx_msg: qmi_qmux_tx_msg failed
12-15 22:05:24.085 E/QC-QMI  (  492): qmi_ctl_handle_request: qmi_ctl_tx_msg call failed
12-15 22:05:24.085 E/QC-QMI  (  492): qmi_qmux_open_connection: connection is disabled for conn_id=57
12-15 22:05:24.085 E/QC-QMI  (  492): qmi_qmux_tx_msg: failed to open inactive connd_id=57
12-15 22:05:24.085 E/QC-QMI  (  492): qmi_qmux: TX failed, connection inactive or in reset, conn_id=57, status_flags=4
12-15 22:05:24.085 E/QC-QMI  (  492): qmi_ctl_tx_msg: qmi_qmux_tx_msg failed
12-15 22:05:24.085 E/QC-QMI  (  492): qmi_ctl_handle_request: qmi_ctl_tx_msg call failed
12-15 22:05:24.086 E/QC-QMI  (  492): qmi_qmux_open_connection: connection is disabled for conn_id=29
12-15 22:05:24.086 E/QC-QMI  (  492): qmi_qmux_tx_msg: failed to open inactive connd_id=29
12-15 22:05:24.086 E/QC-QMI  (  492): qmi_qmux: TX failed, connection inactive or in reset, conn_id=29, status_flags=4
12-15 22:05:24.086 E/QC-QMI  (  492): qmi_ctl_tx_msg: qmi_qmux_tx_msg failed
12-15 22:05:24.086 E/QC-QMI  (  492): qmi_ctl_handle_request: qmi_ctl_tx_msg call failed
12-15 22:05:24.086 E/QC-QMI  (  492): qmi_qmux_open_connection: connection is disabled for conn_id=29
12-15 22:05:24.086 E/QC-QMI  (  492): qmi_qmux_tx_msg: failed to open inactive connd_id=29
12-15 22:05:24.086 E/QC-QMI  (  492): qmi_qmux: TX failed, connection inactive or in reset, conn_id=29, status_flags=4
12-15 22:05:24.087 E/QC-QMI  (  492): qmi_ctl_tx_msg: qmi_qmux_tx_msg failed
12-15 22:05:24.087 E/QC-QMI  (  492): qmi_ctl_handle_request: qmi_ctl_tx_msg call failed
12-15 22:05:24.087 E/QC-QMI  (  492): qmi_qmux_open_connection: connection is disabled for conn_id=29
12-15 22:05:24.087 E/QC-QMI  (  492): qmi_qmux_tx_msg: failed to open inactive connd_id=29
12-15 22:05:24.088 E/QC-QMI  (  492): qmi_qmux: TX failed, connection inactive or in reset, conn_id=29, status_flags=4
12-15 22:05:24.088 E/QC-QMI  (  492): qmi_ctl_tx_msg: qmi_qmux_tx_msg failed
12-15 22:05:24.088 E/QC-QMI  (  492): qmi_ctl_handle_request: qmi_ctl_tx_msg call failed
12-15 22:05:24.088 E/QC-QMI  (  492): qmi_qmux_open_connection: connection is disabled for conn_id=29
12-15 22:05:24.088 E/QC-QMI  (  492): qmi_qmux_tx_msg: failed to open inactive connd_id=29
12-15 22:05:24.088 E/QC-QMI  (  492): qmi_qmux: TX failed, connection inactive or in reset, conn_id=29, status_flags=4
12-15 22:05:24.088 E/QC-QMI  (  492): qmi_ctl_tx_msg: qmi_qmux_tx_msg failed
12-15 22:05:24.088 E/QC-QMI  (  492): qmi_ctl_handle_request: qmi_ctl_tx_msg call failed
12-15 22:05:24.088 E/QC-QMI  (  492): qmi_qmux_open_connection: connection is disabled for conn_id=48
12-15 22:05:24.088 E/QC-QMI  (  492): qmi_qmux_tx_msg: failed to open inactive connd_id=48
12-15 22:05:24.089 E/QC-QMI  (  492): qmi_qmux: TX failed, connection inactive or in reset, conn_id=48, status_flags=4
12-15 22:05:24.089 E/QC-QMI  (  492): qmi_ctl_tx_msg: qmi_qmux_tx_msg failed
12-15 22:05:24.089 E/QC-QMI  (  492): qmi_ctl_handle_request: qmi_ctl_tx_msg call failed
12-15 22:05:24.089 E/QC-QMI  (  492): qmi_qmux_open_connection: connection is disabled for conn_id=29
12-15 22:05:24.089 E/QC-QMI  (  492): qmi_qmux_tx_msg: failed to open inactive connd_id=29
12-15 22:05:24.089 E/QC-QMI  (  492): qmi_qmux: TX failed, connection inactive or in reset, conn_id=29, status_flags=4
12-15 22:05:24.089 E/QC-QMI  (  492): qmi_ctl_tx_msg: qmi_qmux_tx_msg failed
12-15 22:05:24.089 E/QC-QMI  (  492): qmi_ctl_handle_request: qmi_ctl_tx_msg call failed
12-15 22:05:24.090 E/QC-QMI  (  492): qmi_qmux_open_connection: connection is disabled for conn_id=48
12-15 22:05:24.090 E/QC-QMI  (  492): qmi_qmux_tx_msg: failed to open inactive connd_id=48
12-15 22:05:24.090 E/QC-QMI  (  492): qmi_qmux: TX failed, connection inactive or in reset, conn_id=48, status_flags=4
12-15 22:05:24.090 E/QC-QMI  (  492): qmi_ctl_tx_msg: qmi_qmux_tx_msg failed
12-15 22:05:24.090 E/QC-QMI  (  492): qmi_ctl_handle_request: qmi_ctl_tx_msg call failed
12-15 22:05:24.091 E/QC-QMI  (  484): qmi_client [484] 4: failed to locate client data
12-15 22:05:24.091 E/QC-QMI  (  492): qmi_qmux_open_connection: connection is disabled for conn_id=57
12-15 22:05:24.091 E/QC-QMI  (  492): qmi_qmux_tx_msg: failed to open inactive connd_id=57
12-15 22:05:24.091 E/QC-QMI  (  492): qmi_qmux: TX failed, connection inactive or in reset, conn_id=57, status_flags=4
12-15 22:05:24.091 E/QC-QMI  (  492): qmi_ctl_tx_msg: qmi_qmux_tx_msg failed
12-15 22:05:24.091 E/QC-QMI  (  492): qmi_ctl_handle_request: qmi_ctl_tx_msg call failed
12-15 22:05:24.092 E/QC-QMI  (  492): qmi_qmux_open_connection: connection is disabled for conn_id=57
12-15 22:05:24.092 E/QC-QMI  (  492): qmi_qmux_tx_msg: failed to open inactive connd_id=57
12-15 22:05:24.092 E/QC-QMI  (  492): qmi_qmux: TX failed, connection inactive or in reset, conn_id=57, status_flags=4
12-15 22:05:24.092 E/QC-QMI  (  492): qmi_ctl_tx_msg: qmi_qmux_tx_msg failed
12-15 22:05:24.092 E/QC-QMI  (  492): qmi_ctl_handle_request: qmi_ctl_tx_msg call failed
12-15 22:05:24.092 E/QC-QMI  (  492): qmuxd: RX on fd=17 returned error=0 errno[2:No such file or directory]
12-15 22:05:24.092 E/QC-QMI  (  492): QMUX qmux_client_id=4 not found in qmux client list, unable to remove
12-15 22:05:24.093 E/QC-QMI  (  492): qmi_qmux_open_connection: connection is disabled for conn_id=29
12-15 22:05:24.093 E/QC-QMI  (  492): qmi_qmux_tx_msg: failed to open inactive connd_id=29
12-15 22:05:24.093 E/QC-QMI  (  492): qmi_qmux: TX failed, connection inactive or in reset, conn_id=29, status_flags=4
12-15 22:05:24.093 E/QC-QMI  (  492): qmi_ctl_tx_msg: qmi_qmux_tx_msg failed
12-15 22:05:24.093 E/QC-QMI  (  492): qmi_ctl_handle_request: qmi_ctl_tx_msg call failed
12-15 22:05:24.094 E/QC-QMI  (  492): qmi_qmux_open_connection: connection is disabled for conn_id=29
12-15 22:05:24.095 E/QC-QMI  (  492): qmi_qmux_tx_msg: failed to open inactive connd_id=29
12-15 22:05:24.095 E/QC-QMI  (  492): qmi_qmux: TX failed, connection inactive or in reset, conn_id=29, status_flags=4
12-15 22:05:24.095 E/QC-QMI  (  492): qmi_ctl_tx_msg: qmi_qmux_tx_msg failed
12-15 22:05:24.095 E/QC-QMI  (  492): qmi_ctl_handle_request: qmi_ctl_tx_msg call failed
12-15 22:05:24.095 E/QC-QMI  (  492): qmi_qmux_open_connection: connection is disabled for conn_id=48
12-15 22:05:24.095 E/QC-QMI  (  492): qmi_qmux_tx_msg: failed to open inactive connd_id=48
12-15 22:05:24.096 E/QC-QMI  (  492): qmi_qmux: TX failed, connection inactive or in reset, conn_id=48, status_flags=4
12-15 22:05:24.096 E/QC-QMI  (  492): qmi_ctl_tx_msg: qmi_qmux_tx_msg failed
12-15 22:05:24.096 E/QC-QMI  (  492): qmi_ctl_handle_request: qmi_ctl_tx_msg call failed
12-15 22:05:24.096 E/QC-QMI  (  492): qmi_qmux_open_connection: connection is disabled for conn_id=48
12-15 22:05:24.096 E/QC-QMI  (  492): qmi_qmux_tx_msg: failed to open inactive connd_id=48
12-15 22:05:24.096 E/QC-QMI  (  492): qmi_qmux: TX failed, connection inactive or in reset, conn_id=48, status_flags=4
12-15 22:05:24.096 E/QC-QMI  (  492): qmi_ctl_tx_msg: qmi_qmux_tx_msg failed
12-15 22:05:24.096 E/QC-QMI  (  492): qmi_ctl_handle_request: qmi_ctl_tx_msg call failed
12-15 22:05:24.100 E/QC-QMI  (  492): qmi_qmux_open_connection: connection is disabled for conn_id=48
12-15 22:05:24.100 E/QC-QMI  (  492): qmi_qmux_tx_msg: failed to open inactive connd_id=48
12-15 22:05:24.100 E/QC-QMI  (  492): qmi_qmux: TX failed, connection inactive or in reset, conn_id=48, status_flags=4
12-15 22:05:24.100 E/QC-QMI  (  492): qmi_ctl_tx_msg: qmi_qmux_tx_msg failed
12-15 22:05:24.100 E/QC-QMI  (  492): qmi_ctl_handle_request: qmi_ctl_tx_msg call failed
12-15 22:05:24.100 E/QC-QMI  (  492): qmi_qmux_open_connection: connection is disabled for conn_id=57
12-15 22:05:24.101 E/QC-QMI  (  492): qmi_qmux_tx_msg: failed to open inactive connd_id=57
12-15 22:05:24.101 E/QC-QMI  (  492): qmi_qmux: TX failed, connection inactive or in reset, conn_id=57, status_flags=4
12-15 22:05:24.101 E/QC-QMI  (  492): qmi_ctl_tx_msg: qmi_qmux_tx_msg failed
12-15 22:05:24.101 E/QC-QMI  (  492): qmi_ctl_handle_request: qmi_ctl_tx_msg call failed
12-15 22:05:24.101 E/QC-QMI  (  492): qmi_qmux_open_connection: connection is disabled for conn_id=48
12-15 22:05:24.101 E/QC-QMI  (  492): qmi_qmux_tx_msg: failed to open inactive connd_id=48
12-15 22:05:24.102 E/QC-QMI  (  492): qmi_qmux: TX failed, connection inactive or in reset, conn_id=48, status_flags=4
12-15 22:05:24.102 E/QC-QMI  (  492): qmi_ctl_tx_msg: qmi_qmux_tx_msg failed
12-15 22:05:24.102 E/QC-QMI  (  492): qmi_ctl_handle_request: qmi_ctl_tx_msg call failed
12-15 22:05:24.102 E/QC-QMI  (  492): qmi_qmux_open_connection: connection is disabled for conn_id=57
12-15 22:05:24.102 E/QC-QMI  (  492): qmi_qmux_tx_msg: failed to open inactive connd_id=57
12-15 22:05:24.102 E/QC-QMI  (  492): qmi_qmux: TX failed, connection inactive or in reset, conn_id=57, status_flags=4
12-15 22:05:24.103 E/QC-QMI  (  492): qmi_ctl_tx_msg: qmi_qmux_tx_msg failed
12-15 22:05:24.103 E/QC-QMI  (  492): qmi_ctl_handle_request: qmi_ctl_tx_msg call failed
12-15 22:05:24.104 E/QC-QMI  (  484): qmi_client [484] 5: failed to locate client data
12-15 22:05:24.104 E/QC-QMI  (  492): qmi_qmux_open_connection: connection is disabled for conn_id=29
12-15 22:05:24.104 E/QC-QMI  (  492): qmi_qmux_tx_msg: failed to open inactive connd_id=29
12-15 22:05:24.104 E/QC-QMI  (  492): qmi_qmux: TX failed, connection inactive or in reset, conn_id=29, status_flags=4
12-15 22:05:24.104 E/QC-QMI  (  492): qmi_ctl_tx_msg: qmi_qmux_tx_msg failed
12-15 22:05:24.104 E/QC-QMI  (  492): qmi_ctl_handle_request: qmi_ctl_tx_msg call failed
12-15 22:05:24.104 E/QC-QMI  (  492): qmuxd: RX on fd=17 returned error=0 errno[2:No such file or directory]
12-15 22:05:24.105 E/QC-QMI  (  492): QMUX qmux_client_id=5 not found in qmux client list, unable to remove
12-15 22:05:24.105 E/QC-QMI  (  492): qmi_qmux_open_connection: connection is disabled for conn_id=29
12-15 22:05:24.105 E/QC-QMI  (  492): qmi_qmux_tx_msg: failed to open inactive connd_id=29
12-15 22:05:24.105 E/QC-QMI  (  492): qmi_qmux: TX failed, connection inactive or in reset, conn_id=29, status_flags=4
12-15 22:05:24.106 E/QC-QMI  (  492): qmi_ctl_tx_msg: qmi_qmux_tx_msg failed
12-15 22:05:24.106 E/QC-QMI  (  492): qmi_ctl_handle_request: qmi_ctl_tx_msg call failed
12-15 22:05:24.106 I/ThermalEngine(  496): MODEM thermal mitigation available.
12-15 22:05:24.106 E/QC-QMI  (  492): qmi_qmux_open_connection: connection is disabled for conn_id=48
12-15 22:05:24.107 E/QC-QMI  (  492): qmi_qmux_tx_msg: failed to open inactive connd_id=48
12-15 22:05:24.107 E/QC-QMI  (  492): qmi_qmux: TX failed, connection inactive or in reset, conn_id=48, status_flags=4
12-15 22:05:24.107 E/QC-QMI  (  492): qmi_ctl_tx_msg: qmi_qmux_tx_msg failed
12-15 22:05:24.107 E/QC-QMI  (  492): qmi_ctl_handle_request: qmi_ctl_tx_msg call failed
12-15 22:05:24.107 I/ThermalEngine(  496): ACTION: MODEM - Pending request: pa mitigation succeeded for level 0.
12-15 22:05:24.107 I/ThermalEngine(  496): Mitigation:Modem:0
12-15 22:05:24.108 E/QC-QMI  (  492): qmi_qmux_open_connection: connection is disabled for conn_id=48
12-15 22:05:24.109 E/QC-QMI  (  492): qmi_qmux_tx_msg: failed to open inactive connd_id=48
12-15 22:05:24.109 E/QC-QMI  (  492): qmi_qmux: TX failed, connection inactive or in reset, conn_id=48, status_flags=4
12-15 22:05:24.109 E/QC-QMI  (  492): qmi_ctl_tx_msg: qmi_qmux_tx_msg failed
12-15 22:05:24.109 E/QC-QMI  (  492): qmi_ctl_handle_request: qmi_ctl_tx_msg call failed
12-15 22:05:24.109 E/QC-QMI  (  492): qmi_qmux_open_connection: connection is disabled for conn_id=57
12-15 22:05:24.109 E/QC-QMI  (  492): qmi_qmux_tx_msg: failed to open inactive connd_id=57
12-15 22:05:24.109 E/QC-QMI  (  492): qmi_qmux: TX failed, connection inactive or in reset, conn_id=57, status_flags=4
12-15 22:05:24.109 E/QC-QMI  (  492): qmi_ctl_tx_msg: qmi_qmux_tx_msg failed
12-15 22:05:24.110 I/ThermalEngine(  496): ACTION: MODEM - Pending request: cpuv_restriction_cold mitigation succeeded for level 0.
12-15 22:05:24.110 E/QC-QMI  (  492): qmi_ctl_handle_request: qmi_ctl_tx_msg call failed
12-15 22:05:24.110 I/ThermalEngine(  496): Mitigation:VDD[MODEM-cpuv_restriction_cold]:0
12-15 22:05:24.110 E/QC-QMI  (  492): qmi_qmux_open_connection: connection is disabled for conn_id=57
12-15 22:05:24.110 E/QC-QMI  (  492): qmi_qmux_tx_msg: failed to open inactive connd_id=57
12-15 22:05:24.110 E/QC-QMI  (  492): qmi_qmux: TX failed, connection inactive or in reset, conn_id=57, status_flags=4
12-15 22:05:24.110 E/QC-QMI  (  492): qmi_ctl_tx_msg: qmi_qmux_tx_msg failed
12-15 22:05:24.110 E/QC-QMI  (  492): qmi_ctl_handle_request: qmi_ctl_tx_msg call failed
12-15 22:05:24.111 E/QC-QMI  (  492): qmi_qmux_open_connection: connection is disabled for conn_id=29
12-15 22:05:24.111 E/QC-QMI  (  492): qmi_qmux_tx_msg: failed to open inactive connd_id=29
12-15 22:05:24.111 E/QC-QMI  (  492): qmi_qmux: TX failed, connection inactive or in reset, conn_id=29, status_flags=4
12-15 22:05:24.111 E/QC-QMI  (  492): qmi_ctl_tx_msg: qmi_qmux_tx_msg failed
12-15 22:05:24.111 E/QC-QMI  (  492): qmi_ctl_handle_request: qmi_ctl_tx_msg call failed
12-15 22:05:24.112 E/QC-QMI  (  492): qmi_qmux_open_connection: connection is disabled for conn_id=29
12-15 22:05:24.112 E/QC-QMI  (  492): qmi_qmux_tx_msg: failed to open inactive connd_id=29
12-15 22:05:24.112 E/QC-QMI  (  492): qmi_qmux: TX failed, connection inactive or in reset, conn_id=29, status_flags=4
12-15 22:05:24.112 E/QC-QMI  (  492): qmi_ctl_tx_msg: qmi_qmux_tx_msg failed
12-15 22:05:24.112 E/QC-QMI  (  492): qmi_ctl_handle_request: qmi_ctl_tx_msg call failed
12-15 22:05:24.113 E/QC-QMI  (  492): qmi_qmux_open_connection: connection is disabled for conn_id=48
12-15 22:05:24.113 E/QC-QMI  (  492): qmi_qmux_tx_msg: failed to open inactive connd_id=48
12-15 22:05:24.113 E/QC-QMI  (  492): qmi_qmux: TX failed, connection inactive or in reset, conn_id=48, status_flags=4
12-15 22:05:24.113 E/QC-QMI  (  492): qmi_ctl_tx_msg: qmi_qmux_tx_msg failed
12-15 22:05:24.113 E/QC-QMI  (  492): qmi_ctl_handle_request: qmi_ctl_tx_msg call failed
12-15 22:05:24.113 E/QC-QMI  (  492): qmi_qmux_open_connection: connection is disabled for conn_id=57
12-15 22:05:24.113 E/QC-QMI  (  492): qmi_qmux_tx_msg: failed to open inactive connd_id=57
12-15 22:05:24.113 E/QC-QMI  (  492): qmi_qmux: TX failed, connection inactive or in reset, conn_id=57, status_flags=4
12-15 22:05:24.113 E/QC-QMI  (  492): qmi_ctl_tx_msg: qmi_qmux_tx_msg failed
12-15 22:05:24.113 E/QC-QMI  (  492): qmi_ctl_handle_request: qmi_ctl_tx_msg call failed
12-15 22:05:24.114 E/QC-QMI  (  492): qmi_qmux_open_connection: connection is disabled for conn_id=48
12-15 22:05:24.114 E/QC-QMI  (  492): qmi_qmux_tx_msg: failed to open inactive connd_id=48
12-15 22:05:24.114 E/QC-QMI  (  492): qmi_qmux: TX failed, connection inactive or in reset, conn_id=48, status_flags=4
12-15 22:05:24.114 E/QC-QMI  (  492): qmi_ctl_tx_msg: qmi_qmux_tx_msg failed
12-15 22:05:24.114 E/QC-QMI  (  492): qmi_ctl_handle_request: qmi_ctl_tx_msg call failed
12-15 22:05:24.114 E/QC-QMI  (  492): qmi_qmux_open_connection: connection is disabled for conn_id=57
12-15 22:05:24.114 E/QC-QMI  (  492): qmi_qmux_tx_msg: failed to open inactive connd_id=57
12-15 22:05:24.114 E/QC-QMI  (  492): qmi_qmux: TX failed, connection inactive or in reset, conn_id=57, status_flags=4
12-15 22:05:24.114 E/QC-QMI  (  492): qmi_ctl_tx_msg: qmi_qmux_tx_msg failed
12-15 22:05:24.115 E/QC-QMI  (  492): qmi_ctl_handle_request: qmi_ctl_tx_msg call failed
12-15 22:05:24.115 E/QC-QMI  (  492): qmi_qmux_open_connection: connection is disabled for conn_id=57
12-15 22:05:24.115 E/QC-QMI  (  492): qmi_qmux_tx_msg: failed to open inactive connd_id=57
12-15 22:05:24.115 E/QC-QMI  (  492): qmi_qmux: TX failed, connection inactive or in reset, conn_id=57, status_flags=4
12-15 22:05:24.115 E/QC-QMI  (  492): qmi_ctl_tx_msg: qmi_qmux_tx_msg failed
12-15 22:05:24.115 E/QC-QMI  (  492): qmi_ctl_handle_request: qmi_ctl_tx_msg call failed
12-15 22:05:24.117 E/QC-QMI  (  492): qmi_qmux_open_connection: connection is disabled for conn_id=57
