04-20 15:41:10.214 W/thermal-engine(  523): type=1400 audit(0.0:17): avc: denied { read write } for name="diag" dev="tmpfs" ino=10607 scontext=u:r:thermal-engine:s0 tcontext=u:object_r:diag_device:s0 tclass=chr_file permissive=0
12-15 22:05:18.107 I/ThermalEngine(  496): Found field 'action_info'
12-15 22:05:18.107 E/QC-time-services(  512): Daemon:genoff_boot_tod_init: Unable to set TOD at boot up
12-15 22:05:18.107 I/ThermalEngine(  496): Created section 'CPU3_MONITOR'
12-15 22:05:18.107 E/QC-time-services(  512): Daemon: Unable to set TOD at boot up
12-15 22:05:18.107 I/ThermalEngine(  496): Algo Type 'monitor'
12-15 22:05:18.107 I/ThermalEngine(  496): Parsing section CPU3_MONITOR
12-15 22:05:18.107 I/ThermalEngine(  496): Found field 'sensor'
12-15 22:05:18.107 I/ThermalEngine(  496): Found field 'sampling'
12-15 22:05:18.107 I/ThermalEngine(  496): Found field 'thresholds'
12-15 22:05:18.107 I/ThermalEngine(  496): Found field 'thresholds_clr'
12-15 22:05:18.107 I/ThermalEngine(  496): Found field 'actions'
12-15 22:05:18.107 I/ThermalEngine(  496): Found field 'action_info'
12-15 22:05:18.107 I/ThermalEngine(  496): Created section 'CPU4_MONITOR'
12-15 22:05:18.107 I/ThermalEngine(  496): Algo Type 'monitor'
12-15 22:05:18.107 I/ThermalEngine(  496): Parsing section CPU4_MONITOR
12-15 22:05:18.107 I/ThermalEngine(  496): Found field 'sensor'
12-15 22:05:18.107 I/ThermalEngine(  496): Found field 'sampling'
12-15 22:05:18.107 I/ThermalEngine(  496): Found field 'thresholds'
12-15 22:05:18.107 I/ThermalEngine(  496): Found field 'thresholds_clr'
12-15 22:05:18.107 I/ThermalEngine(  496): Found field 'actions'
12-15 22:05:18.107 I/ThermalEngine(  496): Found field 'action_info'
12-15 22:05:18.107 I/ThermalEngine(  496): Created section 'CPU5_MONITOR'
12-15 22:05:18.107 I/ThermalEngine(  496): Algo Type 'monitor'
12-15 22:05:18.107 I/ThermalEngine(  496): Parsing section CPU5_MONITOR
12-15 22:05:18.107 I/ThermalEngine(  496): Found field 'sensor'
12-15 22:05:18.107 I/ThermalEngine(  496): Found field 'sampling'
12-15 22:05:18.107 D/QC-time-services(  512): Daemon:genoff_modem_qmi_service_request: Initiallizing QMI 
12-15 22:05:18.107 I/ThermalEngine(  496): Found field 'thresholds'
12-15 22:05:18.107 I/ThermalEngine(  496): Found field 'thresholds_clr'
12-15 22:05:18.107 I/ThermalEngine(  496): Found field 'actions'
12-15 22:05:18.107 I/ThermalEngine(  496): Found field 'action_info'
12-15 22:05:18.107 I/ThermalEngine(  496): Created section 'CPU4_HOTPLUG_MONITOR'
12-15 22:05:18.107 I/ThermalEngine(  496): Algo Type 'monitor'
12-15 22:05:18.107 I/ThermalEngine(  496): Parsing section CPU4_HOTPLUG_MONITOR
12-15 22:05:18.108 I/ThermalEngine(  496): Found field 'sensor'
12-15 22:05:18.108 I/ThermalEngine(  496): Found field 'sampling'
12-15 22:05:18.108 I/ThermalEngine(  496): Found field 'thresholds'
12-15 22:05:18.108 I/ThermalEngine(  496): Found field 'thresholds_clr'
12-15 22:05:18.108 I/ThermalEngine(  496): Found field 'actions'
12-15 22:05:18.108 I/ThermalEngine(  496): Found field 'action_info'
12-15 22:05:18.108 I/ThermalEngine(  496): Created section 'CPU5_HOTPLUG_MONITOR'
12-15 22:05:18.108 I/ThermalEngine(  496): Algo Type 'monitor'
12-15 22:05:18.108 I/ThermalEngine(  496): Parsing section CPU5_HOTPLUG_MONITOR
12-15 22:05:18.108 I/ThermalEngine(  496): Found field 'sensor'
12-15 22:05:18.108 I/ThermalEngine(  496): Found field 'sampling'
12-15 22:05:18.108 I/ThermalEngine(  496): Found field 'thresholds'
12-15 22:05:18.108 D/QC-time-services(  512): Daemon: Time-services: All initializations done
12-15 22:05:18.108 I/ThermalEngine(  496): Found field 'thresholds_clr'
12-15 22:05:18.108 I/ThermalEngine(  496): Found field 'actions'
12-15 22:05:18.108 E/QC-time-services(  512): Daemon: Time-services: Waiting to acceptconnection
12-15 22:05:18.108 I/ThermalEngine(  496): Found field 'action_info'
12-15 22:05:18.108 I/ThermalEngine(  496): Created section 'LCD_management'
12-15 22:05:18.108 I/ThermalEngine(  496): Algo Type 'monitor'
12-15 22:05:18.108 I/ThermalEngine(  496): Parsing section LCD_management
12-15 22:05:18.108 I/ThermalEngine(  496): Found field 'sensor'
12-15 22:05:18.108 I/ThermalEngine(  496): Found field 'sampling'
12-15 22:05:18.108 I/ThermalEngine(  496): Found field 'thresholds'
12-15 22:05:18.108 I/ThermalEngine(  496): Found field 'thresholds_clr'
12-15 22:05:18.108 I/ThermalEngine(  496): Found field 'actions'
12-15 22:05:18.108 I/ThermalEngine(  496): Found field 'action_info'
12-15 22:05:18.108 I/ThermalEngine(  496): Created section 'battery_monitor'
12-15 22:05:18.108 I/ThermalEngine(  496): Algo Type 'monitor'
12-15 22:05:18.108 I/ThermalEngine(  496): Parsing section battery_monitor
12-15 22:05:18.109 I/ThermalEngine(  496): Found field 'sensor'
12-15 22:05:18.109 I/ThermalEngine(  496): Found field 'sampling'
12-15 22:05:18.109 I/ThermalEngine(  496): Found field 'thresholds'
12-15 22:05:18.109 I/ThermalEngine(  496): Found field 'thresholds_clr'
12-15 22:05:18.109 I/ThermalEngine(  496): Found field 'actions'
12-15 22:05:18.109 I/ThermalEngine(  496): Found field 'action_info'
12-15 22:05:18.109 I/ThermalEngine(  496): Created section 'PID-LITTLE_CLUSTER_management'
12-15 22:05:18.109 I/ThermalEngine(  496): Algo Type 'pid'
12-15 22:05:18.109 I/ThermalEngine(  496): Parsing section PID-LITTLE_CLUSTER_management
12-15 22:05:18.109 I/ThermalEngine(  496): Found field 'sampling'
12-15 22:05:18.109 I/ThermalEngine(  496): Found field 'sensor'
12-15 22:05:18.109 I/ThermalEngine(  496): Found field 'device'
12-15 22:05:18.109 I/ThermalEngine(  496): Found field 'set_point'
12-15 22:05:18.109 I/ThermalEngine(  496): Found field 'set_point_clr'
12-15 22:05:18.109 I/ThermalEngine(  496): Found field 'p_const'
12-15 22:05:18.109 I/ThermalEngine(  496): Found field 'i_const'
12-15 22:05:18.109 I/ThermalEngine(  496): Found field 'd_const'
12-15 22:05:18.109 I/ThermalEngine(  496): Found field 'i_samples'
12-15 22:05:18.109 I/ThermalEngine(  496): Found field 'dev_units_per_calc'
12-15 22:05:18.109 I/ThermalEngine(  496): Found field 'limit'
12-15 22:05:18.109 I/ThermalEngine(  496): Created section 'PID-BIG_CLUSTER_management'
12-15 22:05:18.109 I/ThermalEngine(  496): Algo Type 'pid'
12-15 22:05:18.109 I/ThermalEngine(  496): Parsing section PID-BIG_CLUSTER_management
12-15 22:05:18.109 I/ThermalEngine(  496): Found field 'sampling'
12-15 22:05:18.109 I/ThermalEngine(  496): Found field 'sensor'
12-15 22:05:18.109 I/ThermalEngine(  496): Found field 'device'
12-15 22:05:18.109 E/Diag_Lib(  512):  Diag_LSM_Init: Failed to open handle to diag driver, error = 13
12-15 22:05:18.109 I/ThermalEngine(  496): Found field 'set_point'
12-15 22:05:18.109 I/ThermalEngine(  496): Found field 'set_point_clr'
12-15 22:05:18.109 I/ThermalEngine(  496): Found field 'p_const'
12-15 22:05:18.109 I/ThermalEngine(  496): Found field 'i_const'
12-15 22:05:18.109 I/ThermalEngine(  496): Found field 'd_const'
12-15 22:05:18.110 I/ThermalEngine(  496): Found field 'i_samples'
12-15 22:05:18.110 I/ThermalEngine(  496): Found field 'dev_units_per_calc'
12-15 22:05:18.110 I/ThermalEngine(  496): Found field 'limit'
12-15 22:05:18.110 I/ThermalEngine(  496): Created section 'SS-GPU_management'
12-15 22:05:18.110 I/ThermalEngine(  496): Algo Type 'pid'
12-15 22:05:18.110 I/ThermalEngine(  496): Parsing section SS-GPU_management
12-15 22:05:18.110 I/ThermalEngine(  496): Found field 'sensor'
12-15 22:05:18.110 I/ThermalEngine(  496): Found field 'sampling'
12-15 22:05:18.110 E/QC-QMI  (  512): qmi_client [512]: unable to bind to client socket, rc = -1 errno[13:Permission denied]
12-15 22:05:18.110 I/ThermalEngine(  496): Found field 'device'
12-15 22:05:18.110 I/ThermalEngine(  496): Found field 'set_point'
12-15 22:05:18.110 I/ThermalEngine(  496): Found field 'set_point_clr'
12-15 22:05:18.110 E/QC-QMI  (  512): qmi_qmux_if_pwr_up_init_ex:  Initialization failed, rc = -1
12-15 22:05:18.110 I/ThermalEngine(  496): Found field 'p_const'
12-15 22:05:18.110 E/QMI_FW  (  512): QMUXD: WARNING qmi_qmux_if_pwr_up_init failed! rc=-1
12-15 22:05:18.110 I/ThermalEngine(  496): Found field 'i_const'
12-15 22:05:18.110 I/ThermalEngine(  496): Found field 'd_const'
12-15 22:05:18.110 I/ThermalEngine(  496): Found field 'i_samples'
12-15 22:05:18.110 I/ThermalEngine(  496): Found field 'dev_units_per_calc'
12-15 22:05:18.110 I/ThermalEngine(  496): Found field 'limit'
12-15 22:05:18.110 E/QC-QMI  (  512): qmi_client [512]: unable to bind to client socket, rc = -1 errno[13:Permission denied]
12-15 22:05:18.110 E/QC-QMI  (  512): qmi_qmux_if_pwr_up_init_ex:  Initialization failed, rc = -1
12-15 22:05:18.110 E/QMI_FW  (  512): QMUXD: WARNING qmi_qmux_if_pwr_up_init failed! rc=-1
12-15 22:05:18.110 I/ThermalEngine(  496): [SS-GPU_management]
12-15 22:05:18.110 I/ThermalEngine(  496): algo_type pid
12-15 22:05:18.110 I/ThermalEngine(  496): sampling 5000
12-15 22:05:18.110 I/ThermalEngine(  496): sensor xo_therm
12-15 22:05:18.110 I/ThermalEngine(  496): device gpu
12-15 22:05:18.110 I/ThermalEngine(  496): set_point 44000
12-15 22:05:18.110 I/ThermalEngine(  496): set_point_clr 41000
12-15 22:05:18.110 I/ThermalEngine(  496): p_const 5.000000
12-15 22:05:18.110 I/ThermalEngine(  496): i_const 0.050000
12-15 22:05:18.110 I/ThermalEngine(  496): d_const 0.000000
12-15 22:05:18.110 I/ThermalEngine(  496): i_samples 20
12-15 22:05:18.110 I/ThermalEngine(  496): dev_units_per_calc 3500000
12-15 22:05:18.110 E/QC-QMI  (  512): qmi_client [512]: unable to bind to client socket, rc = -1 errno[13:Permission denied]
12-15 22:05:18.110 I/ThermalEngine(  496): [PID-BIG_CLUSTER_management]
12-15 22:05:18.110 E/QC-QMI  (  512): qmi_qmux_if_pwr_up_init_ex:  Initialization failed, rc = -1
12-15 22:05:18.110 I/ThermalEngine(  496): algo_type pid
12-15 22:05:18.110 I/ThermalEngine(  496): sampling 1000
12-15 22:05:18.110 I/ThermalEngine(  496): sensor xo_therm
12-15 22:05:18.110 I/ThermalEngine(  496): device cluster1
12-15 22:05:18.110 E/QMI_FW  (  512): QMUXD: WARNING qmi_qmux_if_pwr_up_init failed! rc=-1
12-15 22:05:18.110 I/ThermalEngine(  496): set_point 39000
12-15 22:05:18.110 I/ThermalEngine(  496): set_point_clr 37000
12-15 22:05:18.111 I/ThermalEngine(  496): p_const 10.000000
12-15 22:05:18.111 I/ThermalEngine(  496): i_const 0.090000
12-15 22:05:18.111 I/ThermalEngine(  496): d_const 0.000000
12-15 22:05:18.111 I/ThermalEngine(  496): i_samples 10
12-15 22:05:18.111 I/ThermalEngine(  496): dev_units_per_calc 10000
12-15 22:05:18.111 I/ThermalEngine(  496): [PID-LITTLE_CLUSTER_management]
12-15 22:05:18.111 I/ThermalEngine(  496): algo_type pid
12-15 22:05:18.111 I/ThermalEngine(  496): sampling 5000
12-15 22:05:18.111 I/ThermalEngine(  496): sensor xo_therm
12-15 22:05:18.111 I/ThermalEngine(  496): device cluster0
12-15 22:05:18.111 E/QC-QMI  (  512): qmi_client [512]: unable to bind to client socket, rc = -1 errno[13:Permission denied]
12-15 22:05:18.111 I/ThermalEngine(  496): set_point 44000
12-15 22:05:18.111 I/ThermalEngine(  496): set_point_clr 41000
12-15 22:05:18.111 I/ThermalEngine(  496): p_const 5.000000
12-15 22:05:18.111 I/ThermalEngine(  496): i_const 0.100000
12-15 22:05:18.111 I/ThermalEngine(  496): d_const 0.000000
12-15 22:05:18.111 E/QC-QMI  (  512): qmi_qmux_if_pwr_up_init_ex:  Initialization failed, rc = -1
12-15 22:05:18.111 I/ThermalEngine(  496): i_samples 10
12-15 22:05:18.111 I/ThermalEngine(  496): dev_units_per_calc 10000
12-15 22:05:18.111 E/QMI_FW  (  512): QMUXD: WARNING qmi_qmux_if_pwr_up_init failed! rc=-1
12-15 22:05:18.111 I/ThermalEngine(  496): [battery_monitor]
12-15 22:05:18.111 I/ThermalEngine(  496): algo_type monitor
12-15 22:05:18.111 I/ThermalEngine(  496): sampling 10000
12-15 22:05:18.111 I/ThermalEngine(  496): sensor xo_batt
12-15 22:05:18.111 I/ThermalEngine(  496): thresholds 36000 39000
12-15 22:05:18.111 I/ThermalEngine(  496): thresholds_clr 34000 38000
12-15 22:05:18.111 I/ThermalEngine(  496): actions battery battery
12-15 22:05:18.111 E/QC-QMI  (  512): qmi_client [512]: unable to bind to client socket, rc = -1 errno[13:Permission denied]
12-15 22:05:18.111 I/ThermalEngine(  496): action_info 0 3
12-15 22:05:18.111 E/QC-QMI  (  512): qmi_qmux_if_pwr_up_init_ex:  Initialization failed, rc = -1
12-15 22:05:18.111 E/QMI_FW  (  512): QMUXD: WARNING qmi_qmux_if_pwr_up_init failed! rc=-1
12-15 22:05:18.111 E/QC-QMI  (  512): qmi_client [512]: unable to bind to client socket, rc = -1 errno[13:Permission denied]
12-15 22:05:18.111 E/QC-QMI  (  512): qmi_qmux_if_pwr_up_init_ex:  Initialization failed, rc = -1
12-15 22:05:18.111 E/QMI_FW  (  512): QMUXD: WARNING qmi_qmux_if_pwr_up_init failed! rc=-1
12-15 22:05:18.112 E/QC-QMI  (  512): qmi_client [512]: unable to bind to client socket, rc = -1 errno[13:Permission denied]
12-15 22:05:18.112 E/QC-QMI  (  512): qmi_qmux_if_pwr_up_init_ex:  Initialization failed, rc = -1
12-15 22:05:18.112 E/QMI_FW  (  512): QMUXD: WARNING qmi_qmux_if_pwr_up_init failed! rc=-1
12-15 22:05:18.112 E/QC-QMI  (  512): qmi_client [512]: unable to bind to client socket, rc = -1 errno[13:Permission denied]
12-15 22:05:18.112 E/QC-QMI  (  512): qmi_qmux_if_pwr_up_init_ex:  Initialization failed, rc = -1
12-15 22:05:18.112 E/QMI_FW  (  512): QMUXD: WARNING qmi_qmux_if_pwr_up_init failed! rc=-1
12-15 22:05:18.112 E/QC-time-services(  512): Daemon:genoff_modem_qmi_service_request: qmi_client_get_service_list returned 0num_services 1
12-15 22:05:18.112 E/QC-QMI  (  512): qmi_client [512]: unable to bind to client socket, rc = -1 errno[13:Permission denied]
12-15 22:05:18.112 E/QC-QMI  (  512): qmi_qmux_if_pwr_up_init_ex:  Initialization failed, rc = -1
12-15 22:05:18.112 E/QMI_FW  (  512): QMUXD: WARNING qmi_qmux_if_pwr_up_init failed! rc=-1
12-15 22:05:18.112 E/QC-QMI  (  512): qmi_client [512]: unable to bind to client socket, rc = -1 errno[13:Permission denied]
12-15 22:05:18.112 E/QC-QMI  (  512): qmi_qmux_if_pwr_up_init_ex:  Initialization failed, rc = -1
12-15 22:05:18.112 E/QMI_FW  (  512): QMUXD: WARNING qmi_qmux_if_pwr_up_init failed! rc=-1
12-15 22:05:18.113 I/ThermalEngine(  496): [LCD_management]
12-15 22:05:18.113 I/ThermalEngine(  496): algo_type monitor
12-15 22:05:18.113 I/ThermalEngine(  496): sampling 10000
12-15 22:05:18.113 I/ThermalEngine(  496): sensor xo_therm
12-15 22:05:18.113 E/QC-QMI  (  512): qmi_client [512]: unable to bind to client socket, rc = -1 errno[13:Permission denied]
12-15 22:05:18.113 I/ThermalEngine(  496): thresholds 36000 39000 42000 45000
12-15 22:05:18.113 I/ThermalEngine(  496): thresholds_clr 34000 37000 40000 43000
12-15 22:05:18.113 E/QC-QMI  (  512): qmi_qmux_if_pwr_up_init_ex:  Initialization failed, rc = -1
12-15 22:05:18.113 I/ThermalEngine(  496): actions lcd lcd lcd lcd
12-15 22:05:18.113 I/ThermalEngine(  496): action_info 255 232 208 183
12-15 22:05:18.113 E/QMI_FW  (  512): QMUXD: WARNING qmi_qmux_if_pwr_up_init failed! rc=-1
12-15 22:05:18.113 I/ThermalEngine(  496): [CPU5_HOTPLUG_MONITOR]
12-15 22:05:18.113 I/ThermalEngine(  496): algo_type monitor
12-15 22:05:18.113 I/ThermalEngine(  496): sampling 1000
12-15 22:05:18.113 I/ThermalEngine(  496): sensor xo_therm
12-15 22:05:18.113 I/ThermalEngine(  496): thresholds 41000
12-15 22:05:18.113 I/ThermalEngine(  496): thresholds_clr 39000
12-15 22:05:18.113 I/ThermalEngine(  496): actions hotplug_5
12-15 22:05:18.113 I/ThermalEngine(  496): action_info 1
12-15 22:05:18.113 E/QC-QMI  (  512): qmi_client [512]: unable to bind to client socket, rc = -1 errno[13:Permission denied]
12-15 22:05:18.113 I/ThermalEngine(  496): [CPU4_HOTPLUG_MONITOR]
12-15 22:05:18.113 I/ThermalEngine(  496): algo_type monitor
12-15 22:05:18.113 E/QC-QMI  (  512): qmi_qmux_if_pwr_up_init_ex:  Initialization failed, rc = -1
12-15 22:05:18.113 I/ThermalEngine(  496): sampling 1000
12-15 22:05:18.113 I/ThermalEngine(  496): sensor xo_therm
12-15 22:05:18.113 I/ThermalEngine(  496): thresholds 41000
12-15 22:05:18.113 E/QMI_FW  (  512): QMUXD: WARNING qmi_qmux_if_pwr_up_init failed! rc=-1
12-15 22:05:18.113 I/ThermalEngine(  496): thresholds_clr 39000
12-15 22:05:18.113 I/ThermalEngine(  496): actions hotplug_4
12-15 22:05:18.113 I/ThermalEngine(  496): action_info 1
12-15 22:05:18.113 I/ThermalEngine(  496): [CPU5_MONITOR]
12-15 22:05:18.113 I/ThermalEngine(  496): algo_type monitor
12-15 22:05:18.113 I/ThermalEngine(  496): sampling 1000
12-15 22:05:18.113 I/ThermalEngine(  496): sensor cpu5
12-15 22:05:18.113 I/ThermalEngine(  496): thresholds 115000
12-15 22:05:18.113 I/ThermalEngine(  496): thresholds_clr 110000
12-15 22:05:18.113 I/ThermalEngine(  496): actions shutdown
12-15 22:05:18.113 I/ThermalEngine(  496): action_info 0
12-15 22:05:18.113 I/ThermalEngine(  496): [CPU4_MONITOR]
12-15 22:05:18.113 I/ThermalEngine(  496): algo_type monitor
12-15 22:05:18.113 I/ThermalEngine(  496): sampling 1000
12-15 22:05:18.113 I/ThermalEngine(  496): sensor cpu4
12-15 22:05:18.113 I/ThermalEngine(  496): thresholds 115000
12-15 22:05:18.113 E/QC-QMI  (  512): qmi_client [512]: unable to bind to client socket, rc = -1 errno[13:Permission denied]
12-15 22:05:18.113 I/ThermalEngine(  496): thresholds_clr 110000
12-15 22:05:18.113 I/ThermalEngine(  496): actions shutdown
12-15 22:05:18.113 I/ThermalEngine(  496): action_info 0
12-15 22:05:18.113 E/QC-QMI  (  512): qmi_qmux_if_pwr_up_init_ex:  Initialization failed, rc = -1
12-15 22:05:18.113 I/ThermalEngine(  496): [CPU3_MONITOR]
12-15 22:05:18.114 I/ThermalEngine(  496): algo_type monitor
12-15 22:05:18.114 E/QMI_FW  (  512): QMUXD: WARNING qmi_qmux_if_pwr_up_init failed! rc=-1
12-15 22:05:18.114 I/ThermalEngine(  496): sampling 1000
12-15 22:05:18.114 I/ThermalEngine(  496): sensor cpu3
12-15 22:05:18.114 I/ThermalEngine(  496): thresholds 115000
12-15 22:05:18.114 I/ThermalEngine(  496): thresholds_clr 110000
12-15 22:05:18.114 I/ThermalEngine(  496): actions shutdown
12-15 22:05:18.114 I/ThermalEngine(  496): action_info 0
12-15 22:05:18.114 I/ThermalEngine(  496): [CPU2_MONITOR]
12-15 22:05:18.114 I/ThermalEngine(  496): algo_type monitor
12-15 22:05:18.114 E/QC-QMI  (  512): qmi_client [512]: unable to bind to client socket, rc = -1 errno[13:Permission denied]
12-15 22:05:18.114 I/ThermalEngine(  496): sampling 1000
12-15 22:05:18.114 I/ThermalEngine(  496): sensor cpu2
12-15 22:05:18.114 I/ThermalEngine(  496): thresholds 115000
12-15 22:05:18.114 E/QC-QMI  (  512): qmi_qmux_if_pwr_up_init_ex:  Initialization failed, rc = -1
12-15 22:05:18.114 I/ThermalEngine(  496): thresholds_clr 110000
12-15 22:05:18.114 I/ThermalEngine(  496): actions shutdown
12-15 22:05:18.114 E/QMI_FW  (  512): QMUXD: WARNING qmi_qmux_if_pwr_up_init failed! rc=-1
12-15 22:05:18.114 I/ThermalEngine(  496): action_info 0
12-15 22:05:18.114 I/ThermalEngine(  496): [CPU0_MONITOR]
12-15 22:05:18.114 I/ThermalEngine(  496): algo_type monitor
12-15 22:05:18.114 I/ThermalEngine(  496): sampling 1000
12-15 22:05:18.114 I/ThermalEngine(  496): sensor cpu0-1
12-15 22:05:18.114 I/ThermalEngine(  496): thresholds 115000
12-15 22:05:18.114 I/ThermalEngine(  496): thresholds_clr 110000
12-15 22:05:18.114 E/QC-QMI  (  512): qmi_client [512]: unable to bind to client socket, rc = -1 errno[13:Permission denied]
12-15 22:05:18.114 I/ThermalEngine(  496): actions shutdown
12-15 22:05:18.114 I/ThermalEngine(  496): action_info 0
12-15 22:05:18.114 E/QC-QMI  (  512): qmi_qmux_if_pwr_up_init_ex:  Initialization failed, rc = -1
12-15 22:05:18.114 I/ThermalEngine(  496): [PMIC-ALARM-MONITOR]
12-15 22:05:18.114 I/ThermalEngine(  496): #algo_type monitor
12-15 22:05:18.114 E/QMI_FW  (  512): QMUXD: WARNING qmi_qmux_if_pwr_up_init failed! rc=-1
12-15 22:05:18.114 I/ThermalEngine(  496): sampling 1000
12-15 22:05:18.114 I/ThermalEngine(  496): sensor pm8994_tz
12-15 22:05:18.114 I/ThermalEngine(  496): thresholds 107000 127000
12-15 22:05:18.114 I/ThermalEngine(  496): thresholds_clr 103000 123000
12-15 22:05:18.114 I/ThermalEngine(  496): actions hotplug_5+hotplug_4+hotplug_3+hotplug_2+hotplug_1+cluster1+ hotplug_5+hotplug_4+hotplug_3+hotplug_2+hotplug_1
12-15 22:05:18.114 I/ThermalEngine(  496): action_info 0+0+0+0+0+302400+0 1+1+1+1+1
12-15 22:05:18.114 I/ThermalEngine(  496): [VDD_RSTR_MONITOR-TSENS14]
12-15 22:05:18.114 E/QC-QMI  (  512): qmi_client [512]: unable to bind to client socket, rc = -1 errno[13:Permission denied]
12-15 22:05:18.114 I/ThermalEngine(  496): #algo_type monitor
12-15 22:05:18.114 I/ThermalEngine(  496): sampling 1000
12-15 22:05:18.114 I/ThermalEngine(  496): sensor tsens_tz_sensor14
12-15 22:05:18.114 I/ThermalEngine(  496): thresholds 5000
12-15 22:05:18.114 E/QC-QMI  (  512): qmi_qmux_if_pwr_up_init_ex:  Initialization failed, rc = -1
12-15 22:05:18.114 I/ThermalEngine(  496): thresholds_clr 10000
12-15 22:05:18.114 E/QMI_FW  (  512): QMUXD: WARNING qmi_qmux_if_pwr_up_init failed! rc=-1
12-15 22:05:18.114 I/ThermalEngine(  496): actions vdd_restriction
12-15 22:05:18.114 I/ThermalEngine(  496): action_info 1
12-15 22:05:18.115 I/ThermalEngine(  496): descending
12-15 22:05:18.115 I/ThermalEngine(  496): [VDD_RSTR_MONITOR-TSENS13]
12-15 22:05:18.115 I/ThermalEngine(  496): #algo_type monitor
12-15 22:05:18.115 I/ThermalEngine(  496): sampling 1000
12-15 22:05:18.115 I/ThermalEngine(  496): sensor tsens_tz_sensor13
12-15 22:05:18.115 I/ThermalEngine(  496): thresholds 5000
12-15 22:05:18.115 I/ThermalEngine(  496): thresholds_clr 10000
12-15 22:05:18.115 E/QC-QMI  (  512): qmi_client [512]: unable to bind to client socket, rc = -1 errno[13:Permission denied]
12-15 22:05:18.115 I/ThermalEngine(  496): actions vdd_restriction
12-15 22:05:18.115 I/ThermalEngine(  496): action_info 1
12-15 22:05:18.115 E/QC-QMI  (  512): qmi_qmux_if_pwr_up_init_ex:  Initialization failed, rc = -1
12-15 22:05:18.115 I/ThermalEngine(  496): descending
12-15 22:05:18.115 I/ThermalEngine(  496): [VDD_RSTR_MONITOR-TSENS12]
12-15 22:05:18.115 E/QMI_FW  (  512): QMUXD: WARNING qmi_qmux_if_pwr_up_init failed! rc=-1
12-15 22:05:18.115 I/ThermalEngine(  496): #algo_type monitor
12-15 22:05:18.115 I/ThermalEngine(  496): sampling 1000
12-15 22:05:18.115 I/ThermalEngine(  496): sensor tsens_tz_sensor12
12-15 22:05:18.115 I/ThermalEngine(  496): thresholds 5000
12-15 22:05:18.115 I/ThermalEngine(  496): thresholds_clr 10000
12-15 22:05:18.115 I/ThermalEngine(  496): actions vdd_restriction
12-15 22:05:18.115 I/ThermalEngine(  496): action_info 1
12-15 22:05:18.115 E/QC-QMI  (  512): qmi_client [512]: unable to bind to client socket, rc = -1 errno[13:Permission denied]
12-15 22:05:18.115 I/ThermalEngine(  496): descending
12-15 22:05:18.115 I/ThermalEngine(  496): [VDD_RSTR_MONITOR-TSENS11]
12-15 22:05:18.115 E/QC-QMI  (  512): qmi_qmux_if_pwr_up_init_ex:  Initialization failed, rc = -1
12-15 22:05:18.115 I/ThermalEngine(  496): #algo_type monitor
12-15 22:05:18.115 I/ThermalEngine(  496): sampling 1000
12-15 22:05:18.115 I/ThermalEngine(  496): sensor tsens_tz_sensor11
12-15 22:05:18.115 E/QMI_FW  (  512): QMUXD: WARNING qmi_qmux_if_pwr_up_init failed! rc=-1
12-15 22:05:18.115 I/ThermalEngine(  496): thresholds 5000
12-15 22:05:18.115 I/ThermalEngine(  496): thresholds_clr 10000
12-15 22:05:18.115 I/ThermalEngine(  496): actions vdd_restriction
12-15 22:05:18.115 I/ThermalEngine(  496): action_info 1
12-15 22:05:18.115 I/ThermalEngine(  496): descending
12-15 22:05:18.115 I/ThermalEngine(  496): [VDD_RSTR_MONITOR-TSENS10]
12-15 22:05:18.115 E/QC-QMI  (  512): qmi_client [512]: unable to bind to client socket, rc = -1 errno[13:Permission denied]
12-15 22:05:18.115 I/ThermalEngine(  496): #algo_type monitor
12-15 22:05:18.115 I/ThermalEngine(  496): sampling 1000
12-15 22:05:18.115 I/ThermalEngine(  496): sensor tsens_tz_sensor10
12-15 22:05:18.115 E/QC-QMI  (  512): qmi_qmux_if_pwr_up_init_ex:  Initialization failed, rc = -1
12-15 22:05:18.115 I/ThermalEngine(  496): thresholds 5000
12-15 22:05:18.115 E/QMI_FW  (  512): QMUXD: WARNING qmi_qmux_if_pwr_up_init failed! rc=-1
12-15 22:05:18.115 I/ThermalEngine(  496): thresholds_clr 10000
12-15 22:05:18.115 I/ThermalEngine(  496): actions vdd_restriction
12-15 22:05:18.115 I/ThermalEngine(  496): action_info 1
12-15 22:05:18.115 I/ThermalEngine(  496): descending
12-15 22:05:18.115 I/ThermalEngine(  496): [VDD_RSTR_MONITOR-TSENS9]
12-15 22:05:18.115 I/ThermalEngine(  496): #algo_type monitor
12-15 22:05:18.115 I/ThermalEngine(  496): sampling 1000
12-15 22:05:18.115 I/ThermalEngine(  496): sensor tsens_tz_sensor9
12-15 22:05:18.115 E/QC-QMI  (  512): qmi_client [512]: unable to bind to client socket, rc = -1 errno[13:Permission denied]
12-15 22:05:18.116 I/ThermalEngine(  496): thresholds 5000
12-15 22:05:18.116 E/QC-QMI  (  512): qmi_qmux_if_pwr_up_init_ex:  Initialization failed, rc = -1
12-15 22:05:18.116 I/ThermalEngine(  496): thresholds_clr 10000
12-15 22:05:18.116 I/ThermalEngine(  496): actions vdd_restriction
12-15 22:05:18.116 E/QMI_FW  (  512): QMUXD: WARNING qmi_qmux_if_pwr_up_init failed! rc=-1
12-15 22:05:18.116 I/ThermalEngine(  496): action_info 1
12-15 22:05:18.116 I/ThermalEngine(  496): descending
12-15 22:05:18.116 I/ThermalEngine(  496): [VDD_RSTR_MONITOR-TSENS7]
12-15 22:05:18.116 I/ThermalEngine(  496): #algo_type monitor
12-15 22:05:18.116 I/ThermalEngine(  496): sampling 1000
12-15 22:05:18.116 I/ThermalEngine(  496): sensor tsens_tz_sensor7
12-15 22:05:18.116 I/ThermalEngine(  496): thresholds 5000
12-15 22:05:18.116 I/ThermalEngine(  496): thresholds_clr 10000
12-15 22:05:18.116 I/ThermalEngine(  496): actions vdd_restriction
12-15 22:05:18.116 I/ThermalEngine(  496): action_info 1
12-15 22:05:18.116 I/ThermalEngine(  496): descending
12-15 22:05:18.116 I/ThermalEngine(  496): [VDD_RSTR_MONITOR-TSENS5]
12-15 22:05:18.116 I/ThermalEngine(  496): #algo_type monitor
12-15 22:05:18.116 I/ThermalEngine(  496): sampling 1000
12-15 22:05:18.116 I/ThermalEngine(  496): sensor tsens_tz_sensor5
12-15 22:05:18.116 I/ThermalEngine(  496): thresholds 5000
12-15 22:05:18.116 I/ThermalEngine(  496): thresholds_clr 10000
12-15 22:05:18.116 I/ThermalEngine(  496): actions vdd_restriction
12-15 22:05:18.116 I/ThermalEngine(  496): action_info 1
12-15 22:05:18.116 I/ThermalEngine(  496): descending
12-15 22:05:18.116 I/ThermalEngine(  496): [VDD_RSTR_MONITOR-TSENS4]
12-15 22:05:18.116 I/ThermalEngine(  496): #algo_type monitor
12-15 22:05:18.116 I/ThermalEngine(  496): sampling 1000
12-15 22:05:18.116 I/ThermalEngine(  496): sensor tsens_tz_sensor4
12-15 22:05:18.116 I/ThermalEngine(  496): thresholds 5000
12-15 22:05:18.116 I/ThermalEngine(  496): thresholds_clr 10000
12-15 22:05:18.116 I/ThermalEngine(  496): actions vdd_restriction
12-15 22:05:18.116 I/ThermalEngine(  496): action_info 1
12-15 22:05:18.116 I/ThermalEngine(  496): descending
12-15 22:05:18.116 I/ThermalEngine(  496): [VDD_RSTR_MONITOR-TSENS3]
12-15 22:05:18.116 I/ThermalEngine(  496): #algo_type monitor
12-15 22:05:18.116 I/ThermalEngine(  496): sampling 1000
12-15 22:05:18.116 I/ThermalEngine(  496): sensor tsens_tz_sensor3
12-15 22:05:18.116 I/ThermalEngine(  496): thresholds 5000
12-15 22:05:18.116 I/ThermalEngine(  496): thresholds_clr 10000
12-15 22:05:18.116 I/ThermalEngine(  496): actions vdd_restriction
12-15 22:05:18.116 I/ThermalEngine(  496): action_info 1
12-15 22:05:18.116 I/ThermalEngine(  496): descending
12-15 22:05:18.116 I/ThermalEngine(  496): [VDD_RSTR_MONITOR-TSENS2]
12-15 22:05:18.116 I/ThermalEngine(  496): #algo_type monitor
12-15 22:05:18.116 I/ThermalEngine(  496): sampling 1000
12-15 22:05:18.116 I/ThermalEngine(  496): sensor tsens_tz_sensor2
12-15 22:05:18.116 I/ThermalEngine(  496): thresholds 5000
12-15 22:05:18.116 I/ThermalEngine(  496): thresholds_clr 10000
12-15 22:05:18.117 I/ThermalEngine(  496): actions vdd_restriction
12-15 22:05:18.117 I/ThermalEngine(  496): action_info 1
12-15 22:05:18.117 I/ThermalEngine(  496): descending
12-15 22:05:18.117 I/ThermalEngine(  496): [VDD_RSTR_MONITOR-TSENS1]
12-15 22:05:18.117 I/ThermalEngine(  496): #algo_type monitor
12-15 22:05:18.117 I/ThermalEngine(  496): sampling 1000
12-15 22:05:18.117 I/ThermalEngine(  496): sensor tsens_tz_sensor1
12-15 22:05:18.117 I/ThermalEngine(  496): thresholds 5000
12-15 22:05:18.117 I/ThermalEngine(  496): thresholds_clr 10000
12-15 22:05:18.117 I/ThermalEngine(  496): actions vdd_restriction
12-15 22:05:18.117 I/ThermalEngine(  496): action_info 1
12-15 22:05:18.117 I/ThermalEngine(  496): descending
12-15 22:05:18.117 I/ThermalEngine(  496): [VDD_RSTR_MONITOR-TSENS0]
12-15 22:05:18.117 I/ThermalEngine(  496): #algo_type monitor
12-15 22:05:18.117 I/ThermalEngine(  496): sampling 1000
12-15 22:05:18.117 I/ThermalEngine(  496): sensor tsens_tz_sensor0
12-15 22:05:18.117 I/ThermalEngine(  496): thresholds 5000
12-15 22:05:18.117 I/ThermalEngine(  496): thresholds_clr 10000
12-15 22:05:18.117 I/ThermalEngine(  496): actions vdd_restriction
12-15 22:05:18.117 I/ThermalEngine(  496): action_info 1
12-15 22:05:18.117 I/ThermalEngine(  496): descending
12-15 22:05:18.117 E/ThermalEngine(  496): create_device_clnts: Error adding device 
12-15 22:05:18.117 I/ThermalEngine(  496): [SS-GPU]
12-15 22:05:18.117 I/ThermalEngine(  496): #algo_type ss
12-15 22:05:18.117 I/ThermalEngine(  496): sampling 250
12-15 22:05:18.117 I/ThermalEngine(  496): sensor gpu
12-15 22:05:18.117 I/ThermalEngine(  496): device gpu
12-15 22:05:18.117 I/ThermalEngine(  496): set_point 85000
12-15 22:05:18.117 I/ThermalEngine(  496): set_point_clr 55000
12-15 22:05:18.117 I/ThermalEngine(  496): time_constant 0
12-15 22:05:18.117 I/ThermalEngine(  496): [SS-POPMEM]
12-15 22:05:18.117 I/ThermalEngine(  496): #algo_type ss
12-15 22:05:18.117 I/ThermalEngine(  496): sampling 10
12-15 22:05:18.117 I/ThermalEngine(  496): sensor pop_mem
12-15 22:05:18.117 I/ThermalEngine(  496): device cluster1
12-15 22:05:18.117 I/ThermalEngine(  496): set_point 80000
12-15 22:05:18.117 I/ThermalEngine(  496): set_point_clr 55000
12-15 22:05:18.117 I/ThermalEngine(  496): time_constant 16
12-15 22:05:18.117 I/ThermalEngine(  496): [SS-CPU5]
12-15 22:05:18.117 I/ThermalEngine(  496): #algo_type ss
12-15 22:05:18.117 I/ThermalEngine(  496): sampling 10
12-15 22:05:18.117 I/ThermalEngine(  496): sensor cpu5
12-15 22:05:18.117 I/ThermalEngine(  496): device cluster1
12-15 22:05:18.117 I/ThermalEngine(  496): set_point 95000
12-15 22:05:18.117 I/ThermalEngine(  496): set_point_clr 55000
12-15 22:05:18.117 I/ThermalEngine(  496): time_constant 0
12-15 22:05:18.117 I/ThermalEngine(  496): [SS-CPU4]
12-15 22:05:18.117 I/ThermalEngine(  496): #algo_type ss
12-15 22:05:18.117 I/ThermalEngine(  496): sampling 10
12-15 22:05:18.117 I/ThermalEngine(  496): sensor cpu4
12-15 22:05:18.117 I/ThermalEngine(  496): device cluster1
12-15 22:05:18.118 I/ThermalEngine(  496): set_point 95000
12-15 22:05:18.118 I/ThermalEngine(  496): set_point_clr 55000
12-15 22:05:18.118 I/ThermalEngine(  496): time_constant 0
12-15 22:05:18.118 I/ThermalEngine(  496): [SS-CPU3]
12-15 22:05:18.118 I/ThermalEngine(  496): #algo_type ss
12-15 22:05:18.118 I/ThermalEngine(  496): sampling 10
12-15 22:05:18.118 I/ThermalEngine(  496): sensor cpu3
12-15 22:05:18.118 I/ThermalEngine(  496): device cluster0
12-15 22:05:18.118 I/ThermalEngine(  496): set_point 95000
12-15 22:05:18.118 I/ThermalEngine(  496): set_point_clr 55000
12-15 22:05:18.118 I/ThermalEngine(  496): time_constant 0
12-15 22:05:18.118 I/ThermalEngine(  496): [SS-CPU2]
12-15 22:05:18.118 I/ThermalEngine(  496): #algo_type ss
12-15 22:05:18.118 I/ThermalEngine(  496): sampling 10
12-15 22:05:18.118 I/ThermalEngine(  496): sensor cpu2
12-15 22:05:18.118 I/ThermalEngine(  496): device cluster0
12-15 22:05:18.118 I/ThermalEngine(  496): set_point 95000
12-15 22:05:18.118 I/ThermalEngine(  496): set_point_clr 55000
12-15 22:05:18.118 I/ThermalEngine(  496): time_constant 0
12-15 22:05:18.118 I/ThermalEngine(  496): [SS-CPU0]
12-15 22:05:18.118 I/ThermalEngine(  496): #algo_type ss
12-15 22:05:18.118 I/ThermalEngine(  496): sampling 10
12-15 22:05:18.118 I/ThermalEngine(  496): sensor cpu0-1
12-15 22:05:18.118 I/ThermalEngine(  496): device cluster0
12-15 22:05:18.118 I/ThermalEngine(  496): set_point 95000
12-15 22:05:18.118 I/ThermalEngine(  496): set_point_clr 55000
12-15 22:05:18.118 I/ThermalEngine(  496): time_constant 0
12-15 22:05:18.119 D/QC-time-services(  512): Daemon:genoff_modem_qmi_service_request: Initial transaction successfull
12-15 22:05:18.119 E/QC-time-services(  512): Daemon:tod_update_ind_cb: Got Update from modem msg_id 40
12-15 22:05:18.136 W/qti     (  494): type=1400 audit(0.0:18): avc: denied { read write } for name="diag" dev="tmpfs" ino=10607 scontext=u:r:qti:s0 tcontext=u:object_r:diag_device:s0 tclass=chr_file permissive=0
12-15 22:05:18.136 W/qti     (  494): type=1400 audit(0.0:19): avc: denied { read write } for name="diag" dev="tmpfs" ino=10607 scontext=u:r:qti:s0 tcontext=u:object_r:diag_device:s0 tclass=chr_file permissive=0
12-15 22:05:18.136 W/ATFWD-daemon(  514): type=1400 audit(0.0:20): avc: denied { read write } for name="diag" dev="tmpfs" ino=10607 scontext=u:r:atfwd:s0 tcontext=u:object_r:diag_device:s0 tclass=chr_file permissive=0
12-15 22:05:18.141 E/Diag_Lib(  494):  Diag_LSM_Init: Failed to open handle to diag driver, error = 13
12-15 22:05:18.142 E/Diag_Lib(  494):  Diag_LSM_Init: Failed to open handle to diag driver, error = 13
12-15 22:05:18.142 E/Diag_Lib(  514):  Diag_LSM_Init: Failed to open handle to diag driver, error = 13
12-15 22:05:18.142 E/QC-QMI  (  494): qmi_client [494]: unable to connect to server, errno=[2:No such file or directory], attempt=1
12-15 22:05:18.142 E/QC-QMI  (  514): qmi_client [514]: unable to connect to server, errno=[2:No such file or directory], attempt=1
12-15 22:05:18.152 I/ThermalEngine(  496): vdd_restrict_qmi_request: MODEM req level(0) is recorded and waiting for completing QMI registration
12-15 22:05:18.152 I/ThermalEngine(  496): vdd_restrict_qmi_request: ADSP req level(0) is recorded and waiting for completing QMI registration
12-15 22:05:18.152 I/ThermalEngine(  496): hotplug_ktm_disable_cb: write out 0
12-15 22:05:18.156 W/cnd     (  515): type=1400 audit(0.0:21): avc: denied { read write } for name="smem_log" dev="tmpfs" ino=10649 scontext=u:r:cnd:s0 tcontext=u:object_r:smem_log_device:s0 tclass=chr_file permissive=0
12-15 22:05:18.156 W/cnd     (  515): type=1400 audit(0.0:22): avc: denied { read write } for name="diag" dev="tmpfs" ino=10607 scontext=u:r:cnd:s0 tcontext=u:object_r:diag_device:s0 tclass=chr_file permissive=0
12-15 22:05:18.166 W/cnd     (  515): type=1400 audit(0.0:23): avc: denied { read write } for name="diag" dev="tmpfs" ino=10607 scontext=u:r:cnd:s0 tcontext=u:object_r:diag_device:s0 tclass=chr_file permissive=0
12-15 22:05:18.170 E/QCNEA   (  515): Cne Version 4.8
12-15 22:05:18.170 E/Diag_Lib(  515):  Diag_LSM_Init: Failed to open handle to diag driver, error = 13
12-15 22:05:18.172 E/Diag_Lib(  515):  Diag_LSM_Init: Failed to open handle to diag driver, error = 13
12-15 22:05:18.172 E/QC-QMI  (  515): qmi_client [515]: unable to connect to server, errno=[2:No such file or directory], attempt=1
12-15 22:05:18.226 W/netmgrd (  495): type=1400 audit(0.0:24): avc: denied { read write } for name="diag" dev="tmpfs" ino=10607 scontext=u:r:netmgrd:s0 tcontext=u:object_r:diag_device:s0 tclass=chr_file permissive=0
12-15 22:05:18.226 W/qmuxd   (  492): type=1400 audit(0.0:25): avc: denied { read write } for name="diag" dev="tmpfs" ino=10607 scontext=u:r:qmux:s0 tcontext=u:object_r:diag_device:s0 tclass=chr_file permissive=0
12-15 22:05:18.226 W/qmuxd   (  492): type=1400 audit(0.0:26): avc: denied { read write } for name="diag" dev="tmpfs" ino=10607 scontext=u:r:qmux:s0 tcontext=u:object_r:diag_device:s0 tclass=chr_file permissive=0
12-15 22:05:18.236 W/imsdatadaemon(  518): type=1400 audit(0.0:27): avc: denied { read write } for name="diag" dev="tmpfs" ino=10607 scontext=u:r:ims:s0 tcontext=u:object_r:diag_device:s0 tclass=chr_file permissive=0
12-15 22:05:18.236 W/imsdatadaemon(  518): type=1400 audit(0.0:28): avc: denied { read write } for name="diag" dev="tmpfs" ino=10607 scontext=u:r:ims:s0 tcontext=u:object_r:diag_device:s0 tclass=chr_file permissive=0
12-15 22:05:18.236 W/imsdatadaemon(  518): type=1400 audit(0.0:29): avc: denied { read write } for name="diag" dev="tmpfs" ino=10607 scontext=u:r:ims:s0 tcontext=u:object_r:diag_device:s0 tclass=chr_file permissive=0
12-15 22:05:18.236 W/imsdatadaemon(  518): type=1400 audit(0.0:30): avc: denied { read write } for name="diag" dev="tmpfs" ino=10607 scontext=u:r:ims:s0 tcontext=u:object_r:diag_device:s0 tclass=chr_file permissive=0
12-15 22:05:18.236 W/imsdatadaemon(  518): type=1400 audit(0.0:31): avc: denied { read write } for name="diag" dev="tmpfs" ino=10607 scontext=u:r:ims:s0 tcontext=u:object_r:diag_device:s0 tclass=chr_file permissive=0
12-15 22:05:18.236 W/imsdatadaemon(  518): type=1400 audit(0.0:32): avc: denied { read write } for name="diag" dev="tmpfs" ino=10607 scontext=u:r:ims:s0 tcontext=u:object_r:diag_device:s0 tclass=chr_file permissive=0
12-15 22:05:18.236 W/imsdatadaemon(  518): type=1400 audit(0.0:33): avc: denied { read write } for name="diag" dev="tmpfs" ino=10607 scontext=u:r:ims:s0 tcontext=u:object_r:diag_device:s0 tclass=chr_file permissive=0
12-15 22:05:18.236 W/imsdatadaemon(  518): type=1400 audit(0.0:34): avc: denied { read write } for name="diag" dev="tmpfs" ino=10607 scontext=u:r:ims:s0 tcontext=u:object_r:diag_device:s0 tclass=chr_file permissive=0
12-15 22:05:18.236 W/imsdatadaemon(  518): type=1400 audit(0.0:35): avc: denied { read write } for name="diag" dev="tmpfs" ino=10607 scontext=u:r:ims:s0 tcontext=u:object_r:diag_device:s0 tclass=chr_file permissive=0
12-15 22:05:18.236 W/imsdatadaemon(  518): type=1400 audit(0.0:36): avc: denied { read write } for name="diag" dev="tmpfs" ino=10607 scontext=u:r:ims:s0 tcontext=u:object_r:diag_device:s0 tclass=chr_file permissive=0
12-15 22:05:18.236 W/imsdatadaemon(  518): type=1400 audit(0.0:37): avc: denied { read write } for name="diag" dev="tmpfs" ino=10607 scontext=u:r:ims:s0 tcontext=u:object_r:diag_device:s0 tclass=chr_file permissive=0
12-15 22:05:18.236 W/imsdatadaemon(  518): type=1400 audit(0.0:38): avc: denied { read write } for name="diag" dev="tmpfs" ino=10607 scontext=u:r:ims:s0 tcontext=u:object_r:diag_device:s0 tclass=chr_file permissive=0
12-15 22:05:18.236 W/imsdatadaemon(  518): type=1400 audit(0.0:39): avc: denied { read write } for name="diag" dev="tmpfs" ino=10607 scontext=u:r:ims:s0 tcontext=u:object_r:diag_device:s0 tclass=chr_file permissive=0
12-15 22:05:18.236 W/imsdatadaemon(  518): type=1400 audit(0.0:40): avc: denied { read write } for name="diag" dev="tmpfs" ino=10607 scontext=u:r:ims:s0 tcontext=u:object_r:diag_device:s0 tclass=chr_file permissive=0
12-15 22:05:18.236 W/imsdatadaemon(  518): type=1400 audit(0.0:41): avc: denied { read write } for name="diag" dev="tmpfs" ino=10607 scontext=u:r:ims:s0 tcontext=u:object_r:diag_device:s0 tclass=chr_file permissive=0
12-15 22:05:18.236 W/imsdatadaemon(  518): type=1400 audit(0.0:42): avc: denied { read write } for name="diag" dev="tmpfs" ino=10607 scontext=u:r:ims:s0 tcontext=u:object_r:diag_device:s0 tclass=chr_file permissive=0
12-15 22:05:18.237 E/Diag_Lib(  495):  Diag_LSM_Init: Failed to open handle to diag driver, error = 13
12-15 22:05:18.239 E/Diag_Lib(  492):  Diag_LSM_Init: Failed to open handle to diag driver, error = 13
12-15 22:05:18.240 E/QC-QMI  (  492): qmuxd: linux_qmi_read_sysfs_config: couldn't open file /sys/module/f_rmnet/parameters/rmnet_ctl_ch
12-15 22:05:18.240 E/QC-QMI  (  492): qmuxd: linux_qmi_read_sysfs_config: couldn't open /sys/module/rmnet/parameters/rmnet_ctl_ch
12-15 22:05:18.240 E/Diag_Lib(  492):  Diag_LSM_Init: Failed to open handle to diag driver, error = 13
12-15 22:05:18.245 E/Diag_Lib(  518):  Diag_LSM_Init: Failed to open handle to diag driver, error = 13
12-15 22:05:18.245 E/Diag_Lib(  518): qpLogDiagInit <== result : 0
12-15 22:05:18.245 E/Diag_Lib(  518): DATAD : gIsQXDMDisabled 0, gIsADBDisabled 1, gIsDebugDisabled 0, gIsIMSLogsDisabled 0
12-15 22:05:18.245 E/Diag_Lib(  518):  Diag_LSM_Init: Failed to open handle to diag driver, error = 13
12-15 22:05:18.245 E/Diag_Lib(  518): qpLogDiagInit <== result : 0
12-15 22:05:18.245 E/Diag_Lib(  518): DATAD : gIsQXDMDisabled 0, gIsADBDisabled 1, gIsDebugDisabled 0, gIsIMSLogsDisabled 0
12-15 22:05:18.245 E/Diag_Lib(  518):  Diag_LSM_Init: Failed to open handle to diag driver, error = 13
12-15 22:05:18.245 E/Diag_Lib(  518): qpLogDiagInit <== result : 0
12-15 22:05:18.245 E/Diag_Lib(  518): DATAD : gIsQXDMDisabled 0, gIsADBDisabled 1, gIsDebugDisabled 0, gIsIMSLogsDisabled 0
12-15 22:05:18.245 E/Diag_Lib(  518):  Diag_LSM_Init: Failed to open handle to diag driver, error = 13
12-15 22:05:18.246 E/Diag_Lib(  518): qpLogDiagInit <== result : 0
12-15 22:05:18.246 E/Diag_Lib(  518): DATAD : gIsQXDMDisabled 0, gIsADBDisabled 1, gIsDebugDisabled 0, gIsIMSLogsDisabled 0
12-15 22:05:18.246 E/Diag_Lib(  518):  Diag_LSM_Init: Failed to open handle to diag driver, error = 13
12-15 22:05:18.246 E/Diag_Lib(  518): qpLogDiagInit <== result : 0
12-15 22:05:18.246 E/Diag_Lib(  518): DATAD : gIsQXDMDisabled 0, gIsADBDisabled 1, gIsDebugDisabled 0, gIsIMSLogsDisabled 0
12-15 22:05:18.246 E/Diag_Lib(  518):  Diag_LSM_Init: Failed to open handle to diag driver, error = 13
12-15 22:05:18.246 E/Diag_Lib(  518): qpLogDiagInit <== result : 0
12-15 22:05:18.246 E/Diag_Lib(  518): DATAD : gIsQXDMDisabled 0, gIsADBDisabled 1, gIsDebugDisabled 0, gIsIMSLogsDisabled 0
12-15 22:05:18.246 E/Diag_Lib(  518):  Diag_LSM_Init: Failed to open handle to diag driver, error = 13
12-15 22:05:18.246 E/Diag_Lib(  518): qpLogDiagInit <== result : 0
12-15 22:05:18.246 E/Diag_Lib(  518): DATAD : gIsQXDMDisabled 0, gIsADBDisabled 1, gIsDebugDisabled 0, gIsIMSLogsDisabled 0
12-15 22:05:18.247 E/Diag_Lib(  518):  Diag_LSM_Init: Failed to open handle to diag driver, error = 13
12-15 22:05:18.247 E/Diag_Lib(  518): qpLogDiagInit <== result : 0
12-15 22:05:18.247 E/Diag_Lib(  518): DATAD : gIsQXDMDisabled 0, gIsADBDisabled 1, gIsDebugDisabled 0, gIsIMSLogsDisabled 0
12-15 22:05:18.247 E/Diag_Lib(  518):  Diag_LSM_Init: Failed to open handle to diag driver, error = 13
12-15 22:05:18.247 E/Diag_Lib(  518): qpLogDiagInit <== result : 0
12-15 22:05:18.247 E/Diag_Lib(  518): DATAD : gIsQXDMDisabled 0, gIsADBDisabled 1, gIsDebugDisabled 0, gIsIMSLogsDisabled 0
12-15 22:05:18.247 E/Diag_Lib(  518):  Diag_LSM_Init: Failed to open handle to diag driver, error = 13
12-15 22:05:18.247 E/Diag_Lib(  518): qpLogDiagInit <== result : 0
12-15 22:05:18.247 E/Diag_Lib(  518): DATAD : gIsQXDMDisabled 0, gIsADBDisabled 1, gIsDebugDisabled 0, gIsIMSLogsDisabled 0
12-15 22:05:18.247 E/Diag_Lib(  518):  Diag_LSM_Init: Failed to open handle to diag driver, error = 13
12-15 22:05:18.247 E/Diag_Lib(  518): qpLogDiagInit <== result : 0
12-15 22:05:18.247 E/Diag_Lib(  518): DATAD : gIsQXDMDisabled 0, gIsADBDisabled 1, gIsDebugDisabled 0, gIsIMSLogsDisabled 0
12-15 22:05:18.247 E/Diag_Lib(  518):  Diag_LSM_Init: Failed to open handle to diag driver, error = 13
12-15 22:05:18.247 E/Diag_Lib(  518): qpLogDiagInit <== result : 0
12-15 22:05:18.247 E/Diag_Lib(  518): DATAD : gIsQXDMDisabled 0, gIsADBDisabled 1, gIsDebugDisabled 0, gIsIMSLogsDisabled 0
12-15 22:05:18.247 E/Diag_Lib(  518):  Diag_LSM_Init: Failed to open handle to diag driver, error = 13
12-15 22:05:18.247 E/Diag_Lib(  518): qpLogDiagInit <== result : 0
12-15 22:05:18.247 E/Diag_Lib(  518): DATAD : gIsQXDMDisabled 0, gIsADBDisabled 1, gIsDebugDisabled 0, gIsIMSLogsDisabled 0
12-15 22:05:18.247 E/Diag_Lib(  518):  Diag_LSM_Init: Failed to open handle to diag driver, error = 13
12-15 22:05:18.247 E/Diag_Lib(  518): qpLogDiagInit <== result : 0
12-15 22:05:18.247 E/Diag_Lib(  518): DATAD : gIsQXDMDisabled 0, gIsADBDisabled 1, gIsDebugDisabled 0, gIsIMSLogsDisabled 0
12-15 22:05:18.247 E/Diag_Lib(  518):  Diag_LSM_Init: Failed to open handle to diag driver, error = 13
12-15 22:05:18.247 E/Diag_Lib(  518): qpLogDiagInit <== result : 0
12-15 22:05:18.248 E/Diag_Lib(  518): DATAD : gIsQXDMDisabled 0, gIsADBDisabled 1, gIsDebugDisabled 0, gIsIMSLogsDisabled 0
12-15 22:05:18.248 E/Diag_Lib(  518):  Diag_LSM_Init: Failed to open handle to diag driver, error = 13
12-15 22:05:18.248 E/Diag_Lib(  518): qpLogDiagInit <== result : 0
12-15 22:05:18.248 E/Diag_Lib(  518): DATAD : gIsQXDMDisabled 0, gIsADBDisabled 1, gIsDebugDisabled 0, gIsIMSLogsDisabled 0
12-15 22:05:18.248 E/Diag_Lib(  518):  Diag_LSM_Init: Failed to open handle to diag driver, error = 13
12-15 22:05:18.248 E/Diag_Lib(  518): qpLogDiagInit <== result : 0
12-15 22:05:18.248 E/Diag_Lib(  518): DATAD : gIsQXDMDisabled 0, gIsADBDisabled 1, gIsDebugDisabled 0, gIsIMSLogsDisabled 0
12-15 22:05:18.248 E/Diag_Lib(  518):  Diag_LSM_Init: Failed to open handle to diag driver, error = 13
12-15 22:05:18.248 E/Diag_Lib(  518): qpLogDiagInit <== result : 0
12-15 22:05:18.248 E/Diag_Lib(  518): DATAD : gIsQXDMDisabled 0, gIsADBDisabled 1, gIsDebugDisabled 0, gIsIMSLogsDisabled 0
12-15 22:05:18.316 I/recovery(  595): Recovery image already installed 
12-15 22:05:18.388 I/        (  482): debuggerd: starting
12-15 22:05:18.471 E/Diag_Lib(  492):  Diag_LSM_Init: Failed to open handle to diag driver, error = 13
12-15 22:05:18.644 E/Diag_Lib(  484):  Diag_LSM_Init: Failed to open handle to diag driver, error = 13
12-15 22:05:18.693 I/libmdmdetect(  484): ESOC framework not supported
12-15 22:05:18.693 E/libmdmdetect(  484): Failed to open SSR root dir: Permission denied
12-15 22:05:18.810 V/LOWI-6.3.1.0.r(  618): [LOWIEventDispatcher] LOWIEventDispatcher
12-15 22:05:18.811 V/LOWI-6.3.1.0.r(  618): [MessageQ_Client] creating client socket
12-15 22:05:18.811 I/LOWI-6.3.1.0.r(  618): [MessageQ_Client] connecting to server [/data/misc/location/mq/location-mq-s]
12-15 22:05:18.812 I/LOWI-6.3.1.0.r(  618): [MessageQ_Client] connected
12-15 22:05:18.812 V/LOWI-6.3.1.0.r(  618): [LOWIController] init
12-15 22:05:18.812 E/QCALOG  (  617): [MessageQ] ProcessNewMessage: [NOT_REGISTERED:618] unknown deliver target [OS-Agent]
12-15 22:05:18.812 E/Diag_Lib(  618):  Diag_LSM_Init: Failed to open handle to diag driver, error = 13
12-15 22:05:18.812 E/LOWI-6.3.1.0.r(  618): [LOWIDiagLog] Diag logging could not be enabled
12-15 22:05:18.820 E/LOWI-6.3.1.0.r(  618): [LOWIEventReceiver] handleEvent failed
12-15 22:05:18.833 I/mediaserver(  486): ServiceManager: 0xf650e120
12-15 22:05:18.834 I/AudioFlinger(  486): Using 300 mSec as standby time.
12-15 22:05:18.834 E/        (  486): batterystats service unavailable!
12-15 22:05:18.834 E/        (  486): batterystats service unavailable!
12-15 22:05:18.835 I/CameraService(  486): CameraService started (pid=486)
12-15 22:05:18.835 I/CameraService(  486): CameraService process starting
12-15 22:05:18.835 E/        (  486): batterystats service unavailable!
12-15 22:05:18.835 E/        (  486): batterystats service unavailable!
12-15 22:05:19.046 E/QC-QMI  (  496): qmi_client [496]: unable to connect to server, errno=[2:No such file or directory], attempt=2
12-15 22:05:19.058 E/Diag_Lib(  484):  Diag_LSM_Init: Failed to open handle to diag driver, error = 13
12-15 22:05:19.058 E/QC-QMI  (  484): qmi_client [484]: unable to connect to server, errno=[2:No such file or directory], attempt=1
12-15 22:05:19.126 D/AndroidRuntime(  500): >>>>>> START com.android.internal.os.ZygoteInit uid 0 <<<<<<
12-15 22:05:19.142 E/QC-QMI  (  494): qmi_client [494]: unable to connect to server, errno=[2:No such file or directory], attempt=2
12-15 22:05:19.143 E/QC-QMI  (  514): qmi_client [514]: unable to connect to server, errno=[2:No such file or directory], attempt=2
12-15 22:05:19.172 D/AndroidRuntime(  500): CheckJNI is OFF
12-15 22:05:19.172 E/QC-QMI  (  515): qmi_client [515]: unable to connect to server, errno=[2:No such file or directory], attempt=2
12-15 22:05:19.173 I/art     (  500): option[0]=-Xzygote
12-15 22:05:19.174 I/art     (  500): option[1]=-Xstacktracefile:/data/anr/traces.txt
12-15 22:05:19.174 I/art     (  500): option[2]=exit
12-15 22:05:19.174 I/art     (  500): option[3]=vfprintf
12-15 22:05:19.174 I/art     (  500): option[4]=sensitiveThread
12-15 22:05:19.174 I/art     (  500): option[5]=-verbose:gc
12-15 22:05:19.174 I/art     (  500): option[6]=-Xms8m
12-15 22:05:19.174 I/art     (  500): option[7]=-Xmx512m
12-15 22:05:19.174 I/art     (  500): option[8]=-XX:HeapGrowthLimit=192m
12-15 22:05:19.174 I/art     (  500): option[9]=-XX:HeapMinFree=512k
12-15 22:05:19.174 I/art     (  500): option[10]=-XX:HeapMaxFree=8m
12-15 22:05:19.174 I/art     (  500): option[11]=-XX:HeapTargetUtilization=0.75
12-15 22:05:19.174 I/art     (  500): option[12]=-agentlib:jdwp=transport=dt_android_adb,suspend=n,server=y
12-15 22:05:19.174 I/art     (  500): option[13]=-Ximage-compiler-option
12-15 22:05:19.174 I/art     (  500): option[14]=--runtime-arg
12-15 22:05:19.174 I/art     (  500): option[15]=-Ximage-compiler-option
12-15 22:05:19.174 I/art     (  500): option[16]=-Xms64m
12-15 22:05:19.174 I/art     (  500): option[17]=-Ximage-compiler-option
12-15 22:05:19.174 I/art     (  500): option[18]=--runtime-arg
12-15 22:05:19.174 I/art     (  500): option[19]=-Ximage-compiler-option
12-15 22:05:19.174 I/art     (  500): option[20]=-Xmx64m
12-15 22:05:19.174 I/art     (  500): option[21]=-Ximage-compiler-option
12-15 22:05:19.174 I/art     (  500): option[22]=--image-classes=/system/etc/preloaded-classes
12-15 22:05:19.174 I/art     (  500): option[23]=-Xcompiler-option
12-15 22:05:19.174 I/art     (  500): option[24]=--runtime-arg
12-15 22:05:19.174 I/art     (  500): option[25]=-Xcompiler-option
12-15 22:05:19.174 I/art     (  500): option[26]=-Xms64m
12-15 22:05:19.175 I/art     (  500): option[27]=-Xcompiler-option
12-15 22:05:19.175 I/art     (  500): option[28]=--runtime-arg
12-15 22:05:19.175 I/art     (  500): option[29]=-Xcompiler-option
