12-15 21:01:49.206 E/QC-QMI  (  493): qmi_qmux_tx_msg: failed to open inactive connd_id=57
12-15 21:01:49.206 E/QC-QMI  (  493): qmi_qmux: TX failed, connection inactive or in reset, conn_id=57, status_flags=4
12-15 21:01:49.206 E/QC-QMI  (  493): qmi_ctl_tx_msg: qmi_qmux_tx_msg failed
12-15 21:01:49.206 E/QC-QMI  (  493): qmi_ctl_handle_request: qmi_ctl_tx_msg call failed
12-15 21:01:49.207 E/QC-QMI  (  493): qmi_qmux_open_connection: connection is disabled for conn_id=57
12-15 21:01:49.207 E/QC-QMI  (  493): qmi_qmux_tx_msg: failed to open inactive connd_id=57
12-15 21:01:49.207 E/QC-QMI  (  493): qmi_qmux: TX failed, connection inactive or in reset, conn_id=57, status_flags=4
12-15 21:01:49.207 E/QC-QMI  (  493): qmi_ctl_tx_msg: qmi_qmux_tx_msg failed
12-15 21:01:49.207 E/QC-QMI  (  493): qmi_ctl_handle_request: qmi_ctl_tx_msg call failed
12-15 21:01:49.208 E/QC-QMI  (  493): qmi_qmux_open_connection: connection is disabled for conn_id=29
12-15 21:01:49.208 E/QC-QMI  (  493): qmi_qmux_tx_msg: failed to open inactive connd_id=29
12-15 21:01:49.208 E/QC-QMI  (  493): qmi_qmux: TX failed, connection inactive or in reset, conn_id=29, status_flags=4
12-15 21:01:49.208 E/QC-QMI  (  493): qmi_ctl_tx_msg: qmi_qmux_tx_msg failed
12-15 21:01:49.208 E/QC-QMI  (  493): qmi_ctl_handle_request: qmi_ctl_tx_msg call failed
12-15 21:01:49.209 E/QC-QMI  (  493): qmi_qmux_open_connection: connection is disabled for conn_id=29
12-15 21:01:49.209 E/QC-QMI  (  493): qmi_qmux_tx_msg: failed to open inactive connd_id=29
12-15 21:01:49.209 E/QC-QMI  (  493): qmi_qmux: TX failed, connection inactive or in reset, conn_id=29, status_flags=4
12-15 21:01:49.209 E/QC-QMI  (  493): qmi_ctl_tx_msg: qmi_qmux_tx_msg failed
12-15 21:01:49.209 E/QC-QMI  (  493): qmi_ctl_handle_request: qmi_ctl_tx_msg call failed
12-15 21:01:49.210 E/QC-QMI  (  493): qmi_qmux_open_connection: connection is disabled for conn_id=29
12-15 21:01:49.210 E/QC-QMI  (  493): qmi_qmux_tx_msg: failed to open inactive connd_id=29
12-15 21:01:49.210 E/QC-QMI  (  493): qmi_qmux: TX failed, connection inactive or in reset, conn_id=29, status_flags=4
12-15 21:01:49.210 E/QC-QMI  (  493): qmi_ctl_tx_msg: qmi_qmux_tx_msg failed
12-15 21:01:49.210 E/QC-QMI  (  493): qmi_ctl_handle_request: qmi_ctl_tx_msg call failed
12-15 21:01:49.210 E/QC-QMI  (  493): qmi_qmux_open_connection: connection is disabled for conn_id=29
12-15 21:01:49.210 E/QC-QMI  (  493): qmi_qmux_tx_msg: failed to open inactive connd_id=29
12-15 21:01:49.210 E/QC-QMI  (  493): qmi_qmux: TX failed, connection inactive or in reset, conn_id=29, status_flags=4
12-15 21:01:49.210 E/QC-QMI  (  493): qmi_ctl_tx_msg: qmi_qmux_tx_msg failed
12-15 21:01:49.210 E/QC-QMI  (  493): qmi_ctl_handle_request: qmi_ctl_tx_msg call failed
12-15 21:01:49.211 E/QC-QMI  (  493): qmi_qmux_open_connection: connection is disabled for conn_id=29
12-15 21:01:49.211 E/QC-QMI  (  493): qmi_qmux_tx_msg: failed to open inactive connd_id=29
12-15 21:01:49.211 E/QC-QMI  (  493): qmi_qmux: TX failed, connection inactive or in reset, conn_id=29, status_flags=4
12-15 21:01:49.211 E/QC-QMI  (  493): qmi_ctl_tx_msg: qmi_qmux_tx_msg failed
12-15 21:01:49.211 E/QC-QMI  (  493): qmi_ctl_handle_request: qmi_ctl_tx_msg call failed
12-15 21:01:49.211 E/QC-QMI  (  493): qmi_qmux_open_connection: connection is disabled for conn_id=29
12-15 21:01:49.211 E/QC-QMI  (  493): qmi_qmux_tx_msg: failed to open inactive connd_id=29
12-15 21:01:49.211 E/QC-QMI  (  493): qmi_qmux: TX failed, connection inactive or in reset, conn_id=29, status_flags=4
12-15 21:01:49.211 E/QC-QMI  (  493): qmi_ctl_tx_msg: qmi_qmux_tx_msg failed
12-15 21:01:49.211 E/QC-QMI  (  493): qmi_ctl_handle_request: qmi_ctl_tx_msg call failed
12-15 21:01:49.212 E/QC-QMI  (  493): qmi_qmux_open_connection: connection is disabled for conn_id=48
12-15 21:01:49.212 E/QC-QMI  (  493): qmi_qmux_tx_msg: failed to open inactive connd_id=48
12-15 21:01:49.212 E/QC-QMI  (  493): qmi_qmux: TX failed, connection inactive or in reset, conn_id=48, status_flags=4
12-15 21:01:49.212 E/QC-QMI  (  493): qmi_ctl_tx_msg: qmi_qmux_tx_msg failed
12-15 21:01:49.212 E/QC-QMI  (  493): qmi_ctl_handle_request: qmi_ctl_tx_msg call failed
12-15 21:01:49.212 E/QC-QMI  (  493): qmi_qmux_open_connection: connection is disabled for conn_id=48
12-15 21:01:49.212 E/QC-QMI  (  493): qmi_qmux_tx_msg: failed to open inactive connd_id=48
12-15 21:01:49.212 E/QC-QMI  (  493): qmi_qmux: TX failed, connection inactive or in reset, conn_id=48, status_flags=4
12-15 21:01:49.212 E/QC-QMI  (  493): qmi_ctl_tx_msg: qmi_qmux_tx_msg failed
12-15 21:01:49.212 E/QC-QMI  (  493): qmi_ctl_handle_request: qmi_ctl_tx_msg call failed
12-15 21:01:49.213 E/QC-QMI  (  493): qmi_qmux_open_connection: connection is disabled for conn_id=29
12-15 21:01:49.213 E/QC-QMI  (  493): qmi_qmux_tx_msg: failed to open inactive connd_id=29
12-15 21:01:49.213 E/QC-QMI  (  493): qmi_qmux: TX failed, connection inactive or in reset, conn_id=29, status_flags=4
12-15 21:01:49.213 E/QC-QMI  (  493): qmi_ctl_tx_msg: qmi_qmux_tx_msg failed
12-15 21:01:49.213 E/QC-QMI  (  493): qmi_ctl_handle_request: qmi_ctl_tx_msg call failed
12-15 21:01:49.213 E/QC-QMI  (  493): qmi_qmux_open_connection: connection is disabled for conn_id=48
12-15 21:01:49.213 E/QC-QMI  (  493): qmi_qmux_tx_msg: failed to open inactive connd_id=48
12-15 21:01:49.213 E/QC-QMI  (  493): qmi_qmux: TX failed, connection inactive or in reset, conn_id=48, status_flags=4
12-15 21:01:49.213 E/QC-QMI  (  493): qmi_ctl_tx_msg: qmi_qmux_tx_msg failed
12-15 21:01:49.213 E/QC-QMI  (  493): qmi_ctl_handle_request: qmi_ctl_tx_msg call failed
12-15 21:01:49.214 E/QC-QMI  (  493): qmi_qmux_open_connection: connection is disabled for conn_id=48
12-15 21:01:49.214 E/QC-QMI  (  493): qmi_qmux_tx_msg: failed to open inactive connd_id=48
12-15 21:01:49.214 E/QC-QMI  (  493): qmi_qmux: TX failed, connection inactive or in reset, conn_id=48, status_flags=4
12-15 21:01:49.214 E/QC-QMI  (  493): qmi_ctl_tx_msg: qmi_qmux_tx_msg failed
12-15 21:01:49.214 E/QC-QMI  (  493): qmi_ctl_handle_request: qmi_ctl_tx_msg call failed
12-15 21:01:49.215 E/QC-QMI  (  493): qmi_qmux_open_connection: connection is disabled for conn_id=57
12-15 21:01:49.215 E/QC-QMI  (  493): qmi_qmux_tx_msg: failed to open inactive connd_id=57
12-15 21:01:49.215 E/QC-QMI  (  493): qmi_qmux: TX failed, connection inactive or in reset, conn_id=57, status_flags=4
12-15 21:01:49.215 E/QC-QMI  (  493): qmi_ctl_tx_msg: qmi_qmux_tx_msg failed
12-15 21:01:49.215 E/QC-QMI  (  493): qmi_ctl_handle_request: qmi_ctl_tx_msg call failed
12-15 21:01:49.216 E/QC-QMI  (  493): qmi_qmux_open_connection: connection is disabled for conn_id=57
12-15 21:01:49.216 E/QC-QMI  (  493): qmi_qmux_tx_msg: failed to open inactive connd_id=57
12-15 21:01:49.216 E/QC-QMI  (  511): qmi_client [511] e: failed to locate client data
12-15 21:01:49.216 E/QC-QMI  (  493): qmi_qmux: TX failed, connection inactive or in reset, conn_id=57, status_flags=4
12-15 21:01:49.216 E/QC-QMI  (  493): qmi_ctl_tx_msg: qmi_qmux_tx_msg failed
12-15 21:01:49.216 E/QC-QMI  (  493): qmi_ctl_handle_request: qmi_ctl_tx_msg call failed
12-15 21:01:49.216 E/QC-QMI  (  493): qmi_qmux_open_connection: connection is disabled for conn_id=57
12-15 21:01:49.217 E/QC-QMI  (  493): qmi_qmux_tx_msg: failed to open inactive connd_id=57
12-15 21:01:49.217 E/QC-QMI  (  493): qmi_qmux: TX failed, connection inactive or in reset, conn_id=57, status_flags=4
12-15 21:01:49.217 E/QC-QMI  (  493): qmi_ctl_tx_msg: qmi_qmux_tx_msg failed
12-15 21:01:49.217 E/QC-QMI  (  493): qmi_ctl_handle_request: qmi_ctl_tx_msg call failed
12-15 21:01:49.217 E/QC-QMI  (  493): qmi_qmux_open_connection: connection is disabled for conn_id=29
12-15 21:01:49.217 E/QC-QMI  (  493): qmi_qmux_tx_msg: failed to open inactive connd_id=29
12-15 21:01:49.217 E/QC-QMI  (  493): qmi_qmux: TX failed, connection inactive or in reset, conn_id=29, status_flags=4
12-15 21:01:49.217 E/QC-QMI  (  493): qmi_ctl_tx_msg: qmi_qmux_tx_msg failed
12-15 21:01:49.217 E/QC-QMI  (  493): qmi_ctl_handle_request: qmi_ctl_tx_msg call failed
12-15 21:01:49.217 E/QC-QMI  (  493): qmuxd: RX on fd=19 returned error=0 errno[2:No such file or directory]
12-15 21:01:49.217 E/QC-QMI  (  493): QMUX qmux_client_id=e not found in qmux client list, unable to remove
12-15 21:01:49.218 E/QC-QMI  (  493): qmi_qmux_open_connection: connection is disabled for conn_id=29
12-15 21:01:49.218 E/QC-QMI  (  493): qmi_qmux_tx_msg: failed to open inactive connd_id=29
12-15 21:01:49.218 E/QC-QMI  (  493): qmi_qmux: TX failed, connection inactive or in reset, conn_id=29, status_flags=4
12-15 21:01:49.218 E/QC-QMI  (  493): qmi_ctl_tx_msg: qmi_qmux_tx_msg failed
12-15 21:01:49.218 E/QC-QMI  (  493): qmi_ctl_handle_request: qmi_ctl_tx_msg call failed
12-15 21:01:49.218 E/QC-QMI  (  493): qmi_qmux_open_connection: connection is disabled for conn_id=57
12-15 21:01:49.218 E/QC-QMI  (  493): qmi_qmux_tx_msg: failed to open inactive connd_id=57
12-15 21:01:49.218 E/QC-QMI  (  493): qmi_qmux: TX failed, connection inactive or in reset, conn_id=57, status_flags=4
12-15 21:01:49.218 E/QC-QMI  (  493): qmi_ctl_tx_msg: qmi_qmux_tx_msg failed
12-15 21:01:49.219 E/QC-QMI  (  493): qmi_ctl_handle_request: qmi_ctl_tx_msg call failed
12-15 21:01:49.219 E/QC-QMI  (  493): qmi_qmux_open_connection: connection is disabled for conn_id=48
12-15 21:01:49.219 E/QC-QMI  (  493): qmi_qmux_tx_msg: failed to open inactive connd_id=48
12-15 21:01:49.219 E/QC-QMI  (  493): qmi_qmux: TX failed, connection inactive or in reset, conn_id=48, status_flags=4
12-15 21:01:49.219 E/QC-QMI  (  493): qmi_ctl_tx_msg: qmi_qmux_tx_msg failed
12-15 21:01:49.219 E/QC-QMI  (  493): qmi_ctl_handle_request: qmi_ctl_tx_msg call failed
12-15 21:01:49.220 E/QC-QMI  (  493): qmi_qmux_open_connection: connection is disabled for conn_id=29
12-15 21:01:49.220 E/QC-QMI  (  493): qmi_qmux_tx_msg: failed to open inactive connd_id=29
12-15 21:01:49.220 E/QC-QMI  (  493): qmi_qmux: TX failed, connection inactive or in reset, conn_id=29, status_flags=4
12-15 21:01:49.220 E/QC-QMI  (  493): qmi_ctl_tx_msg: qmi_qmux_tx_msg failed
12-15 21:01:49.220 E/QC-QMI  (  493): qmi_ctl_handle_request: qmi_ctl_tx_msg call failed
12-15 21:01:49.220 E/QC-QMI  (  493): qmi_qmux_open_connection: connection is disabled for conn_id=48
12-15 21:01:49.220 E/QC-QMI  (  493): qmi_qmux_tx_msg: failed to open inactive connd_id=48
12-15 21:01:49.220 E/QC-QMI  (  493): qmi_qmux: TX failed, connection inactive or in reset, conn_id=48, status_flags=4
12-15 21:01:49.220 E/QC-QMI  (  493): qmi_ctl_tx_msg: qmi_qmux_tx_msg failed
12-15 21:01:49.220 I/ThermalEngine(  497): MODEM thermal mitigation available.
12-15 21:01:49.221 E/QC-QMI  (  493): qmi_ctl_handle_request: qmi_ctl_tx_msg call failed
12-15 21:01:49.221 E/QC-QMI  (  493): qmi_qmux_open_connection: connection is disabled for conn_id=29
12-15 21:01:49.221 E/QC-QMI  (  493): qmi_qmux_tx_msg: failed to open inactive connd_id=29
12-15 21:01:49.221 E/QC-QMI  (  493): qmi_qmux: TX failed, connection inactive or in reset, conn_id=29, status_flags=4
12-15 21:01:49.221 E/QC-QMI  (  493): qmi_ctl_tx_msg: qmi_qmux_tx_msg failed
12-15 21:01:49.221 E/QC-QMI  (  493): qmi_ctl_handle_request: qmi_ctl_tx_msg call failed
12-15 21:01:49.221 E/QC-QMI  (  493): qmi_qmux_open_connection: connection is disabled for conn_id=57
12-15 21:01:49.221 E/QC-QMI  (  493): qmi_qmux_tx_msg: failed to open inactive connd_id=57
12-15 21:01:49.221 E/QC-QMI  (  493): qmi_qmux: TX failed, connection inactive or in reset, conn_id=57, status_flags=4
12-15 21:01:49.221 E/QC-QMI  (  493): qmi_ctl_tx_msg: qmi_qmux_tx_msg failed
12-15 21:01:49.222 E/QC-QMI  (  493): qmi_ctl_handle_request: qmi_ctl_tx_msg call failed
12-15 21:01:49.222 E/QC-QMI  (  493): qmi_qmux_open_connection: connection is disabled for conn_id=48
12-15 21:01:49.222 E/QC-QMI  (  493): qmi_qmux_tx_msg: failed to open inactive connd_id=48
12-15 21:01:49.222 E/QC-QMI  (  493): qmi_qmux: TX failed, connection inactive or in reset, conn_id=48, status_flags=4
12-15 21:01:49.222 E/QC-QMI  (  493): qmi_ctl_tx_msg: qmi_qmux_tx_msg failed
12-15 21:01:49.222 E/QC-QMI  (  493): qmi_ctl_handle_request: qmi_ctl_tx_msg call failed
12-15 21:01:49.222 E/QC-QMI  (  493): qmi_qmux_open_connection: connection is disabled for conn_id=57
12-15 21:01:49.222 E/QC-QMI  (  493): qmi_qmux_tx_msg: failed to open inactive connd_id=57
12-15 21:01:49.222 E/QC-QMI  (  493): qmi_qmux: TX failed, connection inactive or in reset, conn_id=57, status_flags=4
12-15 21:01:49.222 E/QC-QMI  (  493): qmi_ctl_tx_msg: qmi_qmux_tx_msg failed
12-15 21:01:49.223 E/QC-QMI  (  493): qmi_ctl_handle_request: qmi_ctl_tx_msg call failed
12-15 21:01:49.223 E/QC-QMI  (  493): qmi_qmux_open_connection: connection is disabled for conn_id=48
12-15 21:01:49.223 E/QC-QMI  (  493): qmi_qmux_tx_msg: failed to open inactive connd_id=48
12-15 21:01:49.223 E/QC-QMI  (  493): qmi_qmux: TX failed, connection inactive or in reset, conn_id=48, status_flags=4
12-15 21:01:49.223 E/QC-QMI  (  493): qmi_ctl_tx_msg: qmi_qmux_tx_msg failed
12-15 21:01:49.223 E/QC-QMI  (  493): qmi_ctl_handle_request: qmi_ctl_tx_msg call failed
12-15 21:01:49.223 E/QC-QMI  (  493): qmi_qmux_open_connection: connection is disabled for conn_id=48
12-15 21:01:49.223 E/QC-QMI  (  493): qmi_qmux_tx_msg: failed to open inactive connd_id=48
12-15 21:01:49.223 E/QC-QMI  (  493): qmi_qmux: TX failed, connection inactive or in reset, conn_id=48, status_flags=4
12-15 21:01:49.224 E/QC-QMI  (  493): qmi_ctl_tx_msg: qmi_qmux_tx_msg failed
12-15 21:01:49.224 I/ThermalEngine(  497): ACTION: MODEM - Pending request: pa mitigation succeeded for level 0.
12-15 21:01:49.224 E/QC-QMI  (  493): qmi_ctl_handle_request: qmi_ctl_tx_msg call failed
12-15 21:01:49.224 I/ThermalEngine(  497): Mitigation:Modem:0
12-15 21:01:49.224 E/QC-QMI  (  493): qmi_qmux_open_connection: connection is disabled for conn_id=48
12-15 21:01:49.224 E/QC-QMI  (  493): qmi_qmux_tx_msg: failed to open inactive connd_id=48
12-15 21:01:49.224 E/QC-QMI  (  493): qmi_qmux: TX failed, connection inactive or in reset, conn_id=48, status_flags=4
12-15 21:01:49.224 E/QC-QMI  (  493): qmi_ctl_tx_msg: qmi_qmux_tx_msg failed
12-15 21:01:49.224 E/QC-QMI  (  493): qmi_ctl_handle_request: qmi_ctl_tx_msg call failed
12-15 21:01:49.225 E/QC-QMI  (  511): qmi_client [511] f: failed to locate client data
12-15 21:01:49.225 E/QC-QMI  (  493): qmi_qmux_open_connection: connection is disabled for conn_id=57
12-15 21:01:49.225 E/QC-QMI  (  493): qmi_qmux_tx_msg: failed to open inactive connd_id=57
12-15 21:01:49.225 E/QC-QMI  (  493): qmi_qmux: TX failed, connection inactive or in reset, conn_id=57, status_flags=4
12-15 21:01:49.225 E/QC-QMI  (  493): qmi_ctl_tx_msg: qmi_qmux_tx_msg failed
12-15 21:01:49.226 E/QC-QMI  (  493): qmi_ctl_handle_request: qmi_ctl_tx_msg call failed
12-15 21:01:49.226 I/ThermalEngine(  497): ACTION: MODEM - Pending request: cpuv_restriction_cold mitigation succeeded for level 0.
12-15 21:01:49.226 I/ThermalEngine(  497): Mitigation:VDD[MODEM-cpuv_restriction_cold]:0
12-15 21:01:49.226 E/QC-QMI  (  493): qmuxd: RX on fd=19 returned error=0 errno[2:No such file or directory]
12-15 21:01:49.226 E/QC-QMI  (  493): QMUX qmux_client_id=f not found in qmux client list, unable to remove
12-15 21:01:49.227 E/QC-QMI  (  493): qmi_qmux_open_connection: connection is disabled for conn_id=57
12-15 21:01:49.227 E/QC-QMI  (  493): qmi_qmux_tx_msg: failed to open inactive connd_id=57
12-15 21:01:49.227 E/QC-QMI  (  493): qmi_qmux: TX failed, connection inactive or in reset, conn_id=57, status_flags=4
12-15 21:01:49.227 E/QC-QMI  (  493): qmi_ctl_tx_msg: qmi_qmux_tx_msg failed
12-15 21:01:49.227 E/QC-QMI  (  493): qmi_ctl_handle_request: qmi_ctl_tx_msg call failed
12-15 21:01:49.228 E/QC-QMI  (  493): qmi_qmux_open_connection: connection is disabled for conn_id=29
12-15 21:01:49.228 E/QC-QMI  (  493): qmi_qmux_tx_msg: failed to open inactive connd_id=29
12-15 21:01:49.228 E/QC-QMI  (  493): qmi_qmux: TX failed, connection inactive or in reset, conn_id=29, status_flags=4
12-15 21:01:49.228 E/QC-QMI  (  493): qmi_ctl_tx_msg: qmi_qmux_tx_msg failed
12-15 21:01:49.228 E/QC-QMI  (  493): qmi_ctl_handle_request: qmi_ctl_tx_msg call failed
12-15 21:01:49.228 E/QC-QMI  (  493): qmi_qmux_open_connection: connection is disabled for conn_id=57
12-15 21:01:49.228 E/QC-QMI  (  493): qmi_qmux_tx_msg: failed to open inactive connd_id=57
12-15 21:01:49.228 E/QC-QMI  (  493): qmi_qmux: TX failed, connection inactive or in reset, conn_id=57, status_flags=4
12-15 21:01:49.228 E/QC-QMI  (  493): qmi_ctl_tx_msg: qmi_qmux_tx_msg failed
12-15 21:01:49.228 E/QC-QMI  (  493): qmi_ctl_handle_request: qmi_ctl_tx_msg call failed
12-15 21:01:49.229 E/QC-QMI  (  493): qmi_qmux_open_connection: connection is disabled for conn_id=29
12-15 21:01:49.229 E/QC-QMI  (  493): qmi_qmux_tx_msg: failed to open inactive connd_id=29
12-15 21:01:49.229 E/QC-QMI  (  493): qmi_qmux: TX failed, connection inactive or in reset, conn_id=29, status_flags=4
12-15 21:01:49.229 E/QC-QMI  (  493): qmi_ctl_tx_msg: qmi_qmux_tx_msg failed
12-15 21:01:49.229 E/QC-QMI  (  493): qmi_ctl_handle_request: qmi_ctl_tx_msg call failed
12-15 21:01:49.229 E/QC-QMI  (  493): qmi_qmux_open_connection: connection is disabled for conn_id=57
12-15 21:01:49.229 E/QC-QMI  (  493): qmi_qmux_tx_msg: failed to open inactive connd_id=57
12-15 21:01:49.229 E/QC-QMI  (  493): qmi_qmux: TX failed, connection inactive or in reset, conn_id=57, status_flags=4
12-15 21:01:49.229 E/QC-QMI  (  493): qmi_ctl_tx_msg: qmi_qmux_tx_msg failed
12-15 21:01:49.229 E/QC-QMI  (  493): qmi_ctl_handle_request: qmi_ctl_tx_msg call failed
12-15 21:01:49.230 E/QC-QMI  (  493): qmi_qmux_open_connection: connection is disabled for conn_id=48
12-15 21:01:49.230 E/QC-QMI  (  493): qmi_qmux_tx_msg: failed to open inactive connd_id=48
12-15 21:01:49.230 E/QC-QMI  (  493): qmi_qmux: TX failed, connection inactive or in reset, conn_id=48, status_flags=4
12-15 21:01:49.230 E/QC-QMI  (  493): qmi_ctl_tx_msg: qmi_qmux_tx_msg failed
12-15 21:01:49.230 E/QC-QMI  (  493): qmi_ctl_handle_request: qmi_ctl_tx_msg call failed
12-15 21:01:49.231 E/QC-QMI  (  511): qmi_client [511] 10: failed to locate client data
12-15 21:01:49.231 E/QC-QMI  (  493): qmi_qmux_open_connection: connection is disabled for conn_id=48
12-15 21:01:49.231 E/QC-QMI  (  493): qmi_qmux_tx_msg: failed to open inactive connd_id=48
12-15 21:01:49.231 E/QC-QMI  (  493): qmi_qmux: TX failed, connection inactive or in reset, conn_id=48, status_flags=4
12-15 21:01:49.231 E/QC-QMI  (  493): qmi_ctl_tx_msg: qmi_qmux_tx_msg failed
12-15 21:01:49.231 E/QC-QMI  (  493): qmi_ctl_handle_request: qmi_ctl_tx_msg call failed
12-15 21:01:49.231 E/QC-QMI  (  493): qmuxd: RX on fd=19 returned error=0 errno[2:No such file or directory]
12-15 21:01:49.231 E/QC-QMI  (  493): QMUX qmux_client_id=10 not found in qmux client list, unable to remove
12-15 21:01:49.232 E/QC-QMI  (  493): qmi_qmux_open_connection: connection is disabled for conn_id=29
12-15 21:01:49.232 E/QC-QMI  (  493): qmi_qmux_tx_msg: failed to open inactive connd_id=29
12-15 21:01:49.232 E/QC-QMI  (  493): qmi_qmux: TX failed, connection inactive or in reset, conn_id=29, status_flags=4
12-15 21:01:49.232 E/QC-QMI  (  493): qmi_ctl_tx_msg: qmi_qmux_tx_msg failed
12-15 21:01:49.232 E/QC-QMI  (  493): qmi_ctl_handle_request: qmi_ctl_tx_msg call failed
12-15 21:01:49.232 E/QC-QMI  (  493): qmi_qmux_open_connection: connection is disabled for conn_id=57
12-15 21:01:49.232 E/QC-QMI  (  493): qmi_qmux_tx_msg: failed to open inactive connd_id=57
12-15 21:01:49.232 E/QC-QMI  (  493): qmi_qmux: TX failed, connection inactive or in reset, conn_id=57, status_flags=4
12-15 21:01:49.232 E/QC-QMI  (  493): qmi_ctl_tx_msg: qmi_qmux_tx_msg failed
12-15 21:01:49.232 E/QC-QMI  (  493): qmi_ctl_handle_request: qmi_ctl_tx_msg call failed
12-15 21:01:49.233 E/QC-QMI  (  493): qmi_qmux_open_connection: connection is disabled for conn_id=29
12-15 21:01:49.233 E/QC-QMI  (  493): qmi_qmux_tx_msg: failed to open inactive connd_id=29
12-15 21:01:49.233 E/QC-QMI  (  493): qmi_qmux: TX failed, connection inactive or in reset, conn_id=29, status_flags=4
12-15 21:01:49.233 E/QC-QMI  (  493): qmi_ctl_tx_msg: qmi_qmux_tx_msg failed
12-15 21:01:49.233 E/QC-QMI  (  493): qmi_ctl_handle_request: qmi_ctl_tx_msg call failed
12-15 21:01:49.233 E/QC-QMI  (  493): qmi_qmux_open_connection: connection is disabled for conn_id=57
12-15 21:01:49.233 E/QC-QMI  (  493): qmi_qmux_tx_msg: failed to open inactive connd_id=57
12-15 21:01:49.233 E/QC-QMI  (  493): qmi_qmux: TX failed, connection inactive or in reset, conn_id=57, status_flags=4
12-15 21:01:49.233 E/QC-QMI  (  493): qmi_ctl_tx_msg: qmi_qmux_tx_msg failed
12-15 21:01:49.233 E/QC-QMI  (  493): qmi_ctl_handle_request: qmi_ctl_tx_msg call failed
12-15 21:01:49.234 E/QC-QMI  (  493): qmi_qmux_open_connection: connection is disabled for conn_id=48
12-15 21:01:49.234 E/QC-QMI  (  493): qmi_qmux_tx_msg: failed to open inactive connd_id=48
12-15 21:01:49.234 E/QC-QMI  (  493): qmi_qmux: TX failed, connection inactive or in reset, conn_id=48, status_flags=4
12-15 21:01:49.234 E/QC-QMI  (  493): qmi_ctl_tx_msg: qmi_qmux_tx_msg failed
12-15 21:01:49.234 E/QC-QMI  (  493): qmi_ctl_handle_request: qmi_ctl_tx_msg call failed
12-15 21:01:49.234 E/QC-QMI  (  493): qmi_qmux_open_connection: connection is disabled for conn_id=29
12-15 21:01:49.235 E/QC-QMI  (  493): qmi_qmux_tx_msg: failed to open inactive connd_id=29
12-15 21:01:49.235 E/QC-QMI  (  493): qmi_qmux: TX failed, connection inactive or in reset, conn_id=29, status_flags=4
12-15 21:01:49.235 E/QC-QMI  (  493): qmi_ctl_tx_msg: qmi_qmux_tx_msg failed
12-15 21:01:49.235 E/QC-QMI  (  493): qmi_ctl_handle_request: qmi_ctl_tx_msg call failed
12-15 21:01:49.235 E/QC-QMI  (  493): qmi_qmux_open_connection: connection is disabled for conn_id=48
12-15 21:01:49.235 E/QC-QMI  (  493): qmi_qmux_tx_msg: failed to open inactive connd_id=48
12-15 21:01:49.235 E/QC-QMI  (  493): qmi_qmux: TX failed, connection inactive or in reset, conn_id=48, status_flags=4
12-15 21:01:49.235 E/QC-QMI  (  493): qmi_ctl_tx_msg: qmi_qmux_tx_msg failed
12-15 21:01:49.235 E/QC-QMI  (  493): qmi_ctl_handle_request: qmi_ctl_tx_msg call failed
12-15 21:01:49.236 E/QC-QMI  (  493): qmi_qmux_open_connection: connection is disabled for conn_id=29
12-15 21:01:49.236 E/QC-QMI  (  493): qmi_qmux_tx_msg: failed to open inactive connd_id=29
12-15 21:01:49.236 E/QC-QMI  (  493): qmi_qmux: TX failed, connection inactive or in reset, conn_id=29, status_flags=4
12-15 21:01:49.236 E/QC-QMI  (  493): qmi_ctl_tx_msg: qmi_qmux_tx_msg failed
12-15 21:01:49.236 E/QC-QMI  (  493): qmi_ctl_handle_request: qmi_ctl_tx_msg call failed
12-15 21:01:49.237 E/QC-QMI  (  493): qmi_qmux_open_connection: connection is disabled for conn_id=48
12-15 21:01:49.237 E/QC-QMI  (  493): qmi_qmux_tx_msg: failed to open inactive connd_id=48
12-15 21:01:49.237 E/QC-QMI  (  493): qmi_qmux: TX failed, connection inactive or in reset, conn_id=48, status_flags=4
12-15 21:01:49.237 E/QC-QMI  (  493): qmi_ctl_tx_msg: qmi_qmux_tx_msg failed
12-15 21:01:49.237 E/QC-QMI  (  493): qmi_ctl_handle_request: qmi_ctl_tx_msg call failed
12-15 21:01:49.238 E/QC-QMI  (  493): qmi_qmux_open_connection: connection is disabled for conn_id=57
12-15 21:01:49.238 E/QC-QMI  (  493): qmi_qmux_tx_msg: failed to open inactive connd_id=57
12-15 21:01:49.238 E/QC-QMI  (  493): qmi_qmux: TX failed, connection inactive or in reset, conn_id=57, status_flags=4
12-15 21:01:49.238 E/QC-QMI  (  493): qmi_ctl_tx_msg: qmi_qmux_tx_msg failed
12-15 21:01:49.238 E/QC-QMI  (  493): qmi_ctl_handle_request: qmi_ctl_tx_msg call failed
12-15 21:01:49.238 E/QC-QMI  (  493): qmi_qmux_open_connection: connection is disabled for conn_id=48
12-15 21:01:49.238 E/QC-QMI  (  493): qmi_qmux_tx_msg: failed to open inactive connd_id=48
12-15 21:01:49.238 E/QC-QMI  (  493): qmi_qmux: TX failed, connection inactive or in reset, conn_id=48, status_flags=4
12-15 21:01:49.238 E/QC-QMI  (  493): qmi_ctl_tx_msg: qmi_qmux_tx_msg failed
12-15 21:01:49.238 E/QC-QMI  (  493): qmi_ctl_handle_request: qmi_ctl_tx_msg call failed
12-15 21:01:49.239 E/QC-QMI  (  493): qmi_qmux_open_connection: connection is disabled for conn_id=57
12-15 21:01:49.239 E/QC-QMI  (  493): qmi_qmux_tx_msg: failed to open inactive connd_id=57
12-15 21:01:49.239 E/QC-QMI  (  493): qmi_qmux: TX failed, connection inactive or in reset, conn_id=57, status_flags=4
12-15 21:01:49.239 E/QC-QMI  (  493): qmi_ctl_tx_msg: qmi_qmux_tx_msg failed
12-15 21:01:49.239 E/QC-QMI  (  493): qmi_ctl_handle_request: qmi_ctl_tx_msg call failed
12-15 21:01:49.239 E/QC-QMI  (  493): qmi_qmux_open_connection: connection is disabled for conn_id=57
12-15 21:01:49.239 E/QC-QMI  (  493): qmi_qmux_tx_msg: failed to open inactive connd_id=57
12-15 21:01:49.239 E/QC-QMI  (  493): qmi_qmux: TX failed, connection inactive or in reset, conn_id=57, status_flags=4
12-15 21:01:49.239 E/QC-QMI  (  493): qmi_ctl_tx_msg: qmi_qmux_tx_msg failed
12-15 21:01:49.239 E/QC-QMI  (  493): qmi_ctl_handle_request: qmi_ctl_tx_msg call failed
12-15 21:01:49.240 E/QC-QMI  (  493): qmi_qmux_open_connection: connection is disabled for conn_id=57
12-15 21:01:49.240 E/QC-QMI  (  493): qmi_qmux_tx_msg: failed to open inactive connd_id=57
12-15 21:01:49.240 E/QC-QMI  (  493): qmi_qmux: TX failed, connection inactive or in reset, conn_id=57, status_flags=4
12-15 21:01:49.240 E/QC-QMI  (  493): qmi_ctl_tx_msg: qmi_qmux_tx_msg failed
12-15 21:01:49.240 E/QC-QMI  (  493): qmi_ctl_handle_request: qmi_ctl_tx_msg call failed
12-15 21:01:49.241 E/QC-QMI  (  493): qmi_qmux_open_connection: connection is disabled for conn_id=29
12-15 21:01:49.241 E/QC-QMI  (  493): qmi_qmux_tx_msg: failed to open inactive connd_id=29
12-15 21:01:49.242 E/QC-QMI  (  493): qmi_qmux: TX failed, connection inactive or in reset, conn_id=29, status_flags=4
12-15 21:01:49.242 E/QC-QMI  (  493): qmi_ctl_tx_msg: qmi_qmux_tx_msg failed
12-15 21:01:49.242 E/QC-QMI  (  493): qmi_ctl_handle_request: qmi_ctl_tx_msg call failed
12-15 21:01:49.244 E/QC-QMI  (  493): qmi_qmux_open_connection: connection is disabled for conn_id=29
12-15 21:01:49.244 E/QC-QMI  (  493): qmi_qmux_tx_msg: failed to open inactive connd_id=29
12-15 21:01:49.244 E/QC-QMI  (  493): qmi_qmux: TX failed, connection inactive or in reset, conn_id=29, status_flags=4
12-15 21:01:49.245 E/QC-QMI  (  493): qmi_ctl_tx_msg: qmi_qmux_tx_msg failed
12-15 21:01:49.245 E/QC-QMI  (  493): qmi_ctl_handle_request: qmi_ctl_tx_msg call failed
12-15 21:01:49.245 E/QC-QMI  (  493): qmi_qmux_open_connection: connection is disabled for conn_id=29
12-15 21:01:49.245 E/QC-QMI  (  493): qmi_qmux_tx_msg: failed to open inactive connd_id=29
12-15 21:01:49.245 E/QC-QMI  (  493): qmi_qmux: TX failed, connection inactive or in reset, conn_id=29, status_flags=4
12-15 21:01:49.245 E/QC-QMI  (  493): qmi_ctl_tx_msg: qmi_qmux_tx_msg failed
12-15 21:01:49.245 E/QC-QMI  (  493): qmi_ctl_handle_request: qmi_ctl_tx_msg call failed
12-15 21:01:49.245 E/QC-QMI  (  493): qmi_qmux_open_connection: connection is disabled for conn_id=48
12-15 21:01:49.246 E/QC-QMI  (  493): qmi_qmux_tx_msg: failed to open inactive connd_id=48
12-15 21:01:49.246 E/QC-QMI  (  493): qmi_qmux: TX failed, connection inactive or in reset, conn_id=48, status_flags=4
12-15 21:01:49.246 E/QC-QMI  (  493): qmi_ctl_tx_msg: qmi_qmux_tx_msg failed
12-15 21:01:49.246 E/QC-QMI  (  493): qmi_ctl_handle_request: qmi_ctl_tx_msg call failed
12-15 21:01:49.246 E/QC-QMI  (  493): qmi_qmux_open_connection: connection is disabled for conn_id=48
12-15 21:01:49.246 E/QC-QMI  (  493): qmi_qmux_tx_msg: failed to open inactive connd_id=48
12-15 21:01:49.246 E/QC-QMI  (  493): qmi_qmux: TX failed, connection inactive or in reset, conn_id=48, status_flags=4
12-15 21:01:49.246 E/QC-QMI  (  493): qmi_ctl_tx_msg: qmi_qmux_tx_msg failed
12-15 21:01:49.247 E/QC-QMI  (  493): qmi_ctl_handle_request: qmi_ctl_tx_msg call failed
12-15 21:01:49.247 E/QC-QMI  (  493): qmi_qmux_open_connection: connection is disabled for conn_id=29
12-15 21:01:49.247 E/QC-QMI  (  493): qmi_qmux_tx_msg: failed to open inactive connd_id=29
12-15 21:01:49.247 E/QC-QMI  (  493): qmi_qmux: TX failed, connection inactive or in reset, conn_id=29, status_flags=4
12-15 21:01:49.247 E/QC-QMI  (  493): qmi_ctl_tx_msg: qmi_qmux_tx_msg failed
12-15 21:01:49.247 E/QC-QMI  (  493): qmi_ctl_handle_request: qmi_ctl_tx_msg call failed
12-15 21:01:49.247 E/QC-QMI  (  493): qmi_qmux_open_connection: connection is disabled for conn_id=29
12-15 21:01:49.247 E/QC-QMI  (  493): qmi_qmux_tx_msg: failed to open inactive connd_id=29
12-15 21:01:49.247 E/QC-QMI  (  493): qmi_qmux: TX failed, connection inactive or in reset, conn_id=29, status_flags=4
12-15 21:01:49.247 E/QC-QMI  (  493): qmi_ctl_tx_msg: qmi_qmux_tx_msg failed
12-15 21:01:49.247 E/QC-QMI  (  493): qmi_ctl_handle_request: qmi_ctl_tx_msg call failed
12-15 21:01:49.248 E/QC-QMI  (  493): qmi_qmux_open_connection: connection is disabled for conn_id=57
12-15 21:01:49.248 E/QC-QMI  (  493): qmi_qmux_tx_msg: failed to open inactive connd_id=57
12-15 21:01:49.248 E/QC-QMI  (  493): qmi_qmux: TX failed, connection inactive or in reset, conn_id=57, status_flags=4
12-15 21:01:49.248 E/QC-QMI  (  493): qmi_ctl_tx_msg: qmi_qmux_tx_msg failed
12-15 21:01:49.248 E/QC-QMI  (  493): qmi_ctl_handle_request: qmi_ctl_tx_msg call failed
12-15 21:01:49.248 E/QC-QMI  (  493): qmi_qmux_open_connection: connection is disabled for conn_id=48
12-15 21:01:49.248 E/QC-QMI  (  493): qmi_qmux_tx_msg: failed to open inactive connd_id=48
12-15 21:01:49.248 E/QC-QMI  (  493): qmi_qmux: TX failed, connection inactive or in reset, conn_id=48, status_flags=4
12-15 21:01:49.248 E/QC-QMI  (  493): qmi_ctl_tx_msg: qmi_qmux_tx_msg failed
12-15 21:01:49.248 E/QC-QMI  (  493): qmi_ctl_handle_request: qmi_ctl_tx_msg call failed
12-15 21:01:49.248 E/QC-QMI  (  493): qmi_qmux_open_connection: connection is disabled for conn_id=57
12-15 21:01:49.248 E/QC-QMI  (  493): qmi_qmux_tx_msg: failed to open inactive connd_id=57
12-15 21:01:49.248 E/QC-QMI  (  493): qmi_qmux: TX failed, connection inactive or in reset, conn_id=57, status_flags=4
12-15 21:01:49.248 E/QC-QMI  (  493): qmi_ctl_tx_msg: qmi_qmux_tx_msg failed
12-15 21:01:49.249 E/QC-QMI  (  493): qmi_ctl_handle_request: qmi_ctl_tx_msg call failed
12-15 21:01:49.249 E/QC-QMI  (  493): qmi_qmux_open_connection: connection is disabled for conn_id=48
12-15 21:01:49.249 E/QC-QMI  (  493): qmi_qmux_tx_msg: failed to open inactive connd_id=48
12-15 21:01:49.249 E/QC-QMI  (  493): qmi_qmux: TX failed, connection inactive or in reset, conn_id=48, status_flags=4
12-15 21:01:49.249 E/QC-QMI  (  493): qmi_ctl_tx_msg: qmi_qmux_tx_msg failed
12-15 21:01:49.249 E/QC-QMI  (  493): qmi_ctl_handle_request: qmi_ctl_tx_msg call failed
12-15 21:01:49.249 E/QC-QMI  (  493): qmi_qmux_open_connection: connection is disabled for conn_id=29
12-15 21:01:49.249 E/QC-QMI  (  493): qmi_qmux_tx_msg: failed to open inactive connd_id=29
12-15 21:01:49.249 E/QC-QMI  (  493): qmi_qmux: TX failed, connection inactive or in reset, conn_id=29, status_flags=4
12-15 21:01:49.249 E/QC-QMI  (  493): qmi_ctl_tx_msg: qmi_qmux_tx_msg failed
12-15 21:01:49.249 E/QC-QMI  (  493): qmi_ctl_handle_request: qmi_ctl_tx_msg call failed
12-15 21:01:49.250 E/QC-QMI  (  493): qmi_qmux_open_connection: connection is disabled for conn_id=57
12-15 21:01:49.250 E/QC-QMI  (  493): qmi_qmux_tx_msg: failed to open inactive connd_id=57
12-15 21:01:49.250 E/QC-QMI  (  493): qmi_qmux: TX failed, connection inactive or in reset, conn_id=57, status_flags=4
12-15 21:01:49.250 E/QC-QMI  (  493): qmi_ctl_tx_msg: qmi_qmux_tx_msg failed
12-15 21:01:49.250 E/QC-QMI  (  493): qmi_ctl_handle_request: qmi_ctl_tx_msg call failed
12-15 21:01:49.250 E/QC-QMI  (  493): qmi_qmux_open_connection: connection is disabled for conn_id=48
12-15 21:01:49.250 E/QC-QMI  (  493): qmi_qmux_tx_msg: failed to open inactive connd_id=48
12-15 21:01:49.250 E/QC-QMI  (  493): qmi_qmux: TX failed, connection inactive or in reset, conn_id=48, status_flags=4
12-15 21:01:49.250 E/QC-QMI  (  493): qmi_ctl_tx_msg: qmi_qmux_tx_msg failed
12-15 21:01:49.250 E/QC-QMI  (  493): qmi_ctl_handle_request: qmi_ctl_tx_msg call failed
12-15 21:01:49.250 E/QC-QMI  (  493): qmi_qmux_open_connection: connection is disabled for conn_id=57
12-15 21:01:49.250 E/QC-QMI  (  493): qmi_qmux_tx_msg: failed to open inactive connd_id=57
12-15 21:01:49.250 E/QC-QMI  (  493): qmi_qmux: TX failed, connection inactive or in reset, conn_id=57, status_flags=4
12-15 21:01:49.250 E/QC-QMI  (  493): qmi_ctl_tx_msg: qmi_qmux_tx_msg failed
12-15 21:01:49.250 E/QC-QMI  (  493): qmi_ctl_handle_request: qmi_ctl_tx_msg call failed
12-15 21:01:49.251 E/QC-QMI  (  493): qmi_qmux_open_connection: connection is disabled for conn_id=48
12-15 21:01:49.251 E/QC-QMI  (  493): qmi_qmux_tx_msg: failed to open inactive connd_id=48
12-15 21:01:49.251 E/QC-QMI  (  493): qmi_qmux: TX failed, connection inactive or in reset, conn_id=48, status_flags=4
12-15 21:01:49.251 I/ThermalEngine(  497): ADSP thermal mitigation available.
12-15 21:01:49.251 E/QC-QMI  (  493): qmi_ctl_tx_msg: qmi_qmux_tx_msg failed
12-15 21:01:49.251 E/QC-QMI  (  493): qmi_ctl_handle_request: qmi_ctl_tx_msg call failed
12-15 21:01:49.251 E/QC-QMI  (  493): qmi_qmux_open_connection: connection is disabled for conn_id=29
12-15 21:01:49.251 E/QC-QMI  (  493): qmi_qmux_tx_msg: failed to open inactive connd_id=29
12-15 21:01:49.251 E/QC-QMI  (  493): qmi_qmux: TX failed, connection inactive or in reset, conn_id=29, status_flags=4
12-15 21:01:49.251 E/QC-QMI  (  493): qmi_ctl_tx_msg: qmi_qmux_tx_msg failed
12-15 21:01:49.251 E/QC-QMI  (  493): qmi_ctl_handle_request: qmi_ctl_tx_msg call failed
12-15 21:01:49.252 E/QC-QMI  (  493): qmi_qmux_open_connection: connection is disabled for conn_id=57
12-15 21:01:49.252 E/QC-QMI  (  493): qmi_qmux_tx_msg: failed to open inactive connd_id=57
12-15 21:01:49.252 E/QC-QMI  (  493): qmi_qmux: TX failed, connection inactive or in reset, conn_id=57, status_flags=4
12-15 21:01:49.252 E/QC-QMI  (  493): qmi_ctl_tx_msg: qmi_qmux_tx_msg failed
12-15 21:01:49.252 E/QC-QMI  (  493): qmi_ctl_handle_request: qmi_ctl_tx_msg call failed
12-15 21:01:49.252 E/QC-QMI  (  493): qmi_qmux_open_connection: connection is disabled for conn_id=29
12-15 21:01:49.252 E/QC-QMI  (  493): qmi_qmux_tx_msg: failed to open inactive connd_id=29
12-15 21:01:49.252 I/ThermalEngine(  497): ACTION: ADSP - Pending request: cpuv_restriction_cold mitigation succeeded for level 0.
12-15 21:01:49.252 E/QC-QMI  (  493): qmi_qmux: TX failed, connection inactive or in reset, conn_id=29, status_flags=4
12-15 21:01:49.252 E/QC-QMI  (  493): qmi_ctl_tx_msg: qmi_qmux_tx_msg failed
12-15 21:01:49.252 I/ThermalEngine(  497): Mitigation:VDD[ADSP-cpuv_restriction_cold]:0
12-15 21:01:49.252 E/QC-QMI  (  493): qmi_ctl_handle_request: qmi_ctl_tx_msg call failed
12-15 21:01:49.252 E/QC-QMI  (  493): qmi_qmux_open_connection: connection is disabled for conn_id=57
12-15 21:01:49.252 E/QC-QMI  (  493): qmi_qmux_tx_msg: failed to open inactive connd_id=57
12-15 21:01:49.252 E/QC-QMI  (  493): qmi_qmux: TX failed, connection inactive or in reset, conn_id=57, status_flags=4
12-15 21:01:49.252 E/QC-QMI  (  493): qmi_ctl_tx_msg: qmi_qmux_tx_msg failed
12-15 21:01:49.253 E/QC-QMI  (  493): qmi_ctl_handle_request: qmi_ctl_tx_msg call failed
12-15 21:01:49.254 E/QC-QMI  (  493): qmi_qmux_open_connection: connection is disabled for conn_id=48
12-15 21:01:49.254 E/QC-QMI  (  493): qmi_qmux_tx_msg: failed to open inactive connd_id=48
12-15 21:01:49.254 E/QC-QMI  (  493): qmi_qmux: TX failed, connection inactive or in reset, conn_id=48, status_flags=4
12-15 21:01:49.254 E/QC-QMI  (  493): qmi_ctl_tx_msg: qmi_qmux_tx_msg failed
12-15 21:01:49.254 E/QC-QMI  (  493): qmi_ctl_handle_request: qmi_ctl_tx_msg call failed
12-15 21:01:49.254 E/QC-QMI  (  493): qmi_qmux_open_connection: connection is disabled for conn_id=48
12-15 21:01:49.254 E/QC-QMI  (  493): qmi_qmux_tx_msg: failed to open inactive connd_id=48
12-15 21:01:49.254 E/QC-QMI  (  493): qmi_qmux: TX failed, connection inactive or in reset, conn_id=48, status_flags=4
12-15 21:01:49.254 E/QC-QMI  (  493): qmi_ctl_tx_msg: qmi_qmux_tx_msg failed
12-15 21:01:49.254 E/QC-QMI  (  493): qmi_ctl_handle_request: qmi_ctl_tx_msg call failed
12-15 21:01:49.255 E/QC-QMI  (  493): qmi_qmux_open_connection: connection is disabled for conn_id=57
12-15 21:01:49.255 E/QC-QMI  (  493): qmi_qmux_tx_msg: failed to open inactive connd_id=57
12-15 21:01:49.255 E/QC-QMI  (  493): qmi_qmux: TX failed, connection inactive or in reset, conn_id=57, status_flags=4
12-15 21:01:49.255 E/QC-QMI  (  493): qmi_ctl_tx_msg: qmi_qmux_tx_msg failed
12-15 21:01:49.255 E/QC-QMI  (  493): qmi_ctl_handle_request: qmi_ctl_tx_msg call failed
12-15 21:01:49.257 E/QC-QMI  (  493): qmi_qmux_open_connection: connection is disabled for conn_id=57
12-15 21:01:49.257 E/QC-QMI  (  493): qmi_qmux_tx_msg: failed to open inactive connd_id=57
12-15 21:01:49.257 E/QC-QMI  (  493): qmi_qmux: TX failed, connection inactive or in reset, conn_id=57, status_flags=4
12-15 21:01:49.257 E/QC-QMI  (  493): qmi_ctl_tx_msg: qmi_qmux_tx_msg failed
12-15 21:01:49.257 E/QC-QMI  (  493): qmi_ctl_handle_request: qmi_ctl_tx_msg call failed
12-15 21:01:49.261 E/QC-QMI  (  493): qmi_qmux_open_connection: connection is disabled for conn_id=29
12-15 21:01:49.261 E/QC-QMI  (  493): qmi_qmux_tx_msg: failed to open inactive connd_id=29
12-15 21:01:49.261 E/QC-QMI  (  493): qmi_qmux: TX failed, connection inactive or in reset, conn_id=29, status_flags=4
12-15 21:01:49.261 E/QC-QMI  (  493): qmi_ctl_tx_msg: qmi_qmux_tx_msg failed
12-15 21:01:49.261 E/QC-QMI  (  493): qmi_ctl_handle_request: qmi_ctl_tx_msg call failed
12-15 21:01:49.261 E/QC-QMI  (  493): qmi_qmux_open_connection: connection is disabled for conn_id=29
12-15 21:01:49.261 E/QC-QMI  (  493): qmi_qmux_tx_msg: failed to open inactive connd_id=29
12-15 21:01:49.261 E/QC-QMI  (  493): qmi_qmux: TX failed, connection inactive or in reset, conn_id=29, status_flags=4
12-15 21:01:49.262 E/QC-QMI  (  493): qmi_ctl_tx_msg: qmi_qmux_tx_msg failed
12-15 21:01:49.262 E/QC-QMI  (  493): qmi_ctl_handle_request: qmi_ctl_tx_msg call failed
12-15 21:01:49.262 E/QC-QMI  (  493): qmi_qmux_open_connection: connection is disabled for conn_id=48
12-15 21:01:49.262 E/QC-QMI  (  493): qmi_qmux_tx_msg: failed to open inactive connd_id=48
12-15 21:01:49.262 E/QC-QMI  (  493): qmi_qmux: TX failed, connection inactive or in reset, conn_id=48, status_flags=4
12-15 21:01:49.262 E/QC-QMI  (  493): qmi_ctl_tx_msg: qmi_qmux_tx_msg failed
12-15 21:01:49.262 E/QC-QMI  (  493): qmi_ctl_handle_request: qmi_ctl_tx_msg call failed
12-15 21:01:49.265 E/QC-QMI  (  493): qmi_qmux_open_connection: connection is disabled for conn_id=48
12-15 21:01:49.265 E/QC-QMI  (  493): qmi_qmux_tx_msg: failed to open inactive connd_id=48
12-15 21:01:49.265 E/QC-QMI  (  493): qmi_qmux: TX failed, connection inactive or in reset, conn_id=48, status_flags=4
12-15 21:01:49.265 E/QC-QMI  (  493): qmi_ctl_tx_msg: qmi_qmux_tx_msg failed
12-15 21:01:49.265 E/QC-QMI  (  493): qmi_ctl_handle_request: qmi_ctl_tx_msg call failed
12-15 21:01:49.266 E/QC-QMI  (  493): qmi_qmux_open_connection: connection is disabled for conn_id=57
12-15 21:01:49.266 E/QC-QMI  (  493): qmi_qmux_tx_msg: failed to open inactive connd_id=57
12-15 21:01:49.266 E/QC-QMI  (  493): qmi_qmux: TX failed, connection inactive or in reset, conn_id=57, status_flags=4
12-15 21:01:49.266 E/QC-QMI  (  493): qmi_ctl_tx_msg: qmi_qmux_tx_msg failed
12-15 21:01:49.266 E/QC-QMI  (  493): qmi_ctl_handle_request: qmi_ctl_tx_msg call failed
12-15 21:01:49.267 E/QC-QMI  (  493): qmi_qmux_open_connection: connection is disabled for conn_id=57
12-15 21:01:49.267 E/QC-QMI  (  493): qmi_qmux_tx_msg: failed to open inactive connd_id=57
12-15 21:01:49.267 E/QC-QMI  (  493): qmi_qmux: TX failed, connection inactive or in reset, conn_id=57, status_flags=4
12-15 21:01:49.267 E/QC-QMI  (  493): qmi_ctl_tx_msg: qmi_qmux_tx_msg failed
12-15 21:01:49.267 E/QC-QMI  (  493): qmi_ctl_handle_request: qmi_ctl_tx_msg call failed
12-15 21:01:49.276 E/QC-QMI  (  493): qmi_qmux_open_connection: connection is disabled for conn_id=29
12-15 21:01:49.276 E/QC-QMI  (  493): qmi_qmux_tx_msg: failed to open inactive connd_id=29
12-15 21:01:49.276 E/QC-QMI  (  493): qmi_qmux: TX failed, connection inactive or in reset, conn_id=29, status_flags=4
12-15 21:01:49.276 E/QC-QMI  (  493): qmi_ctl_tx_msg: qmi_qmux_tx_msg failed
12-15 21:01:49.276 E/QC-QMI  (  493): qmi_ctl_handle_request: qmi_ctl_tx_msg call failed
12-15 21:01:49.277 E/QC-QMI  (  493): qmi_qmux_open_connection: connection is disabled for conn_id=29
12-15 21:01:49.277 E/QC-QMI  (  493): qmi_qmux_tx_msg: failed to open inactive connd_id=29
12-15 21:01:49.277 E/QC-QMI  (  493): qmi_qmux: TX failed, connection inactive or in reset, conn_id=29, status_flags=4
12-15 21:01:49.277 E/QC-QMI  (  493): qmi_ctl_tx_msg: qmi_qmux_tx_msg failed
12-15 21:01:49.277 E/QC-QMI  (  493): qmi_ctl_handle_request: qmi_ctl_tx_msg call failed
12-15 21:01:49.278 E/QC-QMI  (  493): qmi_qmux_open_connection: connection is disabled for conn_id=48
12-15 21:01:49.278 E/QC-QMI  (  493): qmi_qmux_tx_msg: failed to open inactive connd_id=48
12-15 21:01:49.278 E/QC-QMI  (  493): qmi_qmux: TX failed, connection inactive or in reset, conn_id=48, status_flags=4
12-15 21:01:49.278 E/QC-QMI  (  493): qmi_ctl_tx_msg: qmi_qmux_tx_msg failed
12-15 21:01:49.278 E/QC-QMI  (  493): qmi_ctl_handle_request: qmi_ctl_tx_msg call failed
12-15 21:01:49.278 E/QC-QMI  (  493): qmi_qmux_open_connection: connection is disabled for conn_id=48
12-15 21:01:49.278 E/QC-QMI  (  493): qmi_qmux_tx_msg: failed to open inactive connd_id=48
12-15 21:01:49.278 E/QC-QMI  (  493): qmi_qmux: TX failed, connection inactive or in reset, conn_id=48, status_flags=4
12-15 21:01:49.278 E/QC-QMI  (  493): qmi_ctl_tx_msg: qmi_qmux_tx_msg failed
12-15 21:01:49.279 E/QC-QMI  (  493): qmi_ctl_handle_request: qmi_ctl_tx_msg call failed
12-15 21:01:49.280 E/QC-QMI  (  493): qmi_qmux_open_connection: connection is disabled for conn_id=57
12-15 21:01:49.280 E/QC-QMI  (  493): qmi_qmux_tx_msg: failed to open inactive connd_id=57
12-15 21:01:49.280 E/QC-QMI  (  493): qmi_qmux: TX failed, connection inactive or in reset, conn_id=57, status_flags=4
12-15 21:01:49.281 E/QC-QMI  (  493): qmi_ctl_tx_msg: qmi_qmux_tx_msg failed
12-15 21:01:49.281 E/QC-QMI  (  493): qmi_ctl_handle_request: qmi_ctl_tx_msg call failed
12-15 21:01:49.281 E/QC-QMI  (  493): qmi_qmux_open_connection: connection is disabled for conn_id=57
12-15 21:01:49.281 E/QC-QMI  (  493): qmi_qmux_tx_msg: failed to open inactive connd_id=57
12-15 21:01:49.281 E/QC-QMI  (  493): qmi_qmux: TX failed, connection inactive or in reset, conn_id=57, status_flags=4
12-15 21:01:49.281 E/QC-QMI  (  493): qmi_ctl_tx_msg: qmi_qmux_tx_msg failed
12-15 21:01:49.282 E/QC-QMI  (  493): qmi_ctl_handle_request: qmi_ctl_tx_msg call failed
12-15 21:01:49.287 E/QC-QMI  (  493): qmi_qmux_open_connection: connection is disabled for conn_id=29
12-15 21:01:49.287 E/QC-QMI  (  493): qmi_qmux_tx_msg: failed to open inactive connd_id=29
12-15 21:01:49.287 E/QC-QMI  (  493): qmi_qmux: TX failed, connection inactive or in reset, conn_id=29, status_flags=4
12-15 21:01:49.287 E/QC-QMI  (  493): qmi_ctl_tx_msg: qmi_qmux_tx_msg failed
12-15 21:01:49.287 E/QC-QMI  (  493): qmi_ctl_handle_request: qmi_ctl_tx_msg call failed
12-15 21:01:49.288 E/QC-QMI  (  493): qmi_qmux_open_connection: connection is disabled for conn_id=29
12-15 21:01:49.288 E/QC-QMI  (  493): qmi_qmux_tx_msg: failed to open inactive connd_id=29
12-15 21:01:49.288 E/QC-QMI  (  493): qmi_qmux: TX failed, connection inactive or in reset, conn_id=29, status_flags=4
12-15 21:01:49.288 E/QC-QMI  (  493): qmi_ctl_tx_msg: qmi_qmux_tx_msg failed
12-15 21:01:49.288 E/QC-QMI  (  493): qmi_ctl_handle_request: qmi_ctl_tx_msg call failed
12-15 21:01:49.289 E/QC-QMI  (  493): qmi_qmux_open_connection: connection is disabled for conn_id=48
12-15 21:01:49.289 E/QC-QMI  (  493): qmi_qmux_tx_msg: failed to open inactive connd_id=48
12-15 21:01:49.289 E/QC-QMI  (  493): qmi_qmux: TX failed, connection inactive or in reset, conn_id=48, status_flags=4
12-15 21:01:49.289 E/QC-QMI  (  493): qmi_ctl_tx_msg: qmi_qmux_tx_msg failed
12-15 21:01:49.289 E/QC-QMI  (  493): qmi_ctl_handle_request: qmi_ctl_tx_msg call failed
12-15 21:01:49.291 E/QC-QMI  (  493): qmi_qmux_open_connection: connection is disabled for conn_id=48
12-15 21:01:49.291 E/QC-QMI  (  493): qmi_qmux_tx_msg: failed to open inactive connd_id=48
12-15 21:01:49.291 E/QC-QMI  (  493): qmi_qmux: TX failed, connection inactive or in reset, conn_id=48, status_flags=4
12-15 21:01:49.291 E/QC-QMI  (  493): qmi_ctl_tx_msg: qmi_qmux_tx_msg failed
12-15 21:01:49.291 E/QC-QMI  (  493): qmi_ctl_handle_request: qmi_ctl_tx_msg call failed
12-15 21:01:49.292 E/QC-QMI  (  493): qmi_qmux_open_connection: connection is disabled for conn_id=57
12-15 21:01:49.293 E/QC-QMI  (  493): qmi_qmux_tx_msg: failed to open inactive connd_id=57
12-15 21:01:49.293 E/QC-QMI  (  493): qmi_qmux: TX failed, connection inactive or in reset, conn_id=57, status_flags=4
12-15 21:01:49.293 E/QC-QMI  (  493): qmi_ctl_tx_msg: qmi_qmux_tx_msg failed
12-15 21:01:49.293 E/QC-QMI  (  493): qmi_ctl_handle_request: qmi_ctl_tx_msg call failed
12-15 21:01:49.294 E/QC-QMI  (  493): qmi_qmux_open_connection: connection is disabled for conn_id=57
12-15 21:01:49.294 E/slim_daemon(  576): [NDK] bindNDKSensors: Sensor server is unavailable.
12-15 21:01:49.294 E/QC-QMI  (  493): qmi_qmux_tx_msg: failed to open inactive connd_id=57
12-15 21:01:49.294 E/QC-QMI  (  493): qmi_qmux: TX failed, connection inactive or in reset, conn_id=57, status_flags=4
12-15 21:01:49.294 E/QC-QMI  (  493): qmi_ctl_tx_msg: qmi_qmux_tx_msg failed
12-15 21:01:49.294 E/QC-QMI  (  493): qmi_ctl_handle_request: qmi_ctl_tx_msg call failed
12-15 21:01:49.300 E/QC-QMI  (  493): qmi_qmux_open_connection: connection is disabled for conn_id=29
12-15 21:01:49.300 E/QC-QMI  (  493): qmi_qmux_tx_msg: failed to open inactive connd_id=29
12-15 21:01:49.300 E/QC-QMI  (  493): qmi_qmux: TX failed, connection inactive or in reset, conn_id=29, status_flags=4
12-15 21:01:49.300 E/QC-QMI  (  493): qmi_ctl_tx_msg: qmi_qmux_tx_msg failed
12-15 21:01:49.300 E/QC-QMI  (  493): qmi_ctl_handle_request: qmi_ctl_tx_msg call failed
12-15 21:01:49.301 E/QC-QMI  (  493): qmi_qmux_open_connection: connection is disabled for conn_id=29
12-15 21:01:49.301 E/QC-QMI  (  493): qmi_qmux_tx_msg: failed to open inactive connd_id=29
12-15 21:01:49.301 E/QC-QMI  (  493): qmi_qmux: TX failed, connection inactive or in reset, conn_id=29, status_flags=4
12-15 21:01:49.301 E/QC-QMI  (  493): qmi_ctl_tx_msg: qmi_qmux_tx_msg failed
12-15 21:01:49.301 E/QC-QMI  (  493): qmi_ctl_handle_request: qmi_ctl_tx_msg call failed
12-15 21:01:49.302 E/QC-QMI  (  493): qmi_qmux_open_connection: connection is disabled for conn_id=48
12-15 21:01:49.302 E/QC-QMI  (  493): qmi_qmux_tx_msg: failed to open inactive connd_id=48
12-15 21:01:49.302 E/QC-QMI  (  493): qmi_qmux: TX failed, connection inactive or in reset, conn_id=48, status_flags=4
12-15 21:01:49.302 E/QC-QMI  (  493): qmi_qmux:  Sending sys indication=18 to qmux_client_id=0x12 on conn_id=0
12-15 21:01:49.302 E/QC-QMI  (  493): qmi_ctl_tx_msg: qmi_qmux_tx_msg failed
12-15 21:01:49.302 E/QC-QMI  (  493): qmi_qmux:  Sending sys indication=18 to qmux_client_id=0x11 on conn_id=0
12-15 21:01:49.302 E/QC-QMI  (  493): qmi_ctl_handle_request: qmi_ctl_tx_msg call failed
12-15 21:01:49.302 E/QC-QMI  (  493): qmi_qmux:  Sending sys indication=18 to qmux_client_id=0xc on conn_id=0
12-15 21:01:49.302 E/QC-QMI  (  493): qmi_qmux:  Sending sys indication=18 to qmux_client_id=0xb on conn_id=0
12-15 21:01:49.302 E/QC-QMI  (  493): qmi_qmux:  Sending sys indication=18 to qmux_client_id=0xa on conn_id=0
12-15 21:01:49.303 E/QC-QMI  (  493): qmi_qmux:  Sending sys indication=18 to qmux_client_id=0x9 on conn_id=0
12-15 21:01:49.303 I/Atfwd_Daemon(  510): Ignoring sys_event: 4 from QMI with NO event_info/dev_id
12-15 21:01:49.303 E/QC-QMI  (  493): qmi_qmux_open_connection: connection is disabled for conn_id=29
12-15 21:01:49.303 E/QC-QMI  (  493): qmi_qmux_tx_msg: failed to open inactive connd_id=29
12-15 21:01:49.303 E/QC-QMI  (  493): qmi_qmux: TX failed, connection inactive or in reset, conn_id=29, status_flags=4
12-15 21:01:49.303 E/QC-QMI  (  493): qmi_ctl_tx_msg: qmi_qmux_tx_msg failed
12-15 21:01:49.303 E/QC-QMI  (  493): qmi_ctl_handle_request: qmi_ctl_tx_msg call failed
12-15 21:01:49.304 E/QC-QMI  (  493): qmi_qmux_open_connection: connection is disabled for conn_id=48
12-15 21:01:49.304 E/QC-QMI  (  493): qmi_qmux_tx_msg: failed to open inactive connd_id=48
12-15 21:01:49.304 E/QC-QMI  (  493): qmi_qmux: TX failed, connection inactive or in reset, conn_id=48, status_flags=4
12-15 21:01:49.304 E/QC-QMI  (  493): qmi_ctl_tx_msg: qmi_qmux_tx_msg failed
12-15 21:01:49.305 E/QC-QMI  (  493): qmi_ctl_handle_request: qmi_ctl_tx_msg call failed
12-15 21:01:49.305 E/QC-QMI  (  493): qmi_qmux_open_connection: connection is disabled for conn_id=29
12-15 21:01:49.305 E/QC-QMI  (  493): qmi_qmux_tx_msg: failed to open inactive connd_id=29
12-15 21:01:49.305 E/QC-QMI  (  493): qmi_qmux: TX failed, connection inactive or in reset, conn_id=29, status_flags=4
12-15 21:01:49.305 E/QC-QMI  (  493): qmi_ctl_tx_msg: qmi_qmux_tx_msg failed
12-15 21:01:49.305 E/QC-QMI  (  493): qmi_ctl_handle_request: qmi_ctl_tx_msg call failed
12-15 21:01:49.305 E/QC-QMI  (  493): qmi_qmux_open_connection: connection is disabled for conn_id=29
12-15 21:01:49.305 E/QC-QMI  (  493): qmi_qmux_tx_msg: failed to open inactive connd_id=29
