12-15 21:33:14.101 E/QC-QMI  (  491): qmi_qmux: TX failed, connection inactive or in reset, conn_id=48, status_flags=4
12-15 21:33:14.101 E/QC-QMI  (  491): qmi_ctl_tx_msg: qmi_qmux_tx_msg failed
12-15 21:33:14.101 E/QC-QMI  (  491): qmi_ctl_handle_request: qmi_ctl_tx_msg call failed
12-15 21:33:14.102 E/QC-QMI  (  491): qmi_qmux_open_connection: connection is disabled for conn_id=48
12-15 21:33:14.102 E/QC-QMI  (  491): qmi_qmux_tx_msg: failed to open inactive connd_id=48
12-15 21:33:14.102 E/QC-QMI  (  491): qmi_qmux: TX failed, connection inactive or in reset, conn_id=48, status_flags=4
12-15 21:33:14.102 E/QC-QMI  (  491): qmi_ctl_tx_msg: qmi_qmux_tx_msg failed
12-15 21:33:14.102 E/QC-QMI  (  491): qmi_ctl_handle_request: qmi_ctl_tx_msg call failed
12-15 21:33:14.102 E/QC-QMI  (  491): qmi_qmux_open_connection: connection is disabled for conn_id=57
12-15 21:33:14.102 E/QC-QMI  (  491): qmi_qmux_tx_msg: failed to open inactive connd_id=57
12-15 21:33:14.102 E/QC-QMI  (  491): qmi_qmux: TX failed, connection inactive or in reset, conn_id=57, status_flags=4
12-15 21:33:14.102 E/QC-QMI  (  491): qmi_ctl_tx_msg: qmi_qmux_tx_msg failed
12-15 21:33:14.103 E/QC-QMI  (  491): qmi_ctl_handle_request: qmi_ctl_tx_msg call failed
12-15 21:33:14.103 E/QC-QMI  (  491): qmi_qmux_open_connection: connection is disabled for conn_id=57
12-15 21:33:14.103 E/QC-QMI  (  491): qmi_qmux_tx_msg: failed to open inactive connd_id=57
12-15 21:33:14.103 E/QC-QMI  (  491): qmi_qmux: TX failed, connection inactive or in reset, conn_id=57, status_flags=4
12-15 21:33:14.103 E/QC-QMI  (  491): qmi_ctl_tx_msg: qmi_qmux_tx_msg failed
12-15 21:33:14.103 E/QC-QMI  (  491): qmi_ctl_handle_request: qmi_ctl_tx_msg call failed
12-15 21:33:14.105 E/QC-QMI  (  491): qmi_qmux_open_connection: connection is disabled for conn_id=29
12-15 21:33:14.105 E/QC-QMI  (  491): qmi_qmux_tx_msg: failed to open inactive connd_id=29
12-15 21:33:14.105 E/QC-QMI  (  491): qmi_qmux: TX failed, connection inactive or in reset, conn_id=29, status_flags=4
12-15 21:33:14.105 E/QC-QMI  (  491): qmi_ctl_tx_msg: qmi_qmux_tx_msg failed
12-15 21:33:14.105 E/QC-QMI  (  491): qmi_ctl_handle_request: qmi_ctl_tx_msg call failed
12-15 21:33:14.106 E/QC-QMI  (  491): qmi_qmux_open_connection: connection is disabled for conn_id=29
12-15 21:33:14.106 E/QC-QMI  (  491): qmi_qmux_tx_msg: failed to open inactive connd_id=29
12-15 21:33:14.106 E/QC-QMI  (  491): qmi_qmux: TX failed, connection inactive or in reset, conn_id=29, status_flags=4
12-15 21:33:14.106 E/QC-QMI  (  491): qmi_ctl_tx_msg: qmi_qmux_tx_msg failed
12-15 21:33:14.106 E/QC-QMI  (  491): qmi_ctl_handle_request: qmi_ctl_tx_msg call failed
12-15 21:33:14.107 E/QC-QMI  (  491): qmi_qmux_open_connection: connection is disabled for conn_id=48
12-15 21:33:14.107 E/QC-QMI  (  491): qmi_qmux_tx_msg: failed to open inactive connd_id=48
12-15 21:33:14.107 E/QC-QMI  (  491): qmi_qmux: TX failed, connection inactive or in reset, conn_id=48, status_flags=4
12-15 21:33:14.107 E/QC-QMI  (  491): qmi_ctl_tx_msg: qmi_qmux_tx_msg failed
12-15 21:33:14.107 E/QC-QMI  (  491): qmi_ctl_handle_request: qmi_ctl_tx_msg call failed
12-15 21:33:14.107 E/QC-QMI  (  491): qmi_qmux_open_connection: connection is disabled for conn_id=48
12-15 21:33:14.107 E/QC-QMI  (  491): qmi_qmux_tx_msg: failed to open inactive connd_id=48
12-15 21:33:14.107 E/QC-QMI  (  491): qmi_qmux: TX failed, connection inactive or in reset, conn_id=48, status_flags=4
12-15 21:33:14.107 E/QC-QMI  (  491): qmi_ctl_tx_msg: qmi_qmux_tx_msg failed
12-15 21:33:14.107 E/QC-QMI  (  491): qmi_ctl_handle_request: qmi_ctl_tx_msg call failed
12-15 21:33:14.108 E/QC-QMI  (  491): qmi_qmux_open_connection: connection is disabled for conn_id=57
12-15 21:33:14.108 E/QC-QMI  (  491): qmi_qmux_tx_msg: failed to open inactive connd_id=57
12-15 21:33:14.108 E/QC-QMI  (  491): qmi_qmux: TX failed, connection inactive or in reset, conn_id=57, status_flags=4
12-15 21:33:14.108 E/QC-QMI  (  491): qmi_ctl_tx_msg: qmi_qmux_tx_msg failed
12-15 21:33:14.108 E/QC-QMI  (  491): qmi_ctl_handle_request: qmi_ctl_tx_msg call failed
12-15 21:33:14.109 E/QC-QMI  (  491): qmi_qmux_open_connection: connection is disabled for conn_id=57
12-15 21:33:14.109 E/QC-QMI  (  491): qmi_qmux_tx_msg: failed to open inactive connd_id=57
12-15 21:33:14.109 E/QC-QMI  (  491): qmi_qmux: TX failed, connection inactive or in reset, conn_id=57, status_flags=4
12-15 21:33:14.109 E/QC-QMI  (  491): qmi_ctl_tx_msg: qmi_qmux_tx_msg failed
12-15 21:33:14.109 E/QC-QMI  (  491): qmi_ctl_handle_request: qmi_ctl_tx_msg call failed
12-15 21:33:14.114 E/QC-QMI  (  491): qmi_qmux_open_connection: connection is disabled for conn_id=29
12-15 21:33:14.114 E/QC-QMI  (  491): qmi_qmux_tx_msg: failed to open inactive connd_id=29
12-15 21:33:14.114 E/QC-QMI  (  491): qmi_qmux: TX failed, connection inactive or in reset, conn_id=29, status_flags=4
12-15 21:33:14.114 E/QC-QMI  (  491): qmi_ctl_tx_msg: qmi_qmux_tx_msg failed
12-15 21:33:14.114 E/QC-QMI  (  491): qmi_ctl_handle_request: qmi_ctl_tx_msg call failed
12-15 21:33:14.115 E/QC-QMI  (  491): qmi_qmux_open_connection: connection is disabled for conn_id=29
12-15 21:33:14.116 E/QC-QMI  (  491): qmi_qmux_tx_msg: failed to open inactive connd_id=29
12-15 21:33:14.116 E/QC-QMI  (  491): qmi_qmux: TX failed, connection inactive or in reset, conn_id=29, status_flags=4
12-15 21:33:14.116 E/QC-QMI  (  491): qmi_ctl_tx_msg: qmi_qmux_tx_msg failed
12-15 21:33:14.116 E/QC-QMI  (  491): qmi_ctl_handle_request: qmi_ctl_tx_msg call failed
12-15 21:33:14.117 E/QC-QMI  (  491): qmi_qmux_open_connection: connection is disabled for conn_id=48
12-15 21:33:14.117 E/QC-QMI  (  491): qmi_qmux_tx_msg: failed to open inactive connd_id=48
12-15 21:33:14.117 E/QC-QMI  (  491): qmi_qmux: TX failed, connection inactive or in reset, conn_id=48, status_flags=4
12-15 21:33:14.117 E/QC-QMI  (  491): qmi_ctl_tx_msg: qmi_qmux_tx_msg failed
12-15 21:33:14.117 E/QC-QMI  (  491): qmi_ctl_handle_request: qmi_ctl_tx_msg call failed
12-15 21:33:14.118 E/QC-QMI  (  491): qmi_qmux_open_connection: connection is disabled for conn_id=48
12-15 21:33:14.118 E/QC-QMI  (  491): qmi_qmux_tx_msg: failed to open inactive connd_id=48
12-15 21:33:14.118 E/QC-QMI  (  491): qmi_qmux: TX failed, connection inactive or in reset, conn_id=48, status_flags=4
12-15 21:33:14.119 E/QC-QMI  (  491): qmi_ctl_tx_msg: qmi_qmux_tx_msg failed
12-15 21:33:14.119 E/QC-QMI  (  491): qmi_ctl_handle_request: qmi_ctl_tx_msg call failed
12-15 21:33:14.119 E/QC-QMI  (  491): qmi_qmux_open_connection: connection is disabled for conn_id=57
12-15 21:33:14.119 E/QC-QMI  (  491): qmi_qmux_tx_msg: failed to open inactive connd_id=57
12-15 21:33:14.119 E/QC-QMI  (  491): qmi_qmux: TX failed, connection inactive or in reset, conn_id=57, status_flags=4
12-15 21:33:14.119 E/QC-QMI  (  491): qmi_ctl_tx_msg: qmi_qmux_tx_msg failed
12-15 21:33:14.119 E/QC-QMI  (  491): qmi_ctl_handle_request: qmi_ctl_tx_msg call failed
12-15 21:33:14.120 E/QC-QMI  (  491): qmi_qmux_open_connection: connection is disabled for conn_id=57
12-15 21:33:14.121 E/QC-QMI  (  491): qmi_qmux_tx_msg: failed to open inactive connd_id=57
12-15 21:33:14.121 E/QC-QMI  (  491): qmi_qmux: TX failed, connection inactive or in reset, conn_id=57, status_flags=4
12-15 21:33:14.121 E/QC-QMI  (  491): qmi_ctl_tx_msg: qmi_qmux_tx_msg failed
12-15 21:33:14.121 E/QC-QMI  (  491): qmi_ctl_handle_request: qmi_ctl_tx_msg call failed
12-15 21:33:14.126 E/QC-QMI  (  491): qmi_qmux_open_connection: connection is disabled for conn_id=29
12-15 21:33:14.126 E/QC-QMI  (  491): qmi_qmux_tx_msg: failed to open inactive connd_id=29
12-15 21:33:14.126 E/QC-QMI  (  491): qmi_qmux: TX failed, connection inactive or in reset, conn_id=29, status_flags=4
12-15 21:33:14.126 E/QC-QMI  (  491): qmi_ctl_tx_msg: qmi_qmux_tx_msg failed
12-15 21:33:14.126 E/QC-QMI  (  491): qmi_ctl_handle_request: qmi_ctl_tx_msg call failed
12-15 21:33:14.127 E/QC-QMI  (  491): qmi_qmux_open_connection: connection is disabled for conn_id=29
12-15 21:33:14.127 E/QC-QMI  (  491): qmi_qmux_tx_msg: failed to open inactive connd_id=29
12-15 21:33:14.127 E/QC-QMI  (  491): qmi_qmux: TX failed, connection inactive or in reset, conn_id=29, status_flags=4
12-15 21:33:14.127 E/QC-QMI  (  491): qmi_ctl_tx_msg: qmi_qmux_tx_msg failed
12-15 21:33:14.127 E/QC-QMI  (  491): qmi_ctl_handle_request: qmi_ctl_tx_msg call failed
12-15 21:33:14.128 E/QC-QMI  (  491): qmi_qmux_open_connection: connection is disabled for conn_id=48
12-15 21:33:14.128 E/QC-QMI  (  491): qmi_qmux_tx_msg: failed to open inactive connd_id=48
12-15 21:33:14.128 E/QC-QMI  (  491): qmi_qmux: TX failed, connection inactive or in reset, conn_id=48, status_flags=4
12-15 21:33:14.128 E/QC-QMI  (  491): qmi_ctl_tx_msg: qmi_qmux_tx_msg failed
12-15 21:33:14.128 E/QC-QMI  (  491): qmi_ctl_handle_request: qmi_ctl_tx_msg call failed
12-15 21:33:14.129 E/QC-QMI  (  491): qmi_qmux_open_connection: connection is disabled for conn_id=48
12-15 21:33:14.129 E/QC-QMI  (  491): qmi_qmux_tx_msg: failed to open inactive connd_id=48
12-15 21:33:14.129 E/QC-QMI  (  491): qmi_qmux: TX failed, connection inactive or in reset, conn_id=48, status_flags=4
12-15 21:33:14.129 E/QC-QMI  (  491): qmi_ctl_tx_msg: qmi_qmux_tx_msg failed
12-15 21:33:14.129 E/QC-QMI  (  491): qmi_ctl_handle_request: qmi_ctl_tx_msg call failed
12-15 21:33:14.130 E/QC-QMI  (  491): qmi_qmux_open_connection: connection is disabled for conn_id=57
12-15 21:33:14.130 E/QC-QMI  (  491): qmi_qmux_tx_msg: failed to open inactive connd_id=57
12-15 21:33:14.130 E/QC-QMI  (  491): qmi_qmux: TX failed, connection inactive or in reset, conn_id=57, status_flags=4
12-15 21:33:14.130 E/QC-QMI  (  491): qmi_ctl_tx_msg: qmi_qmux_tx_msg failed
12-15 21:33:14.130 E/QC-QMI  (  491): qmi_ctl_handle_request: qmi_ctl_tx_msg call failed
12-15 21:33:14.130 E/QC-QMI  (  491): qmi_qmux_open_connection: connection is disabled for conn_id=57
12-15 21:33:14.130 E/QC-QMI  (  491): qmi_qmux_tx_msg: failed to open inactive connd_id=57
12-15 21:33:14.131 E/QC-QMI  (  491): qmi_qmux: TX failed, connection inactive or in reset, conn_id=57, status_flags=4
12-15 21:33:14.131 E/QC-QMI  (  491): qmi_ctl_tx_msg: qmi_qmux_tx_msg failed
12-15 21:33:14.131 E/QC-QMI  (  491): qmi_ctl_handle_request: qmi_ctl_tx_msg call failed
12-15 21:33:14.138 E/QC-QMI  (  491): qmi_qmux_open_connection: connection is disabled for conn_id=29
12-15 21:33:14.138 E/QC-QMI  (  491): qmi_qmux_tx_msg: failed to open inactive connd_id=29
12-15 21:33:14.139 E/QC-QMI  (  491): qmi_qmux: TX failed, connection inactive or in reset, conn_id=29, status_flags=4
12-15 21:33:14.139 E/QC-QMI  (  491): qmi_ctl_tx_msg: qmi_qmux_tx_msg failed
12-15 21:33:14.139 E/QC-QMI  (  491): qmi_ctl_handle_request: qmi_ctl_tx_msg call failed
12-15 21:33:14.139 E/QC-QMI  (  491): qmi_qmux_open_connection: connection is disabled for conn_id=29
12-15 21:33:14.139 E/QC-QMI  (  491): qmi_qmux_tx_msg: failed to open inactive connd_id=29
12-15 21:33:14.139 E/QC-QMI  (  491): qmi_qmux: TX failed, connection inactive or in reset, conn_id=29, status_flags=4
12-15 21:33:14.139 E/QC-QMI  (  491): qmi_ctl_tx_msg: qmi_qmux_tx_msg failed
12-15 21:33:14.139 E/QC-QMI  (  491): qmi_ctl_handle_request: qmi_ctl_tx_msg call failed
12-15 21:33:14.144 E/QC-QMI  (  491): qmi_qmux_open_connection: connection is disabled for conn_id=48
12-15 21:33:14.144 E/QC-QMI  (  491): qmi_qmux_tx_msg: failed to open inactive connd_id=48
12-15 21:33:14.144 E/QC-QMI  (  491): qmi_qmux: TX failed, connection inactive or in reset, conn_id=48, status_flags=4
12-15 21:33:14.144 E/QC-QMI  (  491): qmi_ctl_tx_msg: qmi_qmux_tx_msg failed
12-15 21:33:14.144 E/QC-QMI  (  491): qmi_ctl_handle_request: qmi_ctl_tx_msg call failed
12-15 21:33:14.145 E/QC-QMI  (  491): qmi_qmux_open_connection: connection is disabled for conn_id=48
12-15 21:33:14.145 E/QC-QMI  (  491): qmi_qmux_tx_msg: failed to open inactive connd_id=48
12-15 21:33:14.145 E/QC-QMI  (  491): qmi_qmux: TX failed, connection inactive or in reset, conn_id=48, status_flags=4
12-15 21:33:14.145 E/QC-QMI  (  491): qmi_ctl_tx_msg: qmi_qmux_tx_msg failed
12-15 21:33:14.145 E/QC-QMI  (  491): qmi_ctl_handle_request: qmi_ctl_tx_msg call failed
12-15 21:33:14.146 E/QC-QMI  (  491): qmi_qmux_open_connection: connection is disabled for conn_id=57
12-15 21:33:14.146 E/QC-QMI  (  491): qmi_qmux_tx_msg: failed to open inactive connd_id=57
12-15 21:33:14.146 W/PackageManager(  882): Permission com.google.android.launcher.permission.READ_SETTINGS from package com.google.android.googlequicksearchbox in an unknown group android.permission-group.SYSTEM_TOOLS
12-15 21:33:14.146 E/QC-QMI  (  491): qmi_qmux: TX failed, connection inactive or in reset, conn_id=57, status_flags=4
12-15 21:33:14.146 W/PackageManager(  882): Permission com.google.android.launcher.permission.WRITE_SETTINGS from package com.google.android.googlequicksearchbox in an unknown group android.permission-group.SYSTEM_TOOLS
12-15 21:33:14.146 E/QC-QMI  (  491): qmi_ctl_tx_msg: qmi_qmux_tx_msg failed
12-15 21:33:14.146 W/PackageManager(  882): Permission com.android.launcher.permission.INSTALL_SHORTCUT from package com.google.android.googlequicksearchbox in an unknown group android.permission-group.SYSTEM_TOOLS
12-15 21:33:14.146 E/QC-QMI  (  491): qmi_ctl_handle_request: qmi_ctl_tx_msg call failed
12-15 21:33:14.147 E/QC-QMI  (  491): qmi_qmux_open_connection: connection is disabled for conn_id=57
12-15 21:33:14.147 E/QC-QMI  (  491): qmi_qmux_tx_msg: failed to open inactive connd_id=57
12-15 21:33:14.147 E/QC-QMI  (  491): qmi_qmux: TX failed, connection inactive or in reset, conn_id=57, status_flags=4
12-15 21:33:14.147 E/QC-QMI  (  491): qmi_ctl_tx_msg: qmi_qmux_tx_msg failed
12-15 21:33:14.147 E/QC-QMI  (  491): qmi_ctl_handle_request: qmi_ctl_tx_msg call failed
12-15 21:33:14.158 E/QC-QMI  (  491): qmi_qmux_open_connection: connection is disabled for conn_id=29
12-15 21:33:14.158 E/QC-QMI  (  491): qmi_qmux_tx_msg: failed to open inactive connd_id=29
12-15 21:33:14.158 E/QC-QMI  (  491): qmi_qmux: TX failed, connection inactive or in reset, conn_id=29, status_flags=4
12-15 21:33:14.158 E/QC-QMI  (  491): qmi_ctl_tx_msg: qmi_qmux_tx_msg failed
12-15 21:33:14.158 E/QC-QMI  (  491): qmi_ctl_handle_request: qmi_ctl_tx_msg call failed
12-15 21:33:14.158 E/QC-QMI  (  491): qmi_qmux_open_connection: connection is disabled for conn_id=29
12-15 21:33:14.159 E/QC-QMI  (  491): qmi_qmux_tx_msg: failed to open inactive connd_id=29
12-15 21:33:14.159 E/QC-QMI  (  491): qmi_qmux: TX failed, connection inactive or in reset, conn_id=29, status_flags=4
12-15 21:33:14.159 E/QC-QMI  (  491): qmi_ctl_tx_msg: qmi_qmux_tx_msg failed
12-15 21:33:14.159 E/QC-QMI  (  491): qmi_ctl_handle_request: qmi_ctl_tx_msg call failed
12-15 21:33:14.159 E/QC-QMI  (  491): qmi_qmux_open_connection: connection is disabled for conn_id=48
12-15 21:33:14.159 E/QC-QMI  (  491): qmi_qmux_tx_msg: failed to open inactive connd_id=48
12-15 21:33:14.160 E/QC-QMI  (  491): qmi_qmux: TX failed, connection inactive or in reset, conn_id=48, status_flags=4
12-15 21:33:14.160 E/QC-QMI  (  491): qmi_ctl_tx_msg: qmi_qmux_tx_msg failed
12-15 21:33:14.160 E/QC-QMI  (  491): qmi_ctl_handle_request: qmi_ctl_tx_msg call failed
12-15 21:33:14.160 E/QC-QMI  (  491): qmi_qmux_open_connection: connection is disabled for conn_id=48
12-15 21:33:14.160 E/QC-QMI  (  491): qmi_qmux_tx_msg: failed to open inactive connd_id=48
12-15 21:33:14.160 E/QC-QMI  (  491): qmi_qmux: TX failed, connection inactive or in reset, conn_id=48, status_flags=4
12-15 21:33:14.160 E/QC-QMI  (  491): qmi_ctl_tx_msg: qmi_qmux_tx_msg failed
12-15 21:33:14.160 E/QC-QMI  (  491): qmi_ctl_handle_request: qmi_ctl_tx_msg call failed
12-15 21:33:14.161 E/QC-QMI  (  491): qmi_qmux_open_connection: connection is disabled for conn_id=57
12-15 21:33:14.161 E/QC-QMI  (  491): qmi_qmux_tx_msg: failed to open inactive connd_id=57
12-15 21:33:14.161 E/QC-QMI  (  491): qmi_qmux: TX failed, connection inactive or in reset, conn_id=57, status_flags=4
12-15 21:33:14.161 E/QC-QMI  (  491): qmi_ctl_tx_msg: qmi_qmux_tx_msg failed
12-15 21:33:14.161 E/QC-QMI  (  491): qmi_ctl_handle_request: qmi_ctl_tx_msg call failed
12-15 21:33:14.163 E/QC-QMI  (  491): qmi_qmux_open_connection: connection is disabled for conn_id=57
12-15 21:33:14.163 E/QC-QMI  (  491): qmi_qmux_tx_msg: failed to open inactive connd_id=57
12-15 21:33:14.163 E/QC-QMI  (  491): qmi_qmux: TX failed, connection inactive or in reset, conn_id=57, status_flags=4
12-15 21:33:14.163 E/QC-QMI  (  491): qmi_ctl_tx_msg: qmi_qmux_tx_msg failed
12-15 21:33:14.163 E/QC-QMI  (  491): qmi_ctl_handle_request: qmi_ctl_tx_msg call failed
12-15 21:33:14.163 D/vold    (  337): Disk at 253:0 changed
12-15 21:33:14.166 D/vold    (  337): Disk at 253:0 changed
12-15 21:33:14.166 D/vold    (  337): Disk at 253:0 changed
12-15 21:33:14.166 D/vold    (  337): Disk at 253:0 changed
12-15 21:33:14.166 D/vold    (  337): Disk at 253:0 changed
12-15 21:33:14.166 D/vold    (  337): Disk at 253:0 changed
12-15 21:33:14.166 D/vold    (  337): Disk at 253:0 changed
12-15 21:33:14.166 D/vold    (  337): Disk at 253:0 changed
12-15 21:33:14.166 D/vold    (  337): Disk at 253:0 changed
12-15 21:33:14.166 D/vold    (  337): Disk at 253:0 changed
12-15 21:33:14.167 D/vold    (  337): Disk at 253:0 changed
12-15 21:33:14.167 D/vold    (  337): Disk at 253:0 changed
12-15 21:33:14.167 D/vold    (  337): Disk at 253:0 changed
12-15 21:33:14.167 D/vold    (  337): Disk at 253:0 changed
12-15 21:33:14.167 D/vold    (  337): Disk at 253:0 changed
12-15 21:33:14.167 D/vold    (  337): Disk at 253:0 changed
12-15 21:33:14.169 E/QC-QMI  (  491): qmi_qmux_open_connection: connection is disabled for conn_id=29
12-15 21:33:14.169 E/QC-QMI  (  491): qmi_qmux_tx_msg: failed to open inactive connd_id=29
12-15 21:33:14.169 E/QC-QMI  (  491): qmi_qmux: TX failed, connection inactive or in reset, conn_id=29, status_flags=4
12-15 21:33:14.169 E/QC-QMI  (  491): qmi_ctl_tx_msg: qmi_qmux_tx_msg failed
12-15 21:33:14.169 E/QC-QMI  (  491): qmi_ctl_handle_request: qmi_ctl_tx_msg call failed
12-15 21:33:14.170 E/QC-QMI  (  491): qmi_qmux_open_connection: connection is disabled for conn_id=29
12-15 21:33:14.170 E/QC-QMI  (  491): qmi_qmux_tx_msg: failed to open inactive connd_id=29
12-15 21:33:14.170 E/QC-QMI  (  491): qmi_qmux: TX failed, connection inactive or in reset, conn_id=29, status_flags=4
12-15 21:33:14.170 E/QC-QMI  (  491): qmi_ctl_tx_msg: qmi_qmux_tx_msg failed
12-15 21:33:14.170 E/QC-QMI  (  491): qmi_ctl_handle_request: qmi_ctl_tx_msg call failed
12-15 21:33:14.171 E/QC-QMI  (  491): qmi_qmux_open_connection: connection is disabled for conn_id=48
12-15 21:33:14.171 E/QC-QMI  (  491): qmi_qmux_tx_msg: failed to open inactive connd_id=48
12-15 21:33:14.171 E/QC-QMI  (  491): qmi_qmux: TX failed, connection inactive or in reset, conn_id=48, status_flags=4
12-15 21:33:14.171 E/QC-QMI  (  491): qmi_ctl_tx_msg: qmi_qmux_tx_msg failed
12-15 21:33:14.171 E/QC-QMI  (  491): qmi_ctl_handle_request: qmi_ctl_tx_msg call failed
12-15 21:33:14.171 E/QC-QMI  (  491): qmi_qmux_open_connection: connection is disabled for conn_id=48
12-15 21:33:14.171 E/QC-QMI  (  491): qmi_qmux_tx_msg: failed to open inactive connd_id=48
12-15 21:33:14.171 E/QC-QMI  (  491): qmi_qmux: TX failed, connection inactive or in reset, conn_id=48, status_flags=4
12-15 21:33:14.171 E/QC-QMI  (  491): qmi_ctl_tx_msg: qmi_qmux_tx_msg failed
12-15 21:33:14.172 E/QC-QMI  (  491): qmi_ctl_handle_request: qmi_ctl_tx_msg call failed
12-15 21:33:14.173 E/QC-QMI  (  491): qmi_qmux_open_connection: connection is disabled for conn_id=57
12-15 21:33:14.173 E/QC-QMI  (  491): qmi_qmux_tx_msg: failed to open inactive connd_id=57
12-15 21:33:14.173 E/QC-QMI  (  491): qmi_qmux: TX failed, connection inactive or in reset, conn_id=57, status_flags=4
12-15 21:33:14.173 E/QC-QMI  (  491): qmi_ctl_tx_msg: qmi_qmux_tx_msg failed
12-15 21:33:14.173 E/QC-QMI  (  491): qmi_ctl_handle_request: qmi_ctl_tx_msg call failed
12-15 21:33:14.174 E/QC-QMI  (  491): qmi_qmux_open_connection: connection is disabled for conn_id=57
12-15 21:33:14.174 E/QC-QMI  (  491): qmi_qmux_tx_msg: failed to open inactive connd_id=57
12-15 21:33:14.174 E/QC-QMI  (  491): qmi_qmux: TX failed, connection inactive or in reset, conn_id=57, status_flags=4
12-15 21:33:14.174 E/QC-QMI  (  491): qmi_ctl_tx_msg: qmi_qmux_tx_msg failed
12-15 21:33:14.174 E/QC-QMI  (  491): qmi_ctl_handle_request: qmi_ctl_tx_msg call failed
12-15 21:33:14.179 E/QC-QMI  (  491): qmi_qmux_open_connection: connection is disabled for conn_id=29
12-15 21:33:14.179 E/QC-QMI  (  491): qmi_qmux_tx_msg: failed to open inactive connd_id=29
12-15 21:33:14.180 E/QC-QMI  (  491): qmi_qmux: TX failed, connection inactive or in reset, conn_id=29, status_flags=4
12-15 21:33:14.180 E/QC-QMI  (  491): qmi_ctl_tx_msg: qmi_qmux_tx_msg failed
12-15 21:33:14.180 E/QC-QMI  (  491): qmi_ctl_handle_request: qmi_ctl_tx_msg call failed
12-15 21:33:14.180 E/QC-QMI  (  491): qmi_qmux_open_connection: connection is disabled for conn_id=29
12-15 21:33:14.180 E/QC-QMI  (  491): qmi_qmux_tx_msg: failed to open inactive connd_id=29
12-15 21:33:14.180 E/QC-QMI  (  491): qmi_qmux: TX failed, connection inactive or in reset, conn_id=29, status_flags=4
12-15 21:33:14.180 E/QC-QMI  (  491): qmi_ctl_tx_msg: qmi_qmux_tx_msg failed
12-15 21:33:14.180 E/QC-QMI  (  491): qmi_ctl_handle_request: qmi_ctl_tx_msg call failed
12-15 21:33:14.181 E/QC-QMI  (  491): qmi_qmux_open_connection: connection is disabled for conn_id=48
12-15 21:33:14.181 E/QC-QMI  (  491): qmi_qmux_tx_msg: failed to open inactive connd_id=48
12-15 21:33:14.181 E/QC-QMI  (  491): qmi_qmux: TX failed, connection inactive or in reset, conn_id=48, status_flags=4
12-15 21:33:14.181 E/QC-QMI  (  491): qmi_ctl_tx_msg: qmi_qmux_tx_msg failed
12-15 21:33:14.181 E/QC-QMI  (  491): qmi_ctl_handle_request: qmi_ctl_tx_msg call failed
12-15 21:33:14.182 E/QC-QMI  (  491): qmi_qmux_open_connection: connection is disabled for conn_id=48
12-15 21:33:14.182 E/QC-QMI  (  491): qmi_qmux_tx_msg: failed to open inactive connd_id=48
12-15 21:33:14.182 E/QC-QMI  (  491): qmi_qmux: TX failed, connection inactive or in reset, conn_id=48, status_flags=4
12-15 21:33:14.182 E/QC-QMI  (  491): qmi_ctl_tx_msg: qmi_qmux_tx_msg failed
12-15 21:33:14.182 E/QC-QMI  (  491): qmi_ctl_handle_request: qmi_ctl_tx_msg call failed
12-15 21:33:14.183 E/QC-QMI  (  491): qmi_qmux_open_connection: connection is disabled for conn_id=57
12-15 21:33:14.183 E/QC-QMI  (  491): qmi_qmux_tx_msg: failed to open inactive connd_id=57
12-15 21:33:14.183 E/QC-QMI  (  491): qmi_qmux: TX failed, connection inactive or in reset, conn_id=57, status_flags=4
12-15 21:33:14.183 E/QC-QMI  (  491): qmi_ctl_tx_msg: qmi_qmux_tx_msg failed
12-15 21:33:14.183 E/QC-QMI  (  491): qmi_ctl_handle_request: qmi_ctl_tx_msg call failed
12-15 21:33:14.183 E/QC-QMI  (  491): qmi_qmux_open_connection: connection is disabled for conn_id=57
12-15 21:33:14.183 E/QC-QMI  (  491): qmi_qmux_tx_msg: failed to open inactive connd_id=57
12-15 21:33:14.184 E/QC-QMI  (  491): qmi_qmux: TX failed, connection inactive or in reset, conn_id=57, status_flags=4
12-15 21:33:14.184 E/QC-QMI  (  491): qmi_ctl_tx_msg: qmi_qmux_tx_msg failed
12-15 21:33:14.184 E/QC-QMI  (  491): qmi_ctl_handle_request: qmi_ctl_tx_msg call failed
12-15 21:33:14.188 E/QC-QMI  (  491): qmi_qmux_open_connection: connection is disabled for conn_id=29
12-15 21:33:14.189 E/QC-QMI  (  491): qmi_qmux_tx_msg: failed to open inactive connd_id=29
12-15 21:33:14.189 E/QC-QMI  (  491): qmi_qmux: TX failed, connection inactive or in reset, conn_id=29, status_flags=4
12-15 21:33:14.189 E/QC-QMI  (  491): qmi_ctl_tx_msg: qmi_qmux_tx_msg failed
12-15 21:33:14.189 E/QC-QMI  (  491): qmi_ctl_handle_request: qmi_ctl_tx_msg call failed
12-15 21:33:14.189 W/PackageParser(  882): Ignoring duplicate uses-permissions/uses-permissions-sdk-m: android.permission.READ_CONTACTS in package: com.android.bluetooth at: Binary XML file line #58
12-15 21:33:14.189 E/QC-QMI  (  491): qmi_qmux_open_connection: connection is disabled for conn_id=29
12-15 21:33:14.189 E/QC-QMI  (  491): qmi_qmux_tx_msg: failed to open inactive connd_id=29
12-15 21:33:14.189 E/QC-QMI  (  491): qmi_qmux: TX failed, connection inactive or in reset, conn_id=29, status_flags=4
12-15 21:33:14.190 E/QC-QMI  (  491): qmi_ctl_tx_msg: qmi_qmux_tx_msg failed
12-15 21:33:14.190 E/QC-QMI  (  491): qmi_ctl_handle_request: qmi_ctl_tx_msg call failed
12-15 21:33:14.190 W/PackageParser(  882): No actions in intent filter at /system/app/Bluetooth/Bluetooth.apk Binary XML file line #216
12-15 21:33:14.190 E/QC-QMI  (  491): qmi_qmux_open_connection: connection is disabled for conn_id=48
12-15 21:33:14.190 E/QC-QMI  (  491): qmi_qmux_tx_msg: failed to open inactive connd_id=48
12-15 21:33:14.190 E/QC-QMI  (  491): qmi_qmux: TX failed, connection inactive or in reset, conn_id=48, status_flags=4
12-15 21:33:14.190 E/QC-QMI  (  491): qmi_ctl_tx_msg: qmi_qmux_tx_msg failed
12-15 21:33:14.190 E/QC-QMI  (  491): qmi_ctl_handle_request: qmi_ctl_tx_msg call failed
12-15 21:33:14.191 E/QC-QMI  (  491): qmi_qmux_open_connection: connection is disabled for conn_id=48
12-15 21:33:14.191 E/QC-QMI  (  491): qmi_qmux_tx_msg: failed to open inactive connd_id=48
12-15 21:33:14.191 E/QC-QMI  (  491): qmi_qmux: TX failed, connection inactive or in reset, conn_id=48, status_flags=4
12-15 21:33:14.191 E/QC-QMI  (  491): qmi_ctl_tx_msg: qmi_qmux_tx_msg failed
12-15 21:33:14.191 E/QC-QMI  (  491): qmi_ctl_handle_request: qmi_ctl_tx_msg call failed
12-15 21:33:14.192 E/QC-QMI  (  491): qmi_qmux_open_connection: connection is disabled for conn_id=57
12-15 21:33:14.192 E/QC-QMI  (  491): qmi_qmux_tx_msg: failed to open inactive connd_id=57
12-15 21:33:14.192 E/QC-QMI  (  491): qmi_qmux: TX failed, connection inactive or in reset, conn_id=57, status_flags=4
12-15 21:33:14.192 E/QC-QMI  (  491): qmi_ctl_tx_msg: qmi_qmux_tx_msg failed
12-15 21:33:14.192 E/QC-QMI  (  491): qmi_ctl_handle_request: qmi_ctl_tx_msg call failed
12-15 21:33:14.193 E/QC-QMI  (  491): qmi_qmux_open_connection: connection is disabled for conn_id=57
12-15 21:33:14.193 E/QC-QMI  (  491): qmi_qmux_tx_msg: failed to open inactive connd_id=57
12-15 21:33:14.193 E/QC-QMI  (  491): qmi_qmux: TX failed, connection inactive or in reset, conn_id=57, status_flags=4
12-15 21:33:14.193 E/QC-QMI  (  491): qmi_ctl_tx_msg: qmi_qmux_tx_msg failed
12-15 21:33:14.193 E/QC-QMI  (  491): qmi_ctl_handle_request: qmi_ctl_tx_msg call failed
12-15 21:33:14.194 E/QC-QMI  (  491): qmi_qmux_open_connection: connection is disabled for conn_id=29
12-15 21:33:14.194 E/QC-QMI  (  491): qmi_qmux_tx_msg: failed to open inactive connd_id=29
12-15 21:33:14.194 E/QC-QMI  (  491): qmi_qmux: TX failed, connection inactive or in reset, conn_id=29, status_flags=4
12-15 21:33:14.194 E/QC-QMI  (  491): qmi_ctl_tx_msg: qmi_qmux_tx_msg failed
12-15 21:33:14.194 E/QC-QMI  (  491): qmi_ctl_handle_request: qmi_ctl_tx_msg call failed
12-15 21:33:14.194 E/QC-QMI  (  491): qmi_qmux_open_connection: connection is disabled for conn_id=29
12-15 21:33:14.194 E/QC-QMI  (  491): qmi_qmux_tx_msg: failed to open inactive connd_id=29
12-15 21:33:14.195 E/QC-QMI  (  491): qmi_qmux: TX failed, connection inactive or in reset, conn_id=29, status_flags=4
12-15 21:33:14.195 E/QC-QMI  (  491): qmi_ctl_tx_msg: qmi_qmux_tx_msg failed
12-15 21:33:14.195 E/QC-QMI  (  491): qmi_ctl_handle_request: qmi_ctl_tx_msg call failed
12-15 21:33:14.195 E/QC-QMI  (  491): qmi_qmux_open_connection: connection is disabled for conn_id=48
12-15 21:33:14.195 E/QC-QMI  (  491): qmi_qmux_tx_msg: failed to open inactive connd_id=48
12-15 21:33:14.195 E/QC-QMI  (  491): qmi_qmux: TX failed, connection inactive or in reset, conn_id=48, status_flags=4
12-15 21:33:14.195 E/QC-QMI  (  491): qmi_ctl_tx_msg: qmi_qmux_tx_msg failed
12-15 21:33:14.195 E/QC-QMI  (  491): qmi_ctl_handle_request: qmi_ctl_tx_msg call failed
12-15 21:33:14.196 E/QC-QMI  (  491): qmi_qmux_open_connection: connection is disabled for conn_id=48
12-15 21:33:14.196 E/QC-QMI  (  491): qmi_qmux_tx_msg: failed to open inactive connd_id=48
12-15 21:33:14.196 E/QC-QMI  (  491): qmi_qmux: TX failed, connection inactive or in reset, conn_id=48, status_flags=4
12-15 21:33:14.196 E/QC-QMI  (  491): qmi_ctl_tx_msg: qmi_qmux_tx_msg failed
12-15 21:33:14.196 E/QC-QMI  (  491): qmi_ctl_handle_request: qmi_ctl_tx_msg call failed
12-15 21:33:14.197 E/QC-QMI  (  491): qmi_qmux_open_connection: connection is disabled for conn_id=57
12-15 21:33:14.197 E/QC-QMI  (  491): qmi_qmux_tx_msg: failed to open inactive connd_id=57
12-15 21:33:14.197 E/QC-QMI  (  491): qmi_qmux: TX failed, connection inactive or in reset, conn_id=57, status_flags=4
12-15 21:33:14.197 E/QC-QMI  (  491): qmi_ctl_tx_msg: qmi_qmux_tx_msg failed
12-15 21:33:14.197 E/QC-QMI  (  491): qmi_ctl_handle_request: qmi_ctl_tx_msg call failed
12-15 21:33:14.198 E/QC-QMI  (  491): qmi_qmux_open_connection: connection is disabled for conn_id=57
12-15 21:33:14.198 E/QC-QMI  (  491): qmi_qmux_tx_msg: failed to open inactive connd_id=57
12-15 21:33:14.198 E/QC-QMI  (  491): qmi_qmux: TX failed, connection inactive or in reset, conn_id=57, status_flags=4
12-15 21:33:14.198 E/QC-QMI  (  491): qmi_ctl_tx_msg: qmi_qmux_tx_msg failed
12-15 21:33:14.198 E/QC-QMI  (  491): qmi_ctl_handle_request: qmi_ctl_tx_msg call failed
12-15 21:33:14.202 E/QC-QMI  (  491): qmi_qmux_open_connection: connection is disabled for conn_id=29
12-15 21:33:14.203 E/QC-QMI  (  491): qmi_qmux_tx_msg: failed to open inactive connd_id=29
12-15 21:33:14.203 E/QC-QMI  (  491): qmi_qmux: TX failed, connection inactive or in reset, conn_id=29, status_flags=4
12-15 21:33:14.203 E/QC-QMI  (  491): qmi_ctl_tx_msg: qmi_qmux_tx_msg failed
12-15 21:33:14.203 E/QC-QMI  (  491): qmi_ctl_handle_request: qmi_ctl_tx_msg call failed
12-15 21:33:14.203 E/QC-QMI  (  491): qmi_qmux_open_connection: connection is disabled for conn_id=29
12-15 21:33:14.203 E/QC-QMI  (  491): qmi_qmux_tx_msg: failed to open inactive connd_id=29
12-15 21:33:14.203 E/QC-QMI  (  491): qmi_qmux: TX failed, connection inactive or in reset, conn_id=29, status_flags=4
12-15 21:33:14.203 E/QC-QMI  (  491): qmi_ctl_tx_msg: qmi_qmux_tx_msg failed
12-15 21:33:14.203 E/QC-QMI  (  491): qmi_ctl_handle_request: qmi_ctl_tx_msg call failed
12-15 21:33:14.204 E/QC-QMI  (  491): qmi_qmux_open_connection: connection is disabled for conn_id=48
12-15 21:33:14.205 E/QC-QMI  (  491): qmi_qmux_tx_msg: failed to open inactive connd_id=48
12-15 21:33:14.205 E/QC-QMI  (  491): qmi_qmux: TX failed, connection inactive or in reset, conn_id=48, status_flags=4
12-15 21:33:14.205 E/QC-QMI  (  491): qmi_ctl_tx_msg: qmi_qmux_tx_msg failed
12-15 21:33:14.205 E/QC-QMI  (  491): qmi_ctl_handle_request: qmi_ctl_tx_msg call failed
12-15 21:33:14.205 E/QC-QMI  (  491): qmi_qmux_open_connection: connection is disabled for conn_id=48
12-15 21:33:14.205 E/QC-QMI  (  491): qmi_qmux_tx_msg: failed to open inactive connd_id=48
12-15 21:33:14.205 E/QC-QMI  (  491): qmi_qmux: TX failed, connection inactive or in reset, conn_id=48, status_flags=4
12-15 21:33:14.205 E/QC-QMI  (  491): qmi_ctl_tx_msg: qmi_qmux_tx_msg failed
12-15 21:33:14.205 E/QC-QMI  (  491): qmi_ctl_handle_request: qmi_ctl_tx_msg call failed
12-15 21:33:14.206 E/QC-QMI  (  491): qmi_qmux_open_connection: connection is disabled for conn_id=57
12-15 21:33:14.206 E/QC-QMI  (  491): qmi_qmux_tx_msg: failed to open inactive connd_id=57
12-15 21:33:14.206 E/QC-QMI  (  491): qmi_qmux: TX failed, connection inactive or in reset, conn_id=57, status_flags=4
12-15 21:33:14.206 E/QC-QMI  (  491): qmi_ctl_tx_msg: qmi_qmux_tx_msg failed
12-15 21:33:14.206 E/QC-QMI  (  491): qmi_ctl_handle_request: qmi_ctl_tx_msg call failed
12-15 21:33:14.207 E/QC-QMI  (  491): qmi_qmux_open_connection: connection is disabled for conn_id=57
12-15 21:33:14.207 E/QC-QMI  (  491): qmi_qmux_tx_msg: failed to open inactive connd_id=57
12-15 21:33:14.207 E/QC-QMI  (  491): qmi_qmux: TX failed, connection inactive or in reset, conn_id=57, status_flags=4
12-15 21:33:14.207 E/QC-QMI  (  491): qmi_ctl_tx_msg: qmi_qmux_tx_msg failed
12-15 21:33:14.207 E/QC-QMI  (  491): qmi_ctl_handle_request: qmi_ctl_tx_msg call failed
12-15 21:33:14.207 E/QC-QMI  (  491): qmi_qmux_open_connection: connection is disabled for conn_id=29
12-15 21:33:14.207 E/QC-QMI  (  491): qmi_qmux_tx_msg: failed to open inactive connd_id=29
12-15 21:33:14.207 E/QC-QMI  (  491): qmi_qmux: TX failed, connection inactive or in reset, conn_id=29, status_flags=4
12-15 21:33:14.207 E/QC-QMI  (  491): qmi_ctl_tx_msg: qmi_qmux_tx_msg failed
12-15 21:33:14.207 E/QC-QMI  (  491): qmi_ctl_handle_request: qmi_ctl_tx_msg call failed
12-15 21:33:14.208 E/QC-QMI  (  491): qmi_qmux_open_connection: connection is disabled for conn_id=29
12-15 21:33:14.208 E/QC-QMI  (  491): qmi_qmux_tx_msg: failed to open inactive connd_id=29
12-15 21:33:14.208 E/QC-QMI  (  491): qmi_qmux: TX failed, connection inactive or in reset, conn_id=29, status_flags=4
12-15 21:33:14.208 E/QC-QMI  (  491): qmi_ctl_tx_msg: qmi_qmux_tx_msg failed
12-15 21:33:14.208 E/QC-QMI  (  491): qmi_ctl_handle_request: qmi_ctl_tx_msg call failed
12-15 21:33:14.209 E/QC-QMI  (  491): qmi_qmux_open_connection: connection is disabled for conn_id=48
12-15 21:33:14.209 E/QC-QMI  (  491): qmi_qmux_tx_msg: failed to open inactive connd_id=48
12-15 21:33:14.209 E/QC-QMI  (  491): qmi_qmux: TX failed, connection inactive or in reset, conn_id=48, status_flags=4
12-15 21:33:14.209 E/QC-QMI  (  491): qmi_ctl_tx_msg: qmi_qmux_tx_msg failed
12-15 21:33:14.209 E/QC-QMI  (  491): qmi_ctl_handle_request: qmi_ctl_tx_msg call failed
12-15 21:33:14.209 E/QC-QMI  (  491): qmi_qmux_open_connection: connection is disabled for conn_id=48
12-15 21:33:14.209 E/QC-QMI  (  491): qmi_qmux_tx_msg: failed to open inactive connd_id=48
12-15 21:33:14.209 E/QC-QMI  (  491): qmi_qmux: TX failed, connection inactive or in reset, conn_id=48, status_flags=4
12-15 21:33:14.209 E/QC-QMI  (  491): qmi_ctl_tx_msg: qmi_qmux_tx_msg failed
12-15 21:33:14.209 E/QC-QMI  (  491): qmi_ctl_handle_request: qmi_ctl_tx_msg call failed
12-15 21:33:14.210 E/QC-QMI  (  491): qmi_qmux_open_connection: connection is disabled for conn_id=57
12-15 21:33:14.210 E/QC-QMI  (  491): qmi_qmux_tx_msg: failed to open inactive connd_id=57
12-15 21:33:14.210 E/QC-QMI  (  491): qmi_qmux: TX failed, connection inactive or in reset, conn_id=57, status_flags=4
12-15 21:33:14.210 E/QC-QMI  (  491): qmi_ctl_tx_msg: qmi_qmux_tx_msg failed
12-15 21:33:14.210 E/QC-QMI  (  491): qmi_ctl_handle_request: qmi_ctl_tx_msg call failed
12-15 21:33:14.211 E/QC-QMI  (  491): qmi_qmux_open_connection: connection is disabled for conn_id=57
12-15 21:33:14.211 E/QC-QMI  (  491): qmi_qmux_tx_msg: failed to open inactive connd_id=57
12-15 21:33:14.211 E/QC-QMI  (  491): qmi_qmux: TX failed, connection inactive or in reset, conn_id=57, status_flags=4
12-15 21:33:14.211 E/QC-QMI  (  491): qmi_ctl_tx_msg: qmi_qmux_tx_msg failed
12-15 21:33:14.211 E/QC-QMI  (  491): qmi_ctl_handle_request: qmi_ctl_tx_msg call failed
12-15 21:33:14.212 E/QC-QMI  (  491): qmi_qmux_open_connection: connection is disabled for conn_id=29
12-15 21:33:14.212 E/QC-QMI  (  491): qmi_qmux_tx_msg: failed to open inactive connd_id=29
12-15 21:33:14.212 E/QC-QMI  (  491): qmi_qmux: TX failed, connection inactive or in reset, conn_id=29, status_flags=4
12-15 21:33:14.212 E/QC-QMI  (  491): qmi_ctl_tx_msg: qmi_qmux_tx_msg failed
12-15 21:33:14.212 E/QC-QMI  (  491): qmi_ctl_handle_request: qmi_ctl_tx_msg call failed
12-15 21:33:14.213 E/QC-QMI  (  491): qmi_qmux_open_connection: connection is disabled for conn_id=29
12-15 21:33:14.213 E/QC-QMI  (  491): qmi_qmux_tx_msg: failed to open inactive connd_id=29
12-15 21:33:14.213 E/QC-QMI  (  491): qmi_qmux: TX failed, connection inactive or in reset, conn_id=29, status_flags=4
12-15 21:33:14.213 E/QC-QMI  (  491): qmi_ctl_tx_msg: qmi_qmux_tx_msg failed
12-15 21:33:14.213 E/QC-QMI  (  491): qmi_ctl_handle_request: qmi_ctl_tx_msg call failed
12-15 21:33:14.214 E/QC-QMI  (  491): qmi_qmux_open_connection: connection is disabled for conn_id=48
12-15 21:33:14.214 E/QC-QMI  (  491): qmi_qmux_tx_msg: failed to open inactive connd_id=48
12-15 21:33:14.214 E/QC-QMI  (  491): qmi_qmux: TX failed, connection inactive or in reset, conn_id=48, status_flags=4
12-15 21:33:14.214 E/QC-QMI  (  491): qmi_ctl_tx_msg: qmi_qmux_tx_msg failed
12-15 21:33:14.214 E/QC-QMI  (  491): qmi_ctl_handle_request: qmi_ctl_tx_msg call failed
12-15 21:33:14.220 E/QC-QMI  (  491): qmi_qmux_open_connection: connection is disabled for conn_id=48
12-15 21:33:14.220 E/QC-QMI  (  491): qmi_qmux_tx_msg: failed to open inactive connd_id=48
12-15 21:33:14.220 E/QC-QMI  (  491): qmi_qmux: TX failed, connection inactive or in reset, conn_id=48, status_flags=4
12-15 21:33:14.221 E/QC-QMI  (  491): qmi_ctl_tx_msg: qmi_qmux_tx_msg failed
12-15 21:33:14.221 E/QC-QMI  (  491): qmi_ctl_handle_request: qmi_ctl_tx_msg call failed
12-15 21:33:14.222 E/QC-QMI  (  491): qmi_qmux_open_connection: connection is disabled for conn_id=57
12-15 21:33:14.222 E/QC-QMI  (  491): qmi_qmux_tx_msg: failed to open inactive connd_id=57
12-15 21:33:14.222 E/QC-QMI  (  491): qmi_qmux: TX failed, connection inactive or in reset, conn_id=57, status_flags=4
12-15 21:33:14.222 E/QC-QMI  (  491): qmi_ctl_tx_msg: qmi_qmux_tx_msg failed
12-15 21:33:14.222 E/QC-QMI  (  491): qmi_ctl_handle_request: qmi_ctl_tx_msg call failed
12-15 21:33:14.223 E/QC-QMI  (  491): qmi_qmux_open_connection: connection is disabled for conn_id=57
12-15 21:33:14.223 E/QC-QMI  (  491): qmi_qmux_tx_msg: failed to open inactive connd_id=57
12-15 21:33:14.223 E/QC-QMI  (  491): qmi_qmux: TX failed, connection inactive or in reset, conn_id=57, status_flags=4
12-15 21:33:14.223 E/QC-QMI  (  491): qmi_ctl_tx_msg: qmi_qmux_tx_msg failed
12-15 21:33:14.223 E/QC-QMI  (  491): qmi_ctl_handle_request: qmi_ctl_tx_msg call failed
12-15 21:33:14.224 E/QC-QMI  (  491): qmi_qmux_open_connection: connection is disabled for conn_id=29
12-15 21:33:14.224 E/QC-QMI  (  491): qmi_qmux_tx_msg: failed to open inactive connd_id=29
12-15 21:33:14.224 E/QC-QMI  (  491): qmi_qmux: TX failed, connection inactive or in reset, conn_id=29, status_flags=4
12-15 21:33:14.224 E/QC-QMI  (  491): qmi_ctl_tx_msg: qmi_qmux_tx_msg failed
12-15 21:33:14.224 E/QC-QMI  (  491): qmi_ctl_handle_request: qmi_ctl_tx_msg call failed
12-15 21:33:14.224 E/QC-QMI  (  491): qmi_qmux_open_connection: connection is disabled for conn_id=29
12-15 21:33:14.224 E/QC-QMI  (  491): qmi_qmux_tx_msg: failed to open inactive connd_id=29
12-15 21:33:14.225 E/QC-QMI  (  491): qmi_qmux: TX failed, connection inactive or in reset, conn_id=29, status_flags=4
12-15 21:33:14.225 E/QC-QMI  (  491): qmi_ctl_tx_msg: qmi_qmux_tx_msg failed
12-15 21:33:14.225 E/QC-QMI  (  491): qmi_ctl_handle_request: qmi_ctl_tx_msg call failed
12-15 21:33:14.226 E/QC-QMI  (  491): qmi_qmux_open_connection: connection is disabled for conn_id=48
12-15 21:33:14.226 E/QC-QMI  (  491): qmi_qmux_tx_msg: failed to open inactive connd_id=48
12-15 21:33:14.226 E/QC-QMI  (  491): qmi_qmux: TX failed, connection inactive or in reset, conn_id=48, status_flags=4
12-15 21:33:14.226 E/QC-QMI  (  491): qmi_ctl_tx_msg: qmi_qmux_tx_msg failed
12-15 21:33:14.226 E/QC-QMI  (  491): qmi_ctl_handle_request: qmi_ctl_tx_msg call failed
12-15 21:33:14.226 E/QC-QMI  (  491): qmi_qmux_open_connection: connection is disabled for conn_id=48
12-15 21:33:14.226 E/QC-QMI  (  491): qmi_qmux_tx_msg: failed to open inactive connd_id=48
12-15 21:33:14.226 E/QC-QMI  (  491): qmi_qmux: TX failed, connection inactive or in reset, conn_id=48, status_flags=4
12-15 21:33:14.226 E/QC-QMI  (  491): qmi_ctl_tx_msg: qmi_qmux_tx_msg failed
12-15 21:33:14.226 E/QC-QMI  (  491): qmi_ctl_handle_request: qmi_ctl_tx_msg call failed
12-15 21:33:14.227 E/QC-QMI  (  491): qmi_qmux_open_connection: connection is disabled for conn_id=57
12-15 21:33:14.228 E/QC-QMI  (  491): qmi_qmux_tx_msg: failed to open inactive connd_id=57
12-15 21:33:14.228 E/QC-QMI  (  491): qmi_qmux: TX failed, connection inactive or in reset, conn_id=57, status_flags=4
12-15 21:33:14.228 E/QC-QMI  (  491): qmi_ctl_tx_msg: qmi_qmux_tx_msg failed
12-15 21:33:14.228 E/QC-QMI  (  491): qmi_ctl_handle_request: qmi_ctl_tx_msg call failed
12-15 21:33:14.228 E/QC-QMI  (  491): qmi_qmux_open_connection: connection is disabled for conn_id=57
12-15 21:33:14.228 E/QC-QMI  (  491): qmi_qmux_tx_msg: failed to open inactive connd_id=57
12-15 21:33:14.228 E/QC-QMI  (  491): qmi_qmux: TX failed, connection inactive or in reset, conn_id=57, status_flags=4
12-15 21:33:14.228 E/QC-QMI  (  491): qmi_ctl_tx_msg: qmi_qmux_tx_msg failed
12-15 21:33:14.228 E/QC-QMI  (  491): qmi_ctl_handle_request: qmi_ctl_tx_msg call failed
12-15 21:33:14.231 E/QC-QMI  (  491): qmi_qmux_open_connection: connection is disabled for conn_id=29
12-15 21:33:14.231 E/QC-QMI  (  491): qmi_qmux_tx_msg: failed to open inactive connd_id=29
12-15 21:33:14.231 E/QC-QMI  (  491): qmi_qmux: TX failed, connection inactive or in reset, conn_id=29, status_flags=4
12-15 21:33:14.231 E/QC-QMI  (  491): qmi_ctl_tx_msg: qmi_qmux_tx_msg failed
12-15 21:33:14.231 E/QC-QMI  (  491): qmi_ctl_handle_request: qmi_ctl_tx_msg call failed
12-15 21:33:14.232 E/QC-QMI  (  491): qmi_qmux_open_connection: connection is disabled for conn_id=29
12-15 21:33:14.232 E/QC-QMI  (  491): qmi_qmux_tx_msg: failed to open inactive connd_id=29
12-15 21:33:14.232 E/QC-QMI  (  491): qmi_qmux: TX failed, connection inactive or in reset, conn_id=29, status_flags=4
12-15 21:33:14.232 E/QC-QMI  (  491): qmi_ctl_tx_msg: qmi_qmux_tx_msg failed
12-15 21:33:14.232 E/QC-QMI  (  491): qmi_ctl_handle_request: qmi_ctl_tx_msg call failed
12-15 21:33:14.233 E/QC-QMI  (  491): qmi_qmux_open_connection: connection is disabled for conn_id=48
12-15 21:33:14.233 E/QC-QMI  (  491): qmi_qmux_tx_msg: failed to open inactive connd_id=48
12-15 21:33:14.233 E/QC-QMI  (  491): qmi_qmux: TX failed, connection inactive or in reset, conn_id=48, status_flags=4
12-15 21:33:14.233 E/QC-QMI  (  491): qmi_ctl_tx_msg: qmi_qmux_tx_msg failed
12-15 21:33:14.233 E/QC-QMI  (  491): qmi_ctl_handle_request: qmi_ctl_tx_msg call failed
12-15 21:33:14.234 E/QC-QMI  (  491): qmi_qmux_open_connection: connection is disabled for conn_id=48
12-15 21:33:14.234 E/QC-QMI  (  491): qmi_qmux_tx_msg: failed to open inactive connd_id=48
12-15 21:33:14.234 E/QC-QMI  (  491): qmi_qmux: TX failed, connection inactive or in reset, conn_id=48, status_flags=4
12-15 21:33:14.234 E/QC-QMI  (  491): qmi_ctl_tx_msg: qmi_qmux_tx_msg failed
12-15 21:33:14.235 E/QC-QMI  (  491): qmi_ctl_handle_request: qmi_ctl_tx_msg call failed
12-15 21:33:14.235 E/QC-QMI  (  491): qmi_qmux_open_connection: connection is disabled for conn_id=57
12-15 21:33:14.235 E/QC-QMI  (  491): qmi_qmux_tx_msg: failed to open inactive connd_id=57
12-15 21:33:14.235 E/QC-QMI  (  491): qmi_qmux: TX failed, connection inactive or in reset, conn_id=57, status_flags=4
12-15 21:33:14.235 E/QC-QMI  (  491): qmi_ctl_tx_msg: qmi_qmux_tx_msg failed
12-15 21:33:14.235 E/QC-QMI  (  491): qmi_ctl_handle_request: qmi_ctl_tx_msg call failed
12-15 21:33:14.236 E/QC-QMI  (  491): qmi_qmux_open_connection: connection is disabled for conn_id=57
12-15 21:33:14.236 E/QC-QMI  (  491): qmi_qmux_tx_msg: failed to open inactive connd_id=57
12-15 21:33:14.236 E/QC-QMI  (  491): qmi_qmux: TX failed, connection inactive or in reset, conn_id=57, status_flags=4
12-15 21:33:14.236 E/QC-QMI  (  491): qmi_ctl_tx_msg: qmi_qmux_tx_msg failed
12-15 21:33:14.236 E/QC-QMI  (  491): qmi_ctl_handle_request: qmi_ctl_tx_msg call failed
12-15 21:33:14.238 E/QC-QMI  (  491): qmi_qmux_open_connection: connection is disabled for conn_id=29
12-15 21:33:14.238 E/QC-QMI  (  491): qmi_qmux_tx_msg: failed to open inactive connd_id=29
12-15 21:33:14.238 E/QC-QMI  (  491): qmi_qmux: TX failed, connection inactive or in reset, conn_id=29, status_flags=4
12-15 21:33:14.238 E/QC-QMI  (  491): qmi_ctl_tx_msg: qmi_qmux_tx_msg failed
12-15 21:33:14.238 E/QC-QMI  (  491): qmi_ctl_handle_request: qmi_ctl_tx_msg call failed
12-15 21:33:14.239 E/QC-QMI  (  491): qmi_qmux_open_connection: connection is disabled for conn_id=29
12-15 21:33:14.239 E/QC-QMI  (  491): qmi_qmux_tx_msg: failed to open inactive connd_id=29
12-15 21:33:14.239 E/QC-QMI  (  491): qmi_qmux: TX failed, connection inactive or in reset, conn_id=29, status_flags=4
12-15 21:33:14.239 E/QC-QMI  (  491): qmi_ctl_tx_msg: qmi_qmux_tx_msg failed
12-15 21:33:14.239 E/QC-QMI  (  491): qmi_ctl_handle_request: qmi_ctl_tx_msg call failed
12-15 21:33:14.240 E/QC-QMI  (  491): qmi_qmux_open_connection: connection is disabled for conn_id=48
12-15 21:33:14.240 E/QC-QMI  (  491): qmi_qmux_tx_msg: failed to open inactive connd_id=48
12-15 21:33:14.240 E/QC-QMI  (  491): qmi_qmux: TX failed, connection inactive or in reset, conn_id=48, status_flags=4
12-15 21:33:14.240 E/QC-QMI  (  491): qmi_ctl_tx_msg: qmi_qmux_tx_msg failed
12-15 21:33:14.240 E/QC-QMI  (  491): qmi_ctl_handle_request: qmi_ctl_tx_msg call failed
12-15 21:33:14.240 E/QC-QMI  (  491): qmi_qmux_open_connection: connection is disabled for conn_id=48
12-15 21:33:14.240 E/QC-QMI  (  491): qmi_qmux_tx_msg: failed to open inactive connd_id=48
12-15 21:33:14.240 E/QC-QMI  (  491): qmi_qmux: TX failed, connection inactive or in reset, conn_id=48, status_flags=4
12-15 21:33:14.240 E/QC-QMI  (  491): qmi_ctl_tx_msg: qmi_qmux_tx_msg failed
12-15 21:33:14.240 E/QC-QMI  (  491): qmi_ctl_handle_request: qmi_ctl_tx_msg call failed
12-15 21:33:14.241 E/QC-QMI  (  491): qmi_qmux_open_connection: connection is disabled for conn_id=57
12-15 21:33:14.241 E/QC-QMI  (  491): qmi_qmux_tx_msg: failed to open inactive connd_id=57
12-15 21:33:14.241 E/QC-QMI  (  491): qmi_qmux: TX failed, connection inactive or in reset, conn_id=57, status_flags=4
12-15 21:33:14.241 E/QC-QMI  (  491): qmi_ctl_tx_msg: qmi_qmux_tx_msg failed
12-15 21:33:14.241 E/QC-QMI  (  491): qmi_ctl_handle_request: qmi_ctl_tx_msg call failed
12-15 21:33:14.242 E/QC-QMI  (  491): qmi_qmux_open_connection: connection is disabled for conn_id=57
12-15 21:33:14.242 E/QC-QMI  (  491): qmi_qmux_tx_msg: failed to open inactive connd_id=57
12-15 21:33:14.242 E/QC-QMI  (  491): qmi_qmux: TX failed, connection inactive or in reset, conn_id=57, status_flags=4
12-15 21:33:14.242 E/QC-QMI  (  491): qmi_ctl_tx_msg: qmi_qmux_tx_msg failed
12-15 21:33:14.242 E/QC-QMI  (  491): qmi_ctl_handle_request: qmi_ctl_tx_msg call failed
12-15 21:33:14.247 E/QC-QMI  (  491): qmi_qmux_open_connection: connection is disabled for conn_id=29
12-15 21:33:14.247 E/QC-QMI  (  491): qmi_qmux_tx_msg: failed to open inactive connd_id=29
12-15 21:33:14.247 E/QC-QMI  (  491): qmi_qmux: TX failed, connection inactive or in reset, conn_id=29, status_flags=4
12-15 21:33:14.247 E/QC-QMI  (  491): qmi_ctl_tx_msg: qmi_qmux_tx_msg failed
12-15 21:33:14.247 E/QC-QMI  (  491): qmi_ctl_handle_request: qmi_ctl_tx_msg call failed
12-15 21:33:14.248 E/QC-QMI  (  491): qmi_qmux_open_connection: connection is disabled for conn_id=29
12-15 21:33:14.248 E/QC-QMI  (  491): qmi_qmux_tx_msg: failed to open inactive connd_id=29
12-15 21:33:14.248 E/QC-QMI  (  491): qmi_qmux: TX failed, connection inactive or in reset, conn_id=29, status_flags=4
12-15 21:33:14.248 E/QC-QMI  (  491): qmi_ctl_tx_msg: qmi_qmux_tx_msg failed
12-15 21:33:14.248 E/QC-QMI  (  491): qmi_ctl_handle_request: qmi_ctl_tx_msg call failed
12-15 21:33:14.249 E/QC-QMI  (  491): qmi_qmux_open_connection: connection is disabled for conn_id=48
12-15 21:33:14.249 E/QC-QMI  (  491): qmi_qmux_tx_msg: failed to open inactive connd_id=48
12-15 21:33:14.249 E/QC-QMI  (  491): qmi_qmux: TX failed, connection inactive or in reset, conn_id=48, status_flags=4
12-15 21:33:14.249 E/QC-QMI  (  491): qmi_ctl_tx_msg: qmi_qmux_tx_msg failed
12-15 21:33:14.249 E/QC-QMI  (  491): qmi_ctl_handle_request: qmi_ctl_tx_msg call failed
12-15 21:33:14.249 E/QC-QMI  (  491): qmi_qmux_open_connection: connection is disabled for conn_id=48
12-15 21:33:14.249 E/QC-QMI  (  491): qmi_qmux_tx_msg: failed to open inactive connd_id=48
12-15 21:33:14.249 E/QC-QMI  (  491): qmi_qmux: TX failed, connection inactive or in reset, conn_id=48, status_flags=4
12-15 21:33:14.249 E/QC-QMI  (  491): qmi_ctl_tx_msg: qmi_qmux_tx_msg failed
12-15 21:33:14.250 E/QC-QMI  (  491): qmi_ctl_handle_request: qmi_ctl_tx_msg call failed
12-15 21:33:14.250 E/QC-QMI  (  491): qmi_qmux_open_connection: connection is disabled for conn_id=57
12-15 21:33:14.250 E/QC-QMI  (  491): qmi_qmux_tx_msg: failed to open inactive connd_id=57
12-15 21:33:14.250 E/QC-QMI  (  491): qmi_qmux: TX failed, connection inactive or in reset, conn_id=57, status_flags=4
12-15 21:33:14.250 E/QC-QMI  (  491): qmi_ctl_tx_msg: qmi_qmux_tx_msg failed
12-15 21:33:14.250 E/QC-QMI  (  491): qmi_ctl_handle_request: qmi_ctl_tx_msg call failed
12-15 21:33:14.251 E/QC-QMI  (  491): qmi_qmux_open_connection: connection is disabled for conn_id=57
12-15 21:33:14.251 E/QC-QMI  (  491): qmi_qmux_tx_msg: failed to open inactive connd_id=57
12-15 21:33:14.251 E/QC-QMI  (  491): qmi_qmux: TX failed, connection inactive or in reset, conn_id=57, status_flags=4
12-15 21:33:14.251 E/QC-QMI  (  491): qmi_ctl_tx_msg: qmi_qmux_tx_msg failed
12-15 21:33:14.251 E/QC-QMI  (  491): qmi_ctl_handle_request: qmi_ctl_tx_msg call failed
12-15 21:33:14.252 E/QC-QMI  (  491): qmi_qmux_open_connection: connection is disabled for conn_id=29
12-15 21:33:14.253 E/QC-QMI  (  491): qmi_qmux_tx_msg: failed to open inactive connd_id=29
12-15 21:33:14.253 E/QC-QMI  (  491): qmi_qmux: TX failed, connection inactive or in reset, conn_id=29, status_flags=4
12-15 21:33:14.253 E/QC-QMI  (  491): qmi_ctl_tx_msg: qmi_qmux_tx_msg failed
