12-15 21:59:17.088 E/QC-QMI  (  492): qmi_ctl_handle_request: qmi_ctl_tx_msg call failed
12-15 21:59:17.088 E/QC-QMI  (  492): qmi_qmux_open_connection: connection is disabled for conn_id=29
12-15 21:59:17.088 E/QC-QMI  (  492): qmi_qmux_tx_msg: failed to open inactive connd_id=29
12-15 21:59:17.088 E/QC-QMI  (  492): qmi_qmux: TX failed, connection inactive or in reset, conn_id=29, status_flags=4
12-15 21:59:17.088 E/QC-QMI  (  492): qmi_ctl_tx_msg: qmi_qmux_tx_msg failed
12-15 21:59:17.088 E/QC-QMI  (  492): qmi_ctl_handle_request: qmi_ctl_tx_msg call failed
12-15 21:59:17.089 E/QC-QMI  (  492): qmi_qmux_open_connection: connection is disabled for conn_id=57
12-15 21:59:17.089 E/QC-QMI  (  492): qmi_qmux_tx_msg: failed to open inactive connd_id=57
12-15 21:59:17.089 E/QC-QMI  (  492): qmi_qmux: TX failed, connection inactive or in reset, conn_id=57, status_flags=4
12-15 21:59:17.089 E/QC-QMI  (  492): qmi_ctl_tx_msg: qmi_qmux_tx_msg failed
12-15 21:59:17.089 E/QC-QMI  (  492): qmi_ctl_handle_request: qmi_ctl_tx_msg call failed
12-15 21:59:17.089 E/QC-QMI  (  492): qmi_qmux_open_connection: connection is disabled for conn_id=29
12-15 21:59:17.089 E/QC-QMI  (  492): qmi_qmux_tx_msg: failed to open inactive connd_id=29
12-15 21:59:17.089 E/QC-QMI  (  492): qmi_qmux: TX failed, connection inactive or in reset, conn_id=29, status_flags=4
12-15 21:59:17.089 E/QC-QMI  (  492): qmi_ctl_tx_msg: qmi_qmux_tx_msg failed
12-15 21:59:17.089 E/QC-QMI  (  492): qmi_ctl_handle_request: qmi_ctl_tx_msg call failed
12-15 21:59:17.089 E/QC-QMI  (  492): qmi_qmux_open_connection: connection is disabled for conn_id=57
12-15 21:59:17.089 E/QC-QMI  (  492): qmi_qmux_tx_msg: failed to open inactive connd_id=57
12-15 21:59:17.089 E/QC-QMI  (  492): qmi_qmux: TX failed, connection inactive or in reset, conn_id=57, status_flags=4
12-15 21:59:17.089 E/QC-QMI  (  492): qmi_ctl_tx_msg: qmi_qmux_tx_msg failed
12-15 21:59:17.089 E/QC-QMI  (  492): qmi_ctl_handle_request: qmi_ctl_tx_msg call failed
12-15 21:59:17.090 E/QC-QMI  (  492): qmi_qmux_open_connection: connection is disabled for conn_id=48
12-15 21:59:17.090 E/QC-QMI  (  492): qmi_qmux_tx_msg: failed to open inactive connd_id=48
12-15 21:59:17.090 E/QC-QMI  (  492): qmi_qmux: TX failed, connection inactive or in reset, conn_id=48, status_flags=4
12-15 21:59:17.090 E/QC-QMI  (  492): qmi_ctl_tx_msg: qmi_qmux_tx_msg failed
12-15 21:59:17.090 E/QC-QMI  (  492): qmi_ctl_handle_request: qmi_ctl_tx_msg call failed
12-15 21:59:17.090 E/QC-QMI  (  492): qmi_qmux_open_connection: connection is disabled for conn_id=48
12-15 21:59:17.090 E/QC-QMI  (  492): qmi_qmux_tx_msg: failed to open inactive connd_id=48
12-15 21:59:17.090 E/QC-QMI  (  492): qmi_qmux: TX failed, connection inactive or in reset, conn_id=48, status_flags=4
12-15 21:59:17.090 E/QC-QMI  (  492): qmi_ctl_tx_msg: qmi_qmux_tx_msg failed
12-15 21:59:17.090 E/QC-QMI  (  492): qmi_ctl_handle_request: qmi_ctl_tx_msg call failed
12-15 21:59:17.091 E/QC-QMI  (  492): qmi_qmux_open_connection: connection is disabled for conn_id=48
12-15 21:59:17.091 E/QC-QMI  (  492): qmi_qmux_tx_msg: failed to open inactive connd_id=48
12-15 21:59:17.091 E/QC-QMI  (  492): qmi_qmux: TX failed, connection inactive or in reset, conn_id=48, status_flags=4
12-15 21:59:17.091 E/QC-QMI  (  492): qmi_ctl_tx_msg: qmi_qmux_tx_msg failed
12-15 21:59:17.091 E/QC-QMI  (  492): qmi_ctl_handle_request: qmi_ctl_tx_msg call failed
12-15 21:59:17.091 E/QC-QMI  (  492): qmi_qmux_open_connection: connection is disabled for conn_id=48
12-15 21:59:17.091 E/QC-QMI  (  492): qmi_qmux_tx_msg: failed to open inactive connd_id=48
12-15 21:59:17.091 E/QC-QMI  (  492): qmi_qmux: TX failed, connection inactive or in reset, conn_id=48, status_flags=4
12-15 21:59:17.091 E/QC-QMI  (  492): qmi_ctl_tx_msg: qmi_qmux_tx_msg failed
12-15 21:59:17.091 E/QC-QMI  (  492): qmi_ctl_handle_request: qmi_ctl_tx_msg call failed
12-15 21:59:17.091 E/QC-QMI  (  492): qmi_qmux_open_connection: connection is disabled for conn_id=57
12-15 21:59:17.091 E/QC-QMI  (  492): qmi_qmux_tx_msg: failed to open inactive connd_id=57
12-15 21:59:17.091 E/QC-QMI  (  492): qmi_qmux: TX failed, connection inactive or in reset, conn_id=57, status_flags=4
12-15 21:59:17.091 E/QC-QMI  (  492): qmi_ctl_tx_msg: qmi_qmux_tx_msg failed
12-15 21:59:17.092 E/QC-QMI  (  492): qmi_ctl_handle_request: qmi_ctl_tx_msg call failed
12-15 21:59:17.092 E/QC-QMI  (  492): qmi_qmux_open_connection: connection is disabled for conn_id=57
12-15 21:59:17.092 E/QC-QMI  (  492): qmi_qmux_tx_msg: failed to open inactive connd_id=57
12-15 21:59:17.092 E/QC-QMI  (  492): qmi_qmux: TX failed, connection inactive or in reset, conn_id=57, status_flags=4
12-15 21:59:17.092 E/QC-QMI  (  492): qmi_ctl_tx_msg: qmi_qmux_tx_msg failed
12-15 21:59:17.092 E/QC-QMI  (  492): qmi_ctl_handle_request: qmi_ctl_tx_msg call failed
12-15 21:59:17.092 E/QC-QMI  (  492): qmi_qmux_open_connection: connection is disabled for conn_id=57
12-15 21:59:17.092 E/QC-QMI  (  492): qmi_qmux_tx_msg: failed to open inactive connd_id=57
12-15 21:59:17.092 E/QC-QMI  (  492): qmi_qmux: TX failed, connection inactive or in reset, conn_id=57, status_flags=4
12-15 21:59:17.092 E/QC-QMI  (  492): qmi_ctl_tx_msg: qmi_qmux_tx_msg failed
12-15 21:59:17.092 E/QC-QMI  (  492): qmi_ctl_handle_request: qmi_ctl_tx_msg call failed
12-15 21:59:17.093 E/QC-QMI  (  492): qmi_qmux_open_connection: connection is disabled for conn_id=29
12-15 21:59:17.093 E/QC-QMI  (  492): qmi_qmux_tx_msg: failed to open inactive connd_id=29
12-15 21:59:17.093 E/QC-QMI  (  492): qmi_qmux: TX failed, connection inactive or in reset, conn_id=29, status_flags=4
12-15 21:59:17.093 E/QC-QMI  (  492): qmi_ctl_tx_msg: qmi_qmux_tx_msg failed
12-15 21:59:17.093 E/QC-QMI  (  492): qmi_ctl_handle_request: qmi_ctl_tx_msg call failed
12-15 21:59:17.093 E/QC-QMI  (  492): qmi_qmux_open_connection: connection is disabled for conn_id=57
12-15 21:59:17.093 E/QC-QMI  (  492): qmi_qmux_tx_msg: failed to open inactive connd_id=57
12-15 21:59:17.093 E/QC-QMI  (  492): qmi_qmux: TX failed, connection inactive or in reset, conn_id=57, status_flags=4
12-15 21:59:17.093 E/QC-QMI  (  492): qmi_ctl_tx_msg: qmi_qmux_tx_msg failed
12-15 21:59:17.093 E/QC-QMI  (  492): qmi_ctl_handle_request: qmi_ctl_tx_msg call failed
12-15 21:59:17.094 E/QC-QMI  (  492): qmi_qmux_open_connection: connection is disabled for conn_id=29
12-15 21:59:17.094 E/QC-QMI  (  492): qmi_qmux_tx_msg: failed to open inactive connd_id=29
12-15 21:59:17.094 E/QC-QMI  (  492): qmi_qmux: TX failed, connection inactive or in reset, conn_id=29, status_flags=4
12-15 21:59:17.094 E/QC-QMI  (  492): qmi_ctl_tx_msg: qmi_qmux_tx_msg failed
12-15 21:59:17.094 E/QC-QMI  (  492): qmi_ctl_handle_request: qmi_ctl_tx_msg call failed
12-15 21:59:17.094 E/QC-QMI  (  492): qmi_qmux_open_connection: connection is disabled for conn_id=29
12-15 21:59:17.094 E/QC-QMI  (  492): qmi_qmux_tx_msg: failed to open inactive connd_id=29
12-15 21:59:17.094 E/QC-QMI  (  492): qmi_qmux: TX failed, connection inactive or in reset, conn_id=29, status_flags=4
12-15 21:59:17.094 E/QC-QMI  (  492): qmi_ctl_tx_msg: qmi_qmux_tx_msg failed
12-15 21:59:17.094 E/QC-QMI  (  492): qmi_ctl_handle_request: qmi_ctl_tx_msg call failed
12-15 21:59:17.101 E/QC-QMI  (  492): qmi_qmux_open_connection: connection is disabled for conn_id=48
12-15 21:59:17.101 E/QC-QMI  (  492): qmi_qmux_tx_msg: failed to open inactive connd_id=48
12-15 21:59:17.102 E/QC-QMI  (  492): qmi_qmux: TX failed, connection inactive or in reset, conn_id=48, status_flags=4
12-15 21:59:17.102 E/QC-QMI  (  492): qmi_ctl_tx_msg: qmi_qmux_tx_msg failed
12-15 21:59:17.102 E/QC-QMI  (  492): qmi_ctl_handle_request: qmi_ctl_tx_msg call failed
12-15 21:59:17.102 E/QC-QMI  (  492): qmi_qmux_open_connection: connection is disabled for conn_id=29
12-15 21:59:17.102 E/QC-QMI  (  492): qmi_qmux_tx_msg: failed to open inactive connd_id=29
12-15 21:59:17.102 E/QC-QMI  (  492): qmi_qmux: TX failed, connection inactive or in reset, conn_id=29, status_flags=4
12-15 21:59:17.102 E/QC-QMI  (  492): qmi_ctl_tx_msg: qmi_qmux_tx_msg failed
12-15 21:59:17.102 E/QC-QMI  (  492): qmi_ctl_handle_request: qmi_ctl_tx_msg call failed
12-15 21:59:17.102 E/QC-QMI  (  492): qmi_qmux_open_connection: connection is disabled for conn_id=48
12-15 21:59:17.102 E/QC-QMI  (  492): qmi_qmux_tx_msg: failed to open inactive connd_id=48
12-15 21:59:17.102 E/QC-QMI  (  492): qmi_qmux: TX failed, connection inactive or in reset, conn_id=48, status_flags=4
12-15 21:59:17.102 E/QC-QMI  (  492): qmi_ctl_tx_msg: qmi_qmux_tx_msg failed
12-15 21:59:17.102 E/QC-QMI  (  492): qmi_ctl_handle_request: qmi_ctl_tx_msg call failed
12-15 21:59:17.103 E/QC-QMI  (  492): qmi_qmux_open_connection: connection is disabled for conn_id=48
12-15 21:59:17.103 E/QC-QMI  (  492): qmi_qmux_tx_msg: failed to open inactive connd_id=48
12-15 21:59:17.103 E/QC-QMI  (  492): qmi_qmux: TX failed, connection inactive or in reset, conn_id=48, status_flags=4
12-15 21:59:17.103 E/QC-QMI  (  492): qmi_ctl_tx_msg: qmi_qmux_tx_msg failed
12-15 21:59:17.103 E/QC-QMI  (  492): qmi_ctl_handle_request: qmi_ctl_tx_msg call failed
12-15 21:59:17.103 E/QC-QMI  (  492): qmi_qmux_open_connection: connection is disabled for conn_id=57
12-15 21:59:17.103 E/QC-QMI  (  492): qmi_qmux_tx_msg: failed to open inactive connd_id=57
12-15 21:59:17.103 E/QC-QMI  (  492): qmi_qmux: TX failed, connection inactive or in reset, conn_id=57, status_flags=4
12-15 21:59:17.103 E/QC-QMI  (  492): qmi_ctl_tx_msg: qmi_qmux_tx_msg failed
12-15 21:59:17.103 E/QC-QMI  (  492): qmi_ctl_handle_request: qmi_ctl_tx_msg call failed
12-15 21:59:17.103 E/QC-QMI  (  492): qmi_qmux_open_connection: connection is disabled for conn_id=48
12-15 21:59:17.103 E/QC-QMI  (  492): qmi_qmux_tx_msg: failed to open inactive connd_id=48
12-15 21:59:17.103 E/QC-QMI  (  492): qmi_qmux: TX failed, connection inactive or in reset, conn_id=48, status_flags=4
12-15 21:59:17.103 E/QC-QMI  (  492): qmi_ctl_tx_msg: qmi_qmux_tx_msg failed
12-15 21:59:17.103 E/QC-QMI  (  492): qmi_ctl_handle_request: qmi_ctl_tx_msg call failed
12-15 21:59:17.104 E/QC-QMI  (  492): qmi_qmux_open_connection: connection is disabled for conn_id=57
12-15 21:59:17.104 E/QC-QMI  (  492): qmi_qmux_tx_msg: failed to open inactive connd_id=57
12-15 21:59:17.104 E/QC-QMI  (  492): qmi_qmux: TX failed, connection inactive or in reset, conn_id=57, status_flags=4
12-15 21:59:17.104 E/QC-QMI  (  492): qmi_ctl_tx_msg: qmi_qmux_tx_msg failed
12-15 21:59:17.104 E/QC-QMI  (  492): qmi_ctl_handle_request: qmi_ctl_tx_msg call failed
12-15 21:59:17.105 E/QC-QMI  (  492): qmi_qmux_open_connection: connection is disabled for conn_id=57
12-15 21:59:17.105 E/QC-QMI  (  492): qmi_qmux_tx_msg: failed to open inactive connd_id=57
12-15 21:59:17.105 E/QC-QMI  (  492): qmi_qmux: TX failed, connection inactive or in reset, conn_id=57, status_flags=4
12-15 21:59:17.105 E/QC-QMI  (  492): qmi_ctl_tx_msg: qmi_qmux_tx_msg failed
12-15 21:59:17.105 E/QC-QMI  (  492): qmi_ctl_handle_request: qmi_ctl_tx_msg call failed
12-15 21:59:17.106 E/QC-QMI  (  492): qmi_qmux_open_connection: connection is disabled for conn_id=29
12-15 21:59:17.106 E/QC-QMI  (  492): qmi_qmux_tx_msg: failed to open inactive connd_id=29
12-15 21:59:17.106 E/QC-QMI  (  492): qmi_qmux: TX failed, connection inactive or in reset, conn_id=29, status_flags=4
12-15 21:59:17.106 E/QC-QMI  (  492): qmi_ctl_tx_msg: qmi_qmux_tx_msg failed
12-15 21:59:17.106 E/QC-QMI  (  492): qmi_ctl_handle_request: qmi_ctl_tx_msg call failed
12-15 21:59:17.106 E/QC-QMI  (  492): qmi_qmux_open_connection: connection is disabled for conn_id=57
12-15 21:59:17.106 E/QC-QMI  (  492): qmi_qmux_tx_msg: failed to open inactive connd_id=57
12-15 21:59:17.106 E/QC-QMI  (  492): qmi_qmux: TX failed, connection inactive or in reset, conn_id=57, status_flags=4
12-15 21:59:17.106 E/QC-QMI  (  492): qmi_ctl_tx_msg: qmi_qmux_tx_msg failed
12-15 21:59:17.106 E/QC-QMI  (  492): qmi_ctl_handle_request: qmi_ctl_tx_msg call failed
12-15 21:59:17.107 E/QC-QMI  (  492): qmi_qmux_open_connection: connection is disabled for conn_id=29
12-15 21:59:17.107 E/QC-QMI  (  492): qmi_qmux_tx_msg: failed to open inactive connd_id=29
12-15 21:59:17.107 E/QC-QMI  (  492): qmi_qmux: TX failed, connection inactive or in reset, conn_id=29, status_flags=4
12-15 21:59:17.107 E/QC-QMI  (  492): qmi_ctl_tx_msg: qmi_qmux_tx_msg failed
12-15 21:59:17.107 E/QC-QMI  (  492): qmi_ctl_handle_request: qmi_ctl_tx_msg call failed
12-15 21:59:17.107 E/QC-QMI  (  492): qmi_qmux_open_connection: connection is disabled for conn_id=29
12-15 21:59:17.107 E/QC-QMI  (  492): qmi_qmux_tx_msg: failed to open inactive connd_id=29
12-15 21:59:17.107 E/QC-QMI  (  492): qmi_qmux: TX failed, connection inactive or in reset, conn_id=29, status_flags=4
12-15 21:59:17.107 E/QC-QMI  (  492): qmi_ctl_tx_msg: qmi_qmux_tx_msg failed
12-15 21:59:17.107 E/QC-QMI  (  492): qmi_ctl_handle_request: qmi_ctl_tx_msg call failed
12-15 21:59:17.107 E/QC-QMI  (  492): qmi_qmux_open_connection: connection is disabled for conn_id=48
12-15 21:59:17.107 E/QC-QMI  (  492): qmi_qmux_tx_msg: failed to open inactive connd_id=48
12-15 21:59:17.107 E/QC-QMI  (  492): qmi_qmux: TX failed, connection inactive or in reset, conn_id=48, status_flags=4
12-15 21:59:17.107 E/QC-QMI  (  492): qmi_ctl_tx_msg: qmi_qmux_tx_msg failed
12-15 21:59:17.107 E/QC-QMI  (  492): qmi_ctl_handle_request: qmi_ctl_tx_msg call failed
12-15 21:59:17.108 E/QC-QMI  (  492): qmi_qmux_open_connection: connection is disabled for conn_id=29
12-15 21:59:17.108 E/QC-QMI  (  492): qmi_qmux_tx_msg: failed to open inactive connd_id=29
12-15 21:59:17.108 E/QC-QMI  (  492): qmi_qmux: TX failed, connection inactive or in reset, conn_id=29, status_flags=4
12-15 21:59:17.108 E/QC-QMI  (  492): qmi_ctl_tx_msg: qmi_qmux_tx_msg failed
12-15 21:59:17.108 E/QC-QMI  (  492): qmi_ctl_handle_request: qmi_ctl_tx_msg call failed
12-15 21:59:17.108 E/QC-QMI  (  492): qmi_qmux_open_connection: connection is disabled for conn_id=48
12-15 21:59:17.108 E/QC-QMI  (  492): qmi_qmux_tx_msg: failed to open inactive connd_id=48
12-15 21:59:17.108 E/QC-QMI  (  492): qmi_qmux: TX failed, connection inactive or in reset, conn_id=48, status_flags=4
12-15 21:59:17.108 E/QC-QMI  (  492): qmi_ctl_tx_msg: qmi_qmux_tx_msg failed
12-15 21:59:17.108 E/QC-QMI  (  492): qmi_ctl_handle_request: qmi_ctl_tx_msg call failed
12-15 21:59:17.108 E/QC-QMI  (  492): qmi_qmux_open_connection: connection is disabled for conn_id=48
12-15 21:59:17.108 E/QC-QMI  (  492): qmi_qmux_tx_msg: failed to open inactive connd_id=48
12-15 21:59:17.108 E/QC-QMI  (  492): qmi_qmux: TX failed, connection inactive or in reset, conn_id=48, status_flags=4
12-15 21:59:17.109 E/QC-QMI  (  492): qmi_ctl_tx_msg: qmi_qmux_tx_msg failed
12-15 21:59:17.109 E/QC-QMI  (  492): qmi_ctl_handle_request: qmi_ctl_tx_msg call failed
12-15 21:59:17.109 E/QC-QMI  (  492): qmi_qmux_open_connection: connection is disabled for conn_id=57
12-15 21:59:17.109 E/QC-QMI  (  492): qmi_qmux_tx_msg: failed to open inactive connd_id=57
12-15 21:59:17.109 E/QC-QMI  (  492): qmi_qmux: TX failed, connection inactive or in reset, conn_id=57, status_flags=4
12-15 21:59:17.109 E/QC-QMI  (  492): qmi_ctl_tx_msg: qmi_qmux_tx_msg failed
12-15 21:59:17.109 E/QC-QMI  (  492): qmi_ctl_handle_request: qmi_ctl_tx_msg call failed
12-15 21:59:17.109 E/QC-QMI  (  492): qmi_qmux_open_connection: connection is disabled for conn_id=48
12-15 21:59:17.109 E/QC-QMI  (  492): qmi_qmux_tx_msg: failed to open inactive connd_id=48
12-15 21:59:17.109 E/QC-QMI  (  492): qmi_qmux: TX failed, connection inactive or in reset, conn_id=48, status_flags=4
12-15 21:59:17.109 E/QC-QMI  (  492): qmi_ctl_tx_msg: qmi_qmux_tx_msg failed
12-15 21:59:17.109 E/QC-QMI  (  492): qmi_ctl_handle_request: qmi_ctl_tx_msg call failed
12-15 21:59:17.110 E/QC-QMI  (  492): qmi_qmux_open_connection: connection is disabled for conn_id=57
12-15 21:59:17.110 E/QC-QMI  (  492): qmi_qmux_tx_msg: failed to open inactive connd_id=57
12-15 21:59:17.110 E/QC-QMI  (  492): qmi_qmux: TX failed, connection inactive or in reset, conn_id=57, status_flags=4
12-15 21:59:17.110 E/QC-QMI  (  492): qmi_ctl_tx_msg: qmi_qmux_tx_msg failed
12-15 21:59:17.110 E/QC-QMI  (  492): qmi_ctl_handle_request: qmi_ctl_tx_msg call failed
12-15 21:59:17.110 E/QC-QMI  (  492): qmi_qmux_open_connection: connection is disabled for conn_id=57
12-15 21:59:17.110 E/QC-QMI  (  492): qmi_qmux_tx_msg: failed to open inactive connd_id=57
12-15 21:59:17.110 E/QC-QMI  (  492): qmi_qmux: TX failed, connection inactive or in reset, conn_id=57, status_flags=4
12-15 21:59:17.110 E/QC-QMI  (  492): qmi_ctl_tx_msg: qmi_qmux_tx_msg failed
12-15 21:59:17.110 E/QC-QMI  (  492): qmi_ctl_handle_request: qmi_ctl_tx_msg call failed
12-15 21:59:17.111 E/QC-QMI  (  492): qmi_qmux_open_connection: connection is disabled for conn_id=57
12-15 21:59:17.111 E/QC-QMI  (  492): qmi_qmux_tx_msg: failed to open inactive connd_id=57
12-15 21:59:17.111 E/QC-QMI  (  492): qmi_qmux: TX failed, connection inactive or in reset, conn_id=57, status_flags=4
12-15 21:59:17.111 E/QC-QMI  (  492): qmi_ctl_tx_msg: qmi_qmux_tx_msg failed
12-15 21:59:17.111 E/QC-QMI  (  492): qmi_ctl_handle_request: qmi_ctl_tx_msg call failed
12-15 21:59:17.112 E/QC-QMI  (  492): qmi_qmux_open_connection: connection is disabled for conn_id=29
12-15 21:59:17.112 E/QC-QMI  (  492): qmi_qmux_tx_msg: failed to open inactive connd_id=29
12-15 21:59:17.112 E/QC-QMI  (  492): qmi_qmux: TX failed, connection inactive or in reset, conn_id=29, status_flags=4
12-15 21:59:17.112 E/QC-QMI  (  492): qmi_ctl_tx_msg: qmi_qmux_tx_msg failed
12-15 21:59:17.112 E/QC-QMI  (  492): qmi_ctl_handle_request: qmi_ctl_tx_msg call failed
12-15 21:59:17.113 E/QC-QMI  (  492): qmi_qmux_open_connection: connection is disabled for conn_id=29
12-15 21:59:17.113 E/QC-QMI  (  492): qmi_qmux_tx_msg: failed to open inactive connd_id=29
12-15 21:59:17.113 E/QC-QMI  (  492): qmi_qmux: TX failed, connection inactive or in reset, conn_id=29, status_flags=4
12-15 21:59:17.113 E/QC-QMI  (  492): qmi_ctl_tx_msg: qmi_qmux_tx_msg failed
12-15 21:59:17.113 E/QC-QMI  (  492): qmi_ctl_handle_request: qmi_ctl_tx_msg call failed
12-15 21:59:17.113 E/QC-QMI  (  492): qmi_qmux_open_connection: connection is disabled for conn_id=48
12-15 21:59:17.113 E/QC-QMI  (  492): qmi_qmux_tx_msg: failed to open inactive connd_id=48
12-15 21:59:17.114 E/QC-QMI  (  492): qmi_qmux: TX failed, connection inactive or in reset, conn_id=48, status_flags=4
12-15 21:59:17.114 E/QC-QMI  (  492): qmi_ctl_tx_msg: qmi_qmux_tx_msg failed
12-15 21:59:17.114 E/QC-QMI  (  492): qmi_ctl_handle_request: qmi_ctl_tx_msg call failed
12-15 21:59:17.114 E/QC-QMI  (  492): qmi_qmux_open_connection: connection is disabled for conn_id=48
12-15 21:59:17.114 E/QC-QMI  (  492): qmi_qmux_tx_msg: failed to open inactive connd_id=48
12-15 21:59:17.114 E/QC-QMI  (  492): qmi_qmux: TX failed, connection inactive or in reset, conn_id=48, status_flags=4
12-15 21:59:17.115 E/QC-QMI  (  492): qmi_ctl_tx_msg: qmi_qmux_tx_msg failed
12-15 21:59:17.115 E/QC-QMI  (  492): qmi_ctl_handle_request: qmi_ctl_tx_msg call failed
12-15 21:59:17.115 E/QC-QMI  (  492): qmi_qmux_open_connection: connection is disabled for conn_id=57
12-15 21:59:17.115 E/QC-QMI  (  492): qmi_qmux_tx_msg: failed to open inactive connd_id=57
12-15 21:59:17.115 E/QC-QMI  (  492): qmi_qmux: TX failed, connection inactive or in reset, conn_id=57, status_flags=4
12-15 21:59:17.115 E/QC-QMI  (  492): qmi_ctl_tx_msg: qmi_qmux_tx_msg failed
12-15 21:59:17.115 E/QC-QMI  (  492): qmi_ctl_handle_request: qmi_ctl_tx_msg call failed
12-15 21:59:17.116 E/QC-QMI  (  492): qmi_qmux_open_connection: connection is disabled for conn_id=29
12-15 21:59:17.116 E/QC-QMI  (  492): qmi_qmux_tx_msg: failed to open inactive connd_id=29
12-15 21:59:17.116 E/QC-QMI  (  492): qmi_qmux: TX failed, connection inactive or in reset, conn_id=29, status_flags=4
12-15 21:59:17.116 E/QC-QMI  (  492): qmi_ctl_tx_msg: qmi_qmux_tx_msg failed
12-15 21:59:17.116 E/QC-QMI  (  492): qmi_ctl_handle_request: qmi_ctl_tx_msg call failed
12-15 21:59:17.116 E/QC-QMI  (  492): qmi_qmux_open_connection: connection is disabled for conn_id=57
12-15 21:59:17.116 E/QC-QMI  (  492): qmi_qmux_tx_msg: failed to open inactive connd_id=57
12-15 21:59:17.116 E/QC-QMI  (  492): qmi_qmux: TX failed, connection inactive or in reset, conn_id=57, status_flags=4
12-15 21:59:17.116 E/QC-QMI  (  492): qmi_ctl_tx_msg: qmi_qmux_tx_msg failed
12-15 21:59:17.116 E/QC-QMI  (  492): qmi_ctl_handle_request: qmi_ctl_tx_msg call failed
12-15 21:59:17.117 E/QC-QMI  (  492): qmi_qmux_open_connection: connection is disabled for conn_id=29
12-15 21:59:17.117 E/QC-QMI  (  492): qmi_qmux_tx_msg: failed to open inactive connd_id=29
12-15 21:59:17.117 E/QC-QMI  (  492): qmi_qmux: TX failed, connection inactive or in reset, conn_id=29, status_flags=4
12-15 21:59:17.117 E/QC-QMI  (  492): qmi_ctl_tx_msg: qmi_qmux_tx_msg failed
12-15 21:59:17.117 E/QC-QMI  (  492): qmi_ctl_handle_request: qmi_ctl_tx_msg call failed
12-15 21:59:17.117 E/QC-QMI  (  492): qmi_qmux_open_connection: connection is disabled for conn_id=29
12-15 21:59:17.117 E/QC-QMI  (  492): qmi_qmux_tx_msg: failed to open inactive connd_id=29
12-15 21:59:17.117 E/QC-QMI  (  492): qmi_qmux: TX failed, connection inactive or in reset, conn_id=29, status_flags=4
12-15 21:59:17.117 E/QC-QMI  (  492): qmi_ctl_tx_msg: qmi_qmux_tx_msg failed
12-15 21:59:17.117 E/QC-QMI  (  492): qmi_ctl_handle_request: qmi_ctl_tx_msg call failed
12-15 21:59:17.119 E/QC-QMI  (  492): qmi_qmux_open_connection: connection is disabled for conn_id=48
12-15 21:59:17.119 E/QC-QMI  (  492): qmi_qmux_tx_msg: failed to open inactive connd_id=48
12-15 21:59:17.119 E/QC-QMI  (  492): qmi_qmux: TX failed, connection inactive or in reset, conn_id=48, status_flags=4
12-15 21:59:17.119 E/QC-QMI  (  492): qmi_ctl_tx_msg: qmi_qmux_tx_msg failed
12-15 21:59:17.119 E/QC-QMI  (  492): qmi_ctl_handle_request: qmi_ctl_tx_msg call failed
12-15 21:59:17.126 E/QC-QMI  (  492): qmi_qmux_open_connection: connection is disabled for conn_id=29
12-15 21:59:17.126 E/QC-QMI  (  492): qmi_qmux_tx_msg: failed to open inactive connd_id=29
12-15 21:59:17.126 E/QC-QMI  (  492): qmi_qmux: TX failed, connection inactive or in reset, conn_id=29, status_flags=4
12-15 21:59:17.126 E/QC-QMI  (  492): qmi_ctl_tx_msg: qmi_qmux_tx_msg failed
12-15 21:59:17.126 E/QC-QMI  (  492): qmi_ctl_handle_request: qmi_ctl_tx_msg call failed
12-15 21:59:17.128 E/QC-QMI  (  492): qmi_qmux_open_connection: connection is disabled for conn_id=48
12-15 21:59:17.128 E/QC-QMI  (  492): qmi_qmux_tx_msg: failed to open inactive connd_id=48
12-15 21:59:17.128 E/QC-QMI  (  492): qmi_qmux: TX failed, connection inactive or in reset, conn_id=48, status_flags=4
12-15 21:59:17.128 E/QC-QMI  (  492): qmi_ctl_tx_msg: qmi_qmux_tx_msg failed
12-15 21:59:17.128 E/QC-QMI  (  492): qmi_ctl_handle_request: qmi_ctl_tx_msg call failed
12-15 21:59:17.128 E/QC-QMI  (  492): qmi_qmux_open_connection: connection is disabled for conn_id=48
12-15 21:59:17.128 E/QC-QMI  (  492): qmi_qmux_tx_msg: failed to open inactive connd_id=48
12-15 21:59:17.129 E/QC-QMI  (  492): qmi_qmux: TX failed, connection inactive or in reset, conn_id=48, status_flags=4
12-15 21:59:17.129 E/QC-QMI  (  492): qmi_ctl_tx_msg: qmi_qmux_tx_msg failed
12-15 21:59:17.129 E/QC-QMI  (  492): qmi_ctl_handle_request: qmi_ctl_tx_msg call failed
12-15 21:59:17.129 E/QC-QMI  (  492): qmi_qmux_open_connection: connection is disabled for conn_id=57
12-15 21:59:17.129 E/QC-QMI  (  492): qmi_qmux_tx_msg: failed to open inactive connd_id=57
12-15 21:59:17.129 E/QC-QMI  (  492): qmi_qmux: TX failed, connection inactive or in reset, conn_id=57, status_flags=4
12-15 21:59:17.129 E/QC-QMI  (  492): qmi_ctl_tx_msg: qmi_qmux_tx_msg failed
12-15 21:59:17.129 E/QC-QMI  (  492): qmi_ctl_handle_request: qmi_ctl_tx_msg call failed
12-15 21:59:17.129 E/QC-QMI  (  492): qmi_qmux_open_connection: connection is disabled for conn_id=48
12-15 21:59:17.129 E/QC-QMI  (  492): qmi_qmux_tx_msg: failed to open inactive connd_id=48
12-15 21:59:17.129 E/QC-QMI  (  492): qmi_qmux: TX failed, connection inactive or in reset, conn_id=48, status_flags=4
12-15 21:59:17.129 E/QC-QMI  (  492): qmi_ctl_tx_msg: qmi_qmux_tx_msg failed
12-15 21:59:17.129 E/QC-QMI  (  492): qmi_ctl_handle_request: qmi_ctl_tx_msg call failed
12-15 21:59:17.131 E/QC-QMI  (  492): qmi_qmux_open_connection: connection is disabled for conn_id=57
12-15 21:59:17.131 E/QC-QMI  (  492): qmi_qmux_tx_msg: failed to open inactive connd_id=57
12-15 21:59:17.131 E/QC-QMI  (  492): qmi_qmux: TX failed, connection inactive or in reset, conn_id=57, status_flags=4
12-15 21:59:17.131 E/QC-QMI  (  492): qmi_ctl_tx_msg: qmi_qmux_tx_msg failed
12-15 21:59:17.131 E/QC-QMI  (  492): qmi_ctl_handle_request: qmi_ctl_tx_msg call failed
12-15 21:59:17.131 E/QC-QMI  (  492): qmi_qmux_open_connection: connection is disabled for conn_id=57
12-15 21:59:17.131 E/QC-QMI  (  492): qmi_qmux_tx_msg: failed to open inactive connd_id=57
12-15 21:59:17.131 E/QC-QMI  (  492): qmi_qmux: TX failed, connection inactive or in reset, conn_id=57, status_flags=4
12-15 21:59:17.131 E/QC-QMI  (  492): qmi_ctl_tx_msg: qmi_qmux_tx_msg failed
12-15 21:59:17.131 E/QC-QMI  (  492): qmi_ctl_handle_request: qmi_ctl_tx_msg call failed
12-15 21:59:17.135 E/QC-QMI  (  492): qmi_qmux_open_connection: connection is disabled for conn_id=57
12-15 21:59:17.135 E/QC-QMI  (  492): qmi_qmux_tx_msg: failed to open inactive connd_id=57
12-15 21:59:17.135 E/QC-QMI  (  492): qmi_qmux: TX failed, connection inactive or in reset, conn_id=57, status_flags=4
12-15 21:59:17.135 E/QC-QMI  (  492): qmi_ctl_tx_msg: qmi_qmux_tx_msg failed
12-15 21:59:17.135 E/QC-QMI  (  492): qmi_ctl_handle_request: qmi_ctl_tx_msg call failed
12-15 21:59:17.136 E/QC-QMI  (  492): qmi_qmux_open_connection: connection is disabled for conn_id=29
12-15 21:59:17.136 E/QC-QMI  (  492): qmi_qmux_tx_msg: failed to open inactive connd_id=29
12-15 21:59:17.136 E/QC-QMI  (  492): qmi_qmux: TX failed, connection inactive or in reset, conn_id=29, status_flags=4
12-15 21:59:17.136 E/QC-QMI  (  492): qmi_ctl_tx_msg: qmi_qmux_tx_msg failed
12-15 21:59:17.136 E/QC-QMI  (  492): qmi_ctl_handle_request: qmi_ctl_tx_msg call failed
12-15 21:59:17.136 E/QC-QMI  (  492): qmi_qmux_open_connection: connection is disabled for conn_id=29
12-15 21:59:17.136 E/QC-QMI  (  492): qmi_qmux_tx_msg: failed to open inactive connd_id=29
12-15 21:59:17.136 E/QC-QMI  (  492): qmi_qmux: TX failed, connection inactive or in reset, conn_id=29, status_flags=4
12-15 21:59:17.136 E/QC-QMI  (  492): qmi_ctl_tx_msg: qmi_qmux_tx_msg failed
12-15 21:59:17.136 E/QC-QMI  (  492): qmi_ctl_handle_request: qmi_ctl_tx_msg call failed
12-15 21:59:17.137 E/QC-QMI  (  492): qmi_qmux_open_connection: connection is disabled for conn_id=29
12-15 21:59:17.137 E/QC-QMI  (  492): qmi_qmux_tx_msg: failed to open inactive connd_id=29
12-15 21:59:17.137 E/QC-QMI  (  492): qmi_qmux: TX failed, connection inactive or in reset, conn_id=29, status_flags=4
12-15 21:59:17.137 E/QC-QMI  (  492): qmi_ctl_tx_msg: qmi_qmux_tx_msg failed
12-15 21:59:17.137 E/QC-QMI  (  492): qmi_ctl_handle_request: qmi_ctl_tx_msg call failed
12-15 21:59:17.137 E/QC-QMI  (  492): qmi_qmux_open_connection: connection is disabled for conn_id=29
12-15 21:59:17.142 E/QC-QMI  (  492): qmi_qmux_tx_msg: failed to open inactive connd_id=29
12-15 21:59:17.142 E/QC-QMI  (  492): qmi_qmux: TX failed, connection inactive or in reset, conn_id=29, status_flags=4
12-15 21:59:17.143 E/QC-QMI  (  492): qmi_ctl_tx_msg: qmi_qmux_tx_msg failed
12-15 21:59:17.143 E/QC-QMI  (  492): qmi_ctl_handle_request: qmi_ctl_tx_msg call failed
12-15 21:59:17.143 E/QC-QMI  (  492): qmi_qmux_open_connection: connection is disabled for conn_id=48
12-15 21:59:17.143 E/QC-QMI  (  492): qmi_qmux_tx_msg: failed to open inactive connd_id=48
12-15 21:59:17.143 E/QC-QMI  (  492): qmi_qmux: TX failed, connection inactive or in reset, conn_id=48, status_flags=4
12-15 21:59:17.143 E/QC-QMI  (  492): qmi_ctl_tx_msg: qmi_qmux_tx_msg failed
12-15 21:59:17.143 E/QC-QMI  (  492): qmi_ctl_handle_request: qmi_ctl_tx_msg call failed
12-15 21:59:17.143 E/QC-QMI  (  492): qmi_qmux_open_connection: connection is disabled for conn_id=48
12-15 21:59:17.143 E/QC-QMI  (  492): qmi_qmux_tx_msg: failed to open inactive connd_id=48
12-15 21:59:17.143 E/QC-QMI  (  492): qmi_qmux: TX failed, connection inactive or in reset, conn_id=48, status_flags=4
12-15 21:59:17.144 E/QC-QMI  (  492): qmi_ctl_tx_msg: qmi_qmux_tx_msg failed
12-15 21:59:17.144 E/QC-QMI  (  492): qmi_ctl_handle_request: qmi_ctl_tx_msg call failed
12-15 21:59:17.144 E/QC-QMI  (  492): qmi_qmux_open_connection: connection is disabled for conn_id=48
12-15 21:59:17.144 E/QC-QMI  (  492): qmi_qmux_tx_msg: failed to open inactive connd_id=48
12-15 21:59:17.144 E/QC-QMI  (  492): qmi_qmux: TX failed, connection inactive or in reset, conn_id=48, status_flags=4
12-15 21:59:17.144 E/QC-QMI  (  492): qmi_ctl_tx_msg: qmi_qmux_tx_msg failed
12-15 21:59:17.144 E/QC-QMI  (  492): qmi_ctl_handle_request: qmi_ctl_tx_msg call failed
12-15 21:59:17.144 E/QC-QMI  (  492): qmi_qmux_open_connection: connection is disabled for conn_id=48
12-15 21:59:17.144 E/QC-QMI  (  492): qmi_qmux_tx_msg: failed to open inactive connd_id=48
12-15 21:59:17.144 E/QC-QMI  (  492): qmi_qmux: TX failed, connection inactive or in reset, conn_id=48, status_flags=4
12-15 21:59:17.144 E/QC-QMI  (  492): qmi_ctl_tx_msg: qmi_qmux_tx_msg failed
12-15 21:59:17.144 E/QC-QMI  (  492): qmi_ctl_handle_request: qmi_ctl_tx_msg call failed
12-15 21:59:17.145 E/QC-QMI  (  492): qmi_qmux_open_connection: connection is disabled for conn_id=57
12-15 21:59:17.145 E/QC-QMI  (  492): qmi_qmux_tx_msg: failed to open inactive connd_id=57
12-15 21:59:17.145 E/QC-QMI  (  492): qmi_qmux: TX failed, connection inactive or in reset, conn_id=57, status_flags=4
12-15 21:59:17.145 E/QC-QMI  (  492): qmi_ctl_tx_msg: qmi_qmux_tx_msg failed
12-15 21:59:17.145 E/QC-QMI  (  492): qmi_ctl_handle_request: qmi_ctl_tx_msg call failed
12-15 21:59:17.145 E/QC-QMI  (  492): qmi_qmux_open_connection: connection is disabled for conn_id=57
12-15 21:59:17.145 E/QC-QMI  (  492): qmi_qmux_tx_msg: failed to open inactive connd_id=57
12-15 21:59:17.145 E/QC-QMI  (  492): qmi_qmux: TX failed, connection inactive or in reset, conn_id=57, status_flags=4
12-15 21:59:17.145 E/QC-QMI  (  492): qmi_ctl_tx_msg: qmi_qmux_tx_msg failed
12-15 21:59:17.145 E/QC-QMI  (  492): qmi_ctl_handle_request: qmi_ctl_tx_msg call failed
12-15 21:59:17.146 E/QC-QMI  (  492): qmi_qmux_open_connection: connection is disabled for conn_id=57
12-15 21:59:17.146 E/QC-QMI  (  492): qmi_qmux_tx_msg: failed to open inactive connd_id=57
12-15 21:59:17.146 E/QC-QMI  (  492): qmi_qmux: TX failed, connection inactive or in reset, conn_id=57, status_flags=4
12-15 21:59:17.146 E/QC-QMI  (  492): qmi_ctl_tx_msg: qmi_qmux_tx_msg failed
12-15 21:59:17.146 E/QC-QMI  (  492): qmi_ctl_handle_request: qmi_ctl_tx_msg call failed
12-15 21:59:17.150 E/QC-QMI  (  492): qmi_qmux_open_connection: connection is disabled for conn_id=57
12-15 21:59:17.150 E/QC-QMI  (  492): qmi_qmux_tx_msg: failed to open inactive connd_id=57
12-15 21:59:17.151 E/QC-QMI  (  492): qmi_qmux: TX failed, connection inactive or in reset, conn_id=57, status_flags=4
12-15 21:59:17.151 E/QC-QMI  (  492): qmi_ctl_tx_msg: qmi_qmux_tx_msg failed
12-15 21:59:17.151 E/QC-QMI  (  492): qmi_ctl_handle_request: qmi_ctl_tx_msg call failed
12-15 21:59:17.151 E/QC-QMI  (  492): qmi_qmux_open_connection: connection is disabled for conn_id=29
12-15 21:59:17.151 E/QC-QMI  (  492): qmi_qmux_tx_msg: failed to open inactive connd_id=29
12-15 21:59:17.151 E/QC-QMI  (  492): qmi_qmux: TX failed, connection inactive or in reset, conn_id=29, status_flags=4
12-15 21:59:17.151 E/QC-QMI  (  492): qmi_ctl_tx_msg: qmi_qmux_tx_msg failed
12-15 21:59:17.151 E/QC-QMI  (  492): qmi_ctl_handle_request: qmi_ctl_tx_msg call failed
12-15 21:59:17.151 E/QC-QMI  (  492): qmi_qmux_open_connection: connection is disabled for conn_id=29
12-15 21:59:17.151 E/QC-QMI  (  492): qmi_qmux_tx_msg: failed to open inactive connd_id=29
12-15 21:59:17.151 E/QC-QMI  (  492): qmi_qmux: TX failed, connection inactive or in reset, conn_id=29, status_flags=4
12-15 21:59:17.152 E/QC-QMI  (  492): qmi_ctl_tx_msg: qmi_qmux_tx_msg failed
12-15 21:59:17.152 E/QC-QMI  (  492): qmi_ctl_handle_request: qmi_ctl_tx_msg call failed
12-15 21:59:17.152 E/QC-QMI  (  492): qmi_qmux_open_connection: connection is disabled for conn_id=29
12-15 21:59:17.152 I/ThermalEngine(  496): ADSP thermal mitigation available.
12-15 21:59:17.152 E/QC-QMI  (  492): qmi_qmux_tx_msg: failed to open inactive connd_id=29
12-15 21:59:17.152 E/QC-QMI  (  492): qmi_qmux: TX failed, connection inactive or in reset, conn_id=29, status_flags=4
12-15 21:59:17.152 E/QC-QMI  (  492): qmi_ctl_tx_msg: qmi_qmux_tx_msg failed
12-15 21:59:17.152 E/QC-QMI  (  492): qmi_ctl_handle_request: qmi_ctl_tx_msg call failed
12-15 21:59:17.152 E/QC-QMI  (  492): qmi_qmux_open_connection: connection is disabled for conn_id=29
12-15 21:59:17.152 E/QC-QMI  (  492): qmi_qmux_tx_msg: failed to open inactive connd_id=29
12-15 21:59:17.152 E/QC-QMI  (  492): qmi_qmux: TX failed, connection inactive or in reset, conn_id=29, status_flags=4
12-15 21:59:17.152 E/QC-QMI  (  492): qmi_ctl_tx_msg: qmi_qmux_tx_msg failed
12-15 21:59:17.152 E/QC-QMI  (  492): qmi_ctl_handle_request: qmi_ctl_tx_msg call failed
12-15 21:59:17.153 E/QC-QMI  (  492): qmi_qmux_open_connection: connection is disabled for conn_id=48
12-15 21:59:17.153 E/QC-QMI  (  492): qmi_qmux_tx_msg: failed to open inactive connd_id=48
12-15 21:59:17.153 E/QC-QMI  (  492): qmi_qmux: TX failed, connection inactive or in reset, conn_id=48, status_flags=4
12-15 21:59:17.153 E/QC-QMI  (  492): qmi_ctl_tx_msg: qmi_qmux_tx_msg failed
12-15 21:59:17.153 E/QC-QMI  (  492): qmi_ctl_handle_request: qmi_ctl_tx_msg call failed
12-15 21:59:17.153 I/ThermalEngine(  496): ACTION: ADSP - Pending request: cpuv_restriction_cold mitigation succeeded for level 0.
12-15 21:59:17.153 I/ThermalEngine(  496): Mitigation:VDD[ADSP-cpuv_restriction_cold]:0
12-15 21:59:17.154 E/QC-QMI  (  492): qmi_qmux_open_connection: connection is disabled for conn_id=48
12-15 21:59:17.154 E/QC-QMI  (  492): qmi_qmux_tx_msg: failed to open inactive connd_id=48
12-15 21:59:17.158 E/QC-QMI  (  492): qmi_qmux: TX failed, connection inactive or in reset, conn_id=48, status_flags=4
12-15 21:59:17.158 E/QC-QMI  (  492): qmi_ctl_tx_msg: qmi_qmux_tx_msg failed
12-15 21:59:17.158 E/QC-QMI  (  492): qmi_ctl_handle_request: qmi_ctl_tx_msg call failed
12-15 21:59:17.159 E/QC-QMI  (  492): qmi_qmux_open_connection: connection is disabled for conn_id=48
12-15 21:59:17.159 E/QC-QMI  (  492): qmi_qmux_tx_msg: failed to open inactive connd_id=48
12-15 21:59:17.159 E/QC-QMI  (  492): qmi_qmux: TX failed, connection inactive or in reset, conn_id=48, status_flags=4
12-15 21:59:17.159 E/QC-QMI  (  492): qmi_ctl_tx_msg: qmi_qmux_tx_msg failed
12-15 21:59:17.159 E/QC-QMI  (  492): qmi_ctl_handle_request: qmi_ctl_tx_msg call failed
12-15 21:59:17.159 E/QC-QMI  (  492): qmi_qmux_open_connection: connection is disabled for conn_id=57
12-15 21:59:17.159 E/QC-QMI  (  492): qmi_qmux_tx_msg: failed to open inactive connd_id=57
12-15 21:59:17.159 E/QC-QMI  (  492): qmi_qmux: TX failed, connection inactive or in reset, conn_id=57, status_flags=4
12-15 21:59:17.159 E/QC-QMI  (  492): qmi_ctl_tx_msg: qmi_qmux_tx_msg failed
12-15 21:59:17.159 E/QC-QMI  (  492): qmi_ctl_handle_request: qmi_ctl_tx_msg call failed
12-15 21:59:17.159 E/QC-QMI  (  492): qmi_qmux_open_connection: connection is disabled for conn_id=48
12-15 21:59:17.160 E/QC-QMI  (  492): qmi_qmux_tx_msg: failed to open inactive connd_id=48
12-15 21:59:17.160 E/QC-QMI  (  492): qmi_qmux: TX failed, connection inactive or in reset, conn_id=48, status_flags=4
12-15 21:59:17.160 E/QC-QMI  (  492): qmi_ctl_tx_msg: qmi_qmux_tx_msg failed
12-15 21:59:17.160 E/QC-QMI  (  492): qmi_ctl_handle_request: qmi_ctl_tx_msg call failed
12-15 21:59:17.160 E/QC-QMI  (  492): qmi_qmux_open_connection: connection is disabled for conn_id=57
12-15 21:59:17.160 E/QC-QMI  (  492): qmi_qmux_tx_msg: failed to open inactive connd_id=57
12-15 21:59:17.160 E/QC-QMI  (  492): qmi_qmux: TX failed, connection inactive or in reset, conn_id=57, status_flags=4
12-15 21:59:17.160 E/QC-QMI  (  492): qmi_ctl_tx_msg: qmi_qmux_tx_msg failed
12-15 21:59:17.160 E/QC-QMI  (  492): qmi_ctl_handle_request: qmi_ctl_tx_msg call failed
12-15 21:59:17.161 E/QC-QMI  (  492): qmi_qmux_open_connection: connection is disabled for conn_id=57
12-15 21:59:17.161 E/QC-QMI  (  492): qmi_qmux_tx_msg: failed to open inactive connd_id=57
12-15 21:59:17.161 E/QC-QMI  (  492): qmi_qmux: TX failed, connection inactive or in reset, conn_id=57, status_flags=4
12-15 21:59:17.161 E/QC-QMI  (  492): qmi_ctl_tx_msg: qmi_qmux_tx_msg failed
12-15 21:59:17.161 E/QC-QMI  (  492): qmi_ctl_handle_request: qmi_ctl_tx_msg call failed
12-15 21:59:17.161 E/QC-QMI  (  492): qmi_qmux_open_connection: connection is disabled for conn_id=29
12-15 21:59:17.161 E/QC-QMI  (  492): qmi_qmux_tx_msg: failed to open inactive connd_id=29
12-15 21:59:17.161 E/QC-QMI  (  492): qmi_qmux: TX failed, connection inactive or in reset, conn_id=29, status_flags=4
12-15 21:59:17.161 E/QC-QMI  (  492): qmi_ctl_tx_msg: qmi_qmux_tx_msg failed
12-15 21:59:17.161 E/QC-QMI  (  492): qmi_ctl_handle_request: qmi_ctl_tx_msg call failed
12-15 21:59:17.162 E/QC-QMI  (  492): qmi_qmux_open_connection: connection is disabled for conn_id=57
12-15 21:59:17.162 E/QC-QMI  (  492): qmi_qmux_tx_msg: failed to open inactive connd_id=57
12-15 21:59:17.162 E/QC-QMI  (  492): qmi_qmux: TX failed, connection inactive or in reset, conn_id=57, status_flags=4
12-15 21:59:17.162 E/QC-QMI  (  492): qmi_ctl_tx_msg: qmi_qmux_tx_msg failed
12-15 21:59:17.162 E/QC-QMI  (  492): qmi_ctl_handle_request: qmi_ctl_tx_msg call failed
12-15 21:59:17.162 E/QC-QMI  (  492): qmi_qmux_open_connection: connection is disabled for conn_id=29
12-15 21:59:17.162 E/QC-QMI  (  492): qmi_qmux_tx_msg: failed to open inactive connd_id=29
12-15 21:59:17.162 E/QC-QMI  (  492): qmi_qmux: TX failed, connection inactive or in reset, conn_id=29, status_flags=4
12-15 21:59:17.162 E/QC-QMI  (  492): qmi_ctl_tx_msg: qmi_qmux_tx_msg failed
12-15 21:59:17.162 E/QC-QMI  (  492): qmi_ctl_handle_request: qmi_ctl_tx_msg call failed
12-15 21:59:17.163 E/QC-QMI  (  492): qmi_qmux_open_connection: connection is disabled for conn_id=48
12-15 21:59:17.163 E/QC-QMI  (  492): qmi_qmux_tx_msg: failed to open inactive connd_id=48
12-15 21:59:17.163 E/QC-QMI  (  492): qmi_qmux: TX failed, connection inactive or in reset, conn_id=48, status_flags=4
12-15 21:59:17.163 E/QC-QMI  (  492): qmi_ctl_tx_msg: qmi_qmux_tx_msg failed
12-15 21:59:17.163 E/QC-QMI  (  492): qmi_ctl_handle_request: qmi_ctl_tx_msg call failed
12-15 21:59:17.164 E/QC-QMI  (  492): qmi_qmux_open_connection: connection is disabled for conn_id=48
12-15 21:59:17.164 E/QC-QMI  (  492): qmi_qmux_tx_msg: failed to open inactive connd_id=48
12-15 21:59:17.164 E/QC-QMI  (  492): qmi_qmux: TX failed, connection inactive or in reset, conn_id=48, status_flags=4
12-15 21:59:17.164 E/QC-QMI  (  492): qmi_ctl_tx_msg: qmi_qmux_tx_msg failed
12-15 21:59:17.164 E/QC-QMI  (  492): qmi_ctl_handle_request: qmi_ctl_tx_msg call failed
12-15 21:59:17.165 E/QC-QMI  (  492): qmi_qmux_open_connection: connection is disabled for conn_id=57
12-15 21:59:17.165 E/QC-QMI  (  492): qmi_qmux_tx_msg: failed to open inactive connd_id=57
12-15 21:59:17.165 E/QC-QMI  (  492): qmi_qmux: TX failed, connection inactive or in reset, conn_id=57, status_flags=4
12-15 21:59:17.165 E/QC-QMI  (  492): qmi_ctl_tx_msg: qmi_qmux_tx_msg failed
12-15 21:59:17.165 E/QC-QMI  (  492): qmi_ctl_handle_request: qmi_ctl_tx_msg call failed
12-15 21:59:17.165 E/QC-QMI  (  492): qmi_qmux_open_connection: connection is disabled for conn_id=57
12-15 21:59:17.165 E/QC-QMI  (  492): qmi_qmux_tx_msg: failed to open inactive connd_id=57
12-15 21:59:17.165 E/QC-QMI  (  492): qmi_qmux: TX failed, connection inactive or in reset, conn_id=57, status_flags=4
12-15 21:59:17.165 E/QC-QMI  (  492): qmi_ctl_tx_msg: qmi_qmux_tx_msg failed
12-15 21:59:17.165 E/QC-QMI  (  492): qmi_ctl_handle_request: qmi_ctl_tx_msg call failed
12-15 21:59:17.167 I/ThermalEngine(  496): MODEM thermal mitigation available.
12-15 21:59:17.168 I/ThermalEngine(  496): ACTION: MODEM - Pending request: pa mitigation succeeded for level 0.
12-15 21:59:17.168 I/ThermalEngine(  496): Mitigation:Modem:0
12-15 21:59:17.170 I/ThermalEngine(  496): ACTION: MODEM - Pending request: cpuv_restriction_cold mitigation succeeded for level 0.
12-15 21:59:17.170 I/ThermalEngine(  496): Mitigation:VDD[MODEM-cpuv_restriction_cold]:0
12-15 21:59:17.185 E/Diag_Lib(  485):  Diag_LSM_Init: Failed to open handle to diag driver, error = 13
12-15 21:59:17.185 E/Diag_Lib(  485):  Diag_LSM_Init: Failed to open handle to diag driver, error = 13
12-15 21:59:17.176 W/rild    (  612): type=1400 audit(0.0:52): avc: denied { read write } for name="diag" dev="tmpfs" ino=9600 scontext=u:r:rild:s0 tcontext=u:object_r:diag_device:s0 tclass=chr_file permissive=0
12-15 21:59:17.176 W/rild    (  612): type=1400 audit(0.0:53): avc: denied { read write } for name="diag" dev="tmpfs" ino=9600 scontext=u:r:rild:s0 tcontext=u:object_r:diag_device:s0 tclass=chr_file permissive=0
12-15 21:59:17.187 E/Diag_Lib(  485):  Diag_LSM_Init: Failed to open handle to diag driver, error = 13
12-15 21:59:17.176 W/rild    (  612): type=1400 audit(0.0:54): avc: denied { read write } for name="diag" dev="tmpfs" ino=9600 scontext=u:r:rild:s0 tcontext=u:object_r:diag_device:s0 tclass=chr_file permissive=0
12-15 21:59:17.203 W/PackageManager(  882): Permission com.google.android.launcher.permission.READ_SETTINGS from package com.google.android.googlequicksearchbox in an unknown group android.permission-group.SYSTEM_TOOLS
12-15 21:59:17.203 W/PackageManager(  882): Permission com.google.android.launcher.permission.WRITE_SETTINGS from package com.google.android.googlequicksearchbox in an unknown group android.permission-group.SYSTEM_TOOLS
12-15 21:59:17.203 W/PackageManager(  882): Permission com.android.launcher.permission.INSTALL_SHORTCUT from package com.google.android.googlequicksearchbox in an unknown group android.permission-group.SYSTEM_TOOLS
12-15 21:59:17.218 E/Diag_Lib(  485):  Diag_LSM_Init: Failed to open handle to diag driver, error = 13
12-15 21:59:17.206 W/rild    (  612): type=1400 audit(0.0:55): avc: denied { read write } for name="diag" dev="tmpfs" ino=9600 scontext=u:r:rild:s0 tcontext=u:object_r:diag_device:s0 tclass=chr_file permissive=0
12-15 21:59:17.220 D/vold    (  338): Disk at 253:0 changed
12-15 21:59:17.222 D/vold    (  338): Disk at 253:0 changed
12-15 21:59:17.222 D/vold    (  338): Disk at 253:0 changed
12-15 21:59:17.222 D/vold    (  338): Disk at 253:0 changed
12-15 21:59:17.222 D/vold    (  338): Disk at 253:0 changed
12-15 21:59:17.222 D/vold    (  338): Disk at 253:0 changed
12-15 21:59:17.223 D/vold    (  338): Disk at 253:0 changed
12-15 21:59:17.223 D/vold    (  338): Disk at 253:0 changed
12-15 21:59:17.223 D/vold    (  338): Disk at 253:0 changed
12-15 21:59:17.223 D/vold    (  338): Disk at 253:0 changed
12-15 21:59:17.223 D/vold    (  338): Disk at 253:0 changed
12-15 21:59:17.223 D/vold    (  338): Disk at 253:0 changed
12-15 21:59:17.223 D/vold    (  338): Disk at 253:0 changed
12-15 21:59:17.223 D/vold    (  338): Disk at 253:0 changed
12-15 21:59:17.223 D/vold    (  338): Disk at 253:0 changed
12-15 21:59:17.223 D/vold    (  338): Disk at 253:0 changed
12-15 21:59:17.226 E/QMI_FW  (  485): qcci_qmi_lge_vs_nv_init-entered!!!
12-15 21:59:17.226 E/QMI_FW  (  485): [VSS_QCCI]Daemon:qcci_qmi_lge_vs_nv_init: qmi_client_get_service_list returned 0 num_services 1
12-15 21:59:17.226 E/QMI_FW  (  485): [VSS_QCCI] qmi_client_get_service_list() returned 0 num_entries = 1 num_services = 1
12-15 21:59:17.226 E/QMI_FW  (  485): [VSS_QCCI] NV qmi_client_init returned 0
12-15 21:59:17.226 E/QMI_FW  (  485): [VSS_QCCI] Enter qcci_qmi_lge_vs_nv_init()----> nv_client = 0x18
12-15 21:59:17.227 E/QMI_FW  (  485): [VSS_QCCI] NV qmi_client_register_error_cb returned 0
12-15 21:59:17.227 E/QMI_FW  (  485): qcci_qmi_lge_vs_nv_init: [VSS_QCCI] NV Done initialization and send server connect callback req
12-15 21:59:17.227 E/QMI_FW  (  485): [VSS_QCCI] NV init Complete!!!
12-15 21:59:17.247 W/PackageParser(  882): Ignoring duplicate uses-permissions/uses-permissions-sdk-m: android.permission.READ_CONTACTS in package: com.android.bluetooth at: Binary XML file line #58
12-15 21:59:17.248 W/PackageParser(  882): No actions in intent filter at /system/app/Bluetooth/Bluetooth.apk Binary XML file line #216
12-15 21:59:17.263 E/slim_daemon(  602): [NDK] bindNDKSensors: Sensor server is unavailable.
12-15 21:59:17.466 W/PackageManager(  882): Permission com.android.chrome.permission.DEBUG from package com.android.chrome in an unknown group android.permission-group.DEVELOPMENT_TOOLS
12-15 21:59:17.606 W/netmgrd (  495): type=1400 audit(0.0:56): avc: denied { read write } for name="diag" dev="tmpfs" ino=9600 scontext=u:r:netmgrd:s0 tcontext=u:object_r:diag_device:s0 tclass=chr_file permissive=0
12-15 21:59:17.617 E/Diag_Lib(  495):  Diag_LSM_Init: Failed to open handle to diag driver, error = 13
12-15 21:59:17.623 E/QC-QMI  (  495): qmi_client [495] 13: failed to locate client data
12-15 21:59:17.623 E/QC-QMI  (  492): qmuxd: RX on fd=21 returned error=0 errno[2:No such file or directory]
12-15 21:59:17.624 E/QC-QMI  (  492): QMUX qmux_client_id=13 not found in qmux client list, unable to remove
12-15 21:59:17.650 W/PackageManager(  882): Permission com.google.android.apps.docs.permission.READ_MY_DATA from package com.google.android.apps.docs in an unknown group android.permission-group.PERSONAL_INFO
12-15 21:59:17.650 W/PackageManager(  882): Permission com.google.android.apps.docs.permission.SYNC_STATUS from package com.google.android.apps.docs in an unknown group android.permission-group.PERSONAL_INFO
12-15 21:59:17.830 W/PackageParser(  882): Ignoring duplicate uses-permissions/uses-permissions-sdk-m: android.permission.ACCESS_NETWORK_STATE in package: com.google.android.inputmethod.japanese at: Binary XML file line #26
12-15 21:59:17.830 W/PackageParser(  882): Ignoring duplicate uses-permissions/uses-permissions-sdk-m: android.permission.INTERNET in package: com.google.android.inputmethod.japanese at: Binary XML file line #27
12-15 21:59:17.864 E/mm-camera-intf(  487): mm_camera_open:Failed with Connection timed out error, retrying after 20 milli-seconds
12-15 21:59:17.894 E/mm-camera-img(  510): module_imglib_start_session:1778 ###Img_Loglevel 1
12-15 21:59:17.910 E/mm-camera(  510): q3a_port_init:1753  q3a_port_init: 3A VERSION --> 4.1.0.r9
12-15 21:59:17.915 E/mm-camera-isp2(  510): isp_module_start_session:360 num_session_opened 1
12-15 21:59:17.925 E/libaprpmem(  510): 
12-15 21:59:17.925 E/libaprpmem(  510):  Ion allocation success virtaddr : ret=4040581120 fd=42 heapid=33554432
12-15 21:59:17.930 E/libaprpmem(  510): 
12-15 21:59:17.930 E/libaprpmem(  510):  Ion allocation success virtaddr : ret=4036612096 fd=43 heapid=33554432
12-15 21:59:17.938 E/libaprpmem(  510): 
12-15 21:59:17.938 E/libaprpmem(  510):  Ion allocation success virtaddr : ret=4028674048 fd=44 heapid=33554432
12-15 21:59:17.945 E/libaprpmem(  510): 
12-15 21:59:17.945 E/libaprpmem(  510):  Ion allocation success virtaddr : ret=4024492032 fd=45 heapid=33554432
12-15 21:59:17.953 E/mm-camera-sensor(  510): sensor_sdk_util_get_kernel_i2c_addr_type:26Invalid addr_type = 0
12-15 21:59:17.953 E/mm-camera-sensor(  510): sensor_sdk_util_get_kernel_i2c_data_type:40Invalid addr_type = 0
12-15 21:59:17.954 E/libaprpmem(  510): 
12-15 21:59:17.954 E/libaprpmem(  510):  Ion allocation success virtaddr : ret=4016128000 fd=46 heapid=33554432
12-15 21:59:17.967 E/libaprpmem(  510): 
12-15 21:59:17.967 E/libaprpmem(  510):  Ion allocation success virtaddr : ret=4011945984 fd=48 heapid=33554432
12-15 21:59:17.975 E/mm-camera-sensor(  510): sensor_sdk_util_get_kernel_i2c_data_type:40Invalid addr_type = 0
12-15 21:59:17.975 E/mm-camera-sensor(  510): sensor_sdk_util_get_kernel_i2c_addr_type:26Invalid addr_type = 0
12-15 21:59:17.976 E/libaprpmem(  510): 
12-15 21:59:17.976 E/libaprpmem(  510):  Ion allocation success virtaddr : ret=4007763968 fd=47 heapid=33554432
12-15 21:59:18.000 W/PackageParser(  882): Ignoring duplicate uses-permissions/uses-permissions-sdk-m: android.permission.INTERNET in package: com.google.android.talk at: Binary XML file line #161
12-15 21:59:18.000 W/PackageParser(  882): Ignoring duplicate uses-permissions/uses-permissions-sdk-m: android.permission.USE_CREDENTIALS in package: com.google.android.talk at: Binary XML file line #164
12-15 21:59:18.000 W/PackageParser(  882): Ignoring duplicate uses-permissions/uses-permissions-sdk-m: android.permission.ACCESS_NETWORK_STATE in package: com.google.android.talk at: Binary XML file line #166
12-15 21:59:18.010 I/ServiceManager(  511): Waiting for service AtCmdFwd...
12-15 21:59:18.016 E/mm-camera(  510): mct: mct_pipeline_start_stream_internal: Adding session stream streamid= 0xf for session=1
12-15 21:59:18.016 E/mm-camera(  510): mct: mct_pipeline_start_stream_internal:Linking session stream for session 1
12-15 21:59:18.019 E/mm-camera(  510): mct: mct_pipeline_start_stream_internal:Session stream linked successfully session 1
12-15 21:59:18.020 E/mm-camera-isp2(  510): isp_resource_query_mod:145 num_isp_preallocate 0 num_session_opened 1 dual_vfe_enabled 0
