--------- beginning of main
02-25 07:53:01.577 W/auditd  (  335): type=2000 audit(0.0:1): initialized
--------- beginning of system
02-25 07:53:04.434 I/vold    (  337): Vold 3.0 (the awakening) firing up
02-25 07:53:04.435 V/vold    (  337): Detected support for: ext4 vfat
02-25 07:53:04.664 I/lowmemorykiller(  366): Using in-kernel low memory killer interface
02-25 07:53:04.668 D/QSEECOMD: (  371): qseecom listener services process entry PPID = 1
02-25 07:53:04.669 E/QSEECOMD: (  371): Listener: index = 0, hierarchy = 0
02-25 07:53:04.674 D/QSEECOMD: (  371): Init dlopen(librpmb.so, RTLD_NOW) succeeds
02-25 07:53:04.674 D/QSEECOMD: (  371): Init::Init dlsym(g_FSHandle rpmb_init_service) succeeds
02-25 07:53:04.675 I/rpmb_emmc(  371): RPMB Mult = 16384, Rel_sec_cnt = 1
02-25 07:53:04.676 E/DrmLibRpmb(  371): rpmb_init succeeded! with ret = 0
02-25 07:53:04.676 D/QSEECOMD: (  371): Init rpmb_init_service ret = 0
02-25 07:53:04.676 D/QSEECOMD: (  371): RPMB system services: init (Listener ID = 8192)
02-25 07:53:04.676 E/QSEECOMD: (  371): Listener: index = 1, hierarchy = 0
02-25 07:53:04.677 I/rmt_storage(  369): Shared memory initialised successfully.
02-25 07:53:04.678 D/QSEECOMD: (  371): Init dlopen(libssd.so, RTLD_NOW) succeeds
02-25 07:53:04.678 I/rmt_storage(  369): No EBR found
02-25 07:53:04.678 D/QSEECOMD: (  371): Init::Init dlsym(g_FSHandle ssd_init_service) succeeds
02-25 07:53:04.678 I/rmt_storage(  369): Error (-1) parsing MBR partitions
02-25 07:53:04.678 E/SSD     (  371): ssd_init_service succeeded!
02-25 07:53:04.678 I/rmt_storage(  369): Registering modemst1: 0x4a /boot/modem_fs1
02-25 07:53:04.678 D/QSEECOMD: (  371): Init ssd_init_service ret = 0
02-25 07:53:04.678 D/QSEECOMD: (  371): SSD system services: init (Listener ID = 12288)
02-25 07:53:04.678 I/rmt_storage(  369): Registering modemst2: 0x4b /boot/modem_fs2
02-25 07:53:04.678 E/QSEECOMD: (  371): Listener: index = 2, hierarchy = 0
02-25 07:53:04.678 I/rmt_storage(  369): Registering fsc: 0xff /boot/modem_fsc
02-25 07:53:04.678 I/rmt_storage(  369): Registering fsg: 0x58 /boot/modem_fsg
02-25 07:53:04.678 E/QSEECOMD: (  371): Init dlopen(libsecureui.so, RLTD_NOW) is failed....
02-25 07:53:04.678 I/rmt_storage(  369): 4 GPT partitions found
02-25 07:53:04.678 D/QSEECOMD: (  371): SEC_UI_INIT failed, shall not start secure ui listener
02-25 07:53:04.678 E/QSEECOMD: (  371): Listener: index = 5, hierarchy = 0
02-25 07:53:04.678 E/QSEECOMD: (  371): Init dlopen(libmdtp.so, RLTD_NOW) is failed....
02-25 07:53:04.678 I/rmt_storage(  369): Capset success!
02-25 07:53:04.679 D/QSEECOMD: (  371): ERROR: MDTP_INIT failed, shall not start MDTP listener
02-25 07:53:04.679 D/QSEECOMD: (  371): Parent qseecom daemon process paused!! 
02-25 07:53:04.679 D/QSEECOMD: (  378): qseecom listener service threads starting!!! 
02-25 07:53:04.679 D/QSEECOMD: (  378): Total listener services to start = 7
02-25 07:53:04.679 E/QSEECOMD: (  378): Listener: index = 0, hierarchy = 1
02-25 07:53:04.679 D/QSEECOMD: (  378): Init dlopen(librpmb.so, RTLD_NOW) succeeds
02-25 07:53:04.679 D/QSEECOMD: (  378): Init::Init dlsym(g_FSHandle rpmb_start) succeeds
02-25 07:53:04.679 D/QSEECOMAPI: (  378): QSEECom_register_listener 8192 sb_length = 0x5000
02-25 07:53:04.689 D/QSEECOMD: (  378): Init rpmb_start ret = 0
02-25 07:53:04.689 D/QSEECOMD: (  378): RPMB system services: Started (Listener ID = 8192)
02-25 07:53:04.689 E/QSEECOMD: (  378): Listener: index = 1, hierarchy = 1
02-25 07:53:04.689 D/QSEECOMD: (  378): Init dlopen(libssd.so, RTLD_NOW) succeeds
02-25 07:53:04.689 D/QSEECOMD: (  378): Init::Init dlsym(g_FSHandle ssd_start) succeeds
02-25 07:53:04.690 D/QSEECOMAPI: (  378): QSEECom_register_listener 12288 sb_length = 0x5000
02-25 07:53:04.690 D/QSEECOMD: (  378): Init ssd_start ret = 0
02-25 07:53:04.690 D/QSEECOMD: (  378): SSD system services: Started (Listener ID = 12288)
02-25 07:53:04.690 E/QSEECOMD: (  378): Listener: index = 2, hierarchy = 1
02-25 07:53:04.690 E/QSEECOMD: (  378): Init dlopen(libsecureui.so, RLTD_NOW) is failed....
02-25 07:53:04.691 E/QSEECOMD: (  378): Listener: index = 3, hierarchy = 1
02-25 07:53:04.692 I/libmdmdetect(  370): ESOC framework not supported
02-25 07:53:04.693 I/libmdmdetect(  370): Found internal modem: modem
02-25 07:53:04.694 I/PerMgrSrv(  370): Peripheral Mananager service start
02-25 07:53:04.695 I/PerMgrSrv(  370): power-off timeout 500,ms; event-ack timeout 200,ms; debug-mode false
02-25 07:53:04.695 I/PerMgrSrv(  370): Statistics for : modem
02-25 07:53:04.695 D/QSEECOMD: (  378): Init dlopen(libdrmtime.so, RTLD_NOW) succeeds
02-25 07:53:04.695 I/PerMgrSrv(  370): modem: Current State : is off-line
02-25 07:53:04.695 I/PerMgrSrv(  370): modem: Voter/Listener count : 0/0
02-25 07:53:04.695 D/QSEECOMD: (  378): Init::Init dlsym(g_FSHandle atime_start) succeeds
02-25 07:53:04.695 I/PerMgrSrv(  370): modem: Power on count : 0
02-25 07:53:04.695 D/DrmLibTime(  378): QSEE Time Listener: atime_start
02-25 07:53:04.695 I/PerMgrSrv(  370): modem: Power off count: 0
02-25 07:53:04.695 D/QSEECOMAPI: (  378): QSEECom_register_listener 11 sb_length = 0x5000
02-25 07:53:04.695 I/PerMgrSrv(  370): modem: Client list:
02-25 07:53:04.696 D/DrmLibTime(  378): registering fs service to QSEECom is done!
02-25 07:53:04.696 D/DrmLibTime(  378): begin to create a thread!
02-25 07:53:04.696 D/DrmLibTime(  378): Creating a pthread in atime_start is done! return 0
02-25 07:53:04.696 D/QSEECOMD: (  378): Init atime_start ret = 0
02-25 07:53:04.696 D/DrmLibTime(  378): QSEE Time Listener: dispatch
02-25 07:53:04.696 D/QSEECOMD: (  378): time services: Started (Listener ID = 11)
02-25 07:53:04.696 D/DrmLibTime(  378): before calling ioctl to read the next time_cmd
02-25 07:53:04.696 E/QSEECOMD: (  378): Listener: index = 4, hierarchy = 1
02-25 07:53:04.696 D/QSEECOMD: (  378): Init dlopen(libdrmfs.so, RTLD_NOW) succeeds
02-25 07:53:04.696 D/QSEECOMD: (  378): Init::Init dlsym(g_FSHandle fs_start) succeeds
02-25 07:53:04.696 D/QSEECOMAPI: (  378): QSEECom_register_listener 10 sb_length = 0x5000
02-25 07:53:04.697 I/PerMgrSrv(  370): QMI service start
02-25 07:53:04.697 D/QSEECOMD: (  378): Init fs_start ret = 0
02-25 07:53:04.697 D/QSEECOMD: (  378): file system services: Started (Listener ID = 10)
02-25 07:53:04.697 E/QSEECOMD: (  378): Listener: index = 5, hierarchy = 1
02-25 07:53:04.697 E/QSEECOMD: (  378): Init dlopen(libmdtp.so, RLTD_NOW) is failed....
02-25 07:53:04.697 E/QSEECOMD: (  378): Listener: index = 6, hierarchy = 1
02-25 07:53:04.697 D/QSEECOMD: (  378): Init dlopen(libdrmfs.so, RTLD_NOW) succeeds
02-25 07:53:04.698 D/QSEECOMD: (  378): Init::Init dlsym(g_FSHandle gpfs_start) succeeds
02-25 07:53:04.698 D/QSEECOMAPI: (  378): QSEECom_register_listener 28672 sb_length = 0x7e000
02-25 07:53:04.700 D/QSEECOMD: (  378): Init gpfs_start ret = 0
02-25 07:53:04.700 D/QSEECOMD: (  378): gpfile system services: Started (Listener ID = 28672)
02-25 07:53:04.701 D/QSEECOMAPI: (  378): QSEECom_get_handle sb_length = 0x400
02-25 07:53:04.701 D/QSEECOMAPI: (  378): App is not loaded in QSEE
02-25 07:53:04.702 E/QSEECOMAPI: (  378): Error::Cannot open the file /firmware/image/keymaste.mdt
02-25 07:53:04.703 E/QSEECOMAPI: (  378): Error::Loading image failed with ret = -1
02-25 07:53:04.703 E/QSEECOMD: (  378): Loading keymaster app failed
02-25 07:53:04.703 D/QSEECOMD: (  378): QSEECOM DAEMON RUNNING 
02-25 07:53:04.704 I/MSM-irqbalance(  372): msm-irq_balance (1.3) initialized
02-25 07:53:04.704 I/MSM-irqbalance(  372): Configuration
02-25 07:53:04.704 I/MSM-irqbalance(  372): Rate: 0.2 Hz
02-25 07:53:04.704 I/MSM-irqbalance(  372): Decay Factor: 75.0
02-25 07:53:04.704 I/MSM-irqbalance(  372): Balancing Factor: 0.1
02-25 07:53:04.704 I/MSM-irqbalance(  372): Debug Log: OFF
02-25 07:53:04.704 I/MSM-irqbalance(  372): Cfg file: /vendor/etc/msm_irqbalance.conf
02-25 07:53:04.704 I/MSM-irqbalance(  372): CPU PRIO: CPU0: 1 CPU1: 1 CPU2: 1 CPU3: 1 CPU4: 0 CPU5: 0 
02-25 07:53:04.704 I/MSM-irqbalance(  372): Ignored IRQs: 20 40 200 203 155 157 
02-25 07:53:04.750 I/SurfaceFlinger(  368): SurfaceFlinger is starting
02-25 07:53:04.751 I/SurfaceFlinger(  368): SurfaceFlinger's main thread ready to run. Initializing graphics H/W...
02-25 07:53:04.760 D/libEGL  (  368): loaded /vendor/lib64/egl/libEGL_adreno.so
02-25 07:53:04.865 D/VoldCryptCmdListener(  337): cryptfs mountdefaultencrypted
02-25 07:53:04.865 I/Ext4Crypt(  337): ext4 crypto complete called on /data
02-25 07:53:04.865 I/Ext4Crypt(  337): No master key, so not ext4enc
02-25 07:53:04.867 I/Cryptfs (  337): cryptfs_check_passwd
02-25 07:53:04.867 I/Ext4Crypt(  337): ext4 crypto complete called on /data
02-25 07:53:04.867 I/Ext4Crypt(  337): No master key, so not ext4enc
02-25 07:53:04.867 D/Cryptfs (  337): crypt_ftr->fs_size = 22994908
02-25 07:53:04.867 I/Cryptfs (  337): Using scrypt with keymaster for cryptfs KDF
02-25 07:53:04.874 E/PerMgrProxy(  407): Starting pm-proxy service
02-25 07:53:04.874 I/libmdmdetect(  407): ESOC framework not supported
02-25 07:53:04.874 I/libmdmdetect(  407): Found internal modem: modem
02-25 07:53:04.874 I/PerMgrProxy(  407): Found internal modem
02-25 07:53:04.875 D/PerMgrSrv(  370): modem state: is off-line, add client PM-PROXY-THREAD
02-25 07:53:04.875 D/PerMgrSrv(  370): PM-PROXY-THREAD registered
02-25 07:53:04.876 D/PerMgrLib(  407): PM-PROXY-THREAD successfully registered for modem
02-25 07:53:04.876 I/PerMgrProxy(  407): pm-proxy-thread Voting for internal modem
02-25 07:53:04.876 D/PerMgrLib(  407): PM-PROXY-THREAD voting for modem
02-25 07:53:04.876 D/PerMgrSrv(  370): PM-PROXY-THREAD voting for modem
02-25 07:53:04.876 D/PerMgrSrv(  370): modem new state: going on-line
02-25 07:53:04.876 D/PerMgrSrv(  370): modem num voters is 1
02-25 07:53:04.926 D/libEGL  (  368): loaded /vendor/lib64/egl/libGLESv1_CM_adreno.so
02-25 07:53:04.937 D/libEGL  (  368): loaded /vendor/lib64/egl/libGLESv2_adreno.so
02-25 07:53:04.960 I/Adreno  (  368): QUALCOMM build                   : 63c06b2, I8366cd0437
02-25 07:53:04.960 I/Adreno  (  368): Build Date                       : 10/21/15
02-25 07:53:04.960 I/Adreno  (  368): OpenGL ES Shader Compiler Version: XE031.05.13.02
02-25 07:53:04.960 I/Adreno  (  368): Local Branch                     : 
02-25 07:53:04.960 I/Adreno  (  368): Remote Branch                    : quic/LA.BF64.1.2.9_v2
02-25 07:53:04.960 I/Adreno  (  368): Remote Branch                    : NONE
02-25 07:53:04.960 I/Adreno  (  368): Reconstruct Branch               : NOTHING
02-25 07:53:05.137 I/qdutils (  368): PartialUpdate status: Enabled
02-25 07:53:05.137 I/qdutils (  368): Left Align: 0
02-25 07:53:05.137 I/qdutils (  368): Width Align: 0
02-25 07:53:05.137 I/qdutils (  368): Top Align: 16
02-25 07:53:05.137 I/qdutils (  368): Height Align: 16
02-25 07:53:05.137 I/qdutils (  368): Min ROI Width: 1080
02-25 07:53:05.137 I/qdutils (  368): Min ROI Height: 0
02-25 07:53:05.137 I/qdutils (  368): Needs ROI Merge: 0
02-25 07:53:05.137 I/qdutils (  368): Dynamic Fps: Disabled
02-25 07:53:05.137 I/qdutils (  368): Min Panel fps: 0
02-25 07:53:05.137 I/qdutils (  368): Max Panel fps: 0
02-25 07:53:05.137 D/qdutils (  368): int qdutils::getHDMINode(): fb node 2 not present
02-25 07:53:05.137 I/qdutils (  368): int qdutils::getHDMINode(): No HDMI node on this device
02-25 07:53:05.140 W/qdhwcomposer(  368): Unable to load libmm-qdcm
02-25 07:53:05.140 I/qdhwcomposer(  368): Initializing Qualcomm Hardware Composer
02-25 07:53:05.141 I/qdhwcomposer(  368): MDP version: 500
02-25 07:53:05.141 I/SurfaceFlinger(  368): Using composer version 1.5
02-25 07:53:05.141 I/qdhwcomposer(  368): hwc_registerProcs
02-25 07:53:05.141 I/qdhwcomposer(  368): Initializing UEVENT Thread
02-25 07:53:05.141 I/qdhwcomposer(  368): Initializing VSYNC Thread
02-25 07:53:05.141 D/qdhwcomposer(  368): hwc_getDisplayAttributes disp = 0, width = 1080
02-25 07:53:05.141 D/qdhwcomposer(  368): hwc_getDisplayAttributes disp = 0, height = 1920
02-25 07:53:05.141 E/qdhwcomposer(  368): hwc_getDisplayConfigs display (1) is inactive
02-25 07:53:05.141 I/qdhwcomposer(  368): vsync_loop: Reading event 0 for dpy 0 from /sys/class/graphics/fb0/vsync_event
02-25 07:53:05.141 I/qdhwcomposer(  368): vsync_loop: Reading event 1 for dpy 0 from /sys/class/graphics/fb0/show_blank_event
02-25 07:53:05.141 I/qdhwcomposer(  368): vsync_loop: Reading event 2 for dpy 0 from /sys/class/graphics/fb0/msm_fb_thermal_level
02-25 07:53:05.141 I/qdhwcomposer(  368): vsync_loop: Reading event 0 for dpy 1 from /sys/class/graphics/fb-1/vsync_event
02-25 07:53:05.141 I/qdhwcomposer(  368): vsync_loop: Reading event 1 for dpy 1 from /sys/class/graphics/fb-1/show_blank_event
02-25 07:53:05.141 I/qdhwcomposer(  368): vsync_loop: Reading event 2 for dpy 1 from /sys/class/graphics/fb-1/msm_fb_thermal_level
02-25 07:53:05.143 I/SurfaceFlinger(  368): EGL information:
02-25 07:53:05.143 I/SurfaceFlinger(  368): vendor    : Android
02-25 07:53:05.143 I/SurfaceFlinger(  368): version   : 1.4 Android META-EGL
02-25 07:53:05.143 I/SurfaceFlinger(  368): extensions: EGL_KHR_get_all_proc_addresses EGL_ANDROID_presentation_time EGL_KHR_swap_buffers_with_damage EGL_KHR_image EGL_KHR_image_base EGL_KHR_lock_surface EGL_KHR_gl_texture_2D_image EGL_KHR_gl_texture_3D_image EGL_KHR_gl_texture_cubemap_image EGL_KHR_gl_renderbuffer_image EGL_KHR_reusable_sync EGL_KHR_fence_sync EGL_KHR_create_context EGL_KHR_surfaceless_context EGL_EXT_create_context_robustness EGL_ANDROID_image_native_buffer EGL_KHR_wait_sync EGL_ANDROID_recordable EGL_KHR_partial_update EGL_KHR_create_context_no_error 
02-25 07:53:05.143 I/SurfaceFlinger(  368): Client API: OpenGL_ES
02-25 07:53:05.143 I/SurfaceFlinger(  368): EGLSurface: 8-8-8-8, config=0x7fb3891900
02-25 07:53:05.147 I/SurfaceFlinger(  368): OpenGL ES informations:
02-25 07:53:05.147 I/SurfaceFlinger(  368): vendor    : Qualcomm
02-25 07:53:05.147 I/SurfaceFlinger(  368): renderer  : Adreno (TM) 418
02-25 07:53:05.147 I/SurfaceFlinger(  368): version   : OpenGL ES 3.1 V@127.0 (GIT@I8366cd0437)
02-25 07:53:05.147 I/SurfaceFlinger(  368): extensions: GL_OES_EGL_image GL_OES_EGL_image_external GL_OES_EGL_sync GL_OES_vertex_half_float GL_OES_framebuffer_object GL_OES_rgb8_rgba8 GL_OES_compressed_ETC1_RGB8_texture GL_AMD_compressed_ATC_texture GL_KHR_texture_compression_astc_ldr GL_OES_texture_npot GL_EXT_texture_filter_anisotropic GL_EXT_texture_format_BGRA8888 GL_OES_texture_3D GL_EXT_color_buffer_float GL_EXT_color_buffer_half_float GL_QCOM_alpha_test GL_OES_depth24 GL_OES_packed_depth_stencil GL_OES_depth_texture GL_OES_depth_texture_cube_map GL_EXT_sRGB GL_OES_texture_float GL_OES_texture_float_linear GL_OES_texture_half_float GL_OES_texture_half_float_linear GL_EXT_texture_type_2_10_10_10_REV GL_EXT_texture_sRGB_decode GL_OES_element_index_uint GL_EXT_copy_image GL_EXT_geometry_shader GL_EXT_tessellation_shader GL_OES_texture_stencil8 GL_EXT_shader_io_blocks GL_OES_shader_image_atomic GL_OES_sample_variables GL_EXT_texture_border_clamp GL_EXT_multisampled_render_to_texture GL_OES_shader_multisample_interpolation GL_EXT_texture_cube_map_arr
02-25 07:53:05.147 I/SurfaceFlinger(  368): GL_MAX_TEXTURE_SIZE = 16384
02-25 07:53:05.147 I/SurfaceFlinger(  368): GL_MAX_VIEWPORT_DIMS = 16384
02-25 07:53:05.149 D/SurfaceFlinger(  368): Set power mode=2, type=0 flinger=0x7fb3883c00
02-25 07:53:05.149 D/qdhwcomposer(  368): hwc_setPowerMode: Setting mode 2 on display: 0
02-25 07:53:05.149 I/qdhwcomposer(  368): handle_blank_event: dpy:0 panel power state: 1
02-25 07:53:05.149 D/qdhwcomposer(  368): hwc_setPowerMode: Done setting mode 2 on display 0
02-25 07:53:05.241 D/vold    (  337): Disk at 253:0 changed
02-25 07:53:05.256 D/libEGL  (  430): loaded /vendor/lib64/egl/libEGL_adreno.so
02-25 07:53:05.300 D/libEGL  (  430): loaded /vendor/lib64/egl/libGLESv1_CM_adreno.so
02-25 07:53:05.307 D/libEGL  (  430): loaded /vendor/lib64/egl/libGLESv2_adreno.so
02-25 07:53:05.318 I/Adreno  (  430): QUALCOMM build                   : 63c06b2, I8366cd0437
02-25 07:53:05.318 I/Adreno  (  430): Build Date                       : 10/21/15
02-25 07:53:05.318 I/Adreno  (  430): OpenGL ES Shader Compiler Version: XE031.05.13.02
02-25 07:53:05.318 I/Adreno  (  430): Local Branch                     : 
02-25 07:53:05.318 I/Adreno  (  430): Remote Branch                    : quic/LA.BF64.1.2.9_v2
02-25 07:53:05.318 I/Adreno  (  430): Remote Branch                    : NONE
02-25 07:53:05.318 I/Adreno  (  430): Reconstruct Branch               : NOTHING
02-25 07:53:05.335 E/BootAnimation(  430): couldn't find audio_conf.txt
02-25 07:53:05.414 I/Cryptfs (  337): keymaster module name is Keymaster QTI HAL
02-25 07:53:05.414 I/Cryptfs (  337): keymaster version is 256
02-25 07:53:05.415 I/Cryptfs (  337): Found keymaster1 module, using keymaster1 API.
02-25 07:53:05.415 D/QSEECOMAPI: (  337): QSEECom_get_handle sb_length = 0xa000
02-25 07:53:05.416 D/QSEECOMAPI: (  337): App is already loaded QSEE and app id = 3
02-25 07:53:05.419 E/keymaster1_device(  337): TA API Major Verion: 1
02-25 07:53:05.419 E/keymaster1_device(  337): TA API Minor Verion: 0
02-25 07:53:05.419 E/keymaster1_device(  337): TA Major Verion: 1
02-25 07:53:05.419 E/keymaster1_device(  337): TA Minor Verion: 5
02-25 07:53:05.419 I/Cryptfs (  337): Signing safely-padded object
02-25 07:53:05.455 D/DrmLibTime(  378): got the req here! ret=0
02-25 07:53:05.456 D/DrmLibTime(  378): command id, time_cmd_id = 770
02-25 07:53:05.456 D/DrmLibTime(  378): time_getutcsec starts!
02-25 07:53:05.456 D/DrmLibTime(  378): QSEE Time Listener: time_getutcsec
02-25 07:53:05.456 D/DrmLibTime(  378): QSEE Time Listener: get_utc_seconds
02-25 07:53:05.456 D/DrmLibTime(  378): QSEE Time Listener: time_get_modem_time
02-25 07:53:05.456 D/DrmLibTime(  378): QSEE Time Listener: Checking if ATS_MODEM is set or not.
02-25 07:53:05.456 D/QC-time-services(  378): Lib:time_genoff_operation: pargs->base = 13
02-25 07:53:05.456 D/QC-time-services(  378): Lib:time_genoff_operation: pargs->operation = 2
02-25 07:53:05.456 D/QC-time-services(  378): Lib:time_genoff_operation: pargs->ts_val = 0
02-25 07:53:05.456 E/QC-time-services(  378): Lib:time_genoff_operation: Connection failed !!
02-25 07:53:05.456 D/DrmLibTime(  378): QSEE Time Listener: ATS_MODEM is not set. Fallback to Android system time.
02-25 07:53:05.456 D/DrmLibTime(  378): QSEE Time Listener: Retrieved Android system time: 4776785
02-25 07:53:05.457 D/DrmLibTime(  378): time_getutcsec returns 0, sec = 4776785; nsec = 0
02-25 07:53:05.457 D/DrmLibTime(  378): time_getutcsec finished! 
02-25 07:53:05.457 D/DrmLibTime(  378): iotcl_continue_command finished! and return 0 
02-25 07:53:05.457 D/DrmLibTime(  378): before calling ioctl to read the next time_cmd
02-25 07:53:05.507 E/keymaster1_device(  337): HwKmClose
02-25 07:53:05.508 D/QSEECOMAPI: (  337): QSEECom_dealloc_memory 
02-25 07:53:05.509 D/QSEECOMAPI: (  337): QSEECom_shutdown_app, app_id = 3
02-25 07:53:05.945 D/SurfaceFlinger(  368): shader cache generated - 24 shaders in 375.395264 ms
02-25 07:53:05.958 D/qdutils (  368): DEBUG_CALC_FPS: 0
02-25 07:53:05.958 D/qdutils (  368): period: 10
02-25 07:53:05.958 D/qdutils (  368): ignorethresh_us: 500000
02-25 07:53:06.010 I/Cryptfs (  337): Enabling support for allow_discards in dmcrypt.
02-25 07:53:06.011 D/vold    (  337): Disk at 253:2 changed
02-25 07:53:06.506 I/Cryptfs (  337): Password matches
02-25 07:53:06.507 D/Cryptfs (  337): test_mount_encrypted_fs(): Master key saved
02-25 07:53:06.507 I/Cryptfs (  337): keymaster module name is Keymaster QTI HAL
02-25 07:53:06.507 I/Cryptfs (  337): keymaster version is 256
02-25 07:53:06.507 I/Cryptfs (  337): Found keymaster1 module, using keymaster1 API.
02-25 07:53:06.507 D/QSEECOMAPI: (  337): QSEECom_get_handle sb_length = 0xa000
02-25 07:53:06.507 D/QSEECOMAPI: (  337): App is already loaded QSEE and app id = 3
02-25 07:53:06.508 E/keymaster1_device(  337): TA API Major Verion: 1
02-25 07:53:06.508 E/keymaster1_device(  337): TA API Minor Verion: 0
02-25 07:53:06.508 E/keymaster1_device(  337): TA Major Verion: 1
02-25 07:53:06.508 E/keymaster1_device(  337): TA Minor Verion: 5
02-25 07:53:06.508 E/keymaster1_device(  337): HwKmClose
02-25 07:53:06.508 D/QSEECOMAPI: (  337): QSEECom_dealloc_memory 
02-25 07:53:06.508 D/QSEECOMAPI: (  337): QSEECom_shutdown_app, app_id = 3
02-25 07:53:06.508 D/Cryptfs (  337): Password is default - restarting filesystem
02-25 07:53:06.509 D/Cryptfs (  337): unmounting /data succeeded
02-25 07:53:06.511 D/PerMgrSrv(  370): modem new state: is on-line
02-25 07:53:06.579 I/rmt_storage(  369): rmt_storage_connect_cb: clnt_h=0x1 conn_h=0x7fb3aba000
02-25 07:53:06.580 I/rmt_storage(  369): rmt_storage_open_cb: /boot/modem_fs1: clnt_h=0x1: req_h=0x1 msg_id=1: Client found
02-25 07:53:06.580 I/rmt_storage(  369): rmt_storage_client_thread: /boot/modem_fs1: clnt_h=0x1 Worker thread started
02-25 07:53:06.580 I/rmt_storage(  369): rmt_storage_open_cb: /boot/modem_fs1: clnt_h=0x1: req_h=0x1 msg_id=1: Send response: res=0 err=0
02-25 07:53:06.580 I/rmt_storage(  369): wake lock name: rmt_storage_548471567424, name creation success: 24
02-25 07:53:06.580 I/rmt_storage(  369): rmt_storage_connect_cb: clnt_h=0x2 conn_h=0x7fb3aba010
02-25 07:53:06.580 I/rmt_storage(  369): rmt_storage_open_cb: /boot/modem_fs2: clnt_h=0x2: req_h=0x2 msg_id=1: Client found
02-25 07:53:06.580 I/rmt_storage(  369): rmt_storage_open_cb: /boot/modem_fs2: clnt_h=0x2: req_h=0x2 msg_id=1: Send response: res=0 err=0
02-25 07:53:06.580 I/rmt_storage(  369): rmt_storage_client_thread: /boot/modem_fs2: clnt_h=0x2 Worker thread started
02-25 07:53:06.580 I/rmt_storage(  369): rmt_storage_disconnect_cb: clnt_h=0x1 conn_h=0x7fb3aba000
02-25 07:53:06.581 I/rmt_storage(  369): wake lock name: rmt_storage_548470522944, name creation success: 24
02-25 07:53:06.581 I/rmt_storage(  369): rmt_storage_disconnect_cb: clnt_h=0x2 conn_h=0x7fb3aba010
02-25 07:53:06.581 I/rmt_storage(  369): rmt_storage_connect_cb: clnt_h=0x3 conn_h=0x7fb3aba010
02-25 07:53:06.581 I/rmt_storage(  369): rmt_storage_open_cb: /boot/modem_fsg: clnt_h=0x3: req_h=0x3 msg_id=1: Client found
02-25 07:53:06.581 I/rmt_storage(  369): rmt_storage_client_thread: /boot/modem_fsg: clnt_h=0x3 Worker thread started
02-25 07:53:06.581 I/rmt_storage(  369): rmt_storage_open_cb: /boot/modem_fsg: clnt_h=0x3: req_h=0x3 msg_id=1: Send response: res=0 err=0
02-25 07:53:06.581 I/rmt_storage(  369): wake lock name: rmt_storage_548469478464, name creation success: 24
02-25 07:53:06.581 I/rmt_storage(  369): rmt_storage_disconnect_cb: clnt_h=0x3 conn_h=0x7fb3aba010
02-25 07:53:06.581 I/rmt_storage(  369): rmt_storage_connect_cb: clnt_h=0x4 conn_h=0x7fb3aba010
02-25 07:53:06.581 I/rmt_storage(  369): rmt_storage_open_cb: /boot/modem_fsc: clnt_h=0x4: req_h=0x4 msg_id=1: Client found
02-25 07:53:06.581 I/rmt_storage(  369): rmt_storage_open_cb: /boot/modem_fsc: clnt_h=0x4: req_h=0x4 msg_id=1: Send response: res=0 err=0
02-25 07:53:06.581 I/rmt_storage(  369): rmt_storage_client_thread: /boot/modem_fsc: clnt_h=0x4 Worker thread started
02-25 07:53:06.582 I/rmt_storage(  369): wake lock name: rmt_storage_548468433984, name creation success: 24
02-25 07:53:06.582 I/rmt_storage(  369): rmt_storage_disconnect_cb: clnt_h=0x4 conn_h=0x7fb3aba010
02-25 07:53:06.582 I/rmt_storage(  369): rmt_storage_connect_cb: clnt_h=0x5 conn_h=0x7fb3aba010
02-25 07:53:06.582 I/rmt_storage(  369): rmt_storage_alloc_buff_cb: /boot/modem_fs1: clnt_h=0x1: req_h=0x5 msg_id=4: Alloc request received: Size: 0
02-25 07:53:06.582 I/rmt_storage(  369): rmt_storage_alloc_buff_cb: /boot/modem_fs1: clnt_h=0x1: req_h=0x5 msg_id=4: New client making a dummy request with buffer req size 0
02-25 07:53:06.582 I/rmt_storage(  369): rmt_storage_alloc_buff_cb: /boot/modem_fs1: clnt_h=0x1: req_h=0x5 msg_id=4: Send response: res=0 err=0
02-25 07:53:06.583 I/rmt_storage(  369): rmt_storage_connect_cb: clnt_h=0x6 conn_h=0x7fb3aba000
02-25 07:53:06.583 I/rmt_storage(  369): rmt_storage_rw_iovec_cb: /boot/modem_fs1: clnt_h=0x6: req_h=0x6 msg_id=3: R/W request received
02-25 07:53:06.583 I/rmt_storage(  369): wakelock acquired: 1, error no: 42
02-25 07:53:06.583 I/rmt_storage(  369): rmt_storage_disconnect_cb: clnt_h=0x5 conn_h=0x7fb3aba010
02-25 07:53:06.583 I/rmt_storage(  369): rmt_storage_client_thread: /boot/modem_fs1: clnt_h=0x6 Unblock worker thread (th_id: 548471567424)
02-25 07:53:06.584 I/rmt_storage(  369): rmt_storage_client_thread: /boot/modem_fs1: clnt_h=0x6: req_h=0x6 msg_id=3: Bytes read = 512
02-25 07:53:06.584 I/rmt_storage(  369): rmt_storage_client_thread: /boot/modem_fs1: clnt_h=0x6: req_h=0x6 msg_id=3: Send response: res=0 err=0
02-25 07:53:06.584 I/rmt_storage(  369): rmt_storage_client_thread: /boot/modem_fs1: clnt_h=0x6 About to block rmt_storage client thread (th_id: 548471567424) wakelock released: 1, error no: 0
02-25 07:53:06.584 I/rmt_storage(  369): 
02-25 07:53:06.584 I/rmt_storage(  369): rmt_storage_disconnect_cb: clnt_h=0x6 conn_h=0x7fb3aba000
02-25 07:53:06.584 I/rmt_storage(  369): rmt_storage_connect_cb: clnt_h=0x7 conn_h=0x7fb3aba000
02-25 07:53:06.585 I/rmt_storage(  369): rmt_storage_rw_iovec_cb: /boot/modem_fs2: clnt_h=0x5: req_h=0x7 msg_id=3: R/W request received
02-25 07:53:06.585 I/rmt_storage(  369): wakelock acquired: 1, error no: 42
02-25 07:53:06.585 I/rmt_storage(  369): rmt_storage_client_thread: /boot/modem_fs2: clnt_h=0x5 Unblock worker thread (th_id: 548470522944)
02-25 07:53:06.585 I/rmt_storage(  369): rmt_storage_client_thread: /boot/modem_fs2: clnt_h=0x5: req_h=0x7 msg_id=3: Bytes read = 512
02-25 07:53:06.586 I/rmt_storage(  369): rmt_storage_client_thread: /boot/modem_fs2: clnt_h=0x5: req_h=0x7 msg_id=3: Send response: res=0 err=0
02-25 07:53:06.586 I/rmt_storage(  369): rmt_storage_client_thread: /boot/modem_fs2: clnt_h=0x5 About to block rmt_storage client thread (th_id: 548470522944) wakelock released: 1, error no: 0
02-25 07:53:06.586 I/rmt_storage(  369): 
02-25 07:53:06.586 I/rmt_storage(  369): rmt_storage_disconnect_cb: clnt_h=0x7 conn_h=0x7fb3aba000
02-25 07:53:06.587 I/rmt_storage(  369): rmt_storage_connect_cb: clnt_h=0x8 conn_h=0x7fb3aba000
02-25 07:53:06.587 I/rmt_storage(  369): rmt_storage_rw_iovec_cb: /boot/modem_fs1: clnt_h=0x8: req_h=0x8 msg_id=3: R/W request received
02-25 07:53:06.587 I/rmt_storage(  369): wakelock acquired: 1, error no: 42
02-25 07:53:06.587 I/rmt_storage(  369): rmt_storage_client_thread: /boot/modem_fs1: clnt_h=0x8 Unblock worker thread (th_id: 548471567424)
02-25 07:53:06.595 I/rmt_storage(  369): rmt_storage_client_thread: /boot/modem_fs1: clnt_h=0x8: req_h=0x8 msg_id=3: Bytes read = 1571840
02-25 07:53:06.595 I/rmt_storage(  369): rmt_storage_client_thread: /boot/modem_fs1: clnt_h=0x8: req_h=0x8 msg_id=3: Send response: res=0 err=0
02-25 07:53:06.595 I/rmt_storage(  369): rmt_storage_client_thread: /boot/modem_fs1: clnt_h=0x8 About to block rmt_storage client thread (th_id: 548471567424) wakelock released: 1, error no: 0
02-25 07:53:06.595 I/rmt_storage(  369): 
02-25 07:53:06.595 I/rmt_storage(  369): rmt_storage_disconnect_cb: clnt_h=0x8 conn_h=0x7fb3aba000
02-25 07:53:06.628 D/Cryptfs (  337): Just triggered post_fs_data
02-25 07:53:06.675 I//system/bin/tzdatacheck(  481): tzdata file /data/misc/zoneinfo/current/tzdata does not exist. No action required.
02-25 07:53:06.728 D/Cryptfs (  337): post_fs_data done
02-25 07:53:06.729 D/Cryptfs (  337): Just triggered restart_framework
02-25 07:53:06.753 I/        (  486): debuggerd: starting
02-25 07:53:06.759 I/installd(  490): installd firing up
02-25 07:53:06.760 I/irsc_util(  493): Starting irsc tool
02-25 07:53:06.770 I/Netd    (  483): Netd 1.0 starting
02-25 07:53:06.771 D/TetherController(  483): Setting IP forward enable = 0
02-25 07:53:06.780 I/keystore(  492): Found keymaster1 module Keymaster QTI HAL, version 100
02-25 07:53:06.780 I/SoftKeymaster(  492): system/keymaster/soft_keymaster_device.cpp, Line 122: Creating device
02-25 07:53:06.780 D/SoftKeymaster(  492): system/keymaster/soft_keymaster_device.cpp, Line 123: Device address: 0x7f7b823000
02-25 07:53:06.780 D/QSEECOMAPI: (  492): QSEECom_get_handle sb_length = 0xa000
02-25 07:53:06.780 D/QSEECOMAPI: (  492): App is already loaded QSEE and app id = 3
02-25 07:53:06.784 E/keymaster1_device(  492): TA API Major Verion: 1
02-25 07:53:06.784 E/keymaster1_device(  492): TA API Minor Verion: 0
02-25 07:53:06.784 E/keymaster1_device(  492): TA Major Verion: 1
02-25 07:53:06.784 E/keymaster1_device(  492): TA Minor Verion: 5
02-25 07:53:06.784 D/SoftKeymaster(  492): system/keymaster/soft_keymaster_device.cpp, Line 173: Reinitializing SoftKeymasterDevice to use HW keymaster1
02-25 07:53:06.786 I/keystore(  492): Keymaster1 module is incomplete, using SoftKeymasterDevice wrapper
02-25 07:53:06.787 I/SoftKeymaster(  492): system/keymaster/soft_keymaster_device.cpp, Line 122: Creating device
02-25 07:53:06.787 D/SoftKeymaster(  492): system/keymaster/soft_keymaster_device.cpp, Line 123: Device address: 0x7f7b823300
02-25 07:53:06.805 I/rmt_storage(  369): rmt_storage_connect_cb: clnt_h=0x9 conn_h=0x7fb3aba000
02-25 07:53:06.805 I/rmt_storage(  369): rmt_storage_rw_iovec_cb: /boot/modem_fs2: clnt_h=0x5: req_h=0x9 msg_id=3: R/W request received
02-25 07:53:06.805 I/rmt_storage(  369): wakelock acquired: 1, error no: 42
02-25 07:53:06.805 I/rmt_storage(  369): rmt_storage_client_thread: /boot/modem_fs2: clnt_h=0x5 Unblock worker thread (th_id: 548470522944)
02-25 07:53:06.835 E/Diag_Lib(  499):  Diag_LSM_Init: Failed to open handle to diag driver, error = 13
02-25 07:53:06.835 E/Diag_Lib(  499): qpLogDiagInit <== result : 0
02-25 07:53:06.835 E/Diag_Lib(  499): QMID : gIsQXDMDisabled 0, gIsADBDisabled 1, gIsDebugDisabled 0, gIsIMSLogsDisabled 0
02-25 07:53:06.835 E/Diag_Lib(  499):  Diag_LSM_Init: Failed to open handle to diag driver, error = 13
02-25 07:53:06.836 E/Diag_Lib(  499): qpLogDiagInit <== result : 0
02-25 07:53:06.836 E/Diag_Lib(  499): QMID : gIsQXDMDisabled 0, gIsADBDisabled 1, gIsDebugDisabled 0, gIsIMSLogsDisabled 0
02-25 07:53:06.836 E/Diag_Lib(  499):  Diag_LSM_Init: Failed to open handle to diag driver, error = 13
02-25 07:53:06.836 E/Diag_Lib(  499): qpLogDiagInit <== result : 0
02-25 07:53:06.836 E/Diag_Lib(  499): QMID : gIsQXDMDisabled 0, gIsADBDisabled 1, gIsDebugDisabled 0, gIsIMSLogsDisabled 0
02-25 07:53:06.836 E/Diag_Lib(  499):  Diag_LSM_Init: Failed to open handle to diag driver, error = 13
02-25 07:53:06.836 E/Diag_Lib(  499): qpLogDiagInit <== result : 0
02-25 07:53:06.836 E/Diag_Lib(  499): QMID : gIsQXDMDisabled 0, gIsADBDisabled 1, gIsDebugDisabled 0, gIsIMSLogsDisabled 0
02-25 07:53:06.836 E/Diag_Lib(  499):  Diag_LSM_Init: Failed to open handle to diag driver, error = 13
02-25 07:53:06.836 E/Diag_Lib(  499): qpLogDiagInit <== result : 0
02-25 07:53:06.836 E/Diag_Lib(  499): QMID : gIsQXDMDisabled 0, gIsADBDisabled 1, gIsDebugDisabled 0, gIsIMSLogsDisabled 0
02-25 07:53:06.836 E/Diag_Lib(  499):  Diag_LSM_Init: Failed to open handle to diag driver, error = 13
02-25 07:53:06.836 E/Diag_Lib(  499): qpLogDiagInit <== result : 0
02-25 07:53:06.836 E/Diag_Lib(  499): QMID : gIsQXDMDisabled 0, gIsADBDisabled 1, gIsDebugDisabled 0, gIsIMSLogsDisabled 0
02-25 07:53:06.837 E/Diag_Lib(  499):  Diag_LSM_Init: Failed to open handle to diag driver, error = 13
02-25 07:53:06.837 E/Diag_Lib(  499): qpLogDiagInit <== result : 0
02-25 07:53:06.837 E/Diag_Lib(  499): QMID : gIsQXDMDisabled 0, gIsADBDisabled 1, gIsDebugDisabled 0, gIsIMSLogsDisabled 0
02-25 07:53:06.837 E/Diag_Lib(  499):  Diag_LSM_Init: Failed to open handle to diag driver, error = 13
02-25 07:53:06.837 E/Diag_Lib(  499): qpLogDiagInit <== result : 0
02-25 07:53:06.837 E/Diag_Lib(  499): QMID : gIsQXDMDisabled 0, gIsADBDisabled 1, gIsDebugDisabled 0, gIsIMSLogsDisabled 0
02-25 07:53:06.837 E/Diag_Lib(  499):  Diag_LSM_Init: Failed to open handle to diag driver, error = 13
02-25 07:53:06.837 E/Diag_Lib(  499): qpLogDiagInit <== result : 0
02-25 07:53:06.838 E/Diag_Lib(  499): QMID : gIsQXDMDisabled 0, gIsADBDisabled 1, gIsDebugDisabled 0, gIsIMSLogsDisabled 0
02-25 07:53:06.840 E/Diag_Lib(  506):  Diag_LSM_Init: Failed to open handle to diag driver, error = 13
02-25 07:53:06.841 E/QC-QMI  (  506): qmi_client [506]: unable to bind to client socket, rc = -1 errno[13:Permission denied]
02-25 07:53:06.841 E/QC-QMI  (  506): qmi_qmux_if_pwr_up_init_ex:  Initialization failed, rc = -1
02-25 07:53:06.841 E/QMI_FW  (  506): QMUXD: WARNING qmi_qmux_if_pwr_up_init failed! rc=-1
02-25 07:53:06.841 E/QC-QMI  (  506): qmi_client [506]: unable to bind to client socket, rc = -1 errno[13:Permission denied]
02-25 07:53:06.841 E/QC-QMI  (  506): qmi_qmux_if_pwr_up_init_ex:  Initialization failed, rc = -1
02-25 07:53:06.841 E/QMI_FW  (  506): QMUXD: WARNING qmi_qmux_if_pwr_up_init failed! rc=-1
02-25 07:53:06.841 E/QC-QMI  (  506): qmi_client [506]: unable to bind to client socket, rc = -1 errno[13:Permission denied]
02-25 07:53:06.841 E/QC-QMI  (  506): qmi_qmux_if_pwr_up_init_ex:  Initialization failed, rc = -1
02-25 07:53:06.841 E/QMI_FW  (  506): QMUXD: WARNING qmi_qmux_if_pwr_up_init failed! rc=-1
02-25 07:53:06.841 E/QC-QMI  (  506): qmi_client [506]: unable to bind to client socket, rc = -1 errno[13:Permission denied]
02-25 07:53:06.841 E/QC-QMI  (  506): qmi_qmux_if_pwr_up_init_ex:  Initialization failed, rc = -1
02-25 07:53:06.841 E/QMI_FW  (  506): QMUXD: WARNING qmi_qmux_if_pwr_up_init failed! rc=-1
02-25 07:53:06.842 I/fingerprintd(  513): Starting fingerprintd
02-25 07:53:06.853 I/rmt_storage(  369): rmt_storage_client_thread: /boot/modem_fs2: clnt_h=0x5: req_h=0x9 msg_id=3: Bytes written = 1572864
02-25 07:53:06.853 I/rmt_storage(  369): rmt_storage_client_thread: /boot/modem_fs2: clnt_h=0x5: req_h=0x9 msg_id=3: Send response: res=0 err=0
02-25 07:53:06.853 I/rmt_storage(  369): rmt_storage_client_thread: /boot/modem_fs2: clnt_h=0x5 About to block rmt_storage client thread (th_id: 548470522944) wakelock released: 1, error no: 0
02-25 07:53:06.853 I/rmt_storage(  369): 
02-25 07:53:06.854 I/rmt_storage(  369): rmt_storage_disconnect_cb: clnt_h=0x9 conn_h=0x7fb3aba000
02-25 07:53:06.868 I/irsc_util(  493): Num of entries:27
02-25 07:53:06.869 I/irsc_util(  493): Ending irsc tool
02-25 07:53:06.909 I/rmt_storage(  369): rmt_storage_connect_cb: clnt_h=0xa conn_h=0x7fb3aba000
02-25 07:53:06.909 I/rmt_storage(  369): rmt_storage_rw_iovec_cb: /boot/modem_fs1: clnt_h=0xa: req_h=0xa msg_id=3: R/W request received
02-25 07:53:06.909 I/rmt_storage(  369): wakelock acquired: 1, error no: 42
02-25 07:53:06.909 I/rmt_storage(  369): rmt_storage_client_thread: /boot/modem_fs1: clnt_h=0xa Unblock worker thread (th_id: 548471567424)
02-25 07:53:06.956 I/rmt_storage(  369): rmt_storage_client_thread: /boot/modem_fs1: clnt_h=0xa: req_h=0xa msg_id=3: Bytes written = 1572864
02-25 07:53:06.956 I/rmt_storage(  369): rmt_storage_client_thread: /boot/modem_fs1: clnt_h=0xa: req_h=0xa msg_id=3: Send response: res=0 err=0
02-25 07:53:06.956 I/rmt_storage(  369): rmt_storage_client_thread: /boot/modem_fs1: clnt_h=0xa About to block rmt_storage client thread (th_id: 548471567424) wakelock released: 1, error no: 0
02-25 07:53:06.956 I/rmt_storage(  369): 
02-25 07:53:06.956 I/rmt_storage(  369): rmt_storage_disconnect_cb: clnt_h=0xa conn_h=0x7fb3aba000
02-25 07:53:07.006 I/ThermalEngine(  498): Thermal daemon started
02-25 07:53:07.006 I/ThermalEngine(  498): Using target config file '/system/etc/thermal-engine-8992.conf'
02-25 07:53:07.007 I/ThermalEngine(  498): devices_manager_init: Init
02-25 07:53:07.007 I/ThermalEngine(  498): Number of gpus :1
02-25 07:53:07.007 I/Thermal-IOCTL(  498): KTM IOCTL interface "/dev/msm_thermal_query" opened
02-25 07:53:07.007 E/Diag_Lib(  496):  Diag_LSM_Init: Failed to open handle to diag driver, error = 13
02-25 07:53:07.007 E/ThermalEngine(  498): update_cpu_topology: Cluster Info[0]. Cluster Id: 0 cpu_bits:0xf sync:1
02-25 07:53:07.007 E/ThermalEngine(  498): update_cpu_topology: Cluster Info[1]. Cluster Id: 1 cpu_bits:0x30 sync:1
02-25 07:53:07.007 E/Diag_Lib(  496):  Diag_LSM_Init: Failed to open handle to diag driver, error = 13
02-25 07:53:07.007 I/ThermalEngine(  498): vdd_rstr_init: Init KTM VDD RSTR enabled: 0
02-25 07:53:07.008 D/QC-time-services(  508): Daemon:genoff_pre_init::Base = 0
02-25 07:53:07.008 I/ThermalEngine(  498): sensors_manager_init: Init
02-25 07:53:07.008 E/QC-QMI  (  496): qmi_client [496]: unable to connect to server, errno=[2:No such file or directory], attempt=1
02-25 07:53:07.008 D/QC-time-services(  508): Daemon:ats_rtc_init: Time read from RTC -- year = 70, month = 1,day = 25
02-25 07:53:07.018 E/Diag_Lib(  494):  Diag_LSM_Init: Failed to open handle to diag driver, error = 13
02-25 07:53:07.019 E/QC-QMI  (  494): qmuxd: linux_qmi_read_sysfs_config: couldn't open file /sys/module/f_rmnet/parameters/rmnet_ctl_ch
02-25 07:53:07.019 E/QC-QMI  (  494): qmuxd: linux_qmi_read_sysfs_config: couldn't open /sys/module/rmnet/parameters/rmnet_ctl_ch
02-25 07:53:07.020 E/Diag_Lib(  498):  Diag_LSM_Init: Failed to open handle to diag driver, error = 13
02-25 07:53:07.020 E/QC-QMI  (  498): qmi_client [498]: unable to connect to server, errno=[2:No such file or directory], attempt=1
02-25 07:53:07.021 E/Diag_Lib(  514):  Diag_LSM_Init: Failed to open handle to diag driver, error = 13
02-25 07:53:07.021 E/Diag_Lib(  514): qpLogDiagInit <== result : 0
02-25 07:53:07.021 E/Diag_Lib(  514): DATAD : gIsQXDMDisabled 0, gIsADBDisabled 1, gIsDebugDisabled 0, gIsIMSLogsDisabled 0
02-25 07:53:07.021 E/Diag_Lib(  514):  Diag_LSM_Init: Failed to open handle to diag driver, error = 13
02-25 07:53:07.021 E/Diag_Lib(  514): qpLogDiagInit <== result : 0
02-25 07:53:07.021 E/Diag_Lib(  514): DATAD : gIsQXDMDisabled 0, gIsADBDisabled 1, gIsDebugDisabled 0, gIsIMSLogsDisabled 0
02-25 07:53:07.021 E/Diag_Lib(  514):  Diag_LSM_Init: Failed to open handle to diag driver, error = 13
02-25 07:53:07.021 E/Diag_Lib(  514): qpLogDiagInit <== result : 0
02-25 07:53:07.021 E/Diag_Lib(  514): DATAD : gIsQXDMDisabled 0, gIsADBDisabled 1, gIsDebugDisabled 0, gIsIMSLogsDisabled 0
02-25 07:53:07.021 E/Diag_Lib(  514):  Diag_LSM_Init: Failed to open handle to diag driver, error = 13
02-25 07:53:07.021 E/Diag_Lib(  514): qpLogDiagInit <== result : 0
02-25 07:53:07.021 E/Diag_Lib(  514): DATAD : gIsQXDMDisabled 0, gIsADBDisabled 1, gIsDebugDisabled 0, gIsIMSLogsDisabled 0
02-25 07:53:07.021 E/Diag_Lib(  514):  Diag_LSM_Init: Failed to open handle to diag driver, error = 13
02-25 07:53:07.021 E/Diag_Lib(  514): qpLogDiagInit <== result : 0
02-25 07:53:07.021 E/Diag_Lib(  514): DATAD : gIsQXDMDisabled 0, gIsADBDisabled 1, gIsDebugDisabled 0, gIsIMSLogsDisabled 0
02-25 07:53:07.021 E/Diag_Lib(  514):  Diag_LSM_Init: Failed to open handle to diag driver, error = 13
02-25 07:53:07.021 E/Diag_Lib(  514): qpLogDiagInit <== result : 0
02-25 07:53:07.021 E/Diag_Lib(  514): DATAD : gIsQXDMDisabled 0, gIsADBDisabled 1, gIsDebugDisabled 0, gIsIMSLogsDisabled 0
02-25 07:53:07.021 E/Diag_Lib(  514):  Diag_LSM_Init: Failed to open handle to diag driver, error = 13
02-25 07:53:07.021 E/Diag_Lib(  514): qpLogDiagInit <== result : 0
02-25 07:53:07.022 E/Diag_Lib(  514): DATAD : gIsQXDMDisabled 0, gIsADBDisabled 1, gIsDebugDisabled 0, gIsIMSLogsDisabled 0
02-25 07:53:07.022 E/Diag_Lib(  514):  Diag_LSM_Init: Failed to open handle to diag driver, error = 13
02-25 07:53:07.022 E/Diag_Lib(  514): qpLogDiagInit <== result : 0
02-25 07:53:07.022 E/Diag_Lib(  514): DATAD : gIsQXDMDisabled 0, gIsADBDisabled 1, gIsDebugDisabled 0, gIsIMSLogsDisabled 0
02-25 07:53:07.022 E/Diag_Lib(  514):  Diag_LSM_Init: Failed to open handle to diag driver, error = 13
02-25 07:53:07.023 E/Diag_Lib(  514): qpLogDiagInit <== result : 0
02-25 07:53:07.023 E/Diag_Lib(  514): DATAD : gIsQXDMDisabled 0, gIsADBDisabled 1, gIsDebugDisabled 0, gIsIMSLogsDisabled 0
02-25 07:53:07.023 E/Diag_Lib(  514):  Diag_LSM_Init: Failed to open handle to diag driver, error = 13
02-25 07:53:07.023 E/Diag_Lib(  514): qpLogDiagInit <== result : 0
02-25 07:53:07.023 E/Diag_Lib(  514): DATAD : gIsQXDMDisabled 0, gIsADBDisabled 1, gIsDebugDisabled 0, gIsIMSLogsDisabled 0
02-25 07:53:07.023 E/Diag_Lib(  514):  Diag_LSM_Init: Failed to open handle to diag driver, error = 13
02-25 07:53:07.023 E/Diag_Lib(  514): qpLogDiagInit <== result : 0
02-25 07:53:07.023 E/Diag_Lib(  514): DATAD : gIsQXDMDisabled 0, gIsADBDisabled 1, gIsDebugDisabled 0, gIsIMSLogsDisabled 0
02-25 07:53:07.023 E/Diag_Lib(  514):  Diag_LSM_Init: Failed to open handle to diag driver, error = 13
02-25 07:53:07.023 E/Diag_Lib(  514): qpLogDiagInit <== result : 0
02-25 07:53:07.023 E/Diag_Lib(  514): DATAD : gIsQXDMDisabled 0, gIsADBDisabled 1, gIsDebugDisabled 0, gIsIMSLogsDisabled 0
02-25 07:53:07.023 E/Diag_Lib(  514):  Diag_LSM_Init: Failed to open handle to diag driver, error = 13
02-25 07:53:07.023 E/Diag_Lib(  514): qpLogDiagInit <== result : 0
02-25 07:53:07.023 E/Diag_Lib(  514): DATAD : gIsQXDMDisabled 0, gIsADBDisabled 1, gIsDebugDisabled 0, gIsIMSLogsDisabled 0
02-25 07:53:07.023 E/Diag_Lib(  514):  Diag_LSM_Init: Failed to open handle to diag driver, error = 13
02-25 07:53:07.023 E/Diag_Lib(  514): qpLogDiagInit <== result : 0
02-25 07:53:07.023 E/Diag_Lib(  514): DATAD : gIsQXDMDisabled 0, gIsADBDisabled 1, gIsDebugDisabled 0, gIsIMSLogsDisabled 0
02-25 07:53:07.023 E/Diag_Lib(  514):  Diag_LSM_Init: Failed to open handle to diag driver, error = 13
02-25 07:53:07.023 E/Diag_Lib(  514): qpLogDiagInit <== result : 0
02-25 07:53:07.023 E/Diag_Lib(  514): DATAD : gIsQXDMDisabled 0, gIsADBDisabled 1, gIsDebugDisabled 0, gIsIMSLogsDisabled 0
02-25 07:53:07.023 E/Diag_Lib(  514):  Diag_LSM_Init: Failed to open handle to diag driver, error = 13
02-25 07:53:07.023 E/Diag_Lib(  514): qpLogDiagInit <== result : 0
02-25 07:53:07.023 E/Diag_Lib(  514): DATAD : gIsQXDMDisabled 0, gIsADBDisabled 1, gIsDebugDisabled 0, gIsIMSLogsDisabled 0
02-25 07:53:07.024 E/Diag_Lib(  514):  Diag_LSM_Init: Failed to open handle to diag driver, error = 13
02-25 07:53:07.024 E/Diag_Lib(  514): qpLogDiagInit <== result : 0
02-25 07:53:07.024 E/Diag_Lib(  514): DATAD : gIsQXDMDisabled 0, gIsADBDisabled 1, gIsDebugDisabled 0, gIsIMSLogsDisabled 0
02-25 07:53:07.024 E/Diag_Lib(  514):  Diag_LSM_Init: Failed to open handle to diag driver, error = 13
02-25 07:53:07.024 E/Diag_Lib(  514): qpLogDiagInit <== result : 0
02-25 07:53:07.024 E/Diag_Lib(  514): DATAD : gIsQXDMDisabled 0, gIsADBDisabled 1, gIsDebugDisabled 0, gIsIMSLogsDisabled 0
02-25 07:53:07.024 E/Diag_Lib(  494):  Diag_LSM_Init: Failed to open handle to diag driver, error = 13
02-25 07:53:07.027 E/Diag_Lib(  494):  Diag_LSM_Init: Failed to open handle to diag driver, error = 13
02-25 07:53:07.029 E/Diag_Lib(  497):  Diag_LSM_Init: Failed to open handle to diag driver, error = 13
02-25 07:53:07.034 E/ThermalEngine(  498): bcl_setup: Unexpected node error
02-25 07:53:07.034 E/ThermalEngine(  498): add_tgt_sensors_set: Error adding bcl
02-25 07:53:07.035 E/ThermalEngine(  498): sensors_init: Error adding BCL TS
02-25 07:53:07.036 I/ThermalEngine(  498): Loading config file for virtual sensor
02-25 07:53:07.036 I/ThermalEngine(  498): Loading configuration file /system/etc/thermal-engine-8992.conf
02-25 07:53:07.039 I/ThermalEngine(  498): Parsing section global
02-25 07:53:07.039 I/ThermalEngine(  498): Found field 'sampling'
02-25 07:53:07.039 I/ThermalEngine(  498): Found field 'charger_offset'
02-25 07:53:07.039 E/ThermalEngine(  498): virtual_sensors_init: Error getting virtual sensors set
02-25 07:53:07.039 I/ThermalEngine(  498): Loading configuration file /system/etc/thermal-engine-8992.conf
02-25 07:53:07.039 I/ThermalEngine(  498): Parsing section global
02-25 07:53:07.039 I/ThermalEngine(  498): Found field 'sampling'
02-25 07:53:07.039 I/ThermalEngine(  498): Found field 'charger_offset'
02-25 07:53:07.039 I/ThermalEngine(  498): Created section 'CPU0_MONITOR'
02-25 07:53:07.039 I/ThermalEngine(  498): Algo Type 'monitor'
02-25 07:53:07.039 I/ThermalEngine(  498): Parsing section CPU0_MONITOR
02-25 07:53:07.039 I/ThermalEngine(  498): Found field 'sensor'
02-25 07:53:07.040 I/ThermalEngine(  498): Found field 'sampling'
02-25 07:53:07.040 I/ThermalEngine(  498): Found field 'thresholds'
02-25 07:53:07.040 I/ThermalEngine(  498): Found field 'thresholds_clr'
02-25 07:53:07.040 I/ThermalEngine(  498): Found field 'actions'
02-25 07:53:07.040 I/ThermalEngine(  498): Found field 'action_info'
02-25 07:53:07.040 I/ThermalEngine(  498): Created section 'CPU2_MONITOR'
02-25 07:53:07.040 I/ThermalEngine(  498): Algo Type 'monitor'
02-25 07:53:07.040 I/ThermalEngine(  498): Parsing section CPU2_MONITOR
02-25 07:53:07.040 I/ThermalEngine(  498): Found field 'sensor'
02-25 07:53:07.040 I/ThermalEngine(  498): Found field 'sampling'
02-25 07:53:07.040 I/ThermalEngine(  498): Found field 'thresholds'
02-25 07:53:07.040 I/ThermalEngine(  498): Found field 'thresholds_clr'
02-25 07:53:07.040 I/ThermalEngine(  498): Found field 'actions'
02-25 07:53:07.040 I/ThermalEngine(  498): Found field 'action_info'
02-25 07:53:07.040 I/ThermalEngine(  498): Created section 'CPU3_MONITOR'
02-25 07:53:07.040 I/ThermalEngine(  498): Algo Type 'monitor'
02-25 07:53:07.040 I/ThermalEngine(  498): Parsing section CPU3_MONITOR
02-25 07:53:07.040 I/ThermalEngine(  498): Found field 'sensor'
02-25 07:53:07.040 I/ThermalEngine(  498): Found field 'sampling'
02-25 07:53:07.040 I/ThermalEngine(  498): Found field 'thresholds'
02-25 07:53:07.040 I/ThermalEngine(  498): Found field 'thresholds_clr'
02-25 07:53:07.040 I/ThermalEngine(  498): Found field 'actions'
02-25 07:53:07.040 I/ThermalEngine(  498): Found field 'action_info'
02-25 07:53:07.040 I/ThermalEngine(  498): Created section 'CPU4_MONITOR'
02-25 07:53:07.040 I/ThermalEngine(  498): Algo Type 'monitor'
02-25 07:53:07.040 I/ThermalEngine(  498): Parsing section CPU4_MONITOR
02-25 07:53:07.040 I/ThermalEngine(  498): Found field 'sensor'
02-25 07:53:07.040 I/ThermalEngine(  498): Found field 'sampling'
02-25 07:53:07.040 I/ThermalEngine(  498): Found field 'thresholds'
02-25 07:53:07.040 I/ThermalEngine(  498): Found field 'thresholds_clr'
02-25 07:53:07.040 I/ThermalEngine(  498): Found field 'actions'
02-25 07:53:07.041 I/ThermalEngine(  498): Found field 'action_info'
02-25 07:53:07.041 I/ThermalEngine(  498): Created section 'CPU5_MONITOR'
02-25 07:53:07.041 I/ThermalEngine(  498): Algo Type 'monitor'
02-25 07:53:07.041 I/ThermalEngine(  498): Parsing section CPU5_MONITOR
02-25 07:53:07.041 I/ThermalEngine(  498): Found field 'sensor'
02-25 07:53:07.041 I/ThermalEngine(  498): Found field 'sampling'
02-25 07:53:07.041 I/ThermalEngine(  498): Found field 'thresholds'
02-25 07:53:07.041 I/ThermalEngine(  498): Found field 'thresholds_clr'
02-25 07:53:07.041 I/ThermalEngine(  498): Found field 'actions'
02-25 07:53:07.041 I/ThermalEngine(  498): Found field 'action_info'
02-25 07:53:07.041 I/ThermalEngine(  498): Created section 'CPU4_HOTPLUG_MONITOR'
02-25 07:53:07.041 I/ThermalEngine(  498): Algo Type 'monitor'
02-25 07:53:07.041 I/ThermalEngine(  498): Parsing section CPU4_HOTPLUG_MONITOR
02-25 07:53:07.041 I/ThermalEngine(  498): Found field 'sensor'
02-25 07:53:07.041 I/ThermalEngine(  498): Found field 'sampling'
02-25 07:53:07.041 I/ThermalEngine(  498): Found field 'thresholds'
02-25 07:53:07.041 I/ThermalEngine(  498): Found field 'thresholds_clr'
02-25 07:53:07.041 I/ThermalEngine(  498): Found field 'actions'
02-25 07:53:07.041 I/ThermalEngine(  498): Found field 'action_info'
02-25 07:53:07.041 I/ThermalEngine(  498): Created section 'CPU5_HOTPLUG_MONITOR'
02-25 07:53:07.041 I/ThermalEngine(  498): Algo Type 'monitor'
02-25 07:53:07.041 I/ThermalEngine(  498): Parsing section CPU5_HOTPLUG_MONITOR
02-25 07:53:07.041 I/ThermalEngine(  498): Found field 'sensor'
02-25 07:53:07.041 I/ThermalEngine(  498): Found field 'sampling'
02-25 07:53:07.041 I/ThermalEngine(  498): Found field 'thresholds'
02-25 07:53:07.041 I/ThermalEngine(  498): Found field 'thresholds_clr'
02-25 07:53:07.041 I/ThermalEngine(  498): Found field 'actions'
02-25 07:53:07.041 I/ThermalEngine(  498): Found field 'action_info'
02-25 07:53:07.041 I/ThermalEngine(  498): Created section 'LCD_management'
02-25 07:53:07.041 I/ThermalEngine(  498): Algo Type 'monitor'
02-25 07:53:07.041 I/ThermalEngine(  498): Parsing section LCD_management
02-25 07:53:07.042 I/ThermalEngine(  498): Found field 'sensor'
02-25 07:53:07.042 I/ThermalEngine(  498): Found field 'sampling'
02-25 07:53:07.042 I/ThermalEngine(  498): Found field 'thresholds'
02-25 07:53:07.042 I/ThermalEngine(  498): Found field 'thresholds_clr'
02-25 07:53:07.042 I/ThermalEngine(  498): Found field 'actions'
02-25 07:53:07.042 I/ThermalEngine(  498): Found field 'action_info'
02-25 07:53:07.042 I/ThermalEngine(  498): Created section 'battery_monitor'
02-25 07:53:07.042 I/ThermalEngine(  498): Algo Type 'monitor'
02-25 07:53:07.042 I/ThermalEngine(  498): Parsing section battery_monitor
02-25 07:53:07.042 I/ThermalEngine(  498): Found field 'sensor'
02-25 07:53:07.042 I/ThermalEngine(  498): Found field 'sampling'
02-25 07:53:07.042 I/ThermalEngine(  498): Found field 'thresholds'
02-25 07:53:07.042 I/ThermalEngine(  498): Found field 'thresholds_clr'
02-25 07:53:07.042 I/ThermalEngine(  498): Found field 'actions'
02-25 07:53:07.042 I/ThermalEngine(  498): Found field 'action_info'
02-25 07:53:07.042 I/ThermalEngine(  498): Created section 'PID-LITTLE_CLUSTER_management'
02-25 07:53:07.042 I/ThermalEngine(  498): Algo Type 'pid'
02-25 07:53:07.042 I/ThermalEngine(  498): Parsing section PID-LITTLE_CLUSTER_management
02-25 07:53:07.042 I/ThermalEngine(  498): Found field 'sampling'
02-25 07:53:07.042 I/ThermalEngine(  498): Found field 'sensor'
02-25 07:53:07.042 I/ThermalEngine(  498): Found field 'device'
