12-15 21:33:14.253 E/QC-QMI  (  491): qmi_ctl_handle_request: qmi_ctl_tx_msg call failed
12-15 21:33:14.253 E/QC-QMI  (  491): qmi_qmux_open_connection: connection is disabled for conn_id=29
12-15 21:33:14.253 E/QC-QMI  (  491): qmi_qmux_tx_msg: failed to open inactive connd_id=29
12-15 21:33:14.253 E/QC-QMI  (  491): qmi_qmux: TX failed, connection inactive or in reset, conn_id=29, status_flags=4
12-15 21:33:14.253 E/QC-QMI  (  491): qmi_ctl_tx_msg: qmi_qmux_tx_msg failed
12-15 21:33:14.253 E/QC-QMI  (  491): qmi_ctl_handle_request: qmi_ctl_tx_msg call failed
12-15 21:33:14.254 E/QC-QMI  (  491): qmi_qmux_open_connection: connection is disabled for conn_id=48
12-15 21:33:14.254 E/QC-QMI  (  491): qmi_qmux_tx_msg: failed to open inactive connd_id=48
12-15 21:33:14.254 E/QC-QMI  (  491): qmi_qmux: TX failed, connection inactive or in reset, conn_id=48, status_flags=4
12-15 21:33:14.254 E/QC-QMI  (  491): qmi_ctl_tx_msg: qmi_qmux_tx_msg failed
12-15 21:33:14.254 E/QC-QMI  (  491): qmi_ctl_handle_request: qmi_ctl_tx_msg call failed
12-15 21:33:14.255 E/QC-QMI  (  491): qmi_qmux_open_connection: connection is disabled for conn_id=48
12-15 21:33:14.255 E/QC-QMI  (  491): qmi_qmux_tx_msg: failed to open inactive connd_id=48
12-15 21:33:14.255 E/QC-QMI  (  491): qmi_qmux: TX failed, connection inactive or in reset, conn_id=48, status_flags=4
12-15 21:33:14.255 E/QC-QMI  (  491): qmi_ctl_tx_msg: qmi_qmux_tx_msg failed
12-15 21:33:14.255 E/QC-QMI  (  491): qmi_ctl_handle_request: qmi_ctl_tx_msg call failed
12-15 21:33:14.256 E/QC-QMI  (  491): qmi_qmux_open_connection: connection is disabled for conn_id=57
12-15 21:33:14.256 E/QC-QMI  (  491): qmi_qmux_tx_msg: failed to open inactive connd_id=57
12-15 21:33:14.256 E/QC-QMI  (  491): qmi_qmux: TX failed, connection inactive or in reset, conn_id=57, status_flags=4
12-15 21:33:14.256 E/QC-QMI  (  491): qmi_ctl_tx_msg: qmi_qmux_tx_msg failed
12-15 21:33:14.256 E/QC-QMI  (  491): qmi_ctl_handle_request: qmi_ctl_tx_msg call failed
12-15 21:33:14.256 E/QC-QMI  (  491): qmi_qmux_open_connection: connection is disabled for conn_id=57
12-15 21:33:14.256 E/QC-QMI  (  491): qmi_qmux_tx_msg: failed to open inactive connd_id=57
12-15 21:33:14.257 E/QC-QMI  (  491): qmi_qmux: TX failed, connection inactive or in reset, conn_id=57, status_flags=4
12-15 21:33:14.257 E/QC-QMI  (  491): qmi_ctl_tx_msg: qmi_qmux_tx_msg failed
12-15 21:33:14.257 E/QC-QMI  (  491): qmi_ctl_handle_request: qmi_ctl_tx_msg call failed
12-15 21:33:14.259 E/QC-QMI  (  491): qmi_qmux_open_connection: connection is disabled for conn_id=29
12-15 21:33:14.259 E/QC-QMI  (  491): qmi_qmux_tx_msg: failed to open inactive connd_id=29
12-15 21:33:14.259 E/QC-QMI  (  491): qmi_qmux: TX failed, connection inactive or in reset, conn_id=29, status_flags=4
12-15 21:33:14.259 E/QC-QMI  (  491): qmi_ctl_tx_msg: qmi_qmux_tx_msg failed
12-15 21:33:14.259 E/QC-QMI  (  491): qmi_ctl_handle_request: qmi_ctl_tx_msg call failed
12-15 21:33:14.260 E/QC-QMI  (  491): qmi_qmux_open_connection: connection is disabled for conn_id=29
12-15 21:33:14.260 E/QC-QMI  (  491): qmi_qmux_tx_msg: failed to open inactive connd_id=29
12-15 21:33:14.260 E/QC-QMI  (  491): qmi_qmux: TX failed, connection inactive or in reset, conn_id=29, status_flags=4
12-15 21:33:14.260 E/QC-QMI  (  491): qmi_ctl_tx_msg: qmi_qmux_tx_msg failed
12-15 21:33:14.260 E/QC-QMI  (  491): qmi_ctl_handle_request: qmi_ctl_tx_msg call failed
12-15 21:33:14.260 E/QC-QMI  (  491): qmi_qmux_open_connection: connection is disabled for conn_id=48
12-15 21:33:14.260 E/QC-QMI  (  491): qmi_qmux_tx_msg: failed to open inactive connd_id=48
12-15 21:33:14.260 E/QC-QMI  (  491): qmi_qmux: TX failed, connection inactive or in reset, conn_id=48, status_flags=4
12-15 21:33:14.260 E/QC-QMI  (  491): qmi_ctl_tx_msg: qmi_qmux_tx_msg failed
12-15 21:33:14.260 E/QC-QMI  (  491): qmi_ctl_handle_request: qmi_ctl_tx_msg call failed
12-15 21:33:14.261 E/QC-QMI  (  491): qmi_qmux_open_connection: connection is disabled for conn_id=48
12-15 21:33:14.261 E/QC-QMI  (  491): qmi_qmux_tx_msg: failed to open inactive connd_id=48
12-15 21:33:14.261 E/QC-QMI  (  491): qmi_qmux: TX failed, connection inactive or in reset, conn_id=48, status_flags=4
12-15 21:33:14.261 E/QC-QMI  (  491): qmi_ctl_tx_msg: qmi_qmux_tx_msg failed
12-15 21:33:14.261 E/QC-QMI  (  491): qmi_ctl_handle_request: qmi_ctl_tx_msg call failed
12-15 21:33:14.262 E/QC-QMI  (  491): qmi_qmux_open_connection: connection is disabled for conn_id=57
12-15 21:33:14.262 E/QC-QMI  (  491): qmi_qmux_tx_msg: failed to open inactive connd_id=57
12-15 21:33:14.262 E/QC-QMI  (  491): qmi_qmux: TX failed, connection inactive or in reset, conn_id=57, status_flags=4
12-15 21:33:14.262 E/QC-QMI  (  491): qmi_ctl_tx_msg: qmi_qmux_tx_msg failed
12-15 21:33:14.262 E/QC-QMI  (  491): qmi_ctl_handle_request: qmi_ctl_tx_msg call failed
12-15 21:33:14.263 E/QC-QMI  (  491): qmi_qmux_open_connection: connection is disabled for conn_id=57
12-15 21:33:14.263 E/QC-QMI  (  491): qmi_qmux_tx_msg: failed to open inactive connd_id=57
12-15 21:33:14.263 E/QC-QMI  (  491): qmi_qmux: TX failed, connection inactive or in reset, conn_id=57, status_flags=4
12-15 21:33:14.263 E/QC-QMI  (  491): qmi_ctl_tx_msg: qmi_qmux_tx_msg failed
12-15 21:33:14.263 E/QC-QMI  (  491): qmi_ctl_handle_request: qmi_ctl_tx_msg call failed
12-15 21:33:14.263 E/QC-QMI  (  491): qmi_qmux_open_connection: connection is disabled for conn_id=29
12-15 21:33:14.263 E/QC-QMI  (  491): qmi_qmux_tx_msg: failed to open inactive connd_id=29
12-15 21:33:14.264 E/QC-QMI  (  491): qmi_qmux: TX failed, connection inactive or in reset, conn_id=29, status_flags=4
12-15 21:33:14.264 E/QC-QMI  (  491): qmi_ctl_tx_msg: qmi_qmux_tx_msg failed
12-15 21:33:14.264 E/QC-QMI  (  491): qmi_ctl_handle_request: qmi_ctl_tx_msg call failed
12-15 21:33:14.264 E/QC-QMI  (  491): qmi_qmux_open_connection: connection is disabled for conn_id=29
12-15 21:33:14.264 E/QC-QMI  (  491): qmi_qmux_tx_msg: failed to open inactive connd_id=29
12-15 21:33:14.264 E/QC-QMI  (  491): qmi_qmux: TX failed, connection inactive or in reset, conn_id=29, status_flags=4
12-15 21:33:14.264 E/QC-QMI  (  491): qmi_ctl_tx_msg: qmi_qmux_tx_msg failed
12-15 21:33:14.264 E/QC-QMI  (  491): qmi_ctl_handle_request: qmi_ctl_tx_msg call failed
12-15 21:33:14.265 E/QC-QMI  (  491): qmi_qmux_open_connection: connection is disabled for conn_id=48
12-15 21:33:14.265 E/QC-QMI  (  491): qmi_qmux_tx_msg: failed to open inactive connd_id=48
12-15 21:33:14.265 E/QC-QMI  (  491): qmi_qmux: TX failed, connection inactive or in reset, conn_id=48, status_flags=4
12-15 21:33:14.265 E/QC-QMI  (  491): qmi_ctl_tx_msg: qmi_qmux_tx_msg failed
12-15 21:33:14.265 E/QC-QMI  (  491): qmi_ctl_handle_request: qmi_ctl_tx_msg call failed
12-15 21:33:14.266 E/QC-QMI  (  491): qmi_qmux_open_connection: connection is disabled for conn_id=48
12-15 21:33:14.266 E/QC-QMI  (  491): qmi_qmux_tx_msg: failed to open inactive connd_id=48
12-15 21:33:14.266 E/QC-QMI  (  491): qmi_qmux: TX failed, connection inactive or in reset, conn_id=48, status_flags=4
12-15 21:33:14.266 E/QC-QMI  (  491): qmi_ctl_tx_msg: qmi_qmux_tx_msg failed
12-15 21:33:14.266 E/QC-QMI  (  491): qmi_ctl_handle_request: qmi_ctl_tx_msg call failed
12-15 21:33:14.267 E/QC-QMI  (  491): qmi_qmux_open_connection: connection is disabled for conn_id=57
12-15 21:33:14.267 E/QC-QMI  (  491): qmi_qmux_tx_msg: failed to open inactive connd_id=57
12-15 21:33:14.267 E/QC-QMI  (  491): qmi_qmux: TX failed, connection inactive or in reset, conn_id=57, status_flags=4
12-15 21:33:14.267 E/QC-QMI  (  491): qmi_ctl_tx_msg: qmi_qmux_tx_msg failed
12-15 21:33:14.267 E/QC-QMI  (  491): qmi_ctl_handle_request: qmi_ctl_tx_msg call failed
12-15 21:33:14.268 E/QC-QMI  (  491): qmi_qmux_open_connection: connection is disabled for conn_id=57
12-15 21:33:14.268 E/QC-QMI  (  491): qmi_qmux_tx_msg: failed to open inactive connd_id=57
12-15 21:33:14.268 E/QC-QMI  (  491): qmi_qmux: TX failed, connection inactive or in reset, conn_id=57, status_flags=4
12-15 21:33:14.268 E/QC-QMI  (  491): qmi_ctl_tx_msg: qmi_qmux_tx_msg failed
12-15 21:33:14.268 E/QC-QMI  (  491): qmi_ctl_handle_request: qmi_ctl_tx_msg call failed
12-15 21:33:14.289 W/rild    ( 1553): type=1400 audit(0.0:51): avc: denied { search } for name="msm_subsys" dev="sysfs" ino=3661 scontext=u:r:rild:s0 tcontext=u:object_r:sysfs_ssr:s0 tclass=dir permissive=0
12-15 21:33:14.354 E/QC-QMI  (  491): qmi_qmux_open_connection: connection is disabled for conn_id=29
12-15 21:33:14.354 E/QC-QMI  (  491): qmi_qmux_tx_msg: failed to open inactive connd_id=29
12-15 21:33:14.354 E/QC-QMI  (  491): qmi_qmux: TX failed, connection inactive or in reset, conn_id=29, status_flags=4
12-15 21:33:14.354 E/QC-QMI  (  491): qmi_ctl_tx_msg: qmi_qmux_tx_msg failed
12-15 21:33:14.354 E/QC-QMI  (  491): qmi_ctl_handle_request: qmi_ctl_tx_msg call failed
12-15 21:33:14.355 E/QC-QMI  (  491): qmi_qmux_open_connection: connection is disabled for conn_id=29
12-15 21:33:14.355 E/QC-QMI  (  491): qmi_qmux_tx_msg: failed to open inactive connd_id=29
12-15 21:33:14.355 E/QC-QMI  (  491): qmi_qmux: TX failed, connection inactive or in reset, conn_id=29, status_flags=4
12-15 21:33:14.355 E/QC-QMI  (  491): qmi_ctl_tx_msg: qmi_qmux_tx_msg failed
12-15 21:33:14.355 E/QC-QMI  (  491): qmi_ctl_handle_request: qmi_ctl_tx_msg call failed
12-15 21:33:14.356 E/QC-QMI  (  491): qmi_qmux_open_connection: connection is disabled for conn_id=48
12-15 21:33:14.356 E/QC-QMI  (  491): qmi_qmux_tx_msg: failed to open inactive connd_id=48
12-15 21:33:14.356 E/QC-QMI  (  491): qmi_qmux: TX failed, connection inactive or in reset, conn_id=48, status_flags=4
12-15 21:33:14.356 E/QC-QMI  (  491): qmi_ctl_tx_msg: qmi_qmux_tx_msg failed
12-15 21:33:14.356 E/QC-QMI  (  491): qmi_ctl_handle_request: qmi_ctl_tx_msg call failed
12-15 21:33:14.356 E/QC-QMI  (  491): qmi_qmux_open_connection: connection is disabled for conn_id=48
12-15 21:33:14.357 E/QC-QMI  (  491): qmi_qmux_tx_msg: failed to open inactive connd_id=48
12-15 21:33:14.357 E/QC-QMI  (  491): qmi_qmux: TX failed, connection inactive or in reset, conn_id=48, status_flags=4
12-15 21:33:14.357 E/QC-QMI  (  491): qmi_ctl_tx_msg: qmi_qmux_tx_msg failed
12-15 21:33:14.357 E/QC-QMI  (  491): qmi_ctl_handle_request: qmi_ctl_tx_msg call failed
12-15 21:33:14.357 E/QC-QMI  (  491): qmi_qmux_open_connection: connection is disabled for conn_id=57
12-15 21:33:14.357 E/QC-QMI  (  491): qmi_qmux_tx_msg: failed to open inactive connd_id=57
12-15 21:33:14.357 E/QC-QMI  (  491): qmi_qmux: TX failed, connection inactive or in reset, conn_id=57, status_flags=4
12-15 21:33:14.357 E/QC-QMI  (  491): qmi_ctl_tx_msg: qmi_qmux_tx_msg failed
12-15 21:33:14.357 E/QC-QMI  (  491): qmi_ctl_handle_request: qmi_ctl_tx_msg call failed
12-15 21:33:14.359 E/QC-QMI  (  491): qmi_qmux_open_connection: connection is disabled for conn_id=57
12-15 21:33:14.359 E/QC-QMI  (  491): qmi_qmux_tx_msg: failed to open inactive connd_id=57
12-15 21:33:14.359 E/QC-QMI  (  491): qmi_qmux: TX failed, connection inactive or in reset, conn_id=57, status_flags=4
12-15 21:33:14.359 E/QC-QMI  (  491): qmi_ctl_tx_msg: qmi_qmux_tx_msg failed
12-15 21:33:14.359 E/QC-QMI  (  491): qmi_ctl_handle_request: qmi_ctl_tx_msg call failed
12-15 21:33:14.364 E/QC-QMI  (  491): qmi_qmux_open_connection: connection is disabled for conn_id=29
12-15 21:33:14.364 E/QC-QMI  (  491): qmi_qmux_tx_msg: failed to open inactive connd_id=29
12-15 21:33:14.364 E/QC-QMI  (  491): qmi_qmux: TX failed, connection inactive or in reset, conn_id=29, status_flags=4
12-15 21:33:14.364 E/QC-QMI  (  491): qmi_ctl_tx_msg: qmi_qmux_tx_msg failed
12-15 21:33:14.364 E/QC-QMI  (  491): qmi_ctl_handle_request: qmi_ctl_tx_msg call failed
12-15 21:33:14.365 E/QC-QMI  (  491): qmi_qmux_open_connection: connection is disabled for conn_id=29
12-15 21:33:14.365 E/QC-QMI  (  491): qmi_qmux_tx_msg: failed to open inactive connd_id=29
12-15 21:33:14.365 E/QC-QMI  (  491): qmi_qmux: TX failed, connection inactive or in reset, conn_id=29, status_flags=4
12-15 21:33:14.365 E/QC-QMI  (  491): qmi_ctl_tx_msg: qmi_qmux_tx_msg failed
12-15 21:33:14.365 E/QC-QMI  (  491): qmi_ctl_handle_request: qmi_ctl_tx_msg call failed
12-15 21:33:14.365 E/QC-QMI  (  491): qmi_qmux_open_connection: connection is disabled for conn_id=48
12-15 21:33:14.365 E/QC-QMI  (  491): qmi_qmux_tx_msg: failed to open inactive connd_id=48
12-15 21:33:14.365 E/QC-QMI  (  491): qmi_qmux: TX failed, connection inactive or in reset, conn_id=48, status_flags=4
12-15 21:33:14.365 E/QC-QMI  (  491): qmi_ctl_tx_msg: qmi_qmux_tx_msg failed
12-15 21:33:14.365 E/QC-QMI  (  491): qmi_ctl_handle_request: qmi_ctl_tx_msg call failed
12-15 21:33:14.366 E/QC-QMI  (  491): qmi_qmux_open_connection: connection is disabled for conn_id=48
12-15 21:33:14.366 E/QC-QMI  (  491): qmi_qmux_tx_msg: failed to open inactive connd_id=48
12-15 21:33:14.366 E/QC-QMI  (  491): qmi_qmux: TX failed, connection inactive or in reset, conn_id=48, status_flags=4
12-15 21:33:14.366 E/QC-QMI  (  491): qmi_ctl_tx_msg: qmi_qmux_tx_msg failed
12-15 21:33:14.366 E/QC-QMI  (  491): qmi_ctl_handle_request: qmi_ctl_tx_msg call failed
12-15 21:33:14.367 E/QC-QMI  (  491): qmi_qmux_open_connection: connection is disabled for conn_id=57
12-15 21:33:14.367 E/QC-QMI  (  491): qmi_qmux_tx_msg: failed to open inactive connd_id=57
12-15 21:33:14.367 E/QC-QMI  (  491): qmi_qmux: TX failed, connection inactive or in reset, conn_id=57, status_flags=4
12-15 21:33:14.367 E/QC-QMI  (  491): qmi_ctl_tx_msg: qmi_qmux_tx_msg failed
12-15 21:33:14.367 E/QC-QMI  (  491): qmi_ctl_handle_request: qmi_ctl_tx_msg call failed
12-15 21:33:14.368 E/QC-QMI  (  491): qmi_qmux_open_connection: connection is disabled for conn_id=57
12-15 21:33:14.368 E/QC-QMI  (  491): qmi_qmux_tx_msg: failed to open inactive connd_id=57
12-15 21:33:14.368 E/QC-QMI  (  491): qmi_qmux: TX failed, connection inactive or in reset, conn_id=57, status_flags=4
12-15 21:33:14.368 E/QC-QMI  (  491): qmi_ctl_tx_msg: qmi_qmux_tx_msg failed
12-15 21:33:14.368 E/QC-QMI  (  491): qmi_ctl_handle_request: qmi_ctl_tx_msg call failed
12-15 21:33:14.371 E/QC-QMI  (  491): qmi_qmux_open_connection: connection is disabled for conn_id=29
12-15 21:33:14.371 E/QC-QMI  (  491): qmi_qmux_tx_msg: failed to open inactive connd_id=29
12-15 21:33:14.371 E/QC-QMI  (  491): qmi_qmux: TX failed, connection inactive or in reset, conn_id=29, status_flags=4
12-15 21:33:14.371 E/QC-QMI  (  491): qmi_ctl_tx_msg: qmi_qmux_tx_msg failed
12-15 21:33:14.371 E/QC-QMI  (  491): qmi_ctl_handle_request: qmi_ctl_tx_msg call failed
12-15 21:33:14.372 E/QC-QMI  (  491): qmi_qmux_open_connection: connection is disabled for conn_id=29
12-15 21:33:14.372 E/QC-QMI  (  491): qmi_qmux_tx_msg: failed to open inactive connd_id=29
12-15 21:33:14.372 E/QC-QMI  (  491): qmi_qmux: TX failed, connection inactive or in reset, conn_id=29, status_flags=4
12-15 21:33:14.372 E/QC-QMI  (  491): qmi_ctl_tx_msg: qmi_qmux_tx_msg failed
12-15 21:33:14.372 E/QC-QMI  (  491): qmi_ctl_handle_request: qmi_ctl_tx_msg call failed
12-15 21:33:14.373 E/QC-QMI  (  491): qmi_qmux_open_connection: connection is disabled for conn_id=48
12-15 21:33:14.373 E/QC-QMI  (  491): qmi_qmux_tx_msg: failed to open inactive connd_id=48
12-15 21:33:14.373 E/QC-QMI  (  491): qmi_qmux: TX failed, connection inactive or in reset, conn_id=48, status_flags=4
12-15 21:33:14.373 E/QC-QMI  (  491): qmi_ctl_tx_msg: qmi_qmux_tx_msg failed
12-15 21:33:14.373 E/QC-QMI  (  491): qmi_ctl_handle_request: qmi_ctl_tx_msg call failed
12-15 21:33:14.374 E/QC-QMI  (  491): qmi_qmux_open_connection: connection is disabled for conn_id=48
12-15 21:33:14.374 E/QC-QMI  (  491): qmi_qmux_tx_msg: failed to open inactive connd_id=48
12-15 21:33:14.374 E/QC-QMI  (  491): qmi_qmux: TX failed, connection inactive or in reset, conn_id=48, status_flags=4
12-15 21:33:14.374 E/QC-QMI  (  491): qmi_ctl_tx_msg: qmi_qmux_tx_msg failed
12-15 21:33:14.374 E/QC-QMI  (  491): qmi_ctl_handle_request: qmi_ctl_tx_msg call failed
12-15 21:33:14.375 E/QC-QMI  (  491): qmi_qmux_open_connection: connection is disabled for conn_id=57
12-15 21:33:14.375 E/QC-QMI  (  491): qmi_qmux_tx_msg: failed to open inactive connd_id=57
12-15 21:33:14.375 E/QC-QMI  (  491): qmi_qmux: TX failed, connection inactive or in reset, conn_id=57, status_flags=4
12-15 21:33:14.375 E/QC-QMI  (  491): qmi_ctl_tx_msg: qmi_qmux_tx_msg failed
12-15 21:33:14.375 E/QC-QMI  (  491): qmi_ctl_handle_request: qmi_ctl_tx_msg call failed
12-15 21:33:14.375 E/QC-QMI  (  491): qmi_qmux_open_connection: connection is disabled for conn_id=57
12-15 21:33:14.375 E/QC-QMI  (  491): qmi_qmux_tx_msg: failed to open inactive connd_id=57
12-15 21:33:14.375 E/QC-QMI  (  491): qmi_qmux: TX failed, connection inactive or in reset, conn_id=57, status_flags=4
12-15 21:33:14.375 E/QC-QMI  (  491): qmi_ctl_tx_msg: qmi_qmux_tx_msg failed
12-15 21:33:14.376 E/QC-QMI  (  491): qmi_ctl_handle_request: qmi_ctl_tx_msg call failed
12-15 21:33:14.381 E/QC-QMI  (  491): qmi_qmux_open_connection: connection is disabled for conn_id=29
12-15 21:33:14.382 E/QC-QMI  (  491): qmi_qmux_tx_msg: failed to open inactive connd_id=29
12-15 21:33:14.382 E/QC-QMI  (  491): qmi_qmux: TX failed, connection inactive or in reset, conn_id=29, status_flags=4
12-15 21:33:14.382 E/QC-QMI  (  491): qmi_ctl_tx_msg: qmi_qmux_tx_msg failed
12-15 21:33:14.382 E/QC-QMI  (  491): qmi_ctl_handle_request: qmi_ctl_tx_msg call failed
12-15 21:33:14.382 E/QC-QMI  (  491): qmi_qmux_open_connection: connection is disabled for conn_id=29
12-15 21:33:14.382 E/QC-QMI  (  491): qmi_qmux_tx_msg: failed to open inactive connd_id=29
12-15 21:33:14.382 E/QC-QMI  (  491): qmi_qmux: TX failed, connection inactive or in reset, conn_id=29, status_flags=4
12-15 21:33:14.382 E/QC-QMI  (  491): qmi_ctl_tx_msg: qmi_qmux_tx_msg failed
12-15 21:33:14.383 E/QC-QMI  (  491): qmi_ctl_handle_request: qmi_ctl_tx_msg call failed
12-15 21:33:14.383 E/QC-QMI  (  491): qmi_qmux_open_connection: connection is disabled for conn_id=48
12-15 21:33:14.383 E/QC-QMI  (  491): qmi_qmux_tx_msg: failed to open inactive connd_id=48
12-15 21:33:14.383 E/QC-QMI  (  491): qmi_qmux: TX failed, connection inactive or in reset, conn_id=48, status_flags=4
12-15 21:33:14.383 E/QC-QMI  (  491): qmi_ctl_tx_msg: qmi_qmux_tx_msg failed
12-15 21:33:14.383 E/QC-QMI  (  491): qmi_ctl_handle_request: qmi_ctl_tx_msg call failed
12-15 21:33:14.385 E/QC-QMI  (  491): qmi_qmux_open_connection: connection is disabled for conn_id=48
12-15 21:33:14.385 E/QC-QMI  (  491): qmi_qmux_tx_msg: failed to open inactive connd_id=48
12-15 21:33:14.385 E/QC-QMI  (  491): qmi_qmux: TX failed, connection inactive or in reset, conn_id=48, status_flags=4
12-15 21:33:14.385 E/QC-QMI  (  491): qmi_ctl_tx_msg: qmi_qmux_tx_msg failed
12-15 21:33:14.385 E/QC-QMI  (  491): qmi_ctl_handle_request: qmi_ctl_tx_msg call failed
12-15 21:33:14.385 E/QC-QMI  (  491): qmi_qmux_open_connection: connection is disabled for conn_id=57
12-15 21:33:14.385 E/QC-QMI  (  491): qmi_qmux_tx_msg: failed to open inactive connd_id=57
12-15 21:33:14.385 E/QC-QMI  (  491): qmi_qmux: TX failed, connection inactive or in reset, conn_id=57, status_flags=4
12-15 21:33:14.386 E/QC-QMI  (  491): qmi_ctl_tx_msg: qmi_qmux_tx_msg failed
12-15 21:33:14.386 E/QC-QMI  (  491): qmi_ctl_handle_request: qmi_ctl_tx_msg call failed
12-15 21:33:14.386 E/QC-QMI  (  491): qmi_qmux_open_connection: connection is disabled for conn_id=57
12-15 21:33:14.386 E/QC-QMI  (  491): qmi_qmux_tx_msg: failed to open inactive connd_id=57
12-15 21:33:14.386 E/QC-QMI  (  491): qmi_qmux: TX failed, connection inactive or in reset, conn_id=57, status_flags=4
12-15 21:33:14.386 E/QC-QMI  (  491): qmi_ctl_tx_msg: qmi_qmux_tx_msg failed
12-15 21:33:14.386 E/QC-QMI  (  491): qmi_ctl_handle_request: qmi_ctl_tx_msg call failed
12-15 21:33:14.391 E/QC-QMI  (  491): qmi_qmux_open_connection: connection is disabled for conn_id=29
12-15 21:33:14.391 E/QC-QMI  (  491): qmi_qmux_tx_msg: failed to open inactive connd_id=29
12-15 21:33:14.391 E/QC-QMI  (  491): qmi_qmux: TX failed, connection inactive or in reset, conn_id=29, status_flags=4
12-15 21:33:14.391 E/QC-QMI  (  491): qmi_ctl_tx_msg: qmi_qmux_tx_msg failed
12-15 21:33:14.391 E/QC-QMI  (  491): qmi_ctl_handle_request: qmi_ctl_tx_msg call failed
12-15 21:33:14.392 E/QC-QMI  (  491): qmi_qmux_open_connection: connection is disabled for conn_id=29
12-15 21:33:14.392 E/QC-QMI  (  491): qmi_qmux_tx_msg: failed to open inactive connd_id=29
12-15 21:33:14.392 E/QC-QMI  (  491): qmi_qmux: TX failed, connection inactive or in reset, conn_id=29, status_flags=4
12-15 21:33:14.392 E/QC-QMI  (  491): qmi_ctl_tx_msg: qmi_qmux_tx_msg failed
12-15 21:33:14.392 E/QC-QMI  (  491): qmi_ctl_handle_request: qmi_ctl_tx_msg call failed
12-15 21:33:14.392 E/QC-QMI  (  491): qmi_qmux_open_connection: connection is disabled for conn_id=48
12-15 21:33:14.392 E/QC-QMI  (  491): qmi_qmux_tx_msg: failed to open inactive connd_id=48
12-15 21:33:14.392 E/QC-QMI  (  491): qmi_qmux: TX failed, connection inactive or in reset, conn_id=48, status_flags=4
12-15 21:33:14.392 E/QC-QMI  (  491): qmi_ctl_tx_msg: qmi_qmux_tx_msg failed
12-15 21:33:14.392 E/QC-QMI  (  491): qmi_ctl_handle_request: qmi_ctl_tx_msg call failed
12-15 21:33:14.393 E/QC-QMI  (  491): qmi_qmux_open_connection: connection is disabled for conn_id=48
12-15 21:33:14.393 E/QC-QMI  (  491): qmi_qmux_tx_msg: failed to open inactive connd_id=48
12-15 21:33:14.393 E/QC-QMI  (  491): qmi_qmux: TX failed, connection inactive or in reset, conn_id=48, status_flags=4
12-15 21:33:14.393 E/QC-QMI  (  491): qmi_ctl_tx_msg: qmi_qmux_tx_msg failed
12-15 21:33:14.393 E/QC-QMI  (  491): qmi_ctl_handle_request: qmi_ctl_tx_msg call failed
12-15 21:33:14.394 E/QC-QMI  (  491): qmi_qmux_open_connection: connection is disabled for conn_id=57
12-15 21:33:14.394 E/QC-QMI  (  491): qmi_qmux_tx_msg: failed to open inactive connd_id=57
12-15 21:33:14.394 E/QC-QMI  (  491): qmi_qmux: TX failed, connection inactive or in reset, conn_id=57, status_flags=4
12-15 21:33:14.394 E/QC-QMI  (  491): qmi_ctl_tx_msg: qmi_qmux_tx_msg failed
12-15 21:33:14.394 E/QC-QMI  (  491): qmi_ctl_handle_request: qmi_ctl_tx_msg call failed
12-15 21:33:14.394 E/QC-QMI  (  491): qmi_qmux_open_connection: connection is disabled for conn_id=57
12-15 21:33:14.394 E/QC-QMI  (  491): qmi_qmux_tx_msg: failed to open inactive connd_id=57
12-15 21:33:14.394 E/QC-QMI  (  491): qmi_qmux: TX failed, connection inactive or in reset, conn_id=57, status_flags=4
12-15 21:33:14.394 E/QC-QMI  (  491): qmi_ctl_tx_msg: qmi_qmux_tx_msg failed
12-15 21:33:14.394 E/QC-QMI  (  491): qmi_ctl_handle_request: qmi_ctl_tx_msg call failed
12-15 21:33:14.400 E/QC-QMI  (  491): qmi_qmux_open_connection: connection is disabled for conn_id=29
12-15 21:33:14.400 E/QC-QMI  (  491): qmi_qmux_tx_msg: failed to open inactive connd_id=29
12-15 21:33:14.400 E/QC-QMI  (  491): qmi_qmux: TX failed, connection inactive or in reset, conn_id=29, status_flags=4
12-15 21:33:14.400 E/QC-QMI  (  491): qmi_ctl_tx_msg: qmi_qmux_tx_msg failed
12-15 21:33:14.400 E/QC-QMI  (  491): qmi_ctl_handle_request: qmi_ctl_tx_msg call failed
12-15 21:33:14.401 E/QC-QMI  (  491): qmi_qmux_open_connection: connection is disabled for conn_id=29
12-15 21:33:14.401 E/QC-QMI  (  491): qmi_qmux_tx_msg: failed to open inactive connd_id=29
12-15 21:33:14.401 E/QC-QMI  (  491): qmi_qmux: TX failed, connection inactive or in reset, conn_id=29, status_flags=4
12-15 21:33:14.401 E/QC-QMI  (  491): qmi_ctl_tx_msg: qmi_qmux_tx_msg failed
12-15 21:33:14.401 E/QC-QMI  (  491): qmi_ctl_handle_request: qmi_ctl_tx_msg call failed
12-15 21:33:14.401 E/QC-QMI  (  491): qmi_qmux_open_connection: connection is disabled for conn_id=48
12-15 21:33:14.402 E/QC-QMI  (  491): qmi_qmux_tx_msg: failed to open inactive connd_id=48
12-15 21:33:14.402 E/QC-QMI  (  491): qmi_qmux: TX failed, connection inactive or in reset, conn_id=48, status_flags=4
12-15 21:33:14.402 E/QC-QMI  (  491): qmi_ctl_tx_msg: qmi_qmux_tx_msg failed
12-15 21:33:14.402 E/QC-QMI  (  491): qmi_ctl_handle_request: qmi_ctl_tx_msg call failed
12-15 21:33:14.402 E/QC-QMI  (  491): qmi_qmux_open_connection: connection is disabled for conn_id=48
12-15 21:33:14.402 E/QC-QMI  (  491): qmi_qmux_tx_msg: failed to open inactive connd_id=48
12-15 21:33:14.402 E/QC-QMI  (  491): qmi_qmux: TX failed, connection inactive or in reset, conn_id=48, status_flags=4
12-15 21:33:14.403 E/QC-QMI  (  491): qmi_ctl_tx_msg: qmi_qmux_tx_msg failed
12-15 21:33:14.403 E/QC-QMI  (  491): qmi_ctl_handle_request: qmi_ctl_tx_msg call failed
12-15 21:33:14.403 E/QC-QMI  (  491): qmi_qmux_open_connection: connection is disabled for conn_id=57
12-15 21:33:14.403 E/QC-QMI  (  491): qmi_qmux_tx_msg: failed to open inactive connd_id=57
12-15 21:33:14.403 E/QC-QMI  (  491): qmi_qmux: TX failed, connection inactive or in reset, conn_id=57, status_flags=4
12-15 21:33:14.403 E/QC-QMI  (  491): qmi_ctl_tx_msg: qmi_qmux_tx_msg failed
12-15 21:33:14.403 E/QC-QMI  (  491): qmi_ctl_handle_request: qmi_ctl_tx_msg call failed
12-15 21:33:14.404 E/QC-QMI  (  491): qmi_qmux_open_connection: connection is disabled for conn_id=57
12-15 21:33:14.404 E/QC-QMI  (  491): qmi_qmux_tx_msg: failed to open inactive connd_id=57
12-15 21:33:14.404 E/QC-QMI  (  491): qmi_qmux: TX failed, connection inactive or in reset, conn_id=57, status_flags=4
12-15 21:33:14.404 E/QC-QMI  (  491): qmi_ctl_tx_msg: qmi_qmux_tx_msg failed
12-15 21:33:14.404 E/QC-QMI  (  491): qmi_ctl_handle_request: qmi_ctl_tx_msg call failed
12-15 21:33:14.404 E/QC-QMI  (  491): qmi_qmux_open_connection: connection is disabled for conn_id=29
12-15 21:33:14.404 E/QC-QMI  (  491): qmi_qmux_tx_msg: failed to open inactive connd_id=29
12-15 21:33:14.405 E/QC-QMI  (  491): qmi_qmux: TX failed, connection inactive or in reset, conn_id=29, status_flags=4
12-15 21:33:14.405 E/QC-QMI  (  491): qmi_ctl_tx_msg: qmi_qmux_tx_msg failed
12-15 21:33:14.405 E/QC-QMI  (  491): qmi_ctl_handle_request: qmi_ctl_tx_msg call failed
12-15 21:33:14.406 E/QC-QMI  (  491): qmi_qmux_open_connection: connection is disabled for conn_id=29
12-15 21:33:14.406 E/QC-QMI  (  491): qmi_qmux_tx_msg: failed to open inactive connd_id=29
12-15 21:33:14.406 E/QC-QMI  (  491): qmi_qmux: TX failed, connection inactive or in reset, conn_id=29, status_flags=4
12-15 21:33:14.406 E/QC-QMI  (  491): qmi_ctl_tx_msg: qmi_qmux_tx_msg failed
12-15 21:33:14.406 E/QC-QMI  (  491): qmi_ctl_handle_request: qmi_ctl_tx_msg call failed
12-15 21:33:14.414 E/QC-QMI  (  491): qmi_qmux_open_connection: connection is disabled for conn_id=48
12-15 21:33:14.414 E/QC-QMI  (  491): qmi_qmux_tx_msg: failed to open inactive connd_id=48
12-15 21:33:14.414 E/QC-QMI  (  491): qmi_qmux: TX failed, connection inactive or in reset, conn_id=48, status_flags=4
12-15 21:33:14.414 E/QC-QMI  (  491): qmi_ctl_tx_msg: qmi_qmux_tx_msg failed
12-15 21:33:14.414 E/QC-QMI  (  491): qmi_ctl_handle_request: qmi_ctl_tx_msg call failed
12-15 21:33:14.414 E/QC-QMI  (  491): qmi_qmux_open_connection: connection is disabled for conn_id=48
12-15 21:33:14.414 E/QC-QMI  (  491): qmi_qmux_tx_msg: failed to open inactive connd_id=48
12-15 21:33:14.414 E/QC-QMI  (  491): qmi_qmux: TX failed, connection inactive or in reset, conn_id=48, status_flags=4
12-15 21:33:14.414 E/QC-QMI  (  491): qmi_ctl_tx_msg: qmi_qmux_tx_msg failed
12-15 21:33:14.414 E/QC-QMI  (  491): qmi_ctl_handle_request: qmi_ctl_tx_msg call failed
12-15 21:33:14.415 E/QC-QMI  (  491): qmi_qmux_open_connection: connection is disabled for conn_id=57
12-15 21:33:14.415 E/QC-QMI  (  491): qmi_qmux_tx_msg: failed to open inactive connd_id=57
12-15 21:33:14.415 E/QC-QMI  (  491): qmi_qmux: TX failed, connection inactive or in reset, conn_id=57, status_flags=4
12-15 21:33:14.415 E/QC-QMI  (  491): qmi_ctl_tx_msg: qmi_qmux_tx_msg failed
12-15 21:33:14.415 E/slim_daemon(  572): [NDK] bindNDKSensors: Sensor server is unavailable.
12-15 21:33:14.415 E/QC-QMI  (  491): qmi_ctl_handle_request: qmi_ctl_tx_msg call failed
12-15 21:33:14.416 E/QC-QMI  (  491): qmi_qmux_open_connection: connection is disabled for conn_id=57
12-15 21:33:14.416 E/QC-QMI  (  491): qmi_qmux_tx_msg: failed to open inactive connd_id=57
12-15 21:33:14.417 E/QC-QMI  (  491): qmi_qmux: TX failed, connection inactive or in reset, conn_id=57, status_flags=4
12-15 21:33:14.417 E/QC-QMI  (  491): qmi_ctl_tx_msg: qmi_qmux_tx_msg failed
12-15 21:33:14.417 E/QC-QMI  (  491): qmi_ctl_handle_request: qmi_ctl_tx_msg call failed
12-15 21:33:14.420 E/QC-QMI  (  491): qmi_qmux_open_connection: connection is disabled for conn_id=29
12-15 21:33:14.420 E/QC-QMI  (  491): qmi_qmux_tx_msg: failed to open inactive connd_id=29
12-15 21:33:14.420 E/QC-QMI  (  491): qmi_qmux: TX failed, connection inactive or in reset, conn_id=29, status_flags=4
12-15 21:33:14.420 E/QC-QMI  (  491): qmi_ctl_tx_msg: qmi_qmux_tx_msg failed
12-15 21:33:14.420 E/QC-QMI  (  491): qmi_ctl_handle_request: qmi_ctl_tx_msg call failed
12-15 21:33:14.422 E/QC-QMI  (  491): qmi_qmux_open_connection: connection is disabled for conn_id=29
12-15 21:33:14.422 E/QC-QMI  (  491): qmi_qmux_tx_msg: failed to open inactive connd_id=29
12-15 21:33:14.422 E/QC-QMI  (  491): qmi_qmux: TX failed, connection inactive or in reset, conn_id=29, status_flags=4
12-15 21:33:14.422 E/QC-QMI  (  491): qmi_ctl_tx_msg: qmi_qmux_tx_msg failed
12-15 21:33:14.422 E/QC-QMI  (  491): qmi_ctl_handle_request: qmi_ctl_tx_msg call failed
12-15 21:33:14.423 E/QC-QMI  (  491): qmi_qmux_open_connection: connection is disabled for conn_id=48
12-15 21:33:14.423 E/QC-QMI  (  491): qmi_qmux_tx_msg: failed to open inactive connd_id=48
12-15 21:33:14.423 E/QC-QMI  (  491): qmi_qmux: TX failed, connection inactive or in reset, conn_id=48, status_flags=4
12-15 21:33:14.423 E/QC-QMI  (  491): qmi_ctl_tx_msg: qmi_qmux_tx_msg failed
12-15 21:33:14.423 E/QC-QMI  (  491): qmi_ctl_handle_request: qmi_ctl_tx_msg call failed
12-15 21:33:14.425 E/QC-QMI  (  491): qmi_qmux_open_connection: connection is disabled for conn_id=48
12-15 21:33:14.425 E/QC-QMI  (  491): qmi_qmux_tx_msg: failed to open inactive connd_id=48
12-15 21:33:14.425 E/QC-QMI  (  491): qmi_qmux: TX failed, connection inactive or in reset, conn_id=48, status_flags=4
12-15 21:33:14.425 E/QC-QMI  (  491): qmi_ctl_tx_msg: qmi_qmux_tx_msg failed
12-15 21:33:14.425 E/QC-QMI  (  491): qmi_ctl_handle_request: qmi_ctl_tx_msg call failed
12-15 21:33:14.427 E/QC-QMI  (  491): qmi_qmux_open_connection: connection is disabled for conn_id=57
12-15 21:33:14.427 E/QC-QMI  (  491): qmi_qmux_tx_msg: failed to open inactive connd_id=57
12-15 21:33:14.427 E/QC-QMI  (  491): qmi_qmux: TX failed, connection inactive or in reset, conn_id=57, status_flags=4
12-15 21:33:14.427 E/QC-QMI  (  491): qmi_ctl_tx_msg: qmi_qmux_tx_msg failed
12-15 21:33:14.427 E/QC-QMI  (  491): qmi_ctl_handle_request: qmi_ctl_tx_msg call failed
12-15 21:33:14.428 E/QC-QMI  (  491): qmi_qmux_open_connection: connection is disabled for conn_id=57
12-15 21:33:14.428 E/QC-QMI  (  491): qmi_qmux_tx_msg: failed to open inactive connd_id=57
12-15 21:33:14.428 E/QC-QMI  (  491): qmi_qmux: TX failed, connection inactive or in reset, conn_id=57, status_flags=4
12-15 21:33:14.428 E/QC-QMI  (  491): qmi_ctl_tx_msg: qmi_qmux_tx_msg failed
12-15 21:33:14.428 E/QC-QMI  (  491): qmi_ctl_handle_request: qmi_ctl_tx_msg call failed
12-15 21:33:14.429 E/QC-QMI  (  491): qmi_qmux_open_connection: connection is disabled for conn_id=29
12-15 21:33:14.429 E/QC-QMI  (  491): qmi_qmux_tx_msg: failed to open inactive connd_id=29
12-15 21:33:14.429 E/QC-QMI  (  491): qmi_qmux: TX failed, connection inactive or in reset, conn_id=29, status_flags=4
12-15 21:33:14.429 E/QC-QMI  (  491): qmi_ctl_tx_msg: qmi_qmux_tx_msg failed
12-15 21:33:14.429 E/QC-QMI  (  491): qmi_ctl_handle_request: qmi_ctl_tx_msg call failed
12-15 21:33:14.431 E/QC-QMI  (  491): qmi_qmux_open_connection: connection is disabled for conn_id=29
12-15 21:33:14.431 E/QC-QMI  (  491): qmi_qmux_tx_msg: failed to open inactive connd_id=29
12-15 21:33:14.431 E/QC-QMI  (  491): qmi_qmux: TX failed, connection inactive or in reset, conn_id=29, status_flags=4
12-15 21:33:14.431 E/QC-QMI  (  491): qmi_ctl_tx_msg: qmi_qmux_tx_msg failed
12-15 21:33:14.432 E/QC-QMI  (  491): qmi_ctl_handle_request: qmi_ctl_tx_msg call failed
12-15 21:33:14.432 E/QC-QMI  (  491): qmi_qmux_open_connection: connection is disabled for conn_id=48
12-15 21:33:14.432 E/QC-QMI  (  491): qmi_qmux_tx_msg: failed to open inactive connd_id=48
12-15 21:33:14.433 E/QC-QMI  (  491): qmi_qmux: TX failed, connection inactive or in reset, conn_id=48, status_flags=4
12-15 21:33:14.433 E/QC-QMI  (  491): qmi_ctl_tx_msg: qmi_qmux_tx_msg failed
12-15 21:33:14.433 E/QC-QMI  (  491): qmi_ctl_handle_request: qmi_ctl_tx_msg call failed
12-15 21:33:14.433 E/QC-QMI  (  491): qmi_qmux_open_connection: connection is disabled for conn_id=48
12-15 21:33:14.433 E/QC-QMI  (  491): qmi_qmux_tx_msg: failed to open inactive connd_id=48
12-15 21:33:14.433 E/QC-QMI  (  491): qmi_qmux: TX failed, connection inactive or in reset, conn_id=48, status_flags=4
12-15 21:33:14.433 E/QC-QMI  (  491): qmi_ctl_tx_msg: qmi_qmux_tx_msg failed
12-15 21:33:14.433 E/QC-QMI  (  491): qmi_ctl_handle_request: qmi_ctl_tx_msg call failed
12-15 21:33:14.436 E/QC-QMI  (  491): qmi_qmux_open_connection: connection is disabled for conn_id=57
12-15 21:33:14.436 E/QC-QMI  (  491): qmi_qmux_tx_msg: failed to open inactive connd_id=57
12-15 21:33:14.436 E/QC-QMI  (  491): qmi_qmux: TX failed, connection inactive or in reset, conn_id=57, status_flags=4
12-15 21:33:14.436 E/QC-QMI  (  491): qmi_ctl_tx_msg: qmi_qmux_tx_msg failed
12-15 21:33:14.436 E/QC-QMI  (  491): qmi_ctl_handle_request: qmi_ctl_tx_msg call failed
12-15 21:33:14.437 E/QC-QMI  (  491): qmi_qmux_open_connection: connection is disabled for conn_id=57
12-15 21:33:14.437 E/QC-QMI  (  491): qmi_qmux_tx_msg: failed to open inactive connd_id=57
12-15 21:33:14.437 E/QC-QMI  (  491): qmi_qmux: TX failed, connection inactive or in reset, conn_id=57, status_flags=4
12-15 21:33:14.437 E/QC-QMI  (  491): qmi_ctl_tx_msg: qmi_qmux_tx_msg failed
12-15 21:33:14.437 E/QC-QMI  (  491): qmi_ctl_handle_request: qmi_ctl_tx_msg call failed
12-15 21:33:14.442 E/QC-QMI  (  491): qmi_qmux_open_connection: connection is disabled for conn_id=29
12-15 21:33:14.442 E/QC-QMI  (  491): qmi_qmux_tx_msg: failed to open inactive connd_id=29
12-15 21:33:14.442 E/QC-QMI  (  491): qmi_qmux: TX failed, connection inactive or in reset, conn_id=29, status_flags=4
12-15 21:33:14.442 E/QC-QMI  (  491): qmi_ctl_tx_msg: qmi_qmux_tx_msg failed
12-15 21:33:14.442 E/QC-QMI  (  491): qmi_ctl_handle_request: qmi_ctl_tx_msg call failed
12-15 21:33:14.442 E/mm-camera-intf(  486): mm_camera_open:Failed with Connection timed out error, retrying after 20 milli-seconds
12-15 21:33:14.442 E/QC-QMI  (  491): qmi_qmux_open_connection: connection is disabled for conn_id=29
12-15 21:33:14.443 E/QC-QMI  (  491): qmi_qmux_tx_msg: failed to open inactive connd_id=29
12-15 21:33:14.443 E/QC-QMI  (  491): qmi_qmux: TX failed, connection inactive or in reset, conn_id=29, status_flags=4
12-15 21:33:14.443 E/QC-QMI  (  491): qmi_ctl_tx_msg: qmi_qmux_tx_msg failed
12-15 21:33:14.443 E/QC-QMI  (  491): qmi_ctl_handle_request: qmi_ctl_tx_msg call failed
12-15 21:33:14.445 E/QC-QMI  (  491): qmi_qmux_open_connection: connection is disabled for conn_id=48
12-15 21:33:14.445 E/QC-QMI  (  491): qmi_qmux_tx_msg: failed to open inactive connd_id=48
12-15 21:33:14.445 E/QC-QMI  (  491): qmi_qmux: TX failed, connection inactive or in reset, conn_id=48, status_flags=4
12-15 21:33:14.445 E/QC-QMI  (  491): qmi_ctl_tx_msg: qmi_qmux_tx_msg failed
12-15 21:33:14.445 E/QC-QMI  (  491): qmi_ctl_handle_request: qmi_ctl_tx_msg call failed
12-15 21:33:14.446 E/QC-QMI  (  491): qmi_qmux_open_connection: connection is disabled for conn_id=48
12-15 21:33:14.446 E/QC-QMI  (  491): qmi_qmux_tx_msg: failed to open inactive connd_id=48
12-15 21:33:14.446 E/QC-QMI  (  491): qmi_qmux: TX failed, connection inactive or in reset, conn_id=48, status_flags=4
12-15 21:33:14.446 E/QC-QMI  (  491): qmi_ctl_tx_msg: qmi_qmux_tx_msg failed
12-15 21:33:14.446 E/QC-QMI  (  491): qmi_ctl_handle_request: qmi_ctl_tx_msg call failed
12-15 21:33:14.447 E/QC-QMI  (  491): qmi_qmux_open_connection: connection is disabled for conn_id=57
12-15 21:33:14.447 E/QC-QMI  (  491): qmi_qmux_tx_msg: failed to open inactive connd_id=57
12-15 21:33:14.447 E/QC-QMI  (  491): qmi_qmux: TX failed, connection inactive or in reset, conn_id=57, status_flags=4
12-15 21:33:14.447 E/QC-QMI  (  491): qmi_ctl_tx_msg: qmi_qmux_tx_msg failed
12-15 21:33:14.447 E/QC-QMI  (  491): qmi_ctl_handle_request: qmi_ctl_tx_msg call failed
12-15 21:33:14.448 E/QC-QMI  (  491): qmi_qmux_open_connection: connection is disabled for conn_id=57
12-15 21:33:14.448 E/QC-QMI  (  491): qmi_qmux_tx_msg: failed to open inactive connd_id=57
12-15 21:33:14.448 E/QC-QMI  (  491): qmi_qmux: TX failed, connection inactive or in reset, conn_id=57, status_flags=4
12-15 21:33:14.448 E/QC-QMI  (  491): qmi_ctl_tx_msg: qmi_qmux_tx_msg failed
12-15 21:33:14.448 E/QC-QMI  (  491): qmi_ctl_handle_request: qmi_ctl_tx_msg call failed
12-15 21:33:14.451 E/QC-QMI  (  491): qmi_qmux_open_connection: connection is disabled for conn_id=29
12-15 21:33:14.451 E/QC-QMI  (  491): qmi_qmux_tx_msg: failed to open inactive connd_id=29
12-15 21:33:14.451 E/QC-QMI  (  491): qmi_qmux: TX failed, connection inactive or in reset, conn_id=29, status_flags=4
12-15 21:33:14.451 E/QC-QMI  (  491): qmi_ctl_tx_msg: qmi_qmux_tx_msg failed
12-15 21:33:14.451 E/QC-QMI  (  491): qmi_ctl_handle_request: qmi_ctl_tx_msg call failed
12-15 21:33:14.452 E/QC-QMI  (  491): qmi_qmux_open_connection: connection is disabled for conn_id=29
12-15 21:33:14.452 E/QC-QMI  (  491): qmi_qmux_tx_msg: failed to open inactive connd_id=29
12-15 21:33:14.452 E/QC-QMI  (  491): qmi_qmux: TX failed, connection inactive or in reset, conn_id=29, status_flags=4
12-15 21:33:14.453 E/QC-QMI  (  491): qmi_ctl_tx_msg: qmi_qmux_tx_msg failed
12-15 21:33:14.453 E/QC-QMI  (  491): qmi_ctl_handle_request: qmi_ctl_tx_msg call failed
12-15 21:33:14.453 E/QC-QMI  (  491): qmi_qmux_open_connection: connection is disabled for conn_id=48
12-15 21:33:14.454 E/QC-QMI  (  491): qmi_qmux_tx_msg: failed to open inactive connd_id=48
12-15 21:33:14.454 E/QC-QMI  (  491): qmi_qmux: TX failed, connection inactive or in reset, conn_id=48, status_flags=4
12-15 21:33:14.454 E/QC-QMI  (  491): qmi_ctl_tx_msg: qmi_qmux_tx_msg failed
12-15 21:33:14.454 E/QC-QMI  (  491): qmi_ctl_handle_request: qmi_ctl_tx_msg call failed
12-15 21:33:14.455 E/QC-QMI  (  491): qmi_qmux_open_connection: connection is disabled for conn_id=48
12-15 21:33:14.455 E/QC-QMI  (  491): qmi_qmux_tx_msg: failed to open inactive connd_id=48
12-15 21:33:14.455 E/QC-QMI  (  491): qmi_qmux: TX failed, connection inactive or in reset, conn_id=48, status_flags=4
12-15 21:33:14.455 E/QC-QMI  (  491): qmi_ctl_tx_msg: qmi_qmux_tx_msg failed
12-15 21:33:14.455 E/QC-QMI  (  491): qmi_ctl_handle_request: qmi_ctl_tx_msg call failed
12-15 21:33:14.456 E/QC-QMI  (  491): qmi_qmux_open_connection: connection is disabled for conn_id=57
12-15 21:33:14.456 E/QC-QMI  (  491): qmi_qmux_tx_msg: failed to open inactive connd_id=57
12-15 21:33:14.456 E/QC-QMI  (  491): qmi_qmux: TX failed, connection inactive or in reset, conn_id=57, status_flags=4
12-15 21:33:14.456 E/QC-QMI  (  491): qmi_ctl_tx_msg: qmi_qmux_tx_msg failed
12-15 21:33:14.456 E/QC-QMI  (  491): qmi_ctl_handle_request: qmi_ctl_tx_msg call failed
12-15 21:33:14.457 E/QC-QMI  (  491): qmi_qmux_open_connection: connection is disabled for conn_id=57
12-15 21:33:14.457 E/QC-QMI  (  491): qmi_qmux_tx_msg: failed to open inactive connd_id=57
12-15 21:33:14.457 E/QC-QMI  (  491): qmi_qmux: TX failed, connection inactive or in reset, conn_id=57, status_flags=4
12-15 21:33:14.457 E/QC-QMI  (  491): qmi_ctl_tx_msg: qmi_qmux_tx_msg failed
12-15 21:33:14.457 E/QC-QMI  (  491): qmi_ctl_handle_request: qmi_ctl_tx_msg call failed
12-15 21:33:14.458 E/QC-QMI  (  491): qmi_qmux_open_connection: connection is disabled for conn_id=29
12-15 21:33:14.458 E/QC-QMI  (  491): qmi_qmux_tx_msg: failed to open inactive connd_id=29
12-15 21:33:14.458 E/QC-QMI  (  491): qmi_qmux: TX failed, connection inactive or in reset, conn_id=29, status_flags=4
12-15 21:33:14.458 E/QC-QMI  (  491): qmi_ctl_tx_msg: qmi_qmux_tx_msg failed
12-15 21:33:14.458 E/QC-QMI  (  491): qmi_ctl_handle_request: qmi_ctl_tx_msg call failed
12-15 21:33:14.458 E/QC-QMI  (  491): qmi_qmux_open_connection: connection is disabled for conn_id=29
12-15 21:33:14.458 E/QC-QMI  (  491): qmi_qmux_tx_msg: failed to open inactive connd_id=29
12-15 21:33:14.459 E/QC-QMI  (  491): qmi_qmux: TX failed, connection inactive or in reset, conn_id=29, status_flags=4
12-15 21:33:14.459 E/QC-QMI  (  491): qmi_ctl_tx_msg: qmi_qmux_tx_msg failed
12-15 21:33:14.459 E/QC-QMI  (  491): qmi_ctl_handle_request: qmi_ctl_tx_msg call failed
12-15 21:33:14.460 E/QC-QMI  (  491): qmi_qmux_open_connection: connection is disabled for conn_id=48
12-15 21:33:14.460 E/QC-QMI  (  491): qmi_qmux_tx_msg: failed to open inactive connd_id=48
12-15 21:33:14.460 E/QC-QMI  (  491): qmi_qmux: TX failed, connection inactive or in reset, conn_id=48, status_flags=4
12-15 21:33:14.460 E/QC-QMI  (  491): qmi_ctl_tx_msg: qmi_qmux_tx_msg failed
12-15 21:33:14.460 E/QC-QMI  (  491): qmi_ctl_handle_request: qmi_ctl_tx_msg call failed
12-15 21:33:14.460 E/QC-QMI  (  491): qmi_qmux_open_connection: connection is disabled for conn_id=48
12-15 21:33:14.460 E/QC-QMI  (  491): qmi_qmux_tx_msg: failed to open inactive connd_id=48
12-15 21:33:14.460 E/QC-QMI  (  491): qmi_qmux: TX failed, connection inactive or in reset, conn_id=48, status_flags=4
12-15 21:33:14.461 E/QC-QMI  (  491): qmi_ctl_tx_msg: qmi_qmux_tx_msg failed
12-15 21:33:14.461 E/QC-QMI  (  491): qmi_ctl_handle_request: qmi_ctl_tx_msg call failed
12-15 21:33:14.461 E/QC-QMI  (  491): qmi_qmux_open_connection: connection is disabled for conn_id=57
12-15 21:33:14.461 E/QC-QMI  (  491): qmi_qmux_tx_msg: failed to open inactive connd_id=57
12-15 21:33:14.461 E/QC-QMI  (  491): qmi_qmux: TX failed, connection inactive or in reset, conn_id=57, status_flags=4
12-15 21:33:14.461 E/QC-QMI  (  491): qmi_ctl_tx_msg: qmi_qmux_tx_msg failed
12-15 21:33:14.461 E/QC-QMI  (  491): qmi_ctl_handle_request: qmi_ctl_tx_msg call failed
12-15 21:33:14.462 E/QC-QMI  (  491): qmi_qmux_open_connection: connection is disabled for conn_id=57
12-15 21:33:14.462 E/QC-QMI  (  491): qmi_qmux_tx_msg: failed to open inactive connd_id=57
12-15 21:33:14.462 E/QC-QMI  (  491): qmi_qmux: TX failed, connection inactive or in reset, conn_id=57, status_flags=4
12-15 21:33:14.462 E/QC-QMI  (  491): qmi_ctl_tx_msg: qmi_qmux_tx_msg failed
12-15 21:33:14.462 E/QC-QMI  (  491): qmi_ctl_handle_request: qmi_ctl_tx_msg call failed
12-15 21:33:14.474 E/mm-camera-img(  508): module_imglib_start_session:1778 ###Img_Loglevel 1
12-15 21:33:14.474 W/PackageManager(  882): Permission com.android.chrome.permission.DEBUG from package com.android.chrome in an unknown group android.permission-group.DEVELOPMENT_TOOLS
12-15 21:33:14.469 W/rild    (  659): type=1400 audit(0.0:52): avc: denied { read write } for name="diag" dev="tmpfs" ino=10582 scontext=u:r:rild:s0 tcontext=u:object_r:diag_device:s0 tclass=chr_file permissive=0
12-15 21:33:14.469 W/rild    (  659): type=1400 audit(0.0:53): avc: denied { read write } for name="diag" dev="tmpfs" ino=10582 scontext=u:r:rild:s0 tcontext=u:object_r:diag_device:s0 tclass=chr_file permissive=0
12-15 21:33:14.479 E/Diag_Lib(  484):  Diag_LSM_Init: Failed to open handle to diag driver, error = 13
12-15 21:33:14.479 E/Diag_Lib(  484):  Diag_LSM_Init: Failed to open handle to diag driver, error = 13
12-15 21:33:14.479 E/mm-camera-isp2(  508): isp_module_start_session:360 num_session_opened 1
12-15 21:33:14.480 E/Diag_Lib(  484):  Diag_LSM_Init: Failed to open handle to diag driver, error = 13
12-15 21:33:14.481 E/mm-camera(  508): q3a_port_init:1753  q3a_port_init: 3A VERSION --> 4.1.0.r9
12-15 21:33:14.469 W/rild    (  659): type=1400 audit(0.0:54): avc: denied { read write } for name="diag" dev="tmpfs" ino=10582 scontext=u:r:rild:s0 tcontext=u:object_r:diag_device:s0 tclass=chr_file permissive=0
12-15 21:33:14.498 E/libaprpmem(  508): 
12-15 21:33:14.498 E/libaprpmem(  508):  Ion allocation success virtaddr : ret=4033384448 fd=42 heapid=33554432
12-15 21:33:14.504 E/libaprpmem(  508): 
12-15 21:33:14.504 E/libaprpmem(  508):  Ion allocation success virtaddr : ret=4029415424 fd=43 heapid=33554432
12-15 21:33:14.512 E/libaprpmem(  508): 
12-15 21:33:14.512 E/libaprpmem(  508):  Ion allocation success virtaddr : ret=4021477376 fd=44 heapid=33554432
12-15 21:33:14.519 E/libaprpmem(  508): 
12-15 21:33:14.519 E/libaprpmem(  508):  Ion allocation success virtaddr : ret=4017295360 fd=45 heapid=33554432
12-15 21:33:14.522 E/Diag_Lib(  484):  Diag_LSM_Init: Failed to open handle to diag driver, error = 13
12-15 21:33:14.509 W/rild    (  659): type=1400 audit(0.0:55): avc: denied { read write } for name="diag" dev="tmpfs" ino=10582 scontext=u:r:rild:s0 tcontext=u:object_r:diag_device:s0 tclass=chr_file permissive=0
12-15 21:33:14.528 E/libaprpmem(  508): 
12-15 21:33:14.528 E/libaprpmem(  508):  Ion allocation success virtaddr : ret=4008931328 fd=47 heapid=33554432
12-15 21:33:14.531 E/QMI_FW  (  484): qcci_qmi_lge_vs_nv_init-entered!!!
12-15 21:33:14.531 E/QMI_FW  (  484): [VSS_QCCI]Daemon:qcci_qmi_lge_vs_nv_init: qmi_client_get_service_list returned 0 num_services 1
12-15 21:33:14.531 E/QMI_FW  (  484): [VSS_QCCI] qmi_client_get_service_list() returned 0 num_entries = 1 num_services = 1
12-15 21:33:14.531 E/QMI_FW  (  484): [VSS_QCCI] NV qmi_client_init returned 0
12-15 21:33:14.531 E/QMI_FW  (  484): [VSS_QCCI] Enter qcci_qmi_lge_vs_nv_init()----> nv_client = 0x18
12-15 21:33:14.531 E/QMI_FW  (  484): [VSS_QCCI] NV qmi_client_register_error_cb returned 0
12-15 21:33:14.531 E/QMI_FW  (  484): qcci_qmi_lge_vs_nv_init: [VSS_QCCI] NV Done initialization and send server connect callback req
12-15 21:33:14.531 E/QMI_FW  (  484): [VSS_QCCI] NV init Complete!!!
12-15 21:33:14.535 E/libaprpmem(  508): 
12-15 21:33:14.535 E/libaprpmem(  508):  Ion allocation success virtaddr : ret=4004749312 fd=48 heapid=33554432
12-15 21:33:14.540 E/libaprpmem(  508): 
12-15 21:33:14.540 E/libaprpmem(  508):  Ion allocation success virtaddr : ret=4000567296 fd=49 heapid=33554432
12-15 21:33:14.553 E/mm-camera-sensor(  508): sensor_sdk_util_get_kernel_i2c_addr_type:26Invalid addr_type = 0
12-15 21:33:14.553 E/mm-camera-sensor(  508): sensor_sdk_util_get_kernel_i2c_data_type:40Invalid addr_type = 0
12-15 21:33:14.585 E/mm-camera-sensor(  508): sensor_sdk_util_get_kernel_i2c_data_type:40Invalid addr_type = 0
12-15 21:33:14.585 E/mm-camera-sensor(  508): sensor_sdk_util_get_kernel_i2c_addr_type:26Invalid addr_type = 0
12-15 21:33:14.614 E/mm-camera(  508): mct: mct_pipeline_start_stream_internal: Adding session stream streamid= 0xf for session=1
12-15 21:33:14.609 W/netmgrd (  494): type=1400 audit(0.0:56): avc: denied { read write } for name="diag" dev="tmpfs" ino=10582 scontext=u:r:netmgrd:s0 tcontext=u:object_r:diag_device:s0 tclass=chr_file permissive=0
12-15 21:33:14.614 E/mm-camera(  508): mct: mct_pipeline_start_stream_internal:Linking session stream for session 1
12-15 21:33:14.617 E/mm-camera(  508): mct: mct_pipeline_start_stream_internal:Session stream linked successfully session 1
12-15 21:33:14.617 E/Diag_Lib(  494):  Diag_LSM_Init: Failed to open handle to diag driver, error = 13
12-15 21:33:14.617 E/mm-camera-isp2(  508): isp_resource_query_mod:145 num_isp_preallocate 0 num_session_opened 1 dual_vfe_enabled 0
12-15 21:33:14.617 E/mm-camera(  508): module_faceproc_query_mod:1916] Caps ROI 10 scene_mode_cnt 1 HW analysis supported 0
12-15 21:33:14.618 E/mm-camera(  508): mct: mct_pipeline_populate_query_cap_buffer: 3A VERSION:: 4.1.0.r9
12-15 21:33:14.619 E/mm-camera(  508): mct: mct_pipeline_process_set:2298: Couldn't find stream id: 0
12-15 21:33:14.622 E/mm-camera(  508): port_iface_ext_unlink_func: E, identity = 0x1000f, port = 0xf4e16c00, direction = 2
12-15 21:33:14.622 E/mm-camera(  508): port_iface_check_caps_unreserve_func:  E, identity = 0x1000f, port = 0xf4e16c00, direction = 2
12-15 21:33:14.622 E/mm-camera(  508): iface_unreserve_sink_port: stream_id f mode 0 
12-15 21:33:14.622 E/mm-camera(  508): port_iface_ext_unlink_func: E, identity = 0x1000f, port = 0xf4e16f00, direction = 1
12-15 21:33:14.622 E/mm-camera(  508): iface_ext_unlink_src_port: mct stream already removed from hw stream
12-15 21:33:14.622 E/mm-camera(  508): port_iface_check_caps_unreserve_func:  E, identity = 0x1000f, port = 0xf4e16f00, direction = 1
12-15 21:33:14.622 E/mm-camera(  508): isp_port_check_caps_unreserve:844 ide 1000f port 0xf4cfabe0
12-15 21:33:14.622 E/mm-camera(  508): c2d_port_check_caps_unreserve:183, identity=0x1000f
12-15 21:33:14.622 E/mm-camera(  508): c2d_port_check_caps_unreserve:193, identity=0x1000f, unreserved
12-15 21:33:14.622 E/mm-camera(  508): c2d_port_check_caps_unreserve:183, identity=0x1000f
12-15 21:33:14.622 E/mm-camera(  508): c2d_port_check_caps_unreserve:193, identity=0x1000f, unreserved
12-15 21:33:14.622 E/mm-camera(  508): cpp_port_check_caps_unreserve:164, identity=0x1000f
12-15 21:33:14.622 E/mm-camera(  508): cpp_port_check_caps_unreserve:174, identity=0x1000f, unreserved
12-15 21:33:14.623 E/mm-camera(  508): cpp_port_check_caps_unreserve:164, identity=0x1000f
12-15 21:33:14.623 E/mm-camera(  508): cpp_port_check_caps_unreserve:174, identity=0x1000f, unreserved
12-15 21:33:14.623 E/QC-QMI  (  494): qmi_client [494] 13: failed to locate client data
