12-15 22:05:19.175 I/art     (  500): option[30]=-Xmx512m
12-15 22:05:19.175 I/art     (  500): option[31]=-Xcompiler-option
12-15 22:05:19.175 I/art     (  500): option[32]=-j2
12-15 22:05:19.175 I/art     (  500): option[33]=-Ximage-compiler-option
12-15 22:05:19.175 I/art     (  500): option[34]=-j4
12-15 22:05:19.175 I/art     (  500): option[35]=-Ximage-compiler-option
12-15 22:05:19.175 I/art     (  500): option[36]=--instruction-set-variant=cortex-a7
12-15 22:05:19.175 I/art     (  500): option[37]=-Xcompiler-option
12-15 22:05:19.175 I/art     (  500): option[38]=--instruction-set-variant=cortex-a7
12-15 22:05:19.175 I/art     (  500): option[39]=-Ximage-compiler-option
12-15 22:05:19.175 I/art     (  500): option[40]=--instruction-set-features=default
12-15 22:05:19.175 I/art     (  500): option[41]=-Xcompiler-option
12-15 22:05:19.175 I/art     (  500): option[42]=--instruction-set-features=default
12-15 22:05:19.175 I/art     (  500): option[43]=-Duser.locale=de-DE
12-15 22:05:19.175 I/art     (  500): option[44]=--cpu-abilist=armeabi-v7a,armeabi
12-15 22:05:19.175 I/art     (  500): option[45]=-Xfingerprint:google/bullhead/bullhead:6.0.1/MMB29K/2419427:user/release-keys
12-15 22:05:19.434 D/vold    (  337): Disk at 253:0 changed
12-15 22:05:19.435 D/AndroidRuntime(  499): >>>>>> START com.android.internal.os.ZygoteInit uid 0 <<<<<<
12-15 22:05:19.445 E/        (  498): ServiceManager: 0x7f8b761a40
12-15 22:05:19.445 D/AndroidRuntime(  499): CheckJNI is OFF
12-15 22:05:19.446 I/ConnectionManagerService(  498): ConnectionManagerService::instantiate()
12-15 22:05:19.446 I/ConnectionManagerService(  498): ConnectionManagerService started: pid = 498
12-15 22:05:19.446 I/art     (  499): option[0]=-Xzygote
12-15 22:05:19.446 I/art     (  499): option[1]=-Xstacktracefile:/data/anr/traces.txt
12-15 22:05:19.446 I/art     (  499): option[2]=exit
12-15 22:05:19.446 I/art     (  499): option[3]=vfprintf
12-15 22:05:19.446 I/art     (  499): option[4]=sensitiveThread
12-15 22:05:19.446 I/art     (  499): option[5]=-verbose:gc
12-15 22:05:19.446 I/art     (  499): option[6]=-Xms8m
12-15 22:05:19.446 E/slim_daemon(  619): [NDK] bindNDKSensors: Sensor server is unavailable.
12-15 22:05:19.447 E/Diag_Lib(  619):  Diag_LSM_Init: Failed to open handle to diag driver, error = 13
12-15 22:05:19.447 I/art     (  499): option[7]=-Xmx512m
12-15 22:05:19.447 I/art     (  499): option[8]=-XX:HeapGrowthLimit=192m
12-15 22:05:19.447 I/art     (  499): option[9]=-XX:HeapMinFree=512k
12-15 22:05:19.447 I/art     (  499): option[10]=-XX:HeapMaxFree=8m
12-15 22:05:19.447 I/art     (  499): option[11]=-XX:HeapTargetUtilization=0.75
12-15 22:05:19.447 I/art     (  499): option[12]=-agentlib:jdwp=transport=dt_android_adb,suspend=n,server=y
12-15 22:05:19.447 I/art     (  499): option[13]=-Ximage-compiler-option
12-15 22:05:19.447 I/art     (  499): option[14]=--runtime-arg
12-15 22:05:19.447 I/art     (  499): option[15]=-Ximage-compiler-option
12-15 22:05:19.447 I/art     (  499): option[16]=-Xms64m
12-15 22:05:19.447 E/QC-QMI  (  619): qmi_client [619]: unable to connect to server, errno=[2:No such file or directory], attempt=1
12-15 22:05:19.447 I/art     (  499): option[17]=-Ximage-compiler-option
12-15 22:05:19.447 I/art     (  499): option[18]=--runtime-arg
12-15 22:05:19.447 I/art     (  499): option[19]=-Ximage-compiler-option
12-15 22:05:19.447 I/art     (  499): option[20]=-Xmx64m
12-15 22:05:19.447 I/art     (  499): option[21]=-Ximage-compiler-option
12-15 22:05:19.447 I/art     (  499): option[22]=--image-classes=/system/etc/preloaded-classes
12-15 22:05:19.447 I/art     (  499): option[23]=-Xcompiler-option
12-15 22:05:19.447 I/art     (  499): option[24]=--runtime-arg
12-15 22:05:19.447 I/art     (  499): option[25]=-Xcompiler-option
12-15 22:05:19.447 I/art     (  499): option[26]=-Xms64m
12-15 22:05:19.447 I/art     (  499): option[27]=-Xcompiler-option
12-15 22:05:19.447 I/art     (  499): option[28]=--runtime-arg
12-15 22:05:19.447 I/art     (  499): option[29]=-Xcompiler-option
12-15 22:05:19.447 I/art     (  499): option[30]=-Xmx512m
12-15 22:05:19.447 I/art     (  499): option[31]=-Xcompiler-option
12-15 22:05:19.447 I/art     (  499): option[32]=-j2
12-15 22:05:19.448 I/art     (  499): option[33]=-Ximage-compiler-option
12-15 22:05:19.448 I/art     (  499): option[34]=-j4
12-15 22:05:19.448 I/art     (  499): option[35]=-Ximage-compiler-option
12-15 22:05:19.448 I/art     (  499): option[36]=--instruction-set-variant=cortex-a53
12-15 22:05:19.448 I/art     (  499): option[37]=-Xcompiler-option
12-15 22:05:19.448 I/art     (  499): option[38]=--instruction-set-variant=cortex-a53
12-15 22:05:19.448 I/art     (  499): option[39]=-Ximage-compiler-option
12-15 22:05:19.448 I/art     (  499): option[40]=--instruction-set-features=default
12-15 22:05:19.448 I/art     (  499): option[41]=-Xcompiler-option
12-15 22:05:19.448 I/art     (  499): option[42]=--instruction-set-features=default
12-15 22:05:19.448 I/art     (  499): option[43]=-Duser.locale=de-DE
12-15 22:05:19.448 I/art     (  499): option[44]=--cpu-abilist=arm64-v8a
12-15 22:05:19.448 I/art     (  499): option[45]=-Xfingerprint:google/bullhead/bullhead:6.0.1/MMB29K/2419427:user/release-keys
12-15 22:05:19.565 I/mm-camera(  513): server_process_module_init:59, int mods
12-15 22:05:19.566 E/mm-camera-sensor(  513): eebin_read:387failed!
12-15 22:05:19.566 E/mm-camera-sensor(  513): eebin_read:387failed!
12-15 22:05:19.566 E/mm-camera-sensor(  513): sensor_init_probe:483failed: to oribe eeprom bin sensors
12-15 22:05:19.566 E/mm-camera-sensor(  513): add_external_sensor:108NO external sensor lib: no external path
12-15 22:05:19.566 E/mm-camera-sensor(  513): sensor_probe:274failed: to load imx214
12-15 22:05:19.567 E/mm-camera-sensor(  513): sensor_probe:274failed: to load imx230
12-15 22:05:19.567 E/mm-camera-sensor(  513): sensor_probe:274failed: to load s5k3m2xx
12-15 22:05:19.585 D/ICU     (  500): No timezone override file found: /data/misc/zoneinfo/current/icu/icu_tzdata.dat
12-15 22:05:19.627 E/mm-camera-sensor(  513): sensor_probe:274failed: to load s5k3m2xm
12-15 22:05:19.628 E/mm-camera-sensor(  513): sensor_probe:274failed: to load ov4688
12-15 22:05:19.628 E/mm-camera-sensor(  513): sensor_probe:274failed: to load imx258
12-15 22:05:19.661 D/mm-camera-intf(  486): index = 0 flag = 3 mount_angle = 270 facing = 0
12-15 22:05:19.661 E/mm-camera(  513): module_sensor_find_other_subdev:6416subdev_name /dev/v4l-subdev0 subdev id 0
12-15 22:05:19.661 D/mm-camera-intf(  486): index = 1 flag = 101 mount_angle = 90 facing = 1
12-15 22:05:19.661 E/mm-camera(  513): module_sensor_find_other_subdev:6416subdev_name /dev/v4l-subdev1 subdev id 1
12-15 22:05:19.661 E/mm-camera(  513): module_sensor_find_other_subdev:6416subdev_name /dev/v4l-subdev2 subdev id 2
12-15 22:05:19.661 E/mm-camera(  513): module_sensor_find_other_subdev:6416subdev_name /dev/v4l-subdev3 subdev id 0
12-15 22:05:19.661 E/mm-camera(  513): module_sensor_find_other_subdev:6416subdev_name /dev/v4l-subdev4 subdev id 1
12-15 22:05:19.661 E/mm-camera(  513): module_sensor_find_other_subdev:6416subdev_name /dev/v4l-subdev5 subdev id 2
12-15 22:05:19.661 E/mm-camera(  513): module_sensor_find_other_subdev:6416subdev_name /dev/v4l-subdev6 subdev id 3
12-15 22:05:19.661 E/mm-camera(  513): module_sensor_find_other_subdev:6416subdev_name /dev/v4l-subdev7 subdev id 0
12-15 22:05:19.661 E/mm-camera(  513): module_sensor_find_other_subdev:6416subdev_name /dev/v4l-subdev8 subdev id 0
12-15 22:05:19.662 E/mm-camera(  513): module_sensor_find_other_subdev:6416subdev_name /dev/v4l-subdev9 subdev id 5
12-15 22:05:19.662 E/mm-camera(  513): module_sensor_find_other_subdev:6416subdev_name /dev/v4l-subdev10 subdev id 1
12-15 22:05:19.788 E/mm-camera-isp2(  513): module_chroma_enhan40_init:90 name chroma_enhan40
12-15 22:05:19.847 I/Radio-JNI(  500): register_android_hardware_Radio DONE
12-15 22:05:19.873 I/SamplingProfilerIntegration(  500): Profiling disabled.
12-15 22:05:19.877 D/Zygote  (  500): begin preload
12-15 22:05:19.886 I/Zygote  (  500): Preloading classes...
12-15 22:05:19.960 D/ICU     (  499): No timezone override file found: /data/misc/zoneinfo/current/icu/icu_tzdata.dat
12-15 22:05:19.968 E/mm-camera-isp2(  513): module_color_correct40_init:96 name color_correct40
12-15 22:05:19.972 E/mm-camera-isp2(  513): module_luma_adaptation40_init:87 name luma_adaptation40
12-15 22:05:20.002 E/mm-camera-isp2(  513): module_chroma_enhan40_init:90 name chroma_enhan40
12-15 22:05:20.003 E/mm-camera-isp2(  513): module_color_correct40_init:96 name color_correct40
12-15 22:05:20.003 E/mm-camera-isp2(  513): module_luma_adaptation40_init:87 name luma_adaptation40
12-15 22:05:20.005 E/mm-camera-isp2(  513): isp_resource_gen_hws_caps:3628 i 0 isp id 0
12-15 22:05:20.005 E/mm-camera-isp2(  513): isp_resource_gen_hws_caps:3628 i 1 isp id 1
12-15 22:05:20.005 E/mm-camera-isp2(  513): module_isp_init:776 module 0xf4f97200
12-15 22:05:20.005 E/mm-camera(  513): cpp_module_init:68 name=cpp
12-15 22:05:20.010 E/mm-camera(  513): cpp_hardware_load_firmware:490, info: hw_version=0x50010000, fw_version=0x10080000
12-15 22:05:20.039 E/mm-camera(  513): cpp_hardware_load_firmware:506, info: cpp firmware loaded: cpp_firmware_v1_8_0.fw
12-15 22:05:20.040 E/mm-camera(  513): cpp_module_init:110: info: CPP module_init successful
12-15 22:05:20.040 E/mm-camera(  513): vpe_module_init:26 name=vpe
12-15 22:05:20.040 E/mm-camera(  513): vpe_hardware_find_subdev:719: entity.name=video0 entity.revision=0
12-15 22:05:20.040 E/mm-camera(  513): vpe_hardware_find_subdev:719: entity.name=msm_cci entity.revision=0
12-15 22:05:20.040 E/mm-camera(  513): vpe_hardware_find_subdev:719: entity.name=v4l-subdev0 entity.revision=0
12-15 22:05:20.040 E/mm-camera(  513): vpe_hardware_find_subdev:719: entity.name=v4l-subdev1 entity.revision=0
12-15 22:05:20.040 E/mm-camera(  513): vpe_hardware_find_subdev:719: entity.name=v4l-subdev2 entity.revision=0
12-15 22:05:20.040 E/mm-camera(  513): vpe_hardware_find_subdev:719: entity.name=v4l-subdev3 entity.revision=0
12-15 22:05:20.040 E/mm-camera(  513): vpe_hardware_find_subdev:719: entity.name=v4l-subdev4 entity.revision=0
12-15 22:05:20.040 E/mm-camera(  513): vpe_hardware_find_subdev:719: entity.name=v4l-subdev5 entity.revision=0
12-15 22:05:20.040 E/mm-camera(  513): vpe_hardware_find_subdev:719: entity.name=v4l-subdev6 entity.revision=0
12-15 22:05:20.040 E/mm-camera(  513): vpe_hardware_find_subdev:719: entity.name=v4l-subdev7 entity.revision=0
12-15 22:05:20.040 E/mm-camera(  513): vpe_hardware_find_subdev:719: entity.name=v4l-subdev8 entity.revision=0
12-15 22:05:20.040 E/mm-camera(  513): vpe_hardware_find_subdev:719: entity.name=v4l-subdev9 entity.revision=0
12-15 22:05:20.040 E/mm-camera(  513): vpe_hardware_find_subdev:719: entity.name=v4l-subdev10 entity.revision=0
12-15 22:05:20.040 E/mm-camera(  513): vpe_hardware_find_subdev:719: entity.name=v4l-subdev11 entity.revision=0
12-15 22:05:20.040 E/mm-camera(  513): vpe_hardware_find_subdev:719: entity.name=v4l-subdev12 entity.revision=12
12-15 22:05:20.040 E/mm-camera(  513): vpe_hardware_find_subdev:719: entity.name=v4l-subdev13 entity.revision=0
12-15 22:05:20.040 E/mm-camera(  513): vpe_hardware_find_subdev:719: entity.name=v4l-subdev14 entity.revision=0
12-15 22:05:20.040 E/mm-camera(  513): vpe_hardware_find_subdev:719: entity.name=v4l-subdev15 entity.revision=0
12-15 22:05:20.041 E/mm-camera(  513): vpe_hardware_find_subdev:719: entity.name=v4l-subdev16 entity.revision=0
12-15 22:05:20.041 E/mm-camera(  513): vpe_hardware_find_subdev:719: entity.name=v4l-subdev17 entity.revision=0
12-15 22:05:20.041 E/mm-camera(  513): vpe_hardware_find_subdev:719: entity.name=v4l-subdev18 entity.revision=0
12-15 22:05:20.041 E/mm-camera(  513): vpe_hardware_find_subdev:714: done enumerating media entities
12-15 22:05:20.041 E/mm-camera(  513): vpe_hardware_find_subdev:719: entity.name=video1 entity.revision=0
12-15 22:05:20.041 E/mm-camera(  513): vpe_hardware_find_subdev:714: done enumerating media entities
12-15 22:05:20.041 E/mm-camera(  513): vpe_hardware_find_subdev:719: entity.name=video2 entity.revision=0
12-15 22:05:20.041 E/mm-camera(  513): vpe_hardware_find_subdev:714: done enumerating media entities
12-15 22:05:20.041 E/mm-camera(  513): vpe_hardware_find_subdev:686: no more media devices
12-15 22:05:20.041 E/mm-camera(  513): vpe_hardware_find_subdev:731: no vpe device found.
12-15 22:05:20.041 E/mm-camera(  513): vpe_hardware_create:31: error: cannot find vpe subdev
12-15 22:05:20.041 E/mm-camera(  513): vpe_module_create_vpe_ctrl:141, failed, cannnot create vpe hardware instance
12-15 22:05:20.041 E/mm-camera(  513): vpe_module_init:34 failed
12-15 22:05:20.041 E/mm-camera(  513): c2d_module_init:50 name=c2d
12-15 22:05:20.041 E/mm-camera(  513): c2d_module_init:92: info: C2D module_init successful
12-15 22:05:20.041 E/mm-camera-vpu(  513): vpu_module_init:54, INFO name=vpu
12-15 22:05:20.042 E/mm-camera-pp(  513): [INFO] base_module_init:142, name=tmod
12-15 22:05:20.046 E/QC-QMI  (  496): qmi_client [496]: unable to connect to server, errno=[2:No such file or directory], attempt=3
12-15 22:05:20.059 E/QC-QMI  (  484): qmi_client [484]: unable to connect to server, errno=[2:No such file or directory], attempt=2
12-15 22:05:20.060 E/mm-camera-pp(  513): [INFO] base_module_init:142, name=ezt
12-15 22:05:20.061 E/mm-camera-eztune(  513): Tuning lib open failed: dlopen failed: library "libmmcamera_tuning.so" not found
12-15 22:05:20.061 E/mm-camera-img(  513): frameproc_comp_load:843] Error opening frameproc library libmmcamera_llvd.so error dlopen failed: library "libmmcamera_llvd.so" not found
12-15 22:05:20.061 E/mm-camera(  513): module_imgbase_init_llvd:2207] Error rc -6
12-15 22:05:20.074 I/mm-camera-img(  513): module_goog_eis_load:222 successfully loaded goog_eis library
12-15 22:05:20.074 I/mm-camera-img(  513): module_goog_eis_init:2120] successfully return
12-15 22:05:20.131 V/NatController(  481): runCmd(/system/bin/iptables -w -F natctrl_FORWARD) res=0
12-15 22:05:20.141 V/NatController(  481): runCmd(/system/bin/iptables -w -A natctrl_FORWARD -j DROP) res=0
12-15 22:05:20.143 E/QC-QMI  (  494): qmi_client [494]: unable to connect to server, errno=[2:No such file or directory], attempt=3
12-15 22:05:20.143 E/QC-QMI  (  514): qmi_client [514]: unable to connect to server, errno=[2:No such file or directory], attempt=3
12-15 22:05:20.150 V/NatController(  481): runCmd(/system/bin/iptables -w -t nat -F natctrl_nat_POSTROUTING) res=0
12-15 22:05:20.158 V/NatController(  481): runCmd(/system/bin/iptables -w -F natctrl_tether_counters) res=1
12-15 22:05:20.169 V/NatController(  481): runCmd(/system/bin/iptables -w -X natctrl_tether_counters) res=1
12-15 22:05:20.172 E/QC-QMI  (  515): qmi_client [515]: unable to connect to server, errno=[2:No such file or directory], attempt=3
12-15 22:05:20.178 V/NatController(  481): runCmd(/system/bin/iptables -w -N natctrl_tether_counters) res=0
12-15 22:05:20.186 V/RenderScript(  513): 0xf4322000 Launching thread(s), CPUs 6
12-15 22:05:20.188 V/NatController(  481): runCmd(/system/bin/iptables -w -t mangle -A natctrl_mangle_FORWARD -p tcp --tcp-flags SYN SYN -j TCPMSS --clamp-mss-to-pmtu) res=0
12-15 22:05:20.385 I/Radio-JNI(  499): register_android_hardware_Radio DONE
12-15 22:05:20.431 I/SamplingProfilerIntegration(  499): Profiling disabled.
12-15 22:05:20.439 D/Zygote  (  499): begin preload
12-15 22:05:20.447 E/slim_daemon(  619): [NDK] bindNDKSensors: Sensor server is unavailable.
12-15 22:05:20.447 E/QC-QMI  (  619): qmi_client [619]: unable to connect to server, errno=[2:No such file or directory], attempt=2
12-15 22:05:20.448 I/Zygote  (  499): Preloading classes...
12-15 22:05:20.466 V/RenderScript(  513): Successfully loaded runtime: libRSDriver_adreno.so
12-15 22:05:20.486 W/Adreno-RS(  513): <rsdSetCacheDir:719>: System path detected in cacheDir: /system/vendor/lib
12-15 22:05:20.486 W/Adreno-RS(  513): <rsdSetCacheDir:730>: Caching & Profiling are disabled!
12-15 22:05:20.688 I/MSM-irqbalance(  372): Discovered a new IRQ: 89
12-15 22:05:20.688 I/MSM-irqbalance(  372): Discovered a new IRQ: 90
12-15 22:05:20.688 I/MSM-irqbalance(  372): Discovered a new IRQ: 196
12-15 22:05:20.689 I/MSM-irqbalance(  372): Discovered a new IRQ: 215
12-15 22:05:20.696 E/Minikin (  500): addFont failed to create font /system/fonts/NanumGothic.ttf
12-15 22:05:20.696 E/Minikin (  500): addFont failed to create font /system/fonts/DroidSansFallback.ttf
12-15 22:05:20.696 E/Minikin (  500): addFont failed to create font /system/fonts/MTLmr3m.ttf
12-15 22:05:20.710 E/Minikin (  499): addFont failed to create font /system/fonts/NanumGothic.ttf
12-15 22:05:20.710 E/Minikin (  499): addFont failed to create font /system/fonts/DroidSansFallback.ttf
12-15 22:05:20.710 E/Minikin (  499): addFont failed to create font /system/fonts/MTLmr3m.ttf
12-15 22:05:20.793 D/MDnsDS  (  481): MDnsSdListener::Hander starting up
12-15 22:05:20.794 D/MDnsDS  (  481): MDnsSdListener starting to monitor
12-15 22:05:20.794 D/MDnsDS  (  481): Going to poll with pollCount 1
12-15 22:05:20.835 V/DngCreator_JNI(  500): DngCreator_nativeClassInit:
12-15 22:05:20.836 V/DngCreator_JNI(  499): DngCreator_nativeClassInit:
12-15 22:05:20.971 I/art     (  500): Thread[1,tid=500,Native,Thread*=0xf4ef6500,peer=0x12c35100,"main"] recursive attempt to load library "/system/lib/libmedia_jni.so"
12-15 22:05:20.971 D/MtpDeviceJNI(  500): register_android_mtp_MtpDevice
12-15 22:05:20.971 I/art     (  500): Thread[1,tid=500,Native,Thread*=0xf4ef6500,peer=0x12c35100,"main"] recursive attempt to load library "/system/lib/libmedia_jni.so"
12-15 22:05:20.972 I/art     (  500): Thread[1,tid=500,Native,Thread*=0xf4ef6500,peer=0x12c35100,"main"] recursive attempt to load library "/system/lib/libmedia_jni.so"
12-15 22:05:20.990 I/art     (  499): Thread[1,tid=499,Native,Thread*=0x7f9383ba00,peer=0x12c2c100,"main"] recursive attempt to load library "/system/lib64/libmedia_jni.so"
12-15 22:05:20.991 D/MtpDeviceJNI(  499): register_android_mtp_MtpDevice
12-15 22:05:20.991 I/art     (  499): Thread[1,tid=499,Native,Thread*=0x7f9383ba00,peer=0x12c2c100,"main"] recursive attempt to load library "/system/lib64/libmedia_jni.so"
12-15 22:05:20.991 I/art     (  499): Thread[1,tid=499,Native,Thread*=0x7f9383ba00,peer=0x12c2c100,"main"] recursive attempt to load library "/system/lib64/libmedia_jni.so"
12-15 22:05:21.006 E/EmojiFactory_jni(  500): Failed to load libemoji.so: dlopen failed: library "libemoji.so" not found
12-15 22:05:21.024 E/EmojiFactory_jni(  499): Failed to load libemoji.so: dlopen failed: library "libemoji.so" not found
12-15 22:05:21.046 E/QC-QMI  (  496): qmi_client [496]: unable to connect to server, errno=[2:No such file or directory], attempt=4
12-15 22:05:21.059 E/QC-QMI  (  484): qmi_client [484]: unable to connect to server, errno=[2:No such file or directory], attempt=3
12-15 22:05:21.128 I/System  (  500): Loaded time zone names for "" in 19ms (18ms in ICU)
12-15 22:05:21.143 E/QC-QMI  (  494): qmi_client [494]: unable to connect to server, errno=[2:No such file or directory], attempt=4
12-15 22:05:21.143 E/QC-QMI  (  514): qmi_client [514]: unable to connect to server, errno=[2:No such file or directory], attempt=4
12-15 22:05:21.148 I/System  (  499): Loaded time zone names for "" in 17ms (17ms in ICU)
12-15 22:05:21.148 W/Adreno-RS(  513): <rsdSetCacheDir:719>: System path detected in cacheDir: /system/vendor/lib
12-15 22:05:21.148 W/Adreno-RS(  513): <rsdSetCacheDir:730>: Caching & Profiling are disabled!
12-15 22:05:21.151 I/System  (  500): Loaded time zone names for "en_US" in 23ms (13ms in ICU)
12-15 22:05:21.167 I/System  (  500): Loaded time zone names for "de_DE" in 16ms (16ms in ICU)
12-15 22:05:21.173 E/QC-QMI  (  515): qmi_client [515]: unable to connect to server, errno=[2:No such file or directory], attempt=4
12-15 22:05:21.181 I/Zygote  (  500): ...preloaded 3831 classes in 1295ms.
12-15 22:05:21.181 I/art     (  500): VMRuntime.preloadDexCaches starting
12-15 22:05:21.182 I/System  (  499): Loaded time zone names for "en_US" in 34ms (33ms in ICU)
12-15 22:05:21.197 I/System  (  499): Loaded time zone names for "de_DE" in 15ms (14ms in ICU)
12-15 22:05:21.210 I/Zygote  (  499): ...preloaded 3831 classes in 762ms.
12-15 22:05:21.211 I/art     (  499): VMRuntime.preloadDexCaches starting
12-15 22:05:21.232 I/art     (  500): VMRuntime.preloadDexCaches strings total=243695 before=43711 after=43711
12-15 22:05:21.232 I/art     (  500): VMRuntime.preloadDexCaches types total=20132 before=6880 after=6906
12-15 22:05:21.232 I/art     (  500): VMRuntime.preloadDexCaches fields total=98209 before=35725 after=35930
12-15 22:05:21.232 I/art     (  500): VMRuntime.preloadDexCaches methods total=170282 before=70820 after=71318
12-15 22:05:21.232 I/art     (  500): VMRuntime.preloadDexCaches finished
12-15 22:05:21.260 I/art     (  499): VMRuntime.preloadDexCaches strings total=243695 before=43711 after=43711
12-15 22:05:21.260 I/art     (  499): VMRuntime.preloadDexCaches types total=20132 before=6880 after=6906
12-15 22:05:21.260 I/art     (  499): VMRuntime.preloadDexCaches fields total=98209 before=35725 after=35930
12-15 22:05:21.260 I/art     (  499): VMRuntime.preloadDexCaches methods total=170282 before=70820 after=71318
12-15 22:05:21.260 I/art     (  499): VMRuntime.preloadDexCaches finished
12-15 22:05:21.263 D/idmap   (  878): error: no read access to /vendor/overlay: No such file or directory
12-15 22:05:21.283 D/idmap   (  880): error: no read access to /vendor/overlay: No such file or directory
12-15 22:05:21.297 I/Zygote  (  499): Preloading resources...
12-15 22:05:21.324 I/Zygote  (  500): Preloading resources...
12-15 22:05:21.333 E/mm-camera-img(  513): cac2_comp_load:1528] cds_proc_type 1
12-15 22:05:21.334 E/mm-camera(  513): pproc_module_init:2986 num_sub_mods:7
12-15 22:05:21.334 E/mm-camera-img(  513): Can not discover face-detect device
12-15 22:05:21.334 E/mm-camera-img(  513): Can not find device name
12-15 22:05:21.334 E/mm-camera-img(  513): faceproc_dsp_comp_load:1115] E 
12-15 22:05:21.334 E/mm-camera(  513): module_faceproc_init:2289] HW or DSP FD not available switch to SW
12-15 22:05:21.349 E/mm-camera-img(  513): hdr_comp_load:1258] Error opening hdr library
12-15 22:05:21.349 E/hdr     (  513): Cannot load hdr lib in module_hdr_lib_load
12-15 22:05:21.349 E/hdr     (  513): Cannot load library in hdr module
12-15 22:05:21.349 E/mm-camera-img(  513): module_imglib_create_topology:742] Can not init the module hdr
12-15 22:05:21.349 E/mm-camera-img(  513): frameproc_comp_load:843] Error opening frameproc library libmmcamera_chromaflash_lib.so error dlopen failed: library "libmmcamera_chromaflash_lib.so" not found
12-15 22:05:21.349 E/mm-camera(  513): module_imgbase_init_imglib_chroma_flash:2207] Error rc -6
12-15 22:05:21.349 E/mm-camera-img(  513): module_imglib_create_topology:742] Can not init the module imglib_chroma_flash
12-15 22:05:21.350 E/mm-camera-img(  513): frameproc_comp_load:843] Error opening frameproc library libmmcamera_optizoom_lib.so error dlopen failed: library "libmmcamera_optizoom_lib.so" not found
12-15 22:05:21.350 E/mm-camera(  513): module_imgbase_init_imglib_optizoom:2207] Error rc -6
12-15 22:05:21.350 E/mm-camera-img(  513): module_imglib_create_topology:742] Can not init the module imglib_optizoom
12-15 22:05:21.350 E/mm-camera-img(  513): frameproc_comp_load:843] Error opening frameproc library libmmcamera_ubifocus_lib.so error dlopen failed: library "libmmcamera_ubifocus_lib.so" not found
12-15 22:05:21.350 E/mm-camera(  513): module_imgbase_init_imglib_ubifocus:2207] Error rc -6
12-15 22:05:21.350 E/mm-camera-img(  513): module_imglib_create_topology:742] Can not init the module imglib_ubifocus
12-15 22:05:21.350 E/mm-camera-img(  513): frameproc_comp_load:843] Error opening frameproc library libmmcamera_ubifocus_lib.so error dlopen failed: library "libmmcamera_ubifocus_lib.so" not found
12-15 22:05:21.351 E/mm-camera(  513): module_imgbase_init_imglib_refocus:2207] Error rc -6
12-15 22:05:21.351 E/mm-camera-img(  513): module_imglib_create_topology:742] Can not init the module imglib_refocus
12-15 22:05:21.351 E/mm-camera-img(  513): frameproc_comp_load:843] Error opening frameproc library libmmcamera_trueportrait_lib.so error dlopen failed: library "libmmcamera_trueportrait_lib.so" not found
12-15 22:05:21.351 E/mm-camera(  513): module_imgbase_init_imglib_trueportrait:2207] Error rc -6
12-15 22:05:21.351 E/mm-camera-img(  513): module_imglib_create_topology:742] Can not init the module imglib_trueportrait
12-15 22:05:21.351 E/mm-camera-img(  513): frameproc_comp_load:843] Error opening frameproc library libmmcamera_stillmore_lib.so error dlopen failed: library "libmmcamera_stillmore_lib.so" not found
12-15 22:05:21.351 E/mm-camera(  513): module_imgbase_init_imglib_stillmore:2207] Error rc -6
12-15 22:05:21.351 E/mm-camera-img(  513): module_imglib_create_topology:742] Can not init the module imglib_stillmore
12-15 22:05:21.447 E/QC-QMI  (  619): qmi_client [619]: unable to connect to server, errno=[2:No such file or directory], attempt=3
12-15 22:05:21.447 E/slim_daemon(  619): [NDK] bindNDKSensors: Sensor server is unavailable.
12-15 22:05:21.627 I/Zygote  (  499): ...preloaded 342 resources in 330ms.
12-15 22:05:21.632 I/Zygote  (  499): ...preloaded 41 resources in 5ms.
12-15 22:05:21.633 D/libEGL  (  499): loaded /vendor/lib64/egl/libEGL_adreno.so
12-15 22:05:21.655 I/Zygote  (  500): ...preloaded 342 resources in 331ms.
12-15 22:05:21.659 I/Zygote  (  500): ...preloaded 41 resources in 4ms.
12-15 22:05:21.673 D/libEGL  (  499): loaded /vendor/lib64/egl/libGLESv1_CM_adreno.so
12-15 22:05:21.674 D/libEGL  (  500): loaded /vendor/lib/egl/libEGL_adreno.so
12-15 22:05:21.681 D/libEGL  (  499): loaded /vendor/lib64/egl/libGLESv2_adreno.so
12-15 22:05:21.692 I/Zygote  (  499): Preloading shared libraries...
12-15 22:05:21.720 D/Zygote  (  499): end preload
12-15 22:05:21.720 I/art     (  499): Starting a blocking GC Explicit
12-15 22:05:21.730 I/art     (  499): Explicit concurrent mark sweep GC freed 11131(446KB) AllocSpace objects, 0(0B) LOS objects, 39% free, 11MB/19MB, paused 82us total 9.446ms
12-15 22:05:21.739 I/art     (  499): Starting a blocking GC Explicit
12-15 22:05:21.747 I/art     (  499): Explicit concurrent mark sweep GC freed 2296(109KB) AllocSpace objects, 0(0B) LOS objects, 39% free, 11MB/19MB, paused 73us total 7.742ms
12-15 22:05:21.748 I/art     (  499): Starting a blocking GC HeapTrim
12-15 22:05:21.750 I/art     (  499): Starting a blocking GC Background
12-15 22:05:21.778 I/Zygote  (  499): System server process 882 has been created
12-15 22:05:21.780 I/Zygote  (  499): Accepting command socket connections
12-15 22:05:21.877 D/libEGL  (  500): loaded /vendor/lib/egl/libGLESv1_CM_adreno.so
12-15 22:05:21.886 D/libEGL  (  500): loaded /vendor/lib/egl/libGLESv2_adreno.so
12-15 22:05:21.904 I/Zygote  (  500): Preloading shared libraries...
12-15 22:05:21.910 D/Zygote  (  500): end preload
12-15 22:05:21.910 I/art     (  500): Starting a blocking GC Explicit
12-15 22:05:21.917 I/art     (  500): Explicit concurrent mark sweep GC freed 11454(462KB) AllocSpace objects, 0(0B) LOS objects, 40% free, 11MB/19MB, paused 127us total 7.600ms
12-15 22:05:21.927 I/art     (  500): Starting a blocking GC Explicit
12-15 22:05:21.933 I/art     (  500): Explicit concurrent mark sweep GC freed 2532(119KB) AllocSpace objects, 0(0B) LOS objects, 39% free, 11MB/19MB, paused 117us total 5.816ms
12-15 22:05:21.933 I/Zygote  (  500): Accepting command socket connections
12-15 22:05:21.937 I/Zygote  (  882): Process: zygote socket opened, supported ABIS: armeabi-v7a,armeabi
12-15 22:05:21.939 I/InstallerConnection(  882): connecting...
12-15 22:05:21.939 I/installd(  487): new connection
12-15 22:05:21.972 I/InstallerConnection(  882): disconnecting...
12-15 22:05:21.973 E/installd(  487): eof
12-15 22:05:21.973 E/installd(  487): failed to read size
12-15 22:05:21.973 I/installd(  487): closing connection
12-15 22:05:22.014 I/SystemServer(  882): Entered the Android system server!
12-15 22:05:22.046 E/QC-QMI  (  496): qmi_client [496]: unable to connect to server, errno=[2:No such file or directory], attempt=5
12-15 22:05:22.059 E/QC-QMI  (  484): qmi_client [484]: unable to connect to server, errno=[2:No such file or directory], attempt=4
12-15 22:05:22.074 I/SystemServiceManager(  882): Starting com.android.server.pm.Installer
12-15 22:05:22.085 I/Installer(  882): Waiting for installd to be ready.
12-15 22:05:22.085 I/InstallerConnection(  882): connecting...
12-15 22:05:22.085 I/installd(  487): new connection
12-15 22:05:22.086 I/SystemServiceManager(  882): Starting com.android.server.am.ActivityManagerService$Lifecycle
12-15 22:05:22.123 I/ActivityManager(  882): Memory class: 192
12-15 22:05:22.140 D/BatteryStatsImpl(  882): Reading daily items from /data/system/batterystats-daily.xml
12-15 22:05:22.143 E/QC-QMI  (  494): qmi_client [494]: unable to connect to server, errno=[2:No such file or directory], attempt=5
12-15 22:05:22.143 E/QC-QMI  (  514): qmi_client [514]: unable to connect to server, errno=[2:No such file or directory], attempt=5
12-15 22:05:22.173 E/QC-QMI  (  515): qmi_client [515]: unable to connect to server, errno=[2:No such file or directory], attempt=5
12-15 22:05:22.242 I/IntentFirewall(  882): Read new rules (A:0 B:0 S:0)
12-15 22:05:22.249 D/AppOps  (  882): AppOpsService published
12-15 22:05:22.249 I/SystemServiceManager(  882): Starting com.android.server.power.PowerManagerService
12-15 22:05:22.256 I/QCOMPowerHAL(  882): QCOM power HAL initing.
12-15 22:05:22.256 W/libsuspend(  882): Error writing 'on' to /sys/power/state: Invalid argument
12-15 22:05:22.257 I/libsuspend(  882): Selected wakeup count
12-15 22:05:22.257 E/QCOMPowerHAL(  882): Invalid hint ID.
12-15 22:05:22.259 I/SystemServiceManager(  882): Starting com.android.server.lights.LightsService
12-15 22:05:22.262 I/SystemServiceManager(  882): Starting com.android.server.display.DisplayManagerService
12-15 22:05:22.264 I/SystemServiceManager(  882): Starting phase 100
12-15 22:05:22.278 I/DisplayManagerService(  882): Display device added: DisplayDeviceInfo{"Integrierter Bildschirm": uniqueId="local:0", 1080 x 1920, modeId 1, defaultModeId 1, supportedModes [{id=1, width=1080, height=1920, fps=60.0}], colorTransformId 1, defaultColorTransformId 1, supportedColorTransforms [{id=1, colorTransform=-22}], density 420, 422.03 x 424.069 dpi, appVsyncOff 0, presDeadline 17666667, touch INTERNAL, rotation 0, type BUILT_IN, state UNKNOWN, FLAG_DEFAULT_DISPLAY, FLAG_ROTATES_WITH_CONTENT, FLAG_SECURE, FLAG_SUPPORTS_PROTECTED_BUFFERS}
12-15 22:05:22.279 D/SurfaceFlinger(  368): Set power mode=2, type=0 flinger=0x7fa9943c00
12-15 22:05:22.279 D/SurfaceFlinger(  368): Screen type=0 is already mode=2
12-15 22:05:22.280 I/SystemServer(  882): Package Manager
12-15 22:05:22.281 I/DisplayManagerService(  882): Display device changed state: "Integrierter Bildschirm", ON
12-15 22:05:22.292 D/vold    (  337): Disk at 253:0 changed
12-15 22:05:22.323 D/vold    (  337): Disk at 253:0 changed
12-15 22:05:22.332 D/vold    (  337): Disk at 253:0 changed
12-15 22:05:22.343 D/SELinuxMMAC(  882): Using policy file /system/etc/security/mac_permissions.xml
12-15 22:05:22.354 D/PackageSettings(  882): Read domain verification for package:com.google.android.youtube
12-15 22:05:22.363 D/PackageSettings(  882): Read domain verification for package:com.android.vending
12-15 22:05:22.375 D/PackageSettings(  882): Read domain verification for package:com.google.android.apps.maps
12-15 22:05:22.440 D/vold    (  337): Disk at 253:0 changed
12-15 22:05:22.443 D/vold    (  337): Disk at 253:0 changed
12-15 22:05:22.443 D/vold    (  337): Disk at 253:0 changed
12-15 22:05:22.443 D/vold    (  337): Disk at 253:0 changed
12-15 22:05:22.444 D/vold    (  337): Disk at 253:0 changed
12-15 22:05:22.447 D/vold    (  337): Disk at 253:0 changed
12-15 22:05:22.447 D/vold    (  337): Disk at 253:0 changed
12-15 22:05:22.447 D/vold    (  337): Disk at 253:0 changed
12-15 22:05:22.447 D/vold    (  337): Disk at 253:0 changed
12-15 22:05:22.447 D/vold    (  337): Disk at 253:0 changed
12-15 22:05:22.448 E/QC-QMI  (  619): qmi_client [619]: unable to connect to server, errno=[2:No such file or directory], attempt=4
12-15 22:05:22.448 E/slim_daemon(  619): [NDK] bindNDKSensors: Sensor server is unavailable.
12-15 22:05:22.461 E/art     (  882): DexFile_getDexOptNeeded file '/system/framework/org.apache.http.legacy.jar' does not exist
12-15 22:05:22.461 W/PackageManager(  882): Library not found: /system/framework/org.apache.http.legacy.jar
12-15 22:05:22.501 E/art     (  882): DexFile_getDexOptNeeded file '/system/framework/org.apache.http.legacy.jar' does not exist
12-15 22:05:22.502 W/PackageManager(  882): Library not found: /system/framework/org.apache.http.legacy.jar
12-15 22:05:22.615 D/PackageManager(  882): No files in app dir /vendor/overlay
12-15 22:05:22.618 W/PackageManager(  882): Failed to parse /system/framework/arm: Missing base APK in /system/framework/arm
12-15 22:05:22.618 W/PackageManager(  882): Failed to parse /system/framework/arm64: Missing base APK in /system/framework/arm64
12-15 22:05:22.658 W/PackageManager(  882): Failed to parse /system/framework/oat: Missing base APK in /system/framework/oat
12-15 22:05:22.811 W/PackageParser(  882): Unknown element under <application>: uses-permission at /system/priv-app/DiagMon/DiagMon.apk Binary XML file line #7
12-15 22:05:22.838 W/PackageManager(  882): Permission android.permission.DOWNLOAD_WITHOUT_NOTIFICATION from package com.android.providers.downloads in an unknown group android.permission-group.NETWORK
12-15 22:05:22.937 W/PackageParser(  882): No actions in intent filter at /system/priv-app/GoogleContacts/GoogleContacts.apk Binary XML file line #390
12-15 22:05:22.989 W/PackageParser(  882): No actions in intent filter at /system/priv-app/GoogleDialer/GoogleDialer.apk Binary XML file line #191
12-15 22:05:23.028 W/PackageParser(  882): Unknown element under <manifest>: uses-library at /system/priv-app/GoogleFeedback/GoogleFeedback.apk Binary XML file line #30
12-15 22:05:23.047 E/QC-QMI  (  496): qmi_client [496]: unable to connect to server, errno=[2:No such file or directory], attempt=6
12-15 22:05:23.059 E/QC-QMI  (  484): qmi_client [484]: unable to connect to server, errno=[2:No such file or directory], attempt=5
12-15 22:05:23.137 W/PackageParser(  882): Ignoring duplicate uses-permissions/uses-permissions-sdk-m: com.google.android.providers.gsf.permission.READ_GSERVICES in package: com.google.android.partnersetup at: Binary XML file line #31
12-15 22:05:23.144 E/QC-QMI  (  494): qmi_client [494]: unable to connect to server, errno=[2:No such file or directory], attempt=6
12-15 22:05:23.144 E/QC-QMI  (  514): qmi_client [514]: unable to connect to server, errno=[2:No such file or directory], attempt=6
12-15 22:05:23.173 E/QC-QMI  (  515): qmi_client [515]: unable to connect to server, errno=[2:No such file or directory], attempt=6
12-15 22:05:23.196 W/PackageManager(  882): Permission com.google.android.googleapps.permission.GOOGLE_AUTH from package com.google.android.gsf in an unknown group android.permission-group.ACCOUNTS
12-15 22:05:23.196 W/PackageManager(  882): Permission com.google.android.googleapps.permission.GOOGLE_AUTH.ALL_SERVICES from package com.google.android.gsf in an unknown group android.permission-group.ACCOUNTS
12-15 22:05:23.196 W/PackageManager(  882): Permission com.google.android.googleapps.permission.GOOGLE_AUTH.OTHER_SERVICES from package com.google.android.gsf in an unknown group android.permission-group.ACCOUNTS
12-15 22:05:23.197 W/PackageManager(  882): Permission com.google.android.googleapps.permission.GOOGLE_AUTH.mail from package com.google.android.gsf in an unknown group android.permission-group.ACCOUNTS
12-15 22:05:23.197 W/PackageManager(  882): Permission com.google.android.googleapps.permission.GOOGLE_AUTH.cl from package com.google.android.gsf in an unknown group android.permission-group.ACCOUNTS
12-15 22:05:23.197 W/PackageManager(  882): Permission com.google.android.googleapps.permission.GOOGLE_AUTH.android from package com.google.android.gsf in an unknown group android.permission-group.ACCOUNTS
12-15 22:05:23.197 W/PackageManager(  882): Permission com.google.android.googleapps.permission.GOOGLE_AUTH.androidsecure from package com.google.android.gsf in an unknown group android.permission-group.ACCOUNTS
12-15 22:05:23.197 W/PackageManager(  882): Permission com.google.android.googleapps.permission.GOOGLE_AUTH.sierra from package com.google.android.gsf in an unknown group android.permission-group.ACCOUNTS
12-15 22:05:23.197 W/PackageManager(  882): Permission com.google.android.googleapps.permission.GOOGLE_AUTH.sierraqa from package com.google.android.gsf in an unknown group android.permission-group.ACCOUNTS
12-15 22:05:23.197 W/PackageManager(  882): Permission com.google.android.googleapps.permission.GOOGLE_AUTH.sierrasandbox from package com.google.android.gsf in an unknown group android.permission-group.ACCOUNTS
12-15 22:05:23.197 W/PackageManager(  882): Permission com.google.android.googleapps.permission.GOOGLE_AUTH.youtube from package com.google.android.gsf in an unknown group android.permission-group.ACCOUNTS
12-15 22:05:23.197 W/PackageManager(  882): Permission com.google.android.googleapps.permission.GOOGLE_AUTH.YouTubeUser from package com.google.android.gsf in an unknown group android.permission-group.ACCOUNTS
12-15 22:05:23.197 W/PackageManager(  882): Permission com.google.android.googleapps.permission.GOOGLE_AUTH.talk from package com.google.android.gsf in an unknown group android.permission-group.ACCOUNTS
12-15 22:05:23.197 W/PackageManager(  882): Permission com.google.android.googleapps.permission.GOOGLE_AUTH.ig from package com.google.android.gsf in an unknown group android.permission-group.ACCOUNTS
12-15 22:05:23.197 W/PackageManager(  882): Permission com.google.android.googleapps.permission.GOOGLE_AUTH.lh2 from package com.google.android.gsf in an unknown group android.permission-group.ACCOUNTS
12-15 22:05:23.197 W/PackageManager(  882): Permission com.google.android.googleapps.permission.GOOGLE_AUTH.mobile from package com.google.android.gsf in an unknown group android.permission-group.ACCOUNTS
12-15 22:05:23.197 W/PackageManager(  882): Permission com.google.android.googleapps.permission.GOOGLE_AUTH.cp from package com.google.android.gsf in an unknown group android.permission-group.ACCOUNTS
12-15 22:05:23.197 W/PackageManager(  882): Permission com.google.android.googleapps.permission.GOOGLE_AUTH.adsense from package com.google.android.gsf in an unknown group android.permission-group.ACCOUNTS
12-15 22:05:23.197 W/PackageManager(  882): Permission com.google.android.googleapps.permission.GOOGLE_AUTH.adwords from package com.google.android.gsf in an unknown group android.permission-group.ACCOUNTS
12-15 22:05:23.197 W/PackageManager(  882): Permission com.google.android.googleapps.permission.GOOGLE_AUTH.blogger from package com.google.android.gsf in an unknown group android.permission-group.ACCOUNTS
12-15 22:05:23.197 W/PackageManager(  882): Permission com.google.android.googleapps.permission.GOOGLE_AUTH.dodgeball from package com.google.android.gsf in an unknown group android.permission-group.ACCOUNTS
12-15 22:05:23.197 W/PackageManager(  882): Permission com.google.android.googleapps.permission.GOOGLE_AUTH.gbase from package com.google.android.gsf in an unknown group android.permission-group.ACCOUNTS
12-15 22:05:23.197 W/PackageManager(  882): Permission com.google.android.googleapps.permission.GOOGLE_AUTH.groups2 from package com.google.android.gsf in an unknown group android.permission-group.ACCOUNTS
12-15 22:05:23.198 W/PackageManager(  882): Permission com.google.android.googleapps.permission.GOOGLE_AUTH.health from package com.google.android.gsf in an unknown group android.permission-group.ACCOUNTS
12-15 22:05:23.198 W/PackageManager(  882): Permission com.google.android.googleapps.permission.GOOGLE_AUTH.jotspot from package com.google.android.gsf in an unknown group android.permission-group.ACCOUNTS
12-15 22:05:23.198 W/PackageManager(  882): Permission com.google.android.googleapps.permission.GOOGLE_AUTH.knol from package com.google.android.gsf in an unknown group android.permission-group.ACCOUNTS
12-15 22:05:23.198 W/PackageManager(  882): Permission com.google.android.googleapps.permission.GOOGLE_AUTH.news from package com.google.android.gsf in an unknown group android.permission-group.ACCOUNTS
12-15 22:05:23.198 W/PackageManager(  882): Permission com.google.android.googleapps.permission.GOOGLE_AUTH.orkut from package com.google.android.gsf in an unknown group android.permission-group.ACCOUNTS
12-15 22:05:23.198 W/PackageManager(  882): Permission com.google.android.googleapps.permission.GOOGLE_AUTH.print from package com.google.android.gsf in an unknown group android.permission-group.ACCOUNTS
12-15 22:05:23.198 W/PackageManager(  882): Permission com.google.android.googleapps.permission.GOOGLE_AUTH.sitemaps from package com.google.android.gsf in an unknown group android.permission-group.ACCOUNTS
12-15 22:05:23.198 W/PackageManager(  882): Permission com.google.android.googleapps.permission.GOOGLE_AUTH.wifi from package com.google.android.gsf in an unknown group android.permission-group.ACCOUNTS
12-15 22:05:23.198 W/PackageManager(  882): Permission com.google.android.googleapps.permission.GOOGLE_AUTH.finance from package com.google.android.gsf in an unknown group android.permission-group.ACCOUNTS
12-15 22:05:23.198 W/PackageManager(  882): Permission com.google.android.googleapps.permission.GOOGLE_AUTH.local from package com.google.android.gsf in an unknown group android.permission-group.ACCOUNTS
12-15 22:05:23.198 W/PackageManager(  882): Permission com.google.android.googleapps.permission.GOOGLE_AUTH.ah from package com.google.android.gsf in an unknown group android.permission-group.ACCOUNTS
12-15 22:05:23.198 W/PackageManager(  882): Permission com.google.android.googleapps.permission.GOOGLE_AUTH.notebook from package com.google.android.gsf in an unknown group android.permission-group.ACCOUNTS
12-15 22:05:23.198 W/PackageManager(  882): Permission com.google.android.googleapps.permission.GOOGLE_AUTH.writely from package com.google.android.gsf in an unknown group android.permission-group.ACCOUNTS
12-15 22:05:23.198 W/PackageManager(  882): Permission com.google.android.googleapps.permission.GOOGLE_AUTH.wise from package com.google.android.gsf in an unknown group android.permission-group.ACCOUNTS
12-15 22:05:23.198 W/PackageManager(  882): Permission com.google.android.googleapps.permission.GOOGLE_AUTH.grandcentral from package com.google.android.gsf in an unknown group android.permission-group.ACCOUNTS
12-15 22:05:23.198 W/PackageManager(  882): Permission com.google.android.googleapps.permission.GOOGLE_AUTH.speechpersonalization from package com.google.android.gsf in an unknown group android.permission-group.ACCOUNTS
12-15 22:05:23.198 W/PackageManager(  882): Permission com.google.android.googleapps.permission.GOOGLE_AUTH.speech from package com.google.android.gsf in an unknown group android.permission-group.ACCOUNTS
12-15 22:05:23.198 W/PackageManager(  882): Permission com.google.android.providers.talk.permission.READ_ONLY from package com.google.android.gsf in an unknown group android.permission-group.MESSAGES
12-15 22:05:23.198 W/PackageManager(  882): Permission com.google.android.providers.talk.permission.WRITE_ONLY from package com.google.android.gsf in an unknown group android.permission-group.MESSAGES
12-15 22:05:23.198 W/PackageManager(  882): Permission com.google.android.gtalkservice.permission.GTALK_SERVICE from package com.google.android.gsf in an unknown group android.permission-group.MESSAGES
12-15 22:05:23.198 W/PackageManager(  882): Permission com.google.android.gtalkservice.permission.SEND_HEARTBEAT from package com.google.android.gsf in an unknown group android.permission-group.NETWORK
12-15 22:05:23.199 W/PackageManager(  882): Permission com.google.android.permission.BROADCAST_DATA_MESSAGE from package com.google.android.gsf in an unknown group android.permission-group.NETWORK
12-15 22:05:23.204 W/PackageManager(  882): Permission com.google.android.c2dm.permission.SEND from package com.google.android.gsf in an unknown group android.permission-group.NETWORK
12-15 22:05:23.204 W/PackageManager(  882): Permission com.google.android.c2dm.permission.RECEIVE from package com.google.android.gsf in an unknown group android.permission-group.NETWORK
12-15 22:05:23.204 W/PackageManager(  882): Permission com.google.android.xmpp.permission.BROADCAST from package com.google.android.gsf in an unknown group android.permission-group.NETWORK
12-15 22:05:23.204 W/PackageManager(  882): Permission com.google.android.xmpp.permission.SEND_RECEIVE from package com.google.android.gsf in an unknown group android.permission-group.NETWORK
12-15 22:05:23.204 W/PackageManager(  882): Permission com.google.android.xmpp.permission.XMPP_ENDPOINT_BROADCAST from package com.google.android.gsf in an unknown group android.permission-group.NETWORK
12-15 22:05:23.205 W/PackageManager(  882): Permission com.google.android.xmpp.permission.USE_XMPP_ENDPOINT from package com.google.android.gsf in an unknown group android.permission-group.NETWORK
12-15 22:05:23.205 W/PackageManager(  882): Permission com.google.android.providers.gsf.permission.READ_GSERVICES from package com.google.android.gsf in an unknown group android.permission-group.ACCOUNTS
12-15 22:05:23.238 E/Diag_Lib(  495):  Diag_LSM_Init: Failed to open handle to diag driver, error = 13
12-15 22:05:23.226 W/netmgrd (  495): type=1400 audit(0.0:49): avc: denied { read write } for name="diag" dev="tmpfs" ino=10607 scontext=u:r:netmgrd:s0 tcontext=u:object_r:diag_device:s0 tclass=chr_file permissive=0
12-15 22:05:23.240 E/Diag_Lib(  495):  Diag_LSM_Init: Failed to open handle to diag driver, error = 13
12-15 22:05:23.226 W/netmgrd (  495): type=1400 audit(0.0:50): avc: denied { read write } for name="diag" dev="tmpfs" ino=10607 scontext=u:r:netmgrd:s0 tcontext=u:object_r:diag_device:s0 tclass=chr_file permissive=0
12-15 22:05:23.253 E/QC-QMI  (  492): linux_qmi_qmux_io_stop_watchdog_timer(): invalid timer_id for conn_id=0
12-15 22:05:23.255 E/QC-QMI  (  492): qmi_ctl_rx_msg.c Can't find txn info for txn_id = 1
12-15 22:05:23.304 E/QC-QMI  (  492): qmuxd: unable to bind to listener socket, rc=-1, errno=[2:No such file or directory]
12-15 22:05:23.305 E/QC-QMI  (  492): qmuxd: invalid listener_fd recvd for sock_path=/dev/socket/qmux_nfc/qmux_connect_socket
12-15 22:05:23.305 E/QC-QMI  (  492): linux_qmi_qmux_io_stop_watchdog_timer(): invalid timer_id for conn_id=60
12-15 22:05:23.404 W/PackageManager(  882): Permission com.android.vending.CHECK_LICENSE from package com.android.vending in an unknown group android.permission-group.NETWORK
12-15 22:05:23.404 W/PackageManager(  882): Permission com.android.vending.BILLING from package com.android.vending in an unknown group android.permission-group.NETWORK
12-15 22:05:23.448 E/slim_daemon(  619): [NDK] bindNDKSensors: Sensor server is unavailable.
12-15 22:05:23.455 E/QC-QMI  (  492): qmi_qmux:  Sending sys indication=18 to qmux_client_id=0x1 on conn_id=0
12-15 22:05:23.456 E/QC-QMI  (  492): qmi_qmux_open_connection: connection is disabled for conn_id=29
12-15 22:05:23.456 E/QC-QMI  (  492): qmi_qmux_tx_msg: failed to open inactive connd_id=29
12-15 22:05:23.456 E/QC-QMI  (  492): qmi_qmux: TX failed, connection inactive or in reset, conn_id=29, status_flags=4
12-15 22:05:23.456 E/QC-QMI  (  492): qmi_ctl_tx_msg: qmi_qmux_tx_msg failed
12-15 22:05:23.456 E/QC-QMI  (  492): qmi_ctl_handle_request: qmi_ctl_tx_msg call failed
12-15 22:05:23.457 E/QC-QMI  (  492): qmi_qmux_open_connection: connection is disabled for conn_id=29
12-15 22:05:23.457 E/QC-QMI  (  492): qmi_qmux_tx_msg: failed to open inactive connd_id=29
12-15 22:05:23.457 E/QC-QMI  (  492): qmi_qmux: TX failed, connection inactive or in reset, conn_id=29, status_flags=4
12-15 22:05:23.457 E/QC-QMI  (  492): qmi_ctl_tx_msg: qmi_qmux_tx_msg failed
12-15 22:05:23.457 E/QC-QMI  (  492): qmi_ctl_handle_request: qmi_ctl_tx_msg call failed
12-15 22:05:23.458 E/QC-QMI  (  492): qmi_qmux_open_connection: connection is disabled for conn_id=48
12-15 22:05:23.458 E/QC-QMI  (  492): qmi_qmux_tx_msg: failed to open inactive connd_id=48
12-15 22:05:23.458 E/QC-QMI  (  492): qmi_qmux: TX failed, connection inactive or in reset, conn_id=48, status_flags=4
12-15 22:05:23.458 E/QC-QMI  (  492): qmi_ctl_tx_msg: qmi_qmux_tx_msg failed
12-15 22:05:23.458 E/QC-QMI  (  492): qmi_ctl_handle_request: qmi_ctl_tx_msg call failed
12-15 22:05:23.459 E/QC-QMI  (  492): qmi_qmux_open_connection: connection is disabled for conn_id=48
12-15 22:05:23.459 E/QC-QMI  (  492): qmi_qmux_tx_msg: failed to open inactive connd_id=48
12-15 22:05:23.459 E/QC-QMI  (  492): qmi_qmux: TX failed, connection inactive or in reset, conn_id=48, status_flags=4
12-15 22:05:23.459 E/QC-QMI  (  492): qmi_ctl_tx_msg: qmi_qmux_tx_msg failed
12-15 22:05:23.459 E/QC-QMI  (  492): qmi_ctl_handle_request: qmi_ctl_tx_msg call failed
12-15 22:05:23.459 E/QC-QMI  (  492): qmi_qmux_open_connection: connection is disabled for conn_id=57
12-15 22:05:23.459 E/QC-QMI  (  492): qmi_qmux_tx_msg: failed to open inactive connd_id=57
12-15 22:05:23.460 E/QC-QMI  (  492): qmi_qmux: TX failed, connection inactive or in reset, conn_id=57, status_flags=4
12-15 22:05:23.460 E/QC-QMI  (  492): qmi_ctl_tx_msg: qmi_qmux_tx_msg failed
12-15 22:05:23.460 E/QC-QMI  (  492): qmi_ctl_handle_request: qmi_ctl_tx_msg call failed
