12-15 21:39:35.459 I/art     (  498): option[33]=-Ximage-compiler-option
12-15 21:39:35.459 I/art     (  498): option[34]=-j4
12-15 21:39:35.459 I/art     (  498): option[35]=-Ximage-compiler-option
12-15 21:39:35.459 I/art     (  498): option[36]=--instruction-set-variant=cortex-a53
12-15 21:39:35.459 I/art     (  498): option[37]=-Xcompiler-option
12-15 21:39:35.459 I/art     (  498): option[38]=--instruction-set-variant=cortex-a53
12-15 21:39:35.459 I/art     (  498): option[39]=-Ximage-compiler-option
12-15 21:39:35.459 I/art     (  498): option[40]=--instruction-set-features=default
12-15 21:39:35.459 I/art     (  498): option[41]=-Xcompiler-option
12-15 21:39:35.459 I/art     (  498): option[42]=--instruction-set-features=default
12-15 21:39:35.459 I/art     (  498): option[43]=-Duser.locale=de-DE
12-15 21:39:35.459 I/art     (  498): option[44]=--cpu-abilist=arm64-v8a
12-15 21:39:35.459 I/art     (  498): option[45]=-Xfingerprint:google/bullhead/bullhead:6.0.1/MMB29K/2419427:user/release-keys
12-15 21:39:35.619 E/        (  497): ServiceManager: 0x7f7efe1a40
12-15 21:39:35.619 I/ConnectionManagerService(  497): ConnectionManagerService::instantiate()
12-15 21:39:35.619 I/ConnectionManagerService(  497): ConnectionManagerService started: pid = 497
12-15 21:39:35.659 D/vold    (  338): Disk at 253:0 changed
12-15 21:39:35.670 E/Diag_Lib(  572):  Diag_LSM_Init: Failed to open handle to diag driver, error = 13
12-15 21:39:35.671 E/QC-QMI  (  572): qmi_client [572]: unable to connect to server, errno=[2:No such file or directory], attempt=1
12-15 21:39:35.672 E/slim_daemon(  572): [NDK] bindNDKSensors: Sensor server is unavailable.
12-15 21:39:35.701 D/AndroidRuntime(  499): >>>>>> START com.android.internal.os.ZygoteInit uid 0 <<<<<<
12-15 21:39:35.760 D/AndroidRuntime(  499): CheckJNI is OFF
12-15 21:39:35.761 I/art     (  499): option[0]=-Xzygote
12-15 21:39:35.761 I/art     (  499): option[1]=-Xstacktracefile:/data/anr/traces.txt
12-15 21:39:35.761 I/art     (  499): option[2]=exit
12-15 21:39:35.761 I/art     (  499): option[3]=vfprintf
12-15 21:39:35.761 I/art     (  499): option[4]=sensitiveThread
12-15 21:39:35.761 I/art     (  499): option[5]=-verbose:gc
12-15 21:39:35.761 I/art     (  499): option[6]=-Xms8m
12-15 21:39:35.761 I/art     (  499): option[7]=-Xmx512m
12-15 21:39:35.761 I/art     (  499): option[8]=-XX:HeapGrowthLimit=192m
12-15 21:39:35.761 I/art     (  499): option[9]=-XX:HeapMinFree=512k
12-15 21:39:35.761 I/art     (  499): option[10]=-XX:HeapMaxFree=8m
12-15 21:39:35.761 I/art     (  499): option[11]=-XX:HeapTargetUtilization=0.75
12-15 21:39:35.761 I/art     (  499): option[12]=-agentlib:jdwp=transport=dt_android_adb,suspend=n,server=y
12-15 21:39:35.761 I/art     (  499): option[13]=-Ximage-compiler-option
12-15 21:39:35.761 I/art     (  499): option[14]=--runtime-arg
12-15 21:39:35.761 I/art     (  499): option[15]=-Ximage-compiler-option
12-15 21:39:35.761 I/art     (  499): option[16]=-Xms64m
12-15 21:39:35.761 I/art     (  499): option[17]=-Ximage-compiler-option
12-15 21:39:35.761 I/art     (  499): option[18]=--runtime-arg
12-15 21:39:35.761 I/art     (  499): option[19]=-Ximage-compiler-option
12-15 21:39:35.761 I/art     (  499): option[20]=-Xmx64m
12-15 21:39:35.762 I/art     (  499): option[21]=-Ximage-compiler-option
12-15 21:39:35.762 I/art     (  499): option[22]=--image-classes=/system/etc/preloaded-classes
12-15 21:39:35.762 I/art     (  499): option[23]=-Xcompiler-option
12-15 21:39:35.762 I/art     (  499): option[24]=--runtime-arg
12-15 21:39:35.762 I/art     (  499): option[25]=-Xcompiler-option
12-15 21:39:35.762 I/art     (  499): option[26]=-Xms64m
12-15 21:39:35.762 I/art     (  499): option[27]=-Xcompiler-option
12-15 21:39:35.762 I/art     (  499): option[28]=--runtime-arg
12-15 21:39:35.762 I/art     (  499): option[29]=-Xcompiler-option
12-15 21:39:35.762 I/art     (  499): option[30]=-Xmx512m
12-15 21:39:35.762 I/art     (  499): option[31]=-Xcompiler-option
12-15 21:39:35.762 I/art     (  499): option[32]=-j2
12-15 21:39:35.762 I/art     (  499): option[33]=-Ximage-compiler-option
12-15 21:39:35.762 I/art     (  499): option[34]=-j4
12-15 21:39:35.762 I/art     (  499): option[35]=-Ximage-compiler-option
12-15 21:39:35.762 I/art     (  499): option[36]=--instruction-set-variant=cortex-a7
12-15 21:39:35.762 I/art     (  499): option[37]=-Xcompiler-option
12-15 21:39:35.762 I/art     (  499): option[38]=--instruction-set-variant=cortex-a7
12-15 21:39:35.762 I/art     (  499): option[39]=-Ximage-compiler-option
12-15 21:39:35.762 I/art     (  499): option[40]=--instruction-set-features=default
12-15 21:39:35.762 I/art     (  499): option[41]=-Xcompiler-option
12-15 21:39:35.762 I/art     (  499): option[42]=--instruction-set-features=default
12-15 21:39:35.762 I/art     (  499): option[43]=-Duser.locale=de-DE
12-15 21:39:35.762 I/art     (  499): option[44]=--cpu-abilist=armeabi-v7a,armeabi
12-15 21:39:35.762 I/art     (  499): option[45]=-Xfingerprint:google/bullhead/bullhead:6.0.1/MMB29K/2419427:user/release-keys
12-15 21:39:35.893 D/ICU     (  498): No timezone override file found: /data/misc/zoneinfo/current/icu/icu_tzdata.dat
12-15 21:39:35.998 I/mm-camera(  508): server_process_module_init:59, int mods
12-15 21:39:35.999 E/mm-camera-sensor(  508): eebin_read:387failed!
12-15 21:39:35.999 E/mm-camera-sensor(  508): eebin_read:387failed!
12-15 21:39:35.999 E/mm-camera-sensor(  508): sensor_init_probe:483failed: to oribe eeprom bin sensors
12-15 21:39:35.999 E/mm-camera-sensor(  508): add_external_sensor:108NO external sensor lib: no external path
12-15 21:39:35.999 E/mm-camera-sensor(  508): sensor_probe:274failed: to load imx214
12-15 21:39:36.000 E/mm-camera-sensor(  508): sensor_probe:274failed: to load imx230
12-15 21:39:36.000 E/mm-camera-sensor(  508): sensor_probe:274failed: to load s5k3m2xx
12-15 21:39:36.016 E/mm-camera-sensor(  508): sensor_probe:274failed: to load s5k3m2xm
12-15 21:39:36.017 E/mm-camera-sensor(  508): sensor_probe:274failed: to load ov4688
12-15 21:39:36.017 E/mm-camera-sensor(  508): sensor_probe:274failed: to load imx258
12-15 21:39:36.068 D/mm-camera-intf(  486): index = 0 flag = 3 mount_angle = 270 facing = 0
12-15 21:39:36.068 D/mm-camera-intf(  486): index = 1 flag = 101 mount_angle = 90 facing = 1
12-15 21:39:36.068 E/mm-camera(  508): module_sensor_find_other_subdev:6416subdev_name /dev/v4l-subdev0 subdev id 0
12-15 21:39:36.068 E/mm-camera(  508): module_sensor_find_other_subdev:6416subdev_name /dev/v4l-subdev1 subdev id 1
12-15 21:39:36.068 E/mm-camera(  508): module_sensor_find_other_subdev:6416subdev_name /dev/v4l-subdev2 subdev id 2
12-15 21:39:36.068 E/mm-camera(  508): module_sensor_find_other_subdev:6416subdev_name /dev/v4l-subdev3 subdev id 0
12-15 21:39:36.068 E/mm-camera(  508): module_sensor_find_other_subdev:6416subdev_name /dev/v4l-subdev4 subdev id 1
12-15 21:39:36.068 E/mm-camera(  508): module_sensor_find_other_subdev:6416subdev_name /dev/v4l-subdev5 subdev id 2
12-15 21:39:36.069 E/mm-camera(  508): module_sensor_find_other_subdev:6416subdev_name /dev/v4l-subdev6 subdev id 3
12-15 21:39:36.069 E/mm-camera(  508): module_sensor_find_other_subdev:6416subdev_name /dev/v4l-subdev7 subdev id 0
12-15 21:39:36.069 E/mm-camera(  508): module_sensor_find_other_subdev:6416subdev_name /dev/v4l-subdev8 subdev id 0
12-15 21:39:36.069 E/mm-camera(  508): module_sensor_find_other_subdev:6416subdev_name /dev/v4l-subdev9 subdev id 5
12-15 21:39:36.069 E/mm-camera(  508): module_sensor_find_other_subdev:6416subdev_name /dev/v4l-subdev10 subdev id 1
12-15 21:39:36.121 E/QC-QMI  (  493): qmi_client [493]: unable to connect to server, errno=[2:No such file or directory], attempt=3
12-15 21:39:36.149 E/QC-QMI  (  484): qmi_client [484]: unable to connect to server, errno=[2:No such file or directory], attempt=2
12-15 21:39:36.163 E/mm-camera-isp2(  508): module_chroma_enhan40_init:90 name chroma_enhan40
12-15 21:39:36.210 D/ICU     (  499): No timezone override file found: /data/misc/zoneinfo/current/icu/icu_tzdata.dat
12-15 21:39:36.241 E/QC-QMI  (  509): qmi_client [509]: unable to connect to server, errno=[2:No such file or directory], attempt=3
12-15 21:39:36.244 I/Radio-JNI(  498): register_android_hardware_Radio DONE
12-15 21:39:36.301 I/SamplingProfilerIntegration(  498): Profiling disabled.
12-15 21:39:36.334 D/Zygote  (  498): begin preload
12-15 21:39:36.344 I/Zygote  (  498): Preloading classes...
12-15 21:39:36.366 E/mm-camera-isp2(  508): module_color_correct40_init:96 name color_correct40
12-15 21:39:36.370 E/mm-camera-isp2(  508): module_luma_adaptation40_init:87 name luma_adaptation40
12-15 21:39:36.371 E/QC-QMI  (  495): qmi_client [495]: unable to connect to server, errno=[2:No such file or directory], attempt=3
12-15 21:39:36.397 E/QC-QMI  (  510): qmi_client [510]: unable to connect to server, errno=[2:No such file or directory], attempt=3
12-15 21:39:36.476 I/Radio-JNI(  499): register_android_hardware_Radio DONE
12-15 21:39:36.502 I/SamplingProfilerIntegration(  499): Profiling disabled.
12-15 21:39:36.507 D/Zygote  (  499): begin preload
12-15 21:39:36.516 I/Zygote  (  499): Preloading classes...
12-15 21:39:36.548 V/NatController(  481): runCmd(/system/bin/iptables -w -F natctrl_FORWARD) res=0
12-15 21:39:36.559 V/NatController(  481): runCmd(/system/bin/iptables -w -A natctrl_FORWARD -j DROP) res=0
12-15 21:39:36.569 V/NatController(  481): runCmd(/system/bin/iptables -w -t nat -F natctrl_nat_POSTROUTING) res=0
12-15 21:39:36.578 V/NatController(  481): runCmd(/system/bin/iptables -w -F natctrl_tether_counters) res=1
12-15 21:39:36.588 V/NatController(  481): runCmd(/system/bin/iptables -w -X natctrl_tether_counters) res=1
12-15 21:39:36.598 V/NatController(  481): runCmd(/system/bin/iptables -w -N natctrl_tether_counters) res=0
12-15 21:39:36.608 V/NatController(  481): runCmd(/system/bin/iptables -w -t mangle -A natctrl_mangle_FORWARD -p tcp --tcp-flags SYN SYN -j TCPMSS --clamp-mss-to-pmtu) res=0
12-15 21:39:36.612 E/mm-camera-isp2(  508): module_chroma_enhan40_init:90 name chroma_enhan40
12-15 21:39:36.614 E/mm-camera-isp2(  508): module_color_correct40_init:96 name color_correct40
12-15 21:39:36.614 E/mm-camera-isp2(  508): module_luma_adaptation40_init:87 name luma_adaptation40
12-15 21:39:36.616 E/mm-camera-isp2(  508): isp_resource_gen_hws_caps:3628 i 0 isp id 0
12-15 21:39:36.616 E/mm-camera-isp2(  508): isp_resource_gen_hws_caps:3628 i 1 isp id 1
12-15 21:39:36.616 E/mm-camera-isp2(  508): module_isp_init:776 module 0xf4e17200
12-15 21:39:36.616 E/mm-camera(  508): cpp_module_init:68 name=cpp
12-15 21:39:36.621 E/mm-camera(  508): cpp_hardware_load_firmware:490, info: hw_version=0x50010000, fw_version=0x10080000
12-15 21:39:36.671 E/QC-QMI  (  572): qmi_client [572]: unable to connect to server, errno=[2:No such file or directory], attempt=2
12-15 21:39:36.673 E/slim_daemon(  572): [NDK] bindNDKSensors: Sensor server is unavailable.
12-15 21:39:36.692 E/mm-camera(  508): cpp_hardware_load_firmware:506, info: cpp firmware loaded: cpp_firmware_v1_8_0.fw
12-15 21:39:36.694 E/mm-camera(  508): cpp_module_init:110: info: CPP module_init successful
12-15 21:39:36.694 E/mm-camera(  508): vpe_module_init:26 name=vpe
12-15 21:39:36.694 E/mm-camera(  508): vpe_hardware_find_subdev:719: entity.name=video0 entity.revision=0
12-15 21:39:36.694 E/mm-camera(  508): vpe_hardware_find_subdev:719: entity.name=msm_cci entity.revision=0
12-15 21:39:36.694 E/mm-camera(  508): vpe_hardware_find_subdev:719: entity.name=v4l-subdev0 entity.revision=0
12-15 21:39:36.694 E/mm-camera(  508): vpe_hardware_find_subdev:719: entity.name=v4l-subdev1 entity.revision=0
12-15 21:39:36.694 E/mm-camera(  508): vpe_hardware_find_subdev:719: entity.name=v4l-subdev2 entity.revision=0
12-15 21:39:36.694 E/mm-camera(  508): vpe_hardware_find_subdev:719: entity.name=v4l-subdev3 entity.revision=0
12-15 21:39:36.694 E/mm-camera(  508): vpe_hardware_find_subdev:719: entity.name=v4l-subdev4 entity.revision=0
12-15 21:39:36.694 E/mm-camera(  508): vpe_hardware_find_subdev:719: entity.name=v4l-subdev5 entity.revision=0
12-15 21:39:36.695 E/mm-camera(  508): vpe_hardware_find_subdev:719: entity.name=v4l-subdev6 entity.revision=0
12-15 21:39:36.695 E/mm-camera(  508): vpe_hardware_find_subdev:719: entity.name=v4l-subdev7 entity.revision=0
12-15 21:39:36.695 E/mm-camera(  508): vpe_hardware_find_subdev:719: entity.name=v4l-subdev8 entity.revision=0
12-15 21:39:36.695 E/mm-camera(  508): vpe_hardware_find_subdev:719: entity.name=v4l-subdev9 entity.revision=0
12-15 21:39:36.695 E/mm-camera(  508): vpe_hardware_find_subdev:719: entity.name=v4l-subdev10 entity.revision=0
12-15 21:39:36.695 E/mm-camera(  508): vpe_hardware_find_subdev:719: entity.name=v4l-subdev11 entity.revision=0
12-15 21:39:36.695 E/mm-camera(  508): vpe_hardware_find_subdev:719: entity.name=v4l-subdev12 entity.revision=12
12-15 21:39:36.695 E/mm-camera(  508): vpe_hardware_find_subdev:719: entity.name=v4l-subdev13 entity.revision=0
12-15 21:39:36.695 E/mm-camera(  508): vpe_hardware_find_subdev:719: entity.name=v4l-subdev14 entity.revision=0
12-15 21:39:36.695 E/mm-camera(  508): vpe_hardware_find_subdev:719: entity.name=v4l-subdev15 entity.revision=0
12-15 21:39:36.695 E/mm-camera(  508): vpe_hardware_find_subdev:719: entity.name=v4l-subdev16 entity.revision=0
12-15 21:39:36.695 E/mm-camera(  508): vpe_hardware_find_subdev:719: entity.name=v4l-subdev17 entity.revision=0
12-15 21:39:36.695 E/mm-camera(  508): vpe_hardware_find_subdev:719: entity.name=v4l-subdev18 entity.revision=0
12-15 21:39:36.695 E/mm-camera(  508): vpe_hardware_find_subdev:714: done enumerating media entities
12-15 21:39:36.695 E/mm-camera(  508): vpe_hardware_find_subdev:719: entity.name=video1 entity.revision=0
12-15 21:39:36.695 E/mm-camera(  508): vpe_hardware_find_subdev:714: done enumerating media entities
12-15 21:39:36.695 E/mm-camera(  508): vpe_hardware_find_subdev:719: entity.name=video2 entity.revision=0
12-15 21:39:36.695 E/mm-camera(  508): vpe_hardware_find_subdev:714: done enumerating media entities
12-15 21:39:36.695 E/mm-camera(  508): vpe_hardware_find_subdev:686: no more media devices
12-15 21:39:36.695 E/mm-camera(  508): vpe_hardware_find_subdev:731: no vpe device found.
12-15 21:39:36.695 E/mm-camera(  508): vpe_hardware_create:31: error: cannot find vpe subdev
12-15 21:39:36.695 E/mm-camera(  508): vpe_module_create_vpe_ctrl:141, failed, cannnot create vpe hardware instance
12-15 21:39:36.695 E/mm-camera(  508): vpe_module_init:34 failed
12-15 21:39:36.695 E/mm-camera(  508): c2d_module_init:50 name=c2d
12-15 21:39:36.696 E/mm-camera(  508): c2d_module_init:92: info: C2D module_init successful
12-15 21:39:36.696 E/mm-camera-vpu(  508): vpu_module_init:54, INFO name=vpu
12-15 21:39:36.696 E/mm-camera-pp(  508): [INFO] base_module_init:142, name=tmod
12-15 21:39:36.701 E/mm-camera-pp(  508): [INFO] base_module_init:142, name=ezt
12-15 21:39:36.702 E/mm-camera-eztune(  508): Tuning lib open failed: dlopen failed: library "libmmcamera_tuning.so" not found
12-15 21:39:36.702 E/mm-camera-img(  508): frameproc_comp_load:843] Error opening frameproc library libmmcamera_llvd.so error dlopen failed: library "libmmcamera_llvd.so" not found
12-15 21:39:36.702 E/mm-camera(  508): module_imgbase_init_llvd:2207] Error rc -6
12-15 21:39:36.714 I/mm-camera-img(  508): module_goog_eis_load:222 successfully loaded goog_eis library
12-15 21:39:36.714 I/mm-camera-img(  508): module_goog_eis_init:2120] successfully return
12-15 21:39:36.779 V/RenderScript(  508): 0xf41a2000 Launching thread(s), CPUs 6
12-15 21:39:36.871 V/RenderScript(  508): Successfully loaded runtime: libRSDriver_adreno.so
12-15 21:39:36.901 W/Adreno-RS(  508): <rsdSetCacheDir:719>: System path detected in cacheDir: /system/vendor/lib
12-15 21:39:36.901 W/Adreno-RS(  508): <rsdSetCacheDir:730>: Caching & Profiling are disabled!
12-15 21:39:36.960 I/MSM-irqbalance(  373): Discovered a new IRQ: 89
12-15 21:39:36.961 I/MSM-irqbalance(  373): Discovered a new IRQ: 90
12-15 21:39:36.961 I/MSM-irqbalance(  373): Discovered a new IRQ: 196
12-15 21:39:36.961 I/MSM-irqbalance(  373): Discovered a new IRQ: 215
12-15 21:39:36.996 E/Minikin (  499): addFont failed to create font /system/fonts/NanumGothic.ttf
12-15 21:39:36.996 E/Minikin (  498): addFont failed to create font /system/fonts/NanumGothic.ttf
12-15 21:39:36.997 E/Minikin (  499): addFont failed to create font /system/fonts/DroidSansFallback.ttf
12-15 21:39:36.997 E/Minikin (  499): addFont failed to create font /system/fonts/MTLmr3m.ttf
12-15 21:39:36.997 E/Minikin (  498): addFont failed to create font /system/fonts/DroidSansFallback.ttf
12-15 21:39:36.997 E/Minikin (  498): addFont failed to create font /system/fonts/MTLmr3m.ttf
12-15 21:39:37.120 V/DngCreator_JNI(  499): DngCreator_nativeClassInit:
12-15 21:39:37.122 E/QC-QMI  (  493): qmi_client [493]: unable to connect to server, errno=[2:No such file or directory], attempt=4
12-15 21:39:37.126 V/DngCreator_JNI(  498): DngCreator_nativeClassInit:
12-15 21:39:37.149 E/QC-QMI  (  484): qmi_client [484]: unable to connect to server, errno=[2:No such file or directory], attempt=3
12-15 21:39:37.241 E/QC-QMI  (  509): qmi_client [509]: unable to connect to server, errno=[2:No such file or directory], attempt=4
12-15 21:39:37.249 I/art     (  499): Thread[1,tid=499,Native,Thread*=0xf55b6500,peer=0x12c35100,"main"] recursive attempt to load library "/system/lib/libmedia_jni.so"
12-15 21:39:37.250 D/MtpDeviceJNI(  499): register_android_mtp_MtpDevice
12-15 21:39:37.250 I/art     (  499): Thread[1,tid=499,Native,Thread*=0xf55b6500,peer=0x12c35100,"main"] recursive attempt to load library "/system/lib/libmedia_jni.so"
12-15 21:39:37.250 I/art     (  499): Thread[1,tid=499,Native,Thread*=0xf55b6500,peer=0x12c35100,"main"] recursive attempt to load library "/system/lib/libmedia_jni.so"
12-15 21:39:37.251 D/MDnsDS  (  481): MDnsSdListener::Hander starting up
12-15 21:39:37.251 D/MDnsDS  (  481): MDnsSdListener starting to monitor
12-15 21:39:37.251 D/MDnsDS  (  481): Going to poll with pollCount 1
12-15 21:39:37.253 I/art     (  498): Thread[1,tid=498,Native,Thread*=0x7fb14bba00,peer=0x12c2c100,"main"] recursive attempt to load library "/system/lib64/libmedia_jni.so"
12-15 21:39:37.253 D/MtpDeviceJNI(  498): register_android_mtp_MtpDevice
12-15 21:39:37.254 I/art     (  498): Thread[1,tid=498,Native,Thread*=0x7fb14bba00,peer=0x12c2c100,"main"] recursive attempt to load library "/system/lib64/libmedia_jni.so"
12-15 21:39:37.254 I/art     (  498): Thread[1,tid=498,Native,Thread*=0x7fb14bba00,peer=0x12c2c100,"main"] recursive attempt to load library "/system/lib64/libmedia_jni.so"
12-15 21:39:37.288 E/EmojiFactory_jni(  499): Failed to load libemoji.so: dlopen failed: library "libemoji.so" not found
12-15 21:39:37.288 E/EmojiFactory_jni(  498): Failed to load libemoji.so: dlopen failed: library "libemoji.so" not found
12-15 21:39:37.371 E/QC-QMI  (  495): qmi_client [495]: unable to connect to server, errno=[2:No such file or directory], attempt=4
12-15 21:39:37.397 E/QC-QMI  (  510): qmi_client [510]: unable to connect to server, errno=[2:No such file or directory], attempt=4
12-15 21:39:37.424 I/System  (  499): Loaded time zone names for "" in 18ms (18ms in ICU)
12-15 21:39:37.443 I/System  (  498): Loaded time zone names for "" in 23ms (22ms in ICU)
12-15 21:39:37.446 I/System  (  499): Loaded time zone names for "en_US" in 21ms (12ms in ICU)
12-15 21:39:37.462 I/System  (  499): Loaded time zone names for "de_DE" in 16ms (16ms in ICU)
12-15 21:39:37.472 I/System  (  498): Loaded time zone names for "en_US" in 29ms (28ms in ICU)
12-15 21:39:37.474 I/Zygote  (  499): ...preloaded 3831 classes in 958ms.
12-15 21:39:37.474 I/art     (  499): VMRuntime.preloadDexCaches starting
12-15 21:39:37.488 I/System  (  498): Loaded time zone names for "de_DE" in 16ms (15ms in ICU)
12-15 21:39:37.499 I/Zygote  (  498): ...preloaded 3831 classes in 1155ms.
12-15 21:39:37.499 I/art     (  498): VMRuntime.preloadDexCaches starting
12-15 21:39:37.527 I/art     (  499): VMRuntime.preloadDexCaches strings total=243695 before=43711 after=43711
12-15 21:39:37.527 I/art     (  499): VMRuntime.preloadDexCaches types total=20132 before=6880 after=6906
12-15 21:39:37.527 I/art     (  499): VMRuntime.preloadDexCaches fields total=98209 before=35725 after=35930
12-15 21:39:37.527 I/art     (  499): VMRuntime.preloadDexCaches methods total=170282 before=70820 after=71318
12-15 21:39:37.527 I/art     (  499): VMRuntime.preloadDexCaches finished
12-15 21:39:37.550 I/art     (  498): VMRuntime.preloadDexCaches strings total=243695 before=43711 after=43711
12-15 21:39:37.550 I/art     (  498): VMRuntime.preloadDexCaches types total=20132 before=6880 after=6906
12-15 21:39:37.550 I/art     (  498): VMRuntime.preloadDexCaches fields total=98209 before=35725 after=35930
12-15 21:39:37.550 I/art     (  498): VMRuntime.preloadDexCaches methods total=170282 before=70820 after=71318
12-15 21:39:37.550 I/art     (  498): VMRuntime.preloadDexCaches finished
12-15 21:39:37.559 W/Adreno-RS(  508): <rsdSetCacheDir:719>: System path detected in cacheDir: /system/vendor/lib
12-15 21:39:37.559 W/Adreno-RS(  508): <rsdSetCacheDir:730>: Caching & Profiling are disabled!
12-15 21:39:37.563 D/idmap   (  877): error: no read access to /vendor/overlay: No such file or directory
12-15 21:39:37.573 D/idmap   (  878): error: no read access to /vendor/overlay: No such file or directory
12-15 21:39:37.596 I/Zygote  (  498): Preloading resources...
12-15 21:39:37.598 I/Zygote  (  499): Preloading resources...
12-15 21:39:37.672 E/QC-QMI  (  572): qmi_client [572]: unable to connect to server, errno=[2:No such file or directory], attempt=3
12-15 21:39:37.673 E/slim_daemon(  572): [NDK] bindNDKSensors: Sensor server is unavailable.
12-15 21:39:37.751 E/mm-camera-img(  508): cac2_comp_load:1528] cds_proc_type 1
12-15 21:39:37.751 E/mm-camera(  508): pproc_module_init:2986 num_sub_mods:7
12-15 21:39:37.751 E/mm-camera-img(  508): Can not discover face-detect device
12-15 21:39:37.751 E/mm-camera-img(  508): Can not find device name
12-15 21:39:37.752 E/mm-camera-img(  508): faceproc_dsp_comp_load:1115] E 
12-15 21:39:37.752 E/mm-camera(  508): module_faceproc_init:2289] HW or DSP FD not available switch to SW
12-15 21:39:37.761 E/mm-camera-img(  508): hdr_comp_load:1258] Error opening hdr library
12-15 21:39:37.761 E/hdr     (  508): Cannot load hdr lib in module_hdr_lib_load
12-15 21:39:37.761 E/hdr     (  508): Cannot load library in hdr module
12-15 21:39:37.761 E/mm-camera-img(  508): module_imglib_create_topology:742] Can not init the module hdr
12-15 21:39:37.761 E/mm-camera-img(  508): frameproc_comp_load:843] Error opening frameproc library libmmcamera_chromaflash_lib.so error dlopen failed: library "libmmcamera_chromaflash_lib.so" not found
12-15 21:39:37.761 E/mm-camera(  508): module_imgbase_init_imglib_chroma_flash:2207] Error rc -6
12-15 21:39:37.761 E/mm-camera-img(  508): module_imglib_create_topology:742] Can not init the module imglib_chroma_flash
12-15 21:39:37.761 E/mm-camera-img(  508): frameproc_comp_load:843] Error opening frameproc library libmmcamera_optizoom_lib.so error dlopen failed: library "libmmcamera_optizoom_lib.so" not found
12-15 21:39:37.761 E/mm-camera(  508): module_imgbase_init_imglib_optizoom:2207] Error rc -6
12-15 21:39:37.762 E/mm-camera-img(  508): module_imglib_create_topology:742] Can not init the module imglib_optizoom
12-15 21:39:37.762 E/mm-camera-img(  508): frameproc_comp_load:843] Error opening frameproc library libmmcamera_ubifocus_lib.so error dlopen failed: library "libmmcamera_ubifocus_lib.so" not found
12-15 21:39:37.762 E/mm-camera(  508): module_imgbase_init_imglib_ubifocus:2207] Error rc -6
12-15 21:39:37.762 E/mm-camera-img(  508): module_imglib_create_topology:742] Can not init the module imglib_ubifocus
12-15 21:39:37.762 E/mm-camera-img(  508): frameproc_comp_load:843] Error opening frameproc library libmmcamera_ubifocus_lib.so error dlopen failed: library "libmmcamera_ubifocus_lib.so" not found
12-15 21:39:37.762 E/mm-camera(  508): module_imgbase_init_imglib_refocus:2207] Error rc -6
12-15 21:39:37.762 E/mm-camera-img(  508): module_imglib_create_topology:742] Can not init the module imglib_refocus
12-15 21:39:37.763 E/mm-camera-img(  508): frameproc_comp_load:843] Error opening frameproc library libmmcamera_trueportrait_lib.so error dlopen failed: library "libmmcamera_trueportrait_lib.so" not found
12-15 21:39:37.763 E/mm-camera(  508): module_imgbase_init_imglib_trueportrait:2207] Error rc -6
12-15 21:39:37.763 E/mm-camera-img(  508): module_imglib_create_topology:742] Can not init the module imglib_trueportrait
12-15 21:39:37.763 E/mm-camera-img(  508): frameproc_comp_load:843] Error opening frameproc library libmmcamera_stillmore_lib.so error dlopen failed: library "libmmcamera_stillmore_lib.so" not found
12-15 21:39:37.763 E/mm-camera(  508): module_imgbase_init_imglib_stillmore:2207] Error rc -6
12-15 21:39:37.763 E/mm-camera-img(  508): module_imglib_create_topology:742] Can not init the module imglib_stillmore
12-15 21:39:37.933 I/Zygote  (  498): ...preloaded 342 resources in 337ms.
12-15 21:39:37.937 I/Zygote  (  498): ...preloaded 41 resources in 4ms.
12-15 21:39:37.938 D/libEGL  (  498): loaded /vendor/lib64/egl/libEGL_adreno.so
12-15 21:39:37.952 I/Zygote  (  499): ...preloaded 342 resources in 354ms.
12-15 21:39:37.956 I/Zygote  (  499): ...preloaded 41 resources in 4ms.
12-15 21:39:37.961 D/libEGL  (  499): loaded /vendor/lib/egl/libEGL_adreno.so
12-15 21:39:37.978 D/libEGL  (  498): loaded /vendor/lib64/egl/libGLESv1_CM_adreno.so
12-15 21:39:37.986 D/libEGL  (  498): loaded /vendor/lib64/egl/libGLESv2_adreno.so
12-15 21:39:37.998 I/Zygote  (  498): Preloading shared libraries...
12-15 21:39:38.008 D/Zygote  (  498): end preload
12-15 21:39:38.008 I/art     (  498): Starting a blocking GC Explicit
12-15 21:39:38.018 I/art     (  498): Explicit concurrent mark sweep GC freed 11459(463KB) AllocSpace objects, 0(0B) LOS objects, 40% free, 11MB/19MB, paused 95us total 9.500ms
12-15 21:39:38.031 I/art     (  498): Starting a blocking GC Explicit
12-15 21:39:38.038 I/art     (  498): Explicit concurrent mark sweep GC freed 2467(116KB) AllocSpace objects, 0(0B) LOS objects, 40% free, 11MB/19MB, paused 74us total 7.597ms
12-15 21:39:38.039 I/art     (  498): Starting a blocking GC HeapTrim
12-15 21:39:38.041 I/art     (  498): Starting a blocking GC Background
12-15 21:39:38.069 I/Zygote  (  498): System server process 881 has been created
12-15 21:39:38.071 I/Zygote  (  498): Accepting command socket connections
12-15 21:39:38.079 D/libEGL  (  499): loaded /vendor/lib/egl/libGLESv1_CM_adreno.so
12-15 21:39:38.087 D/libEGL  (  499): loaded /vendor/lib/egl/libGLESv2_adreno.so
12-15 21:39:38.105 I/Zygote  (  499): Preloading shared libraries...
12-15 21:39:38.111 D/Zygote  (  499): end preload
12-15 21:39:38.111 I/art     (  499): Starting a blocking GC Explicit
12-15 21:39:38.117 I/art     (  499): Explicit concurrent mark sweep GC freed 3101(153KB) AllocSpace objects, 0(0B) LOS objects, 40% free, 11MB/19MB, paused 113us total 5.860ms
12-15 21:39:38.117 I/art     (  499): Starting a blocking GC Explicit
12-15 21:39:38.122 E/QC-QMI  (  493): qmi_client [493]: unable to connect to server, errno=[2:No such file or directory], attempt=5
12-15 21:39:38.123 I/art     (  499): Explicit concurrent mark sweep GC freed 159(6KB) AllocSpace objects, 0(0B) LOS objects, 40% free, 11MB/19MB, paused 110us total 5.491ms
12-15 21:39:38.123 I/Zygote  (  499): Accepting command socket connections
12-15 21:39:38.124 I/Zygote  (  881): Process: zygote socket opened, supported ABIS: armeabi-v7a,armeabi
12-15 21:39:38.125 I/InstallerConnection(  881): connecting...
12-15 21:39:38.125 I/installd(  487): new connection
12-15 21:39:38.149 E/QC-QMI  (  484): qmi_client [484]: unable to connect to server, errno=[2:No such file or directory], attempt=4
12-15 21:39:38.161 I/InstallerConnection(  881): disconnecting...
12-15 21:39:38.161 E/installd(  487): eof
12-15 21:39:38.161 E/installd(  487): failed to read size
12-15 21:39:38.161 I/installd(  487): closing connection
12-15 21:39:38.201 I/SystemServer(  881): Entered the Android system server!
12-15 21:39:38.241 E/QC-QMI  (  509): qmi_client [509]: unable to connect to server, errno=[2:No such file or directory], attempt=5
12-15 21:39:38.250 I/SystemServiceManager(  881): Starting com.android.server.pm.Installer
12-15 21:39:38.259 I/Installer(  881): Waiting for installd to be ready.
12-15 21:39:38.260 I/InstallerConnection(  881): connecting...
12-15 21:39:38.260 I/installd(  487): new connection
12-15 21:39:38.261 I/SystemServiceManager(  881): Starting com.android.server.am.ActivityManagerService$Lifecycle
12-15 21:39:38.298 I/ActivityManager(  881): Memory class: 192
12-15 21:39:38.315 D/BatteryStatsImpl(  881): Reading daily items from /data/system/batterystats-daily.xml
12-15 21:39:38.371 E/QC-QMI  (  495): qmi_client [495]: unable to connect to server, errno=[2:No such file or directory], attempt=5
12-15 21:39:38.397 E/QC-QMI  (  510): qmi_client [510]: unable to connect to server, errno=[2:No such file or directory], attempt=5
12-15 21:39:38.419 I/IntentFirewall(  881): Read new rules (A:0 B:0 S:0)
12-15 21:39:38.426 D/AppOps  (  881): AppOpsService published
12-15 21:39:38.426 I/SystemServiceManager(  881): Starting com.android.server.power.PowerManagerService
12-15 21:39:38.434 I/QCOMPowerHAL(  881): QCOM power HAL initing.
12-15 21:39:38.434 W/libsuspend(  881): Error writing 'on' to /sys/power/state: Invalid argument
12-15 21:39:38.434 I/libsuspend(  881): Selected wakeup count
12-15 21:39:38.434 E/QCOMPowerHAL(  881): Invalid hint ID.
12-15 21:39:38.437 I/SystemServiceManager(  881): Starting com.android.server.lights.LightsService
12-15 21:39:38.439 I/SystemServiceManager(  881): Starting com.android.server.display.DisplayManagerService
12-15 21:39:38.441 I/SystemServiceManager(  881): Starting phase 100
12-15 21:39:38.449 I/DisplayManagerService(  881): Display device added: DisplayDeviceInfo{"Integrierter Bildschirm": uniqueId="local:0", 1080 x 1920, modeId 1, defaultModeId 1, supportedModes [{id=1, width=1080, height=1920, fps=60.0}], colorTransformId 1, defaultColorTransformId 1, supportedColorTransforms [{id=1, colorTransform=-22}], density 420, 422.03 x 424.069 dpi, appVsyncOff 0, presDeadline 17666667, touch INTERNAL, rotation 0, type BUILT_IN, state UNKNOWN, FLAG_DEFAULT_DISPLAY, FLAG_ROTATES_WITH_CONTENT, FLAG_SECURE, FLAG_SUPPORTS_PROTECTED_BUFFERS}
12-15 21:39:38.451 D/SurfaceFlinger(  369): Set power mode=2, type=0 flinger=0x7fac043c00
12-15 21:39:38.451 D/SurfaceFlinger(  369): Screen type=0 is already mode=2
12-15 21:39:38.452 I/SystemServer(  881): Package Manager
12-15 21:39:38.452 I/DisplayManagerService(  881): Display device changed state: "Integrierter Bildschirm", ON
12-15 21:39:38.464 D/vold    (  338): Disk at 253:0 changed
12-15 21:39:38.492 D/vold    (  338): Disk at 253:0 changed
12-15 21:39:38.501 D/vold    (  338): Disk at 253:0 changed
12-15 21:39:38.511 D/SELinuxMMAC(  881): Using policy file /system/etc/security/mac_permissions.xml
12-15 21:39:38.522 D/PackageSettings(  881): Read domain verification for package:com.google.android.youtube
12-15 21:39:38.530 D/PackageSettings(  881): Read domain verification for package:com.android.vending
12-15 21:39:38.543 D/PackageSettings(  881): Read domain verification for package:com.google.android.apps.maps
12-15 21:39:38.611 D/vold    (  338): Disk at 253:0 changed
12-15 21:39:38.616 D/vold    (  338): Disk at 253:0 changed
12-15 21:39:38.616 D/vold    (  338): Disk at 253:0 changed
12-15 21:39:38.617 D/vold    (  338): Disk at 253:0 changed
12-15 21:39:38.617 D/vold    (  338): Disk at 253:0 changed
12-15 21:39:38.618 D/vold    (  338): Disk at 253:0 changed
12-15 21:39:38.619 D/vold    (  338): Disk at 253:0 changed
12-15 21:39:38.619 D/vold    (  338): Disk at 253:0 changed
12-15 21:39:38.620 D/vold    (  338): Disk at 253:0 changed
12-15 21:39:38.620 D/vold    (  338): Disk at 253:0 changed
12-15 21:39:38.637 E/art     (  881): DexFile_getDexOptNeeded file '/system/framework/org.apache.http.legacy.jar' does not exist
12-15 21:39:38.638 W/PackageManager(  881): Library not found: /system/framework/org.apache.http.legacy.jar
12-15 21:39:38.672 E/QC-QMI  (  572): qmi_client [572]: unable to connect to server, errno=[2:No such file or directory], attempt=4
12-15 21:39:38.674 E/slim_daemon(  572): [NDK] bindNDKSensors: Sensor server is unavailable.
12-15 21:39:38.693 E/art     (  881): DexFile_getDexOptNeeded file '/system/framework/org.apache.http.legacy.jar' does not exist
12-15 21:39:38.693 W/PackageManager(  881): Library not found: /system/framework/org.apache.http.legacy.jar
12-15 21:39:38.793 D/PackageManager(  881): No files in app dir /vendor/overlay
12-15 21:39:38.796 W/PackageManager(  881): Failed to parse /system/framework/arm: Missing base APK in /system/framework/arm
12-15 21:39:38.796 W/PackageManager(  881): Failed to parse /system/framework/arm64: Missing base APK in /system/framework/arm64
12-15 21:39:38.847 W/PackageManager(  881): Failed to parse /system/framework/oat: Missing base APK in /system/framework/oat
12-15 21:39:39.064 W/PackageParser(  881): Unknown element under <application>: uses-permission at /system/priv-app/DiagMon/DiagMon.apk Binary XML file line #7
12-15 21:39:39.092 W/PackageManager(  881): Permission android.permission.DOWNLOAD_WITHOUT_NOTIFICATION from package com.android.providers.downloads in an unknown group android.permission-group.NETWORK
12-15 21:39:39.122 E/QC-QMI  (  493): qmi_client [493]: unable to connect to server, errno=[2:No such file or directory], attempt=6
12-15 21:39:39.124 W/netmgrd (  494): type=1400 audit(0.0:49): avc: denied { read write } for name="diag" dev="tmpfs" ino=11510 scontext=u:r:netmgrd:s0 tcontext=u:object_r:diag_device:s0 tclass=chr_file permissive=0
12-15 21:39:39.136 E/Diag_Lib(  494):  Diag_LSM_Init: Failed to open handle to diag driver, error = 13
12-15 21:39:39.124 W/netmgrd (  494): type=1400 audit(0.0:50): avc: denied { read write } for name="diag" dev="tmpfs" ino=11510 scontext=u:r:netmgrd:s0 tcontext=u:object_r:diag_device:s0 tclass=chr_file permissive=0
12-15 21:39:39.138 E/Diag_Lib(  494):  Diag_LSM_Init: Failed to open handle to diag driver, error = 13
12-15 21:39:39.149 E/QC-QMI  (  491): linux_qmi_qmux_io_stop_watchdog_timer(): invalid timer_id for conn_id=0
12-15 21:39:39.149 E/QC-QMI  (  484): qmi_client [484]: unable to connect to server, errno=[2:No such file or directory], attempt=5
12-15 21:39:39.151 E/QC-QMI  (  491): qmi_ctl_rx_msg.c Can't find txn info for txn_id = 1
12-15 21:39:39.200 E/QC-QMI  (  491): qmuxd: unable to bind to listener socket, rc=-1, errno=[2:No such file or directory]
12-15 21:39:39.200 W/PackageParser(  881): No actions in intent filter at /system/priv-app/GoogleContacts/GoogleContacts.apk Binary XML file line #390
12-15 21:39:39.200 E/QC-QMI  (  491): qmuxd: invalid listener_fd recvd for sock_path=/dev/socket/qmux_nfc/qmux_connect_socket
12-15 21:39:39.200 E/QC-QMI  (  491): linux_qmi_qmux_io_stop_watchdog_timer(): invalid timer_id for conn_id=60
12-15 21:39:39.245 I/Atfwd_Daemon(  509): result : 255 	 ,Init step :0 	 ,qmiErrorCode: 0
12-15 21:39:39.245 I/Atfwd_Daemon(  509): result : 0 	 ,Init step :1 	 ,qmiErrorCode: 0
12-15 21:39:39.246 I/ServiceManager(  509): Waiting for service AtCmdFwd...
12-15 21:39:39.256 W/PackageParser(  881): No actions in intent filter at /system/priv-app/GoogleDialer/GoogleDialer.apk Binary XML file line #191
12-15 21:39:39.290 W/PackageParser(  881): Unknown element under <manifest>: uses-library at /system/priv-app/GoogleFeedback/GoogleFeedback.apk Binary XML file line #30
12-15 21:39:39.376 E/QC-QMI  (  491): qmi_qmux_open_connection: connection is disabled for conn_id=29
12-15 21:39:39.376 E/QC-QMI  (  491): qmi_qmux_tx_msg: failed to open inactive connd_id=29
12-15 21:39:39.376 E/QC-QMI  (  491): qmi_qmux: TX failed, connection inactive or in reset, conn_id=29, status_flags=4
12-15 21:39:39.376 E/QC-QMI  (  491): qmi_ctl_tx_msg: qmi_qmux_tx_msg failed
12-15 21:39:39.376 E/QC-QMI  (  491): qmi_ctl_handle_request: qmi_ctl_tx_msg call failed
12-15 21:39:39.377 E/QC-QMI  (  491): qmi_qmux_open_connection: connection is disabled for conn_id=29
12-15 21:39:39.377 E/QC-QMI  (  491): qmi_qmux_tx_msg: failed to open inactive connd_id=29
12-15 21:39:39.377 E/QC-QMI  (  491): qmi_qmux: TX failed, connection inactive or in reset, conn_id=29, status_flags=4
12-15 21:39:39.377 E/QC-QMI  (  491): qmi_ctl_tx_msg: qmi_qmux_tx_msg failed
12-15 21:39:39.377 E/QC-QMI  (  491): qmi_ctl_handle_request: qmi_ctl_tx_msg call failed
12-15 21:39:39.377 E/QC-QMI  (  491): qmi_qmux_open_connection: connection is disabled for conn_id=29
12-15 21:39:39.377 E/QC-QMI  (  491): qmi_qmux_tx_msg: failed to open inactive connd_id=29
12-15 21:39:39.377 E/QC-QMI  (  491): qmi_qmux: TX failed, connection inactive or in reset, conn_id=29, status_flags=4
12-15 21:39:39.377 E/QC-QMI  (  491): qmi_ctl_tx_msg: qmi_qmux_tx_msg failed
12-15 21:39:39.377 E/QC-QMI  (  491): qmi_ctl_handle_request: qmi_ctl_tx_msg call failed
12-15 21:39:39.378 E/QC-QMI  (  491): qmi_qmux_open_connection: connection is disabled for conn_id=48
12-15 21:39:39.383 E/QC-QMI  (  491): qmi_qmux_tx_msg: failed to open inactive connd_id=48
12-15 21:39:39.384 E/QC-QMI  (  491): qmi_qmux: TX failed, connection inactive or in reset, conn_id=48, status_flags=4
12-15 21:39:39.384 E/QC-QMI  (  491): qmi_ctl_tx_msg: qmi_qmux_tx_msg failed
12-15 21:39:39.384 E/QC-QMI  (  491): qmi_ctl_handle_request: qmi_ctl_tx_msg call failed
12-15 21:39:39.384 E/QC-QMI  (  491): qmi_qmux_open_connection: connection is disabled for conn_id=48
12-15 21:39:39.385 E/QC-QMI  (  491): qmi_qmux_tx_msg: failed to open inactive connd_id=48
12-15 21:39:39.385 E/QC-QMI  (  491): qmi_qmux: TX failed, connection inactive or in reset, conn_id=48, status_flags=4
12-15 21:39:39.385 E/QC-QMI  (  491): qmi_ctl_tx_msg: qmi_qmux_tx_msg failed
12-15 21:39:39.385 E/QC-QMI  (  491): qmi_ctl_handle_request: qmi_ctl_tx_msg call failed
12-15 21:39:39.385 E/QC-QMI  (  491): qmi_qmux_open_connection: connection is disabled for conn_id=57
12-15 21:39:39.385 E/QC-QMI  (  491): qmi_qmux_tx_msg: failed to open inactive connd_id=57
12-15 21:39:39.385 E/QC-QMI  (  491): qmi_qmux: TX failed, connection inactive or in reset, conn_id=57, status_flags=4
12-15 21:39:39.385 E/QC-QMI  (  491): qmi_ctl_tx_msg: qmi_qmux_tx_msg failed
12-15 21:39:39.385 E/QC-QMI  (  491): qmi_ctl_handle_request: qmi_ctl_tx_msg call failed
12-15 21:39:39.386 E/QC-QMI  (  491): qmi_qmux_open_connection: connection is disabled for conn_id=57
12-15 21:39:39.386 E/QC-QMI  (  491): qmi_qmux_tx_msg: failed to open inactive connd_id=57
12-15 21:39:39.386 E/QC-QMI  (  491): qmi_qmux: TX failed, connection inactive or in reset, conn_id=57, status_flags=4
12-15 21:39:39.386 E/QC-QMI  (  491): qmi_ctl_tx_msg: qmi_qmux_tx_msg failed
12-15 21:39:39.386 E/QC-QMI  (  491): qmi_ctl_handle_request: qmi_ctl_tx_msg call failed
12-15 21:39:39.388 E/QC-QMI  (  491): qmi_qmux_open_connection: connection is disabled for conn_id=29
12-15 21:39:39.388 E/QC-QMI  (  491): qmi_qmux_tx_msg: failed to open inactive connd_id=29
12-15 21:39:39.388 E/QC-QMI  (  491): qmi_qmux: TX failed, connection inactive or in reset, conn_id=29, status_flags=4
12-15 21:39:39.388 E/QC-QMI  (  491): qmi_ctl_tx_msg: qmi_qmux_tx_msg failed
12-15 21:39:39.388 E/QC-QMI  (  491): qmi_ctl_handle_request: qmi_ctl_tx_msg call failed
12-15 21:39:39.388 E/QC-QMI  (  491): qmi_qmux_open_connection: connection is disabled for conn_id=29
12-15 21:39:39.388 E/QC-QMI  (  491): qmi_qmux_tx_msg: failed to open inactive connd_id=29
12-15 21:39:39.389 E/QC-QMI  (  491): qmi_qmux: TX failed, connection inactive or in reset, conn_id=29, status_flags=4
12-15 21:39:39.389 E/QC-QMI  (  491): qmi_ctl_tx_msg: qmi_qmux_tx_msg failed
12-15 21:39:39.389 E/QC-QMI  (  491): qmi_ctl_handle_request: qmi_ctl_tx_msg call failed
12-15 21:39:39.389 E/QC-QMI  (  491): qmi_qmux_open_connection: connection is disabled for conn_id=48
12-15 21:39:39.389 E/QC-QMI  (  491): qmi_qmux_tx_msg: failed to open inactive connd_id=48
12-15 21:39:39.389 E/QC-QMI  (  491): qmi_qmux: TX failed, connection inactive or in reset, conn_id=48, status_flags=4
12-15 21:39:39.389 E/QC-QMI  (  491): qmi_ctl_tx_msg: qmi_qmux_tx_msg failed
12-15 21:39:39.389 E/QC-QMI  (  491): qmi_ctl_handle_request: qmi_ctl_tx_msg call failed
12-15 21:39:39.390 E/QC-QMI  (  491): qmi_qmux_open_connection: connection is disabled for conn_id=48
12-15 21:39:39.390 E/QC-QMI  (  491): qmi_qmux_tx_msg: failed to open inactive connd_id=48
12-15 21:39:39.390 E/QC-QMI  (  491): qmi_qmux: TX failed, connection inactive or in reset, conn_id=48, status_flags=4
12-15 21:39:39.390 E/QC-QMI  (  491): qmi_ctl_tx_msg: qmi_qmux_tx_msg failed
12-15 21:39:39.390 E/QC-QMI  (  491): qmi_ctl_handle_request: qmi_ctl_tx_msg call failed
12-15 21:39:39.391 E/QC-QMI  (  491): qmi_qmux_open_connection: connection is disabled for conn_id=57
12-15 21:39:39.391 E/QC-QMI  (  491): qmi_qmux_tx_msg: failed to open inactive connd_id=57
12-15 21:39:39.391 E/QC-QMI  (  491): qmi_qmux: TX failed, connection inactive or in reset, conn_id=57, status_flags=4
12-15 21:39:39.391 E/QC-QMI  (  491): qmi_ctl_tx_msg: qmi_qmux_tx_msg failed
12-15 21:39:39.391 E/QC-QMI  (  491): qmi_ctl_handle_request: qmi_ctl_tx_msg call failed
12-15 21:39:39.392 E/QC-QMI  (  491): qmi_qmux_open_connection: connection is disabled for conn_id=57
12-15 21:39:39.392 E/QC-QMI  (  491): qmi_qmux_tx_msg: failed to open inactive connd_id=57
12-15 21:39:39.392 E/QC-QMI  (  491): qmi_qmux: TX failed, connection inactive or in reset, conn_id=57, status_flags=4
12-15 21:39:39.392 E/QC-QMI  (  491): qmi_ctl_tx_msg: qmi_qmux_tx_msg failed
12-15 21:39:39.392 E/QC-QMI  (  491): qmi_ctl_handle_request: qmi_ctl_tx_msg call failed
12-15 21:39:39.393 E/QC-QMI  (  491): qmi_qmux_open_connection: connection is disabled for conn_id=29
12-15 21:39:39.393 E/QC-QMI  (  491): qmi_qmux_tx_msg: failed to open inactive connd_id=29
12-15 21:39:39.393 E/QC-QMI  (  491): qmi_qmux: TX failed, connection inactive or in reset, conn_id=29, status_flags=4
12-15 21:39:39.393 E/QC-QMI  (  491): qmi_ctl_tx_msg: qmi_qmux_tx_msg failed
12-15 21:39:39.393 E/QC-QMI  (  491): qmi_ctl_handle_request: qmi_ctl_tx_msg call failed
12-15 21:39:39.394 E/QC-QMI  (  491): qmi_qmux_open_connection: connection is disabled for conn_id=29
12-15 21:39:39.394 E/QC-QMI  (  491): qmi_qmux_tx_msg: failed to open inactive connd_id=29
12-15 21:39:39.395 E/QC-QMI  (  491): qmi_qmux: TX failed, connection inactive or in reset, conn_id=29, status_flags=4
12-15 21:39:39.395 E/QC-QMI  (  491): qmi_ctl_tx_msg: qmi_qmux_tx_msg failed
12-15 21:39:39.395 E/QC-QMI  (  491): qmi_ctl_handle_request: qmi_ctl_tx_msg call failed
12-15 21:39:39.395 E/QC-QMI  (  491): qmi_qmux_open_connection: connection is disabled for conn_id=48
12-15 21:39:39.395 E/QC-QMI  (  491): qmi_qmux_tx_msg: failed to open inactive connd_id=48
12-15 21:39:39.396 E/QC-QMI  (  491): qmi_qmux: TX failed, connection inactive or in reset, conn_id=48, status_flags=4
12-15 21:39:39.396 E/QC-QMI  (  491): qmi_ctl_tx_msg: qmi_qmux_tx_msg failed
12-15 21:39:39.396 E/QC-QMI  (  491): qmi_ctl_handle_request: qmi_ctl_tx_msg call failed
12-15 21:39:39.396 E/QC-QMI  (  491): qmi_qmux_open_connection: connection is disabled for conn_id=48
12-15 21:39:39.396 E/QC-QMI  (  491): qmi_qmux_tx_msg: failed to open inactive connd_id=48
12-15 21:39:39.396 E/QC-QMI  (  491): qmi_qmux: TX failed, connection inactive or in reset, conn_id=48, status_flags=4
12-15 21:39:39.397 E/QC-QMI  (  491): qmi_ctl_tx_msg: qmi_qmux_tx_msg failed
12-15 21:39:39.397 E/QC-QMI  (  491): qmi_ctl_handle_request: qmi_ctl_tx_msg call failed
12-15 21:39:39.397 E/QC-QMI  (  491): qmi_qmux_open_connection: connection is disabled for conn_id=57
12-15 21:39:39.397 E/QC-QMI  (  491): qmi_qmux_tx_msg: failed to open inactive connd_id=57
12-15 21:39:39.398 E/QC-QMI  (  491): qmi_qmux: TX failed, connection inactive or in reset, conn_id=57, status_flags=4
12-15 21:39:39.398 E/QC-QMI  (  491): qmi_ctl_tx_msg: qmi_qmux_tx_msg failed
12-15 21:39:39.398 E/QC-QMI  (  491): qmi_ctl_handle_request: qmi_ctl_tx_msg call failed
12-15 21:39:39.398 E/QC-QMI  (  491): qmi_qmux_open_connection: connection is disabled for conn_id=57
12-15 21:39:39.398 E/QC-QMI  (  491): qmi_qmux_tx_msg: failed to open inactive connd_id=57
12-15 21:39:39.398 E/QC-QMI  (  491): qmi_qmux: TX failed, connection inactive or in reset, conn_id=57, status_flags=4
12-15 21:39:39.398 E/QC-QMI  (  491): qmi_ctl_tx_msg: qmi_qmux_tx_msg failed
12-15 21:39:39.398 E/QC-QMI  (  491): qmi_ctl_handle_request: qmi_ctl_tx_msg call failed
12-15 21:39:39.399 E/QC-QMI  (  491): qmi_qmux_open_connection: connection is disabled for conn_id=29
12-15 21:39:39.399 E/QC-QMI  (  491): qmi_qmux_tx_msg: failed to open inactive connd_id=29
12-15 21:39:39.400 E/QC-QMI  (  491): qmi_qmux: TX failed, connection inactive or in reset, conn_id=29, status_flags=4
12-15 21:39:39.400 E/QC-QMI  (  491): qmi_ctl_tx_msg: qmi_qmux_tx_msg failed
12-15 21:39:39.400 E/QC-QMI  (  491): qmi_ctl_handle_request: qmi_ctl_tx_msg call failed
12-15 21:39:39.403 E/QC-QMI  (  491): qmi_qmux_open_connection: connection is disabled for conn_id=29
12-15 21:39:39.403 E/QC-QMI  (  491): qmi_qmux_tx_msg: failed to open inactive connd_id=29
12-15 21:39:39.403 E/QC-QMI  (  491): qmi_qmux: TX failed, connection inactive or in reset, conn_id=29, status_flags=4
12-15 21:39:39.403 E/QC-QMI  (  491): qmi_ctl_tx_msg: qmi_qmux_tx_msg failed
12-15 21:39:39.403 E/QC-QMI  (  491): qmi_ctl_handle_request: qmi_ctl_tx_msg call failed
12-15 21:39:39.404 E/QC-QMI  (  491): qmi_qmux_open_connection: connection is disabled for conn_id=48
12-15 21:39:39.404 E/QC-QMI  (  491): qmi_qmux_tx_msg: failed to open inactive connd_id=48
12-15 21:39:39.404 E/QC-QMI  (  491): qmi_qmux: TX failed, connection inactive or in reset, conn_id=48, status_flags=4
12-15 21:39:39.404 E/QC-QMI  (  491): qmi_ctl_tx_msg: qmi_qmux_tx_msg failed
12-15 21:39:39.405 E/QC-QMI  (  491): qmi_ctl_handle_request: qmi_ctl_tx_msg call failed
12-15 21:39:39.405 W/PackageParser(  881): Ignoring duplicate uses-permissions/uses-permissions-sdk-m: com.google.android.providers.gsf.permission.READ_GSERVICES in package: com.google.android.partnersetup at: Binary XML file line #31
12-15 21:39:39.405 E/QC-QMI  (  491): qmi_qmux_open_connection: connection is disabled for conn_id=48
12-15 21:39:39.406 E/QC-QMI  (  491): qmi_qmux_tx_msg: failed to open inactive connd_id=48
12-15 21:39:39.406 E/QC-QMI  (  491): qmi_qmux: TX failed, connection inactive or in reset, conn_id=48, status_flags=4
12-15 21:39:39.406 E/QC-QMI  (  491): qmi_ctl_tx_msg: qmi_qmux_tx_msg failed
12-15 21:39:39.406 E/QC-QMI  (  491): qmi_ctl_handle_request: qmi_ctl_tx_msg call failed
12-15 21:39:39.407 E/QC-QMI  (  510): qmi_client [510] 3: failed to locate client data
12-15 21:39:39.407 E/QC-QMI  (  491): qmi_qmux_open_connection: connection is disabled for conn_id=57
12-15 21:39:39.407 E/QC-QMI  (  491): qmi_qmux_tx_msg: failed to open inactive connd_id=57
12-15 21:39:39.407 E/QC-QMI  (  491): qmi_qmux: TX failed, connection inactive or in reset, conn_id=57, status_flags=4
12-15 21:39:39.407 E/QC-QMI  (  491): qmi_ctl_tx_msg: qmi_qmux_tx_msg failed
12-15 21:39:39.407 E/QC-QMI  (  491): qmi_ctl_handle_request: qmi_ctl_tx_msg call failed
12-15 21:39:39.408 E/QC-QMI  (  491): qmi_qmux_open_connection: connection is disabled for conn_id=57
12-15 21:39:39.408 E/QC-QMI  (  491): qmi_qmux_tx_msg: failed to open inactive connd_id=57
12-15 21:39:39.408 E/QC-QMI  (  491): qmi_qmux: TX failed, connection inactive or in reset, conn_id=57, status_flags=4
12-15 21:39:39.408 E/QC-QMI  (  491): qmi_ctl_tx_msg: qmi_qmux_tx_msg failed
12-15 21:39:39.408 E/QC-QMI  (  491): qmi_ctl_handle_request: qmi_ctl_tx_msg call failed
12-15 21:39:39.408 E/QC-QMI  (  491): qmuxd: RX on fd=17 returned error=0 errno[2:No such file or directory]
12-15 21:39:39.408 I/ThermalEngine(  495): qmi: Instance id 157 for fusion TS
12-15 21:39:39.408 E/QC-QMI  (  491): QMUX qmux_client_id=3 not found in qmux client list, unable to remove
12-15 21:39:39.409 E/QC-QMI  (  491): qmi_qmux_open_connection: connection is disabled for conn_id=29
12-15 21:39:39.409 E/QC-QMI  (  491): qmi_qmux_tx_msg: failed to open inactive connd_id=29
12-15 21:39:39.409 E/QC-QMI  (  491): qmi_qmux: TX failed, connection inactive or in reset, conn_id=29, status_flags=4
12-15 21:39:39.409 E/QC-QMI  (  491): qmi_ctl_tx_msg: qmi_qmux_tx_msg failed
12-15 21:39:39.409 E/QC-QMI  (  491): qmi_ctl_handle_request: qmi_ctl_tx_msg call failed
12-15 21:39:39.410 E/QC-QMI  (  491): qmi_qmux_open_connection: connection is disabled for conn_id=29
12-15 21:39:39.410 E/QC-QMI  (  491): qmi_qmux_tx_msg: failed to open inactive connd_id=29
12-15 21:39:39.410 E/QC-QMI  (  491): qmi_qmux: TX failed, connection inactive or in reset, conn_id=29, status_flags=4
12-15 21:39:39.410 E/QC-QMI  (  491): qmi_ctl_tx_msg: qmi_qmux_tx_msg failed
12-15 21:39:39.410 E/QC-QMI  (  491): qmi_ctl_handle_request: qmi_ctl_tx_msg call failed
12-15 21:39:39.410 E/QC-QMI  (  491): qmi_qmux_open_connection: connection is disabled for conn_id=48
12-15 21:39:39.410 E/QC-QMI  (  491): qmi_qmux_tx_msg: failed to open inactive connd_id=48
12-15 21:39:39.411 E/QC-QMI  (  491): qmi_qmux: TX failed, connection inactive or in reset, conn_id=48, status_flags=4
12-15 21:39:39.411 E/QC-QMI  (  491): qmi_ctl_tx_msg: qmi_qmux_tx_msg failed
12-15 21:39:39.411 E/QC-QMI  (  491): qmi_ctl_handle_request: qmi_ctl_tx_msg call failed
