12-15 19:39:57.665 I/SystemServiceManager(  878): Starting com.android.server.fingerprint.FingerprintService
12-15 19:39:57.668 D/PermissionCache(  513): checking android.permission.MANAGE_FINGERPRINT for uid=1000 => granted (460 us)
12-15 19:39:57.668 V/fingerprintd(  513): nativeOpenHal()
12-15 19:39:57.673 D/QSEECOMAPI: (  513): QSEECom_get_handle sb_length = 0x400
12-15 19:39:57.674 D/QSEECOMAPI: (  513): App is not loaded in QSEE
12-15 19:39:57.733 D/WifiApConfigStore(  878): 2G band allowed channels are:1,6,11
12-15 19:39:57.738 I/Adreno  (  878): QUALCOMM build                   : 63c06b2, I8366cd0437
12-15 19:39:57.738 I/Adreno  (  878): Build Date                       : 10/21/15
12-15 19:39:57.738 I/Adreno  (  878): OpenGL ES Shader Compiler Version: XE031.05.13.02
12-15 19:39:57.738 I/Adreno  (  878): Local Branch                     : 
12-15 19:39:57.738 I/Adreno  (  878): Remote Branch                    : quic/LA.BF64.1.2.9_v2
12-15 19:39:57.738 I/Adreno  (  878): Remote Branch                    : NONE
12-15 19:39:57.738 I/Adreno  (  878): Reconstruct Branch               : NOTHING
12-15 19:39:57.770 D/AssetAtlas(  878): Rendered atlas in 102,25ms (64,08+38,18ms)
12-15 19:39:57.782 D/QSEECOMAPI: (  513): Loaded image: APP id = 4
12-15 19:39:57.783 D/QSEECOMAPI: (  513): QSEECom_get_handle sb_length = 0x400
12-15 19:39:57.783 D/QSEECOMAPI: (  513): App is already loaded QSEE and app id = 3
12-15 19:39:57.785 D/QSEECOMAPI: (  513): QSEECom_dealloc_memory 
12-15 19:39:57.785 D/QSEECOMAPI: (  513): QSEECom_shutdown_app, app_id = 3
12-15 19:39:58.229 I/hubconnection(  878): sensorhub said: 'Found Bosch BMM150 Mag Sensor'
12-15 19:39:58.377 E/fingerprintd(  513): Wrong fp version. Expected 512, got 256
12-15 19:39:58.378 V/fingerprintd(  513): fingerprint HAL successfully initialized
12-15 19:39:58.378 V/fingerprintd(  513): setActiveGroup(0, /data/system/users/0/fpdata, 27)
12-15 19:39:58.421 V/FingerprintService(  878): Fingerprint HAL id: 547552169984
12-15 19:39:58.422 I/SystemServer(  878): BackgroundDexOptService
12-15 19:39:58.423 I/SystemServiceManager(  878): Starting com.android.server.pm.LauncherAppsService
12-15 19:39:58.424 I/SystemServiceManager(  878): Starting com.android.server.media.projection.MediaProjectionManagerService
12-15 19:39:58.428 I/WindowManager(  878): SAFE MODE not enabled
12-15 19:39:58.429 I/SystemServiceManager(  878): Starting com.android.server.MmsServiceBroker
12-15 19:39:58.525 E/LockSettingsStorage(  878): Cannot read file java.io.FileNotFoundException: /data/system/password.key: open failed: ENOENT (No such file or directory)
12-15 19:39:58.527 I/SystemServiceManager(  878): Starting phase 480
12-15 19:39:58.543 I/SystemServiceManager(  878): Starting phase 500
12-15 19:39:58.547 D/BluetoothService(  878): onBootPhase: PHASE_SYSTEM_SERVICES_READY
12-15 19:39:58.549 I/WifiService(  878): WifiService starting up with Wi-Fi enabled
12-15 19:39:58.551 D/WifiService(  878): setWifiEnabled: true pid=878, uid=1000
12-15 19:39:58.551 E/WifiService(  878): Invoking mWifiStateMachine.setWifiEnabled
12-15 19:39:58.553 D/WifiController(  878): WifiController msg { when=-1ms what=155656 target=com.android.internal.util.StateMachine$SmHandler } deferred for 499ms
12-15 19:39:58.557 D/WifiService(  878): New client listening to asynchronous messages
12-15 19:39:58.559 I/WifiScanningService(  878): Registering wifiscanner
12-15 19:39:58.562 I/RttService(  878): Registering rttmanager
12-15 19:39:58.564 I/EthernetServiceImpl(  878): Starting Ethernet service
12-15 19:39:58.567 D/Ethernet(  878): Registering NetworkFactory
12-15 19:39:58.568 D/ConnectivityService(  878): Got NetworkFactory Messenger for Ethernet
12-15 19:39:58.569 D/Ethernet(  878): got request NetworkRequest [ id=1, legacyType=-1, [ Capabilities: INTERNET&NOT_RESTRICTED&TRUSTED&NOT_VPN] ] with score 0
12-15 19:39:59.019 I/MSM-irqbalance(  373): Discovered a new IRQ: 276
12-15 19:39:59.058 D/WifiController(  878): DEFERRED_TOGGLE handled
12-15 19:39:59.430 D/Tethering(  878): sendTetherStateChangedBroadcast 1, 0, 0
12-15 19:39:59.432 D/Tethering(  878): InitialState.processMessage what=4
12-15 19:39:59.433 D/Tethering(  878): sendTetherStateChangedBroadcast 0, 0, 0
12-15 19:39:59.439 E/cnss-daemon(  507): wlan0CA6174_REV3_2 interface name wlan0 5
12-15 19:39:59.440 E/cnss-daemon(  507): p2p00CA6174_REV3_2 interface name p2p0 4
12-15 19:39:59.441 E/cnss-daemon(  507): wlan_service_rps_enable: unable to open /sys/class/net/p2p0/queues/rx-0/rps_cpus
12-15 19:39:59.441 D/SoftapController(  483): Softap fwReload - Ok
12-15 19:39:59.442 E/NetdConnector(  878): NDC Command {1 softap fwreload wlan0 STA} took too long (889ms)
12-15 19:39:59.446 E/NetdConnector(  878): NDC Command {2 interface list} took too long (878ms)
12-15 19:39:59.449 D/CommandListener(  483): Setting iface cfg
12-15 19:39:59.449 D/CommandListener(  483): Trying to bring down wlan0
12-15 19:39:59.450 D/CommandListener(  483): Clearing all IP addresses on wlan0
12-15 19:39:59.454 E/WifiMonitor(  878): killSupplicant p2ptrue init.svc.wpa_supplicant=unknown init.svc.p2p_supplicant=unknown
12-15 19:39:59.455 V/BackupManagerService(  878): No ancestral data
12-15 19:39:59.501 V/KeyValueBackupJob(  878): Scheduling k/v pass in 248 minutes
12-15 19:39:59.542 V/BackupManagerService(  878): Starting with transport com.google.android.gms/.backup.BackupTransportService
12-15 19:39:59.542 V/BackupManagerService(  878): Found transports: 2
12-15 19:39:59.549 I/BackupManagerService(  878): Found stale backup journal, scheduling
12-15 19:39:59.589 D/wifi    (  878): set interface wlan0 flags (UP)
12-15 19:39:59.589 I/WifiHAL (  878): Initializing wifi
12-15 19:39:59.595 I/WifiHAL (  878): nl_socket_set_buffer_size successful for user_sock
12-15 19:39:59.595 I/WifiHAL (  878): Initiialized diag sock successfully
12-15 19:39:59.595 D/WifiHAL (  878): WifihalGeneric 0x7f7c47eb90 constructed
12-15 19:39:59.596 I/WifiHAL (  878): ******HexDump len:0*********
12-15 19:39:59.596 I/WifiHAL (  878): ******HexDump End***********
12-15 19:39:59.596 I/WifiHAL (  878): Got a Wi-Fi HAL module message from Driver
12-15 19:39:59.596 I/WifiHAL (  878): Supported feature set : db9bf
12-15 19:39:59.596 D/WifiHAL (  878): WifihalGeneric 0x7f7c47eb90 destructor
12-15 19:39:59.597 I/WifiHAL (  878): Initializing Gscan Event Handlers
12-15 19:39:59.597 I/WifiHAL (  878): Initialized Wifi HAL Successfully; vendor cmd = 103 Supported features : db9bf
12-15 19:39:59.597 D/wifi    (  878): Did set static halHandle = 0x7f7e1e3500
12-15 19:39:59.597 D/wifi    (  878): halHandle = 0x7f7e1e3500, mVM = 0x7f98a4d140, mCls = 0x200682
12-15 19:39:59.597 D/wifi    (  878): array field set
12-15 19:39:59.597 I/WifiNative-HAL(  878): interface[0] = p2p0
12-15 19:39:59.597 I/WifiNative-HAL(  878): interface[1] = wlan0
12-15 19:39:59.598 W/KeyguardServiceDelegate(  878): onScreenTurningOn(): no keyguard service!
12-15 19:39:59.598 I/WifiNative-HAL(  878): Waiting for HAL events mWifiHalHandle=547576755456
12-15 19:39:59.599 D/wifi    (  878): waitForHalEvents called, vm = 0x7f98a4d140, obj = 0x200682, env = 0x7f7c4b54c0
12-15 19:39:59.600 I/sensors (  878): batch
12-15 19:39:59.601 I/sensors (  878): activate
12-15 19:39:59.604 I/hubconnection(  878): sensorhub said: 'batch 7 flags:0, sampling_rate_Hz:4.00, max_report_latency_us:0'
12-15 19:39:59.604 I/hubconnection(  878): sensorhub said: 'activate 7 enable:1'
12-15 19:39:59.622 I/ActivityManager(  878): System now ready
12-15 19:39:59.625 I/SystemServer(  878): Making services ready
12-15 19:39:59.625 I/SystemServiceManager(  878): Starting phase 550
12-15 19:39:59.628 D/MountService(  878): Thinking about reset, mSystemReady=true, mDaemonConnected=true
12-15 19:39:59.628 D/VoldConnector(  878): SND -> {3 volume reset}
12-15 19:39:59.628 I/ActivityManager(  878): Force stopping com.android.providers.media appid=10009 user=-1: vold reset
12-15 19:39:59.629 D/VoldConnector(  878): RCV <- {651 emulated 7}
12-15 19:39:59.629 D/UsbAlsaManager(  878): Adding ALSA device AlsaDevice: [card: 0, device: 0, type: 2]
12-15 19:39:59.629 D/VoldConnector(  878): RCV <- {659 emulated}
12-15 19:39:59.629 D/UsbAlsaManager(  878): Adding ALSA device AlsaDevice: [card: 0, device: 0, type: 1]
12-15 19:39:59.629 D/UsbAlsaManager(  878): Adding ALSA device AlsaDevice: [card: 0, device: 1, type: 2]
12-15 19:39:59.629 D/UsbAlsaManager(  878): Adding ALSA device AlsaDevice: [card: 0, device: 1, type: 1]
12-15 19:39:59.629 D/VoldConnector(  878): RCV <- {650 emulated 2 "" ""}
12-15 19:39:59.629 D/UsbAlsaManager(  878): Adding ALSA device AlsaDevice: [card: 0, device: 2, type: 2]
12-15 19:39:59.629 D/UsbAlsaManager(  878): Adding ALSA device AlsaDevice: [card: 0, device: 2, type: 1]
12-15 19:39:59.630 D/UsbAlsaManager(  878): Adding ALSA device AlsaDevice: [card: 0, device: 3, type: 2]
12-15 19:39:59.630 D/VoldConnector(  878): RCV <- {651 emulated 0}
12-15 19:39:59.630 D/UsbAlsaManager(  878): Adding ALSA device AlsaDevice: [card: 0, device: 3, type: 1]
12-15 19:39:59.630 D/UsbAlsaManager(  878): Adding ALSA device AlsaDevice: [card: 0, device: 4, type: 1]
12-15 19:39:59.630 D/UsbAlsaManager(  878): Adding ALSA device AlsaDevice: [card: 0, device: 5, type: 2]
12-15 19:39:59.630 D/UsbAlsaManager(  878): Adding ALSA device AlsaDevice: [card: 0, device: 5, type: 1]
12-15 19:39:59.630 D/VoldConnector(  878): RCV <- {200 3 Command succeeded}
12-15 19:39:59.630 D/UsbAlsaManager(  878): Adding ALSA device AlsaDevice: [card: 0, device: 6, type: 2]
12-15 19:39:59.630 D/UsbAlsaManager(  878): Adding ALSA device AlsaDevice: [card: 0, device: 7, type: 1]
12-15 19:39:59.630 D/UsbAlsaManager(  878): Adding ALSA device AlsaDevice: [card: 0, device: 8, type: 2]
12-15 19:39:59.630 D/UsbAlsaManager(  878): Adding ALSA device AlsaDevice: [card: 0, device: 10, type: 2]
12-15 19:39:59.630 D/UsbAlsaManager(  878): Adding ALSA device AlsaDevice: [card: 0, device: 10, type: 1]
12-15 19:39:59.630 D/UsbAlsaManager(  878): Adding ALSA device AlsaDevice: [card: 0, device: 11, type: 2]
12-15 19:39:59.630 D/UsbAlsaManager(  878): Adding ALSA device AlsaDevice: [card: 0, device: 11, type: 1]
12-15 19:39:59.630 D/UsbAlsaManager(  878): Adding ALSA device AlsaDevice: [card: 0, device: 12, type: 2]
12-15 19:39:59.630 D/UsbAlsaManager(  878): Adding ALSA device AlsaDevice: [card: 0, device: 12, type: 1]
12-15 19:39:59.630 D/UsbAlsaManager(  878): Adding ALSA device AlsaDevice: [card: 0, device: 13, type: 2]
12-15 19:39:59.630 D/UsbAlsaManager(  878): Adding ALSA device AlsaDevice: [card: 0, device: 13, type: 1]
12-15 19:39:59.630 D/UsbAlsaManager(  878): Adding ALSA device AlsaDevice: [card: 0, device: 14, type: 2]
12-15 19:39:59.630 D/UsbAlsaManager(  878): Adding ALSA device AlsaDevice: [card: 0, device: 14, type: 1]
12-15 19:39:59.630 D/VoldConnector(  878): SND -> {4 volume user_added 0 0}
12-15 19:39:59.630 D/UsbAlsaManager(  878): Adding ALSA device AlsaDevice: [card: 0, device: 15, type: 2]
12-15 19:39:59.630 D/UsbAlsaManager(  878): Adding ALSA device AlsaDevice: [card: 0, device: 15, type: 1]
12-15 19:39:59.631 D/UsbAlsaManager(  878): Adding ALSA device AlsaDevice: [card: 0, device: 16, type: 2]
12-15 19:39:59.631 D/UsbAlsaManager(  878): Adding ALSA device AlsaDevice: [card: 0, device: 19, type: 2]
12-15 19:39:59.631 D/UsbAlsaManager(  878): Adding ALSA device AlsaDevice: [card: 0, device: 19, type: 1]
12-15 19:39:59.631 D/UsbAlsaManager(  878): Adding ALSA device AlsaDevice: [card: 0, device: 20, type: 2]
12-15 19:39:59.631 D/UsbAlsaManager(  878): Adding ALSA device AlsaDevice: [card: 0, device: 20, type: 1]
12-15 19:39:59.631 D/UsbAlsaManager(  878): Adding ALSA device AlsaDevice: [card: 0, device: 21, type: 1]
12-15 19:39:59.631 D/UsbAlsaManager(  878): Adding ALSA device AlsaDevice: [card: 0, device: 22, type: 2]
12-15 19:39:59.631 D/UsbAlsaManager(  878): Adding ALSA device AlsaDevice: [card: 0, device: 22, type: 1]
12-15 19:39:59.631 D/VoldConnector(  878): RCV <- {200 4 Command succeeded}
12-15 19:39:59.631 D/UsbAlsaManager(  878): Adding ALSA device AlsaDevice: [card: 0, device: 23, type: 2]
12-15 19:39:59.631 D/UsbAlsaManager(  878): Adding ALSA device AlsaDevice: [card: 0, device: 23, type: 1]
12-15 19:39:59.631 D/UsbAlsaManager(  878): Adding ALSA device AlsaDevice: [card: 0, device: 24, type: 2]
12-15 19:39:59.631 D/UsbAlsaManager(  878): Adding ALSA device AlsaDevice: [card: 0, device: 24, type: 1]
12-15 19:39:59.631 D/UsbAlsaManager(  878): Adding ALSA device AlsaDevice: [card: 0, device: 25, type: 2]
12-15 19:39:59.631 D/UsbAlsaManager(  878): Adding ALSA device AlsaDevice: [card: 0, device: 26, type: 1]
12-15 19:39:59.631 D/UsbAlsaManager(  878): Adding ALSA device AlsaDevice: [card: 0, device: 27, type: 2]
12-15 19:39:59.631 D/UsbAlsaManager(  878): Adding ALSA device AlsaDevice: [card: 0, device: 28, type: 2]
12-15 19:39:59.631 D/UsbAlsaManager(  878): Adding ALSA device AlsaDevice: [card: 0, device: 29, type: 2]
12-15 19:39:59.631 D/UsbAlsaManager(  878): Adding ALSA device AlsaDevice: [card: 0, device: 30, type: 2]
12-15 19:39:59.631 D/UsbAlsaManager(  878): Adding ALSA device AlsaDevice: [card: 0, device: 31, type: 2]
12-15 19:39:59.631 D/UsbAlsaManager(  878): Adding ALSA device AlsaDevice: [card: 0, device: 32, type: 2]
12-15 19:39:59.632 D/UsbAlsaManager(  878): Adding ALSA device AlsaDevice: [card: 0, device: 33, type: 2]
12-15 19:39:59.632 D/UsbAlsaManager(  878): Adding ALSA device AlsaDevice: [card: 0, device: 34, type: 2]
12-15 19:39:59.632 D/UsbAlsaManager(  878): Adding ALSA device AlsaDevice: [card: 0, device: 35, type: 2]
12-15 19:39:59.632 D/UsbAlsaManager(  878): Adding ALSA device AlsaDevice: [card: 0, device: 35, type: 1]
12-15 19:39:59.632 D/UsbAlsaManager(  878): Adding ALSA device AlsaDevice: [card: 0, device: 36, type: 2]
12-15 19:39:59.632 D/UsbAlsaManager(  878): Adding ALSA device AlsaDevice: [card: 0, device: 36, type: 1]
12-15 19:39:59.632 D/UsbAlsaManager(  878): Adding ALSA device AlsaDevice: [card: 0, device: 43, type: 2]
12-15 19:39:59.633 V/MountService(  878): Found primary storage at VolumeInfo{emulated}:
12-15 19:39:59.633 V/MountService(  878):     type=EMULATED diskId=null partGuid=null mountFlags=0 mountUserId=-1 
12-15 19:39:59.633 V/MountService(  878):     state=UNMOUNTED 
12-15 19:39:59.633 V/MountService(  878):     fsType=null fsUuid=null fsLabel=null 
12-15 19:39:59.633 V/MountService(  878):     path=null internalPath=null 
12-15 19:39:59.633 D/VoldConnector(  878): SND -> {5 volume mount emulated 3 -1}
12-15 19:39:59.635 V/vold    (  338): Waiting for FUSE to spin up...
12-15 19:39:59.636 D/VoldConnector(  878): RCV <- {651 emulated 1}
12-15 19:39:59.636 D/VoldConnector(  878): RCV <- {656 emulated /data/media}
12-15 19:39:59.636 D/VoldConnector(  878): RCV <- {655 emulated /storage/emulated}
12-15 19:39:59.636 I/SystemServer(  878): WebViewFactory preparation
12-15 19:39:59.643 I/Zygote  (  878): Process: zygote socket opened, supported ABIS: arm64-v8a
12-15 19:39:59.644 I/Zygote  (  878): Process: zygote socket opened, supported ABIS: armeabi-v7a,armeabi
12-15 19:39:59.646 I/art     (  501): Starting a blocking GC Background
12-15 19:39:59.668 I/wpa_supplicant( 2953): Successfully initialized wpa_supplicant
12-15 19:39:59.671 I/wpa_supplicant( 2953): rfkill: Cannot open RFKILL control device
12-15 19:39:59.680 I/WifiHAL (  878): event received NL80211_CMD_VENDOR, vendor_id = 0x1374, subcmd = 0xa
12-15 19:39:59.686 D/VoldConnector(  878): RCV <- {651 emulated 2}
12-15 19:39:59.686 D/VoldConnector(  878): RCV <- {200 5 Command succeeded}
12-15 19:39:59.691 I/ActivityManager(  878): Start proc 2961:WebViewLoader-armeabi-v7a/1037 [android.webkit.WebViewFactory$RelroFileCreator] for 
12-15 19:39:59.700 V/WebViewFactory( 2961): RelroFileCreator (64bit = false),  32-bit lib: /system/app/WebViewGoogle/WebViewGoogle.apk!/lib/armeabi-v7a/libwebviewchromium.so, 64-bit lib: /system/app/WebViewGoogle/WebViewGoogle.apk!/lib/arm64-v8a/libwebviewchromium.so
12-15 19:39:59.702 I/ActivityManager(  878): Start proc 2971:WebViewLoader-arm64-v8a/1037 [android.webkit.WebViewFactory$RelroFileCreator] for 
12-15 19:39:59.704 I/UsbPortManager(  878): USB port added: port=UsbPort{id=otg_default, supportedModes=dual}, status=UsbPortStatus{connected=false, currentMode=none, currentPowerRole=no-power, currentDataRole=no-data, supportedRoleCombinations=[no-power:no-data]}, canChangeMode=true, canChangePowerRole=false, canChangeDataRole=false
12-15 19:39:59.705 V/WebViewFactory( 2971): RelroFileCreator (64bit = true),  32-bit lib: /system/app/WebViewGoogle/WebViewGoogle.apk!/lib/armeabi-v7a/libwebviewchromium.so, 64-bit lib: /system/app/WebViewGoogle/WebViewGoogle.apk!/lib/arm64-v8a/libwebviewchromium.so
12-15 19:39:59.714 I/ActivityManager(  878): Start proc 2985:com.android.systemui/u0a29 for service com.android.systemui/.SystemUIService
12-15 19:39:59.715 D/NetworkManagement(  878): enabling bandwidth control
12-15 19:39:59.727 I/ActivityManager(  878): Start proc 2996:android.process.media/u0a9 for broadcast com.android.providers.media/.MtpReceiver
12-15 19:39:59.748 I/ActivityManager(  878): Start proc 3009:com.android.externalstorage/u0a11 for broadcast com.android.externalstorage/.MountReceiver
12-15 19:39:59.749 D/WifiMonitor(  878): startMonitoring(wlan0) with mConnected = false
12-15 19:39:59.777 W/System  ( 2985): ClassLoader referenced unknown path: /system/priv-app/SystemUI/lib/arm64
12-15 19:39:59.786 W/System  ( 2996): ClassLoader referenced unknown path: /system/priv-app/MediaProvider/lib/arm64
12-15 19:39:59.792 W/System  ( 2996): ClassLoader referenced unknown path: /system/priv-app/DownloadProvider/lib/arm64
12-15 19:39:59.793 V/SystemUIService( 2985): Starting SystemUI services.
12-15 19:39:59.803 W/System  ( 3009): ClassLoader referenced unknown path: /system/priv-app/ExternalStorageProvider/lib/arm64
12-15 19:39:59.809 D/ExternalStorage( 3009): After updating volumes, found 1 active roots
12-15 19:39:59.813 D/ExternalStorage( 3009): After updating volumes, found 1 active roots
12-15 19:39:59.826 I/ActivityManager(  878): Start proc 3031:com.google.android.apps.gcs/u0a12 for broadcast com.google.android.apps.gcs/.receiver.WifiStateChangedReceiver
12-15 19:39:59.847 I/art     ( 2971): System.exit called, status: 0
12-15 19:39:59.847 I/AndroidRuntime( 2971): VM exiting with result code 0, cleanup skipped.
12-15 19:39:59.851 I/wpa_supplicant( 2953): rfkill: Cannot open RFKILL control device
12-15 19:39:59.867 W/System  ( 3031): ClassLoader referenced unknown path: /system/priv-app/GCS/lib/arm64
12-15 19:39:59.873 I/art     ( 2961): System.exit called, status: 0
12-15 19:39:59.873 I/AndroidRuntime( 2961): VM exiting with result code 0, cleanup skipped.
12-15 19:39:59.890 I/wpa_supplicant( 2953): wlan0: CTRL-EVENT-AVOID-FREQ ranges=
12-15 19:39:59.892 I/wpa_supplicant( 2953): wlan0: CTRL-EVENT-REGDOM-CHANGE init=USER type=UNKNOWN
12-15 19:39:59.894 D/WifiConfigStore(  878): Loading config and enabling all networks 
12-15 19:39:59.902 E/WVMExtractor( 2985): Failed to open libwvm.so: dlopen failed: library "libwvm.so" not found
12-15 19:39:59.902 D/WifiConfigStore(  878): loaded 0 passpoint configs
12-15 19:39:59.903 E/WifiConfigStore(  878): Error parsing configuration: java.io.FileNotFoundException: /data/misc/wifi/ipconfig.txt: open failed: ENOENT (No such file or directory)
12-15 19:39:59.906 W/WifiConfigStore(  878): Upgrading network 0 to android.uid.system:1000
12-15 19:39:59.907 E/WifiConfigStore(  878): readAutoJoinStatus: Error parsing configurationjava.io.FileNotFoundException: /data/misc/wifi/autojoinconfig.txt: open failed: ENOENT (No such file or directory)
12-15 19:39:59.907 E/WifiConfigStore(  878): buildPnoList sortedWifiConfigurations size 1
12-15 19:39:59.907 E/WifiConfigStore(  878): found sortedWifiConfigurations : "1011001000"WPA_PSK
12-15 19:39:59.911 D/WifiNative-HAL(  878): Setting external_sim to 1
12-15 19:39:59.911 D/wifi    (  878): setting dfs flag to true, 0x7f82390c60
12-15 19:39:59.911 I/WifiHAL (  878): ******HexDump len:0*********
12-15 19:39:59.911 I/WifiHAL (  878): ******HexDump End***********
12-15 19:39:59.912 D/WifiHAL (  878): requestResponse: request a response
12-15 19:39:59.912 D/WifiStateMachine(  878): Setting OUI to DA-A1-19
12-15 19:39:59.912 D/wifi    (  878): setting scan oui 0x7f82390c60
12-15 19:39:59.912 I/WifiHAL (  878): ******HexDump len:0*********
12-15 19:39:59.912 I/WifiHAL (  878): ******HexDump End***********
12-15 19:39:59.912 I/WifiHAL (  878): wifi_set_scanning_mac_oui: MAC_OUI - da:a1:19
12-15 19:39:59.913 D/WifiHAL (  878): requestResponse: request a response
12-15 19:39:59.919 E/WifiHAL (  878): wifi_error wifi_get_link_stats(wifi_request_id, wifi_interface_handle, wifi_stats_result_handler): requestResponse Error:-22
12-15 19:39:59.920 E/wifi    (  878): android_net_wifi_getLinkLayerStats: failed to get link statistics
12-15 19:39:59.921 D/WifiHAL (  878): WifihalGeneric 0x7f7c47eb90 constructed
12-15 19:39:59.921 I/WifiHAL (  878): ******HexDump len:0*********
12-15 19:39:59.921 I/WifiHAL (  878): ******HexDump End***********
12-15 19:39:59.922 I/WifiHAL (  878): Got a Wi-Fi HAL module message from Driver
12-15 19:39:59.922 I/WifiHAL (  878): Supported feature set : db9bf
12-15 19:39:59.922 D/WifiHAL (  878): WifihalGeneric 0x7f7c47eb90 destructor
12-15 19:39:59.922 I/WifiHAL (  878): Supported feature set acquired : db9bf
12-15 19:39:59.922 D/wifi    (  878): android_net_wifi_setLinkLayerStats: 1
12-15 19:39:59.922 I/WifiHAL (  878): mpdu_size_threshold : 128, aggressive_statistics_gathering : 1
12-15 19:39:59.931 E/OMXMaster(  488): A component of name 'OMX.qcom.audio.decoder.aac' already exists, ignoring this one.
12-15 19:39:59.945 I/ActivityManager(  878): Start proc 3077:com.google.process.gapps/u0a13 for content provider com.google.android.gsf/.gservices.GservicesProvider
12-15 19:39:59.945 D/WifiConfigStore(  878): Loading config and enabling all networks 
12-15 19:39:59.952 D/MtpService( 2996): starting MTP server in MTP mode
12-15 19:39:59.953 D/WifiConfigStore(  878): loaded 0 passpoint configs
12-15 19:39:59.953 E/WifiConfigStore(  878): Error parsing configuration: java.io.FileNotFoundException: /data/misc/wifi/ipconfig.txt: open failed: ENOENT (No such file or directory)
12-15 19:39:59.954 W/WifiConfigStore(  878): Upgrading network 0 to android.uid.system:1000
12-15 19:39:59.954 E/WifiConfigStore(  878): readAutoJoinStatus: Error parsing configurationjava.io.FileNotFoundException: /data/misc/wifi/autojoinconfig.txt: open failed: ENOENT (No such file or directory)
12-15 19:39:59.954 E/WifiConfigStore(  878): buildPnoList sortedWifiConfigurations size 1
12-15 19:39:59.955 E/WifiConfigStore(  878): found sortedWifiConfigurations : "1011001000"WPA_PSK
12-15 19:39:59.973 I/wpa_supplicant( 2953): wlan0: CTRL-EVENT-REGDOM-CHANGE init=USER type=COUNTRY alpha2=00
12-15 19:39:59.978 E/native  (  878): do suspend false
12-15 19:39:59.979 D/WifiConfigStore(  878): No blacklist allowed without epno enabled
12-15 19:39:59.990 W/System  ( 3077): ClassLoader referenced unknown path: /system/priv-app/GoogleServicesFramework/lib/arm64
12-15 19:40:00.014 I/GservicesProvider( 3077): Gservices pushing to system: true; secure/global: true
12-15 19:40:00.034 I/vol.Events( 2985): writeEvent collection_started
12-15 19:40:00.038 I/vol.Events( 2985): writeEvent external_ringer_mode_changed normal
12-15 19:40:00.040 I/vol.Events( 2985): writeEvent internal_ringer_mode_changed normal
12-15 19:40:00.071 I/GoogleHttpClient( 3077): GMS http client unavailable, use old client
12-15 19:40:00.072 I/vol.Events( 2985): writeEvent level_changed STREAM_ALARM 6
12-15 19:40:00.073 I/vol.Events( 2985): writeEvent level_changed STREAM_BLUETOOTH_SCO 7
12-15 19:40:00.077 I/vol.Events( 2985): writeEvent level_changed STREAM_MUSIC 11
12-15 19:40:00.081 I/vol.Events( 2985): writeEvent level_changed STREAM_RING 5
12-15 19:40:00.086 I/vol.Events( 2985): writeEvent level_changed STREAM_SYSTEM 5
12-15 19:40:00.088 D/StorageNotification( 2985): Notifying about private volume: VolumeInfo{private}:
12-15 19:40:00.088 D/StorageNotification( 2985):     type=PRIVATE diskId=null partGuid=null mountFlags=0 mountUserId=-1 
12-15 19:40:00.088 D/StorageNotification( 2985):     state=MOUNTED 
12-15 19:40:00.088 D/StorageNotification( 2985):     fsType=null fsUuid=null fsLabel=null 
12-15 19:40:00.088 D/StorageNotification( 2985):     path=/data internalPath=null 
12-15 19:40:00.092 I/vol.Events( 2985): writeEvent level_changed STREAM_VOICE_CALL 5
12-15 19:40:00.111 I/iptables(  483): iptables: No chain/target/match by that name.
12-15 19:40:00.112 I/iptables(  483): iptables terminated by exit(1)
12-15 19:40:00.112 E/Netd    (  483): exec() res=0, status=256 for /system/bin/iptables -w -F st_penalty_log 
12-15 19:40:00.123 I/ip6tables(  483): ip6tables: No chain/target/match by that name.
12-15 19:40:00.124 I/ip6tables(  483): ip6tables terminated by exit(1)
12-15 19:40:00.124 E/Netd    (  483): exec() res=0, status=256 for /system/bin/ip6tables -w -F st_penalty_log 
12-15 19:40:00.133 I/iptables(  483): iptables: No chain/target/match by that name.
12-15 19:40:00.134 I/iptables(  483): iptables terminated by exit(1)
12-15 19:40:00.134 E/Netd    (  483): exec() res=0, status=256 for /system/bin/iptables -w -F st_penalty_reject 
12-15 19:40:00.137 W/ClientExperimentManager( 3031): [1] d.a: com.google.android.apps.gcs does not have permission com.google.android.apps.gcs.WRITE_EXPERIMENTS; disabling overrides
12-15 19:40:00.142 E/OMX-VENC(  488): Setting session priority failed
12-15 19:40:00.143 I/ip6tables(  483): ip6tables: No chain/target/match by that name.
12-15 19:40:00.143 I/ip6tables(  483): ip6tables terminated by exit(1)
12-15 19:40:00.143 E/Netd    (  483): exec() res=0, status=256 for /system/bin/ip6tables -w -F st_penalty_reject 
12-15 19:40:00.143 I/OMX-VENC(  488): Component_init : OMX.qcom.video.encoder.mpeg4 : return = 0x0
12-15 19:40:00.144 E/OMX-VENC(  488): get_parameter: OMX_IndexParamVideoProfileLevelQuerySupported nProfileIndex ret NoMore 2
12-15 19:40:00.144 W/ACodec  (  488): do not know color format 0x7fa30c04 = 2141391876
12-15 19:40:00.144 W/ACodec  (  488): do not know color format 0x7f000789 = 2130708361
12-15 19:40:00.144 I/OMX-VENC(  488): Component Deinit
12-15 19:40:00.147 E/OMX-VENC(  488): Setting session priority failed
12-15 19:40:00.148 I/OMX-VENC(  488): Component_init : OMX.qcom.video.encoder.h263 : return = 0x0
12-15 19:40:00.148 E/OMX-VENC(  488): get_parameter: OMX_IndexParamVideoProfileLevelQuerySupported nProfileIndex ret NoMore 1
12-15 19:40:00.148 W/ACodec  (  488): do not know color format 0x7fa30c04 = 2141391876
12-15 19:40:00.148 W/ACodec  (  488): do not know color format 0x7f000789 = 2130708361
12-15 19:40:00.149 I/OMX-VENC(  488): Component Deinit
12-15 19:40:00.151 E/OMX-VENC(  488): Setting session priority failed
12-15 19:40:00.152 I/iptables(  483): iptables: No chain/target/match by that name.
12-15 19:40:00.153 I/iptables(  483): iptables terminated by exit(1)
12-15 19:40:00.153 E/Netd    (  483): exec() res=0, status=256 for /system/bin/iptables -w -F st_clear_caught 
12-15 19:40:00.153 I/OMX-VENC(  488): Component_init : OMX.qcom.video.encoder.avc : return = 0x0
12-15 19:40:00.153 W/ACodec  (  488): do not know color format 0x7fa30c04 = 2141391876
12-15 19:40:00.153 W/ACodec  (  488): do not know color format 0x7f000789 = 2130708361
12-15 19:40:00.153 D/ExternalStorage( 3009): After updating volumes, found 1 active roots
12-15 19:40:00.154 I/OMX-VENC(  488): Component Deinit
12-15 19:40:00.156 E/OMX-VENC(  488): Setting session priority failed
12-15 19:40:00.157 I/OMX-VENC(  488): Component_init : OMX.qcom.video.encoder.vp8 : return = 0x0
12-15 19:40:00.157 W/ACodec  (  488): do not know color format 0x7fa30c04 = 2141391876
12-15 19:40:00.157 W/ACodec  (  488): do not know color format 0x7f000789 = 2130708361
12-15 19:40:00.158 I/OMX-VENC(  488): Component Deinit
12-15 19:40:00.161 I/ip6tables(  483): ip6tables: No chain/target/match by that name.
12-15 19:40:00.162 I/ip6tables(  483): ip6tables terminated by exit(1)
12-15 19:40:00.162 E/Netd    (  483): exec() res=0, status=256 for /system/bin/ip6tables -w -F st_clear_caught 
12-15 19:40:00.164 I/OMX-VDEC-1080P(  488): component_init: OMX.qcom.video.decoder.avc : fd=44
12-15 19:40:00.164 I/OMX-VDEC-1080P(  488): Capabilities: driver_name = msm_vidc_driver, card = msm_vdec_8974, bus_info = , version = 1, capabilities = 4003000
12-15 19:40:00.165 I/StatusBarManagerService(  878): registerStatusBar bar=com.android.internal.statusbar.IStatusBar$Stub$Proxy@ce60636
12-15 19:40:00.169 I/OMX-VDEC-1080P(  488): Enabling default extradata for OMX.qcom.video.decoder.avc
12-15 19:40:00.171 I/iptables(  483): iptables: No chain/target/match by that name.
12-15 19:40:00.172 I/iptables(  483): iptables terminated by exit(1)
12-15 19:40:00.172 E/Netd    (  483): exec() res=0, status=256 for /system/bin/iptables -w -F st_clear_detect 
12-15 19:40:00.173 I/OMX-VDEC-1080P(  488): omx_vdec::component_init() success : fd=44
12-15 19:40:00.173 E/OMXNodeInstance(  488): getParameter(13:qcom.decoder.avc, ??(0x7f000044)) ERROR: UnsupportedSetting(0x80001019)
12-15 19:40:00.173 E/OMXNodeInstance(  488): getParameter(13:qcom.decoder.avc, ??(0x7f000044)) ERROR: UnsupportedSetting(0x80001019)
12-15 19:40:00.173 E/OMX-VDEC-1080P(  488): Extension: OMX.google.android.index.storeANWBufferInMetadata not implemented
12-15 19:40:00.173 I/OMX-VDEC-1080P(  488): omx_vdec::component_deinit() complete
12-15 19:40:00.177 I/OMX-VDEC-1080P(  488): Exit OMX vdec Destructor: fd=44
12-15 19:40:00.178 I/OMX-VDEC-1080P(  488): component_init: OMX.qcom.video.decoder.avc : fd=44
12-15 19:40:00.178 I/OMX-VDEC-1080P(  488): Capabilities: driver_name = msm_vidc_driver, card = msm_vdec_8974, bus_info = , version = 1, capabilities = 4003000
12-15 19:40:00.180 I/ip6tables(  483): ip6tables: No chain/target/match by that name.
12-15 19:40:00.181 I/ip6tables(  483): ip6tables terminated by exit(1)
12-15 19:40:00.181 E/Netd    (  483): exec() res=0, status=256 for /system/bin/ip6tables -w -F st_clear_detect 
12-15 19:40:00.183 I/OMX-VDEC-1080P(  488): Enabling default extradata for OMX.qcom.video.decoder.avc
12-15 19:40:00.187 I/OMX-VDEC-1080P(  488): omx_vdec::component_init() success : fd=44
12-15 19:40:00.187 E/OMXNodeInstance(  488): getParameter(14:qcom.decoder.avc.secure, ??(0x7f000044)) ERROR: UnsupportedSetting(0x80001019)
12-15 19:40:00.187 E/OMXNodeInstance(  488): getParameter(14:qcom.decoder.avc.secure, ??(0x7f000044)) ERROR: UnsupportedSetting(0x80001019)
12-15 19:40:00.187 E/OMX-VDEC-1080P(  488): Extension: OMX.google.android.index.storeANWBufferInMetadata not implemented
12-15 19:40:00.187 I/OMX-VDEC-1080P(  488): omx_vdec::component_deinit() complete
12-15 19:40:00.189 I/OMX-VDEC-1080P(  488): Exit OMX vdec Destructor: fd=44
12-15 19:40:00.190 I/OMX-VDEC-1080P(  488): component_init: OMX.qcom.video.decoder.mpeg4 : fd=44
12-15 19:40:00.190 I/OMX-VDEC-1080P(  488): Capabilities: driver_name = msm_vidc_driver, card = msm_vdec_8974, bus_info = , version = 1, capabilities = 4003000
12-15 19:40:00.191 I/iptables(  483): iptables: No chain/target/match by that name.
12-15 19:40:00.191 I/iptables(  483): iptables terminated by exit(1)
12-15 19:40:00.191 E/Netd    (  483): exec() res=0, status=256 for /system/bin/iptables -w -X st_penalty_log 
12-15 19:40:00.193 I/OMX-VDEC-1080P(  488): omx_vdec::component_init() success : fd=44
12-15 19:40:00.193 E/OMXNodeInstance(  488): getParameter(15:qcom.decoder.mpeg4, ??(0x7f000044)) ERROR: UnsupportedSetting(0x80001019)
12-15 19:40:00.193 E/OMXNodeInstance(  488): getParameter(15:qcom.decoder.mpeg4, ??(0x7f000044)) ERROR: UnsupportedSetting(0x80001019)
12-15 19:40:00.194 E/OMX-VDEC-1080P(  488): Extension: OMX.google.android.index.storeANWBufferInMetadata not implemented
12-15 19:40:00.194 I/OMX-VDEC-1080P(  488): omx_vdec::component_deinit() complete
12-15 19:40:00.195 I/OMX-VDEC-1080P(  488): Exit OMX vdec Destructor: fd=44
12-15 19:40:00.196 I/OMX-VDEC-1080P(  488): component_init: OMX.qcom.video.decoder.h263 : fd=44
12-15 19:40:00.196 I/OMX-VDEC-1080P(  488): Capabilities: driver_name = msm_vidc_driver, card = msm_vdec_8974, bus_info = , version = 1, capabilities = 4003000
12-15 19:40:00.200 I/OMX-VDEC-1080P(  488): omx_vdec::component_init() success : fd=44
12-15 19:40:00.200 E/OMXNodeInstance(  488): getParameter(16:qcom.decoder.h263, ??(0x7f000044)) ERROR: UnsupportedSetting(0x80001019)
12-15 19:40:00.200 E/OMXNodeInstance(  488): getParameter(16:qcom.decoder.h263, ??(0x7f000044)) ERROR: UnsupportedSetting(0x80001019)
12-15 19:40:00.200 E/OMX-VDEC-1080P(  488): Extension: OMX.google.android.index.storeANWBufferInMetadata not implemented
12-15 19:40:00.200 I/ip6tables(  483): ip6tables: No chain/target/match by that name.
12-15 19:40:00.200 I/OMX-VDEC-1080P(  488): omx_vdec::component_deinit() complete
12-15 19:40:00.201 I/ip6tables(  483): ip6tables terminated by exit(1)
12-15 19:40:00.201 E/Netd    (  483): exec() res=0, status=256 for /system/bin/ip6tables -w -X st_penalty_log 
12-15 19:40:00.201 I/OMX-VDEC-1080P(  488): Exit OMX vdec Destructor: fd=44
12-15 19:40:00.202 I/OMX-VDEC-1080P(  488): component_init: OMX.qcom.video.decoder.vp8 : fd=44
12-15 19:40:00.202 I/OMX-VDEC-1080P(  488): Capabilities: driver_name = msm_vidc_driver, card = msm_vdec_8974, bus_info = , version = 1, capabilities = 4003000
12-15 19:40:00.205 I/OMX-VDEC-1080P(  488): omx_vdec::component_init() success : fd=44
12-15 19:40:00.206 E/OMXNodeInstance(  488): getParameter(17:qcom.decoder.vp8, ??(0x7f000044)) ERROR: UnsupportedSetting(0x80001019)
12-15 19:40:00.206 E/OMXNodeInstance(  488): getParameter(17:qcom.decoder.vp8, ??(0x7f000044)) ERROR: UnsupportedSetting(0x80001019)
12-15 19:40:00.206 E/OMX-VDEC-1080P(  488): Extension: OMX.google.android.index.storeANWBufferInMetadata not implemented
12-15 19:40:00.206 I/OMX-VDEC-1080P(  488): omx_vdec::component_deinit() complete
12-15 19:40:00.207 I/OMX-VDEC-1080P(  488): Exit OMX vdec Destructor: fd=44
12-15 19:40:00.208 I/OMX-VDEC-1080P(  488): component_init: OMX.qcom.video.decoder.hevc : fd=44
12-15 19:40:00.208 I/OMX-VDEC-1080P(  488): Capabilities: driver_name = msm_vidc_driver, card = msm_vdec_8974, bus_info = , version = 1, capabilities = 4003000
12-15 19:40:00.209 I/iptables(  483): iptables: No chain/target/match by that name.
12-15 19:40:00.210 I/iptables(  483): iptables terminated by exit(1)
12-15 19:40:00.210 E/Netd    (  483): exec() res=0, status=256 for /system/bin/iptables -w -X st_penalty_reject 
12-15 19:40:00.213 I/OMX-VDEC-1080P(  488): omx_vdec::component_init() success : fd=44
12-15 19:40:00.213 E/OMXNodeInstance(  488): getParameter(18:qcom.decoder.hevc, ??(0x7f000044)) ERROR: UnsupportedSetting(0x80001019)
12-15 19:40:00.213 E/OMXNodeInstance(  488): getParameter(18:qcom.decoder.hevc, ??(0x7f000044)) ERROR: UnsupportedSetting(0x80001019)
12-15 19:40:00.213 E/OMX-VDEC-1080P(  488): Extension: OMX.google.android.index.storeANWBufferInMetadata not implemented
12-15 19:40:00.213 I/OMX-VDEC-1080P(  488): omx_vdec::component_deinit() complete
12-15 19:40:00.215 I/OMX-VDEC-1080P(  488): Exit OMX vdec Destructor: fd=44
12-15 19:40:00.217 I/OMX-VDEC-1080P(  488): component_init: OMX.qcom.video.decoder.hevc : fd=44
12-15 19:40:00.217 I/OMX-VDEC-1080P(  488): Capabilities: driver_name = msm_vidc_driver, card = msm_vdec_8974, bus_info = , version = 1, capabilities = 4003000
12-15 19:40:00.220 I/ip6tables(  483): ip6tables: No chain/target/match by that name.
12-15 19:40:00.221 I/ip6tables(  483): ip6tables terminated by exit(1)
12-15 19:40:00.221 E/Netd    (  483): exec() res=0, status=256 for /system/bin/ip6tables -w -X st_penalty_reject 
12-15 19:40:00.222 I/OMX-VDEC-1080P(  488): omx_vdec::component_init() success : fd=44
12-15 19:40:00.223 E/OMXNodeInstance(  488): getParameter(19:qcom.decoder.hevc.secure, ??(0x7f000044)) ERROR: UnsupportedSetting(0x80001019)
12-15 19:40:00.223 E/OMXNodeInstance(  488): getParameter(19:qcom.decoder.hevc.secure, ??(0x7f000044)) ERROR: UnsupportedSetting(0x80001019)
12-15 19:40:00.223 E/OMX-VDEC-1080P(  488): Extension: OMX.google.android.index.storeANWBufferInMetadata not implemented
12-15 19:40:00.223 I/OMX-VDEC-1080P(  488): omx_vdec::component_deinit() complete
12-15 19:40:00.224 I/OMX-VDEC-1080P(  488): Exit OMX vdec Destructor: fd=44
12-15 19:40:00.229 W/OMXNodeInstance(  488): [1a:google.mpeg4.decoder] component does not support metadata mode; using fallback
12-15 19:40:00.230 I/iptables(  483): iptables: No chain/target/match by that name.
12-15 19:40:00.230 I/iptables(  483): iptables terminated by exit(1)
12-15 19:40:00.230 E/Netd    (  483): exec() res=0, status=256 for /system/bin/iptables -w -X st_clear_caught 
12-15 19:40:00.233 W/OMXNodeInstance(  488): [1b:google.h263.decoder] component does not support metadata mode; using fallback
12-15 19:40:00.241 I/ip6tables(  483): ip6tables: No chain/target/match by that name.
12-15 19:40:00.241 I/ip6tables(  483): ip6tables terminated by exit(1)
12-15 19:40:00.242 E/Netd    (  483): exec() res=0, status=256 for /system/bin/ip6tables -w -X st_clear_caught 
12-15 19:40:00.242 W/OMXNodeInstance(  488): [1c:google.h264.decoder] component does not support metadata mode; using fallback
12-15 19:40:00.250 W/OMXNodeInstance(  488): [1d:google.hevc.decoder] component does not support metadata mode; using fallback
12-15 19:40:00.251 I/iptables(  483): iptables: No chain/target/match by that name.
12-15 19:40:00.251 I/iptables(  483): iptables terminated by exit(1)
12-15 19:40:00.251 E/Netd    (  483): exec() res=0, status=256 for /system/bin/iptables -w -X st_clear_detect 
12-15 19:40:00.261 W/OMXNodeInstance(  488): [1e:google.vp8.decoder] component does not support metadata mode; using fallback
12-15 19:40:00.262 I/ip6tables(  483): ip6tables: No chain/target/match by that name.
12-15 19:40:00.262 I/ip6tables(  483): ip6tables terminated by exit(1)
12-15 19:40:00.262 E/Netd    (  483): exec() res=0, status=256 for /system/bin/ip6tables -w -X st_clear_detect 
12-15 19:40:00.267 W/OMXNodeInstance(  488): [1f:google.vp9.decoder] component does not support metadata mode; using fallback
12-15 19:40:00.272 I/SoftMPEG4Encoder(  488): Construct SoftMPEG4Encoder
12-15 19:40:00.272 W/ACodec  (  488): do not know color format 0x7f000789 = 2130708361
12-15 19:40:00.281 W/ACodec  (  488): do not know color format 0x7f000789 = 2130708361
12-15 19:40:00.285 I/SoftMPEG4Encoder(  488): Construct SoftMPEG4Encoder
12-15 19:40:00.285 W/ACodec  (  488): do not know color format 0x7f000789 = 2130708361
12-15 19:40:00.294 W/ACodec  (  488): do not know color format 0x7f000789 = 2130708361
12-15 19:40:00.305 W/MediaCodecList(  488): unable to open media codecs configuration xml file: /data/misc/media/media_codecs_profiling_results.xml
12-15 19:40:00.307 I/OMXClient( 2985): Using client-side OMX mux.
12-15 19:40:00.368 D/WifiService(  878): New client listening to asynchronous messages
12-15 19:40:00.389 I/OMXClient( 2985): Using client-side OMX mux.
12-15 19:40:00.505 I/OMXClient( 2985): Using client-side OMX mux.
12-15 19:40:00.590 E/NetdConnector(  878): NDC Command {10 strict enable} took too long (516ms)
12-15 19:40:00.590 D/CommandListener(  483): Setting iface cfg
12-15 19:40:00.590 D/CommandListener(  483): Trying to bring up p2p0
12-15 19:40:00.591 E/NetdConnector(  878): NDC Command {11 interface setcfg p2p0 0.0.0.0 0 up multicast broadcast} took too long (515ms)
12-15 19:40:00.591 D/WifiMonitor(  878): startMonitoring(p2p0) with mConnected = true
12-15 19:40:00.595 D/WifiNative-HAL(  878): p2pGetDeviceAddress
12-15 19:40:00.595 D/WifiNative-HAL(  878): p2pGetDeviceAddress returning 66:bc:0c:7f:98:8e
12-15 19:40:00.599 W/WindowManager(  878): Keyguard drawn timeout. Setting mKeyguardDrawComplete
12-15 19:40:00.661 D/CommandListener(  483): Setting iface cfg
12-15 19:40:00.661 D/CommandListener(  483): Trying to bring up p2p0
12-15 19:40:00.662 D/WifiMonitor(  878): startMonitoring(p2p0) with mConnected = true
12-15 19:40:00.665 D/WifiNative-HAL(  878): p2pGetDeviceAddress
12-15 19:40:00.665 D/WifiNative-HAL(  878): p2pGetDeviceAddress returning 66:bc:0c:7f:98:8e
12-15 19:40:00.676 I/wpa_supplicant( 2953): p2p0: CTRL-EVENT-REGDOM-CHANGE init=USER type=COUNTRY alpha2=00
12-15 19:40:00.697 D/BluetoothManagerService(  878): Added callback: android.bluetooth.IBluetoothManagerCallback$Stub$Proxy@c6d9c32:true
12-15 19:40:00.711 D/LocalBluetoothProfileManager( 2985): Adding local MAP profile
12-15 19:40:00.713 D/BluetoothMap( 2985): Create BluetoothMap proxy object
12-15 19:40:00.719 D/LocalBluetoothProfileManager( 2985): LocalBluetoothProfileManager construction complete
12-15 19:40:00.723 D/PermissionMonitor(  878): Monitoring
12-15 19:40:00.738 D/PermissionMonitor(  878): Users: 1, Apps: 84
12-15 19:40:00.738 D/ConnectivityService(  878): listenForNetwork for Listen from uid/pid:10029/2985 for NetworkRequest [ id=3, legacyType=-1, [] ]
12-15 19:40:00.744 I/SystemServiceManager(  878): Starting phase 600
12-15 19:40:00.744 D/audio_hw_primary(  488): adev_set_parameters: enter: A2dpSuspended=false
12-15 19:40:00.745 D/BluetoothManagerService(  878): Added callback: android.bluetooth.BluetoothAdapter$1@5a96963:true
12-15 19:40:00.749 I/AudioFlinger(  488): systemReady
12-15 19:40:00.751 I/BackupManagerService(  878): Backup enabled => false
12-15 19:40:00.757 I/CameraManagerGlobal( 2985): Connecting to camera service
12-15 19:40:00.767 I/ActivityManager(  878): Start proc 3294:com.google.android.googlequicksearchbox:interactor/u0a31 for service com.google.android.googlequicksearchbox/com.google.android.voiceinteraction.GsaVoiceInteractionService
12-15 19:40:00.769 E/WVMExtractor(  878): Failed to open libwvm.so: dlopen failed: library "libwvm.so" not found
12-15 19:40:00.773 E/InputMethodManagerService(  878): Ignoring updateSystemUiLocked due to an invalid token. uid:1000 token:null
12-15 19:40:00.780 I/OMXClient(  878): Using client-side OMX mux.
12-15 19:40:00.811 I/ActivityManager(  878): Start proc 3313:com.google.android.inputmethod.latin/u0a57 for service com.google.android.inputmethod.latin/com.android.inputmethod.latin.LatinIME
12-15 19:40:00.811 V/InputMethodManagerService(  878): Adding window token: android.os.Binder@9a6199e
12-15 19:40:00.860 I/ActivityManager(  878): Start proc 3326:android.process.acore/u0a2 for content provider com.android.providers.contacts/.ContactsProvider2
12-15 19:40:00.865 D/OpenGLRenderer( 2985): Use EGL_SWAP_BEHAVIOR_PRESERVED: true
12-15 19:40:00.865 D/OpenGLRenderer( 2985): profile bars disabled
12-15 19:40:00.865 D/OpenGLRenderer( 2985): ambientRatio = 1.50
12-15 19:40:00.881 I/OMXClient(  878): Using client-side OMX mux.
12-15 19:40:00.912 D/PhoneStatusBar( 2985): disable: < expand icons alerts system_info back home recent clock search quick_settings >
12-15 19:40:00.915 E/LocSvc_afw(  878): E/get_extension: Invalid interface passed in
12-15 19:40:00.915 W/System  ( 3326): ClassLoader referenced unknown path: /system/priv-app/ContactsProvider/lib/arm64
12-15 19:40:00.940 D/PhoneStatusBar( 2985): heads up is enabled
12-15 19:40:00.945 W/System  ( 3326): ClassLoader referenced unknown path: /system/app/UserDictionaryProvider/lib/arm64
12-15 19:40:00.949 D/ViewRootImpl( 2985): changeCanvasOpacity: opaque=true
12-15 19:40:00.962 I/OMXClient(  878): Using client-side OMX mux.
12-15 19:40:00.996 I/Adreno  ( 2985): QUALCOMM build                   : 63c06b2, I8366cd0437
12-15 19:40:00.996 I/Adreno  ( 2985): Build Date                       : 10/21/15
12-15 19:40:00.996 I/Adreno  ( 2985): OpenGL ES Shader Compiler Version: XE031.05.13.02
12-15 19:40:00.996 I/Adreno  ( 2985): Local Branch                     : 
12-15 19:40:00.996 I/Adreno  ( 2985): Remote Branch                    : quic/LA.BF64.1.2.9_v2
12-15 19:40:00.996 I/Adreno  ( 2985): Remote Branch                    : NONE
12-15 19:40:00.996 I/Adreno  ( 2985): Reconstruct Branch               : NOTHING
12-15 19:40:01.002 I/OpenGLRenderer( 2985): Initialized EGL, version 1.4
12-15 19:40:01.013 I/OMXClient(  878): Using client-side OMX mux.
12-15 19:40:01.014 I/Decoder ( 3313): createOrResetDecoder
12-15 19:40:01.015 I/Decoder ( 3313): createOrResetDecoder
12-15 19:40:01.027 E/LocSvc_afw(  878): E/get_extension: Invalid interface passed in
12-15 19:40:01.031 D/GpsLocationProvider(  878): Reset GPS properties, previous size = 0
12-15 19:40:01.036 D/GpsLocationProvider(  878): GpsParamsResource: SUPL_HOST=supl.google.com
12-15 19:40:01.038 D/GpsLocationProvider(  878): GpsParamsResource: SUPL_PORT=7275
12-15 19:40:01.039 D/GpsLocationProvider(  878): GpsParamsResource: XTRA_SERVER_1=http://xtrapath1.izatcloud.net/xtra2.bin
12-15 19:40:01.039 D/GpsLocationProvider(  878): GpsParamsResource: XTRA_SERVER_2=http://xtrapath2.izatcloud.net/xtra2.bin
12-15 19:40:01.039 D/GpsLocationProvider(  878): GpsParamsResource: XTRA_SERVER_3=http://xtrapath3.izatcloud.net/xtra2.bin
12-15 19:40:01.039 D/GpsLocationProvider(  878): GpsParamsResource: NTP_SERVER=north-america.pool.ntp.org
12-15 19:40:01.039 D/GpsLocationProvider(  878): GpsParamsResource: SUPL_MODE=1
12-15 19:40:01.039 D/GpsLocationProvider(  878): GpsParamsResource: SUPL_VER=0x20000
12-15 19:40:01.039 D/GpsLocationProvider(  878): GpsParamsResource: LPP_PROFILE=0
12-15 19:40:01.040 D/GpsLocationProvider(  878): GpsParamsResource: NMEA_PROVIDER=0
12-15 19:40:01.040 D/GpsLocationProvider(  878): GpsParamsResource: A_GLONASS_POS_PROTOCOL_SELECT=0
12-15 19:40:01.040 D/GpsLocationProvider(  878): GpsParamsResource: ERR_ESTIMATE=0
12-15 19:40:01.040 D/GpsLocationProvider(  878): GpsParamsResource: INTERMEDIATE_POS=0
12-15 19:40:01.040 D/GpsLocationProvider(  878): GpsParamsResource: SUPL_ES=0
12-15 19:40:01.042 D/GpsLocationProvider(  878): GPS properties reloaded, size = 17
12-15 19:40:01.043 E/LocSvc_eng(  878): W/set_server called before init. save the address, type: 3, hostname: supl.google.com, port: 7275
12-15 19:40:01.044 D/GpsLocationProvider(  878): GPS configuration:
12-15 19:40:01.044 D/GpsLocationProvider(  878):  #Tue Dec 15 19:40:01 GMT+01:00 2015
12-15 19:40:01.044 D/GpsLocationProvider(  878): SUPL_HOST=supl.google.com
12-15 19:40:01.044 D/GpsLocationProvider(  878): XTRA_SERVER_3=http\://xtrapath3.izatcloud.net/xtra2.bin
12-15 19:40:01.044 D/GpsLocationProvider(  878): XTRA_SERVER_1=http\://xtrapath1.izatcloud.net/xtra2.bin
12-15 19:40:01.044 D/GpsLocationProvider(  878): SUPL_PORT=7275
12-15 19:40:01.044 D/GpsLocationProvider(  878): DEBUG_LEVEL=2
12-15 19:40:01.044 D/GpsLocationProvider(  878): XTRA_SERVER_2=http\://xtrapath2.izatcloud.net/xtra2.bin
12-15 19:40:01.044 D/GpsLocationProvider(  878): SUPL_ES=0
12-15 19:40:01.044 D/GpsLocationProvider(  878): NMEA_PROVIDER=0
12-15 19:40:01.044 D/GpsLocationProvider(  878): CAPABILITIES=0x37
12-15 19:40:01.044 D/GpsLocationProvider(  878): SUPL_VER=0x20000
12-15 19:40:01.044 D/GpsLocationProvider(  878): XTRA_SERVER_QUERY=0
12-15 19:40:01.044 D/GpsLocationProvider(  878): ERR_ESTIMATE=0
12-15 19:40:01.044 D/GpsLocationProvider(  878): A_GLONASS_POS_PROTOCOL_SELECT=0
12-15 19:40:01.044 D/GpsLocationProvider(  878): INTERMEDIATE_POS=0
12-15 19:40:01.044 D/GpsLocationProvider(  878): LPP_PROFILE=0
12-15 19:40:01.044 D/GpsLocationProvider(  878): NTP_SERVER=north-america.pool.ntp.org
12-15 19:40:01.044 D/GpsLocationProvider(  878): SUPL_MODE=1
12-15 19:40:01.044 D/GpsLocationProvider(  878): final config = #Tue Dec 15 19:40:01 GMT+01:00 2015
12-15 19:40:01.044 D/GpsLocationProvider(  878): SUPL_HOST=supl.google.com
12-15 19:40:01.044 D/GpsLocationProvider(  878): XTRA_SERVER_3=http\://xtrapath3.izatcloud.net/xtra2.bin
12-15 19:40:01.044 D/GpsLocationProvider(  878): XTRA_SERVER_1=http\://xtrapath1.izatcloud.net/xtra2.bin
12-15 19:40:01.044 D/GpsLocationProvider(  878): SUPL_PORT=7275
12-15 19:40:01.044 D/GpsLocationProvider(  878): DEBUG_LEVEL=2
12-15 19:40:01.044 D/GpsLocationProvider(  878): XTRA_SERVER_2=http\://xtrapath2.izatcloud.net/xtra2.bin
12-15 19:40:01.044 D/GpsLocationProvider(  878): SUPL_ES=0
12-15 19:40:01.044 D/GpsLocationProvider(  878): NMEA_PROVIDER=0
12-15 19:40:01.044 D/GpsLocationProvider(  878): CAPABILITIES=0x37
12-15 19:40:01.044 D/GpsLocationProvider(  878): SUPL_VER=0x20000
12-15 19:40:01.044 D/GpsLocationProvider(  878): XTRA_SERVER_QUERY=0
12-15 19:40:01.044 D/GpsLocationProvider(  878): ERR_ESTIMATE=0
12-15 19:40:01.044 D/GpsLocationProvider(  878): A_GLONASS_POS_PROTOCOL_SELECT=0
12-15 19:40:01.044 D/GpsLocationProvider(  878): INTERMEDIATE_POS=0
12-15 19:40:01.044 D/GpsLocationProvider(  878): LPP_PROFILE=0
12-15 19:40:01.044 D/GpsLocationProvider(  878): NTP_SERVER=north-america.pool.ntp.org
12-15 19:40:01.044 D/GpsLocationProvider(  878): SUPL_MODE=1
12-15 19:40:01.047 W/system_server( 3353): type=1400 audit(0.0:57): avc: denied { read write } for comm=464C5020536572766963652043616C name="diag" dev="tmpfs" ino=12506 scontext=u:r:system_server:s0 tcontext=u:object_r:diag_device:s0 tclass=chr_file permissive=0
12-15 19:40:01.047 I/LatinIME( 3313): Hardware accelerated drawing: true
12-15 19:40:01.048 D/WifiService(  878): New client listening to asynchronous messages
12-15 19:40:01.051 V/FlpHardwareProvider(  878): Callback thread attached: 0x7f7c4b39c0
12-15 19:40:01.062 E/Diag_Lib(  878):  Diag_LSM_Init: Failed to open handle to diag driver, error = 13
12-15 19:40:01.068 E/QC-QMI  (  493): qmi_qmux_open_connection: connection is disabled for conn_id=29
12-15 19:40:01.068 E/QC-QMI  (  493): qmi_qmux_tx_msg: failed to open inactive connd_id=29
12-15 19:40:01.068 E/QC-QMI  (  493): qmi_qmux: TX failed, connection inactive or in reset, conn_id=29, status_flags=4
12-15 19:40:01.069 E/QC-QMI  (  493): qmi_ctl_tx_msg: qmi_qmux_tx_msg failed
