12-15 19:39:54.938 W/PackageManager(  878): Not granting permission android.permission.WRITE_SECURE_SETTINGS to package com.google.android.apps.enterprise.dmagent (protectionLevel=50 flags=0x38083e05)
12-15 19:39:54.938 W/PackageManager(  878): Not granting permission android.permission.CONNECTIVITY_INTERNAL to package com.google.android.apps.enterprise.dmagent (protectionLevel=18 flags=0x38083e05)
12-15 19:39:54.938 W/PackageManager(  878): Not granting permission android.permission.MANAGE_USB to package com.google.android.apps.enterprise.dmagent (protectionLevel=18 flags=0x38083e05)
12-15 19:39:54.938 W/PackageManager(  878): Not granting permission android.permission.CHANGE_COMPONENT_ENABLED_STATE to package com.google.android.apps.enterprise.dmagent (protectionLevel=18 flags=0x38083e05)
12-15 19:39:54.938 W/PackageManager(  878): Not granting permission android.permission.MANAGE_CA_CERTIFICATES to package com.google.android.apps.enterprise.dmagent (protectionLevel=18 flags=0x38083e05)
12-15 19:39:54.938 W/PackageManager(  878): Not granting permission android.permission.MANAGE_USERS to package com.google.android.apps.enterprise.dmagent (protectionLevel=18 flags=0x38083e05)
12-15 19:39:54.938 W/PackageManager(  878): Not granting permission android.permission.SEND_DOWNLOAD_COMPLETED_INTENTS to package com.android.vending (protectionLevel=2 flags=0x384abe45)
12-15 19:39:54.939 W/PackageManager(  878): Unknown permission android.permission.SEND_SMS_NO_CONFIRMATION in package com.android.vending
12-15 19:39:54.939 I/PackageManager(  878): Un-granting permission android.permission.INSTALL_GRANT_RUNTIME_PERMISSIONS from package com.android.vending (protectionLevel=770 flags=0x384abe45)
12-15 19:39:54.939 I/PackageManager(  878): Un-granting permission android.permission.GRANT_RUNTIME_PERMISSIONS from package com.android.vending (protectionLevel=770 flags=0x384abe45)
12-15 19:39:54.939 I/PackageManager(  878): Un-granting permission android.permission.REVOKE_RUNTIME_PERMISSIONS from package com.android.vending (protectionLevel=770 flags=0x384abe45)
12-15 19:39:54.939 W/PackageManager(  878): Unknown permission android.permission.NFC_TRANSACTION in package at.psa.app.bankaustria
12-15 19:39:54.939 W/PackageManager(  878): Unknown permission android.permission.SMARTCARD in package at.psa.app.bankaustria
12-15 19:39:54.939 W/PackageManager(  878): Unknown permission com.rise.world.apps.ipc.permission.SMCC in package at.psa.app.bankaustria
12-15 19:39:54.939 W/PackageManager(  878): Unknown permission com.gsma.services.nfc.permission.TRANSACTION_EVENT in package at.psa.app.bankaustria
12-15 19:39:54.939 W/PackageManager(  878): Unknown permission android.permission.NFC_UNLOCK in package com.android.nfc
12-15 19:39:54.939 W/PackageManager(  878): Unknown permission com.android.launcher.permission.READ_SETTINGS in package com.google.android.launcher
12-15 19:39:54.940 W/PackageManager(  878): Unknown permission com.android.launcher.permission.WRITE_SETTINGS in package com.google.android.launcher
12-15 19:39:54.940 W/PackageManager(  878): Unknown permission com.google.android.email.permission.ACCESS_PROVIDER in package com.google.android.gm
12-15 19:39:54.940 W/PackageManager(  878): Unknown permission android.permission.READ_OWNER_DATA in package com.google.android.setupwizard
12-15 19:39:54.940 W/PackageManager(  878): Unknown permission android.permission.WRITE_OWNER_DATA in package com.google.android.setupwizard
12-15 19:39:54.940 W/PackageManager(  878): Unknown permission android.permission.WRITE_SYNC_STATS in package com.google.android.apps.docs
12-15 19:39:54.941 W/PackageManager(  878): Not granting permission android.permission.INTERACT_ACROSS_USERS to package com.google.android.syncadapters.contacts (protectionLevel=50 flags=0x38083e45)
12-15 19:39:54.941 W/PackageManager(  878): Unknown permission com.google.android.gms.permission.CONTACTS_SYNC_DELEGATION in package com.google.android.syncadapters.contacts
12-15 19:39:54.941 W/PackageManager(  878): Unknown permission com.chrome.permission.DEVICE_EXTRAS in package com.android.chrome
12-15 19:39:54.941 W/PackageManager(  878): Unknown permission com.sec.enterprise.knox.MDM_CONTENT_PROVIDER in package com.android.chrome
12-15 19:39:54.941 I/PackageManager(  878): Un-granting permission android.permission.CLEAR_APP_USER_DATA from package com.google.android.packageinstaller (protectionLevel=258 flags=0x38483e45)
12-15 19:39:54.941 I/PackageManager(  878): Un-granting permission android.permission.GRANT_RUNTIME_PERMISSIONS from package com.google.android.packageinstaller (protectionLevel=770 flags=0x38483e45)
12-15 19:39:54.941 I/PackageManager(  878): Un-granting permission android.permission.REVOKE_RUNTIME_PERMISSIONS from package com.google.android.packageinstaller (protectionLevel=770 flags=0x38483e45)
12-15 19:39:54.941 I/PackageManager(  878): Un-granting permission android.permission.INSTALL_GRANT_RUNTIME_PERMISSIONS from package com.google.android.packageinstaller (protectionLevel=770 flags=0x38483e45)
12-15 19:39:54.941 I/PackageManager(  878): Un-granting permission android.permission.INTERACT_ACROSS_USERS_FULL from package com.google.android.packageinstaller (protectionLevel=258 flags=0x38483e45)
12-15 19:39:54.941 I/PackageManager(  878): Un-granting permission android.permission.KILL_UID from package com.google.android.packageinstaller (protectionLevel=258 flags=0x38483e45)
12-15 19:39:54.942 W/PackageManager(  878): Unknown permission com.google.android.wearable.READ_SETTINGS in package com.google.android.gms
12-15 19:39:54.942 W/PackageManager(  878): Not granting permission android.permission.MANAGE_DOCUMENTS to package com.google.android.gms (protectionLevel=2 flags=0xb8483e45)
12-15 19:39:54.942 W/PackageManager(  878): Unknown permission com.android.launcher.permission.PRELOAD_WORKSPACE in package com.google.android.partnersetup
12-15 19:39:54.942 W/PackageManager(  878): Not granting permission com.google.android.googleapps.permission.GOOGLE_AUTH to package com.google.android.videos (protectionLevel=2 flags=0x38583e45)
12-15 19:39:54.942 W/PackageManager(  878): Unknown permission com.google.android.gallery3d.permission.PICASA_STORE in package com.google.android.apps.photos
12-15 19:39:54.943 W/PackageManager(  878): Not granting permission android.permission.CONTROL_KEYGUARD to package com.google.android.gsf.login (protectionLevel=2 flags=0x3048be45)
12-15 19:39:54.943 W/PackageManager(  878): Unknown permission com.android.vending.billing.IBillingAccountService.BIND2 in package com.google.android.gsf.login
12-15 19:39:54.943 W/PackageManager(  878): Unknown permission com.android.launcher.permission.READ_SETTINGS in package com.android.settings
12-15 19:39:54.943 W/PackageManager(  878): Unknown permission com.android.launcher.permission.WRITE_SETTINGS in package com.android.settings
12-15 19:39:54.943 W/PackageManager(  878): Unknown permission com.android.permission.DCMO_SETTINGS in package com.android.omadm.service
12-15 19:39:54.944 W/PackageManager(  878): Not granting permission android.permission.REGISTER_CONNECTION_MANAGER to package com.google.android.talk (protectionLevel=18 flags=0x3849be45)
12-15 19:39:54.944 W/PackageManager(  878): Unknown permission com.android.smspush.WAPPUSH_MANAGER_BIND in package com.android.phone
12-15 19:39:54.944 W/PackageManager(  878): Unknown permission com.google.android.gallery3d.permission.GALLERY_PROVIDER in package com.android.bluetooth
12-15 19:39:54.944 W/PackageManager(  878): Unknown permission com.android.gallery3d.permission.GALLERY_PROVIDER in package com.android.bluetooth
12-15 19:39:54.945 W/PackageManager(  878): Not granting permission android.permission.BIND_WALLPAPER to package com.google.android.GoogleCamera (protectionLevel=18 flags=0x30583c45)
12-15 19:39:54.945 W/PackageManager(  878): Unknown permission com.google.android.gallery3d.permission.GALLERY_PROVIDER in package com.google.android.GoogleCamera
12-15 19:39:55.008 I/art     (  878): Starting a blocking GC Explicit
12-15 19:39:55.035 I/art     (  878): Explicit concurrent mark sweep GC freed 13030(1007KB) AllocSpace objects, 2(40KB) LOS objects, 33% free, 15MB/23MB, paused 193us total 26.605ms
12-15 19:39:55.036 I/SystemServer(  878): User Service
12-15 19:39:55.040 I/lowmemorykiller(  367): ActivityManager connected
12-15 19:39:55.041 D/SensorService(  878): nuSensorService starting...
12-15 19:39:55.044 I/sensors (  878): open_sensors
12-15 19:39:55.259 I/ServiceManager(  488): Waiting for service media.camera.proxy...
12-15 19:39:55.369 I/ServiceManager(  510): Waiting for service AtCmdFwd...
12-15 19:39:55.786 E/slim_daemon(  586): [NDK] bindNDKSensors: Sensor server is unavailable.
12-15 19:39:56.259 I/ServiceManager(  488): Waiting for service media.camera.proxy...
12-15 19:39:56.369 I/ServiceManager(  510): Waiting for service AtCmdFwd...
12-15 19:39:56.788 E/slim_daemon(  586): [NDK] bindNDKSensors: Sensor server is unavailable.
12-15 19:39:57.103 I/hubconnection(  878): sensorhub said: 'Hello, world!'
12-15 19:39:57.103 I/hubconnection(  878): sensorhub said: 'Found Bosch BMP280 Pressure/Temperature Sensor'
12-15 19:39:57.103 I/hubconnection(  878): sensorhub said: 'Found Rohm RPR-0521 Proximity/ALS Sensor'
12-15 19:39:57.103 I/hubconnection(  878): sensorhub said: 'Found Bosch BMI160 Accel/Gyro Sensor'
12-15 19:39:57.103 I/sensors (  878): get_sensors_list
12-15 19:39:57.104 I/sensors (  878): activate
12-15 19:39:57.104 I/sensors (  878): activate
12-15 19:39:57.104 I/sensors (  878): activate
12-15 19:39:57.104 I/sensors (  878): activate
12-15 19:39:57.104 I/sensors (  878): activate
12-15 19:39:57.104 I/sensors (  878): activate
12-15 19:39:57.104 I/sensors (  878): activate
12-15 19:39:57.104 I/sensors (  878): activate
12-15 19:39:57.104 I/sensors (  878): activate
12-15 19:39:57.105 I/sensors (  878): activate
12-15 19:39:57.105 I/sensors (  878): activate
12-15 19:39:57.105 I/sensors (  878): activate
12-15 19:39:57.105 I/sensors (  878): activate
12-15 19:39:57.105 I/sensors (  878): activate
12-15 19:39:57.105 I/sensors (  878): activate
12-15 19:39:57.105 I/sensors (  878): activate
12-15 19:39:57.105 I/sensors (  878): activate
12-15 19:39:57.105 I/sensors (  878): activate
12-15 19:39:57.105 I/sensors (  878): activate
12-15 19:39:57.105 I/sensors (  878): activate
12-15 19:39:57.105 I/sensors (  878): activate
12-15 19:39:57.105 I/sensors (  878): activate
12-15 19:39:57.106 I/sensors (  878): activate
12-15 19:39:57.106 I/sensors (  878): activate
12-15 19:39:57.106 I/sensors (  878): get_sensors_list
12-15 19:39:57.106 I/sensors (  878): get_sensors_list
12-15 19:39:57.112 I/SystemServiceManager(  878): Starting com.android.server.BatteryService
12-15 19:39:57.112 D/SensorService(  878): nuSensorService thread starting...
12-15 19:39:57.114 D/SensorService(  878): new thread SensorEventAckReceiver
12-15 19:39:57.123 I/hubconnection(  878): sensorhub said: 'init: 24 -19 -1, -9 13 -25, 0.00, 7'
12-15 19:39:57.123 I/hubconnection(  878): sensorhub said: 'activate 18 enable:1'
12-15 19:39:57.123 I/SystemServiceManager(  878): Starting com.android.server.usage.UsageStatsService
12-15 19:39:57.127 I/hubconnection(  878): sensorhub said: 'activate 6 enable:0'
12-15 19:39:57.128 I/hubconnection(  878): sensorhub said: 'activate 7 enable:0'
12-15 19:39:57.130 I/hubconnection(  878): sensorhub said: 'activate 1 enable:0'
12-15 19:39:57.131 I/hubconnection(  878): sensorhub said: 'activate 2 enable:0'
12-15 19:39:57.131 I/SystemServiceManager(  878): Starting com.android.server.webkit.WebViewUpdateService
12-15 19:39:57.132 I/hubconnection(  878): sensorhub said: 'activate 26 enable:0'
12-15 19:39:57.133 I/SystemServer(  878): Reading configuration...
12-15 19:39:57.133 I/SystemServer(  878): Scheduling Policy
12-15 19:39:57.133 I/hubconnection(  878): sensorhub said: 'activate 3 enable:0'
12-15 19:39:57.134 I/SystemServiceManager(  878): Starting com.android.server.telecom.TelecomLoaderService
12-15 19:39:57.134 I/SystemServer(  878): Telephony Registry
12-15 19:39:57.135 I/hubconnection(  878): sensorhub said: 'activate 25 enable:0'
12-15 19:39:57.136 I/hubconnection(  878): sensorhub said: 'activate 4 enable:0'
12-15 19:39:57.137 I/hubconnection(  878): sensorhub said: 'activate 5 enable:0'
12-15 19:39:57.138 I/SystemServer(  878): Entropy Mixer
12-15 19:39:57.138 I/hubconnection(  878): sensorhub said: 'activate 8 enable:0'
12-15 19:39:57.140 I/hubconnection(  878): sensorhub said: 'activate 9 enable:0'
12-15 19:39:57.143 I/hubconnection(  878): sensorhub said: 'activate 24 enable:0'
12-15 19:39:57.144 I/hubconnection(  878): sensorhub said: 'activate 12 enable:0'
12-15 19:39:57.145 I/hubconnection(  878): sensorhub said: 'activate 15 enable:0'
12-15 19:39:57.146 I/EntropyMixer(  878): Added HW RNG output to entropy pool
12-15 19:39:57.146 I/EntropyMixer(  878): Writing entropy...
12-15 19:39:57.147 I/hubconnection(  878): sensorhub said: 'activate 16 enable:0'
12-15 19:39:57.148 I/hubconnection(  878): sensorhub said: 'activate 17 enable:0'
12-15 19:39:57.150 I/hubconnection(  878): sensorhub said: 'activate 19 enable:0'
12-15 19:39:57.151 I/hubconnection(  878): sensorhub said: 'activate 20 enable:0'
12-15 19:39:57.152 I/hubconnection(  878): sensorhub said: 'activate 22 enable:0'
12-15 19:39:57.153 I/SystemServer(  878): Camera Service
12-15 19:39:57.153 I/SystemServiceManager(  878): Starting com.android.server.camera.CameraService
12-15 19:39:57.153 I/hubconnection(  878): sensorhub said: 'activate 21 enable:0'
12-15 19:39:57.156 I/hubconnection(  878): sensorhub said: 'activate 28 enable:0'
12-15 19:39:57.156 I/SystemServer(  878): Account Manager
12-15 19:39:57.157 I/hubconnection(  878): sensorhub said: 'activate 29 enable:0'
12-15 19:39:57.158 I/hubconnection(  878): sensorhub said: 'activate 30 enable:0'
12-15 19:39:57.159 I/hubconnection(  878): sensorhub said: 'activate 31 enable:0'
12-15 19:39:57.162 I/SystemServer(  878): Content Manager
12-15 19:39:57.164 I/SystemServer(  878): System Content Providers
12-15 19:39:57.168 W/System  (  878): ClassLoader referenced unknown path: /system/priv-app/SettingsProvider/lib/arm64
12-15 19:39:57.198 I/SystemServer(  878): Vibrator Service
12-15 19:39:57.200 I/SystemServer(  878): Consumer IR Service
12-15 19:39:57.201 E/ConsumerIrService(  878): Can't open consumer IR HW Module, error: -2
12-15 19:39:57.202 I/SystemServiceManager(  878): Starting com.android.server.AlarmManagerService
12-15 19:39:57.204 D/AlarmManagerService(  878): Kernel timezone updated to -60 minutes west of GMT
12-15 19:39:57.208 I/SystemServer(  878): Init Watchdog
12-15 19:39:57.209 I/SystemServer(  878): Input Manager
12-15 19:39:57.210 I/InputManager(  878): Initializing input manager, mUseDevInputEventForAudioJack=true
12-15 19:39:57.211 I/SystemServer(  878): Window Manager
12-15 19:39:57.221 I/WindowManager(  878): No existing display settings /data/system/display_settings.xml; starting empty
12-15 19:39:57.261 I/AudioPolicyService(  488): AudioPolicyService CSTOR in new mode
12-15 19:39:57.262 I/InputManager(  878): Starting input manager
12-15 19:39:57.263 I/SystemServer(  878): Bluetooth Service
12-15 19:39:57.264 I/SystemServiceManager(  878): Starting com.android.server.BluetoothService
12-15 19:39:57.264 I/APM::ConfigParsingUtils(  488): loadAudioPolicyConfig() loaded /system/etc/audio_policy.conf
12-15 19:39:57.264 D/EventHub(  878): No input device configuration file found for device 'uinput-folio'.
12-15 19:39:57.264 I/EventHub(  878): New device: id=1, fd=83, path='/dev/input/event6', name='uinput-folio', classes=0x80, configuration='', keyLayout='', keyCharacterMap='', builtinKeyboard=false, wakeMechanism=EPOLLWAKEUP, usingClockIoctl=true
12-15 19:39:57.265 D/EventHub(  878): No input device configuration file found for device 'msm8994-tomtom-snd-card Headset Jack'.
12-15 19:39:57.265 I/EventHub(  878): New device: id=2, fd=84, path='/dev/input/event5', name='msm8994-tomtom-snd-card Headset Jack', classes=0x80, configuration='', keyLayout='', keyCharacterMap='', builtinKeyboard=false, wakeMechanism=EPOLLWAKEUP, usingClockIoctl=true
12-15 19:39:57.265 D/EventHub(  878): No input device configuration file found for device 'msm8994-tomtom-snd-card Button Jack'.
12-15 19:39:57.266 D/BluetoothService(  878): onStart: publishing BluetoothManagerService
12-15 19:39:57.267 I/SystemServer(  878): Input Method Service
12-15 19:39:57.271 W/EventHub(  878): Unable to disable kernel key repeat for /dev/input/event4: Function not implemented
12-15 19:39:57.271 I/EventHub(  878): New device: id=3, fd=85, path='/dev/input/event4', name='msm8994-tomtom-snd-card Button Jack', classes=0x1, configuration='', keyLayout='/system/usr/keylayout/Generic.kl', keyCharacterMap='/system/usr/keychars/Generic.kcm', builtinKeyboard=false, wakeMechanism=EPOLLWAKEUP, usingClockIoctl=true
12-15 19:39:57.272 D/EventHub(  878): No input device configuration file found for device 'qpnp_pon'.
12-15 19:39:57.272 D/audio_hw_primary(  488): adev_open: enter
12-15 19:39:57.274 D/msm8974_platform(  488): platform_set_parameters: add operator[verizon] mccmnc[310004;311480]
12-15 19:39:57.274 D/msm8974_platform(  488): platform_set_parameters: add operator[uscellular] mccmnc[311220;311580]
12-15 19:39:57.275 D/msm8974_platform(  488): platform_add_operator_specific_device : deivce[voice-dmic-ef] -> operator[verizon] mixer_path[voice-dmic-ef-vzwusc] acdb_id [130]
12-15 19:39:57.275 D/msm8974_platform(  488): platform_add_operator_specific_device : deivce[voice-dmic-ef-vzwusc] -> operator[uscellular] mixer_path[voice-dmic-ef-vzwusc] acdb_id [130]
12-15 19:39:57.275 D/msm8974_platform(  488): platform_add_operator_specific_device : deivce[voice-handset] -> operator[verizon] mixer_path[voice-handset-vzwusc] acdb_id [131]
12-15 19:39:57.275 D/msm8974_platform(  488): platform_add_operator_specific_device : deivce[voice-handset-vzwusc] -> operator[uscellular] mixer_path[voice-handset-vzwusc] acdb_id [131]
12-15 19:39:57.275 D/msm8974_platform(  488): platform_add_operator_specific_device : deivce[voice-headset-mic] -> operator[verizon] mixer_path[voice-headset-mic-vzwusc] acdb_id [132]
12-15 19:39:57.275 D/msm8974_platform(  488): platform_add_operator_specific_device : deivce[voice-headset-mic-vzwusc] -> operator[uscellular] mixer_path[voice-headset-mic-vzwusc] acdb_id [132]
12-15 19:39:57.275 D/msm8974_platform(  488): platform_add_operator_specific_device : deivce[voice-headphones] -> operator[verizon] mixer_path[voice-headphones-vzwusc] acdb_id [133]
12-15 19:39:57.275 D/msm8974_platform(  488): platform_add_operator_specific_device : deivce[voice-headphones-vzwusc] -> operator[uscellular] mixer_path[voice-headphones-vzwusc] acdb_id [133]
12-15 19:39:57.277 W/EventHub(  878): Unable to disable kernel key repeat for /dev/input/event2: Function not implemented
12-15 19:39:57.277 I/EventHub(  878): New device: id=4, fd=86, path='/dev/input/event2', name='qpnp_pon', classes=0x1, configuration='', keyLayout='/system/usr/keylayout/qpnp_pon.kl', keyCharacterMap='/system/usr/keychars/Generic.kcm', builtinKeyboard=false, wakeMechanism=EPOLLWAKEUP, usingClockIoctl=true
12-15 19:39:57.277 D/EventHub(  878): No input device configuration file found for device 'STM VL6180 proximity sensor'.
12-15 19:39:57.300 I/SystemServer(  878): Accessibility Manager
12-15 19:39:57.301 D/msm8974_platform(  488): platform_init: snd_card_name: msm8994-tomtom-snd-card
12-15 19:39:57.304 I/ActivityManager(  878): Config changes=1df8 {1.0 ?mcc?mnc de_DE ldltr sw411dp w411dp h731dp 420dpi nrml long port ?uimode ?night -touch -keyb/v/h -nav/h s.2}
12-15 19:39:57.310 I/ActivityManager(  878): Config changes=500 {1.0 ?mcc?mnc de_DE ldltr sw411dp w411dp h659dp 420dpi nrml port ?uimode ?night -touch -keyb/v/h -nav/h s.3}
12-15 19:39:57.311 I/SystemServiceManager(  878): Starting com.android.server.MountService$Lifecycle
12-15 19:39:57.318 D/MountService(  878): Thinking about reset, mSystemReady=false, mDaemonConnected=true
12-15 19:39:57.318 D/MountService(  878): Thinking about reset, mSystemReady=false, mDaemonConnected=true
12-15 19:39:57.318 I/SystemServiceManager(  878): Starting com.android.server.UiModeManagerService
12-15 19:39:57.319 D/CryptdConnector(  878): SND -> {1 cryptfs getfield SystemLocale}
12-15 19:39:57.319 I/Ext4Crypt(  338): ext4 crypto complete called on /data
12-15 19:39:57.319 I/ActivityManager(  878): Config changes=200 {1.0 ?mcc?mnc de_DE ldltr sw411dp w411dp h659dp 420dpi nrml port -touch -keyb/v/h -nav/h s.4}
12-15 19:39:57.319 I/Ext4Crypt(  338): No master key, so not ext4enc
12-15 19:39:57.321 D/CryptdConnector(  878): RCV <- {113 1 de-DE}
12-15 19:39:57.322 D/CryptdConnector(  878): RCV <- {200 1 0}
12-15 19:39:57.322 I/SystemServer(  878): LockSettingsService
12-15 19:39:57.324 D/MountService(  878): Got locale de-DE from mount service
12-15 19:39:57.324 I/SystemServiceManager(  878): Starting com.android.server.PersistentDataBlockService
12-15 19:39:57.325 D/MountService(  878): Setting system properties to de-DE from mount service
12-15 19:39:57.332 W/MountService(  878): No primary storage mounted!
12-15 19:39:57.332 D/VoldConnector(  878): SND -> {1 asec list}
12-15 19:39:57.334 D/VoldConnector(  878): RCV <- {200 1 asec operation succeeded}
12-15 19:39:57.335 I/PackageManager(  878): No secure containers found
12-15 19:39:57.335 W/PackageManager(  878): Not granting permission android.permission.MANAGE_DOCUMENTS to package com.google.android.youtube (protectionLevel=2 flags=0x38583e45)
12-15 19:39:57.335 W/PackageManager(  878): Not granting permission com.google.android.googleapps.permission.GOOGLE_AUTH to package com.google.android.youtube (protectionLevel=2 flags=0x38583e45)
12-15 19:39:57.335 W/PackageManager(  878): Not granting permission com.google.android.googleapps.permission.GOOGLE_AUTH.youtube to package com.google.android.youtube (protectionLevel=2 flags=0x38583e45)
12-15 19:39:57.335 W/PackageManager(  878): Not granting permission com.google.android.googleapps.permission.GOOGLE_AUTH.YouTubeUser to package com.google.android.youtube (protectionLevel=2 flags=0x38583e45)
12-15 19:39:57.335 W/PackageManager(  878): Unknown permission com.google.android.voicesearch.SHORTCUTS_ACCESS in package com.google.android.googlequicksearchbox
12-15 19:39:57.335 W/PackageManager(  878): Unknown permission com.google.android.voicesearch.ACCESS_SETTINGS in package com.google.android.googlequicksearchbox
12-15 19:39:57.335 W/PackageManager(  878): Unknown permission com.android.browser.permission.PRELOAD in package com.google.android.googlequicksearchbox
12-15 19:39:57.336 W/PackageManager(  878): Unknown permission com.google.android.ears.permission.WRITE in package com.google.android.googlequicksearchbox
12-15 19:39:57.336 W/PackageManager(  878): Unknown permission com.google.android.apps.googlevoice.permission.AUTO_SEND in package com.google.android.googlequicksearchbox
12-15 19:39:57.336 W/PackageManager(  878): Unknown permission com.android.chrome.PRERENDER_URL in package com.google.android.googlequicksearchbox
12-15 19:39:57.336 W/PackageManager(  878): Not granting permission com.google.android.googleapps.permission.GOOGLE_AUTH to package com.android.providers.calendar (protectionLevel=2 flags=0x30083e45)
12-15 19:39:57.336 W/PackageManager(  878): Not granting permission com.google.android.googleapps.permission.GOOGLE_AUTH.cl to package com.android.providers.calendar (protectionLevel=2 flags=0x30083e45)
12-15 19:39:57.336 D/EventHub(  878): No input device configuration file found for device 'gpio-keys'.
12-15 19:39:57.336 W/PackageManager(  878): Unknown permission com.android.nfc.permission.NFCEE_ADMIN in package org.simalliance.openmobileapi.service
12-15 19:39:57.336 W/PackageManager(  878): Not granting permission android.permission.WRITE_SECURE_SETTINGS to package com.google.android.apps.enterprise.dmagent (protectionLevel=50 flags=0x38083e05)
12-15 19:39:57.336 W/PackageManager(  878): Not granting permission android.permission.CONNECTIVITY_INTERNAL to package com.google.android.apps.enterprise.dmagent (protectionLevel=18 flags=0x38083e05)
12-15 19:39:57.336 W/PackageManager(  878): Not granting permission android.permission.MANAGE_USB to package com.google.android.apps.enterprise.dmagent (protectionLevel=18 flags=0x38083e05)
12-15 19:39:57.336 W/PackageManager(  878): Not granting permission android.permission.CHANGE_COMPONENT_ENABLED_STATE to package com.google.android.apps.enterprise.dmagent (protectionLevel=18 flags=0x38083e05)
12-15 19:39:57.337 W/PackageManager(  878): Not granting permission android.permission.MANAGE_CA_CERTIFICATES to package com.google.android.apps.enterprise.dmagent (protectionLevel=18 flags=0x38083e05)
12-15 19:39:57.337 W/PackageManager(  878): Not granting permission android.permission.MANAGE_USERS to package com.google.android.apps.enterprise.dmagent (protectionLevel=18 flags=0x38083e05)
12-15 19:39:57.337 W/PackageManager(  878): Not granting permission android.permission.SEND_DOWNLOAD_COMPLETED_INTENTS to package com.android.vending (protectionLevel=2 flags=0x384abe45)
12-15 19:39:57.337 W/PackageManager(  878): Unknown permission android.permission.SEND_SMS_NO_CONFIRMATION in package com.android.vending
12-15 19:39:57.337 W/PackageManager(  878): Unknown permission android.permission.NFC_TRANSACTION in package at.psa.app.bankaustria
12-15 19:39:57.338 W/PackageManager(  878): Unknown permission android.permission.SMARTCARD in package at.psa.app.bankaustria
12-15 19:39:57.338 W/PackageManager(  878): Unknown permission com.rise.world.apps.ipc.permission.SMCC in package at.psa.app.bankaustria
12-15 19:39:57.338 W/PackageManager(  878): Unknown permission com.gsma.services.nfc.permission.TRANSACTION_EVENT in package at.psa.app.bankaustria
12-15 19:39:57.338 W/PackageManager(  878): Unknown permission android.permission.NFC_UNLOCK in package com.android.nfc
12-15 19:39:57.338 W/PackageManager(  878): Unknown permission com.android.launcher.permission.READ_SETTINGS in package com.google.android.launcher
12-15 19:39:57.338 W/PackageManager(  878): Unknown permission com.android.launcher.permission.WRITE_SETTINGS in package com.google.android.launcher
12-15 19:39:57.338 W/PackageManager(  878): Unknown permission com.google.android.email.permission.ACCESS_PROVIDER in package com.google.android.gm
12-15 19:39:57.339 W/PackageManager(  878): Unknown permission android.permission.READ_OWNER_DATA in package com.google.android.setupwizard
12-15 19:39:57.339 W/PackageManager(  878): Unknown permission android.permission.WRITE_OWNER_DATA in package com.google.android.setupwizard
12-15 19:39:57.339 W/PackageManager(  878): Unknown permission android.permission.WRITE_SYNC_STATS in package com.google.android.apps.docs
12-15 19:39:57.339 W/EventHub(  878): Unable to disable kernel key repeat for /dev/input/event3: Function not implemented
12-15 19:39:57.339 I/EventHub(  878): New device: id=6, fd=98, path='/dev/input/event3', name='gpio-keys', classes=0x1, configuration='', keyLayout='/system/usr/keylayout/gpio-keys.kl', keyCharacterMap='/system/usr/keychars/Generic.kcm', builtinKeyboard=false, wakeMechanism=EPOLLWAKEUP, usingClockIoctl=true
12-15 19:39:57.340 W/PackageManager(  878): Not granting permission android.permission.INTERACT_ACROSS_USERS to package com.google.android.syncadapters.contacts (protectionLevel=50 flags=0x38883e45)
12-15 19:39:57.340 W/PackageManager(  878): Unknown permission com.google.android.gms.permission.CONTACTS_SYNC_DELEGATION in package com.google.android.syncadapters.contacts
12-15 19:39:57.340 W/PackageManager(  878): Unknown permission com.chrome.permission.DEVICE_EXTRAS in package com.android.chrome
12-15 19:39:57.340 W/PackageManager(  878): Unknown permission com.sec.enterprise.knox.MDM_CONTENT_PROVIDER in package com.android.chrome
12-15 19:39:57.340 W/PackageManager(  878): Unknown permission com.google.android.wearable.READ_SETTINGS in package com.google.android.gms
12-15 19:39:57.341 W/PackageManager(  878): Not granting permission android.permission.MANAGE_DOCUMENTS to package com.google.android.gms (protectionLevel=2 flags=0xb8483e45)
12-15 19:39:57.341 W/PackageManager(  878): Unknown permission com.android.launcher.permission.PRELOAD_WORKSPACE in package com.google.android.partnersetup
12-15 19:39:57.341 W/PackageManager(  878): Not granting permission com.google.android.googleapps.permission.GOOGLE_AUTH to package com.google.android.videos (protectionLevel=2 flags=0x38583e45)
12-15 19:39:57.341 W/PackageManager(  878): Unknown permission com.google.android.gallery3d.permission.PICASA_STORE in package com.google.android.apps.photos
12-15 19:39:57.342 W/PackageManager(  878): Not granting permission android.permission.CONTROL_KEYGUARD to package com.google.android.gsf.login (protectionLevel=2 flags=0x3048be45)
12-15 19:39:57.342 W/PackageManager(  878): Unknown permission com.android.vending.billing.IBillingAccountService.BIND2 in package com.google.android.gsf.login
12-15 19:39:57.342 I/EventHub(  878): New device: id=7, fd=100, path='/dev/input/event0', name='synaptics_rmi4_i2c', classes=0x14, configuration='/system/usr/idc/synaptics_rmi4_i2c.idc', keyLayout='', keyCharacterMap='', builtinKeyboard=false, wakeMechanism=EPOLLWAKEUP, usingClockIoctl=true
12-15 19:39:57.343 W/PackageManager(  878): Unknown permission com.android.launcher.permission.READ_SETTINGS in package com.android.settings
12-15 19:39:57.343 W/PackageManager(  878): Unknown permission com.android.launcher.permission.WRITE_SETTINGS in package com.android.settings
12-15 19:39:57.344 W/PackageManager(  878): Unknown permission com.android.permission.DCMO_SETTINGS in package com.android.omadm.service
12-15 19:39:57.344 I/UsageStatsService(  878): User[0] Rollover scheduled @ 2015-12-16 01:00:00(1450224000000)
12-15 19:39:57.344 W/PackageManager(  878): Not granting permission android.permission.REGISTER_CONNECTION_MANAGER to package com.google.android.talk (protectionLevel=18 flags=0x3849be45)
12-15 19:39:57.344 W/PackageManager(  878): Unknown permission com.android.smspush.WAPPUSH_MANAGER_BIND in package com.android.phone
12-15 19:39:57.345 W/PackageManager(  878): Unknown permission com.google.android.gallery3d.permission.GALLERY_PROVIDER in package com.android.bluetooth
12-15 19:39:57.345 W/PackageManager(  878): Unknown permission com.android.gallery3d.permission.GALLERY_PROVIDER in package com.android.bluetooth
12-15 19:39:57.345 W/PackageManager(  878): Not granting permission android.permission.BIND_WALLPAPER to package com.google.android.GoogleCamera (protectionLevel=18 flags=0x30583c45)
12-15 19:39:57.346 W/PackageManager(  878): Unknown permission com.google.android.gallery3d.permission.GALLERY_PROVIDER in package com.google.android.GoogleCamera
12-15 19:39:57.348 I/InputReader(  878): Device added: id=-1, name='Virtual', sources=0x00000301
12-15 19:39:57.349 I/SystemServiceManager(  878): Starting com.android.server.DeviceIdleController
12-15 19:39:57.350 I/InputReader(  878):   Touch device 'synaptics_rmi4_i2c' could not query the properties of its associated display.  The device will be inoperable until the display size becomes available.
12-15 19:39:57.350 I/InputReader(  878): Device added: id=7, name='synaptics_rmi4_i2c', sources=0x00001002
12-15 19:39:57.350 I/InputReader(  878): Device added: id=6, name='gpio-keys', sources=0x00000101
12-15 19:39:57.350 I/InputReader(  878): Device added: id=4, name='qpnp_pon', sources=0x00000101
12-15 19:39:57.350 I/InputReader(  878): Device added: id=3, name='msm8994-tomtom-snd-card Button Jack', sources=0x00000101
12-15 19:39:57.351 I/InputReader(  878): Device added: id=2, name='msm8994-tomtom-snd-card Headset Jack', sources=0x80000000
12-15 19:39:57.351 I/InputReader(  878): Device added: id=1, name='uinput-folio', sources=0x80000000
12-15 19:39:57.351 I/InputReader(  878): Reconfiguring input devices.  changes=0x00000004
12-15 19:39:57.352 I/InputReader(  878): Device reconfigured: id=7, name='synaptics_rmi4_i2c', size 1080x1920, orientation 0, mode 1, display id 0
12-15 19:39:57.352 I/ActivityManager(  878): Config changes=8 {1.0 ?mcc?mnc de_DE ldltr sw411dp w411dp h659dp 420dpi nrml port finger -keyb/v/h -nav/h s.5}
12-15 19:39:57.369 W/Atfwd_Sendcmd(  510): AtCmdFwd service not published, waiting... retryCnt : 1
12-15 19:39:57.385 E/audio_route(  488): Control 'MultiMedia4 Mixer MI2S_TX' doesn't exist - skipping
12-15 19:39:57.385 E/audio_route(  488): Control 'MultiMedia7 Mixer MI2S_TX' doesn't exist - skipping
12-15 19:39:57.385 E/audio_route(  488): Control 'MultiMedia10 Mixer MI2S_TX' doesn't exist - skipping
12-15 19:39:57.385 E/audio_route(  488): Control 'MultiMedia11 Mixer MI2S_TX' doesn't exist - skipping
12-15 19:39:57.386 E/audio_route(  488): Control 'MultiMedia12 Mixer MI2S_TX' doesn't exist - skipping
12-15 19:39:57.386 E/audio_route(  488): Control 'MultiMedia13 Mixer MI2S_TX' doesn't exist - skipping
12-15 19:39:57.386 E/audio_route(  488): Control 'MultiMedia14 Mixer MI2S_TX' doesn't exist - skipping
12-15 19:39:57.386 E/audio_route(  488): Control 'MultiMedia15 Mixer MI2S_TX' doesn't exist - skipping
12-15 19:39:57.386 E/audio_route(  488): Control 'MultiMedia16 Mixer MI2S_TX' doesn't exist - skipping
12-15 19:39:57.388 E/audio_route(  488): Control 'RX4 DSM MUX' doesn't exist - skipping
12-15 19:39:57.388 E/audio_route(  488): Control 'RX6 DSM MUX' doesn't exist - skipping
12-15 19:39:57.390 E/audio_route(  488): Control 'AFE_PCM_RX Port Mixer PRI_MI2S_TX' doesn't exist - skipping
12-15 19:39:57.392 E/audio_route(  488): Control 'MultiMedia8 Mixer SEC_AUX_PCM_UL_TX' doesn't exist - skipping
12-15 19:39:57.392 E/audio_route(  488): Control 'MultiMedia5 Mixer SEC_AUX_PCM_UL_TX' doesn't exist - skipping
12-15 19:39:57.392 E/audio_route(  488): Control 'MultiMedia5 Mixer PRI_MI2S_TX' doesn't exist - skipping
12-15 19:39:57.399 E/audio_route(  488): Control 'HPHR DAC Switch' doesn't exist - skipping
12-15 19:39:57.404 W/MountService(  878): No primary storage defined yet; hacking together a stub
12-15 19:39:57.404 W/MountService(  878): No primary storage defined yet; hacking together a stub
12-15 19:39:57.405 W/MountService(  878): No primary storage mounted!
12-15 19:39:57.405 D/VoldConnector(  878): SND -> {2 asec list}
12-15 19:39:57.405 D/VoldConnector(  878): RCV <- {200 2 asec operation succeeded}
12-15 19:39:57.408 I/SystemServiceManager(  878): Starting com.android.server.devicepolicy.DevicePolicyManagerService$Lifecycle
12-15 19:39:57.408 D/msm8974_platform(  488): platform_init: Opened sound card:0
12-15 19:39:57.411 I/SystemServer(  878): Status Bar
12-15 19:39:57.414 I/SystemServer(  878): Clipboard Service
12-15 19:39:57.415 I/SystemServer(  878): NetworkManagement Service
12-15 19:39:57.419 I/SystemServer(  878): Text Service Manager Service
12-15 19:39:57.422 I/SystemServer(  878): Network Score Service
12-15 19:39:57.423 I/SystemServer(  878): NetworkStats Service
12-15 19:39:57.427 I/SystemServer(  878): NetworkPolicy Service
12-15 19:39:57.433 I/SystemServiceManager(  878): Starting com.android.server.wifi.p2p.WifiP2pService
12-15 19:39:57.437 E/Diag_Lib(  488):  Diag_LSM_Init: Failed to open handle to diag driver, error = 13
12-15 19:39:57.437 E/        (  488): actp_diag_init: Diag init failed
12-15 19:39:57.437 E/Diag_Lib(  488):  diagpkt_tbl_reg: Registration failed.
12-15 19:39:57.437 E/MCS-RT-CTL(  488): Can't open the configuration file /system/etc/aanc_tuning_mixer.txt.
12-15 19:39:57.437 E/ACDB-MCS(  488): acdb_mcs_init: MCS routing control initialization failed.
12-15 19:39:57.441 I/ACDB-LOADER(  488): get_afe_custom_topology: ACDB get afe custom topologies returned = -18
12-15 19:39:57.441 I/ACDB-LOADER(  488): get_lsm_custom_topology: ACDB get lsm custom topologies returned = -18
12-15 19:39:57.441 I/ACDB-LOADER(  488): send_meta_info: Empty metainfo
12-15 19:39:57.441 D/audio_hw_spkr_prot(  488): audio_extn_spkr_prot_init: Initialize speaker protection module
12-15 19:39:57.445 I/Thermal-Lib(  488): Thermal-Lib-Client: Registraion successful for spkr with handle:1
12-15 19:39:57.445 D/audio_hw_spkr_prot(  488): audio_extn_spkr_prot_init: spkr_prot thermal_client_register_callback success
12-15 19:39:57.445 D/audio_hw_spkr_prot(  488): audio_extn_spkr_prot_init: Create calibration thread
12-15 19:39:57.445 D/hardware_cal(  488): hw_util_open: Opening device /dev/snd/hwC0D1000
12-15 19:39:57.445 D/audio_hw_spkr_prot(  488): spkr_prot_thread enable prot Entry
12-15 19:39:57.446 D/hardware_cal(  488): hw_util_open: success
12-15 19:39:57.446 D/audio_hw_spkr_prot(  488): set_spkr_prot_cal: quick calibration disabled
12-15 19:39:57.446 D/hardware_cal(  488): send_codec_cal cal sent for anc_cal
12-15 19:39:57.446 E/ACDB-LOADER(  488): ACDB -> send_codec_cal
12-15 19:39:57.446 I/ThermalEngine(  497): Thermal-Server: Adding thermal event listener on fd 59
12-15 19:39:57.446 E/ACDB-LOADER(  488): ACDB -> ACDB_CMD_GET_CODEC_CAL_DATA
12-15 19:39:57.446 D/hardware_cal(  488): send_codec_cal cal sent for mad_cal
12-15 19:39:57.446 D/hardware_cal(  488): send_codec_cal cal sent for mbhc_cal
12-15 19:39:57.446 D/audio_hw_spkr_prot(  488): spkr_calibration_thread: wait for callback from thermal daemon
12-15 19:39:57.446 I/Thermal-Lib(  488): Thermal-Lib-Client: Client received msg camera 0
12-15 19:39:57.446 E/Thermal-Lib(  488): Thermal-Lib-Client: No Callback registered for camera
12-15 19:39:57.446 I/Thermal-Lib(  488): Thermal-Lib-Client: Client received msg camcorder 0
12-15 19:39:57.446 E/Thermal-Lib(  488): Thermal-Lib-Client: No Callback registered for camcorder
12-15 19:39:57.446 I/ThermalEngine(  497): Thermal-Server: Thermal received msg from  spkr
12-15 19:39:57.446 E/ThermalEngine(  497): Thermal-Server: No clients are connected for spkr
12-15 19:39:57.447 I/Thermal-Lib(  488): Thermal-Lib-Client: Client request sent
12-15 19:39:57.447 E/ext_speaker(  488): open_speaker_bundle: DLOPEN failed for /system/lib/soundfx/libspeakerbundle.so
12-15 19:39:57.447 I/soundtrigger(  488): audio_extn_sound_trigger_init: Enter
12-15 19:39:57.449 I/soundtrigger(  488): audio_extn_sound_trigger_init: DLOPEN successful for /system/vendor/lib/hw/sound_trigger.primary.msm8992.so
12-15 19:39:57.454 D/audio_hw_extn(  488): audio_extn_perf_lock_init: Perf lock handles Success
12-15 19:39:57.454 I/AudioFlinger(  488): loadHwModule() Loaded primary audio interface from QCOM Audio HAL (audio) handle 1
12-15 19:39:57.455 I/AudioFlinger(  488): openOutput(), module 1 Device 2, SamplingRate 48000, Format 0x000001, Channels 3, flags 6
12-15 19:39:57.455 I/AudioFlinger(  488): AudioStreamOut::open(), mHalFormatIsLinearPcm = 1
12-15 19:39:57.455 I/AudioFlinger(  488): HAL output buffer size 192 frames, normal sink buffer size 1152 frames
12-15 19:39:57.461 I/WifiP2pService(  878): Registering wifip2p
12-15 19:39:57.462 I/SystemServiceManager(  878): Starting com.android.server.wifi.WifiService
12-15 19:39:57.469 D/volume_listener(  488): init_once Called 
12-15 19:39:57.469 I/BufferProvider(  488): found effect "Downmixer" from Fraunhofer IIS
12-15 19:39:57.469 E/MonoPipe(  488): Failed to fetch local time frequency when constructing a MonoPipe (res = -32).  getNextWriteTimestamp calls will be non-functional
12-15 19:39:57.470 I/AudioFlinger(  488): Using module 1 has the primary audio interface
12-15 19:39:57.470 I/AudioFlinger(  488): AudioFlinger's thread 0xf3d40000 ready to run
12-15 19:39:57.470 D/audio_hw_primary(  488): out_set_parameters: enter: usecase(1: low-latency-playback) kvpairs: routing=2
12-15 19:39:57.470 E/AudioFlinger(  488): no wake lock to update!
12-15 19:39:57.471 I/AudioFlinger(  488): openOutput(), module 1 Device 2, SamplingRate 48000, Format 0x000001, Channels 3, flags 104
12-15 19:39:57.471 I/AudioFlinger(  488): AudioStreamOut::open(), mHalFormatIsLinearPcm = 1
12-15 19:39:57.471 I/AudioFlinger(  488): HAL output buffer size 192 frames, normal sink buffer size 1152 frames
12-15 19:39:57.471 I/AudioFlinger(  488): AudioFlinger's thread 0xf39c0000 ready to run
12-15 19:39:57.472 D/audio_hw_primary(  488): out_set_parameters: enter: usecase(5: audio-ull-playback) kvpairs: routing=2
12-15 19:39:57.472 E/AudioFlinger(  488): no wake lock to update!
12-15 19:39:57.472 I/AudioFlinger(  488): openOutput(), module 1 Device 2, SamplingRate 48000, Format 0x000001, Channels 3, flags 8
12-15 19:39:57.473 I/AudioFlinger(  488): AudioStreamOut::open(), mHalFormatIsLinearPcm = 1
12-15 19:39:57.473 I/AudioFlinger(  488): HAL output buffer size 1920 frames, normal sink buffer size 1920 frames
12-15 19:39:57.473 I/AudioFlinger(  488): AudioFlinger's thread 0xf36c0000 ready to run
12-15 19:39:57.473 D/audio_hw_primary(  488): out_set_parameters: enter: usecase(0: deep-buffer-playback) kvpairs: routing=2
12-15 19:39:57.473 E/AudioFlinger(  488): no wake lock to update!
12-15 19:39:57.474 I/AudioFlinger(  488): openOutput(), module 1 Device 10000, SamplingRate 48000, Format 0x000001, Channels 3, flags 0
12-15 19:39:57.474 I/AudioFlinger(  488): AudioStreamOut::open(), mHalFormatIsLinearPcm = 1
12-15 19:39:57.474 I/AudioFlinger(  488): HAL output buffer size 768 frames, normal sink buffer size 1152 frames
12-15 19:39:57.474 I/AudioFlinger(  488): AudioFlinger's thread 0xf3540000 ready to run
12-15 19:39:57.474 D/audio_hw_primary(  488): out_set_parameters: enter: usecase(20: afe-proxy-playback) kvpairs: routing=65536
12-15 19:39:57.475 E/AudioFlinger(  488): no wake lock to update!
12-15 19:39:57.475 I/AudioFlinger(  488): openOutput(), module 1 Device 2, SamplingRate 48000, Format 0x000001, Channels 3, flags 80
12-15 19:39:57.475 I/AudioFlinger(  488): AudioStreamOut::open(), mHalFormatIsLinearPcm = 1
12-15 19:39:57.475 I/AudioFlinger(  488): HAL output buffer size 1920 frames, normal sink buffer size 1920 frames
12-15 19:39:57.476 I/AudioFlinger(  488): AudioFlinger's thread 0xf3240000 ready to run
12-15 19:39:57.476 D/audio_hw_primary(  488): out_set_parameters: enter: usecase(4: audio-tts-playback) kvpairs: routing=2
12-15 19:39:57.476 E/AudioFlinger(  488): no wake lock to update!
12-15 19:39:57.477 I/AudioFlinger(  488): AudioFlinger's thread 0xf3080000 ready to run
12-15 19:39:57.478 I/AudioFlinger(  488): AudioFlinger's thread 0xf3080000 ready to run
12-15 19:39:57.480 I/bt_a2dp_hw(  488): adev_open:  adev_open in A2dp_hw module
12-15 19:39:57.480 I/AudioFlinger(  488): loadHwModule() Loaded a2dp audio interface from A2DP Audio HW HAL (audio) handle 14
12-15 19:39:57.482 I/AudioFlinger(  488): loadHwModule() Loaded usb audio interface from USB audio HW HAL (audio) handle 15
12-15 19:39:57.484 I/r_submix(  488): adev_open(name=audio_hw_if)
12-15 19:39:57.484 I/r_submix(  488): adev_init_check()
12-15 19:39:57.484 I/AudioFlinger(  488): loadHwModule() Loaded r_submix audio interface from Wifi Display audio HAL (audio) handle 16
12-15 19:39:57.484 D/r_submix(  488): adev_open_input_stream(addr=0)
12-15 19:39:57.484 D/r_submix(  488): submix_audio_device_create_pipe_l(addr=0, idx=9)
12-15 19:39:57.484 D/r_submix(  488):   now using address 0 for route 9
12-15 19:39:57.484 I/AudioFlinger(  488): AudioFlinger's thread 0xf3080000 ready to run
12-15 19:39:57.484 D/r_submix(  488): adev_close_input_stream()
12-15 19:39:57.484 D/r_submix(  488): submix_audio_device_release_pipe_l(idx=9) addr=0
12-15 19:39:57.484 D/r_submix(  488): submix_audio_device_destroy_pipe_l(): pipe destroyed
12-15 19:39:57.485 D/sound_trigger_hw(  488): stdev_open: Enter
12-15 19:39:57.486 I/sound_trigger_platform(  488): platform_stdev_init: Enter
12-15 19:39:57.524 D/HS20    (  878): Passpoint is enabled
12-15 19:39:57.530 D/WifiStateMachine(  878): initializing with and will revert to 00 on MCC loss
12-15 19:39:57.534 D/WifiController(  878): isAirplaneModeOn = false, isWifiEnabled = true, isScanningAvailable = true
12-15 19:39:57.535 I/WifiService(  878): Registering wifi
12-15 19:39:57.536 I/SystemServiceManager(  878): Starting com.android.server.wifi.WifiScanningService
12-15 19:39:57.536 I/WifiScanningService(  878): Creating wifiscanner
12-15 19:39:57.536 I/WifiScanningService(  878): Starting wifiscanner
12-15 19:39:57.537 I/SystemServiceManager(  878): Starting com.android.server.wifi.RttService
12-15 19:39:57.537 I/RttService(  878): Creating rttmanager
12-15 19:39:57.537 I/RttService(  878): Starting rttmanager
12-15 19:39:57.538 I/SystemServiceManager(  878): Starting com.android.server.ethernet.EthernetService
12-15 19:39:57.539 I/EthernetServiceImpl(  878): Creating EthernetConfigStore
12-15 19:39:57.541 E/IpConfigStore(  878): Error parsing configuration: java.io.FileNotFoundException: /data/misc/ethernet/ipconfig.txt: open failed: ENOENT (No such file or directory)
12-15 19:39:57.541 W/EthernetConfigStore(  878): No Ethernet configuration found. Using default.
12-15 19:39:57.542 I/EthernetServiceImpl(  878): Read stored IP configuration: IP assignment: DHCP
12-15 19:39:57.542 I/EthernetServiceImpl(  878): Proxy settings: NONE
12-15 19:39:57.542 I/EthernetService(  878): Registering service ethernet
12-15 19:39:57.542 I/SystemServer(  878): Connectivity Service
12-15 19:39:57.544 D/ConnectivityService(  878): ConnectivityService starting up
12-15 19:39:57.547 D/ConnectivityService(  878): wifiOnly=false
12-15 19:39:57.553 I/SystemServer(  878): Network Service Discovery Service
12-15 19:39:57.555 D/NsdService(  878): Network service discovery enabled true
12-15 19:39:57.556 I/SystemServer(  878): UpdateLock Service
12-15 19:39:57.558 I/SystemServiceManager(  878): Starting com.android.server.notification.NotificationManagerService
12-15 19:39:57.570 I/SystemServiceManager(  878): Starting com.android.server.storage.DeviceStorageMonitorService
12-15 19:39:57.571 I/sound_trigger_platform(  488): platform_stdev_init: acdb_init: msm8994-tomtom-snd-card
12-15 19:39:57.571 D/sound_trigger_platform(  488): platform_stdev_init Opening device /dev/snd/hwC0D1000
12-15 19:39:57.572 W/sound_trigger_platform(  488): platform_stdev_init: dlopen failed for libsmwrapper.so
12-15 19:39:57.572 I/SystemServer(  878): Location Manager
12-15 19:39:57.573 I/sound_trigger_hw(  488): stdev_get_properties
12-15 19:39:57.573 I/SoundTriggerHwService(  488): loaded default module Sound Trigger HAL, handle 1
12-15 19:39:57.574 I/RadioService(  488): RadioService
12-15 19:39:57.574 I/RadioService(  488): onFirstRef
12-15 19:39:57.574 E/RadioService(  488): couldn't load radio module radio.primary (No such file or directory)
12-15 19:39:57.574 I/SystemServer(  878): Country Detector
12-15 19:39:57.575 I/SystemServer(  878): Search Service
12-15 19:39:57.576 I/SystemServer(  878): DropBox Service
12-15 19:39:57.577 I/SystemServer(  878): Wallpaper Service
12-15 19:39:57.581 I/SystemServer(  878): Audio Service
12-15 19:39:57.586 W/TelecomManager(  878): Telecom Service not found.
12-15 19:39:57.587 D/PermissionCache(  488): checking android.permission.MODIFY_AUDIO_SETTINGS for uid=1000 => granted (566 us)
12-15 19:39:57.588 D/PermissionCache(  488): checking android.permission.MODIFY_AUDIO_SETTINGS for uid=1000 => granted (1322 us)
12-15 19:39:57.588 D/audio_hw_primary(  488): adev_set_mic_mute: state 0
12-15 19:39:57.611 I/SystemServiceManager(  878): Starting com.android.server.DockObserver
12-15 19:39:57.612 W/DockObserver(  878): This kernel does not have dock station support
12-15 19:39:57.613 I/SystemServer(  878): Wired Accessory Manager
12-15 19:39:57.614 W/WiredAccessoryManager(  878): This kernel does not have usb audio support
12-15 19:39:57.615 W/WiredAccessoryManager(  878): This kernel does not have HDMI audio support
12-15 19:39:57.615 I/SystemServiceManager(  878): Starting com.android.server.midi.MidiService$Lifecycle
12-15 19:39:57.620 I/SystemServiceManager(  878): Starting com.android.server.usb.UsbService$Lifecycle
12-15 19:39:57.629 I/SystemServer(  878): Serial Service
12-15 19:39:57.630 I/SystemServiceManager(  878): Starting com.android.server.twilight.TwilightService
12-15 19:39:57.631 I/SystemServiceManager(  878): Starting com.android.server.job.JobSchedulerService
12-15 19:39:57.635 I/SystemServiceManager(  878): Starting com.android.server.backup.BackupManagerService$Lifecycle
12-15 19:39:57.637 I/SystemServiceManager(  878): Starting com.android.server.appwidget.AppWidgetService
12-15 19:39:57.639 I/SystemServiceManager(  878): Starting com.android.server.voiceinteraction.VoiceInteractionManagerService
12-15 19:39:57.640 D/PermissionCache(  488): checking android.permission.CAPTURE_AUDIO_HOTWORD for uid=1000 => granted (126 us)
12-15 19:39:57.642 I/SystemServer(  878): Gesture Launcher Service
12-15 19:39:57.642 I/SystemServiceManager(  878): Starting com.android.server.GestureLauncherService
12-15 19:39:57.642 I/SystemServer(  878): DiskStats Service
12-15 19:39:57.643 I/SystemServer(  878): SamplingProfiler Service
12-15 19:39:57.648 I/SystemServer(  878): NetworkTimeUpdateService
12-15 19:39:57.648 I/SystemServer(  878): CommonTimeManagementService
12-15 19:39:57.649 I/SystemServer(  878): CertBlacklister
12-15 19:39:57.650 I/SystemServiceManager(  878): Starting com.android.server.dreams.DreamManagerService
12-15 19:39:57.651 I/SystemServer(  878): Assets Atlas Service
12-15 19:39:57.657 I/SystemServiceManager(  878): Starting com.android.server.print.PrintManagerService
12-15 19:39:57.658 I/SystemServiceManager(  878): Starting com.android.server.restrictions.RestrictionsManagerService
12-15 19:39:57.659 D/AssetAtlas(  878): Loaded configuration: SliceMinArea (1600x2048) flags=0x2 count=360
12-15 19:39:57.659 I/SystemServiceManager(  878): Starting com.android.server.media.MediaSessionService
12-15 19:39:57.661 I/SystemServer(  878): Media Router Service
12-15 19:39:57.662 I/SystemServiceManager(  878): Starting com.android.server.trust.TrustManagerService
